110000011101000100100001000010010011010000000100001110000001100000000000000000000000000000000000000000001101100000000000000000000000000010100000000000000000000000000001111101000000010000000000000000010110110000000100000000000000000000000100000000000110000000000000000000000000000000000000000000000000010000111000000110000000000001001100001011000000000000000000010011000010110000000000000000000000000000000000000000000000000000000000000000000000000000000000000001000000010000000100000001000000010000000100000001000000010000000100000001000000010000000100000001000000010000000100000001000000010000000100000001000000010000000100000001000000010000000100000001000000010000000100000001000000010000000100000001000000010000000100000001000000010000000100000001000000010000000100000001000000010000000100000001000000010000000100000001000000010000000100000001000000010000000100000001000000010000000100000001000000010000000100000001000000010000000100000001000000010000000100000001000000010000000100000001000000010000000100000001000000010000000100000001000000010000000100000001000000010000000100000001000000010000000100000001000000010000000100000001000000010000000100000001000000010000000100000001000000010000000100000001000000010000000100000001000000010000000100000001000000010000000100000001000000010000000100000001000000010000000100000001000000010000000100000001000000010000000100000001000000010000000100000001000000010000000100000001000000010000000100000001000000010000000100000001000000010000000100000001000000010000000100000001000000010000000100000001000000010000000100000001000000010000000100000001000000010000000100000001000000010000000100000001000000010000000100000001000000010000000100000001000000010000000100000001000000010000000100000001000000010000000100000001000000010000000100000001000000010000000100000001000000010000000100000001000000010000000100000001000000010000000100000001000000010000000100000001000000010000000100000001000000010000000100000001000000010000000100000001000000010000000100000001000000010000000100000001000000010000000100000001000000010000000100000001000000010000000100000001000000010000000100000001000000010000000100000001000000010000000100000001000000010000000100000001000000010000000100000001000000010000000100000001000000010000000100000001000000010000000100000001000000010000000100000001000000010000000100000001000000010000000100000001000000010000000100000001000000010000000100000001000000010000000100000001000000010000000100000001000000010000000100000001000000010000000100000001000000010000000100000001000000010000000100000001000000010000000100000001000000010000000100000001000000010000000100000001000000010000000100000001000000010000000100000001000000010000000100000001000000010000000100000001000000010000000100000001000000010000000100000001000000010000000100000001000000010000000100000001000000010000000100000001000000010000000100000001000000010000000100000001000000010000000100000001000000010000000100000001000000010000000100000001000000010000000100000001000000010000000100000001000000010000000100000001000000010000000100000001000000010000000100000001000000010000000100000001000000010000000100000001000000010000000100000001000000010000000100000001000000010000000100000001000000010000000100000001000000010000000100000001000000010000000100000001000000010000000100000001000000010000000100000001000000010000000100000001000000010000000100000001000000010000000100000001000000010000000100000001000000010000000100000001000000010000000100000001000000010000000100000001000000010000000100000001000000010000000100000001000000010000000100000001000000010000000100000001000000010000000100000001000000010000000100000001000000010000000100000001000000010000000100000001000000010000000100000001000000010000000100000001000000010000000100000001000000010000000100000001000000010000000100000001000000010000000100000001000000010000000100000001000000010000000100000001000000010000000100000001000000010000000100000001000000010000000100000001000000010000000100000001000000010000000100000001000000010000000100000001000000010000000100000001000000010000000100000001000000010000000100000001000000010000000100000001000000010000000100000001000000010000000100000001000000010000000100000001000000010000000100000001000000010000000100000001000000010000000100000001000000010000000100000001000000010000000100000001000000010000000100000001000000010000000100000001000000010000000100000001000000010000000100000001000000010000000100000001000000010000000100000001000000010000000100000001000000010000000100000001000000010000000100000001000000010000000100000001000000010000000100000001000000010000000100000001000000010000000100000001000000010000000100000001000000010000000100000001000000010000000100000001000000010000000100000001000000010000000100000001000000010000000100000001000000010000000100000001000000010000000100000001000000010000000100000001000000010000000100000001000000010000000100000001000000010000000100000001000000010000000100000001000000010000000100000001000000010000000100000001000000010000000100000001000000010000000100000001000000010000000100000001000000010000000100000001000000010000000100000001000000010000000100000001000000010000000100000001000000010000000100000001000000010000000100000001000000010000000100000001000000010000000100000001000000010000000100000001000000010000000100000001000000010000000100000001000000010000000100000001000000010000000100000001000000010000000100000001000000010000000100000001000000010000000100000001000000010000000100000001000000010000000100000001000000010000000100000001000000010000000100000001000000010000000100000001000000010000000100000001000000010000000100000001000000010000000100000001000000010000000100000001000000010000000100000001000000010000000100000001000000010000000100000001000000010000000100000001000000010000000100000001000000010000000100000001000000010000000100000001000000010000000100000001000000010000000100000001000000010000000100000001000000010000000100000001000000010000000100000001000000010000000100000001000000010000000100000001000000010000000100000001000000010000000100000001000000010000000100000001000000010000000100000001000000010000000100000001000000010000000100000001000000010000000100000001000000010000000100000001000000010000000100000001000000010000000100000001000000010000000100000001000000010000000100000001000000010000000100000001000000010000000100000001000000010000000100000001000000010000000100000001000000010000000100000001000000010000000100000001000000010000000100000001000000010000000100000001000000010000000100000001000000010000000100000001000000010000000100000001000000010000000100000001000000010000000100000001000000010000000100000001000000010000000100000001000000010000000100000001000000010000000100000001000000010000000100000001000000010000000100000001000000010000000100000001000000010000000100000001000000010000000100000001000000010000000100000001000000010000000100000001000000010000000100000001000000010000000100000001000000010000000100000001000000010000000100000001000000010000000100000001000000010000000100000001000000010000000100000001000000010000000100000001000000010000000100000001000000010000000100000001000000010000000100000001000000010000000100000001000000010000000100000001000000010000000100000001000000010000000100000001000000010000000100000001000000010000000100000001000000010000000100000001000000010000000100000001000000010000000100000001000000010000000100000001000000010000000100000001000000010000000100000001000000010000000100000001000000010000000100000001000000010000000100000001000000010000000100000001000000010000000100000001000000010000000100000001000000010000000100000001000000010000000100000001000000010000000100000001000000010000000100000001000000010000000100000001000000010000000100000001000000010000000100000001000000010000000100000001000000010000000100000001000000010000000100000001000000010000000100000001000000010000000100000001000000010000000100000001000000010000000100000001000000010000000100000001000000010000000100000001000000010000000100000001000000010000000100000001000000010000000100000001000000010000000100000001000000010000000100000001000000010000000100000001000000010000000100000001000000010000000100000001000000010000000100000001000000010000000100000001000000010000000100000001000000010000000100000001000000010000000100000001000000010000000100000001000000010000000100000001000000010000000100000001000000010000000100000001000000010000000100000001000000010000000100000001000000010000000100000001000000010000000100000001000000010000000100000001000000010000000100000001000000010000000100000001000000010000000100000001000000010000000100000001000000010000000100000001000000010000000100000001000000010000000100000001000000010000000100000001000000010000000100000001000000010000000100000001000000010000000100000001000000010000000100000001000000010000000100000001000000010000000100000001000000010000000100000001000000010000000100000001000000010000000100000001000000010000000100000001000000010000000100000001000000010000000100000001000000010000000100000001000000010000000100000001000000010000000100000001000000010000000100000001000000010000000100000001000000010000000100000001000000010000000100000001000000010000000100000001000000010000000100000001000000010000000100000001000000010000000100000001000000010000000100000001000000010000000100000001000000010000000100000001000000010000000100000001000000010000000100000001000000010000000100000001000000010000000100000001000000010000000100000001000000010000000100000001000000010000000100000001000000010000000100000001000000010000000100000001000000010000000100000001000000010000000100000001000000010000000100000001000000010000000100000001000000010000000100000000000000010000000100000001000000010000000100000001000000010000000100000001000000010000000100000001000000010000000100000001000000010000000100000001000000010000000100000001000000010000000100000001000000010000000100000001000000010000000100000001000000010000000100000001000000010000000100000001000000010000000100000001000000010000000100000001000000010000000100000001000000010000000100000001000000010000000100000001000000010000000100000001000000010000000100000001000000010000000100000001000000010000000100000001000000010000000100000001000000010000000100000001000000010000000100000001000000010000000100000001000000010000000100000001000000010000000100000001000000010000000100000001000000010000000100000001000000010000000100000001000000010000000100000001000000010000000100000001000000010000000100000001000000010000000100000001000000010000000100000001000000010000000100000001000000010000000100000001000000010000000100000001000000010000000100000001000000010000000100000001000000010000000100000001000000010000000100000001000000010000000100000001000000010000000100000001000000010000000100000001000000010000000100000001000000010000000100000001000000010000000100000001000000010000000100000001000000010000000100000001000000010000000100000001000000010000000100000001000000010000000100000001000000010000000100000001000000010000000100000001000000010000000100000001000000010000000100000001000000010000000100000001000000010000000100000001000000010000000100000001000000010000000100000001000000010000000100000001000000010000000100000001000000010000000100000001000000010000000100000001000000010000000100000001000000010000000100000001000000010000000100000001000000010000000100000001000000010000000100000001000000010000000100000001000000010000000100000001000000010000000100000001000000010000000100000001000000010000000100000001000000010000000100000001000000010000000100000001000000010000000100000001000000010000000100000001000000010000000100000001000000010000000100000001000000010000000100000001000000010000000100000001000000010000000100000001000000010000000100000001000000010000000100000001000000010000000100000001000000010000000100000001000000010000000100000001000000010000000100000001000000010000000100000001000000010000000100000001000000010000000100000001000000010000000100000001000000010000000100000001000000010000000100000001000000010000000100000001000000010000000100000001000000010000000100000001000000010000000100000001000000010000000100000001000000010000000100000001000000010000000100000001000000010000000100000001000000010000000100000001000000010000000100000001000000010000000100000001000000010000000100000001000000010000000100000001000000010000000100000001000000010000000100000001000000010000000100000001000000010000000100000001000000010000000100000001000000010000000100000001000000010000000100000001000000010000000100000001000000010000000100000001000000010000000100000001000000010000000100000001000000010000000100000001000000010000000100000001000000010000000100000001000000010000000100000001000000010000000100000001000000010000000100000001000000010000000100000001000000010000000100000001000000010000000100000001000000010000000100000001000000010000000100000001000000010000000100000001000000010000000100000001000000010000000100000001000000010000000100000001000000010000000100000001000000010000000100000001000000010000000100000001000000010000000100000001000000010000000100000001000000010000000100000001000000010000000100000001000000010000000100000001000000010000000100000001000000010000000100000001000000010000000100000001000000010000000100000001000000010000000100000001000000010000000100000001000000010000000100000001000000010000000100000001000000010000000100000001000000010000000100000001000000010000000100000001000000010000000100000001000000010000000100000001000000010000000100000001000000010000000100000001000000010000000100000001000000010000000100000001000000010000000100000001000000010000000100000001000000010000000100000001000000010000000100000001000000010000000100000001000000010000000100000001000000010000000100000001000000010000000100000001000000010000000100000001000000010000000100000001000000010000000100000001000000010000000100000001000000010000000100000001000000010000000100000001000000010000000100000001000000010000000100000001000000010000000100000001000000010000000100000001000000010000000100000001000000010000000100000001000000010000000100000001000000010000000100000001000000010000000100000001000000010000000100000001000000010000000100000001000000010000000100000001000000010000000100000001000000010000000100000001000000010000000100000001000000010000000100000001000000010000000100000001000000010000000100000001000000010000000100000001000000010000000100000001000000010000000100000001000000010000000100000001000000010000000100000001000000010000000100000001000000010000000100000001000000010000000100000001000000010000000100000001000000010000000100000001000000010000000100000001000000010000000100000001000000010000000100000001000000010000000100000001000000010000000100000001000000010000000100000001000000010000000100000001000000010000000100000001000000010000000100000001000000010000000100000001000000010000000100000001000000010000000100000001000000010000000100000001000000010000000100000001000000010000000100000001000000010000000100000001000000010000000100000001000000010000000100000001000000010000000100000001000000010000000100000001000000010000000100000001000000010000000100000001000000010000000100000001000000010000000100000001000000010000000100000001000000010000000100000001000000010000000100000001000000010000000100000001000000010000000100000001000000010000000100000001000000010000000100000001000000010000000100000001000000010000000100000001000000010000000100000001000000010000000100000001000000010000000100000001000000010000000100000001000000010000000100000001000000010000000100000001000000010000000100000001000000010000000100000001000000010000000100000001000000010000000100000001000000010000000100000001000000010000000100000001000000010000000100000001000000010000000100000001000000010000000100000001000000010000000100000001000000010000000100000001000000010000000100000001000000010000000100000001000000010000000100000001000000010000000100000001000000010000000100000001000000010000000100000001000000010000000100000001000000010000000100000001000000010000000100000001000000010000000100000001000000010000000100000001000000010000000100000001000000010000000100000001000000010000000100000001000000010000000100000001000000010000000100000001000000010000000100000001000000010000000100000001000000010000000100000001000000010000000100000001000000010000000100000001000000010000000100000001000000010000000100000001000000010000000100000001000000010000000100000001000000010000000100000001000000010000000100000001000000010000000100000001000000010000000100000001000000010000000100000001000000010000000100000001000000010000000100000001000000010000000100000001000000010000000100000001000000010000000100000001000000010000000100000001000000010000000100000001000000010000000100000001000000010000000100000001000000010000000100000001000000010000000100000001000000010000000100000001000000010000000100000001000000010000000100000001000000010000000100000001000000010000000100000001000000010000000100000001000000010000000100000001000000010000000100000001000000010000000100000001000000010000000100000001000000010000000100000001000000010000000100000001000000010000000100000001000000010000000100000001000000010000000100000001000000010000000100000001000000010000000100000001000000010000000100000001000000010000000100000001000000010000000100000001000000010000000100000001000000010000000100000001000000010000000100000001000000010000000100000001000000010000000100000001000000010000000100000001000000010000000100000001000000010000000100000001000000010000000100000001000000010000000100000001000000010000000100000001000000010000000100000001000000010000000100000001000000010000000100000001000000010000000100000001000000010000000100000001000000010000000100000001000000010000000100000001000000010000000100000001000000010000000100000001000000010000000100000001000000010000000100000001000000010000000100000001000000010000000100000001000000010000000100000001000000010000000100000001000000010000000100000001000000010000000100000001000000010000000100000001000000010000000100000001000000010000000100000001000000010000000100000001000000010000000100000001000000010000000100000001000000010000000100000001000000010000000100000001000000010000000100000001000000010000000100000001000000010000000100000001000000010000000100000001000000010000000100000001000000010000000100000001000000010000000100000001000000010000000100000001000000010000000100000001000000010000000100000001000000010000000100000001000000010000000100000001000000010000000100000001000000010000000100000001000000010000000100000001000000010000000100000001000000010000000100000001000000010000000100000001000000010000000100000001000000010000000100000001000000010000000100000001000000010000000100000001000000010000000100000001000000010000000100000001000000010000000100000001000000010000000100000001000000010000000100000001000000010000000100000001000000010000000100000001000000010000000100000001000000010000000100000001000000010000000100000001000000000000000100000001000000010000000100000001000000010000000100000001000000010000000100000001000000010000000100000001000000010000000100000001000000010000000100000001000000010000000100000001000000010000000100000001000000010000000100000001000000010000000100000001000000010000000100000001000000010000000100000001000000010000000100000001000000010000000100000001000000010000000100000001000000010000000100000001000000010000000100000001000000010000000100000001000000010000000100000001000000010000000100000001000000010000000100000001000000010000000100000001000000010000000100000001000000010000000100000001000000010000000100000001000000010000000100000001000000010000000100000001000000010000000100000001000000010000000100000001000000010000000100000001000000010000000100000001000000010000000100000001000000010000000100000001000000010000000100000001000000010000000100000001000000010000000100000001000000010000000100000001000000010000000100000001000000010000000100000001000000010000000100000001000000010000000100000001000000010000000100000001000000010000000100000001000000010000000100000001000000010000000100000001000000010000000100000001000000010000000100000001000000010000000100000001000000010000000100000001000000010000000100000001000000010000000100000001000000010000000100000001000000010000000100000001000000010000000100000001000000010000000100000001000000010000000100000001000000010000000100000001000000010000000100000001000000010000000100000001000000010000000100000001000000010000000100000001000000010000000100000001000000010000000100000001000000010000000100000001000000010000000100000001000000010000000100000001000000010000000100000001000000010000000100000001000000010000000100000001000000010000000100000001000000010000000100000001000000010000000100000001000000010000000100000001000000010000000100000001000000010000000100000001000000010000000100000001000000010000000100000001000000010000000100000001000000010000000100000001000000010000000100000001000000010000000100000001000000010000000100000001000000010000000100000001000000010000000100000001000000010000000100000001000000010000000100000001000000010000000100000001000000010000000100000001000000010000000100000001000000010000000100000001000000010000000100000001000000010000000100000001000000010000000100000001000000010000000100000001000000010000000100000001000000010000000100000001000000010000000100000001000000010000000100000001000000010000000100000001000000010000000100000001000000010000000100000001000000010000000100000001000000010000000100000001000000010000000100000001000000010000000100000001000000010000000100000001000000010000000100000001000000010000000100000001000000010000000100000001000000010000000100000001000000010000000100000001000000010000000100000001000000010000000100000001000000010000000100000001000000010000000100000001000000010000000100000001000000010000000100000001000000010000000100000001000000010000000100000001000000010000000100000001000000010000000100000001000000010000000100000001000000010000000100000001000000010000000100000001000000010000000100000001000000010000000100000001000000010000000100000001000000010000000100000001000000010000000100000001000000010000000100000001000000010000000100000001000000010000000100000001000000010000000100000001000000010000000100000001000000010000000100000001000000010000000100000001000000010000000100000001000000010000000100000001000000010000000100000001000000010000000100000001000000010000000100000001000000010000000100000001000000010000000100000001000000010000000100000001000000010000000100000001000000010000000100000001000000010000000100000001000000010000000100000001000000010000000100000001000000010000000100000001000000010000000100000001000000010000000100000001000000010000000100000001000000010000000100000001000000010000000100000001000000010000000100000001000000010000000100000001000000010000000100000001000000010000000100000001000000010000000100000001000000010000000100000001000000010000000100000001000000010000000100000001000000010000000100000001000000010000000100000001000000010000000100000001000000010000000100000001000000010000000100000001000000010000000100000001000000010000000100000001000000010000000100000001000000010000000100000001000000010000000100000001000000010000000100000001000000010000000100000001000000010000000100000001000000010000000100000001000000010000000100000001000000010000000100000001000000010000000100000001000000010000000100000001000000010000000100000001000000010000000100000001000000010000000100000001000000010000000100000001000000010000000100000001000000010000000100000001000000010000000100000001000000010000000100000001000000010000000100000001000000010000000100000001000000010000000100000001000000010000000100000001000000010000000100000001000000010000000100000001000000010000000100000001000000010000000100000001000000010000000100000001000000010000000100000001000000010000000100000001000000010000000100000001000000010000000100000001000000010000000100000001000000010000000100000001000000010000000100000001000000010000000100000001000000010000000100000001000000010000000100000001000000010000000100000001000000010000000100000001000000010000000100000001000000010000000100000001000000010000000100000001000000010000000100000001000000010000000100000001000000010000000100000001000000010000000100000001000000010000000100000001000000010000000100000001000000010000000100000001000000010000000100000001000000010000000100000001000000010000000100000001000000010000000100000001000000010000000100000001000000010000000100000001000000010000000100000001000000010000000100000001000000010000000100000001000000010000000100000001000000010000000100000001000000010000000100000001000000010000000100000001000000010000000100000001000000010000000100000001000000010000000100000001000000010000000100000001000000010000000100000001000000010000000100000001000000010000000100000001000000010000000100000001000000010000000100000001000000010000000100000001000000010000000100000001000000010000000100000001000000010000000100000001000000010000000100000001000000010000000100000001000000010000000100000001000000010000000100000001000000010000000100000001000000010000000100000001000000010000000100000001000000010000000100000001000000010000000100000001000000010000000100000001000000010000000100000001000000010000000100000001000000010000000100000001000000010000000100000001000000010000000100000001000000010000000100000001000000010000000100000001000000010000000100000001000000010000000100000001000000010000000100000001000000010000000100000001000000010000000100000001000000010000000100000001000000010000000100000001000000010000000100000001000000010000000100000001000000010000000100000001000000010000000100000001000000010000000100000001000000010000000100000001000000010000000100000001000000010000000100000001000000010000000100000001000000010000000100000001000000010000000100000001000000010000000100000001000000010000000100000001000000010000000100000001000000010000000100000001000000010000000100000001000000010000000100000001000000010000000100000001000000010000000100000001000000010000000100000001000000010000000100000001000000010000000100000001000000010000000100000001000000010000000100000001000000010000000100000001000000010000000100000001000000010000000100000001000000010000000100000001000000010000000100000001000000010000000100000001000000010000000100000001000000010000000100000001000000010000000100000001000000010000000100000001000000010000000100000001000000010000000100000001000000010000000100000001000000010000000100000001000000010000000100000001000000010000000100000001000000010000000100000001000000010000000100000001000000010000000100000001000000010000000100000001000000010000000100000001000000010000000100000001000000010000000100000001000000010000000100000001000000010000000100000001000000010000000100000001000000010000000100000001000000010000000100000001000000010000000100000001000000010000000100000001000000010000000100000001000000010000000100000001000000010000000100000001000000010000000100000001000000010000000100000001000000010000000100000001000000010000000100000001000000010000000100000001000000010000000100000001000000010000000100000001000000010000000100000001000000010000000100000001000000010000000100000001000000010000000100000001000000010000000100000001000000010000000100000001000000010000000100000001000000010000000100000001000000010000000100000001000000010000000100000001000000010000000100000001000000010000000100000001000000010000000100000001000000010000000100000001000000010000000100000001000000010000000100000001000000010000000100000001000000010000000100000001000000010000000100000001000000010000000100000001000000010000000100000001000000010000000100000001000000010000000100000001000000010000000100000001000000010000000100000001000000010000000100000001000000010000000100000001000000010000000100000001000000010000000100000001000000010000000100000001000000010000000100000001000000010000000100000001000000010000000100000001000000010000000100000001000000010000000100000001000000010000000100000001000000010000000100000001000000010000000100000001000000010000000100000001000000010000000100000001000000010000000100000001000000010000000100000001000000010000000100000001000000010000000100000001000000010000000100000001000000010000000100000001000000010000000000000001000000010000000100000001000000010000000100000001000000010000000100000001000000010000000100000001000000010000000100000001000000010000000100000001000000010000000100000001000000010000000100000001000000010000000100000001000000010000000100000001000000010000000100000001000000010000000100000001000000010000000100000001000000010000000100000001000000010000000100000001000000010000000100000001000000010000000100000001000000010000000100000001000000010000000100000001000000010000000100000001000000010000000100000001000000010000000100000001000000010000000100000001000000010000000100000001000000010000000100000001000000010000000100000001000000010000000100000001000000010000000100000001000000010000000100000001000000010000000100000001000000010000000100000001000000010000000100000001000000010000000100000001000000010000000100000001000000010000000100000001000000010000000100000001000000010000000100000001000000010000000100000001000000010000000100000001000000010000000100000001000000010000000100000001000000010000000100000001000000010000000100000001000000010000000100000001000000010000000100000001000000010000000100000001000000010000000100000001000000010000000100000001000000010000000100000001000000010000000100000001000000010000000100000001000000010000000100000001000000010000000100000001000000010000000100000001000000010000000100000001000000010000000100000001000000010000000100000001000000010000000100000001000000010000000100000001000000010000000100000001000000010000000100000001000000010000000100000001000000010000000100000001000000010000000100000001000000010000000100000001000000010000000100000001000000010000000100000001000000010000000100000001000000010000000100000001000000010000000100000001000000010000000100000001000000010000000100000001000000010000000100000001000000010000000100000001000000010000000100000001000000010000000100000001000000010000000100000001000000010000000100000001000000010000000100000001000000010000000100000001000000010000000100000001000000010000000100000001000000010000000100000001000000010000000100000001000000010000000100000001000000010000000100000001000000010000000100000001000000010000000100000001000000010000000100000001000000010000000100000001000000010000000100000001000000010000000100000001000000010000000100000001000000010000000100000001000000010000000100000001000000010000000100000001000000010000000100000001000000010000000100000001000000010000000100000001000000010000000100000001000000010000000100000001000000010000000100000001000000010000000100000001000000010000000100000001000000010000000100000001000000010000000100000001000000010000000100000001000000010000000100000001000000010000000100000001000000010000000100000001000000010000000100000001000000010000000100000001000000010000000100000001000000010000000100000001000000010000000100000001000000010000000100000001000000010000000100000001000000010000000100000001000000010000000100000001000000010000000100000001000000010000000100000001000000010000000100000001000000010000000100000001000000010000000100000001000000010000000100000001000000010000000100000001000000010000000100000001000000010000000100000001000000010000000100000001000000010000000100000001000000010000000100000001000000010000000100000001000000010000000100000001000000010000000100000001000000010000000100000001000000010000000100000001000000010000000100000001000000010000000100000001000000010000000100000001000000010000000100000001000000010000000100000001000000010000000100000001000000010000000100000001000000010000000100000001000000010000000100000001000000010000000100000001000000010000000100000001000000010000000100000001000000010000000100000001000000010000000100000001000000010000000100000001000000010000000100000001000000010000000100000001000000010000000100000001000000010000000100000001000000010000000100000001000000010000000100000001000000010000000100000001000000010000000100000001000000010000000100000001000000010000000100000001000000010000000100000001000000010000000100000001000000010000000100000001000000010000000100000001000000010000000100000001000000010000000100000001000000010000000100000001000000010000000100000001000000010000000100000001000000010000000100000001000000010000000100000001000000010000000100000001000000010000000100000001000000010000000100000001000000010000000100000001000000010000000100000001000000010000000100000001000000010000000100000001000000010000000100000001000000010000000100000001000000010000000100000001000000010000000100000001000000010000000100000001000000010000000100000001000000010000000100000001000000010000000100000001000000010000000100000001000000010000000100000001000000010000000100000001000000010000000100000001000000010000000100000001000000010000000100000001000000010000000100000001000000010000000100000001000000010000000100000001000000010000000100000001000000010000000100000001000000010000000100000001000000010000000100000001000000010000000100000001000000010000000100000001000000010000000100000001000000010000000100000001000000010000000100000001000000010000000100000001000000010000000100000001000000010000000100000001000000010000000100000001000000010000000100000001000000010000000100000001000000010000000100000001000000010000000100000001000000010000000100000001000000010000000100000001000000010000000100000001000000010000000100000001000000010000000100000001000000010000000100000001000000010000000100000001000000010000000100000001000000010000000100000001000000010000000100000001000000010000000100000001000000010000000100000001000000010000000100000001000000010000000100000001000000010000000100000001000000010000000100000001000000010000000100000001000000010000000100000001000000010000000100000001000000010000000100000001000000010000000100000001000000010000000100000001000000010000000100000001000000010000000100000001000000010000000100000001000000010000000100000001000000010000000100000001000000010000000100000001000000010000000100000001000000010000000100000001000000010000000100000001000000010000000100000001000000010000000100000001000000010000000100000001000000010000000100000001000000010000000100000001000000010000000100000001000000010000000100000001000000010000000100000001000000010000000100000001000000010000000100000001000000010000000100000001000000010000000100000001000000010000000100000001000000010000000100000001000000010000000100000001000000010000000100000001000000010000000100000001000000010000000100000001000000010000000100000001000000010000000100000001000000010000000100000001000000010000000100000001000000010000000100000001000000010000000100000001000000010000000100000001000000010000000100000001000000010000000100000001000000010000000100000001000000010000000100000001000000010000000100000001000000010000000100000001000000010000000100000001000000010000000100000001000000010000000100000001000000010000000100000001000000010000000100000001000000010000000100000001000000010000000100000001000000010000000100000001000000010000000100000001000000010000000100000001000000010000000100000001000000010000000100000001000000010000000100000001000000010000000100000001000000010000000100000001000000010000000100000001000000010000000100000001000000010000000100000001000000010000000100000001000000010000000100000001000000010000000100000001000000010000000100000001000000010000000100000001000000010000000100000001000000010000000100000001000000010000000100000001000000010000000100000001000000010000000100000001000000010000000100000001000000010000000100000001000000010000000100000001000000010000000100000001000000010000000100000001000000010000000100000001000000010000000100000001000000010000000100000001000000010000000100000001000000010000000100000001000000010000000100000001000000010000000100000001000000010000000100000001000000010000000100000001000000010000000100000001000000010000000100000001000000010000000100000001000000010000000100000001000000010000000100000001000000010000000100000001000000010000000100000001000000010000000100000001000000010000000100000001000000010000000100000001000000010000000100000001000000010000000100000001000000010000000100000001000000010000000100000001000000010000000100000001000000010000000100000001000000010000000100000001000000010000000100000001000000010000000100000001000000010000000100000001000000010000000100000001000000010000000100000001000000010000000100000001000000010000000100000001000000010000000100000001000000010000000100000001000000010000000100000001000000010000000100000001000000010000000100000001000000010000000100000001000000010000000100000001000000010000000100000001000000010000000100000001000000010000000100000001000000010000000100000001000000010000000100000001000000010000000100000001000000010000000100000001000000010000000100000001000000010000000100000001000000010000000100000001000000010000000100000001000000010000000100000001000000010000000100000001000000010000000100000001000000010000000100000001000000010000000100000001000000010000000100000001000000010000000100000001000000010000000100000001000000010000000100000001000000010000000100000001000000010000000100000001000000010000000100000001000000010000000100000001000000010000000100000001000000010000000100000001000000010000000100000001000000010000000100000001000000010000000100000001000000010000000100000001000000010000000100000001000000010000000100000001000000010000000100000000000000010000000100000001000000010000000100000001000000010000000100000001000000010000000100000001000000010000000100000001000000010000000100000001000000010000000100000001000000010000000100000001000000010000000100000001000000010000000100000001000000010000000100000001000000010000000100000001000000010000000100000001000000010000000100000001000000010000000100000001000000010000000100000001000000010000000100000001000000010000000100000001000000010000000100000001000000010000000100000001000000010000000100000001000000010000000100000001000000010000000100000001000000010000000100000001000000010000000100000001000000010000000100000001000000010000000100000001000000010000000100000001000000010000000100000001000000010000000100000001000000010000000100000001000000010000000100000001000000010000000100000001000000010000000100000001000000010000000100000001000000010000000100000001000000010000000100000001000000010000000100000001000000010000000100000001000000010000000100000001000000010000000100000001000000010000000100000001000000010000000100000001000000010000000100000001000000010000000100000001000000010000000100000001000000010000000100000001000000010000000100000001000000010000000100000001000000010000000100000001000000010000000100000001000000010000000100000001000000010000000100000001000000010000000100000001000000010000000100000001000000010000000100000001000000010000000100000001000000010000000100000001000000010000000100000001000000010000000100000001000000010000000100000001000000010000000100000001000000010000000100000001000000010000000100000001000000010000000100000001000000010000000100000001000000010000000100000001000000010000000100000001000000010000000100000001000000010000000100000001000000010000000100000001000000010000000100000001000000010000000100000001000000010000000100000001000000010000000100000001000000010000000100000001000000010000000100000001000000010000000100000001000000010000000100000001000000010000000100000001000000010000000100000001000000010000000100000001000000010000000100000001000000010000000100000001000000010000000100000001000000010000000100000001000000010000000100000001000000010000000100000001000000010000000100000001000000010000000100000001000000010000000100000001000000010000000100000001000000010000000100000001000000010000000100000001000000010000000100000001000000010000000100000001000000010000000100000001000000010000000100000001000000010000000100000001000000010000000100000001000000010000000100000001000000010000000100000001000000010000000100000001000000010000000100000001000000010000000100000001000000010000000100000001000000010000000100000001000000010000000100000001000000010000000100000001000000010000000100000001000000010000000100000001000000010000000100000001000000010000000100000001000000010000000100000001000000010000000100000001000000010000000100000001000000010000000100000001000000010000000100000001000000010000000100000001000000010000000100000001000000010000000100000001000000010000000100000001000000010000000100000001000000010000000100000001000000010000000100000001000000010000000100000001000000010000000100000001000000010000000100000001000000010000000100000001000000010000000100000001000000010000000100000001000000010000000100000001000000010000000100000001000000010000000100000001000000010000000100000001000000010000000100000001000000010000000100000001000000010000000100000001000000010000000100000001000000010000000100000001000000010000000100000001000000010000000100000001000000010000000100000001000000010000000100000001000000010000000100000001000000010000000100000001000000010000000100000001000000010000000100000001000000010000000100000001000000010000000100000001000000010000000100000001000000010000000100000001000000010000000100000001000000010000000100000001000000010000000100000001000000010000000100000001000000010000000100000001000000010000000100000001000000010000000100000001000000010000000100000001000000010000000100000001000000010000000100000001000000010000000100000001000000010000000100000001000000010000000100000001000000010000000100000001000000010000000100000001000000010000000100000001000000010000000100000001000000010000000100000001000000010000000100000001000000010000000100000001000000010000000100000001000000010000000100000001000000010000000100000001000000010000000100000001000000010000000100000001000000010000000100000001000000010000000100000001000000010000000100000001000000010000000100000001000000010000000100000001000000010000000100000001000000010000000100000001000000010000000100000001000000010000000100000001000000010000000100000001000000010000000100000001000000010000000100000001000000010000000100000001000000010000000100000001000000010000000100000001000000010000000100000001000000010000000100000001000000010000000100000001000000010000000100000001000000010000000100000001000000010000000100000001000000010000000100000001000000010000000100000001000000010000000100000001000000010000000100000001000000010000000100000001000000010000000100000001000000010000000100000001000000010000000100000001000000010000000100000001000000010000000100000001000000010000000100000001000000010000000100000001000000010000000100000001000000010000000100000001000000010000000100000001000000010000000100000001000000010000000100000001000000010000000100000001000000010000000100000001000000010000000100000001000000010000000100000001000000010000000100000001000000010000000100000001000000010000000100000001000000010000000100000001000000010000000100000001000000010000000100000001000000010000000100000001000000010000000100000001000000010000000100000001000000010000000100000001000000010000000100000001000000010000000100000001000000010000000100000001000000010000000100000001000000010000000100000001000000010000000100000001000000010000000100000001000000010000000100000001000000010000000100000001000000010000000100000001000000010000000100000001000000010000000100000001000000010000000100000001000000010000000100000001000000010000000100000001000000010000000100000001000000010000000100000001000000010000000100000001000000010000000100000001000000010000000100000001000000010000000100000001000000010000000100000001000000010000000100000001000000010000000100000001000000010000000100000001000000010000000100000001000000010000000100000001000000010000000100000001000000010000000100000001000000010000000100000001000000010000000100000001000000010000000100000001000000010000000100000001000000010000000100000001000000010000000100000001000000010000000100000001000000010000000100000001000000010000000100000001000000010000000100000001000000010000000100000001000000010000000100000001000000010000000100000001000000010000000100000001000000010000000100000001000000010000000100000001000000010000000100000001000000010000000100000001000000010000000100000001000000010000000100000001000000010000000100000001000000010000000100000001000000010000000100000001000000010000000100000001000000010000000100000001000000010000000100000001000000010000000100000001000000010000000100000001000000010000000100000001000000010000000100000001000000010000000100000001000000010000000100000001000000010000000100000001000000010000000100000001000000010000000100000001000000010000000100000001000000010000000100000001000000010000000100000001000000010000000100000001000000010000000100000001000000010000000100000001000000010000000100000001000000010000000100000001000000010000000100000001000000010000000100000001000000010000000100000001000000010000000100000001000000010000000100000001000000010000000100000001000000010000000100000001000000010000000100000001000000010000000100000001000000010000000100000001000000010000000100000001000000010000000100000001000000010000000100000001000000010000000100000001000000010000000100000001000000010000000100000001000000010000000100000001000000010000000100000001000000010000000100000001000000010000000100000001000000010000000100000001000000010000000100000001000000010000000100000001000000010000000100000001000000010000000100000001000000010000000100000001000000010000000100000001000000010000000100000001000000010000000100000001000000010000000100000001000000010000000100000001000000010000000100000001000000010000000100000001000000010000000100000001000000010000000100000001000000010000000100000001000000010000000100000001000000010000000100000001000000010000000100000001000000010000000100000001000000010000000100000001000000010000000100000001000000010000000100000001000000010000000100000001000000010000000100000001000000010000000100000001000000010000000100000001000000010000000100000001000000010000000100000001000000010000000100000001000000010000000100000001000000010000000100000001000000010000000100000001000000010000000100000001000000010000000100000001000000010000000100000001000000010000000100000001000000010000000100000001000000010000000100000001000000010000000100000001000000010000000100000001000000010000000100000001000000010000000100000001000000010000000100000001000000010000000100000001000000010000000100000001000000010000000100000001000000010000000100000001000000010000000100000001000000010000000100000001000000010000000100000001000000010000000100000001000000010000000100000001000000010000000100000001000000010000000100000001000000010000000100000001000000010000000100000001000000010000000100000001000000010000000100000001000000010000000100000001000000000000000100000001000000010000000100000001000000010000000100000001000000010000000100000001000000010000000100000001000000010000000100000001000000010000000100000001000000010000000100000001000000010000000100000001000000010000000100000001000000010000000100000001000000010000000100000001000000010000000100000001000000010000000100000001000000010000000100000001000000010000000100000001000000010000000100000001000000010000000100000001000000010000000100000001000000010000000100000001000000010000000100000001000000010000000100000001000000010000000100000001000000010000000100000001000000010000000100000001000000010000000100000001000000010000000100000001000000010000000100000001000000010000000100000001000000010000000100000001000000010000000100000001000000010000000100000001000000010000000100000001000000010000000100000001000000010000000100000001000000010000000100000001000000010000000100000001000000010000000100000001000000010000000100000001000000010000000100000001000000010000000100000001000000010000000100000001000000010000000100000001000000010000000100000001000000010000000100000001000000010000000100000001000000010000000100000001000000010000000100000001000000010000000100000001000000010000000100000001000000010000000100000001000000010000000100000001000000010000000100000001000000010000000100000001000000010000000100000001000000010000000100000001000000010000000100000001000000010000000100000001000000010000000100000001000000010000000100000001000000010000000100000001000000010000000100000001000000010000000100000001000000010000000100000001000000010000000100000001000000010000000100000001000000010000000100000001000000010000000100000001000000010000000100000001000000010000000100000001000000010000000100000001000000010000000100000001000000010000000100000001000000010000000100000001000000010000000100000001000000010000000100000001000000010000000100000001000000010000000100000001000000010000000100000001000000010000000100000001000000010000000100000001000000010000000100000001000000010000000100000001000000010000000100000001000000010000000100000001000000010000000100000001000000010000000100000001000000010000000100000001000000010000000100000001000000010000000100000001000000010000000100000001000000010000000100000001000000010000000100000001000000010000000100000001000000010000000100000001000000010000000100000001000000010000000100000001000000010000000100000001000000010000000100000001000000010000000100000001000000010000000100000001000000010000000100000001000000010000000100000001000000010000000100000001000000010000000100000001000000010000000100000001000000010000000100000001000000010000000100000001000000010000000100000001000000010000000100000001000000010000000100000001000000010000000100000001000000010000000100000001000000010000000100000001000000010000000100000001000000010000000100000001000000010000000100000001000000010000000100000001000000010000000100000001000000010000000100000001000000010000000100000001000000010000000100000001000000010000000100000001000000010000000100000001000000010000000100000001000000010000000100000001000000010000000100000001000000010000000100000001000000010000000100000001000000010000000100000001000000010000000100000001000000010000000100000001000000010000000100000001000000010000000100000001000000010000000100000001000000010000000100000001000000010000000100000001000000010000000100000001000000010000000100000001000000010000000100000001000000010000000100000001000000010000000100000001000000010000000100000001000000010000000100000001000000010000000100000001000000010000000100000001000000010000000100000001000000010000000100000001000000010000000100000001000000010000000100000001000000010000000100000001000000010000000100000001000000010000000100000001000000010000000100000001000000010000000100000001000000010000000100000001000000010000000100000001000000010000000100000001000000010000000100000001000000010000000100000001000000010000000100000001000000010000000100000001000000010000000100000001000000010000000100000001000000010000000100000001000000010000000100000001000000010000000100000001000000010000000100000001000000010000000100000001000000010000000100000001000000010000000100000001000000010000000100000001000000010000000100000001000000010000000100000001000000010000000100000001000000010000000100000001000000010000000100000001000000010000000100000001000000010000000100000001000000010000000100000001000000010000000100000001000000010000000100000001000000010000000100000001000000010000000100000001000000010000000100000001000000010000000100000001000000010000000100000001000000010000000100000001000000010000000100000001000000010000000100000001000000010000000100000001000000010000000100000001000000010000000100000001000000010000000100000001000000010000000100000001000000010000000100000001000000010000000100000001000000010000000100000001000000010000000100000001000000010000000100000001000000010000000100000001000000010000000100000001000000010000000100000001000000010000000100000001000000010000000100000001000000010000000100000001000000010000000100000001000000010000000100000001000000010000000100000001000000010000000100000001000000010000000100000001000000010000000100000001000000010000000100000001000000010000000100000001000000010000000100000001000000010000000100000001000000010000000100000001000000010000000100000001000000010000000100000001000000010000000100000001000000010000000100000001000000010000000100000001000000010000000100000001000000010000000100000001000000010000000100000001000000010000000100000001000000010000000100000001000000010000000100000001000000010000000100000001000000010000000100000001000000010000000100000001000000010000000100000001000000010000000100000001000000010000000100000001000000010000000100000001000000010000000100000001000000010000000100000001000000010000000100000001000000010000000100000001000000010000000100000001000000010000000100000001000000010000000100000001000000010000000100000001000000010000000100000001000000010000000100000001000000010000000100000001000000010000000100000001000000010000000100000001000000010000000100000001000000010000000100000001000000010000000100000001000000010000000100000001000000010000000100000001000000010000000100000001000000010000000100000001000000010000000100000001000000010000000100000001000000010000000100000001000000010000000100000001000000010000000100000001000000010000000100000001000000010000000100000001000000010000000100000001000000010000000100000001000000010000000100000001000000010000000100000001000000010000000100000001000000010000000100000001000000010000000100000001000000010000000100000001000000010000000100000001000000010000000100000001000000010000000100000001000000010000000100000001000000010000000100000001000000010000000100000001000000010000000100000001000000010000000100000001000000010000000100000001000000010000000100000001000000010000000100000001000000010000000100000001000000010000000100000001000000010000000100000001000000010000000100000001000000010000000100000001000000010000000100000001000000010000000100000001000000010000000100000001000000010000000100000001000000010000000100000001000000010000000100000001000000010000000100000001000000010000000100000001000000010000000100000001000000010000000100000001000000010000000100000001000000010000000100000001000000010000000100000001000000010000000100000001000000010000000100000001000000010000000100000001000000010000000100000001000000010000000100000001000000010000000100000001000000010000000100000001000000010000000100000001000000010000000100000001000000010000000100000001000000010000000100000001000000010000000100000001000000010000000100000001000000010000000100000001000000010000000100000001000000010000000100000001000000010000000100000001000000010000000100000001000000010000000100000001000000010000000100000001000000010000000100000001000000010000000100000001000000010000000100000001000000010000000100000001000000010000000100000001000000010000000100000001000000010000000100000001000000010000000100000001000000010000000100000001000000010000000100000001000000010000000100000001000000010000000100000001000000010000000100000001000000010000000100000001000000010000000100000001000000010000000100000001000000010000000100000001000000010000000100000001000000010000000100000001000000010000000100000001000000010000000100000001000000010000000100000001000000010000000100000001000000010000000100000001000000010000000100000001000000010000000100000001000000010000000100000001000000010000000100000001000000010000000100000001000000010000000100000001000000010000000100000001000000010000000100000001000000010000000100000001000000010000000100000001000000010000000100000001000000010000000100000001000000010000000100000001000000010000000100000001000000010000000100000001000000010000000100000001000000010000000100000001000000010000000100000001000000010000000100000001000000010000000100000001000000010000000100000001000000010000000100000001000000010000000100000001000000010000000100000001000000010000000100000001000000010000000100000001000000010000000100000001000000010000000100000001000000010000000100000001000000010000000100000001000000010000000100000001000000010000000100000001000000010000000100000001000000010000000100000001000000010000000100000001000000010000000100000001000000010000000100000001000000010000000100000001000000010000000000000001000000010000000100000001000000010000000100000001000000010000000100000001000000010000000100000001000000010000000100000001000000010000000100000001000000010000000100000001000000010000000100000001000000010000000100000001000000010000000100000001000000010000000100000001000000010000000100000001000000010000000100000001000000010000000100000001000000010000000100000001000000010000000100000001000000010000000100000001000000010000000100000001000000010000000100000001000000010000000100000001000000010000000100000001000000010000000100000001000000010000000100000001000000010000000100000001000000010000000100000001000000010000000100000001000000010000000100000001000000010000000100000001000000010000000100000001000000010000000100000001000000010000000100000001000000010000000100000001000000010000000100000001000000010000000100000001000000010000000100000001000000010000000100000001000000010000000100000001000000010000000100000001000000010000000100000001000000010000000100000001000000010000000100000001000000010000000100000001000000010000000100000001000000010000000100000001000000010000000100000001000000010000000100000001000000010000000100000001000000010000000100000001000000010000000100000001000000010000000100000001000000010000000100000001000000010000000100000001000000010000000100000001000000010000000100000001000000010000000100000001000000010000000100000001000000010000000100000001000000010000000100000001000000010000000100000001000000010000000100000001000000010000000100000001000000010000000100000001000000010000000100000001000000010000000100000001000000010000000100000001000000010000000100000001000000010000000100000001000000010000000100000001000000010000000100000001000000010000000100000001000000010000000100000001000000010000000100000001000000010000000100000001000000010000000100000001000000010000000100000001000000010000000100000001000000010000000100000001000000010000000100000001000000010000000100000001000000010000000100000001000000010000000100000001000000010000000100000001000000010000000100000001000000010000000100000001000000010000000100000001000000010000000100000001000000010000000100000001000000010000000100000001000000010000000100000001000000010000000100000001000000010000000100000001000000010000000100000001000000010000000100000001000000010000000100000001000000010000000100000001000000010000000100000001000000010000000100000001000000010000000100000001000000010000000100000001000000010000000100000001000000010000000100000001000000010000000100000001000000010000000100000001000000010000000100000001000000010000000100000001000000010000000100000001000000010000000100000001000000010000000100000001000000010000000100000001000000010000000100000001000000010000000100000001000000010000000100000001000000010000000100000001000000010000000100000001000000010000000100000001000000010000000100000001000000010000000100000001000000010000000100000001000000010000000100000001000000010000000100000001000000010000000100000001000000010000000100000001000000010000000100000001000000010000000100000001000000010000000100000001000000010000000100000001000000010000000100000001000000010000000100000001000000010000000100000001000000010000000100000001000000010000000100000001000000010000000100000001000000010000000100000001000000010000000100000001000000010000000100000001000000010000000100000001000000010000000100000001000000010000000100000001000000010000000100000001000000010000000100000001000000010000000100000001000000010000000100000001000000010000000100000001000000010000000100000001000000010000000100000001000000010000000100000001000000010000000100000001000000010000000100000001000000010000000100000001000000010000000100000001000000010000000100000001000000010000000100000001000000010000000100000001000000010000000100000001000000010000000100000001000000010000000100000001000000010000000100000001000000010000000100000001000000010000000100000001000000010000000100000001000000010000000100000001000000010000000100000001000000010000000100000001000000010000000100000001000000010000000100000001000000010000000100000001000000010000000100000001000000010000000100000001000000010000000100000001000000010000000100000001000000010000000100000001000000010000000100000001000000010000000100000001000000010000000100000001000000010000000100000001000000010000000100000001000000010000000100000001000000010000000100000001000000010000000100000001000000010000000100000001000000010000000100000001000000010000000100000001000000010000000100000001000000010000000100000001000000010000000100000001000000010000000100000001000000010000000100000001000000010000000100000001000000010000000100000001000000010000000100000001000000010000000100000001000000010000000100000001000000010000000100000001000000010000000100000001000000010000000100000001000000010000000100000001000000010000000100000001000000010000000100000001000000010000000100000001000000010000000100000001000000010000000100000001000000010000000100000001000000010000000100000001000000010000000100000001000000010000000100000001000000010000000100000001000000010000000100000001000000010000000100000001000000010000000100000001000000010000000100000001000000010000000100000001000000010000000100000001000000010000000100000001000000010000000100000001000000010000000100000001000000010000000100000001000000010000000100000001000000010000000100000001000000010000000100000001000000010000000100000001000000010000000100000001000000010000000100000001000000010000000100000001000000010000000100000001000000010000000100000001000000010000000100000001000000010000000100000001000000010000000100000001000000010000000100000001000000010000000100000001000000010000000100000001000000010000000100000001000000010000000100000001000000010000000100000001000000010000000100000001000000010000000100000001000000010000000100000001000000010000000100000001000000010000000100000001000000010000000100000001000000010000000100000001000000010000000100000001000000010000000100000001000000010000000100000001000000010000000100000001000000010000000100000001000000010000000100000001000000010000000100000001000000010000000100000001000000010000000100000001000000010000000100000001000000010000000100000001000000010000000100000001000000010000000100000001000000010000000100000001000000010000000100000001000000010000000100000001000000010000000100000001000000010000000100000001000000010000000100000001000000010000000100000001000000010000000100000001000000010000000100000001000000010000000100000001000000010000000100000001000000010000000100000001000000010000000100000001000000010000000100000001000000010000000100000001000000010000000100000001000000010000000100000001000000010000000100000001000000010000000100000001000000010000000100000001000000010000000100000001000000010000000100000001000000010000000100000001000000010000000100000001000000010000000100000001000000010000000100000001000000010000000100000001000000010000000100000001000000010000000100000001000000010000000100000001000000010000000100000001000000010000000100000001000000010000000100000001000000010000000100000001000000010000000100000001000000010000000100000001000000010000000100000001000000010000000100000001000000010000000100000001000000010000000100000001000000010000000100000001000000010000000100000001000000010000000100000001000000010000000100000001000000010000000100000001000000010000000100000001000000010000000100000001000000010000000100000001000000010000000100000001000000010000000100000001000000010000000100000001000000010000000100000001000000010000000100000001000000010000000100000001000000010000000100000001000000010000000100000001000000010000000100000001000000010000000100000001000000010000000100000001000000010000000100000001000000010000000100000001000000010000000100000001000000010000000100000001000000010000000100000001000000010000000100000001000000010000000100000001000000010000000100000001000000010000000100000001000000010000000100000001000000010000000100000001000000010000000100000001000000010000000100000001000000010000000100000001000000010000000100000001000000010000000100000001000000010000000100000001000000010000000100000001000000010000000100000001000000010000000100000001000000010000000100000001000000010000000100000001000000010000000100000001000000010000000100000001000000010000000100000001000000010000000100000001000000010000000100000001000000010000000100000001000000010000000100000001000000010000000100000001000000010000000100000001000000010000000100000001000000010000000100000001000000010000000100000001000000010000000100000001000000010000000100000001000000010000000100000001000000010000000100000001000000010000000100000001000000010000000100000001000000010000000100000001000000010000000100000001000000010000000100000001000000010000000100000001000000010000000100000001000000010000000100000001000000010000000100000001000000010000000100000001000000010000000100000001000000010000000100000001000000010000000100000001000000010000000100000001000000010000000100000001000000010000000100000001000000010000000100000001000000010000000100000001000000010000000100000001000000010000000100000001000000010000000100000001000000010000000100000001000000010000000100000001000000010000000100000001000000010000000100000001000000010000000100000001000000010000000100000001000000010000000100000001000000010000000100000001000000010000000100000000000000010000000100000001000000010000000100000001000000010000000100000001000000010000000100000001000000010000000100000001000000010000000100000001000000010000000100000001000000010000000100000001000000010000000100000001000000010000000100000001000000010000000100000001000000010000000100000001000000010000000100000001000000010000000100000001000000010000000100000001000000010000000100000001000000010000000100000001000000010000000100000001000000010000000100000001000000010000000100000001000000010000000100000001000000010000000100000001000000010000000100000001000000010000000100000001000000010000000100000001000000010000000100000001000000010000000100000001000000010000000100000001000000010000000100000001000000010000000100000001000000010000000100000001000000010000000100000001000000010000000100000001000000010000000100000001000000010000000100000001000000010000000100000001000000010000000100000001000000010000000100000001000000010000000100000001000000010000000100000001000000010000000100000001000000010000000100000001000000010000000100000001000000010000000100000001000000010000000100000001000000010000000100000001000000010000000100000001000000010000000100000001000000010000000100000001000000010000000100000001000000010000000100000001000000010000000100000001000000010000000100000001000000010000000100000001000000010000000100000001000000010000000100000001000000010000000100000001000000010000000100000001000000010000000100000001000000010000000100000001000000010000000100000001000000010000000100000001000000010000000100000001000000010000000100000001000000010000000100000001000000010000000100000001000000010000000100000001000000010000000100000001000000010000000100000001000000010000000100000001000000010000000100000001000000010000000100000001000000010000000100000001000000010000000100000001000000010000000100000001000000010000000100000001000000010000000100000001000000010000000100000001000000010000000100000001000000010000000100000001000000010000000100000001000000010000000100000001000000010000000100000001000000010000000100000001000000010000000100000001000000010000000100000001000000010000000100000001000000010000000100000001000000010000000100000001000000010000000100000001000000010000000100000001000000010000000100000001000000010000000100000001000000010000000100000001000000010000000100000001000000010000000100000001000000010000000100000001000000010000000100000001000000010000000100000001000000010000000100000001000000010000000100000001000000010000000100000001000000010000000100000001000000010000000100000001000000010000000100000001000000010000000100000001000000010000000100000001000000010000000100000001000000010000000100000001000000010000000100000001000000010000000100000001000000010000000100000001000000010000000100000001000000010000000100000001000000010000000100000001000000010000000100000001000000010000000100000001000000010000000100000001000000010000000100000001000000010000000100000001000000010000000100000001000000010000000100000001000000010000000100000001000000010000000100000001000000010000000100000001000000010000000100000001000000010000000100000001000000010000000100000001000000010000000100000001000000010000000100000001000000010000000100000001000000010000000100000001000000010000000100000001000000010000000100000001000000010000000100000001000000010000000100000001000000010000000100000001000000010000000100000001000000010000000100000001000000010000000100000001000000010000000100000001000000010000000100000001000000010000000100000001000000010000000100000001000000010000000100000001000000010000000100000001000000010000000100000001000000010000000100000001000000010000000100000001000000010000000100000001000000010000000100000001000000010000000100000001000000010000000100000001000000010000000100000001000000010000000100000001000000010000000100000001000000010000000100000001000000010000000100000001000000010000000100000001000000010000000100000001000000010000000100000001000000010000000100000001000000010000000100000001000000010000000100000001000000010000000100000001000000010000000100000001000000010000000100000001000000010000000100000001000000010000000100000001000000010000000100000001000000010000000100000001000000010000000100000001000000010000000100000001000000010000000100000001000000010000000100000001000000010000000100000001000000010000000100000001000000010000000100000001000000010000000100000001000000010000000100000001000000010000000100000001000000010000000100000001000000010000000100000001000000010000000100000001000000010000000100000001000000010000000100000001000000010000000100000001000000010000000100000001000000010000000100000001000000010000000100000001000000010000000100000001000000010000000100000001000000010000000100000001000000010000000100000001000000010000000100000001000000010000000100000001000000010000000100000001000000010000000100000001000000010000000100000001000000010000000100000001000000010000000100000001000000010000000100000001000000010000000100000001000000010000000100000001000000010000000100000001000000010000000100000001000000010000000100000001000000010000000100000001000000010000000100000001000000010000000100000001000000010000000100000001000000010000000100000001000000010000000100000001000000010000000100000001000000010000000100000001000000010000000100000001000000010000000100000001000000010000000100000001000000010000000100000001000000010000000100000001000000010000000100000001000000010000000100000001000000010000000100000001000000010000000100000001000000010000000100000001000000010000000100000001000000010000000100000001000000010000000100000001000000010000000100000001000000010000000100000001000000010000000100000001000000010000000100000001000000010000000100000001000000010000000100000001000000010000000100000001000000010000000100000001000000010000000100000001000000010000000100000001000000010000000100000001000000010000000100000001000000010000000100000001000000010000000100000001000000010000000100000001000000010000000100000001000000010000000100000001000000010000000100000001000000010000000100000001000000010000000100000001000000010000000100000001000000010000000100000001000000010000000100000001000000010000000100000001000000010000000100000001000000010000000100000001000000010000000100000001000000010000000100000001000000010000000100000001000000010000000100000001000000010000000100000001000000010000000100000001000000010000000100000001000000010000000100000001000000010000000100000001000000010000000100000001000000010000000100000001000000010000000100000001000000010000000100000001000000010000000100000001000000010000000100000001000000010000000100000001000000010000000100000001000000010000000100000001000000010000000100000001000000010000000100000001000000010000000100000001000000010000000100000001000000010000000100000001000000010000000100000001000000010000000100000001000000010000000100000001000000010000000100000001000000010000000100000001000000010000000100000001000000010000000100000001000000010000000100000001000000010000000100000001000000010000000100000001000000010000000100000001000000010000000100000001000000010000000100000001000000010000000100000001000000010000000100000001000000010000000100000001000000010000000100000001000000010000000100000001000000010000000100000001000000010000000100000001000000010000000100000001000000010000000100000001000000010000000100000001000000010000000100000001000000010000000100000001000000010000000100000001000000010000000100000001000000010000000100000001000000010000000100000001000000010000000100000001000000010000000100000001000000010000000100000001000000010000000100000001000000010000000100000001000000010000000100000001000000010000000100000001000000010000000100000001000000010000000100000001000000010000000100000001000000010000000100000001000000010000000100000001000000010000000100000001000000010000000100000001000000010000000100000001000000010000000100000001000000010000000100000001000000010000000100000001000000010000000100000001000000010000000100000001000000010000000100000001000000010000000100000001000000010000000100000001000000010000000100000001000000010000000100000001000000010000000100000001000000010000000100000001000000010000000100000001000000010000000100000001000000010000000100000001000000010000000100000001000000010000000100000001000000010000000100000001000000010000000100000001000000010000000100000001000000010000000100000001000000010000000100000001000000010000000100000001000000010000000100000001000000010000000100000001000000010000000100000001000000010000000100000001000000010000000100000001000000010000000100000001000000010000000100000001000000010000000100000001000000010000000100000001000000010000000100000001000000010000000100000001000000010000000100000001000000010000000100000001000000010000000100000001000000010000000100000001000000010000000100000001000000010000000100000001000000010000000100000001000000010000000100000001000000010000000100000001000000010000000100000001000000010000000100000001000000010000000100000001000000010000000100000001000000010000000100000001000000010000000100000001000000010000000100000001000000010000000100000001000000010000000100000001000000010000000100000001000000010000000100000001000000010000000100000001000000010000000100000001000000010000000100000001000000010000000100000001000000010000000100000001000000010000000100000001000000000000000100000001000000010000000100000001000000010000000100000001000000010000000100000001000000010000000100000001000000010000000100000001000000010000000100000001000000010000000100000001000000010000000100000001000000010000000100000001000000010000000100000001000000010000000100000001000000010000000100000001000000010000000100000001000000010000000100000001000000010000000100000001000000010000000100000001000000010000000100000001000000010000000100000001000000010000000100000001000000010000000100000001000000010000000100000001000000010000000100000001000000010000000100000001000000010000000100000001000000010000000100000001000000010000000100000001000000010000000100000001000000010000000100000001000000010000000100000001000000010000000100000001000000010000000100000001000000010000000100000001000000010000000100000001000000010000000100000001000000010000000100000001000000010000000100000001000000010000000100000001000000010000000100000001000000010000000100000001000000010000000100000001000000010000000100000001000000010000000100000001000000010000000100000001000000010000000100000001000000010000000100000001000000010000000100000001000000010000000100000001000000010000000100000001000000010000000100000001000000010000000100000001000000010000000100000001000000010000000100000001000000010000000100000001000000010000000100000001000000010000000100000001000000010000000100000001000000010000000100000001000000010000000100000001000000010000000100000001000000010000000100000001000000010000000100000001000000010000000100000001000000010000000100000001000000010000000100000001000000010000000100000001000000010000000100000001000000010000000100000001000000010000000100000001000000010000000100000001000000010000000100000001000000010000000100000001000000010000000100000001000000010000000100000001000000010000000100000001000000010000000100000001000000010000000100000001000000010000000100000001000000010000000100000001000000010000000100000001000000010000000100000001000000010000000100000001000000010000000100000001000000010000000100000001000000010000000100000001000000010000000100000001000000010000000100000001000000010000000100000001000000010000000100000001000000010000000100000001000000010000000100000001000000010000000100000001000000010000000100000001000000010000000100000001000000010000000100000001000000010000000100000001000000010000000100000001000000010000000100000001000000010000000100000001000000010000000100000001000000010000000100000001000000010000000100000001000000010000000100000001000000010000000100000001000000010000000100000001000000010000000100000001000000010000000100000001000000010000000100000001000000010000000100000001000000010000000100000001000000010000000100000001000000010000000100000001000000010000000100000001000000010000000100000001000000010000000100000001000000010000000100000001000000010000000100000001000000010000000100000001000000010000000100000001000000010000000100000001000000010000000100000001000000010000000100000001000000010000000100000001000000010000000100000001000000010000000100000001000000010000000100000001000000010000000100000001000000010000000100000001000000010000000100000001000000010000000100000001000000010000000100000001000000010000000100000001000000010000000100000001000000010000000100000001000000010000000100000001000000010000000100000001000000010000000100000001000000010000000100000001000000010000000100000001000000010000000100000001000000010000000100000001000000010000000100000001000000010000000100000001000000010000000100000001000000010000000100000001000000010000000100000001000000010000000100000001000000010000000100000001000000010000000100000001000000010000000100000001000000010000000100000001000000010000000100000001000000010000000100000001000000010000000100000001000000010000000100000001000000010000000100000001000000010000000100000001000000010000000100000001000000010000000100000001000000010000000100000001000000010000000100000001000000010000000100000001000000010000000100000001000000010000000100000001000000010000000100000001000000010000000100000001000000010000000100000001000000010000000100000001000000010000000100000001000000010000000100000001000000010000000100000001000000010000000100000001000000010000000100000001000000010000000100000001000000010000000100000001000000010000000100000001000000010000000100000001000000010000000100000001000000010000000100000001000000010000000100000001000000010000000100000001000000010000000100000001000000010000000100000001000000010000000100000001000000010000000100000001000000010000000100000001000000010000000100000001000000010000000100000001000000010000000100000001000000010000000100000001000000010000000100000001000000010000000100000001000000010000000100000001000000010000000100000001000000010000000100000001000000010000000100000001000000010000000100000001000000010000000100000001000000010000000100000001000000010000000100000001000000010000000100000001000000010000000100000001000000010000000100000001000000010000000100000001000000010000000100000001000000010000000100000001000000010000000100000001000000010000000100000001000000010000000100000001000000010000000100000001000000010000000100000001000000010000000100000001000000010000000100000001000000010000000100000001000000010000000100000001000000010000000100000001000000010000000100000001000000010000000100000001000000010000000100000001000000010000000100000001000000010000000100000001000000010000000100000001000000010000000100000001000000010000000100000001000000010000000100000001000000010000000100000001000000010000000100000001000000010000000100000001000000010000000100000001000000010000000100000001000000010000000100000001000000010000000100000001000000010000000100000001000000010000000100000001000000010000000100000001000000010000000100000001000000010000000100000001000000010000000100000001000000010000000100000001000000010000000100000001000000010000000100000001000000010000000100000001000000010000000100000001000000010000000100000001000000010000000100000001000000010000000100000001000000010000000100000001000000010000000100000001000000010000000100000001000000010000000100000001000000010000000100000001000000010000000100000001000000010000000100000001000000010000000100000001000000010000000100000001000000010000000100000001000000010000000100000001000000010000000100000001000000010000000100000001000000010000000100000001000000010000000100000001000000010000000100000001000000010000000100000001000000010000000100000001000000010000000100000001000000010000000100000001000000010000000100000001000000010000000100000001000000010000000100000001000000010000000100000001000000010000000100000001000000010000000100000001000000010000000100000001000000010000000100000001000000010000000100000001000000010000000100000001000000010000000100000001000000010000000100000001000000010000000100000001000000010000000100000001000000010000000100000001000000010000000100000001000000010000000100000001000000010000000100000001000000010000000100000001000000010000000100000001000000010000000100000001000000010000000100000001000000010000000100000001000000010000000100000001000000010000000100000001000000010000000100000001000000010000000100000001000000010000000100000001000000010000000100000001000000010000000100000001000000010000000100000001000000010000000100000001000000010000000100000001000000010000000100000001000000010000000100000001000000010000000100000001000000010000000100000001000000010000000100000001000000010000000100000001000000010000000100000001000000010000000100000001000000010000000100000001000000010000000100000001000000010000000100000001000000010000000100000001000000010000000100000001000000010000000100000001000000010000000100000001000000010000000100000001000000010000000100000001000000010000000100000001000000010000000100000001000000010000000100000001000000010000000100000001000000010000000100000001000000010000000100000001000000010000000100000001000000010000000100000001000000010000000100000001000000010000000100000001000000010000000100000001000000010000000100000001000000010000000100000001000000010000000100000001000000010000000100000001000000010000000100000001000000010000000100000001000000010000000100000001000000010000000100000001000000010000000100000001000000010000000100000001000000010000000100000001000000010000000100000001000000010000000100000001000000010000000100000001000000010000000100000001000000010000000100000001000000010000000100000001000000010000000100000001000000010000000100000001000000010000000100000001000000010000000100000001000000010000000100000001000000010000000100000001000000010000000100000001000000010000000100000001000000010000000100000001000000010000000100000001000000010000000100000001000000010000000100000001000000010000000100000001000000010000000100000001000000010000000100000001000000010000000100000001000000010000000100000001000000010000000100000001000000010000000100000001000000010000000100000001000000010000000100000001000000010000000100000001000000010000000100000001000000010000000100000001000000010000000100000001000000010000000100000001000000010000000100000001000000010000000100000001000000010000000100000001000000010000000100000001000000010000000100000001000000010000000100000001000000010000000100000001000000010000000100000001000000010000000100000001000000010000000100000001000000010000000100000001000000010000000000000001000000010000000100000001000000010000000100000001000000010000000100000001000000010000000100000001000000010000000100000001000000010000000100000001000000010000000100000001000000010000000100000001000000010000000100000001000000010000000100000001000000010000000100000001000000010000000100000001000000010000000100000001000000010000000100000001000000010000000100000001000000010000000100000001000000010000000100000001000000010000000100000001000000010000000100000001000000010000000100000001000000010000000100000001000000010000000100000001000000010000000100000001000000010000000100000001000000010000000100000001000000010000000100000001000000010000000100000001000000010000000100000001000000010000000100000001000000010000000100000001000000010000000100000001000000010000000100000001000000010000000100000001000000010000000100000001000000010000000100000001000000010000000100000001000000010000000100000001000000010000000100000001000000010000000100000001000000010000000100000001000000010000000100000001000000010000000100000001000000010000000100000001000000010000000100000001000000010000000100000001000000010000000100000001000000010000000100000001000000010000000100000001000000010000000100000001000000010000000100000001000000010000000100000001000000010000000100000001000000010000000100000001000000010000000100000001000000010000000100000001000000010000000100000001000000010000000100000001000000010000000100000001000000010000000100000001000000010000000100000001000000010000000100000001000000010000000100000001000000010000000100000001000000010000000100000001000000010000000100000001000000010000000100000001000000010000000100000001000000010000000100000001000000010000000100000001000000010000000100000001000000010000000100000001000000010000000100000001000000010000000100000001000000010000000100000001000000010000000100000001000000010000000100000001000000010000000100000001000000010000000100000001000000010000000100000001000000010000000100000001000000010000000100000001000000010000000100000001000000010000000100000001000000010000000100000001000000010000000100000001000000010000000100000001000000010000000100000001000000010000000100000001000000010000000100000001000000010000000100000001000000010000000100000001000000010000000100000001000000010000000100000001000000010000000100000001000000010000000100000001000000010000000100000001000000010000000100000001000000010000000100000001000000010000000100000001000000010000000100000001000000010000000100000001000000010000000100000001000000010000000100000001000000010000000100000001000000010000000100000001000000010000000100000001000000010000000100000001000000010000000100000001000000010000000100000001000000010000000100000001000000010000000100000001000000010000000100000001000000010000000100000001000000010000000100000001000000010000000100000001000000010000000100000001000000010000000100000001000000010000000100000001000000010000000100000001000000010000000100000001000000010000000100000001000000010000000100000001000000010000000100000001000000010000000100000001000000010000000100000001000000010000000100000001000000010000000100000001000000010000000100000001000000010000000100000001000000010000000100000001000000010000000100000001000000010000000100000001000000010000000100000001000000010000000100000001000000010000000100000001000000010000000100000001000000010000000100000001000000010000000100000001000000010000000100000001000000010000000100000001000000010000000100000001000000010000000100000001000000010000000100000001000000010000000100000001000000010000000100000001000000010000000100000001000000010000000100000001000000010000000100000001000000010000000100000001000000010000000100000001000000010000000100000001000000010000000100000001000000010000000100000001000000010000000100000001000000010000000100000001000000010000000100000001000000010000000100000001000000010000000100000001000000010000000100000001000000010000000100000001000000010000000100000001000000010000000100000001000000010000000100000001000000010000000100000001000000010000000100000001000000010000000100000001000000010000000100000001000000010000000100000001000000010000000100000001000000010000000100000001000000010000000100000001000000010000000100000001000000010000000100000001000000010000000100000001000000010000000100000001000000010000000100000001000000010000000100000001000000010000000100000001000000010000000100000001000000010000000100000001000000010000000100000001000000010000000100000001000000010000000100000001000000010000000100000001000000010000000100000001000000010000000100000001000000010000000100000001000000010000000100000001000000010000000100000001000000010000000100000001000000010000000100000001000000010000000100000001000000010000000100000001000000010000000100000001000000010000000100000001000000010000000100000001000000010000000100000001000000010000000100000001000000010000000100000001000000010000000100000001000000010000000100000001000000010000000100000001000000010000000100000001000000010000000100000001000000010000000100000001000000010000000100000001000000010000000100000001000000010000000100000001000000010000000100000001000000010000000100000001000000010000000100000001000000010000000100000001000000010000000100000001000000010000000100000001000000010000000100000001000000010000000100000001000000010000000100000001000000010000000100000001000000010000000100000001000000010000000100000001000000010000000100000001000000010000000100000001000000010000000100000001000000010000000100000001000000010000000100000001000000010000000100000001000000010000000100000001000000010000000100000001000000010000000100000001000000010000000100000001000000010000000100000001000000010000000100000001000000010000000100000001000000010000000100000001000000010000000100000001000000010000000100000001000000010000000100000001000000010000000100000001000000010000000100000001000000010000000100000001000000010000000100000001000000010000000100000001000000010000000100000001000000010000000100000001000000010000000100000001000000010000000100000001000000010000000100000001000000010000000100000001000000010000000100000001000000010000000100000001000000010000000100000001000000010000000100000001000000010000000100000001000000010000000100000001000000010000000100000001000000010000000100000001000000010000000100000001000000010000000100000001000000010000000100000001000000010000000100000001000000010000000100000001000000010000000100000001000000010000000100000001000000010000000100000001000000010000000100000001000000010000000100000001000000010000000100000001000000010000000100000001000000010000000100000001000000010000000100000001000000010000000100000001000000010000000100000001000000010000000100000001000000010000000100000001000000010000000100000001000000010000000100000001000000010000000100000001000000010000000100000001000000010000000100000001000000010000000100000001000000010000000100000001000000010000000100000001000000010000000100000001000000010000000100000001000000010000000100000001000000010000000100000001000000010000000100000001000000010000000100000001000000010000000100000001000000010000000100000001000000010000000100000001000000010000000100000001000000010000000100000001000000010000000100000001000000010000000100000001000000010000000100000001000000010000000100000001000000010000000100000001000000010000000100000001000000010000000100000001000000010000000100000001000000010000000100000001000000010000000100000001000000010000000100000001000000010000000100000001000000010000000100000001000000010000000100000001000000010000000100000001000000010000000100000001000000010000000100000001000000010000000100000001000000010000000100000001000000010000000100000001000000010000000100000001000000010000000100000001000000010000000100000001000000010000000100000001000000010000000100000001000000010000000100000001000000010000000100000001000000010000000100000001000000010000000100000001000000010000000100000001000000010000000100000001000000010000000100000001000000010000000100000001000000010000000100000001000000010000000100000001000000010000000100000001000000010000000100000001000000010000000100000001000000010000000100000001000000010000000100000001000000010000000100000001000000010000000100000001000000010000000100000001000000010000000100000001000000010000000100000001000000010000000100000001000000010000000100000001000000010000000100000001000000010000000100000001000000010000000100000001000000010000000100000001000000010000000100000001000000010000000100000001000000010000000100000001000000010000000100000001000000010000000100000001000000010000000100000001000000010000000100000001000000010000000100000001000000010000000100000001000000010000000100000001000000010000000100000001000000010000000100000001000000010000000100000001000000010000000100000001000000010000000100000001000000010000000100000001000000010000000100000001000000010000000100000001000000010000000100000001000000010000000100000001000000010000000100000001000000010000000100000001000000010000000100000001000000010000000100000001000000010000000100000001000000010000000100000001000000010000000100000001000000010000000100000001000000010000000100000001000000010000000100000001000000010000000100000001000000010000000100000001000000010000000100000001000000010000000100000001000000010000000100000001000000010000000100000001000000010000000100000000000000010000000100000001000000010000000100000001000000010000000100000001000000010000000100000001000000010000000100000001000000010000000100000001000000010000000100000001000000010000000100000001000000010000000100000001000000010000000100000001000000010000000100000001000000010000000100000001000000010000000100000001000000010000000100000001000000010000000100000001000000010000000100000001000000010000000100000001000000010000000100000001000000010000000100000001000000010000000100000001000000010000000100000001000000010000000100000001000000010000000100000001000000010000000100000001000000010000000100000001000000010000000100000001000000010000000100000001000000010000000100000001000000010000000100000001000000010000000100000001000000010000000100000001000000010000000100000001000000010000000100000001000000010000000100000001000000010000000100000001000000010000000100000001000000010000000100000001000000010000000100000001000000010000000100000001000000010000000100000001000000010000000100000001000000010000000100000001000000010000000100000001000000010000000100000001000000010000000100000001000000010000000100000001000000010000000100000001000000010000000100000001000000010000000100000001000000010000000100000001000000010000000100000001000000010000000100000001000000010000000100000001000000010000000100000001000000010000000100000001000000010000000100000001000000010000000100000001000000010000000100000001000000010000000100000001000000010000000100000001000000010000000100000001000000010000000100000001000000010000000100000001000000010000000100000001000000010000000100000001000000010000000100000001000000010000000100000001000000010000000100000001000000010000000100000001000000010000000100000001000000010000000100000001000000010000000100000001000000010000000100000001000000010000000100000001000000010000000100000001000000010000000100000001000000010000000100000001000000010000000100000001000000010000000100000001000000010000000100000001000000010000000100000001000000010000000100000001000000010000000100000001000000010000000100000001000000010000000100000001000000010000000100000001000000010000000100000001000000010000000100000001000000010000000100000001000000010000000100000001000000010000000100000001000000010000000100000001000000010000000100000001000000010000000100000001000000010000000100000001000000010000000100000001000000010000000100000001000000010000000100000001000000010000000100000001000000010000000100000001000000010000000100000001000000010000000100000001000000010000000100000001000000010000000100000001000000010000000100000001000000010000000100000001000000010000000100000001000000010000000100000001000000010000000100000001000000010000000100000001000000010000000100000001000000010000000100000001000000010000000100000001000000010000000100000001000000010000000100000001000000010000000100000001000000010000000100000001000000010000000100000001000000010000000100000001000000010000000100000001000000010000000100000001000000010000000100000001000000010000000100000001000000010000000100000001000000010000000100000001000000010000000100000001000000010000000100000001000000010000000100000001000000010000000100000001000000010000000100000001000000010000000100000001000000010000000100000001000000010000000100000001000000010000000100000001000000010000000100000001000000010000000100000001000000010000000100000001000000010000000100000001000000010000000100000001000000010000000100000001000000010000000100000001000000010000000100000001000000010000000100000001000000010000000100000001000000010000000100000001000000010000000100000001000000010000000100000001000000010000000100000001000000010000000100000001000000010000000100000001000000010000000100000001000000010000000100000001000000010000000100000001000000010000000100000001000000010000000100000001000000010000000100000001000000010000000100000001000000010000000100000001000000010000000100000001000000010000000100000001000000010000000100000001000000010000000100000001000000010000000100000001000000010000000100000001000000010000000100000001000000010000000100000001000000010000000100000001000000010000000100000001000000010000000100000001000000010000000100000001000000010000000100000001000000010000000100000001000000010000000100000001000000010000000100000001000000010000000100000001000000010000000100000001000000010000000100000001000000010000000100000001000000010000000100000001000000010000000100000001000000010000000100000001000000010000000100000001000000010000000100000001000000010000000100000001000000010000000100000001000000010000000100000001000000010000000100000001000000010000000100000001000000010000000100000001000000010000000100000001000000010000000100000001000000010000000100000001000000010000000100000001000000010000000100000001000000010000000100000001000000010000000100000001000000010000000100000001000000010000000100000001000000010000000100000001000000010000000100000001000000010000000100000001000000010000000100000001000000010000000100000001000000010000000100000001000000010000000100000001000000010000000100000001000000010000000100000001000000010000000100000001000000010000000100000001000000010000000100000001000000010000000100000001000000010000000100000001000000010000000100000001000000010000000100000001000000010000000100000001000000010000000100000001000000010000000100000001000000010000000100000001000000010000000100000001000000010000000100000001000000010000000100000001000000010000000100000001000000010000000100000001000000010000000100000001000000010000000100000001000000010000000100000001000000010000000100000001000000010000000100000001000000010000000100000001011111110000000100000001000000010000000100000001000000010000000100000001000000010000000100000001000000010000000100000001000000010000000100000001000000010000000100000001000000010000000100000001000000010000000100000001000000010000000100000001000000010000000100000001000000010000000100000001000000010000000100000001000000010000000100000001000000010000000100000001000000010000000100000001000000010000000100000001000000010000000100000001000000010000000100000001000000010000000100000001000000010000000100000001000000010000000100000001000000010000000100000001000000010000000100000001000000010000000100000001000000010000000100000001000000010000000100000001000000010000000100000001000000010000000100000001000000010000000100000001000000010000000100000001000000010000000100000001000000010000000100000001000000010000000100000001000000010000000100000001000000010000000100000001000000010000000100000001000000010000000100000001000000010000000100000001000000010000000100000001000000010000000100000001000000010000000100000001000000010000000100000001000000010000000100000001000000010000000100000001000000010000000100000001000000010000000100000001000000010000000100000001000000010000000100000001000000010000000100000001000000010000000100000001000000010000000100000001000000010000000100000001000000010000000100000001000000010000000100000001000000010000000100000001000000010000000100000001000000010000000100000001000000010000000100000001000000010000000100000001000000010000000100000001000000010000000100000001000000010000000100000001000000010000000100000001000000010000000100000001000000010000000100000001000000010000000100000001000000010000000100000001000000010000000100000001000000010000000100000001000000010000000100000001000000010000000100000001000000010000000100000001000000010000000100000001000000010000000100000001000000010000000100000001000000010000000100000001000000010000000100000001000000010000000100000001000000010000000100000001000000010000000101111001000000010000000100000001000000010000000100000001000000010000000100000001000000010000000100000001000000010000000101111000000000010000000101111110000000010000000100000001000000010000000100000001000000010000000100000001000000010000000100000001000000010000000100000001000000010000000100000001000000010000000100000001000000010000000100000001000000010000000100000001000000010000000100000001000000010000000100000001000000010000000100000001000000010000000100000001000000010000000100000001000000010000000100000001000000010000000100000001000000010000000100000001000000010000000100000001000000010000000100000001000000010000000100000001000000010000000100000001000000010000000100000001000000010000000100000001000000010000000100000001000000010000000100000001000000010000000100000001000000010000000100000001000000010000000100000001000000010000000100000001000000010000000100000001000000010000000100000001000000010000000100000001000000010000000100000001000000010000000100000001000000010000000100000001000000010000000100000001000000010000000100000001000000010000000100000001000000010000000100000001000000010000000100000001000000010000000100000001000000010000000100000001000000010000000100000001000000010000000100000001000000010000000100000001000000010000000100000001000000010000000100000001000000010000000100000001000000010000000100000001000000010000000100000001000000010000000100000001000000010000000100000001000000010000000100000001000000010000000100000001000000010000000100000001000000010000000100000001000000010000000100000001000000010000000100000001000000010000000100000001000000010000000100000001000000010000000100000001000000010000000100000001000000010000000100000001000000010000000100000001000000010000000100000001000000000000000100000001000000010000000100000001000000010000000100000001000000010000000100000001000000010000000100000001000000010000000100000001000000010000000100000001000000010000000100000001000000010000000100000001000000010000000100000001000000010000000100000001000000010000000100000001000000010000000100000001000000010000000100000001000000010000000100000001011011100000000100000001011101000000000100000001000000010000000100000001000000010000000100000001000000010000000100000001011101010000000100000001011101110000000100000001000000010000000100000001000000010000000100000001000000010000000100000001011111100000000100000001000000010000000100000001000000010000000100000001000000010000000100000001000000010000000100000001000000010000000100000001000000010000000100000001000000010000000100000001000000010000000100000001000000010000000100000001000000010000000100000001000000010000000100000001000000010000000100000001000000010000000100000001000000010000000100000001000000010000000100000001000000010000000100000001000000010000000100000001000000010000000100000001000000010000000100000001000000010000000100000001000000010000000100000001000000010000000100000001000000010000000100000001000000010000000100000001000000010000000100000001000000010000000100000001000000010000000100000001000000010000000100000001000000010000000100000001000000010000000100000001000000010000000100000001000000010000000100000001000000010000000100000001000000010000000100000001000000010000000100000001000000010000000100000001000000010000000100000001000000010000000100000001000000010000000100000001000000010000000100000001000000010000000100000001000000010000000100000001000000010000000100000001000000010000000100000001000000010000000100000001000000010000000100000001000000010000000100000001000000010000000100000001000000010000000100000001000000010000000100000001000000010000000100000001000000010000000100000001000000010000000100000001000000010000000100000001000000010000000100000001000000010000000100000001000000010000000100000001000000010000000100000001000000010000000100000001000000010000000100000001000000010000000100000001000000010000000100000001000000010000000100000001000000010000000100000001000000010000000100000001000000010000000100000001000000010000000100000001000000010000000100000001000000010000000100000001000000010000000100000001000000010000000100000001000000010000000100000001000000010000000100000001000000010000000100000001000000010000000100000001000000010000000100000001000000010000000100000001000000010000000100000001000000010000000100000001000000010000000100000001000000010000000100000001000000010000000100000001000000010000000100000001000000010000000100000001000000010000000100000001000000010000000100000001000000010000000100000001000000010000000100000001000000010000000100000001000000010000000100000001000000010000000100000001000000010000000100000001000000010000000100000001000000010000000100000001000000010000000100000001000000010000000100000001000000010000000100000001000000010000000100000001000000010000000100000001000000010000000100000001011111110000000100000001000000010000000100000001000000010000000100000001000000010000000100000001000000010000000100000001011110110000000100000001000000010000000100000001000000010000000100000001000000010000000100000001011111000000000100000001011110110000000100000001000000010000000100000001000000010000000100000001000000010000000100000001000000010000000100000001011110110000000100000001000000010000000100000001000000010000000100000001000000010000000100000001011100100000000100000001011011100000000100000001000000010000000100000001000000010000000100000001000000010000000100000001011100000000000100000001011110000000000100000001000000010000000100000001000000010000000100000001000000010000000100000001011101000000000100000001011111000000000100000001000000010000000100000001000000010000000100000001000000010000000100000001000000010000000100000001000000010000000100000001000000010000000100000001000000010000000100000001000000010000000100000001000000010000000100000001000000010000000100000001000000010000000100000001000000010000000100000001000000010000000100000001000000010000000100000001000000010000000100000001000000010000000100000001000000010000000100000001000000010000000100000001000000010000000100000001000000010000000100000001000000010000000100000001000000010000000100000001000000010000000100000001000000010000000100000001000000010000000100000001000000010000000100000001000000010000000100000001000000010000000100000001000000010000000100000001000000010000000100000001000000010000000100000001000000010000000100000001000000010111110100000001000000010000000100000001000000010000000100000001000000010000000100000001000000010000000100000001000000010110110000000001000000010111000000000001000000010000000100000001000000010000000100000001000000010000000100000001000000010111000000000001000000010111000000000001000000010111111100000001000000010000000100000001000000010000000100000001000000010110100000000001000000010110101000000001000000010000000100000001000000010000000100000001000000010111010100000001000000010101110000000001000000010110000100000001000000010110101000000001000000010000000100000001000000010000000100000001000000010100100100000001000000010101001100000001000000010000000100000001000000010000000100000001000000010110101100000001000000010101001100000001000000010101011100000001000000010110101100000001000000010000000100000001000000010111100100000001000000010101000100000001000000010100100100000001000000010111001000000001000000010000000100000001000000010101011100000001000000010100101100000001000000010101100000000001000000010110100000000001000000010000000100000001000000010111101000000001000000010100111100000001000000010101000000000001000000010111011100000001000000010000000100000001000000010110111000000001000000010101100100000001000000010101111000000001000000010110110100000001000000010000000100000001000000010000000100000001000000010110000100000001000000010101011100000001000000010000000100000001000000010000000100000001000000010000000100000001000000010111001100000001000000010110100100000001000000010111100100000001000000010000000100000001000000010000000100000001000000010110101100000001000000010110111100000001000000010000000100000001000000010000000100000001000000010000000100000001000000010000000100000001000000010000000100000001000000010000000100000001000000010000000100000001000000010000000100000001000000010000000100000001000000010000000100000001000000010000000100000001000000010000000100000001000000010000000100000001000000010000000100000001000000010000000100000001000000010000000100000001000000010000000100000001000000010000000100000001000000010000000100000001000000010000000100000001000000010000000100000001000000010000000100000001000000010000000100000001000000010000000100000001000000010000000100000001000000010000000100000001000000010000000100000001000000010000000100000001000000010000000100000001000000010000000100000001000000010000000100000001000000010000000100000001000000010000000100000001000000010000000100000001011101110000000100000001011011110000000100000001000000010000000100000001000000010000000100000001000000010000000100000001011010010000000100000001011010100000000100000001000000010000000100000001000000010000000100000001000000010000000100000001011010000000000100000001011000010000000100000001011101010000000100000001000000010000000100000001011111010000000100000001010011110000000100000001010011000000000100000001011110100000000100000001000000010000000100000001011011000000000100000001010001110000000100000001010101000000000100000001011001110000000100000001000000010000000100000001011110100000000100000001010001000000000100000001010010110000000100000001011101010000000100000001000000010000000100000001011101110000000100000001010101010000000100000001010101110000000100000001011101100000000100000001000000010000000100000001000000010000000100000001011001010000000100000001011000110000000100000001000000010000000100000001000000010000000100000001000000010000000100000001011001000000000100000001011000110000000100000001011111010000000100000001000000010000000100000001000000010000000100000001011010010000000100000001011010000000000100000001000000010000000100000001000000010000000100000001000000010000000100000001011011100000000100000001011010000000000100000001011111000000000100000001000000010000000100000001000000010000000100000001011001100000000100000001011001010000000100000001000000010000000100000001000000010000000100000001000000010000000100000001011001100000000101111010011001000000000100000001000000010000000100000001000000010000000100000001000000010000000101111100011011000000000101111011011010100000000100000001000000010000000100000001000000010000000100000001000000010000000101111100011001000000000101111011011001010000000100000001000000010000000100000001000000010000000100000001000000010000000101111001011100000000000101111100011100100000000100000001000000010000000100000001000000010000000100000001000000010000000101111011011011010000000101111111011100110000000100000001000000010000000100000001000000010000000100000001000000010000000100000001000000010000000100000001000000010000000100000001000000010000000100000001000000010000000100000001000000010000000100000001000000010000000100000001000000010000000000000001000000010000000100000001000000010000000100000001000000010000000100000001000000010000000100000001000000010000000100000001000000010000000100000001000000010000000100000001000000010000000100000001000000010000000100000001000000010000000100000001000000010111011000000001000000010000000100000001000000010000000100000001000000010000000100000001000000010110111000000001000000010110011100000001000000010000000100000001000000010000000100000001000000010000000100000001000000010111100000000001000000010111010100000001000000010000000100000001000000010000000100000001000000010000000100000001000000010111011100000001000000010111011100000001000000010000000100000001000000010000000100000001000000010000000100000001000000010000000100000001000000010000000100000001000000010000000100000001000000010000000100000001000000010000000100000001000000010000000100000001000000010000000100000001000000010000000100000001000000010000000100000001000000010000000100000001000000010000000100000001000000010000000100000001000000010000000100000001000000010000000100000001000000010000000100000001000000010000000100000001000000010000000100000001000000010000000100000001000000010000000100000001000000010000000101111110000000010000000100000001000000010000000100000001000000010000000100000001000000010000000100000001000000010000000101111111000000010000000101111110000000010000000100000001000000010000000100000001000000010000000100000001000000010000000100000001000000010000000100000001000000010000000100000001000000010000000100000001000000010000000100000001000000010000000100000001000000010000000101111111000000010000000100000001000000010000000100000001000000010000000100000001000000010000000100000001000000010000000100000001000000010000000100000001000000010000000100000001000000010000000100000001000000010000000100000001000000010000000100000001000000010000000100000001000000010000000100000001000000010000000100000001000000010000000100000001000000010000000100000001000000010000000100000001000000010000000100000001000000010000000100000001000000010000000100000001000000010000000100000001000000010000000100000001000000010000000100000001000000010000000100000001000000010000000100000001000000010000000100000001000000010000000100000001000000010000000100000001000000010000000100000001000000010000000100000001000000010000000100000001000000010000000100000001000000010000000100000001000000010000000100000001000000010000000100000001000000010000000100000001000000010000000100000001000000010000000100000001000000010000000100000001000000010000000100000001000000010000000100000001000000010000000100000001000000010000000100000001000000010000000100000001000000010000000100000001000000010000000100000001000000010000000100000001000000010000000100000001000000010000000100000001000000010000000100000001000000010000000100000001000000010111110000000001000000010000000100000001000000010000000100000001000000010000000100000001000000010000000100000001000000010000000100000001000000010000000100000001000000010000000100000001000000010000000100000001000000010111110100000001000000010000000100000001000000010000000100000001000000010000000100000001000000010000000100000001000000010111110000000001000000010111111000000001000000010000000100000001000000010000000100000001000000010000000100000001000000010111001100000001000000010111010100000001000000010000000100000001000000010000000100000001000000010000000100000001000000010111100100000001000000010111001100000001000000010000000100000001000000010000000100000001000000010000000100000001000000010110111100000001000000010110101000000001000000010000000100000001000000010000000100000001000000010000000100000001000000010111000000000001000000010111000100000001000000010000000100000001000000010000000100000001000000010000000100000001000000010111101100000001000000010110111100000001000000010000000100000001000000010000000100000001000000010000000100000001000000010000000100000001000000010000000100000001000000010000000100000001000000010000000100000001000000010000000100000001000000010000000100000001000000010000000100000001000000010000000100000001000000010000000100000001000000010000000100000001000000010000000100000001000000010000000100000001000000010000000100000001000000010000000100000001000000010000000100000001000000010000000100000001000000010000000100000001000000010000000100000001000000010000000100000001000000010000000100000001000000010000000100000001000000010000000100000001000000010000000100000001000000010000000100000001000000010000000101110111000000010000000101110100000000010000000100000001000000010000000100000001000000010000000100000001000000010000000100000001000000010000000101110010000000010000000100000001000000010000000100000001000000010000000100000001000000010000000101101011000000010000000101100011000000010000000100000001000000010000000100000001000000010000000101111111000000010000000101100110000000010000000101100011000000010000000101111101000000010000000100000001000000010000000100000001000000010000000101011001000000010000000101100000000000010000000100000001000000010000000100000001000000010000000101110110000000010000000101010000000000010000000101011000000000010000000101101101000000010000000100000001000000010000000101111110000000010000000101000110000000010000000101001000000000010000000101111101000000010000000100000001000000010000000101100100000000010000000101000111000000010000000101000110000000010000000101100011000000010000000100000001000000010000000101110011000000010000000100111111000000010000000101000011000000010000000101110100000000010000000100000001000000010000000101011010000000010000000101000101000000010000000101001011000000010000000101100000000000010000000100000001000000010000000101110010000000010000000101000101000000010000000101000011000000010000000101111001000000010000000100000001000000010000000101101110000000010000000101010011000000010000000101010010000000010000000101100110000000010000000100000001000000010000000100000001000000010000000101010000000000010000000101010110000000010000000101111010000000010000000100000001000000010000000100000001000000010000000101100011000000010000000101101011000000010000000101111010000000010000000100000001000000010000000100000001000000010000000101101101000000010000000101101000000000010000000100000001000000010000000100000001000000010000000100000001000000010000000100000001000000010000000100000001000000010000000100000001000000010000000100000001000000010000000100000001000000010000000101111100000000010000000101111101000000010000000100000001000000010000000100000001000000010000000100000001000000010000000100000001000000010000000100000001000000010000000100000001000000010000000100000001000000010000000100000001000000010000000100000001000000010000000100000001000000010000000100000001000000010000000100000001000000010000000100000001000000010000000100000001000000010000000100000001000000010000000100000001000000010000000100000001000000010000000100000001000000010000000100000001000000010111101100000001000000010000000100000001000000010000000100000001000000010000000100000001000000010000000100000001000000010110101100000001000000010111011100000001000000010000000100000001000000010000000100000001000000010000000100000001000000010110010100000001000000010110001000000001000000010111110000000001000000010000000100000001000000010111101000000001000000010110001100000001000000010101111100000001000000010111000100000001000000010000000100000001000000010111001100000001000000010100110100000001000000010100101100000001000000010110110100000001000000010000000100000001000000010110101000000001000000010100111100000001000000010100001100000001000000010110000100000001000000010000000100000001000000010111011100000001000000010100101100000001000000010100010000000001000000010110111100000001000000010000000100000001000000010110111100000001000000010101010100000001000000010101110100000001000000010110011100000001000000010000000100000001000000010111111100000001000000010101110100000001000000010110011000000001000000010000000100000001000000010000000100000001000000010000000100000001000000010110001000000001000000010110011100000001000000010111011000000001000000010000000100000001000000010000000100000001000000010110011000000001000000010101111000000001000000010111110100000001000000010000000100000001000000010000000100000001000000010110101000000001000000010110011100000001000000010111101100000001000000010000000100000001000000010000000100000001011111110101101100000001000000010101110100000001000000010000000100000001000000010000000100000001000000010000000100000001000000010110101000000001000000010110011000000001000000010111101100000001000000010000000100000001000000010000000100000001000000010111011000000001011110000110000100000001000000010111101100000001000000010000000100000001000000010111101000000001000000010110011100000001000000010110101000000001000000010000000100000001000000010000000100000001000000010000000100000001000000010111010000000001011110010110101000000001000000010000000100000001000000010000000100000001000000010000000100000001011111010110110000000001000000010111100100000001000000010000000100000001000000010000000100000001000000010000000100000001000000010000000100000001000000010000000100000001000000010000000100000001000000010000000100000001000000010000000100000001000000010000000100000001000000010000000100000000000000010000000100000001000000010000000100000001000000010000000100000001000000010000000100000001000000010000000100000001000000010000000100000001000000010000000100000001000000010000000100000001000000010000000100000001000000010000000100000001000000010000000100000001000000010000000100000001000000010000000100000001000000010000000100000001000000010000000100000001000000010000000100000001000000010000000100000001000000010000000100000001000000010000000100000001000000010000000100000001000000010000000100000001000000010000000100000001000000010000000100000001000000010000000100000001000000010000000100000001000000010000000100000001000000010000000100000001000000010000000100000001000000010000000100000001000000010000000100000001000000010000000100000001000000010000000100000001000000010000000100000001000000010000000100000001000000010000000100000001000000010000000100000001000000010000000100000001000000010000000100000001000000010000000100000001000000010000000100000001000000010000000100000001000000010000000100000001000000010000000100000001000000010000000100000001000000010000000100000001000000010000000100000001000000010000000100000001000000010000000100000001000000010000000100000001000000010000000100000001000000010000000100000001000000010000000100000001000000010000000100000001000000010000000100000001000000010000000100000001000000010000000100000001000000010000000100000001000000010000000100000001000000010000000100000001000000010000000100000001000000010000000100000001000000010000000100000001000000010000000100000001000000010000000100000001000000010000000100000001000000010000000100000001000000010000000100000001000000010000000100000001000000010000000100000001000000010000000100000001000000010000000100000001000000010000000100000001000000010000000100000001000000010000000100000001000000010000000100000001000000010000000100000001000000010000000100000001000000010000000100000001000000010000000100000001000000010000000100000001000000010000000100000001000000010000000100000001000000010000000100000001000000010000000100000001000000010000000100000001000000010000000100000001000000010000000100000001000000010000000100000001000000010000000100000001000000010000000100000001000000010000000100000001000000010000000100000001000000010000000100000001000000010000000100000001000000010000000100000001000000010000000100000001000000010000000100000001000000010000000100000001000000010000000100000001000000010000000100000001000000010000000100000001000000010000000100000001000000010000000100000001000000010000000100000001000000010000000100000001000000010000000100000001000000010000000100000001000000010000000100000001000000010000000100000001000000010000000100000001000000010000000100000001000000010000000100000001000000010000000100000001000000010000000100000001000000010000000100000001000000010000000100000001000000010000000100000001000000010000000100000001000000010000000100000001000000010000000100000001000000010000000100000001000000010000000100000001000000010000000100000001000000010000000100000001000000010000000100000001000000010000000100000001000000010000000100000001000000010000000100000001000000010000000100000001000000010000000100000001000000010000000100000001000000010000000100000001000000010000000100000001000000010000000100000001000000010000000100000001000000010000000100000001000000010000000100000001000000010000000100000001000000010000000100000001000000010000000100000001000000010000000100000001000000010000000100000001000000010000000100000001000000010000000100000001000000010000000100000001000000010000000100000001000000010000000100000001000000010000000100000001000000010000000100000001000000010000000100000001000000010000000100000001000000010000000100000001000000010000000100000001000000010000000100000001000000010000000100000001000000010000000100000001000000010000000100000001000000010000000100000001000000010000000100000001000000010000000100000001000000010000000100000001000000010000000100000001000000010000000100000001000000010000000100000001000000010000000100000001000000010000000100000001000000010000000100000001000000010000000100000001000000010000000100000001000000010000000100000001000000010000000100000001000000010000000100000001000000010000000100000001000000010000000100000001000000010000000100000001000000010000000100000001000000010000000100000001000000010000000100000001000000010000000100000001000000010000000100000001000000010000000100000001000000010000000100000001000000010000000100000001000000010000000100000001000000010000000100000001000000010000000100000001000000010000000100000001000000010000000100000001000000010000000100000001000000010000000100000001000000010000000100000001000000010000000100000001000000010000000100000001000000010000000100000001000000010000000100000001000000010000000100000001000000010000000100000001000000010000000100000001000000010000000100000001000000010000000100000001000000010000000100000001000000010000000100000001000000010000000100000001000000010000000100000001000000010000000100000001011111100000000100000001000000010000000100000001000000010000000100000001000000010000000100000001000000010000000100000001000000010000000100000001000000010000000100000001000000010000000100000001000000010000000100000001011111010000000100000001011111000000000100000001000000010000000100000001000000010000000100000001000000010000000100000001000000010000000100000001011111110000000100000001000000010000000100000001000000010000000100000001000000010000000100000001011011010000000100000001011100000000000100000001000000010000000100000001000000010000000100000001000000010000000100000001011110010000000100000001011110100000000100000001000000010000000100000001000000010000000100000001000000010000000100000001011100000000000100000001011101110000000100000001000000010000000100000001000000010000000100000001000000010000000100000001000000010000000100000001000000010000000100000001000000010000000100000001000000010000000100000001000000010000000100000001000000010000000100000001000000010000000100000001000000010000000100000001000000010000000100000001000000010000000100000001000000010000000100000001000000010000000100000001000000010000000100000001000000010000000100000001000000010000000100000001000000010000000100000001000000010000000100000001000000010000000100000001000000010000000100000001000000010000000100000001000000010000000100000001000000010000000100000001000000010000000100000001000000010000000100000001000000010000000100000001000000010000000100000001000000010000000100000001000000010000000100000001000000010000000100000001000000010000000100000001000000010000000100000001000000010000000100000001000000010000000100000001000000010000000100000001000000010000000100000001000000010000000100000001000000010000000100000001000000010000000100000001000000010000000100000001000000010000000100000001000000010000000100000001000000010000000100000001000000010000000100000001000000010000000100000001000000010000000100000001000000010000000100000001000000010000000100000001000000010000000100000001000000010000000100000001000000010000000100000001000000010000000100000001000000010000000100000001000000010000000100000001000000010000000100000001000000010000000100000001000000010000000100000001000000010000000100000001000000010000000100000001000000010000000100000001000000010000000100000001000000010000000100000001000000010000000100000001000000010000000100000001000000010000000100000001000000010000000100000001000000010000000101101110000000010000000101110010000000010000000100000001000000010000000100000001000000010000000100000001000000010000000101110001000000010000000101110001000000010000000100000001000000010000000100000001000000010000000100000001000000010000000101101011000000010000000101101011000000010000000100000001000000010000000100000001000000010000000100000001000000010000000101111100000000010000000101110101000000010000000100000001000000010000000100000001000000010000000100000001000000010000000100000001000000010000000101111010000000010000000100000001000000010000000100000001000000010000000100000001000000010000000100000001000000010000000100000001000000010000000100000001000000010000000100000001000000010000000100000001000000010000000100000001000000010000000100000001000000010000000100000001000000010000000100000001000000010000000100000001000000010000000100000001000000010000000100000001000000010000000100000001000000010000000100000001000000010000000100000001000000010000000100000001000000010000000101111010000000010000000100000001000000010000000100000001000000010000000100000001000000010000000101111111000000010000000100000001000000010000000100000001000000010000000100000001000000010000000100000001000000010000000100000001000000010000000100000001000000010000000100000001000000010000000100000001000000010000000100000001000000010000000100000001000000010000000100000001000000010000000100000001000000010000000100000001000000010000000100000001000000010000000100000001000000010000000100000001000000010000000100000001000000010000000100000001000000010000000100000001000000010000000100000001000000010000000100000001000000010000000100000001000000010000000100000001000000010000000100000001000000010000000100000001000000010000000100000001000000010000000100000001000000010000000100000001000000010000000100000001000000010000000100000001000000010000000100000001000000000000000100000001000000010000000100000001000000010000000100000001000000010000000100000001000000010000000100000001000000010000000100000001000000010000000100000001000000010000000100000001000000010000000100000001000000010000000100000001000000010000000100000001000000010000000100000001000000010000000100000001000000010000000100000001000000010000000100000001000000010000000100000001000000010000000100000001000000010000000100000001000000010000000100000001000000010000000100000001000000010000000100000001000000010000000100000001000000010000000100000001000000010000000100000001000000010000000100000001000000010000000100000001000000010000000100000001000000010000000100000001000000010000000100000001000000010000000100000001000000010000000100000001000000010000000100000001000000010000000100000001000000010000000100000001000000010000000100000001000000010000000100000001000000010000000100000001000000010000000100000001000000010000000100000001000000010000000100000001000000010000000100000001000000010000000100000001000000010000000100000001000000010000000100000001000000010000000100000001000000010000000100000001000000010000000100000001000000010000000100000001000000010000000100000001000000010000000100000001000000010000000100000001000000010000000100000001000000010000000100000001000000010000000100000001000000010000000100000001000000010000000100000001000000010000000100000001000000010000000100000001000000010000000100000001000000010000000100000001000000010000000100000001000000010000000100000001000000010000000100000001000000010000000100000001000000010000000100000001000000010000000100000001000000010000000100000001000000010000000100000001000000010000000100000001000000010000000100000001000000010000000100000001000000010000000100000001000000010000000100000001000000010000000100000001000000010000000100000001000000010000000100000001000000010000000100000001000000010000000100000001000000010000000100000001000000010000000100000001000000010000000100000001000000010000000100000001000000010000000100000001000000010000000100000001000000010000000100000001000000010000000100000001000000010000000100000001000000010000000100000001000000010000000100000001000000010000000100000001000000010000000100000001000000010000000100000001000000010000000100000001000000010000000100000001000000010000000100000001000000010000000100000001000000010000000100000001000000010000000100000001000000010000000100000001000000010000000100000001000000010000000100000001000000010000000100000001000000010000000100000001000000010000000100000001000000010000000100000001000000010000000100000001000000010000000100000001000000010000000100000001000000010000000100000001000000010000000100000001000000010000000100000001000000010000000100000001000000010000000100000001000000010000000100000001000000010000000100000001000000010000000100000001000000010000000100000001000000010000000100000001000000010000000100000001000000010000000100000001000000010000000100000001000000010000000100000001000000010000000100000001000000010000000100000001000000010000000100000001000000010000000100000001000000010000000100000001000000010000000100000001000000010000000100000001000000010000000100000001000000010000000100000001000000010000000100000001000000010000000100000001000000010000000100000001000000010000000100000001000000010000000100000001000000010000000100000001000000010000000100000001000000010000000100000001000000010000000100000001000000010000000100000001000000010000000100000001000000010000000100000001000000010000000100000001000000010000000100000001000000010000000100000001000000010000000100000001000000010000000100000001000000010000000100000001000000010000000100000001000000010000000100000001000000010000000100000001000000010000000100000001000000010000000100000001000000010000000100000001000000010000000100000001000000010000000100000001000000010000000100000001000000010000000100000001000000010000000100000001000000010000000100000001000000010000000100000001000000010000000100000001000000010000000100000001000000010000000100000001000000010000000100000001000000010000000100000001000000010000000100000001000000010000000100000001000000010000000100000001000000010000000100000001000000010000000100000001000000010000000100000001000000010000000100000001000000010000000100000001000000010000000100000001000000010000000100000001000000010000000100000001000000010000000100000001000000010000000100000001000000010000000100000001000000010000000100000001000000010000000100000001000000010000000100000001000000010000000100000001000000010000000100000001000000010000000100000001000000010000000100000001000000010000000100000001000000010000000100000001000000010000000100000001000000010000000100000001000000010000000100000001000000010000000100000001000000010000000100000001000000010000000100000001000000010000000100000001000000010000000100000001000000010000000100000001000000010000000100000001000000010000000100000001000000010000000100000001000000010000000100000001000000010000000100000001000000010000000100000001000000010000000100000001000000010000000100000001000000010000000100000001000000010000000100000001000000010000000100000001000000010000000100000001000000010000000100000001000000010000000100000001000000010000000100000001000000010000000100000001000000010000000100000001000000010000000100000001000000010000000100000001000000010000000100000001000000010000000100000001000000010000000100000001000000010000000100000001000000010000000100000001000000010000000100000001000000010000000100000001000000010000000100000001000000010000000100000001000000010000000100000001000000010000000100000001000000010000000100000001000000010000000100000001000000010000000100000001000000010000000100000001000000010000000100000001000000010000000100000001000000010000000100000001000000010000000100000001000000010000000100000001000000010000000100000001000000010000000100000001000000010000000100000001000000010000000100000001000000010000000100000001000000010000000100000001000000010000000100000001000000010000000100000001000000010000000100000001000000010000000100000001000000010000000100000001000000010000000100000001000000010000000100000001000000010000000100000001000000010000000100000001000000010000000100000001000000010000000100000001000000010000000100000001000000010000000100000001000000010000000100000001000000010000000100000001000000010000000100000001000000010000000100000001000000010000000100000001000000010000000100000001000000010000000100000001000000010000000100000001000000010000000100000001000000010000000100000001000000010000000100000001000000010000000100000001000000010000000100000001000000010000000100000001000000010000000100000001000000010000000100000001000000010000000100000001000000010000000100000001000000010000000100000001000000010000000100000001000000010000000100000001000000010000000100000001000000010000000100000001000000010000000100000001000000010000000100000001000000010000000100000001000000010000000100000001000000010000000100000001000000010000000100000001000000010000000100000001000000010000000100000001000000010000000100000001000000010000000100000001000000010000000100000001000000010000000100000001000000010000000100000001000000010000000100000001000000010000000100000001000000010000000100000001000000010000000100000001000000010000000100000001000000010000000100000001000000010000000100000001000000010000000100000001000000010000000100000001000000010000000100000001000000010000000100000001000000010000000100000001000000010000000100000001000000010000000100000001000000010000000100000001000000010000000100000001000000010000000100000001000000010000000100000001000000010000000100000001000000010000000100000001000000010000000100000001000000010000000100000001000000010000000100000001000000010000000100000001000000010000000100000001000000010000000100000001000000010000000100000001000000010000000100000001000000010000000100000001000000010000000100000001000000010000000100000001000000010000000100000001000000010000000100000001000000010000000100000001000000010000000100000001000000010000000100000001000000010000000100000001000000010000000100000001000000010000000100000001000000010000000100000001000000010000000100000001000000010000000100000001000000010000000100000001000000010000000100000001000000010000000100000001000000010000000100000001000000010000000100000001000000010000000100000001000000010000000100000001000000010000000100000001000000010000000100000001000000010000000100000001000000010000000100000001000000010000000100000001000000010000000100000001000000010000000100000001000000010000000100000001000000010000000100000001000000010000000100000001000000010000000100000001000000010000000100000001000000010000000100000001000000010000000100000001000000010000000100000001000000010000000100000001000000010000000100000001000000010000000100000001000000010000000100000001000000010000000100000001000000010000000100000001000000010000000100000001000000010000000100000001000000010000000100000001000000010000000100000001000000010000000100000001000000010000000100000001000000010000000100000001000000010000000100000001000000010000000100000001000000010000000100000001000000010000000100000001000000010000000100000001000000010000000100000001000000010000000100000001000000010000000100000001000000010000000100000001000000010000000100000001000000010000000100000001000000010000000000000001000000010000000100000001000000010000000100000001000000010000000100000001000000010000000100000001000000010000000100000001000000010000000100000001000000010000000100000001000000010000000100000001000000010000000100000001000000010000000100000001000000010000000100000001000000010000000100000001000000010000000100000001000000010000000100000001000000010111010000000001000000010111111000000001000000010000000100000001000000010000000100000001000000010000000100000001000000010000000100000001000000010111111100000001000000010000000100000001000000010000000100000001000000010000000100000001000000010000000100000001000000010000000100000001000000010000000100000001000000010000000100000001000000010000000100000001000000010000000100000001000000010000000100000001000000010000000100000001000000010000000100000001000000010000000100000001000000010000000100000001000000010000000100000001000000010000000100000001000000010000000100000001000000010000000100000001000000010000000100000001000000010000000100000001000000010000000100000001000000010000000100000001000000010000000100000001000000010000000100000001000000010000000100000001000000010000000100000001000000010000000100000001000000010000000100000001000000010000000101111110000000010000000100000001000000010000000100000001000000010000000100000001000000010000000101111001000000010000000100000001000000010000000100000001000000010000000100000001000000010000000100000001000000010000000100000001000000010000000100000001000000010000000100000001000000010000000100000001000000010000000100000001000000010000000100000001000000010000000100000001000000010000000100000001000000010000000100000001000000010000000100000001000000010000000100000001000000010000000100000001000000010000000100000001000000010000000100000001000000010000000100000001000000010000000100000001000000010000000100000001000000010000000100000001000000010000000100000001000000010000000100000001000000010000000100000001000000010000000100000001000000010000000100000001000000010000000100000001000000010000000100000001000000010000000100000001000000010000000100000001000000010000000100000001000000010000000100000001000000010000000100000001000000010000000100000001000000010000000100000001000000010000000100000001000000010000000100000001000000010000000100000001000000010000000100000001000000010000000100000001000000010000000100000001000000010000000100000001000000010000000100000001000000010000000100000001000000010000000100000001000000010000000100000001000000010000000100000001000000010000000100000001000000010000000100000001000000010000000100000001000000010000000100000001000000010000000100000001000000010000000100000001000000010000000100000001000000010000000100000001000000010000000100000001000000010000000100000001000000010000000100000001000000010000000100000001000000010000000100000001000000010000000100000001000000010000000100000001000000010000000100000001000000010000000100000001000000010000000100000001000000010000000100000001000000010000000100000001000000010000000100000001000000010000000100000001000000010000000100000001000000010000000100000001000000010000000100000001000000010000000100000001000000010000000100000001000000010000000100000001000000010000000100000001000000010000000100000001000000010000000100000001000000010000000100000001000000010000000100000001000000010000000100000001000000010000000100000001000000010000000100000001000000010000000100000001000000010000000100000001000000010000000100000001000000010000000100000001000000010000000100000001000000010000000100000001000000010000000100000001000000010111111100000001000000010000000100000001000000010000000100000001000000010000000100000001000000010000000100000001000000010111110100000001000000010000000100000001000000010000000100000001000000010000000100000001000000010000000100000001000000010000000100000001000000010000000100000001000000010000000100000001000000010000000100000001000000010000000100000001000000010000000100000001000000010000000100000001000000010000000100000001000000010000000100000001000000010000000100000001000000010000000100000001000000010000000100000001000000010000000100000001000000010000000100000001000000010000000100000001000000010000000100000001000000010000000100000001000000010000000100000001000000010000000100000001000000010000000100000001000000010000000100000001000000010000000100000001000000010000000100000001000000010000000100000001000000010000000100000001000000010000000100000001000000010000000100000001000000010000000100000001000000010000000100000001000000010000000101110010000000010000000100000001000000010000000100000001000000010000000100000001000000010000000101110010000000010000000101111100000000010000000100000001000000010000000100000001000000010000000100000001000000010000000101100101000000010000000101110101000000010000000100000001000000010000000100000001000000010000000100000001000000010000000101101010000000010000000101101000000000010000000100000001000000010000000100000001000000010000000100000001000000010000000101100100000000010000000101011100000000010000000100000001000000010000000100000001000000010000000100000001000000010000000101100001000000010000000101011001000000010000000100000001000000010000000100000001000000010000000100000001000000010000000101010110000000010000000101011000000000010000000100000001000000010000000100000001000000010000000100000001000000010000000101010001000000010000000101001110000000010000000101111110000000010000000100000001000000010000000100000001000000010000000101001100000000010000000101001011000000010000000100000001000000010000000100000001000000010000000101110000000000010000000101001101000000010000000101001010000000010000000101110101000000010000000100000001000000010000000100000001000000010000000101010000000000010000000101011001000000010000000100000001000000010000000100000001000000010000000100000001000000010000000101100010000000010000000101100011000000010000000100000001000000010000000100000001000000010000000100000001000000010000000101101001000000010000000101010111000000010000000100000001000000010000000100000001000000010000000100000001000000010000000101101111000000010000000101101010000000010000000100000001000000010000000100000001000000010000000100000001000000010000000101101000000000010000000101110101000000010000000100000001000000010000000100000001000000010000000100000001000000010000000100000001000000010000000100000001000000010000000100000001000000010000000100000001000000010000000100000001000000010000000100000001000000010000000100000001000000010000000100000001000000010000000100000001000000010000000100000001000000010000000100000001000000010000000100000001000000010000000100000001000000010000000100000001000000010000000100000001000000010000000100000001000000010000000100000001000000010000000100000001000000010000000100000001000000010000000100000001000000010000000100000001000000010000000100000001000000010000000100000001000000010000000100000001000000010000000100000001000000010000000100000001000000010000000100000001000000010000000100000001000000010000000100000001000000010000000100000001000000010000000100000001000000010111110000000001000000010000000100000001000000010000000100000001000000010000000100000001000000010000000100000001000000010110111100000001000000010110111100000001000000010000000100000001000000010000000100000001000000010000000100000001000000010110101100000001000000010110100000000001000000010000000100000001000000010000000100000001000000010000000100000001000000010101011100000001000000010101101100000001000000010000000100000001000000010000000100000001000000010000000100000001000000010101100100000001000000010101001100000001000000010000000100000001000000010000000100000001000000010000000100000001000000010101110000000001000000010100111100000001000000010000000100000001000000010000000100000001000000010000000100000001000000010101101100000001000000010110000100000001000000010000000100000001000000010000000100000001000000010000000100000001000000010110011100000001000000010110011100000001000000010000000100000001000000010000000100000001000000010000000100000001000000010110101100000001000000010110101100000001000000010000000100000001000000010000000100000001000000010000000100000001000000010110101100000001000000010110001000000001000000010000000100000001000000010000000100000001000000010000000100000001000000010110111000000001000000010110110100000001000000010000000100000001000000010000000100000001000000010000000100000001000000010110000000000001000000010110111000000001000000010000000100000001000000010000000100000001000000010000000100000001000000010111000100000001000000010111000000000001000000010000000100000001000000010000000100000001000000010000000100000001000000010111101000000001000000010110110000000001000000010000000100000001000000010000000100000001000000010000000100000001000000010110111100000001000000010111011100000001000000010000000100000001000000010000000100000001000000010000000100000001000000010111111100000001000000010111101000000001000000010000000100000001000000010000000100000001000000010000000100000001000000010111011100000001000000010000000100000001000000010000000100000001000000010000000100000001000000010000000100000001000000010000000100000001000000010000000100000001000000010000000100000001000000010000000100000001000000010000000100000001000000010000000100000001000000010000000100000000000000010000000100000001000000010000000100000001000000010000000100000001000000010000000100000001000000010000000100000001000000010000000100000001000000010000000100000001000000010000000100000001000000010000000100000001000000010000000100000001000000010000000101101111000000010000000101110100000000010000000100000001000000010000000100000001000000010000000101100110000000010000000101100111000000010000000100000001000000010000000100000001000000010000000100000001000000010000000101110101000000010000000101110011000000010000000100000001000000010000000100000001000000010000000100000001000000010000000101110111000000010000000100000001000000010000000100000001000000010000000100000001000000010000000100000001000000010000000100000001000000010000000100000001000000010000000100000001000000010000000100000001000000010000000100000001000000010000000100000001000000010000000100000001000000010000000100000001000000010000000100000001000000010000000100000001000000010000000100000001000000010000000100000001000000010000000100000001000000010000000100000001000000010000000100000001011101100000000100000001011111100000000100000001000000010000000100000001000000010000000100000001000000010000000100000001011100010000000100000001011111010000000100000001011101010000000100000001000000010000000100000001000000010000000100000001011101010000000100000001011011110000000100000001000000010000000100000001000000010000000100000001011111100000000100000001011101000000000100000001011101110000000100000001000000010000000100000001000000010000000100000001000000010000000100000001011011110000000100000001011110110000000100000001000000010000000100000001000000010000000100000001000000010000000100000001000000010000000100000001011110100000000100000001000000010000000100000001000000010000000100000001000000010000000100000001000000010000000100000001011110000000000100000001000000010000000100000001000000010000000100000001000000010000000100000001000000010000000100000001011111110000000100000001000000010000000100000001000000010000000100000001000000010000000100000001011110000000000100000001011110100000000100000001000000010000000100000001000000010000000100000001000000010000000100000001000000010000000100000001000000010000000100000001000000010000000100000001000000010000000100000001000000010000000100000001000000010000000100000001000000010000000100000001000000010000000100000001000000010000000100000001000000010000000100000001000000010000000100000001000000010000000100000001000000010000000100000001000000010000000100000001000000010000000100000001000000010000000100000001000000010000000100000001000000010000000100000001000000010000000100000001000000010000000100000001000000010000000100000001000000010000000100000001000000010000000100000001000000010000000100000001000000010000000100000001000000010000000100000001000000010000000100000001000000010000000100000001000000010000000100000001000000010000000100000001000000010000000100000001000000010000000100000001000000010000000100000001000000010000000100000001000000010000000100000001000000010000000100000001000000010000000100000001000000010000000100000001000000010000000100000001000000010000000100000001000000010000000100000001000000010000000100000001000000010000000100000001000000010000000100000001000000010000000100000001000000010000000100000001000000010000000101110100000000010000000100000001000000010000000100000001000000010000000100000001000000010000000101111011000000010000000101111001000000010000000101111111000000010000000100000001000000010000000100000001000000010000000101101101000000010000000101111010000000010000000100000001000000010000000100000001000000010000000101111001000000010000000101110001000000010000000101111010000000010000000100000001000000010000000100000001000000010000000100000001000000010000000101111000000000010000000101110101000000010000000100000001000000010000000100000001000000010000000100000001000000010000000101111101000000010000000100000001000000010000000100000001000000010000000100000001000000010000000100000001000000010000000100000001000000010000000100000001000000010000000100000001000000010000000100000001000000010000000100000001000000010000000100000001000000010000000100000001000000010000000100000001000000010000000100000001000000010000000100000001011111100000000100000001011101110000000100000001000000010000000100000001000000010000000100000001000000010000000100000001011101010000000100000001011101000000000100000001011111100000000100000001000000010000000100000001000000010000000100000001011001100000000100000001011011010000000100000001011111110000000100000001000000010000000100000001011100100000000100000001011010110000000100000001011001100000000100000001011100000000000100000001000000010000000100000001011110100000000100000001011000010000000100000001010101010000000100000001011100110000000100000001000000010000000100000001011000110000000100000001010110000000000100000001010101000000000100000001011000000000000100000001000000010000000100000001011010010000000100000001010010110000000100000001010100000000000100000001011100000000000100000001011111100000000100000001010110010000000100000001010001000000000100000001010010010000000100000001010010100000000100000001011101100000000100000001011000100000000100000001010000100000000100000001001111010000000100000001010101010000000100000001011101110000000100000001010001000000000100000001001110100000000100000001001110100000000100000001010000000000000100000001011101100000000100000001010100110000000100000001001100010000000100000001001011000000000100000001010011110000000100000001010110110000000100000001001111000000000100000001001101010000000100000001001100010000000100000001001111010000000100000001011011000000000100000001010111100000000100000001001111110000000100000001001110100000000100000001010110100000000100000001011110000000000100000001010011010000000100000001010001110000000100000001010100000000000100000001010101000000000100000001000000010000000100000001011010010000000100000001010011000000000100000001010100010000000100000001011010100000000100000001000000010000000100000001011001000000000100000001010100110000000100000001011000100000000100000001010111110000000100000001000000010000000100000001011100110000000100000001010101110000000100000001010110110000000100000001011101110000000100000001000000010000000100000001011101000000000100000001011101000000000100000001011101100000000100000001011110000000000100000001000000010000000100000001000000010000000100000001011100100000000100000001011111110000000100000001000000010000000100000001000000010000000100000001000000010000000100000001000000010000000100000001000000010000000100000001000000010000000100000001000000010000000100000001000000010000000100000001000000010000000100000001000000010000000100000001000000010000000100000001000000010000000100000001000000010000000100000001000000010000000101111111000000010000000100000001000000010000000100000001000000010000000100000001000000010000000100000001000000010000000101111010000000010000000101110101000000010000000100000001000000010000000100000001000000010000000101111010000000010000000101110101000000010000000101101100000000010000000101110111000000010000000100000001000000010000000100000001000000010000000101101000000000010000000101011100000000010000000101110001000000010000000100000001000000010000000101101101000000010000000101011011000000010000000101011000000000010000000101100011000000010000000100000001000000010000000101100111000000010000000101001011000000010000000101010000000000010000000101100101000000010000000100000001000000010000000101011100000000010000000101000010000000010000000101000011000000010000000101000110000000010000000100000001000000010000000101011110000000010000000100110110000000010000000101001001000000010000000101010011000000010000000100000001000000010000000101100010000000010000000101001100000000010000000101010001000000010000000101011001000000010000000100000001000000010000000101100011000000010000000101011011000000010000000101001101000000010000000101100111000000010000000100000001000000010000000101100000000000010000000101011111000000010000000101001111000000010000000101100111000000010000000100000001000000010000000101110101000000010000000101010000000000010000000101011010000000010000000101100111000000010000000100000001000000010000000101101001000000010000000101011110000000010000000101011100000000010000000101100101000000010000000100000001000000010000000101101110000000010000000101011100000000010000000101010110000000010000000101101011000000010000000100000001000000010000000101101010000000010000000101010011000000010000000101100010000000010000000101100110000000010000000100000001000000010000000101101111000000010000000101011100000000010000000101100010000000010000000101100111000000010000000100000001000000010000000101110000000000010000000101100001000000010000000101100000000000010000000101101011000000010000000100000001000000010000000100000001000000010000000101100001000000010000000101011111000000010000000101111100000000010000000100000001000000010000000100000001000000010000000101101011000000010000000101101011000000010000000100000001000000010000000100000001000000010000000100000001000000010000000100000001000000010000000100000001000000010000000100000001000000010000000100000001000000010000000100000001000000010000000100000001000000010000000100000001000000000000000100000001000000010000000100000001000000010000000100000001000000010000000100000001000000010000000100000001000000010000000100000001000000010000000100000001000000010000000100000001000000010000000100000001000000010000000100000001000000010000000100000001011100010000000100000001000000010000000100000001000000010000000100000001000000010000000100000001011000110000000100000001011010000000000100000001000000010000000100000001000000010000000100000001011101100000000100000001011010110000000100000001011100010000000100000001011110100000000100000001000000010000000100000001000000010000000100000001011101100000000100000001011101100000000100000001000000010000000100000001000000010000000100000001000000010000000100000001000000010000000100000001011101010000000100000001000000010000000100000001000000010000000100000001000000010000000100000001000000010000000100000001000000010000000100000001000000010000000100000001000000010000000100000001000000010000000100000001000000010111111100000001000000010000000100000001000000010000000100000001000000010000000100000001000000010111101000000001000000010111101000000001000000010000000100000001000000010000000100000001000000010111100000000001000000010110101000000001000000010110111000000001000000010111101100000001000000010000000100000001000000010000000100000001000000010110011000000001000000010110100000000001000000010111101000000001000000010000000100000001000000010111100000000001000000010111000000000001000000010111001100000001000000010111101100000001000000010000000100000001000000010111111000000001000000010110110000000001000000010110110000000001000000010000000100000001000000010000000100000001000000010000000100000001000000010111011000000001000000010111000100000001000000010111100100000001000000010000000100000001000000010000000100000001000000010111010100000001000000010111000100000001000000010000000100000001000000010000000100000001000000010000000100000001000000010111001100000001000000010111011100000001000000010000000100000001000000010000000100000001000000010000000100000001000000010111000100000001000000010111101000000001000000010000000100000001000000010000000100000001000000010000000100000001000000010111011100000001000000010111111000000001000000010000000100000001000000010000000100000001000000010000000100000001000000010111100000000001000000010111101000000001000000010000000100000001000000010000000100000001000000010000000100000001000000010000000100000001000000010000000100000001000000010000000100000001000000010000000100000001000000010000000100000001000000010000000100000001000000010000000100000001000000010000000100000001000000010000000100000001000000010000000100000001000000010000000100000001000000010000000100000001000000010000000100000001000000010000000100000001000000010000000100000001000000010000000100000001000000010000000100000001000000010000000100000001000000010000000100000001000000010000000100000001000000010000000100000001000000010000000100000001000000010000000100000001000000010000000100000001000000010000000100000001000000010000000100000001011111010000000100000001000000010000000100000001000000010000000100000001000000010000000100000001000000010000000100000001011111010000000100000001000000010000000100000001000000010000000100000001000000010000000100000001000000010000000100000001011110110000000100000001011110100000000100000001011111100000000100000001000000010000000100000001000000010000000100000001000000010000000100000001011110110000000100000001011111010000000100000001000000010000000100000001011111010000000100000001011011100000000100000001011011010000000100000001000000010000000100000001000000010000000100000001000000010000000100000001011101000000000100000001011010110000000100000001011111010000000100000001000000010000000100000001000000010000000100000001011111100000000100000001011100000000000100000001000000010000000100000001000000010000000100000001000000010000000100000001000000010000000100000001000000010000000100000001000000010000000100000001000000010000000100000001000000010000000100000001000000010000000100000001000000010000000100000001000000010000000100000001000000010000000100000001000000010111101000000001000000010111111100000001000000010000000100000001000000010000000100000001000000010000000100000001000000010111011000000001000000010111000000000001000000010000000100000001000000010000000100000001000000010000000100000001000000010111011000000001000000010111010000000001000000010111111000000001000000010000000100000001000000010000000100000001000000010110011000000001000000010110001100000001000000010111100000000001000000010000000100000001000000010111100000000001000000010110011000000001000000010110000000000001000000010110010000000001000000010000000100000001000000010111000000000001000000010101000100000001000000010100111000000001000000010110101000000001000000010111111100000001000000010101111100000001000000010100101100000001000000010100011100000001000000010101101100000001000000010111000100000001000000010110000100000001000000010100010000000001000000010100000100000001000000010110010000000001000000010111000100000001000000010101000000000001000000010011100100000001000000010011010100000001000000010100101100000001000000010110010000000001000000010101111000000001000000010011001100000001000000010011001100000001000000010100111100000001000000010101100100000001000000010011011100000001000000010010110000000001000000010010101100000001000000010011011000000001000000010101110000000001000000010100110000000001000000010010000000000001000000010001101000000001000000010011111000000001000000010101011100000001000000010011111000000001000000010010011000000001000000010010001100000001000000010011011100000001000000010101100100000001000000010101000000000001000000010010000100000001000000010010100100000001000000010100100000000001000000010101110100000001000000010100101000000001000000010011011000000001000000010011111100000001000000010101000100000001000000010111001100000001000000010101110100000001000000010100011000000001000000010100000100000001000000010110001100000001000000010111101000000001000000010101110100000001000000010100111100000001000000010101011100000001000000010110011100000001000000010000000100000001000000010111000000000001000000010101001100000001000000010101010100000001000000010110111100000001000000010000000100000001000000010111100000000001000000010110111000000001000000010111000000000001000000010111110000000001000000010000000100000001000000010000000100000001000000010111000000000001000000010111001100000001000000010000000100000001000000010000000100000001000000010000000100000001000000010000000100000001000000010000000100000001000000010000000100000001000000010000000100000001000000010000000100000001000000010000000100000001000000010000000100000001000000010000000100000001000000010000000100000001000000010000000100000001000000010000000100000001000000010000000100000001000000010000000100000001000000010000000100000001000000010000000100000001000000010000000100000001011101110000000100000001000000010000000100000001000000010000000100000001000000010000000100000001011110100000000100000001011000000000000100000001011101000000000100000001011110000000000100000001000000010000000100000001011100110000000100000001010110010000000100000001010100110000000100000001011001100000000100000001000000010000000100000001011000010000000100000001010100100000000100000001010100000000000100000001010110000000000100000001000000010000000100000001010110100000000100000001001110100000000100000001010000000000000100000001010110100000000100000001011110110000000100000001010101100000000100000001010000100000000100000001001011010000000100000001010001110000000100000001011011110000000100000001010100000000000100000001001110010000000100000001001100000000000100000001010100110000000100000001011110100000000100000001010100000000000100000001010011000000000100000001010001010000000100000001010110010000000100000001000000010000000100000001011010000000000100000001010001010000000100000001010100100000000100000001011010100000000100000001000000010000000100000001011001000000000100000001010100110000000100000001010110000000000100000001010110100000000100000001000000010000000100000001011011110000000100000001010011110000000100000001010100000000000100000001010111110000000100000001000000010000000100000001011001100000000100000001010100110000000100000001010100100000000100000001011000110000000100000001000000010000000100000001011001010000000100000001010011010000000100000001010011110000000100000001011001110000000100000001000000010000000100000001010111010000000100000001010111110000000100000001010101110000000100000001011000100000000100000001000000010000000100000001011011000000000100000001010101100000000100000001010100110000000100000001011100000000000100000001000000010000000100000001011010010000000100000001010110100000000100000001010101110000000100000001011011000000000100000001000000010000000100000001011101010000000100000001011000100000000100000001011001000000000100000001011101110000000100000001000000010000000100000001000000010000000100000001011011000000000100000001011011110000000100000001000000010000000100000001000000010000000100000001000000010000000100000001000000010000000100000001000000010000000100000001000000010000000100000001000000010000000100000001000000010000000100000001000000010000000100000001000000010000000000000001000000010000000100000001000000010000000100000001000000010000000100000001000000010000000100000001000000010000000100000001000000010000000100000001000000010000000100000001000000010000000100000001000000010000000100000001000000010000000100000001000000010000000100000001000000010000000100000001000000010000000100000001000000010000000100000001000000010000000100000001000000010111111000000001000000010000000100000001000000010000000100000001000000010000000100000001000000010110011100000001000000010111010100000001000000010000000100000001000000010000000100000001000000010000000100000001000000010111110000000001000000010111110100000001000000010000000100000001000000010000000100000001000000010000000100000001000000010000000100000001000000010000000100000001000000010000000100000001000000010000000100000001000000010000000100000001000000010000000100000001000000010000000100000001000000010000000100000001000000010000000100000001000000010000000100000001000000010000000100000001000000010000000100000001000000010000000100000001000000010000000100000001000000010000000100000001000000010000000101111100000000010000000100000001000000010000000100000001000000010000000100000001000000010000000101110100000000010000000101101011000000010000000100000001000000010000000100000001000000010000000100000001000000010000000101110001000000010000000101101001000000010000000100000001000000010000000100000001000000010000000100000001000000010000000101101110000000010000000101110011000000010000000100000001000000010000000100000001000000010000000100000001000000010000000101101110000000010000000101110001000000010000000100000001000000010000000100000001000000010000000100000001000000010000000101110101000000010000000101110110000000010000000100000001000000010000000100000001000000010000000100000001000000010000000101111010000000010000000101111100000000010000000100000001000000010000000100000001000000010000000100000001000000010000000101111011000000010000000101111101000000010000000100000001000000010000000100000001000000010000000100000001000000010000000101110111000000010000000101110110000000010000000100000001000000010000000100000001000000010000000100000001000000010000000100000001000000010000000101111101000000010000000100000001000000010000000100000001000000010000000100000001000000010000000100000001000000010000000100000001000000010000000100000001000000010000000100000001000000010000000100000001000000010000000100000001000000010000000100000001000000010000000100000001000000010000000100000001000000010000000100000001000000010000000100000001000000010000000100000001000000010000000100000001000000010000000100000001000000010000000100000001000000010000000100000001000000010000000100000001000000010000000100000001000000010000000100000001000000010000000100000001000000010000000100000001000000010000000100000001000000010000000100000001000000010000000100000001000000010000000100000001000000010000000100000001000000010000000100000001000000010000000100000001000000010000000100000001000000010000000100000001000000010000000100000001000000010000000100000001000000010000000100000001000000010000000100000001000000010000000100000001000000010000000100000001000000010000000100000001000000010000000100000001000000010000000100000001000000010000000100000001000000010000000100000001000000010000000100000001000000010000000100000001000000010000000100000001000000010000000100000001000000010000000100000001000000010000000100000001000000010111111000000001000000010000000100000001000000010000000100000001000000010000000100000001000000010111101100000001000000010111100100000001000000010000000100000001000000010000000100000001000000010000000100000001000000010111011000000001000000010000000100000001000000010000000100000001000000010000000100000001000000010000000100000001000000010111011100000001000000010000000100000001000000010000000100000001000000010000000100000001000000010000000100000001000000010000000100000001000000010000000100000001000000010000000100000001000000010000000100000001000000010000000100000001000000010000000100000001000000010000000100000001000000010000000100000001000000010000000100000001000000010000000100000001000000010000000101111111000000010000000100000001000000010000000100000001000000010000000100000001000000010000000101111000000000010000000101111001000000010000000100000001000000010000000100000001000000010000000100000001000000010000000101110110000000010000000101110101000000010000000100000001000000010000000100000001000000010000000100000001000000010000000101101001000000010000000101101011000000010000000100000001000000010000000100000001000000010000000100000001000000010000000101101001000000010000000101100111000000010000000101111110000000010000000100000001000000010000000101111010000000010000000101011100000000010000000101011010000000010000000101110011000000010000000101111011000000010000000101101111000000010000000101010110000000010000000101010101000000010000000101100010000000010000000101110110000000010000000101100111000000010000000101001110000000010000000101001111000000010000000101100100000000010000000101110100000000010000000101011101000000010000000100111110000000010000000100111101000000010000000101010001000000010000000101100111000000010000000101011101000000010000000100111100000000010000000100110110000000010000000101010100000000010000000101011001000000010000000101001000000000010000000100110000000000010000000100101101000000010000000101000111000000010000000101011101000000010000000101010100000000010000000100100000000000010000000100100111000000010000000101000111000000010000000101010101000000010000000101001000000000010000000100101110000000010000000100110001000000010000000101000010000000010000000101011110000000010000000101010011000000010000000100110001000000010000000100110100000000010000000101010000000000010000000101100011000000010000000101010101000000010000000101000101000000010000000101000110000000010000000101011100000000010000000101110001000000010000000101100011000000010000000101010000000000010000000101001101000000010000000101101101000000010000000101111010000000010000000101100101000000010000000101010110000000010000000101011100000000010000000101110111000000010000000100000001000000010000000101110101000000010000000101011110000000010000000101011101000000010000000100000001000000010000000100000001000000010000000100000001000000010000000101110010000000010000000101110011000000010000000100000001000000010000000100000001000000010000000100000001000000010000000101110101000000010000000101111010000000010000000100000001000000010000000100000001000000010000000100000001000000010000000100000001000000010000000100000001000000010000000100000001000000010000000100000001000000010000000100000001000000010000000100000001000000010000000100000001000000010000000100000001000000010000000100000001000000010000000100000001000000010000000100000001000000010000000100000001000000010000000100000001000000010000000100000001000000010000000100000001000000010000000100000001000000010000000100000001000000010111111100000001000000010000000100000001000000010000000100000001000000010000000100000001000000010111100000000001000000010110111100000001000000010000000100000001000000010000000100000001000000010000000100000001000000010110001000000001000000010110001100000001000000010000000100000001000000010000000100000001000000010111101100000001000000010101101000000001000000010101100000000001000000010111001100000001000000010000000100000001000000010111101000000001000000010101000100000001000000010100110000000001000000010111001100000001000000010000000100000001000000010110101100000001000000010011111100000001000000010100001100000001000000010101011000000001000000010111010100000001000000010110001100000001000000010011110100000001000000010011111100000001000000010110101100000001000000010111011000000001000000010110101000000001000000010100110000000001000000010100111100000001000000010111011100000001000000010111111100000001000000010000000100000001000000010101001000000001000000010101000100000001000000010111101100000001000000010000000100000001000000010111110100000001000000010101100100000001000000010101001000000001000000010000000100000001000000010000000100000001000000010000000100000001000000010101100000000001000000010101000000000001000000010000000100000001000000010000000100000001000000010111110000000001000000010101101000000001000000010101100100000001000000010111101100000001000000010000000100000001000000010000000100000001000000010101010000000001000000010101011000000001000000010111111100000001000000010000000100000001000000010000000100000001000000010101010100000001000000010110000100000001000000010111111000000001000000010000000100000001000000010111111100000001000000010101011000000001000000010101101100000001000000010000000100000001000000010000000100000001000000010000000100000001000000010101110000000001000000010110000100000001000000010111001100000001000000010111110100000001000000010000000100000001000000010110110100000001000000010111000000000001000000010000000100000001000000010000000100000001000000010000000100000001000000010000000100000001000000010000000100000001000000010000000100000001000000010000000100000001000000010000000100000001000000010000000100000001000000010000000100000001000000010000000100000001000000010000000100000001000000010000000100000001000000010000000100000001000000010000000100000000000000010000000100000001000000010000000100000001000000010000000100000001000000010000000100000001000000010000000100000001000000010000000100000001000000010000000100000001000000010000000100000001000000010000000100000001000000010000000100000001000000010000000100000001000000010000000100000001000000010000000100000001000000010000000100000001000000010000000100000001000000010000000100000001000000010000000100000001000000010000000100000001000000010000000100000001000000010000000101111100000000010000000100000001000000010000000100000001000000010000000100000001000000010000000100000001000000010000000100000001000000010000000100000001000000010000000100000001000000010000000100000001000000010000000100000001000000010000000100000001000000010000000100000001000000010000000100000001000000010000000100000001000000010000000100000001000000010000000100000001000000010000000100000001000000010000000100000001000000010000000100000001000000010000000100000001000000010000000100000001000000010000000100000001000000010000000100000001000000010000000100000001000000010000000100000001000000010000000100000001000000010000000100000001000000010000000100000001000000010000000100000001000000010000000100000001000000010000000100000001000000010000000100000001000000010000000100000001000000010000000100000001000000010000000100000001000000010000000100000001000000010000000100000001000000010000000100000001000000010000000100000001000000010000000100000001000000010000000100000001000000010000000100000001000000010000000100000001000000010000000100000001000000010000000100000001000000010000000100000001000000010000000100000001000000010000000100000001000000010000000100000001000000010000000100000001000000010000000100000001000000010000000100000001000000010000000100000001000000010000000100000001000000010000000100000001000000010000000100000001000000010000000100000001000000010000000100000001000000010000000100000001000000010000000100000001000000010000000100000001000000010000000100000001000000010000000100000001000000010000000100000001000000010000000100000001000000010000000100000001000000010000000100000001000000010000000100000001000000010000000100000001000000010000000100000001000000010000000100000001000000010000000100000001000000010000000100000001000000010000000100000001000000010000000100000001000000010000000100000001000000010000000100000001000000010000000100000001000000010000000100000001000000010000000100000001000000010000000100000001000000010000000100000001000000010000000100000001000000010000000100000001000000010000000100000001000000010000000100000001000000010000000100000001000000010000000100000001000000010000000100000001000000010000000100000001000000010000000100000001000000010000000100000001000000010000000100000001000000010000000100000001000000010000000100000001000000010000000100000001000000010000000100000001000000010000000100000001000000010000000100000001000000010000000100000001000000010000000100000001000000010000000100000001000000010000000100000001000000010000000100000001000000010000000100000001000000010000000100000001000000010000000100000001000000010000000100000001000000010000000100000001000000010000000100000001000000010000000100000001000000010000000100000001000000010000000100000001000000010000000100000001000000010000000100000001000000010000000100000001000000010000000100000001000000010000000100000001000000010000000100000001000000010000000100000001000000010000000100000001000000010000000100000001000000010000000100000001000000010000000100000001000000010000000100000001000000010000000100000001000000010000000100000001000000010000000100000001000000010000000100000001000000010000000100000001000000010000000100000001000000010000000100000001000000010000000100000001000000010000000100000001000000010000000100000001000000010000000100000001000000010000000100000001000000010000000100000001000000010000000100000001000000010000000100000001000000010000000100000001000000010000000100000001000000010000000100000001000000010000000100000001000000010000000100000001000000010000000100000001000000010000000100000001000000010000000100000001000000010000000100000001000000010000000100000001000000010000000100000001000000010000000100000001000000010000000100000001000000010000000100000001000000010000000100000001000000010000000100000001000000010000000100000001000000010000000100000001000000010000000100000001000000010000000100000001000000010000000100000001000000010000000100000001000000010000000100000001000000010000000100000001000000010000000100000001000000010000000100000001000000010000000100000001000000010000000100000001000000010000000100000001000000010000000100000001000000010000000100000001011100110000000100000001000000010000000100000001000000010000000100000001000000010000000100000001011100110000000100000001011011000000000100000001000000010000000100000001000000010000000100000001000000010000000100000001011010110000000100000001011010000000000100000001011110110000000100000001000000010000000100000001000000010000000100000001010111100000000100000001011000100000000100000001000000010000000100000001000000010000000100000001011101010000000100000001011001000000000100000001010111000000000100000001011100000000000100000001011101110000000100000001011111110000000100000001010111000000000100000001010100110000000100000001011100100000000100000001011010110000000100000001011000000000000100000001010100100000000100000001010011110000000100000001010111110000000100000001011100010000000100000001011100010000000100000001001111100000000100000001010000000000000100000001011010000000000100000001011011010000000100000001010111000000000100000001010101010000000100000001010100000000000100000001010111000000000100000001011100100000000100000001011100100000000100000001010010110000000100000001010011000000000100000001011101100000000100000001011101100000000100000001011101000000000100000001011000000000000100000001010111010000000100000001011011100000000100000001011111110000000100000001011110110000000100000001010111000000000100000001011001000000000100000001000000010000000100000001000000010000000100000001011111010000000100000001011010110000000100000001011110100000000100000001000000010000000100000001000000010000000100000001000000010000000100000001011111000000000100000001011101110000000100000001000000010000000100000001000000010000000100000001000000010000000100000001000000010000000100000001000000010000000100000001000000010000000100000001000000010000000100000001000000010000000100000001000000010000000100000001000000010000000100000001000000010000000100000001000000010000000100000001000000010000000100000001000000010000000100000001000000010000000100000001000000010000000100000001000000010000000100000001000000010000000100000001000000010000000100000001000000010000000100000001000000010000000100000001000000010000000100000001000000010000000100000001000000010000000100000001000000010000000100000001000000010000000100000001000000010000000100000001000000010000000100000001000000010000000100000001000000010000000100000001000000010000000100000001000000010000000100000001000000010000000100000001000000010000000100000001000000010000000100000001000000010000000100000001000000010000000100000001000000010000000100000001000000010000000100000001000000010000000100000001000000010000000100000001000000010000000100000001000000010000000100000001000000010000000100000001000000010000000101111110000000010000000100000001000000010000000100000001000000010000000100000001000000010000000101110001000000010000000101110111000000010000000100000001000000010000000100000001000000010000000100000001000000010000000101101110000000010000000101100011000000010000000101110000000000010000000100000001000000010000000101111110000000010000000101100100000000010000000101100101000000010000000100000001000000010000000100000001000000010000000100000001000000010000000101110011000000010000000101110110000000010000000100000001000000010000000100000001000000010000000100000001000000010000000101110111000000010000000101111011000000010000000100000001000000010000000100000001000000010000000100000001000000010000000100000001000000010000000100000001000000010000000100000001000000010000000100000001000000010000000100000001000000010000000101111001000000010000000101110110000000010000000100000001000000010000000100000001000000010000000100000001000000010000000101111110000000010000000101111110000000010000000100000001000000010000000100000001000000010000000100000001000000010000000101111010000000010000000101111101000000010000000100000001000000010000000100000001000000010000000100000001000000010000000101111111000000010000000100000001000000010000000100000001000000010000000100000001000000010000000100000001000000010000000101110100000000010000000101110111000000010000000100000001000000010000000100000001000000010000000100000001000000010000000101111010000000010000000101110111000000010000000100000001000000010000000101111101000000010000000100000001000000010000000100000001000000010000000100000001000000010000000100000001000000010000000100000001000000010000000100000001000000010000000100000001000000010000000100000001000000010000000100000001000000010000000100000001000000010000000100000001000000010000000100000001000000010000000100000001000000010000000100000001000000010000000100000001000000010000000100000001000000010000000100000001000000010000000100000001000000000000000100000001000000010000000100000001000000010000000100000001000000010000000100000001000000010000000100000001000000010000000100000001000000010000000100000001000000010000000100000001000000010000000100000001000000010000000100000001000000010000000100000001000000010000000100000001000000010000000100000001000000010000000100000001000000010000000100000001000000010000000100000001000000010000000100000001000000010000000100000001000000010000000100000001000000010000000100000001011010100000000100000001011101000000000100000001000000010000000100000001000000010000000100000001000000010000000100000001000000010000000100000001011111010000000100000001000000010000000100000001000000010000000100000001000000010000000100000001000000010000000100000001000000010000000100000001000000010000000100000001000000010000000100000001000000010000000100000001000000010000000100000001000000010000000100000001000000010000000100000001000000010000000100000001000000010000000100000001000000010000000100000001000000010000000100000001000000010000000100000001000000010000000100000001000000010000000100000001000000010111100100000001000000010000000100000001000000010000000100000001000000010000000100000001000000010111011000000001000000010111011100000001000000010000000100000001000000010000000100000001000000010000000100000001000000010111010100000001000000010110111100000001000000010000000100000001000000010000000100000001000000010000000100000001000000010111100100000001000000010111101100000001000000010000000100000001000000010000000100000001000000010000000100000001000000010111001100000001000000010111011100000001000000010000000100000001000000010000000100000001000000010000000100000001000000010111101000000001000000010111110100000001000000010000000100000001000000010000000100000001000000010000000100000001000000010111101100000001000000010111110100000001000000010000000100000001000000010000000100000001000000010000000100000001000000010111110000000001000000010111110100000001000000010000000100000001000000010000000100000001000000010000000100000001000000010000000100000001000000010111011000000001000000010000000100000001000000010000000100000001000000010000000100000001000000010000000100000001000000010000000100000001000000010000000100000001000000010000000100000001000000010000000100000001000000010000000100000001000000010000000100000001000000010000000100000001000000010000000100000001000000010000000100000001000000010000000100000001000000010000000100000001000000010000000100000001000000010000000100000001000000010000000100000001000000010000000100000001000000010000000100000001000000010000000100000001000000010000000100000001000000010000000100000001000000010000000100000001000000010000000100000001000000010000000100000001000000010000000100000001000000010000000100000001000000010000000100000001000000010000000100000001000000010000000100000001000000010000000100000001000000010000000100000001000000010000000100000001000000010000000100000001000000010000000100000001000000010000000100000001000000010000000100000001000000010000000100000001000000010000000100000001000000010000000100000001000000010000000100000001000000010000000100000001000000010000000100000001000000010000000100000001000000010000000100000001000000010000000100000001000000010000000100000001000000010000000100000001000000010000000100000001000000010000000100000001000000010000000100000001000000010000000100000001000000010000000100000001000000010000000100000001000000010000000100000001000000010000000100000001000000010000000100000001000000010000000100000001000000010000000100000001000000010000000100000001000000010000000100000001000000010000000100000001000000010000000100000001011111100000000100000001000000010000000100000001000000010000000100000001000000010000000100000001000000010000000100000001011111110000000100000001000000010000000100000001000000010000000100000001000000010000000100000001000000010000000100000001000000010000000100000001000000010000000100000001000000010000000100000001000000010000000100000001000000010000000100000001000000010000000100000001000000010000000100000001000000010000000100000001000000010000000100000001000000010000000100000001000000010000000100000001000000010000000100000001000000010000000100000001000000010000000100000001000000010111111100000001000000010000000100000001000000010000000100000001000000010000000100000001000000010000000100000001000000010111100000000001000000010111100000000001000000010000000100000001000000010000000100000001000000010000000100000001000000010110011000000001000000010110100000000001000000010000000100000001000000010000000100000001000000010000000100000001000000010110100100000001000000010110011000000001000000010000000100000001000000010000000100000001000000010000000100000001000000010101100100000001000000010110001000000001000000010000000100000001000000010000000100000001000000010111110000000001000000010101111000000001000000010101111000000001000000010110110100000001000000010000000100000001000000010111100000000001000000010101010000000001000000010101010000000001000000010111010000000001000000010000000100000001000000010110111100000001000000010100111000000001000000010100100100000001000000010110010100000001000000010000000100000001000000010111001000000001000000010100010100000001000000010100011100000001000000010110011100000001000000010111011100000001000000010101110100000001000000010011111100000001000000010011110100000001000000010101110100000001000000010111110100000001000000010110011100000001000000010011101000000001000000010011000100000001000000010101101000000001000000010111010100000001000000010101101000000001000000010100000100000001000000010011100000000001000000010101110000000001000000010111100000000001000000010110110000000001000000010100001100000001000000010100010000000001000000010110110100000001000000010111110000000001000000010110011100000001000000010101001100000001000000010100111100000001000000010110011000000001000000010111110000000001000000010111011100000001000000010101001100000001000000010100111100000001000000010111111000000001000000010000000100000001000000010111110000000001000000010101111000000001000000010110100000000001000000010000000100000001000000010000000100000001000000010000000100000001000000010110011000000001000000010110001100000001000000010000000100000001000000010000000100000001000000010000000100000001000000010111100000000001000000010111100000000001000000010000000100000001000000010000000100000001000000010000000100000001000000010111100000000001000000010111110000000001000000010000000100000001000000010000000100000001000000010000000100000001000000010000000100000001000000010000000100000001000000010000000100000001000000010000000100000001000000010000000100000001000000010000000100000001000000010000000100000001000000010000000100000001000000010000000100000001000000010000000100000001000000010000000100000001000000010000000100000001000000010000000100000001000000010000000100000001000000010000000100000001000000010000000100000001000000010000000100000001000000010000000100000001000000010000000100000001000000010000000100000001000000010000000100000001000000010000000100000001011111010000000100000001000000010000000100000001000000010000000100000001000000010000000100000001011001100000000100000001011100100000000100000001000000010000000100000001000000010000000100000001000000010000000100000001011001010000000100000001011000100000000100000001000000010000000100000001000000010000000100000001000000010000000100000001010101110000000100000001010011100000000100000001000000010000000100000001000000010000000100000001000000010000000100000001010010100000000100000001010011110000000100000001011110000000000100000001000000010000000100000001000000010000000100000001010001010000000100000001010010110000000100000001000000010000000100000001000000010000000100000001000000010000000100000001010101010000000100000001010110010000000100000001000000010000000100000001000000010000000100000001000000010000000100000001010101000000000100000001010100100000000100000001000000010000000100000001000000010000000100000001000000010000000100000001010111000000000100000001010111000000000100000001000000010000000100000001000000010000000100000001000000010000000100000001010101110000000100000001010100110000000100000001000000010000000100000001000000010000000100000001000000010000000100000001011000010000000100000001011000010000000100000001000000010000000100000001000000010000000100000001000000010000000100000001010101000000000100000001010110000000000100000001000000010000000100000001000000010000000100000001000000010000000100000001010110100000000100000001011000010000000100000001000000010000000100000001000000010000000100000001000000010000000100000001010101000000000100000001010011100000000100000001000000010000000100000001000000010000000100000001000000010000000100000001010111110000000100000001010111010000000100000001011111010000000100000001000000010000000100000001000000010000000100000001010111010000000100000001011001000000000100000001000000010000000100000001000000010000000100000001000000010000000100000001000000010000000100000001000000010000000100000001000000010000000100000001000000010000000100000001000000010000000100000001000000010000000100000001000000010000000100000001000000010000000100000001000000010000000100000001000000010000000100000001000000010000000100000001000000010000000000000001000000010000000100000001000000010000000100000001000000010000000100000001000000010000000100000001000000010000000100000001000000010000000100000001000000010000000100000001000000010000000100000001000000010000000100000001000000010000000100000001000000010111010000000001000000010111011000000001000000010000000100000001000000010000000100000001000000010110010100000001000000010110001000000001000000010111101100000001000000010000000100000001000000010110100100000001000000010110001100000001000000010110011100000001000000010111000100000001000000010000000100000001000000010000000100000001000000010111010000000001000000010111001100000001000000010000000100000001000000010000000100000001000000010000000100000001000000010000000100000001000000010111111000000001000000010000000100000001000000010000000100000001000000010000000100000001000000010000000100000001000000010000000100000001000000010000000100000001000000010000000100000001000000010000000100000001000000010000000100000001000000010000000101111110000000010000000100000001000000010000000100000001000000010000000101111110000000010000000100000001000000010000000100000001000000010000000100000001000000010000000101110110000000010000000101100101000000010000000101100111000000010000000101110101000000010000000100000001000000010000000101111000000000010000000101011110000000010000000101011110000000010000000101101110000000010000000100000001000000010000000101101110000000010000000101100011000000010000000101100111000000010000000101110001000000010000000100000001000000010000000101110101000000010000000101011110000000010000000101100010000000010000000101110011000000010000000100000001000000010000000101110111000000010000000101110000000000010000000101100110000000010000000101110000000000010000000100000001000000010000000101110101000000010000000101101010000000010000000101101100000000010000000101111111000000010000000100000001000000010000000101110010000000010000000101110100000000010000000101110111000000010000000101110111000000010000000100000001000000010000000100000001000000010000000101101101000000010000000101101110000000010000000101111100000000010000000100000001000000010000000101111001000000010000000101101100000000010000000101110101000000010000000101111011000000010000000100000001000000010000000101111111000000010000000101110011000000010000000101110001000000010000000100000001000000010000000100000001000000010000000100000001000000010000000101111101000000010000000101111111000000010000000100000001000000010000000100000001000000010000000100000001000000010000000101111101000000010000000101111101000000010000000100000001000000010000000100000001000000010000000100000001000000010000000100000001000000010000000101111011000000010000000100000001000000010000000100000001000000010000000100000001000000010000000100000001000000010000000100000001000000010000000100000001000000010000000100000001000000010000000100000001000000010000000100000001000000010000000100000001000000010000000100000001000000010000000100000001000000010000000100000001000000010000000100000001000000010000000100000001000000010000000100000001000000010000000100000001000000010000000100000001000000010000000100000001000000010000000100000001000000010000000100000001000000010000000100000001000000010000000100000001000000010000000100000001000000010000000100000001000000010000000100000001000000010000000100000001000000010000000100000001000000010000000100000001000000010000000100000001000000010000000100000001000000010000000100000001000000010000000100000001000000010000000100000001000000010000000100000001000000010000000100000001000000010000000100000001000000010000000100000001000000010000000100000001000000010000000100000001000000010111100000000001000000010000000100000001000000010000000100000001000000010000000100000001000000010000000100000001000000010000000100000001000000010000000100000001000000010000000100000001000000010000000100000001000000010000000100000001000000010000000100000001000000010000000100000001000000010000000100000001000000010000000100000001000000010000000100000001000000010000000100000001000000010000000100000001000000010000000100000001000000010000000101111011000000010000000101111111000000010000000100000001000000010000000100000001000000010000000100000001000000010000000101110001000000010000000101101101000000010000000101110100000000010000000100000001000000010000000101100110000000010000000101100011000000010000000101100011000000010000000101100101000000010000000100000001000000010000000101101010000000010000000101011011000000010000000101010101000000010000000101101100000000010000000100000001000000010000000101101010000000010000000101011001000000010000000101010011000000010000000101011010000000010000000100000001000000010000000101100001000000010000000101001001000000010000000101000010000000010000000101100100000000010000000100000001000000010000000101001111000000010000000101001101000000010000000101001001000000010000000101001100000000010000000101110011000000010000000101011100000000010000000100111011000000010000000100111101000000010000000101011001000000010000000101101101000000010000000101000111000000010000000100110011000000010000000100110000000000010000000100110111000000010000000101100100000000010000000101010101000000010000000100101000000000010000000100011111000000010000000101001000000000010000000101011000000000010000000100110001000000010000000100100010000000010000000100100010000000010000000100110010000000010000000101011101000000010000000101001010000000010000000100011011000000010000000100011110000000010000000101000001000000010000000101010011000000010000000100101111000000010000000100100101000000010000000100011100000000010000000100110110000000010000000101011100000000010000000101001111000000010000000100101010000000010000000100100101000000010000000101000111000000010000000101011111000000010000000100110111000000010000000100110011000000010000000100111010000000010000000100111100000000010000000101110001000000010000000101010101000000010000000100110110000000010000000101000000000000010000000101010111000000010000000101110111000000010000000101010100000000010000000101001001000000010000000101011001000000010000000101100100000000010000000100000001000000010000000101101111000000010000000101010001000000010000000101011001000000010000000101100111000000010000000100000001000000010000000101101010000000010000000101101000000000010000000101100111000000010000000101101011000000010000000100000001000000010000000101110111000000010000000101100101000000010000000101101001000000010000000101111110000000010000000100000001000000010000000101111110000000010000000101111001000000010000000101110011000000010000000100000001000000010000000100000001000000010000000100000001000000010000000100000001000000010000000100000001000000010000000100000001000000010000000100000001000000010000000100000001000000010000000100000001000000010000000100000001000000010000000100000001000000010000000100000001000000010000000100000001000000010000000100000001000000010000000100000001000000010111111100000001000000010000000100000001000000010000000100000001000000010111100100000001000000010111000000000001000000010111000000000001000000010111001100000001000000010000000100000001000000010111001100000001000000010110110100000001000000010101101000000001000000010111000000000001000000010000000100000001000000010110100000000001000000010101110100000001000000010101101100000001000000010101111100000001000000010000000100000001000000010110011000000001000000010100100100000001000000010101010000000001000000010101100000000001000000010000000100000001000000010101011000000001000000010100011000000001000000010011111100000001000000010100000000000001000000010111111100000001000000010101000000000001000000010011110000000001000000010011101000000001000000010100110100000001000000010000000100000001000000010101110000000001000000010011111000000001000000010011111000000001000000010101110100000001000000010000000100000001000000010101101000000001000000010100011100000001000000010100011000000001000000010101001100000001000000010000000100000001000000010101010000000001000000010100111100000001000000010100100100000001000000010101101000000001000000010000000100000001000000010101101100000001000000010100100100000001000000010011111100000001000000010101110000000001000000010000000100000001000000010101010000000001000000010100110100000001000000010100101100000001000000010101001000000001000000010000000100000001000000010110001000000001000000010100010100000001000000010100111000000001000000010101101000000001000000010000000100000001000000010110000000000001000000010100100000000001000000010101001100000001000000010101000100000001000000010000000100000001000000010110001000000001000000010100011000000001000000010100110000000001000000010101101100000001000000010000000100000001000000010110000100000001000000010100001000000001000000010100001100000001000000010101001100000001000000010110110100000001000000010110010100000001000000010100111100000001000000010100101000000001000000010111001000000001000000010000000100000001000000010111010100000001000000010101100100000001000000010110001100000001000000010000000100000001000000010000000100000001000000010000000100000001000000010000000100000001000000010000000100000001000000010000000100000001000000010000000100000001000000010000000100000001000000010000000100000001000000010000000100000000000000010000000100000001000000010000000100000001000000010000000100000001000000010000000100000001000000010000000100000001000000010000000100000001000000010000000100000001000000010000000100000001000000010000000100000001000000010000000100000001000000010000000101110011000000010000000101110101000000010000000100000001000000010000000100000001000000010000000101011010000000010000000101100010000000010000000101111011000000010000000100000001000000010000000101101100000000010000000101100011000000010000000101100111000000010000000101110111000000010000000100000001000000010000000100000001000000010000000101110010000000010000000101110111000000010000000100000001000000010000000100000001000000010000000100000001000000010000000100000001000000010000000100000001000000010000000100000001000000010000000100000001000000010000000100000001000000010000000100000001000000010000000100000001000000010000000100000001000000010000000100000001000000010000000100000001000000010000000100000001000000010000000100000001000000010000000100000001000000010000000100000001000000010000000100000001011110100000000100000001000000010000000100000001000000010000000100000001000000010000000100000001000000010000000100000001011101000000000100000001011100010000000100000001011110000000000100000001000000010000000100000001000000010000000100000001011011010000000100000001011010100000000100000001011111010000000100000001000000010000000100000001011101100000000100000001011100100000000100000001011101010000000100000001011110100000000100000001000000010000000100000001000000010000000100000001011011000000000100000001011010100000000100000001000000010000000100000001000000010000000100000001011111010000000100000001011101000000000100000001011101010000000100000001011111000000000100000001000000010000000100000001000000010000000100000001011011110000000100000001011011100000000100000001000000010000000100000001000000010000000100000001000000010000000100000001011011100000000100000001011101010000000100000001000000010000000100000001000000010000000100000001000000010000000100000001011011000000000100000001011101000000000100000001000000010000000100000001000000010000000100000001000000010000000100000001011111110000000100000001011110010000000100000001011111110000000100000001000000010000000100000001000000010000000100000001011110010000000100000001011101100000000100000001000000010000000100000001000000010000000100000001000000010000000100000001000000010000000100000001000000010000000100000001000000010000000100000001000000010000000100000001000000010000000100000001011110100000000100000001011111000000000100000001000000010000000100000001000000010000000100000001000000010000000100000001000000010000000100000001000000010000000100000001000000010000000100000001000000010000000100000001000000010000000100000001000000010000000100000001000000010000000100000001000000010000000100000001000000010000000100000001000000010000000100000001000000010000000100000001000000010000000100000001000000010000000100000001000000010000000100000001000000010000000100000001000000010000000100000001000000010000000100000001000000010000000100000001000000010000000100000001000000010000000100000001000000010000000100000001000000010000000100000001000000010000000100000001000000010000000100000001000000010000000100000001000000010000000100000001000000010000000100000001000000010000000100000001000000010000000100000001000000010000000100000001000000010000000100000001000000010000000100000001000000010000000100000001000000010000000100000001000000010000000100000001000000010000000100000001000000010000000100000001000000010000000100000001000000010000000100000001000000010000000100000001000000010000000100000001000000010000000100000001000000010000000100000001000000010000000100000001000000010000000100000001000000010000000100000001000000010000000101111111000000010000000100000001000000010000000100000001000000010000000100000001000000010000000100000001000000010000000100000001000000010000000100000001000000010000000100000001000000010000000100000001000000010000000100000001000000010000000100000001000000010000000100000001000000010000000100000001000000010000000100000001000000010000000100000001000000010000000100000001000000010000000100000001000000010000000100000001000000010000000100000001011110110000000100000001011100110000000100000001000000010000000100000001000000010000000100000001011110000000000100000001011011100000000100000001011011100000000100000001011101110000000100000001000000010000000100000001011111100000000100000001010111100000000100000001010111100000000100000001011101110000000100000001000000010000000100000001011010100000000100000001011001010000000100000001011000010000000100000001011001110000000100000001000000010000000100000001011101100000000100000001010011100000000100000001010011000000000100000001011101010000000100000001000000010000000100000001011001000000000100000001010101000000000100000001010100010000000100000001010111010000000100000001000000010000000100000001011010110000000100000001010001010000000100000001010001110000000100000001011010000000000100000001011111100000000100000001010101010000000100000001001111010000000100000001001111110000000100000001010010010000000100000001011011110000000100000001010110010000000100000001001100100000000100000001001101010000000100000001010100010000000100000001011010110000000100000001010001010000000100000001001100010000000100000001001100100000000100000001010001010000000100000001011011000000000100000001010100100000000100000001001100110000000100000001001010010000000100000001010011000000000100000001010111010000000100000001010000110000000100000001001100110000000100000001001011010000000100000001010010000000000100000001011100100000000100000001010111110000000100000001001101100000000100000001001100010000000100000001010110100000000100000001011100010000000100000001010010110000000100000001001111010000000100000001010001000000000100000001010110100000000100000001000000010000000100000001011011000000000100000001010001000000000100000001010001100000000100000001011011110000000100000001000000010000000100000001011000100000000100000001010110110000000100000001011000010000000100000001011001000000000100000001000000010000000100000001011110110000000100000001010110100000000100000001010110100000000100000001011110000000000100000001000000010000000100000001011110100000000100000001011100100000000100000001011100010000000100000001011110100000000100000001000000010000000100000001000000010000000100000001011100110000000100000001011101010000000100000001000000010000000100000001000000010000000100000001000000010000000100000001011111010000000100000001011111100000000100000001000000010000000100000001000000010000000100000001000000010000000100000001000000010000000100000001000000010000000100000001000000010000000100000001000000010000000100000001000000010000000100000001000000010000000100000001000000010000000100000001000000010000000100000001000000010000000100000001000000010000000100000001000000010000000101111011000000010000000100000001000000010000000100000001000000010000000100000001000000010000000100000001000000010000000101110000000000010000000101111100000000010000000100000001000000010000000100000001000000010000000100000001000000010000000101100011000000010000000101100010000000010000000101111010000000010000000100000001000000010000000101110000000000010000000101100011000000010000000101011111000000010000000101101010000000010000000100000001000000010000000101110000000000010000000101001011000000010000000101001011000000010000000101110010000000010000000100000001000000010000000101100011000000010000000101001110000000010000000100111111000000010000000101010110000000010000000100000001000000010000000101100111000000010000000101000100000000010000000100111010000000010000000101100001000000010000000100000001000000010000000101010110000000010000000101010011000000010000000101010010000000010000000101010111000000010000000100000001000000010000000101110000000000010000000101001001000000010000000101001011000000010000000101100110000000010000000100000001000000010000000101101011000000010000000101001110000000010000000101011000000000010000000101011101000000010000000100000001000000010000000101101101000000010000000101000101000000010000000101001000000000010000000101011101000000010000000100000001000000010000000101100011000000010000000101011000000000010000000101010110000000010000000101100001000000010000000100000001000000010000000101100000000000010000000101001101000000010000000101000111000000010000000101101011000000010000000100000001000000010000000101011110000000010000000101010011000000010000000101001110000000010000000101101000000000010000000100000001000000010000000101110100000000010000000101001001000000010000000101000101000000010000000101100101000000010000000100000001000000010000000101011101000000010000000101010001000000010000000101001110000000010000000101001010000000010000000101110101000000010000000101011100000000010000000101000011000000010000000101011011000000010000000101110001000000010000000100000001000000010000000101110100000000010000000101010110000000010000000101110001000000010000000100000001000000010000000100000001000000010000000100000001000000010000000100000001000000010000000100000001000000010000000100000001000000010000000100000001000000010000000100000001000000010000000100000001000000010000000100000001000000000000000100000001000000010000000100000001000000010000000100000001000000010000000100000001000000010000000100000001000000010000000100000001000000010000000100000001000000010000000100000001000000010000000100000001000000010000000100000001000000010000000100000001000000010000000100000001000000010000000100000001000000010000000100000001000000010000000100000001000000010000000100000001011111110000000100000001000000010000000100000001000000010000000100000001000000010000000100000001011011100000000100000001011101000000000100000001000000010000000100000001000000010000000100000001000000010000000100000001000000010000000100000001000000010000000100000001000000010000000100000001000000010000000100000001000000010000000100000001000000010000000100000001000000010000000100000001000000010000000100000001000000010000000100000001000000010000000100000001000000010000000100000001000000010000000100000001000000010000000100000001000000010000000100000001000000010000000100000001000000010000000100000001000000010000000100000001000000010000000100000001000000010000000100000001000000010000000100000001000000010000000100000001000000010000000100000001000000010000000100000001000000010000000100000001000000010000000100000001000000010000000100000001000000010000000100000001000000010000000100000001000000010000000100000001000000010000000100000001000000010000000100000001000000010000000100000001000000010000000100000001000000010000000100000001000000010000000100000001000000010000000100000001000000010000000100000001000000010000000100000001000000010000000100000001000000010000000100000001000000010000000100000001000000010000000100000001000000010000000100000001000000010000000100000001000000010000000100000001000000010000000100000001000000010000000100000001000000010000000100000001000000010000000100000001000000010000000100000001000000010000000100000001000000010000000100000001000000010000000100000001000000010000000100000001000000010000000100000001000000010000000100000001000000010000000100000001000000010000000100000001000000010000000100000001000000010000000100000001000000010000000100000001000000010000000100000001000000010000000100000001000000010000000100000001000000010000000100000001000000010000000100000001000000010000000100000001000000010000000100000001000000010000000100000001000000010000000100000001000000010000000100000001000000010000000100000001000000010000000100000001000000010000000100000001000000010000000100000001000000010000000100000001000000010000000100000001000000010000000100000001000000010000000100000001000000010000000100000001000000010000000100000001000000010000000100000001000000010000000100000001000000010000000100000001000000010000000100000001000000010000000100000001000000010000000100000001000000010000000100000001000000010000000100000001000000010000000100000001000000010000000100000001000000010000000100000001000000010000000100000001000000010000000100000001000000010000000100000001000000010000000100000001000000010000000100000001000000010000000100000001000000010000000100000001000000010000000100000001000000010000000100000001000000010000000100000001000000010000000100000001000000010000000100000001000000010000000100000001000000010000000100000001000000010000000100000001000000010000000100000001000000010000000100000001000000010000000100000001000000010000000100000001000000010000000100000001000000010000000100000001000000010000000100000001000000010000000100000001000000010000000100000001000000010000000100000001000000010000000100000001000000010000000100000001000000010000000100000001000000010000000100000001000000010000000100000001000000010000000100000001000000010000000100000001000000010000000100000001000000010000000100000001000000010000000100000001000000010000000100000001000000010000000100000001000000010000000100000001000000010000000100000001000000010000000100000001000000010000000100000001000000010000000100000001000000010000000100000001000000010000000100000001000000010000000100000001000000010000000100000001000000010000000100000001000000010000000100000001000000010000000100000001000000010000000100000001000000010000000100000001000000010000000100000001000000010000000100000001000000010000000100000001000000010000000100000001000000010000000100000001000000010000000100000001000000010000000100000001000000010000000100000001000000010000000100000001000000010000000100000001000000010000000100000001000000010000000100000001000000010000000100000001000000010000000100000001000000010000000100000001000000010000000100000001000000010000000100000001000000010000000100000001000000010000000100000001000000010000000100000001000000010000000100000001000000010000000100000001000000010000000100000001000000010000000100000001000000010000000100000001000000010000000100000001000000010111101000000001000000010111101100000001000000010000000100000001000000010000000100000001000000010000000100000001000000010111110100000001000000010111110000000001000000010000000100000001000000010000000100000001000000010000000100000001000000010111000100000001000000010111010000000001000000010000000100000001000000010000000100000001000000010000000100000001000000010111011100000001000000010111101000000001000000010000000100000001000000010000000100000001000000010000000100000001000000010111000000000001000000010110010000000001000000010000000100000001000000010000000100000001000000010000000100000001000000010110111000000001000000010111000000000001000000010000000100000001000000010000000100000001000000010000000100000001000000010101111100000001000000010110010100000001000000010000000100000001000000010000000100000001000000010000000100000001000000010111000100000001000000010111011000000001000000010000000100000001000000010000000100000001000000010000000100000001000000010110101000000001000000010110101000000001000000010000000100000001000000010000000100000001000000010000000100000001000000010111110100000001000000010111101000000001000000010000000100000001000000010000000100000001000000010000000100000001000000010111100000000001000000010111100100000001000000010000000100000001000000010000000100000001000000010000000100000001000000010000000100000001000000010000000100000001000000010000000100000001000000010000000100000001000000010000000100000001000000010000000100000001000000010000000100000001000000010000000100000001000000010000000100000001000000010000000100000001000000010000000100000001000000010000000100000001000000010000000100000001000000010000000100000001000000010000000100000001000000010000000100000001000000010000000100000001000000010000000100000001000000010000000100000001000000010000000100000001000000010000000100000001000000010000000100000001000000010000000100000001000000010000000100000001000000010000000100000001000000010000000100000001000000010000000100000001000000010000000100000001000000010000000100000001000000010000000100000001000000010000000100000001000000010000000100000001000000010000000100000001000000010000000100000001000000010000000100000001000000010000000100000001000000010000000100000001000000010000000100000001000000010000000100000001000000010000000100000001000000010000000100000001000000010000000100000001000000010000000100000001000000010000000100000001000000010000000100000001000000010000000100000001000000010000000100000001000000010000000100000001000000010000000100000001000000010000000100000001000000010000000100000001000000010000000100000001000000010000000100000001000000010000000100000001000000010000000100000001000000010000000100000001011110100000000100000001011011110000000100000001000000010000000100000001000000010000000100000001000000010000000100000001011100010000000100000001011100010000000100000001000000010000000100000001000000010000000100000001000000010000000100000001011000010000000100000001011011000000000100000001000000010000000100000001000000010000000100000001000000010000000100000001011011000000000100000001011100100000000100000001000000010000000100000001000000010000000100000001000000010000000100000001011100110000000100000001011001000000000100000001000000010000000100000001000000010000000100000001000000010000000100000001011100010000000100000001011011010000000100000001000000010000000100000001000000010000000100000001000000010000000100000001011010010000000100000001011100010000000100000001000000010000000100000001000000010000000100000001000000010000000100000001011101010000000100000001011100110000000100000001000000010000000100000001000000010000000100000001000000010000000100000001011101000000000100000001011011000000000100000001000000010000000100000001000000010000000100000001000000010000000100000001011010110000000100000001011101010000000100000001000000010000000100000001000000010000000100000001000000010000000100000001011011110000000100000001011011100000000100000001000000010000000100000001000000010000000100000001000000010000000100000001011000000000000100000001011000110000000100000001000000010000000100000001000000010000000100000001000000010000000100000001011000100000000100000001011001000000000100000001000000010000000100000001000000010000000100000001000000010000000100000001000000010000000100000001000000010000000100000001000000010000000100000001000000010000000100000001000000010000000100000001000000010000000100000001000000010000000100000001000000010000000100000001000000010000000100000001000000010000000100000001000000010000000100000001000000010000000000000001000000010000000100000001000000010000000100000001000000010000000100000001000000010000000100000001000000010000000100000001000000010000000100000001000000010000000100000001000000010000000100000001000000010000000100000001000000010000000100000001000000010000000100000001000000010000000100000001000000010000000100000001000000010000000100000001000000010000000100000001000000010000000100000001000000010000000100000001000000010000000100000001000000010000000100000001000000010000000100000001000000010000000100000001000000010000000100000001000000010000000100000001000000010000000100000001000000010000000100000001000000010000000100000001000000010000000100000001000000010000000100000001000000010000000100000001000000010000000100000001000000010000000100000001000000010000000100000001000000010000000100000001000000010000000100000001000000010000000100000001000000010000000100000001000000010000000100000001000000010000000100000001000000010000000100000001000000010000000100000001000000010000000100000001000000010000000100000001000000010000000100000001000000010000000100000001000000010000000100000001000000010000000100000001000000010000000100000001000000010000000100000001000000010000000100000001000000010000000100000001000000010000000100000001000000010000000100000001000000010000000100000001000000010000000100000001000000010000000100000001000000010000000100000001000000010000000100000001000000010000000100000001000000010000000100000001000000010000000100000001000000010000000100000001000000010000000100000001000000010000000100000001000000010000000100000001000000010000000100000001000000010000000100000001000000010000000100000001000000010000000100000001000000010000000100000001000000010000000100000001000000010000000100000001000000010000000100000001000000010000000100000001000000010000000100000001000000010000000100000001000000010000000100000001000000010000000100000001000000010000000100000001000000010000000100000001000000010000000100000001000000010000000100000001000000010000000100000001000000010000000100000001000000010000000100000001000000010000000100000001000000010000000100000001000000010000000100000001000000010000000100000001000000010000000100000001000000010000000100000001000000010000000100000001000000010000000100000001000000010000000100000001000000010000000100000001000000010000000100000001000000010000000100000001000000010000000100000001000000010000000100000001000000010000000100000001000000010000000100000001000000010000000100000001000000010000000100000001000000010000000100000001000000010000000100000001000000010000000100000001000000010000000100000001000000010000000100000001000000010000000100000001000000010000000100000001000000010000000100000001000000010000000100000001000000010000000100000001000000010000000100000001000000010000000100000001000000010000000100000001000000010000000100000001000000010000000100000001000000010000000100000001000000010000000100000001000000010000000100000001000000010000000100000001000000010000000100000001000000010000000100000001000000010000000100000001000000010000000100000001000000010000000100000001000000010000000100000001000000010000000100000001000000010000000100000001000000010000000100000001000000010000000100000001000000010000000100000001000000010000000100000001000000010000000100000001000000010000000100000001000000010000000100000001000000010000000100000001000000010000000100000001000000010000000100000001000000010000000100000001000000010000000100000001000000010000000100000001000000010000000100000001000000010000000100000001000000010000000100000001000000010000000100000001000000010000000100000001000000010000000100000001000000010000000100000001000000010000000100000001000000010000000100000001000000010000000100000001000000010000000100000001000000010000000100000001000000010000000100000001000000010000000100000001000000010000000100000001000000010000000100000001000000010000000100000001000000010000000100000001000000010000000100000001000000010000000100000001000000010000000100000001000000010000000100000001000000010000000100000001000000010000000100000001000000010000000100000001000000010000000100000001000000010000000100000001000000010000000100000001000000010000000100000001000000010000000100000001000000010000000100000001000000010000000100000001000000010000000100000001000000010000000100000001000000010000000100000001000000010000000100000001000000010000000100000001000000010000000100000001000000010000000100000001000000010000000100000001000000010000000100000001000000010000000100000001000000010000000100000001000000010000000100000001000000010000000100000001000000010000000100000001000000010000000100000001000000010000000100000001000000010000000100000001000000010000000100000001000000010000000100000001000000010000000100000001000000010000000100000001000000010000000100000001000000010000000100000001000000010000000100000001000000010000000100000001000000010000000100000001000000010000000100000001000000010000000100000001000000010000000100000001000000010000000100000001000000010000000100000001000000010000000100000001000000010000000100000001000000010000000100000001000000010000000100000001000000010000000100000001000000010000000100000001000000010000000100000001000000010000000100000001000000010000000100000001000000010000000100000001000000010000000100000001000000010000000100000001000000010000000100000001000000010000000100000001000000010000000100000001000000010000000100000001000000010000000100000001000000010000000100000001000000010000000100000001000000010000000100000001000000010000000100000001000000010000000100000001000000010000000100000001000000010000000100000001000000010000000100000001000000010000000100000001000000010000000100000001000000010000000100000001000000010000000100000001000000010000000100000001000000010000000100000001000000010000000100000001000000010000000100000001000000010000000100000001000000010000000100000001000000010000000100000001000000010000000100000001000000010000000100000001000000010000000100000001000000010000000100000001000000010000000100000001000000010000000100000001000000010000000100000001000000010000000100000001000000010000000100000001000000010000000100000001000000010000000100000001000000010000000100000001000000010000000100000001000000010000000100000001000000010000000100000001000000010000000100000001000000010000000100000001000000010000000100000001000000010000000100000001000000010000000100000001000000010000000100000001000000010000000100000001000000010000000100000001000000010000000100000001000000010000000100000001000000010000000100000001000000010000000100000001000000010000000100000001000000010000000100000001000000010000000100000001000000010000000100000001000000010000000100000001000000010000000100000001000000010000000100000001000000010000000100000001000000010000000100000001000000010000000100000001000000010000000100000001000000010000000100000001000000010000000100000001000000010000000100000001000000010000000100000001000000010000000100000001000000010000000100000001000000010000000100000001000000010000000100000001000000010000000100000001000000010000000100000001000000010000000100000001000000010000000100000001000000010000000100000001000000010000000100000001000000010000000100000001000000010000000100000001000000010000000100000001000000010000000100000001000000010000000100000001000000010000000100000001000000010000000100000001000000010000000100000001000000010000000100000001000000010000000100000001000000010000000100000001000000010000000100000001000000010000000100000001000000010000000100000001000000010000000100000001000000010000000100000001000000010000000100000001000000010000000100000001000000010000000100000001000000010000000100000001000000010000000100000001000000010000000100000001000000010000000100000001000000010000000100000001000000010000000100000001000000010000000100000001000000010000000100000001000000010000000100000001000000010000000100000001000000010000000100000001000000010000000100000001000000010000000100000001000000010000000100000001000000010000000100000001000000010000000100000001000000010000000100000001000000010000000100000001000000010000000100000001000000010000000100000001000000010000000100000001000000010000000100000001000000010000000100000001000000010000000100000001000000010000000100000001000000010000000100000001000000010000000100000001000000010000000100000001000000010000000100000001000000010000000100000001000000010000000100000001000000010000000100000001000000010000000100000001000000010000000100000001000000010000000100000001000000010000000100000001000000010000000100000001000000010000000100000001000000010000000100000001000000010000000100000001000000010000000100000001000000010000000100000001000000010000000100000001000000010000000100000001000000010000000100000001000000010000000100000001000000010000000100000001000000010000000100000001000000010111101000000001000000010000000100000001000000010000000100000001000000010000000100000001000000010000000100000001000000010000000100000001000000010000000100000001000000010000000100000001000000010000000100000001000000010000000100000001000000010000000100000001000000010000000100000001000000010000000100000001000000010000000100000001000000010000000100000001000000010000000100000001000000010000000100000001000000010000000100000001000000010000000100000001000000010000000100000001000000010000000100000000000000010000000100000001000000010000000100000001000000010000000100000001000000010000000100000001000000010000000100000001000000010000000100000001000000010000000100000001000000010000000100000001000000010000000100000001000000010000000100000001000000010000000100000001000000010000000100000001000000010000000100000001000000010000000100000001000000010000000101111100000000010000000101110101000000010000000100000001000000010000000100000001000000010000000100000001000000010000000101101111000000010000000101101101000000010000000100000001000000010000000100000001000000010000000100000001000000010000000100000001000000010000000100000001000000010000000100000001000000010000000100000001000000010000000100000001000000010000000100000001000000010000000100000001000000010000000100000001000000010000000100000001000000010000000100000001000000010000000100000001000000010000000100000001000000010000000100000001000000010000000100000001000000010000000100000001000000010000000100000001000000010000000100000001000000010000000100000001000000010000000100000001000000010000000100000001000000010000000100000001000000010000000100000001000000010000000100000001000000010000000100000001000000010000000100000001000000010000000100000001000000010000000100000001000000010000000100000001000000010000000100000001000000010000000100000001000000010000000100000001000000010000000100000001000000010000000100000001000000010000000100000001000000010000000100000001000000010000000100000001000000010000000100000001000000010000000100000001000000010000000100000001000000010000000100000001000000010000000100000001000000010000000100000001000000010000000100000001000000010000000100000001000000010000000100000001000000010000000100000001000000010000000100000001000000010000000100000001000000010000000100000001000000010000000100000001000000010000000100000001000000010000000100000001000000010000000100000001000000010000000100000001000000010000000100000001000000010000000100000001000000010000000100000001000000010000000100000001000000010000000100000001000000010000000100000001000000010000000100000001000000010000000100000001000000010000000100000001000000010000000100000001000000010000000100000001000000010000000100000001000000010000000100000001000000010000000100000001000000010000000100000001000000010000000100000001000000010000000100000001000000010000000100000001000000010000000100000001000000010000000100000001000000010000000100000001000000010000000100000001000000010000000100000001000000010000000100000001000000010000000100000001000000010000000100000001000000010000000100000001000000010000000100000001000000010000000100000001000000010000000100000001000000010000000100000001000000010000000100000001000000010000000100000001000000010000000100000001000000010000000100000001000000010000000100000001000000010000000100000001000000010000000100000001000000010000000100000001000000010000000100000001000000010000000100000001000000010000000100000001000000010000000100000001000000010000000100000001000000010000000100000001000000010000000100000001000000010000000100000001000000010000000100000001000000010000000100000001000000010000000100000001000000010000000100000001000000010000000100000001000000010000000100000001000000010000000100000001000000010000000100000001000000010000000100000001000000010000000100000001000000010000000100000001000000010000000100000001000000010000000100000001000000010000000100000001000000010000000100000001000000010000000100000001000000010000000100000001000000010000000100000001000000010000000100000001000000010000000100000001000000010000000100000001000000010000000100000001000000010000000100000001000000010000000100000001000000010000000100000001000000010000000100000001000000010000000100000001000000010000000100000001000000010000000100000001000000010000000100000001000000010000000100000001000000010000000100000001000000010000000100000001000000010000000100000001000000010000000100000001000000010000000100000001000000010000000100000001000000010000000100000001000000010000000100000001000000010000000100000001000000010000000100000001000000010000000100000001000000010000000100000001000000010000000100000001000000010000000100000001000000010000000100000001000000010000000100000001000000010000000100000001000000010000000100000001000000010000000100000001000000010000000100000001000000010000000100000001000000010000000100000001000000010000000100000001000000010000000100000001000000010000000100000001000000010000000100000001000000010000000100000001000000010000000100000001000000010000000100000001000000010000000100000001000000010000000100000001000000010000000100000001000000010000000100000001000000010000000100000001000000010000000100000001000000010000000100000001000000010000000100000001000000010000000100000001000000010000000100000001000000010000000100000001000000010000000100000001000000010000000100000001000000010000000100000001000000010000000100000001000000010000000100000001000000010000000100000001000000010000000100000001000000010000000100000001000000010000000100000001000000010000000100000001000000010000000100000001000000010000000100000001000000010000000100000001000000010000000100000001000000010000000100000001000000010000000100000001000000010000000100000001000000010000000100000001000000010000000100000001000000010000000100000001000000010000000100000001000000010000000100000001000000010000000100000001000000010000000100000001000000010000000100000001000000010000000100000001000000010000000100000001000000010000000100000001000000010000000100000001000000010000000100000001000000010000000100000001000000010000000100000001000000010000000100000001000000010000000100000001000000010000000100000001000000010000000100000001000000010000000100000001000000010000000100000001000000010000000100000001000000010000000100000001000000010000000100000001000000010000000100000001000000010000000100000001000000010000000100000001000000010000000100000001000000010000000100000001000000010000000100000001000000010000000100000001000000010000000100000001000000010000000100000001000000010000000100000001000000010000000100000001000000010000000100000001000000010000000100000001000000010000000100000001000000010000000100000001000000010000000100000001000000010000000100000001000000010000000100000001000000010000000100000001000000010000000100000001000000010000000100000001000000010000000100000001000000010000000100000001000000010000000100000001000000010000000100000001000000010000000100000001000000010000000100000001000000010000000100000001000000010000000100000001000000010000000100000001000000010000000100000001000000010000000100000001000000010000000100000001000000010000000100000001000000010000000100000001000000010000000100000001000000010000000100000001000000010000000100000001000000010000000100000001000000010000000100000001000000010000000100000001000000010000000100000001000000010000000100000001000000010000000100000001000000010000000100000001000000010000000100000001000000010000000100000001000000010000000100000001000000010000000100000001000000010000000100000001000000010000000100000001000000010000000100000001000000010000000100000001000000010000000100000001000000010000000100000001000000010000000100000001000000010000000100000001000000010000000100000001000000010000000100000001000000010000000100000001000000010000000100000001000000010000000100000001000000010000000100000001000000010000000100000001000000010000000100000001000000010000000100000001000000010000000100000001000000010000000100000001000000010000000100000001000000010000000100000001000000010000000100000001000000010000000100000001000000010000000100000001000000010000000101111110000000010000000100000001000000010000000100000001000000010000000100000001000000010000000101111011000000010000000101110000000000010000000100000001000000010000000100000001000000010000000100000001000000010000000100000001000000010000000100000001000000010000000100000001000000010000000100000001000000010000000100000001000000010000000101111001000000010000000101111111000000010000000100000001000000010000000100000001000000010000000100000001000000010000000100000001000000010000000100000001000000010000000100000001000000010000000100000001000000010000000100000001000000010000000101110101000000010000000101111110000000010000000100000001000000010000000100000001000000010000000100000001000000010000000100000001000000010000000100000001000000010000000100000001000000010000000100000001000000010000000100000001000000010000000100000001000000010000000101111000000000010000000100000001000000010000000100000001000000010000000100000001000000010000000100000001000000010000000100000001000000010000000100000001000000010000000100000001000000010000000100000001000000010000000101100101000000010000000101100101000000010000000100000001000000010000000100000001000000010000000100000001000000010000000101010110000000010000000101001100000000010000000101111010000000010000000101111111000000010000000101110110000000010000000101001110000000010000000101010110000000010000000100000001000000010000000100000001000000010000000100000001000000010000000101110110000000010000000101111111000000010000000100000001000000010000000100000001000000010000000100000001000000010000000100000001000000010000000100000001000000010000000100000001000000010000000100000001000000010000000100000001000000010000000100000001000000010000000100000001000000000000000100000001000000010000000100000001000000010000000100000001000000010000000100000001000000010000000100000001000000010000000100000001000000010000000100000001000000010000000100000001000000010000000100000001000000010000000100000001000000010000000100000001011101010000000100000001011110110000000100000001000000010000000100000001000000010000000100000001011011010000000100000001011001010000000100000001011111000000000100000001000000010000000100000001011011000000000100000001011100000000000100000001011010100000000100000001011101000000000100000001000000010000000100000001000000010000000100000001011110110000000100000001000000010000000100000001000000010000000100000001000000010000000100000001000000010000000100000001000000010000000100000001000000010000000100000001000000010000000100000001000000010000000100000001000000010000000100000001000000010000000100000001000000010000000100000001000000010000000100000001000000010000000100000001000000010000000100000001000000010000000100000001000000010000000100000001000000010000000100000001000000010000000100000001000000010000000100000001000000010000000100000001000000010000000100000001000000010000000100000001000000010000000100000001000000010000000100000001000000010000000100000001000000010000000100000001000000010000000100000001000000010000000100000001000000010000000100000001000000010000000100000001000000010000000100000001000000010000000100000001000000010000000100000001000000010000000100000001000000010000000100000001000000010000000100000001000000010000000100000001000000010000000100000001000000010000000100000001000000010000000100000001000000010000000100000001000000010000000100000001000000010000000100000001000000010000000100000001000000010000000100000001000000010000000100000001000000010000000100000001000000010000000100000001000000010000000100000001000000010000000100000001000000010000000100000001000000010000000100000001000000010000000100000001000000010000000100000001000000010000000100000001000000010000000100000001000000010000000100000001000000010000000100000001000000010000000100000001000000010000000100000001000000010000000100000001000000010000000100000001000000010000000100000001000000010000000100000001000000010000000100000001000000010000000100000001000000010000000100000001000000010000000100000001000000010000000100000001000000010000000100000001000000010000000100000001000000010000000100000001000000010000000100000001000000010000000100000001000000010000000100000001000000010000000100000001000000010000000100000001000000010000000100000001000000010000000100000001000000010000000100000001000000010000000100000001000000010000000100000001000000010000000100000001000000010000000100000001000000010000000100000001000000010000000100000001000000010000000100000001000000010000000100000001000000010000000100000001000000010000000100000001000000010000000100000001000000010000000100000001000000010000000100000001000000010000000100000001000000010000000100000001000000010000000100000001000000010000000100000001000000010000000100000001000000010000000100000001000000010000000100000001000000010000000100000001000000010000000100000001000000010000000100000001000000010000000100000001000000010000000100000001000000010000000100000001000000010000000100000001000000010000000100000001000000010000000100000001000000010000000100000001000000010000000100000001000000010000000100000001000000010000000100000001000000010000000100000001000000010000000100000001000000010000000100000001000000010000000100000001000000010000000100000001000000010000000100000001000000010000000100000001000000010000000100000001000000010000000100000001000000010000000100000001000000010000000100000001000000010000000100000001000000010000000100000001000000010000000100000001000000010000000100000001000000010000000100000001000000010000000100000001000000010000000100000001000000010000000100000001000000010000000100000001000000010000000100000001000000010000000100000001000000010000000100000001000000010000000100000001000000010000000100000001000000010000000100000001000000010000000100000001000000010000000100000001000000010000000100000001000000010000000100000001000000010000000100000001000000010000000100000001000000010000000100000001000000010000000100000001000000010000000100000001000000010000000100000001000000010000000100000001000000010000000100000001000000010000000100000001000000010000000100000001000000010000000100000001000000010000000100000001000000010000000100000001000000010000000100000001000000010000000100000001000000010000000100000001000000010000000100000001000000010000000100000001000000010000000100000001000000010000000100000001000000010000000100000001000000010000000100000001000000010000000100000001000000010000000100000001000000010000000100000001000000010000000100000001000000010000000100000001000000010000000100000001000000010000000100000001000000010000000100000001000000010000000100000001000000010000000100000001000000010000000100000001000000010000000100000001000000010000000100000001000000010000000100000001000000010000000100000001000000010000000100000001000000010000000100000001000000010000000100000001000000010000000100000001000000010000000100000001000000010000000100000001000000010000000100000001000000010000000100000001000000010000000100000001000000010000000100000001000000010000000100000001000000010000000100000001000000010000000100000001000000010000000100000001000000010000000100000001000000010000000100000001000000010000000100000001000000010000000100000001000000010000000100000001000000010000000100000001000000010000000100000001000000010000000100000001000000010000000100000001000000010000000100000001000000010000000100000001000000010000000100000001000000010000000100000001000000010000000100000001000000010000000100000001000000010000000100000001000000010000000100000001000000010000000100000001000000010000000100000001000000010000000100000001000000010000000100000001000000010000000100000001000000010000000100000001000000010000000100000001000000010000000100000001000000010000000100000001000000010000000100000001000000010000000100000001000000010000000100000001000000010000000100000001000000010000000100000001000000010000000100000001000000010000000100000001000000010000000100000001000000010000000100000001000000010000000100000001000000010000000100000001000000010000000100000001000000010000000100000001000000010000000100000001000000010000000100000001000000010000000100000001000000010000000100000001000000010000000100000001000000010000000100000001000000010000000100000001000000010000000100000001000000010000000100000001000000010000000100000001000000010000000100000001000000010000000100000001000000010000000100000001000000010000000100000001000000010000000100000001000000010000000100000001000000010000000100000001000000010000000100000001000000010000000100000001000000010000000100000001000000010000000100000001000000010000000100000001000000010000000100000001000000010000000100000001000000010000000100000001000000010000000100000001000000010000000100000001000000010000000100000001000000010000000100000001000000010000000100000001000000010000000100000001000000010000000100000001000000010000000100000001000000010000000100000001000000010000000100000001000000010000000100000001000000010000000100000001000000010000000100000001000000010000000100000001000000010000000100000001000000010000000100000001000000010000000100000001000000010000000100000001000000010000000100000001000000010000000100000001000000010000000100000001000000010000000100000001000000010000000100000001000000010000000100000001000000010000000100000001000000010000000100000001000000010000000100000001000000010000000100000001000000010000000100000001000000010000000100000001000000010000000100000001000000010000000100000001000000010000000100000001000000010000000100000001000000010000000100000001000000010000000100000001000000010000000100000001000000010000000100000001000000010000000100000001000000010000000100000001000000010000000100000001000000010000000100000001000000010000000100000001000000010000000100000001000000010000000100000001000000010000000100000001000000010000000100000001000000010000000100000001000000010000000100000001000000010000000100000001000000010000000100000001000000010000000100000001000000010000000100000001000000010000000100000001000000010000000100000001000000010000000100000001000000010000000100000001000000010000000100000001000000010000000100000001000000010000000100000001000000010000000100000001000000010000000100000001000000010000000100000001000000010000000100000001000000010000000100000001000000010000000100000001000000010000000100000001000000010000000100000001000000010000000100000001000000010000000100000001000000010000000100000001000000010000000100000001011001000000000100000001011100110000000100000001000000010000000100000001011011000000000100000001010001100000000100000001010010000000000100000001010000000000000100000001011001100000000100000001010100010000000100000001001110100000000100000001001111100000000100000001011100010000000100000001000000010000000100000001011101000000000100000001010110110000000100000001011011000000000100000001000000010000000100000001000000010000000100000001000000010000000100000001000000010000000100000001000000010000000100000001000000010000000100000001000000010000000100000001000000010000000100000001000000010000000100000001000000010000000000000001000000010000000100000001000000010000000100000001000000010000000100000001000000010000000100000001000000010000000100000001000000010000000100000001000000010000000100000001000000010000000100000001000000010000000100000001000000010000000100000001000000010111110100000001000000010111101100000001000000010000000100000001000000010000000100000001000000010110110000000001000000010110101100000001000000010111101100000001000000010000000100000001000000010110101100000001000000010110101000000001000000010110101000000001000000010111101100000001000000010000000100000001000000010000000100000001000000010000000100000001000000010000000100000001000000010000000100000001000000010000000100000001000000010000000100000001000000010000000100000001000000010000000100000001000000010000000100000001000000010000000100000001000000010000000100000001000000010000000100000001000000010000000100000001000000010000000100000001000000010000000100000001000000010000000100000001000000010000000100000001000000010000000100000001000000010000000100000001000000010000000100000001000000010000000100000001000000010000000100000001000000010000000100000001000000010000000100000001000000010000000100000001000000010000000100000001000000010000000100000001000000010000000100000001000000010000000100000001000000010000000100000001000000010000000100000001000000010000000100000001000000010000000100000001000000010000000100000001000000010000000100000001000000010000000100000001000000010000000100000001000000010000000100000001000000010000000100000001000000010000000100000001000000010000000100000001000000010000000100000001000000010000000100000001000000010000000100000001000000010000000100000001000000010000000100000001000000010000000100000001000000010000000100000001000000010000000100000001000000010000000100000001000000010000000100000001000000010000000100000001000000010000000100000001000000010000000100000001000000010000000100000001000000010000000100000001000000010000000100000001000000010000000100000001000000010000000100000001000000010000000100000001000000010000000100000001000000010000000100000001000000010000000100000001000000010000000100000001000000010000000100000001000000010000000100000001000000010000000100000001000000010000000100000001000000010000000100000001000000010000000100000001000000010000000100000001000000010000000100000001000000010000000100000001000000010000000100000001000000010000000100000001000000010000000100000001000000010000000100000001000000010000000100000001000000010000000100000001000000010000000100000001000000010000000100000001000000010000000100000001000000010000000100000001000000010000000100000001000000010000000100000001000000010000000100000001000000010000000100000001000000010000000100000001000000010000000100000001000000010000000100000001000000010000000100000001000000010000000100000001000000010000000100000001000000010000000100000001000000010000000100000001000000010000000100000001000000010000000100000001000000010000000100000001000000010000000100000001000000010000000100000001000000010000000100000001000000010000000100000001000000010000000100000001000000010000000100000001000000010000000100000001000000010000000100000001000000010000000100000001000000010000000100000001000000010000000100000001000000010000000100000001000000010000000100000001000000010000000100000001000000010000000100000001000000010000000100000001000000010000000100000001000000010000000100000001000000010000000100000001000000010000000100000001000000010000000100000001000000010000000100000001000000010000000100000001000000010000000100000001000000010000000100000001000000010000000100000001000000010000000100000001000000010000000100000001000000010000000100000001000000010000000100000001000000010000000100000001000000010000000100000001000000010000000100000001000000010000000100000001000000010000000100000001000000010000000100000001000000010000000100000001000000010000000100000001000000010000000100000001000000010000000100000001000000010000000100000001000000010000000100000001000000010000000100000001000000010000000100000001000000010000000100000001000000010000000100000001000000010000000100000001000000010000000100000001000000010000000100000001000000010000000100000001000000010000000100000001000000010000000100000001000000010000000100000001000000010000000100000001000000010000000100000001000000010000000100000001000000010000000100000001000000010000000100000001000000010000000100000001000000010000000100000001000000010000000100000001000000010000000100000001000000010000000100000001000000010000000100000001000000010000000100000001000000010000000100000001000000010000000100000001000000010000000100000001000000010000000100000001000000010000000100000001000000010000000100000001000000010000000100000001000000010000000100000001000000010000000100000001000000010000000100000001000000010000000100000001000000010000000100000001000000010000000100000001000000010000000100000001000000010000000100000001000000010000000100000001000000010000000100000001000000010000000100000001000000010000000100000001000000010000000100000001000000010000000100000001000000010000000100000001000000010000000100000001000000010000000100000001000000010000000100000001000000010000000100000001000000010000000100000001000000010000000100000001000000010000000100000001000000010000000100000001000000010000000100000001000000010000000100000001000000010000000100000001000000010000000100000001000000010000000100000001000000010000000100000001000000010000000100000001000000010000000100000001000000010000000100000001000000010000000100000001000000010000000100000001000000010000000100000001000000010000000100000001000000010000000100000001000000010000000100000001000000010000000100000001000000010000000100000001000000010000000100000001000000010000000100000001000000010000000100000001000000010000000100000001000000010000000100000001000000010000000100000001000000010000000100000001000000010000000100000001000000010000000100000001000000010000000100000001000000010000000100000001000000010000000100000001000000010000000100000001000000010000000100000001000000010000000100000001000000010000000100000001000000010000000100000001000000010000000100000001000000010000000100000001000000010000000100000001000000010000000100000001000000010000000100000001000000010000000100000001000000010000000100000001000000010000000100000001000000010000000100000001000000010000000100000001000000010000000100000001000000010000000100000001000000010000000100000001000000010000000100000001000000010000000100000001000000010000000100000001000000010000000100000001000000010000000100000001000000010000000100000001000000010000000100000001000000010000000100000001000000010000000100000001000000010000000100000001000000010000000100000001000000010000000100000001000000010000000100000001000000010000000100000001000000010000000100000001000000010000000100000001000000010000000100000001000000010000000100000001000000010000000100000001000000010000000100000001000000010000000100000001000000010000000100000001000000010000000100000001000000010000000100000001000000010000000100000001000000010000000100000001000000010000000100000001000000010000000100000001000000010000000100000001000000010000000100000001000000010000000100000001000000010000000100000001000000010000000100000001000000010000000100000001000000010000000100000001000000010000000100000001000000010000000100000001000000010000000100000001000000010000000100000001000000010000000100000001000000010000000100000001000000010000000100000001000000010000000100000001000000010000000100000001000000010000000100000001000000010000000100000001000000010000000100000001000000010000000100000001000000010000000100000001000000010000000100000001000000010000000100000001000000010000000100000001000000010000000100000001000000010000000100000001000000010000000100000001000000010000000100000001000000010000000100000001000000010000000100000001000000010000000100000001000000010000000100000001000000010000000100000001000000010000000100000001000000010000000100000001000000010000000100000001000000010000000100000001000000010000000100000001000000010000000100000001000000010000000100000001000000010000000100000001000000010000000100000001000000010000000100000001000000010000000100000001000000010000000100000001000000010000000100000001000000010000000100000001000000010000000100000001000000010000000100000001000000010000000100000001000000010000000100000001000000010000000100000001000000010000000100000001000000010000000100000001000000010000000100000001000000010000000100000001000000010000000100000001000000010000000100000001000000010000000100000001000000010000000100000001000000010000000100000001000000010000000100000001000000010000000100000001000000010000000100000001000000010110011000000001000000010111010100000001000000010000000100000001000000010101010000000001000000010100100100000001000000010100010100000001000000010100011100000001000000010110001100000001000000010101010100000001000000010100000000000001000000010100010000000001000000010110110000000001000000010000000100000001000000010110111100000001000000010101101100000001000000010110011100000001000000010000000100000001000000010000000100000001000000010000000100000001000000010000000100000001000000010000000100000001000000010000000100000001000000010000000100000001000000010000000100000001000000010000000100000001000000010000000100000000000000010000000100000001000000010000000100000001000000010000000100000001000000010000000100000001000000010000000100000001000000010000000100000001000000010000000100000001000000010000000100000001000000010000000100000001000000010000000100000001000000010000000100000001000000010000000100000001000000010000000100000001000000010000000100000001000000010000000101111101000000010000000101111001000000010000000100000001000000010000000100000001000000010000000100000001000000010000000101101101000000010000000101110011000000010000000100000001000000010000000100000001000000010000000100000001000000010000000100000001000000010000000100000001000000010000000100000001000000010000000100000001000000010000000100000001000000010000000100000001000000010000000100000001000000010000000100000001000000010000000100000001000000010000000100000001000000010000000100000001000000010000000100000001000000010000000100000001000000010000000100000001000000010000000100000001000000010000000100000001000000010000000100000001000000010000000100000001000000010000000100000001000000010000000100000001000000010000000100000001000000010000000100000001000000010000000100000001000000010000000100000001000000010000000100000001000000010000000100000001000000010000000100000001000000010000000100000001000000010000000100000001000000010000000100000001000000010000000100000001000000010000000100000001000000010000000100000001000000010000000100000001000000010000000100000001000000010000000100000001000000010000000100000001000000010000000100000001000000010000000100000001000000010000000100000001000000010000000100000001000000010000000100000001000000010000000100000001000000010000000100000001000000010000000100000001000000010000000100000001000000010000000100000001000000010000000100000001000000010000000100000001000000010000000100000001000000010000000100000001000000010000000100000001000000010000000100000001000000010000000100000001000000010000000100000001000000010000000100000001000000010000000100000001000000010000000100000001000000010000000100000001000000010000000100000001000000010000000100000001000000010000000100000001000000010000000100000001000000010000000100000001000000010000000100000001000000010000000100000001000000010000000100000001000000010000000100000001000000010000000100000001000000010000000100000001000000010000000100000001000000010000000100000001000000010000000100000001000000010000000100000001000000010000000100000001000000010000000100000001000000010000000100000001000000010000000100000001000000010000000100000001000000010000000100000001000000010000000100000001000000010000000100000001000000010000000100000001000000010000000100000001000000010000000100000001000000010000000100000001000000010000000100000001000000010000000100000001000000010000000100000001000000010000000100000001000000010000000100000001000000010000000100000001000000010000000100000001000000010000000100000001000000010000000100000001000000010000000100000001000000010000000100000001000000010000000100000001000000010000000100000001000000010000000100000001000000010000000100000001000000010000000100000001000000010000000100000001000000010000000100000001000000010000000100000001000000010000000100000001000000010000000100000001000000010000000100000001000000010000000100000001000000010000000100000001000000010000000100000001000000010000000100000001000000010000000100000001000000010000000100000001000000010000000100000001000000010000000100000001000000010000000100000001000000010000000100000001000000010000000100000001000000010000000100000001000000010000000100000001000000010000000100000001000000010000000100000001000000010000000100000001000000010000000100000001000000010000000100000001000000010000000100000001000000010000000100000001000000010000000100000001000000010000000100000001000000010000000100000001000000010000000100000001000000010000000100000001000000010000000100000001000000010000000100000001000000010000000100000001000000010000000100000001000000010000000100000001000000010000000100000001000000010000000100000001000000010000000100000001000000010000000100000001000000010000000100000001000000010000000100000001000000010000000100000001000000010000000100000001000000010000000100000001000000010000000100000001000000010000000100000001000000010000000100000001000000010000000100000001000000010000000100000001000000010000000100000001000000010000000100000001000000010000000100000001000000010000000100000001000000010000000100000001000000010000000100000001000000010000000100000001000000010000000100000001000000010000000100000001000000010000000100000001000000010000000100000001000000010000000100000001000000010000000100000001000000010000000100000001000000010000000100000001000000010000000100000001000000010000000100000001000000010000000100000001000000010000000100000001000000010000000100000001000000010000000100000001000000010000000100000001000000010000000100000001000000010000000100000001000000010000000100000001000000010000000100000001000000010000000100000001000000010000000100000001000000010000000100000001000000010000000100000001000000010000000100000001000000010000000100000001000000010000000100000001000000010000000100000001000000010000000100000001000000010000000100000001000000010000000100000001000000010000000100000001000000010000000100000001000000010000000100000001000000010000000100000001000000010000000100000001000000010000000100000001000000010000000100000001000000010000000100000001000000010000000100000001000000010000000100000001000000010000000100000001000000010000000100000001000000010000000100000001000000010000000100000001000000010000000100000001000000010000000100000001000000010000000100000001000000010000000100000001000000010000000100000001000000010000000100000001000000010000000100000001000000010000000100000001000000010000000100000001000000010000000100000001000000010000000100000001000000010000000100000001000000010000000100000001000000010000000100000001000000010000000100000001000000010000000100000001000000010000000100000001000000010000000100000001000000010000000100000001000000010000000100000001000000010000000100000001000000010000000100000001000000010000000100000001000000010000000100000001000000010000000100000001000000010000000100000001000000010000000100000001000000010000000100000001000000010000000100000001000000010000000100000001000000010000000100000001000000010000000100000001000000010000000100000001000000010000000100000001000000010000000100000001000000010000000100000001000000010000000100000001000000010000000100000001000000010000000100000001000000010000000100000001000000010000000100000001000000010000000100000001000000010000000100000001000000010000000100000001000000010000000100000001000000010000000100000001000000010000000100000001000000010000000100000001000000010000000100000001000000010000000100000001000000010000000100000001000000010000000100000001000000010000000100000001000000010000000100000001000000010000000100000001000000010000000100000001000000010000000100000001000000010000000100000001000000010000000100000001000000010000000100000001000000010000000100000001000000010000000100000001000000010000000100000001000000010000000100000001000000010000000100000001000000010000000100000001000000010000000100000001000000010000000100000001000000010000000100000001000000010000000100000001000000010000000100000001000000010000000100000001000000010000000100000001000000010000000100000001000000010000000100000001000000010000000100000001000000010000000100000001000000010000000100000001000000010000000100000001000000010000000100000001000000010000000100000001000000010000000100000001000000010000000100000001000000010000000100000001000000010000000100000001000000010000000100000001000000010000000100000001000000010000000100000001000000010000000100000001000000010000000100000001000000010000000100000001000000010000000100000001000000010000000100000001000000010000000100000001000000010000000100000001000000010000000100000001000000010000000100000001000000010000000100000001000000010000000100000001000000010000000100000001000000010000000100000001000000010000000100000001000000010000000100000001000000010000000100000001000000010000000100000001000000010000000100000001000000010000000100000001000000010000000100000001000000010000000100000001000000010000000100000001000000010000000100000001000000010000000100000001000000010000000100000001000000010000000100000001000000010000000100000001000000010000000100000001000000010000000100000001000000010000000100000001000000010000000100000001000000010000000100000001000000010000000100000001000000010000000100000001000000010000000100000001000000010000000100000001000000010000000100000001000000010000000100000001000000010000000100000001000000010000000100000001000000010000000101111110000000010000000100000001000000010000000100000001000000010000000100000001000000010000000101010010000000010000000101001111000000010000000101110011000000010000000101110111000000010000000101110111000000010000000101001011000000010000000101100010000000010000000100000001000000010000000100000001000000010000000100000001000000010000000101110101000000010000000100000001000000010000000100000001000000010000000100000001000000010000000100000001000000010000000100000001000000010000000100000001000000010000000100000001000000010000000100000001000000010000000100000001000000010000000100000001000000010000000100000001000000000000000100000001000000010000000100000001000000010000000100000001000000010000000100000001000000010000000100000001000000010000000100000001000000010000000100000001000000010000000100000001000000010000000100000001000000010000000100000001000000010000000100000001000000010000000100000001000000010000000100000001000000010000000100000001000000010000000100000001000000010000000100000001000000010000000100000001000000010000000100000001000000010000000100000001000000010000000100000001000000010000000100000001000000010000000100000001000000010000000100000001000000010000000100000001000000010000000100000001000000010000000100000001000000010000000100000001000000010000000100000001000000010000000100000001000000010000000100000001000000010000000100000001000000010000000100000001000000010000000100000001000000010000000100000001000000010000000100000001000000010000000100000001000000010000000100000001000000010000000100000001000000010000000100000001000000010000000100000001000000010000000100000001000000010000000100000001000000010000000100000001000000010000000100000001000000010000000100000001000000010000000100000001000000010000000100000001000000010000000100000001000000010000000100000001000000010000000100000001000000010000000100000001000000010000000100000001000000010000000100000001000000010000000100000001000000010000000100000001000000010000000100000001000000010000000100000001000000010000000100000001000000010000000100000001000000010000000100000001000000010000000100000001000000010000000100000001000000010000000100000001000000010000000100000001000000010000000100000001000000010000000100000001000000010000000100000001000000010000000100000001000000010000000100000001000000010000000100000001000000010000000100000001000000010000000100000001000000010000000100000001000000010000000100000001000000010000000100000001000000010000000100000001000000010000000100000001000000010000000100000001000000010000000100000001000000010000000100000001000000010000000100000001000000010000000100000001000000010000000100000001000000010000000100000001000000010000000100000001000000010000000100000001000000010000000100000001000000010000000100000001000000010000000100000001000000010000000100000001000000010000000100000001000000010000000100000001000000010000000100000001000000010000000100000001000000010000000100000001000000010000000100000001000000010000000100000001000000010000000100000001000000010000000100000001000000010000000100000001000000010000000100000001000000010000000100000001000000010000000100000001000000010000000100000001000000010000000100000001000000010000000100000001000000010000000100000001000000010000000100000001000000010000000100000001000000010000000100000001000000010000000100000001000000010000000100000001000000010000000100000001000000010000000100000001000000010000000100000001000000010000000100000001000000010000000100000001000000010000000100000001000000010000000100000001000000010000000100000001000000010000000100000001000000010000000100000001000000010000000100000001000000010000000100000001000000010000000100000001000000010000000100000001000000010000000100000001000000010000000100000001000000010000000100000001000000010000000100000001000000010000000100000001000000010000000100000001000000010000000100000001000000010000000100000001000000010000000100000001000000010000000100000001000000010000000100000001000000010000000100000001000000010000000100000001000000010000000100000001000000010000000100000001000000010000000100000001000000010000000100000001000000010000000100000001000000010000000100000001000000010000000100000001000000010000000100000001000000010000000100000001000000010000000100000001000000010000000100000001000000010000000100000001000000010000000100000001000000010000000100000001000000010000000100000001000000010000000100000001000000010000000100000001000000010000000100000001000000010000000100000001000000010000000100000001000000010000000100000001000000010000000100000001000000010000000100000001000000010000000100000001000000010000000100000001000000010000000100000001000000010000000100000001000000010000000100000001000000010000000100000001000000010000000100000001000000010000000100000001000000010000000100000001000000010000000100000001000000010000000100000001000000010000000100000001000000010000000100000001000000010000000100000001000000010000000100000001000000010000000100000001000000010000000100000001000000010000000100000001000000010000000100000001000000010000000100000001000000010000000100000001000000010000000100000001000000010000000100000001000000010000000100000001000000010000000100000001000000010000000100000001000000010000000100000001000000010000000100000001000000010000000100000001000000010000000100000001000000010000000100000001000000010000000100000001000000010000000100000001000000010000000100000001000000010000000100000001000000010000000100000001000000010000000100000001000000010000000100000001000000010000000100000001000000010000000100000001000000010000000100000001000000010000000100000001000000010000000100000001000000010000000100000001000000010000000100000001000000010000000100000001000000010000000100000001000000010000000100000001000000010000000100000001000000010000000100000001000000010000000100000001000000010000000100000001000000010000000100000001000000010000000100000001000000010000000100000001000000010000000100000001000000010000000100000001000000010000000100000001000000010000000100000001000000010000000100000001000000010000000100000001000000010000000100000001000000010000000100000001000000010000000100000001000000010000000100000001000000010000000100000001000000010000000100000001000000010000000100000001000000010000000100000001000000010000000100000001000000010000000100000001000000010000000100000001000000010000000100000001000000010000000100000001000000010000000100000001000000010000000100000001000000010000000100000001000000010000000100000001000000010000000100000001000000010000000100000001000000010000000100000001000000010000000100000001000000010000000100000001000000010000000100000001000000010000000100000001000000010000000100000001000000010000000100000001000000010000000100000001000000010000000100000001000000010000000100000001000000010000000100000001000000010000000100000001000000010000000100000001000000010000000100000001000000010000000100000001000000010000000100000001000000010000000100000001000000010000000100000001000000010000000100000001000000010000000100000001000000010000000100000001000000010000000100000001000000010000000100000001000000010000000100000001000000010000000100000001000000010000000100000001000000010000000100000001000000010000000100000001000000010000000100000001000000010000000100000001000000010000000100000001000000010000000100000001000000010000000100000001000000010000000100000001000000010000000100000001000000010000000100000001000000010000000100000001000000010000000100000001000000010000000100000001000000010000000100000001000000010000000100000001000000010000000100000001000000010000000100000001000000010000000100000001000000010000000100000001000000010000000100000001000000010000000100000001000000010000000100000001000000010000000100000001000000010000000100000001000000010000000100000001000000010000000100000001000000010000000100000001000000010000000100000001000000010000000100000001000000010000000100000001000000010000000100000001000000010000000100000001000000010000000100000001000000010000000100000001000000010000000100000001000000010000000100000001000000010000000100000001000000010000000100000001000000010000000100000001000000010000000100000001000000010000000100000001000000010000000100000001000000010000000100000001000000010000000100000001000000010000000100000001000000010000000100000001000000010000000100000001000000010000000100000001000000010000000100000001000000010000000100000001000000010000000100000001000000010000000100000001000000010000000100000001000000010000000100000001000000010000000100000001000000010000000100000001000000010000000100000001000000010000000100000001000000010000000100000001000000010000000100000001000000010000000100000001000000010000000100000001000000010000000100000001000000010000000100000001000000010000000100000001000000010000000100000001000000010000000100000001000000010000000100000001000000010000000100000001000000010000000100000001000000010000000100000001000000010000000100000001000000010000000100000001000000010000000100000001000000010000000100000001000000010000000100000001000000010000000100000001000000010000000100000001000000010000000100000001000000010000000100000001000000010000000100000001000000010000000100000001000000010000000100000001000000010000000100000001000000010000000100000001000000010000000100000001000000010000000100000001000000010000000100000001000000010000000100000001000000010000000100000001000000010000000100000001000000010000000100000001000000010000000100000001011110100000000100000001000000010000000100000001011101110000000100000001000000010000000100000001011111100000000100000001000000010000000100000001000000010000000100000001000000010000000100000001000000010000000100000001000000010000000100000001000000010000000100000001000000010000000100000001000000010000000100000001000000010000000100000001000000010000000100000001000000010000000100000001000000010000000100000001000000010000000100000001000000010000000100000001000000010000000100000001000000010000000000000001000000010000000100000001000000010000000100000001000000010000000100000001000000010000000100000001000000010000000100000001000000010000000100000001000000010000000100000001000000010000000100000001000000010000000100000001000000010000000100000001000000010000000100000001000000010000000100000001000000010000000100000001000000010000000100000001000000010111110100000001000000010111000000000001000000010000000100000001000000010000000100000001000000010000000100000001000000010111011100000001000000010111101000000001000000010000000100000001000000010000000100000001000000010000000100000001000000010000000100000001000000010000000100000001000000010000000100000001000000010000000100000001000000010000000100000001000000010000000100000001000000010000000100000001000000010000000100000001000000010000000100000001000000010000000100000001000000010000000100000001000000010000000100000001000000010000000100000001000000010000000100000001000000010000000100000001000000010000000100000001000000010000000100000001000000010000000100000001000000010000000100000001000000010000000100000001000000010000000100000001000000010000000100000001000000010000000100000001000000010000000100000001000000010000000100000001000000010000000100000001000000010000000100000001000000010000000100000001000000010000000100000001000000010000000100000001000000010000000100000001000000010000000100000001000000010000000100000001000000010000000100000001000000010000000100000001000000010000000100000001000000010000000100000001000000010000000100000001000000010000000100000001000000010000000100000001000000010000000100000001000000010000000100000001000000010000000100000001000000010000000100000001000000010000000100000001000000010000000100000001000000010000000100000001000000010000000100000001000000010000000100000001000000010000000100000001000000010000000100000001000000010000000100000001000000010000000100000001000000010000000100000001000000010000000100000001000000010000000100000001000000010000000100000001000000010000000100000001000000010000000100000001000000010000000100000001000000010000000100000001000000010000000100000001000000010000000100000001000000010000000100000001000000010000000100000001000000010000000100000001000000010000000100000001000000010000000100000001000000010000000100000001000000010000000100000001000000010000000100000001000000010000000100000001000000010000000100000001000000010000000100000001000000010000000100000001000000010000000100000001000000010000000100000001000000010000000100000001000000010000000100000001000000010000000100000001000000010000000100000001000000010000000100000001000000010000000100000001000000010000000100000001000000010000000100000001000000010000000100000001000000010000000100000001000000010000000100000001000000010000000100000001000000010000000100000001000000010000000100000001000000010000000100000001000000010000000100000001000000010000000100000001000000010000000100000001000000010000000100000001000000010000000100000001000000010000000100000001000000010000000100000001000000010000000100000001000000010000000100000001000000010000000100000001000000010000000100000001000000010000000100000001000000010000000100000001000000010000000100000001000000010000000100000001000000010000000100000001000000010000000100000001000000010000000100000001000000010000000100000001000000010000000100000001000000010000000100000001000000010000000100000001000000010000000100000001000000010000000100000001000000010000000100000001000000010000000100000001000000010000000100000001000000010000000100000001000000010000000100000001000000010000000100000001000000010000000100000001000000010000000100000001000000010000000100000001000000010000000100000001000000010000000100000001000000010000000100000001000000010000000100000001000000010000000100000001000000010000000100000001000000010000000100000001000000010000000100000001000000010000000100000001000000010000000100000001000000010000000100000001000000010000000100000001000000010000000100000001000000010000000100000001000000010000000100000001000000010000000100000001000000010000000100000001000000010000000100000001000000010000000100000001000000010000000100000001000000010000000100000001000000010000000100000001000000010000000100000001000000010000000100000001000000010000000100000001000000010000000100000001000000010000000100000001000000010000000100000001000000010000000100000001000000010000000100000001000000010000000100000001000000010000000100000001000000010000000100000001000000010000000100000001000000010000000100000001000000010000000100000001000000010000000100000001000000010000000100000001000000010000000100000001000000010000000100000001000000010000000100000001000000010000000100000001000000010000000100000001000000010000000100000001000000010000000100000001000000010000000100000001000000010000000100000001000000010000000100000001000000010000000100000001000000010000000100000001000000010000000100000001000000010000000100000001000000010000000100000001000000010000000100000001000000010000000100000001000000010000000100000001000000010000000100000001000000010000000100000001000000010000000100000001000000010000000100000001000000010000000100000001000000010000000100000001000000010000000100000001000000010000000100000001000000010000000100000001000000010000000100000001000000010000000100000001000000010000000100000001000000010000000100000001000000010000000100000001000000010000000100000001000000010000000100000001000000010000000100000001000000010000000100000001000000010000000100000001000000010000000100000001000000010000000100000001000000010000000100000001000000010000000100000001000000010000000100000001000000010000000100000001000000010000000100000001000000010000000100000001000000010000000100000001000000010000000100000001000000010000000100000001000000010000000100000001000000010000000100000001000000010000000100000001000000010000000100000001000000010000000100000001000000010000000100000001000000010000000100000001000000010000000100000001000000010000000100000001000000010000000100000001000000010000000100000001000000010000000100000001000000010000000100000001000000010000000100000001000000010000000100000001000000010000000100000001000000010000000100000001000000010000000100000001000000010000000100000001000000010000000100000001000000010000000100000001000000010000000100000001000000010000000100000001000000010000000100000001000000010000000100000001000000010000000100000001000000010000000100000001000000010000000100000001000000010000000100000001000000010000000100000001000000010000000100000001000000010000000100000001000000010000000100000001000000010000000100000001000000010000000100000001000000010000000100000001000000010000000100000001000000010000000100000001000000010000000100000001000000010000000100000001000000010000000100000001000000010000000100000001000000010000000100000001000000010000000100000001000000010000000100000001000000010000000100000001000000010000000100000001000000010000000100000001000000010000000100000001000000010000000100000001000000010000000100000001000000010000000100000001000000010000000100000001000000010000000100000001000000010000000100000001000000010000000100000001000000010000000100000001000000010000000100000001000000010000000100000001000000010000000100000001000000010000000100000001000000010000000100000001000000010000000100000001000000010000000100000001000000010000000100000001000000010000000100000001000000010000000100000001000000010000000100000001000000010000000100000001000000010000000100000001000000010000000100000001000000010000000100000001000000010000000100000001000000010000000100000001000000010000000100000001000000010000000100000001000000010000000100000001000000010000000100000001000000010000000100000001000000010000000100000001000000010000000100000001000000010000000100000001000000010000000100000001000000010000000100000001000000010000000100000001000000010000000100000001000000010000000100000001000000010000000100000001000000010000000100000001000000010000000100000001000000010000000100000001000000010000000100000001000000010000000100000001000000010000000100000001000000010000000100000001000000010000000100000001000000010000000100000001000000010000000100000001000000010000000100000001000000010000000100000001000000010000000100000001000000010000000100000001000000010000000100000001000000010000000100000001000000010000000100000001000000010000000100000001000000010000000100000001000000010000000100000001000000010000000100000001000000010000000100000001000000010000000100000001000000010000000100000001000000010000000100000001000000010000000100000001000000010000000100000001000000010000000100000001000000010000000100000001000000010000000100000001000000010000000100000001000000010000000100000001000000010111100100000001000000010000000100000001000000010000000100000001000000010000000100000001000000010101100100000001000000010101001000000001000000010111011100000001000000010111000100000001000000010111111100000001000000010101001000000001000000010101011100000001000000010000000100000001000000010000000100000001000000010000000100000001000000010111000100000001000000010000000100000001000000010000000100000001000000010000000100000001000000010000000100000001000000010000000100000001000000010000000100000001000000010000000100000001000000010000000100000001000000010000000100000001000000010000000100000001000000010000000100000000000000010000000100000001000000010000000100000001000000010000000100000001000000010000000100000001000000010000000100000001000000010000000100000001000000010000000100000001000000010000000100000001000000010000000100000001000000010000000100000001000000010000000101101110000000010000000101110110000000010000000100000001000000010000000100000001000000010000000101011111000000010000000101011111000000010000000101110110000000010000000100000001000000010000000101110001000000010000000101100111000000010000000101100111000000010000000101111111000000010000000100000001000000010000000100000001000000010000000101111000000000010000000100000001000000010000000100000001000000010000000100000001000000010000000100000001000000010000000100000001000000010000000100000001000000010000000100000001000000010000000100000001000000010000000100000001000000010000000100000001000000010000000100000001000000010000000100000001000000010000000100000001000000010000000100000001000000010000000100000001000000010000000100000001000000010000000100000001000000010000000100000001000000010000000100000001000000010000000100000001000000010000000100000001000000010000000100000001000000010000000100000001000000010000000100000001000000010000000100000001000000010000000100000001000000010000000100000001000000010000000100000001000000010000000100000001000000010000000100000001000000010000000100000001000000010000000100000001000000010000000100000001000000010000000100000001000000010000000100000001000000010000000100000001000000010000000100000001000000010000000100000001000000010000000100000001000000010000000100000001000000010000000100000001000000010000000100000001000000010000000100000001000000010000000100000001000000010000000100000001000000010000000100000001000000010000000100000001000000010000000100000001000000010000000100000001000000010000000100000001000000010000000100000001000000010000000100000001000000010000000100000001000000010000000100000001000000010000000100000001000000010000000100000001000000010000000100000001000000010000000100000001000000010000000100000001000000010000000100000001000000010000000100000001000000010000000100000001000000010000000100000001000000010000000100000001000000010000000100000001000000010000000100000001000000010000000100000001000000010000000100000001000000010000000100000001000000010000000100000001000000010000000100000001000000010000000100000001000000010000000100000001000000010000000100000001000000010000000100000001000000010000000100000001000000010000000100000001000000010000000100000001000000010000000100000001000000010000000100000001000000010000000100000001000000010000000100000001000000010000000100000001000000010000000100000001000000010000000100000001000000010000000100000001000000010000000100000001000000010000000100000001000000010000000100000001000000010000000100000001000000010000000100000001000000010000000100000001000000010000000100000001000000010000000100000001000000010000000100000001000000010000000100000001000000010000000100000001000000010000000100000001000000010000000100000001000000010000000100000001000000010000000100000001000000010000000100000001000000010000000100000001000000010000000100000001000000010000000100000001000000010000000100000001000000010000000100000001000000010000000100000001000000010000000100000001000000010000000100000001000000010000000100000001000000010000000100000001000000010000000100000001000000010000000100000001000000010000000100000001000000010000000100000001000000010000000100000001000000010000000100000001000000010000000100000001000000010000000100000001000000010000000100000001000000010000000100000001000000010000000100000001000000010000000100000001000000010000000100000001000000010000000100000001000000010000000100000001000000010000000100000001000000010000000100000001000000010000000100000001000000010000000100000001000000010000000100000001000000010000000100000001000000010000000100000001000000010000000100000001000000010000000100000001000000010000000100000001000000010000000100000001000000010000000100000001000000010000000100000001000000010000000100000001000000010000000100000001000000010000000100000001000000010000000100000001000000010000000100000001000000010000000100000001000000010000000100000001000000010000000100000001000000010000000100000001000000010000000100000001000000010000000100000001000000010000000100000001000000010000000100000001000000010000000100000001000000010000000100000001000000010000000100000001000000010000000100000001000000010000000100000001000000010000000100000001000000010000000100000001000000010000000100000001000000010000000100000001000000010000000100000001000000010000000100000001000000010000000100000001000000010000000100000001000000010000000100000001000000010000000100000001000000010000000100000001000000010000000100000001000000010000000100000001000000010000000100000001000000010000000100000001000000010000000100000001000000010000000100000001000000010000000100000001000000010000000100000001000000010000000100000001000000010000000100000001000000010000000100000001000000010000000100000001000000010000000100000001000000010000000100000001000000010000000100000001000000010000000100000001000000010000000100000001000000010000000100000001000000010000000100000001000000010000000100000001000000010000000100000001000000010000000100000001000000010000000100000001000000010000000100000001000000010000000100000001000000010000000100000001000000010000000100000001000000010000000100000001000000010000000100000001000000010000000100000001000000010000000100000001000000010000000100000001000000010000000100000001000000010000000100000001000000010000000100000001000000010000000100000001000000010000000100000001000000010000000100000001000000010000000100000001000000010000000100000001000000010000000100000001000000010000000100000001000000010000000100000001000000010000000100000001000000010000000100000001000000010000000100000001000000010000000100000001000000010000000100000001000000010000000100000001000000010000000100000001000000010000000100000001000000010000000100000001000000010000000100000001000000010000000100000001000000010000000100000001000000010000000100000001000000010000000100000001000000010000000100000001000000010000000100000001000000010000000100000001000000010000000100000001000000010000000100000001000000010000000100000001000000010000000100000001000000010000000100000001000000010000000100000001000000010000000100000001000000010000000100000001000000010000000100000001000000010000000100000001000000010000000100000001000000010000000100000001000000010000000100000001000000010000000100000001000000010000000100000001000000010000000100000001000000010000000100000001000000010000000100000001000000010000000100000001000000010000000100000001000000010000000100000001000000010000000100000001000000010000000100000001000000010000000100000001000000010000000100000001000000010000000100000001000000010000000100000001000000010000000100000001000000010000000100000001000000010000000100000001000000010000000100000001000000010000000100000001000000010000000100000001000000010000000100000001000000010000000100000001000000010000000100000001000000010000000100000001000000010000000100000001000000010000000100000001000000010000000100000001000000010000000100000001000000010000000100000001000000010000000100000001000000010000000100000001000000010000000100000001000000010000000100000001000000010000000100000001000000010000000100000001000000010000000100000001000000010000000100000001000000010000000100000001000000010000000100000001000000010000000100000001000000010000000100000001000000010000000100000001000000010000000100000001000000010000000100000001000000010000000100000001000000010000000100000001000000010000000100000001000000010000000100000001000000010000000100000001000000010000000100000001000000010000000100000001000000010000000100000001000000010000000100000001000000010000000100000001000000010000000100000001000000010000000100000001000000010000000100000001000000010000000100000001000000010000000100000001000000010000000100000001000000010000000100000001000000010000000100000001000000010000000100000001000000010000000100000001000000010000000100000001000000010000000100000001000000010000000100000001000000010000000100000001000000010000000100000001000000010000000100000001000000010000000100000001000000010000000100000001000000010000000100000001000000010000000100000001000000010000000100000001000000010000000100000001000000010000000100000001000000010000000100000001000000010000000100000001000000010000000100000001000000010000000100000001000000010000000100000001000000010000000100000001000000010000000100000001000000010000000100000001000000010000000100000001000000010000000100000001000000010000000100000001000000010000000101011111000000010000000101100011000000010000000100000001000000010000000101000101000000010000000100111001000000010000000100111011000000010000000100110101000000010000000101011110000000010000000101000100000000010000000100100110000000010000000100111110000000010000000101100011000000010000000100000001000000010000000101101001000000010000000101001011000000010000000101100100000000010000000100000001000000010000000100000001000000010000000100000001000000010000000100000001000000010000000100000001000000010000000100000001000000010000000100000001000000010000000100000001000000010000000100000001000000010000000100000001000000000000000100000001000000010000000100000001000000010000000100000001000000010000000100000001000000010000000100000001000000010000000100000001000000010000000100000001000000010000000100000001000000010000000100000001000000010000000100000001000000010000000100000001011011010000000100000001011100110000000100000001000000010000000100000001000000010000000100000001011010100000000100000001011000100000000100000001011100110000000100000001000000010000000100000001011010100000000100000001011000100000000100000001011000110000000100000001011110010000000100000001000000010000000100000001000000010000000100000001011111010000000100000001011111100000000100000001000000010000000100000001000000010000000100000001000000010000000100000001000000010000000100000001000000010000000100000001000000010000000100000001000000010000000100000001000000010000000100000001000000010000000100000001000000010000000100000001000000010000000100000001000000010000000100000001000000010000000100000001000000010000000100000001000000010000000100000001000000010000000100000001000000010000000100000001000000010000000100000001000000010000000100000001000000010000000100000001000000010000000100000001000000010000000100000001000000010000000100000001000000010000000100000001000000010000000100000001000000010000000100000001000000010000000100000001000000010000000100000001000000010000000100000001000000010000000100000001000000010000000100000001000000010000000100000001000000010000000100000001000000010000000100000001000000010000000100000001000000010000000100000001000000010000000100000001000000010000000100000001000000010000000100000001000000010000000100000001000000010000000100000001000000010000000100000001000000010000000100000001000000010000000100000001000000010000000100000001000000010000000100000001000000010000000100000001000000010000000100000001000000010000000100000001000000010000000100000001000000010000000100000001000000010000000100000001000000010000000100000001000000010000000100000001000000010000000100000001000000010000000100000001000000010000000100000001000000010000000100000001000000010000000100000001000000010000000100000001000000010000000100000001000000010000000100000001000000010000000100000001000000010000000100000001000000010000000100000001000000010000000100000001000000010000000100000001000000010000000100000001000000010000000100000001000000010000000100000001000000010000000100000001000000010000000100000001000000010000000100000001000000010000000100000001000000010000000100000001000000010000000100000001000000010000000100000001000000010000000100000001000000010000000100000001000000010000000100000001000000010000000100000001000000010000000100000001000000010000000100000001000000010000000100000001000000010000000100000001000000010000000100000001000000010000000100000001000000010000000100000001000000010000000100000001000000010000000100000001000000010000000100000001000000010000000100000001000000010000000100000001000000010000000100000001000000010000000100000001000000010000000100000001000000010000000100000001000000010000000100000001000000010000000100000001000000010000000100000001000000010000000100000001000000010000000100000001000000010000000100000001000000010000000100000001000000010000000100000001000000010000000100000001000000010000000100000001000000010000000100000001000000010000000100000001000000010000000100000001000000010000000100000001000000010000000100000001000000010000000100000001000000010000000100000001000000010000000100000001000000010000000100000001000000010000000100000001000000010000000100000001000000010000000100000001000000010000000100000001000000010000000100000001000000010000000100000001000000010000000100000001000000010000000100000001000000010000000100000001000000010000000100000001000000010000000100000001000000010000000100000001000000010000000100000001000000010000000100000001000000010000000100000001000000010000000100000001000000010000000100000001000000010000000100000001000000010000000100000001000000010000000100000001000000010000000100000001000000010000000100000001000000010000000100000001000000010000000100000001000000010000000100000001000000010000000100000001000000010000000100000001000000010000000100000001000000010000000100000001000000010000000100000001000000010000000100000001000000010000000100000001000000010000000100000001000000010000000100000001000000010000000100000001000000010000000100000001000000010000000100000001000000010000000100000001000000010000000100000001000000010000000100000001000000010000000100000001000000010000000100000001000000010000000100000001000000010000000100000001000000010000000100000001000000010000000100000001000000010000000100000001000000010000000100000001000000010000000100000001000000010000000100000001000000010000000100000001000000010000000100000001000000010000000100000001000000010000000100000001000000010000000100000001000000010000000100000001000000010000000100000001000000010000000100000001000000010000000100000001000000010000000100000001000000010000000100000001000000010000000100000001000000010000000100000001000000010000000100000001000000010000000100000001000000010000000100000001000000010000000100000001000000010000000100000001000000010000000100000001000000010000000100000001000000010000000100000001000000010000000100000001000000010000000100000001000000010000000100000001000000010000000100000001000000010000000100000001000000010000000100000001000000010000000100000001000000010000000100000001000000010000000100000001000000010000000100000001000000010000000100000001000000010000000100000001000000010000000100000001000000010000000100000001000000010000000100000001000000010000000100000001000000010000000100000001000000010000000100000001000000010000000100000001000000010000000100000001000000010000000100000001000000010000000100000001000000010000000100000001000000010000000100000001000000010000000100000001000000010000000100000001000000010000000100000001000000010000000100000001000000010000000100000001000000010000000100000001000000010000000100000001000000010000000100000001000000010000000100000001000000010000000100000001000000010000000100000001000000010000000100000001000000010000000100000001000000010000000100000001000000010000000100000001000000010000000100000001000000010000000100000001000000010000000100000001000000010000000100000001000000010000000100000001000000010000000100000001000000010000000100000001000000010000000100000001000000010000000100000001000000010000000100000001000000010000000100000001000000010000000100000001000000010000000100000001000000010000000100000001000000010000000100000001000000010000000100000001000000010000000100000001000000010000000100000001000000010000000100000001000000010000000100000001000000010000000100000001000000010000000100000001000000010000000100000001000000010000000100000001000000010000000100000001000000010000000100000001000000010000000100000001000000010000000100000001000000010000000100000001000000010000000100000001000000010000000100000001000000010000000100000001000000010000000100000001000000010000000100000001000000010000000100000001000000010000000100000001000000010000000100000001000000010000000100000001000000010000000100000001000000010000000100000001000000010000000100000001000000010000000100000001000000010000000100000001000000010000000100000001000000010000000100000001000000010000000100000001000000010000000100000001000000010000000100000001000000010000000100000001000000010000000100000001000000010000000100000001000000010000000100000001000000010000000100000001000000010000000100000001000000010000000100000001000000010000000100000001000000010000000100000001000000010000000100000001000000010000000100000001000000010000000100000001000000010000000100000001000000010000000100000001000000010000000100000001000000010000000100000001000000010000000100000001000000010000000100000001000000010000000100000001000000010000000100000001000000010000000100000001000000010000000100000001000000010000000100000001000000010000000100000001000000010000000100000001000000010000000100000001000000010000000100000001000000010000000100000001000000010000000100000001000000010000000100000001000000010000000100000001000000010000000100000001000000010000000100000001000000010000000100000001000000010000000100000001000000010000000100000001000000010000000100000001000000010000000100000001000000010000000100000001000000010000000100000001000000010000000100000001000000010000000100000001000000010000000100000001000000010000000100000001000000010000000100000001000000010000000100000001000000010000000100000001000000010000000100000001000000010000000100000001000000010000000100000001000000010000000100000001000000010000000100000001000000010000000100000001000000010000000100000001000000010000000100000001010111110000000100000001011011000000000100000001000000010000000100000001010011110000000100000001001100100000000100000001001101100000000100000001010010000000000100000001010110010000000100000001010010100000000100000001001110110000000100000001001101010000000100000001010111000000000100000001000000010000000100000001011001010000000100000001010011010000000100000001011000110000000100000001000000010000000100000001000000010000000100000001000000010000000100000001000000010000000100000001000000010000000100000001000000010000000100000001000000010000000100000001000000010000000100000001000000010000000100000001000000010000000000000001000000010000000100000001000000010000000100000001000000010000000100000001000000010000000100000001000000010000000100000001000000010000000100000001000000010000000100000001000000010000000100000001000000010000000100000001000000010000000100000001000000010000000100000001000000010000000100000001000000010000000100000001000000010000000100000001000000010000000100000001000000010000000100000001000000010000000100000001000000010000000100000001000000010000000100000001000000010111010000000001000000010111100100000001000000010000000100000001000000010000000100000001000000010000000100000001000000010000000100000001000000010000000100000001000000010000000100000001000000010000000100000001000000010000000100000001000000010000000100000001000000010000000100000001000000010000000100000001000000010000000100000001000000010000000100000001000000010000000100000001000000010000000100000001000000010000000100000001000000010000000100000001000000010000000100000001000000010000000100000001000000010000000100000001000000010000000100000001000000010000000100000001000000010000000100000001000000010000000100000001000000010000000100000001000000010000000100000001000000010000000100000001000000010000000100000001000000010000000100000001000000010000000100000001000000010000000100000001000000010000000100000001000000010000000100000001000000010000000100000001000000010000000100000001000000010000000100000001000000010000000100000001000000010000000100000001000000010000000100000001000000010000000100000001000000010000000100000001000000010000000100000001000000010000000100000001000000010000000100000001000000010000000100000001000000010000000100000001000000010000000100000001000000010000000100000001000000010000000100000001000000010000000100000001000000010000000100000001000000010000000100000001000000010000000100000001000000010000000100000001000000010000000100000001000000010000000100000001000000010000000100000001000000010000000100000001000000010000000100000001000000010000000100000001000000010000000100000001000000010000000100000001000000010000000100000001000000010000000100000001000000010000000100000001000000010000000100000001000000010000000100000001000000010000000100000001000000010000000100000001000000010000000100000001000000010000000100000001000000010000000100000001000000010000000100000001000000010000000100000001000000010000000100000001000000010000000100000001000000010000000100000001000000010000000100000001000000010000000100000001000000010000000100000001000000010000000100000001000000010000000100000001000000010000000100000001000000010000000100000001000000010000000100000001000000010000000100000001000000010000000100000001000000010000000100000001000000010000000100000001000000010000000100000001000000010000000100000001000000010000000100000001000000010000000100000001000000010000000100000001000000010000000100000001000000010000000100000001000000010000000100000001000000010000000100000001000000010000000100000001000000010000000100000001000000010000000100000001000000010000000100000001000000010000000100000001000000010000000100000001000000010000000100000001000000010000000100000001000000010000000100000001000000010000000100000001000000010000000100000001000000010000000100000001000000010000000100000001000000010000000100000001000000010000000100000001000000010000000100000001000000010000000100000001000000010000000100000001000000010000000100000001000000010000000100000001000000010000000100000001000000010000000100000001000000010000000100000001000000010000000100000001000000010000000100000001000000010000000100000001000000010000000100000001000000010000000100000001000000010000000100000001000000010000000100000001000000010000000100000001000000010000000100000001000000010000000100000001000000010000000100000001000000010000000100000001000000010000000100000001000000010000000100000001000000010000000100000001000000010000000100000001000000010000000100000001000000010000000100000001000000010000000100000001000000010000000100000001000000010000000100000001000000010000000100000001000000010000000100000001000000010000000100000001000000010000000100000001000000010000000100000001000000010000000100000001000000010000000100000001000000010000000100000001000000010000000100000001000000010000000100000001000000010000000100000001000000010000000100000001000000010000000100000001000000010000000100000001000000010000000100000001000000010000000100000001000000010000000100000001000000010000000100000001000000010000000100000001000000010000000100000001000000010000000100000001000000010000000100000001000000010000000100000001000000010000000100000001000000010000000100000001000000010000000100000001000000010000000100000001000000010000000100000001000000010000000100000001000000010000000100000001000000010000000100000001000000010000000100000001000000010000000100000001000000010000000100000001000000010000000100000001000000010000000100000001000000010000000100000001000000010000000100000001000000010000000100000001000000010000000100000001000000010000000100000001000000010000000100000001000000010000000100000001000000010000000100000001000000010000000100000001000000010000000100000001000000010000000100000001000000010000000100000001000000010000000100000001000000010000000100000001000000010000000100000001000000010000000100000001000000010000000100000001000000010000000100000001000000010000000100000001000000010000000100000001000000010000000100000001000000010000000100000001000000010000000100000001000000010000000100000001000000010000000100000001000000010000000100000001000000010000000100000001000000010000000100000001000000010000000100000001000000010000000100000001000000010000000100000001000000010000000100000001000000010000000100000001000000010000000100000001000000010000000100000001000000010000000100000001000000010000000100000001000000010000000100000001000000010000000100000001000000010000000100000001000000010000000100000001000000010000000100000001000000010000000100000001000000010000000100000001000000010000000100000001000000010000000100000001000000010000000100000001000000010000000100000001000000010000000100000001000000010000000100000001000000010000000100000001000000010000000100000001000000010000000100000001000000010000000100000001000000010000000100000001000000010000000100000001000000010000000100000001000000010000000100000001000000010000000100000001000000010000000100000001000000010000000100000001000000010000000100000001000000010000000100000001000000010000000100000001000000010000000100000001000000010000000100000001000000010000000100000001000000010000000100000001000000010000000100000001000000010000000100000001000000010000000100000001000000010000000100000001000000010000000100000001000000010000000100000001000000010000000100000001000000010000000100000001000000010000000100000001000000010000000100000001000000010000000100000001000000010000000100000001000000010000000100000001000000010000000100000001000000010000000100000001000000010000000100000001000000010000000100000001000000010000000100000001000000010000000100000001000000010000000100000001000000010000000100000001000000010000000100000001000000010000000100000001000000010000000100000001000000010000000100000001000000010000000100000001000000010000000100000001000000010000000100000001000000010000000100000001000000010000000100000001000000010000000100000001000000010000000100000001000000010000000100000001000000010000000100000001000000010000000100000001000000010000000100000001000000010000000100000001000000010000000100000001000000010000000100000001000000010000000100000001000000010000000100000001000000010000000100000001000000010000000100000001000000010000000100000001000000010000000100000001000000010000000100000001000000010000000100000001000000010000000100000001000000010000000100000001000000010000000100000001000000010000000100000001000000010000000100000001000000010000000100000001000000010000000100000001000000010000000100000001000000010000000100000001000000010000000100000001000000010000000100000001000000010000000100000001000000010000000100000001000000010000000100000001000000010000000100000001000000010000000100000001000000010000000100000001000000010000000100000001000000010000000100000001000000010000000100000001000000010000000100000001000000010000000100000001000000010000000100000001000000010000000100000001000000010000000100000001000000010000000100000001000000010000000100000001000000010000000100000001000000010000000100000001000000010000000100000001000000010000000100000001000000010000000100000001000000010000000100000001000000010000000100000001000000010000000100000001000000010000000100000001000000010000000100000001000000010000000100000001000000010000000100000001000000010000000100000001000000010000000100000001000000010000000100000001000000010000000100000001000000010000000100000001000000010000000100000001000000010110010000000001000000010101011100000001000000010111100000000001000000010111010100000001000000010111011000000001000000010101001000000001000000010101111100000001000000010000000100000001000000010000000100000001000000010000000100000001000000010000000100000001000000010000000100000001000000010000000100000001000000010000000100000001000000010000000100000001000000010000000100000001000000010000000100000001000000010000000100000001000000010000000100000001000000010000000100000001000000010000000100000001000000010000000100000000000000010000000100000001000000010000000100000001000000010000000100000001000000010000000100000001000000010000000100000001000000010000000100000001000000010000000100000001000000010000000100000001000000010000000100000001000000010000000100000001000000010000000100000001000000010000000100000001000000010000000100000001000000010000000100000001000000010000000100000001000000010000000100000001000000010000000100000001000000010000000100000001000000010000000100000001000000010000000100000001000000010000000100000001000000010000000100000001000000010000000100000001000000010000000100000001000000010000000100000001000000010000000100000001000000010000000100000001000000010000000100000001000000010000000100000001000000010000000100000001000000010000000100000001000000010000000100000001000000010000000100000001000000010000000100000001000000010000000100000001000000010000000100000001000000010000000100000001000000010000000100000001000000010000000100000001000000010000000100000001000000010000000100000001000000010000000100000001000000010000000100000001000000010000000100000001000000010000000100000001000000010000000100000001000000010000000100000001000000010000000100000001000000010000000100000001000000010000000100000001000000010000000100000001000000010000000100000001000000010000000100000001000000010000000100000001000000010000000100000001000000010000000100000001000000010000000100000001000000010000000100000001000000010000000100000001000000010000000100000001000000010000000100000001000000010000000100000001000000010000000100000001000000010000000100000001000000010000000100000001000000010000000100000001000000010000000100000001000000010000000100000001000000010000000100000001000000010000000100000001000000010000000100000001000000010000000100000001000000010000000100000001000000010000000100000001000000010000000100000001000000010000000100000001000000010000000100000001000000010000000100000001000000010000000100000001000000010000000100000001000000010000000100000001000000010000000100000001000000010000000100000001000000010000000100000001000000010000000100000001000000010000000100000001000000010000000100000001000000010000000100000001000000010000000100000001000000010000000100000001000000010000000100000001000000010000000100000001000000010000000100000001000000010000000100000001000000010000000100000001000000010000000100000001000000010000000100000001000000010000000100000001000000010000000100000001000000010000000100000001000000010000000100000001000000010000000100000001000000010000000100000001000000010000000100000001000000010000000100000001000000010000000100000001000000010000000100000001000000010000000100000001000000010000000100000001000000010000000100000001000000010000000100000001000000010000000100000001000000010000000100000001000000010000000100000001000000010000000100000001000000010000000100000001000000010000000100000001000000010000000100000001000000010000000100000001000000010000000100000001000000010000000100000001000000010000000100000001000000010000000100000001000000010000000100000001000000010000000100000001000000010000000100000001000000010000000100000001000000010000000100000001000000010000000100000001000000010000000100000001000000010000000100000001000000010000000100000001000000010000000100000001000000010000000100000001000000010000000100000001000000010000000100000001000000010000000100000001000000010000000100000001000000010000000100000001000000010000000100000001000000010000000100000001000000010000000100000001000000010000000100000001000000010000000100000001000000010000000100000001000000010000000100000001000000010000000100000001000000010000000100000001000000010000000100000001000000010000000100000001000000010000000100000001000000010000000100000001000000010000000100000001000000010000000100000001000000010000000100000001000000010000000100000001000000010000000100000001000000010000000100000001000000010000000100000001000000010000000100000001000000010000000100000001000000010000000100000001000000010000000100000001000000010000000100000001000000010000000100000001000000010000000100000001000000010000000100000001000000010000000100000001000000010000000100000001000000010000000100000001000000010000000100000001000000010000000100000001000000010000000100000001000000010000000100000001000000010000000100000001000000010000000100000001000000010000000100000001000000010000000100000001000000010000000100000001000000010000000100000001000000010000000100000001000000010000000100000001000000010000000100000001000000010000000100000001000000010000000100000001000000010000000100000001000000010000000100000001000000010000000100000001000000010000000100000001000000010000000100000001000000010000000100000001000000010000000100000001000000010000000100000001000000010000000100000001000000010000000100000001000000010000000100000001000000010000000100000001000000010000000100000001000000010000000100000001000000010000000100000001000000010000000100000001000000010000000100000001000000010000000100000001000000010000000100000001000000010000000100000001000000010000000100000001000000010000000100000001000000010000000100000001000000010000000100000001000000010000000100000001000000010000000100000001000000010000000100000001000000010000000100000001000000010000000100000001000000010000000100000001000000010000000100000001000000010000000100000001000000010000000100000001000000010000000100000001000000010000000100000001000000010000000100000001000000010000000100000001000000010000000100000001000000010000000100000001000000010000000100000001000000010000000100000001000000010000000100000001000000010000000100000001000000010000000100000001000000010000000100000001000000010000000100000001000000010000000100000001000000010000000100000001000000010000000100000001000000010000000100000001000000010000000100000001000000010000000100000001000000010000000100000001000000010000000100000001000000010000000100000001000000010000000100000001000000010000000100000001000000010000000100000001000000010000000100000001000000010000000100000001000000010000000100000001000000010000000100000001000000010000000100000001000000010000000100000001000000010000000100000001000000010000000100000001000000010000000100000001000000010000000100000001000000010000000100000001000000010000000100000001000000010000000100000001000000010000000100000001000000010000000100000001000000010000000100000001000000010000000100000001000000010000000100000001000000010000000100000001000000010000000100000001000000010000000100000001000000010000000100000001000000010000000100000001000000010000000100000001000000010000000100000001000000010000000100000001000000010000000100000001000000010000000100000001000000010000000100000001000000010000000100000001000000010000000100000001000000010000000100000001000000010000000100000001000000010000000100000001000000010000000100000001000000010000000100000001000000010000000100000001000000010000000100000001000000010000000100000001000000010000000100000001000000010000000100000001000000010000000100000001000000010000000100000001000000010000000100000001000000010000000100000001000000010000000100000001000000010000000100000001000000010000000100000001000000010000000100000001000000010000000100000001000000010000000100000001000000010000000100000001000000010000000100000001000000010000000100000001000000010000000100000001000000010000000100000001000000010000000100000001000000010000000100000001000000010000000100000001000000010000000100000001000000010000000100000001000000010000000100000001000000010000000100000001000000010000000100000001000000010000000100000001000000010000000100000001000000010000000100000001000000010000000100000001000000010000000100000001000000010000000100000001000000010000000100000001000000010000000100000001000000010000000100000001000000010000000100000001000000010000000100000001000000010000000100000001000000010000000100000001000000010000000100000001000000010000000100000001000000010000000100000001000000010000000100000001000000010000000100000001000000010000000100000001000000010000000100000001000000010000000100000001000000010000000100000001000000010000000100000001000000010000000100000001000000010000000100000001000000010000000100000001000000010000000100000001000000010000000100000001000000010000000100000001000000010000000100000001000000010000000100000001000000010000000100000001000000010000000100000001000000010000000100000001000000010000000100000001000000010000000100000001000000010000000100000001000000010000000100000001000000010000000100000001000000010000000100000001000000010000000100000001000000010000000100000001000000010000000100000001000000010000000100000001000000010000000100000001000000010000000100000001000000010000000100000001000000010000000100000001000000010000000100000001000000010000000100000001000000010000000100000001000000010000000100000001000000010000000100000001000000010000000100000001000000010000000100000001000000010000000101111101000000010000000100000001000000010000000101111110000000010000000100000001000000010000000100000001000000010000000100000001000000010000000100000001000000010000000100000001000000010000000100000001000000010000000100000001000000010000000100000001000000010000000100000001000000010000000100000001000000010000000100000001000000010000000100000001000000010000000100000001000000010000000100000001000000010000000100000001000000010000000100000001000000000000000100000001000000010000000100000001000000010000000100000001000000010000000100000001000000010000000100000001000000010000000100000001000000010000000100000001000000010000000100000001000000010000000100000001000000010000000100000001000000010000000100000001000000010000000100000001000000010000000100000001000000010000000100000001000000010000000100000001011110100000000100000001011100010000000100000001000000010000000100000001000000010000000100000001000000010000000100000001011100010000000100000001011101110000000100000001000000010000000100000001000000010000000100000001000000010000000100000001000000010000000100000001000000010000000100000001000000010000000100000001000000010000000100000001000000010000000100000001000000010000000100000001000000010000000100000001000000010000000100000001000000010000000100000001000000010000000100000001000000010000000100000001000000010000000100000001000000010000000100000001000000010000000100000001000000010000000100000001000000010000000100000001000000010000000100000001000000010000000100000001000000010000000100000001000000010000000100000001000000010000000100000001000000010000000100000001000000010000000100000001000000010000000100000001000000010000000100000001000000010000000100000001000000010000000100000001000000010000000100000001000000010000000100000001000000010000000100000001000000010000000100000001000000010000000100000001000000010000000100000001000000010000000100000001000000010000000100000001000000010000000100000001000000010000000100000001000000010000000100000001000000010000000100000001000000010000000100000001000000010000000100000001000000010000000100000001000000010000000100000001000000010000000100000001000000010000000100000001000000010000000100000001000000010000000100000001000000010000000100000001000000010000000100000001000000010000000100000001000000010000000100000001000000010000000100000001000000010000000100000001000000010000000100000001000000010000000100000001000000010000000100000001000000010000000100000001000000010000000100000001000000010000000100000001000000010000000100000001000000010000000100000001000000010000000100000001000000010000000100000001000000010000000100000001000000010000000100000001000000010000000100000001000000010000000100000001000000010000000100000001000000010000000100000001000000010000000100000001000000010000000100000001000000010000000100000001000000010000000100000001000000010000000100000001000000010000000100000001000000010000000100000001000000010000000100000001000000010000000100000001000000010000000100000001000000010000000100000001000000010000000100000001000000010000000100000001000000010000000100000001000000010000000100000001000000010000000100000001000000010000000100000001000000010000000100000001000000010000000100000001000000010000000100000001000000010000000100000001000000010000000100000001000000010000000100000001000000010000000100000001000000010000000100000001000000010000000100000001000000010000000100000001000000010000000100000001000000010000000100000001000000010000000100000001000000010000000100000001000000010000000100000001000000010000000100000001000000010000000100000001000000010000000100000001000000010000000100000001000000010000000100000001000000010000000100000001000000010000000100000001000000010000000100000001000000010000000100000001000000010000000100000001000000010000000100000001000000010000000100000001000000010000000100000001000000010000000100000001000000010000000100000001000000010000000100000001000000010000000100000001000000010000000100000001000000010000000100000001000000010000000100000001000000010000000100000001000000010000000100000001000000010000000100000001000000010000000100000001000000010000000100000001000000010000000100000001000000010000000100000001000000010000000100000001000000010000000100000001000000010000000100000001000000010000000100000001000000010000000100000001000000010000000100000001000000010000000100000001000000010000000100000001000000010000000100000001000000010000000100000001000000010000000100000001000000010000000100000001000000010000000100000001000000010000000100000001000000010000000100000001000000010000000100000001000000010000000100000001000000010000000100000001000000010000000100000001000000010000000100000001000000010000000100000001000000010000000100000001000000010000000100000001000000010000000100000001000000010000000100000001000000010000000100000001000000010000000100000001000000010000000100000001000000010000000100000001000000010000000100000001000000010000000100000001000000010000000100000001000000010000000100000001000000010000000100000001000000010000000100000001000000010000000100000001000000010000000100000001000000010000000100000001000000010000000100000001000000010000000100000001000000010000000100000001000000010000000100000001000000010000000100000001000000010000000100000001000000010000000100000001000000010000000100000001000000010000000100000001000000010000000100000001000000010000000100000001000000010000000100000001000000010000000100000001000000010000000100000001000000010000000100000001000000010000000100000001000000010000000100000001000000010000000100000001000000010000000100000001000000010000000100000001000000010000000100000001000000010000000100000001000000010000000100000001000000010000000100000001000000010000000100000001000000010000000100000001000000010000000100000001000000010000000100000001000000010000000100000001000000010000000100000001000000010000000100000001000000010000000100000001000000010000000100000001000000010000000100000001000000010000000100000001000000010000000100000001000000010000000100000001000000010000000100000001000000010000000100000001000000010000000100000001000000010000000100000001000000010000000100000001000000010000000100000001000000010000000100000001000000010000000100000001000000010000000100000001000000010000000100000001000000010000000100000001000000010000000100000001000000010000000100000001000000010000000100000001000000010000000100000001000000010000000100000001000000010000000100000001000000010000000100000001000000010000000100000001000000010000000100000001000000010000000100000001000000010000000100000001000000010000000100000001000000010000000100000001000000010000000100000001000000010000000100000001000000010000000100000001000000010000000100000001000000010000000100000001000000010000000100000001000000010000000100000001000000010000000100000001000000010000000100000001000000010000000100000001000000010000000100000001000000010000000100000001000000010000000100000001000000010000000100000001000000010000000100000001000000010000000100000001000000010000000100000001000000010000000100000001000000010000000100000001000000010000000100000001000000010000000100000001000000010000000100000001000000010000000100000001000000010000000100000001000000010000000100000001000000010000000100000001000000010000000100000001000000010000000100000001000000010000000100000001000000010000000100000001000000010000000100000001000000010000000100000001000000010000000100000001000000010000000100000001000000010000000100000001000000010000000100000001000000010000000100000001000000010000000100000001000000010000000100000001000000010000000100000001000000010000000100000001000000010000000100000001000000010000000100000001000000010000000100000001000000010000000100000001000000010000000100000001000000010000000100000001000000010000000100000001000000010000000100000001000000010000000100000001000000010000000100000001000000010000000100000001000000010000000100000001000000010000000100000001000000010000000100000001000000010000000100000001000000010000000100000001000000010000000100000001000000010000000100000001000000010000000100000001000000010000000100000001000000010000000100000001000000010000000100000001000000010000000100000001000000010000000100000001000000010000000100000001000000010000000100000001000000010000000100000001000000010000000100000001000000010000000100000001000000010000000100000001000000010000000100000001000000010000000100000001000000010000000100000001000000010000000100000001000000010000000100000001000000010000000100000001000000010000000100000001000000010000000100000001000000010000000100000001000000010000000100000001000000010000000100000001000000010000000100000001000000010000000100000001000000010000000100000001000000010000000100000001000000010000000100000001000000010000000100000001000000010000000100000001000000010000000100000001000000010000000100000001000000010000000100000001000000010000000100000001000000010000000100000001000000010000000100000001000000010000000100000001000000010000000100000001000000010000000100000001000000010000000100000001000000010000000100000001000000010000000100000001000000010000000100000001000000010000000100000001000000010000000100000001011110100000000100000001000000010000000100000001000000010000000100000001000000010000000100000001010110110000000100000001010101000000000100000001011111010000000100000001011101100000000100000001011111010000000100000001010100010000000100000001010100110000000100000001000000010000000100000001000000010000000100000001000000010000000100000001011100110000000100000001011111000000000100000001000000010000000100000001000000010000000100000001000000010000000100000001000000010000000100000001000000010000000100000001000000010000000100000001000000010000000100000001000000010000000100000001000000010000000100000001000000010000000000000001000000010000000100000001000000010000000100000001000000010000000100000001000000010000000100000001000000010000000100000001000000010000000100000001000000010000000100000001000000010000000100000001000000010000000100000001000000010000000100000001000000010111000100000001000000010000000100000001000000010000000100000001000000010000000100000001000000010110001100000001000000010110001000000001000000010111101100000001000000010000000100000001000000010111101000000001000000010110111000000001000000010110110100000001000000010000000100000001000000010000000100000001000000010000000100000001000000010111110100000001000000010000000100000001000000010000000100000001000000010000000100000001000000010000000100000001000000010000000100000001000000010000000100000001000000010000000100000001000000010000000100000001000000010000000100000001000000010000000100000001000000010000000100000001000000010000000100000001000000010000000100000001000000010000000100000001000000010000000100000001000000010000000100000001000000010000000100000001000000010000000100000001000000010000000100000001000000010000000100000001000000010000000100000001000000010000000100000001000000010000000100000001000000010000000100000001000000010000000100000001000000010000000100000001000000010000000100000001000000010000000100000001000000010000000100000001000000010000000100000001000000010000000100000001000000010000000100000001000000010000000100000001000000010000000100000001000000010000000100000001000000010000000100000001000000010000000100000001000000010000000100000001000000010000000100000001000000010000000100000001000000010000000100000001000000010000000100000001000000010000000100000001000000010000000100000001000000010000000100000001000000010000000100000001000000010000000100000001000000010000000100000001000000010000000100000001000000010000000100000001000000010000000100000001000000010000000100000001000000010000000100000001000000010000000100000001000000010000000100000001000000010000000100000001000000010000000100000001000000010000000100000001000000010000000100000001000000010000000100000001000000010000000100000001000000010000000100000001000000010000000100000001000000010000000100000001000000010000000100000001000000010000000100000001000000010000000100000001000000010000000100000001000000010000000100000001000000010000000100000001000000010000000100000001000000010000000100000001000000010000000100000001000000010000000100000001000000010000000100000001000000010000000100000001000000010000000100000001000000010000000100000001000000010000000100000001000000010000000100000001000000010000000100000001000000010000000100000001000000010000000100000001000000010000000100000001000000010000000100000001000000010000000100000001000000010000000100000001000000010000000100000001000000010000000100000001000000010000000100000001000000010000000100000001000000010000000100000001000000010000000100000001000000010000000100000001000000010000000100000001000000010000000100000001000000010000000100000001000000010000000100000001000000010000000100000001000000010000000100000001000000010000000100000001000000010000000100000001000000010000000100000001000000010000000100000001000000010000000100000001000000010000000100000001000000010000000100000001000000010000000100000001000000010000000100000001000000010000000100000001000000010000000100000001000000010000000100000001000000010000000100000001000000010000000100000001000000010000000100000001000000010000000100000001000000010000000100000001000000010000000100000001000000010000000100000001000000010000000100000001000000010000000100000001000000010000000100000001000000010000000100000001000000010000000100000001000000010000000100000001000000010000000100000001000000010000000100000001000000010000000100000001000000010000000100000001000000010000000100000001000000010000000100000001000000010000000100000001000000010000000100000001000000010000000100000001000000010000000100000001000000010000000100000001000000010000000100000001000000010000000100000001000000010000000100000001000000010000000100000001000000010000000100000001000000010000000100000001000000010000000100000001000000010000000100000001000000010000000100000001000000010000000100000001000000010000000100000001000000010000000100000001000000010000000100000001000000010000000100000001000000010000000100000001000000010000000100000001000000010000000100000001000000010000000100000001000000010000000100000001000000010000000100000001000000010000000100000001000000010000000100000001000000010000000100000001000000010000000100000001000000010000000100000001000000010000000100000001000000010000000100000001000000010000000100000001000000010000000100000001000000010000000100000001000000010000000100000001000000010000000100000001000000010000000100000001000000010000000100000001000000010000000100000001000000010000000100000001000000010000000100000001000000010000000100000001000000010000000100000001000000010000000100000001000000010000000100000001000000010000000100000001000000010000000100000001000000010000000100000001000000010000000100000001000000010000000100000001000000010000000100000001000000010000000100000001000000010000000100000001000000010000000100000001000000010000000100000001000000010000000100000001000000010000000100000001000000010000000100000001000000010000000100000001000000010000000100000001000000010000000100000001000000010000000100000001000000010000000100000001000000010000000100000001000000010000000100000001000000010000000100000001000000010000000100000001000000010000000100000001000000010000000100000001000000010000000100000001000000010000000100000001000000010000000100000001000000010000000100000001000000010000000100000001000000010000000100000001000000010000000100000001000000010000000100000001000000010000000100000001000000010000000100000001000000010000000100000001000000010000000100000001000000010000000100000001000000010000000100000001000000010000000100000001000000010000000100000001000000010000000100000001000000010000000100000001000000010000000100000001000000010000000100000001000000010000000100000001000000010000000100000001000000010000000100000001000000010000000100000001000000010000000100000001000000010000000100000001000000010000000100000001000000010000000100000001000000010000000100000001000000010000000100000001000000010000000100000001000000010000000100000001000000010000000100000001000000010000000100000001000000010000000100000001000000010000000100000001000000010000000100000001000000010000000100000001000000010000000100000001000000010000000100000001000000010000000100000001000000010000000100000001000000010000000100000001000000010000000100000001000000010000000100000001000000010000000100000001000000010000000100000001000000010000000100000001000000010000000100000001000000010000000100000001000000010000000100000001000000010000000100000001000000010000000100000001000000010000000100000001000000010000000100000001000000010000000100000001000000010000000100000001000000010000000100000001000000010000000100000001000000010000000100000001000000010000000100000001000000010000000100000001000000010000000100000001000000010000000100000001000000010000000100000001000000010000000100000001000000010000000100000001000000010000000100000001000000010000000100000001000000010000000100000001000000010000000100000001000000010000000100000001000000010000000100000001000000010000000100000001000000010000000100000001000000010000000100000001000000010000000100000001000000010000000100000001000000010000000100000001000000010000000100000001000000010000000100000001000000010000000100000001000000010000000100000001000000010000000100000001000000010000000100000001000000010000000100000001000000010000000100000001000000010000000100000001000000010000000100000001000000010000000100000001000000010000000100000001000000010000000100000001000000010000000100000001000000010000000100000001000000010000000100000001000000010000000100000001000000010000000100000001000000010000000100000001000000010000000100000001000000010000000100000001000000010000000100000001000000010000000100000001000000010000000100000001000000010000000100000001000000010000000100000001000000010000000100000001000000010000000100000001000000010000000100000001000000010000000100000001000000010000000100000001000000010000000100000001000000010000000100000001000000010000000100000001000000010000000100000001000000010000000100000001000000010000000100000001000000010000000100000001000000010000000100000001000000010000000100000001000000010000000100000001000000010000000100000001000000010000000100000001000000010000000100000001000000010000000100000001000000010000000100000001000000010000000100000001000000010000000100000001000000010000000100000001000000010000000100000001000000010111000100000001000000010111010000000001000000010000000100000001000000010110000000000001000000010100110100000001000000010100111100000001000000010100101100000001000000010110101000000001000000010101000100000001000000010011111100000001000000010101001000000001000000010111000100000001000000010000000100000001000000010111000100000001000000010101100100000001000000010110011100000001000000010000000100000001000000010000000100000001000000010000000100000001000000010000000100000001000000010000000100000001000000010000000100000001000000010000000100000001000000010000000100000001000000010000000100000001000000010000000100000000000000010000000100000001000000010000000100000001000000010000000100000001000000010000000100000001000000010000000100000001000000010000000100000001000000010000000100000001000000010000000100000001000000010000000100000001000000010000000100000001000000010000000101101111000000010000000101110010000000010000000100000001000000010000000100000001000000010000000101101011000000010000000101100000000000010000000101110101000000010000000100000001000000010000000101101001000000010000000101101101000000010000000101101100000000010000000101110110000000010000000100000001000000010000000100000001000000010000000101111110000000010000000100000001000000010000000100000001000000010000000100000001000000010000000100000001000000010000000100000001000000010000000100000001000000010000000100000001000000010000000100000001000000010000000100000001000000010000000100000001000000010000000100000001000000010000000100000001000000010000000100000001000000010000000100000001000000010000000100000001000000010000000100000001000000010000000100000001000000010000000100000001000000010000000100000001000000010000000100000001000000010000000100000001000000010000000100000001000000010000000100000001000000010000000100000001000000010000000100000001000000010000000100000001000000010000000100000001000000010000000100000001000000010000000100000001000000010000000100000001000000010000000100000001000000010000000100000001000000010000000100000001000000010000000100000001000000010000000100000001000000010000000100000001000000010000000100000001000000010000000100000001000000010000000100000001000000010000000100000001000000010000000100000001000000010000000100000001000000010000000100000001000000010000000100000001000000010000000100000001000000010000000100000001000000010000000100000001000000010000000100000001000000010000000100000001000000010000000100000001000000010000000100000001000000010000000100000001000000010000000100000001000000010000000100000001000000010000000100000001000000010000000100000001000000010000000100000001000000010000000100000001000000010000000100000001000000010000000100000001000000010000000100000001000000010000000100000001000000010000000100000001000000010000000100000001000000010000000100000001000000010000000100000001000000010000000100000001000000010000000100000001000000010000000100000001000000010000000100000001000000010000000100000001000000010000000100000001000000010000000100000001000000010000000100000001000000010000000100000001000000010000000100000001000000010000000100000001000000010000000100000001000000010000000100000001000000010000000100000001000000010000000100000001000000010000000100000001000000010000000100000001000000010000000100000001000000010000000100000001000000010000000100000001000000010000000100000001000000010000000100000001000000010000000100000001000000010000000100000001000000010000000100000001000000010000000100000001000000010000000100000001000000010000000100000001000000010000000100000001000000010000000100000001000000010000000100000001000000010000000100000001000000010000000100000001000000010000000100000001000000010000000100000001000000010000000100000001000000010000000100000001000000010000000100000001000000010000000100000001000000010000000100000001000000010000000100000001000000010000000100000001000000010000000100000001000000010000000100000001000000010000000100000001000000010000000100000001000000010000000100000001000000010000000100000001000000010000000100000001000000010000000100000001000000010000000100000001000000010000000100000001000000010000000100000001000000010000000100000001000000010000000100000001000000010000000100000001000000010000000100000001000000010000000100000001000000010000000100000001000000010000000100000001000000010000000100000001000000010000000100000001000000010000000100000001000000010000000100000001000000010000000100000001000000010000000100000001000000010000000100000001011111110000000100000001011110000000000100000001000000010000000100000001000000010000000100000001011101110000000100000001011011110000000100000001011100000000000100000001011011000000000100000001011010000000000100000001011011010000000100000001000000010000000100000001000000010000000100000001000000010000000100000001000000010000000100000001000000010000000100000001000000010000000100000001000000010000000100000001000000010000000100000001000000010000000100000001000000010000000100000001000000010000000100000001000000010000000100000001000000010000000100000001000000010000000100000001000000010000000100000001000000010000000100000001000000010000000100000001000000010000000100000001000000010000000100000001000000010000000100000001000000010000000100000001000000010000000100000001000000010000000100000001000000010000000100000001000000010000000100000001000000010000000100000001000000010000000100000001000000010000000100000001000000010000000100000001000000010000000100000001000000010000000100000001000000010000000100000001000000010000000100000001000000010000000100000001000000010000000100000001000000010000000100000001000000010000000100000001000000010000000100000001000000010000000100000001000000010000000100000001000000010000000100000001000000010000000100000001000000010000000100000001000000010000000100000001000000010000000100000001000000010000000100000001000000010000000100000001000000010000000100000001000000010000000100000001000000010000000100000001000000010000000100000001000000010000000100000001000000010000000100000001000000010000000100000001000000010000000100000001000000010000000100000001000000010000000100000001000000010000000100000001000000010000000100000001000000010000000100000001000000010000000100000001011110000000000100000001011101100000000100000001011110010000000100000001000000010000000100000001000000010000000100000001000000010000000100000001000000010000000100000001000000010000000100000001000000010000000100000001000000010000000100000001000000010000000100000001000000010000000100000001000000010000000100000001000000010000000100000001000000010000000100000001000000010000000100000001000000010000000100000001000000010000000100000001000000010000000100000001000000010000000100000001000000010000000100000001000000010000000100000001000000010000000100000001000000010000000100000001000000010000000100000001000000010000000100000001000000010000000100000001000000010000000100000001000000010000000100000001000000010000000100000001000000010000000100000001000000010000000100000001000000010000000100000001000000010000000100000001000000010000000100000001000000010000000100000001000000010000000100000001000000010000000100000001000000010000000100000001000000010000000100000001000000010000000100000001000000010000000100000001000000010000000100000001000000010000000100000001000000010000000100000001000000010000000100000001000000010000000100000001000000010000000100000001000000010000000100000001000000010000000100000001000000010000000100000001000000010000000100000001000000010000000100000001000000010000000100000001000000010000000100000001000000010000000100000001000000010000000100000001000000010000000100000001000000010000000100000001000000010000000100000001000000010000000100000001000000010000000100000001000000010000000100000001000000010000000100000001000000010000000100000001000000010000000100000001000000010000000100000001000000010000000100000001000000010000000100000001000000010000000100000001000000010000000100000001000000010000000100000001000000010000000100000001000000010000000100000001000000010000000100000001000000010000000100000001000000010000000100000001000000010000000100000001000000010000000100000001000000010000000100000001000000010000000100000001000000010000000100000001000000010000000100000001000000010000000100000001000000010000000100000001000000010000000100000001000000010000000100000001000000010000000100000001000000010000000100000001000000010000000100000001000000010000000100000001000000010000000100000001000000010000000100000001000000010000000100000001000000010000000100000001000000010000000100000001000000010000000100000001000000010000000100000001000000010000000100000001000000010000000100000001000000010000000100000001000000010000000100000001000000010000000100000001000000010000000100000001000000010000000100000001000000010000000100000001000000010000000100000001000000010000000100000001000000010000000100000001000000010000000100000001000000010000000100000001000000010000000100000001000000010000000100000001000000010000000100000001000000010000000100000001000000010000000100000001000000010000000100000001000000010000000100000001000000010000000100000001000000010000000100000001000000010000000100000001000000010000000100000001000000010000000100000001000000010000000100000001000000010000000100000001000000010000000100000001000000010000000101111010000000010000000100000001000000010000000100000001000000010000000101100010000000010000000101001111000000010000000101000100000000010000000101010110000000010000000101101010000000010000000101001111000000010000000101001010000000010000000101001001000000010000000101110100000000010000000100000001000000010000000101110011000000010000000101011010000000010000000101101001000000010000000100000001000000010000000100000001000000010000000100000001000000010000000100000001000000010000000100000001000000010000000100000001000000010000000100000001000000010000000100000001000000010000000100000001000000010000000100000001000000000000000100000001000000010000000100000001000000010000000100000001000000010000000100000001000000010000000100000001000000010000000100000001000000010000000100000001000000010000000100000001000000010000000100000001000000010000000100000001000000010000000100000001000000010000000100000001000000010000000100000001000000010000000100000001000000010000000100000001011111010000000100000001000000010000000100000001000000010000000100000001000000010000000100000001000000010000000100000001011100110000000100000001011110100000000100000001000000010000000100000001000000010000000100000001000000010000000100000001000000010000000100000001000000010000000100000001000000010000000100000001000000010000000100000001000000010000000100000001000000010000000100000001000000010000000100000001000000010000000100000001000000010000000100000001000000010000000100000001000000010000000100000001000000010000000100000001000000010000000100000001000000010000000100000001000000010000000100000001000000010000000100000001000000010000000100000001000000010000000100000001000000010000000100000001000000010000000100000001000000010000000100000001000000010000000100000001000000010000000100000001000000010000000100000001000000010000000100000001000000010000000100000001000000010000000100000001000000010000000100000001000000010000000100000001000000010000000100000001000000010000000100000001000000010000000100000001000000010000000100000001000000010000000100000001000000010000000100000001000000010000000100000001000000010000000100000001000000010000000100000001000000010000000100000001000000010000000100000001000000010000000100000001000000010000000100000001000000010000000100000001000000010000000100000001000000010000000100000001000000010000000100000001000000010000000100000001000000010000000100000001000000010000000100000001000000010000000100000001000000010000000100000001000000010000000100000001000000010000000100000001000000010000000100000001000000010000000100000001000000010000000100000001000000010000000100000001000000010000000100000001000000010000000100000001000000010000000100000001000000010000000100000001000000010000000100000001000000010000000100000001000000010000000100000001000000010000000100000001000000010000000100000001000000010000000100000001000000010000000100000001000000010000000100000001000000010000000100000001000000010000000100000001000000010000000100000001000000010000000100000001000000010000000100000001000000010000000100000001000000010000000100000001000000010000000100000001000000010000000100000001000000010000000100000001000000010000000100000001000000010000000100000001000000010000000100000001000000010000000100000001000000010000000100000001000000010000000100000001000000010000000100000001000000010000000100000001000000010000000100000001000000010000000100000001000000010000000100000001000000010000000100000001000000010000000100000001000000010000000100000001000000010000000100000001000000010000000100000001000000010000000100000001000000010000000100000001000000010000000100000001000000010000000100000001000000010000000100000001000000010000000100000001000000010000000100000001000000010000000100000001000000010000000100000001000000010000000100000001000000010000000100000001000000010000000100000001000000010000000100000001000000010000000100000001000000010000000100000001000000010000000100000001000000010000000100000001000000010000000100000001000000010000000100000001000000010000000100000001000000010000000100000001000000010000000100000001000000010000000100000001000000010000000100000001000000010000000100000001000000010000000100000001000000010000000100000001000000010000000100000001000000010000000100000001000000010000000100000001000000010000000100000001000000010000000100000001000000010000000100000001000000010000000100000001000000010000000100000001000000010000000100000001000000010000000100000001000000010000000100000001000000010111100100000001000000010101110000000001000000010000000100000001000000010000000100000001000000010111011000000001000000010111000100000001000000010111001100000001000000010111010100000001000000010111011100000001000000010111101100000001000000010000000100000001000000010000000100000001000000010000000100000001000000010000000100000001000000010000000100000001000000010000000100000001000000010000000100000001000000010000000100000001000000010000000100000001000000010000000100000001000000010000000100000001000000010000000100000001000000010000000100000001000000010000000100000001000000010000000100000001000000010000000100000001000000010000000100000001000000010000000100000001000000010000000100000001000000010000000100000001000000010000000100000001000000010000000100000001000000010000000100000001000000010000000100000001000000010000000100000001000000010000000100000001000000010000000100000001000000010000000100000001000000010000000100000001000000010000000100000001000000010000000100000001000000010000000100000001000000010000000100000001000000010000000100000001000000010000000100000001000000010000000100000001000000010000000100000001000000010000000100000001000000010000000100000001000000010000000100000001000000010000000100000001000000010000000100000001000000010000000100000001000000010000000100000001000000010000000100000001000000010000000100000001000000010000000100000001000000010000000100000001000000010000000100000001000000010000000100000001000000010000000100000001000000010000000100000001000000010000000100000001000000010000000100000001000000010000000100000001000000010110011000000001000000010000000100000001000000010000000100000001000000010111110100000001000000010111110000000001000000010111101100000001000000010111100000000001000000010111100000000001000000010111110000000001000000010000000100000001000000010000000100000001000000010000000100000001000000010000000100000001000000010000000100000001000000010111111000000001000000010111110000000001000000010000000100000001000000010000000100000001000000010000000100000001000000010000000100000001000000010000000100000001000000010000000100000001000000010000000100000001000000010000000100000001000000010000000100000001000000010000000100000001000000010000000100000001000000010000000100000001000000010000000100000001000000010000000100000001000000010000000100000001000000010000000100000001000000010000000100000001000000010000000100000001000000010000000100000001000000010000000100000001000000010000000100000001000000010000000100000001000000010000000100000001000000010000000100000001000000010000000100000001000000010000000100000001000000010000000100000001000000010000000100000001000000010000000100000001000000010000000100000001000000010000000100000001000000010000000100000001000000010000000100000001000000010000000100000001000000010000000100000001000000010000000100000001000000010000000100000001000000010000000100000001000000010000000100000001000000010000000100000001000000010000000100000001000000010000000100000001000000010000000100000001000000010000000100000001000000010000000100000001000000010000000100000001000000010000000100000001000000010000000100000001000000010000000100000001000000010000000100000001000000010000000100000001000000010000000100000001000000010000000100000001000000010000000100000001000000010000000100000001000000010000000100000001000000010000000100000001000000010000000100000001000000010000000100000001000000010000000100000001000000010000000100000001000000010000000100000001000000010000000100000001000000010000000100000001000000010000000100000001000000010000000100000001000000010000000100000001000000010000000100000001000000010000000100000001000000010000000100000001000000010000000100000001000000010000000100000001000000010000000100000001000000010000000100000001000000010000000100000001000000010000000100000001000000010000000100000001000000010000000100000001000000010000000100000001000000010000000100000001000000010000000100000001000000010000000100000001000000010000000100000001000000010000000100000001000000010000000100000001000000010000000100000001000000010000000100000001000000010000000100000001000000010000000100000001000000010000000100000001000000010000000100000001000000010000000100000001000000010000000100000001000000010000000100000001000000010000000100000001000000010000000100000001000000010000000100000001000000010000000100000001000000010000000100000001000000010000000100000001000000010000000100000001000000010000000100000001000000010000000100000001000000010000000100000001000000010000000100000001000000010000000100000001000000010000000100000001000000010000000100000001000000010000000100000001000000010000000100000001000000010000000100000001000000010000000100000001000000010000000100000001000000010000000100000001000000010000000100000001000000010000000100000001000000010000000100000001000000010000000100000001000000010000000100000001000000010000000100000001000000010000000100000001010111010000000100000001010111100000000100000001011100110000000100000001011111010000000100000001000000010000000100000001010110100000000100000001010111010000000100000001000000010000000100000001000000010000000100000001000000010000000100000001011110100000000100000001000000010000000100000001000000010000000100000001000000010000000100000001000000010000000100000001000000010000000100000001000000010000000100000001000000010000000100000001000000010000000100000001000000010000000100000001000000010000000100000001000000010000000000000001000000010000000100000001000000010000000100000001000000010000000100000001000000010000000100000001000000010000000100000001000000010000000100000001000000010000000100000001000000010000000100000001000000010000000100000001000000010000000100000001000000010000000100000001000000010000000100000001000000010000000100000001000000010000000100000001000000010000000100000001000000010000000100000001000000010000000100000001000000010000000100000001000000010000000100000001000000010000000100000001000000010000000100000001000000010000000100000001000000010000000100000001000000010000000100000001000000010000000100000001000000010000000100000001000000010000000100000001000000010000000100000001000000010000000100000001000000010000000100000001000000010000000100000001000000010000000100000001000000010000000100000001000000010000000100000001000000010000000100000001000000010000000100000001000000010000000100000001000000010000000100000001000000010000000100000001000000010000000100000001000000010000000100000001000000010000000100000001000000010000000100000001000000010000000100000001000000010000000100000001000000010000000100000001000000010000000100000001000000010000000100000001000000010000000100000001000000010000000100000001000000010000000100000001000000010000000100000001000000010000000100000001000000010000000100000001000000010000000100000001000000010000000100000001000000010000000100000001000000010000000100000001000000010000000100000001000000010000000100000001000000010000000100000001000000010000000100000001000000010000000100000001000000010000000100000001000000010000000100000001000000010000000100000001000000010000000100000001000000010000000100000001000000010000000100000001000000010000000100000001000000010000000100000001000000010000000100000001000000010000000100000001000000010000000100000001000000010000000100000001000000010000000100000001000000010000000100000001000000010000000100000001000000010000000100000001000000010000000100000001000000010000000100000001000000010000000100000001000000010000000100000001000000010000000100000001000000010000000100000001000000010000000100000001000000010000000100000001000000010000000100000001000000010000000100000001000000010000000100000001000000010000000100000001000000010000000100000001000000010000000100000001000000010000000100000001000000010000000100000001000000010000000100000001000000010000000100000001000000010000000100000001000000010000000100000001000000010000000100000001000000010000000100000001000000010000000100000001000000010000000100000001000000010000000100000001000000010000000100000001000000010000000100000001000000010000000100000001000000010000000100000001000000010000000100000001000000010000000100000001000000010000000100000001000000010000000100000001000000010000000100000001000000010000000100000001000000010000000100000001000000010000000100000001000000010000000100000001000000010000000100000001000000010000000100000001000000010000000100000001000000010000000100000001000000010000000100000001000000010000000100000001000000010000000100000001000000010000000100000001000000010000000100000001000000010000000100000001000000010000000100000001000000010000000100000001000000010000000100000001000000010000000100000001000000010000000100000001000000010000000100000001000000010000000100000001000000010000000100000001000000010000000100000001000000010000000100000001000000010000000100000001000000010000000100000001000000010000000100000001000000010000000100000001000000010000000100000001000000010000000100000001000000010000000100000001000000010000000100000001000000010000000100000001000000010000000100000001000000010000000100000001000000010000000100000001000000010000000100000001000000010000000100000001000000010000000100000001000000010000000100000001000000010000000100000001000000010000000100000001000000010000000101111011000000010000000100000001000000010000000100000001000000010000000100000001000000010000000100000001000000010000000100000001000000010000000100000001000000010000000100000001000000010000000100000001000000010000000100000001000000010000000100000001000000010000000100000001000000010000000100000001000000010000000100000001000000010000000100000001000000010000000100000001000000010000000100000001000000010000000100000001000000010000000100000001000000010000000100000001000000010000000100000001000000010000000100000001000000010000000100000001000000010000000100000001000000010000000100000001000000010000000100000001000000010000000100000001000000010000000100000001000000010000000100000001000000010000000100000001000000010000000100000001000000010000000100000001000000010000000100000001000000010000000100000001000000010000000100000001000000010000000100000001000000010000000100000001000000010000000100000001000000010000000100000001000000010000000100000001000000010000000100000001000000010000000100000001000000010000000100000001000000010000000100000001000000010000000100000001000000010000000100000001000000010000000100000001000000010000000100000001000000010000000100000001000000010000000100000001000000010000000100000001000000010000000100000001000000010000000100000001000000010000000100000001000000010000000100000001000000010000000100000001000000010000000100000001000000010000000100000001000000010000000100000001000000010000000100000001000000010000000100000001000000010000000100000001000000010000000100000001000000010000000100000001000000010000000100000001000000010000000100000001000000010000000100000001000000010000000101111001000000010000000100000001000000010000000100000001000000010000000100000001000000010000000100000001000000010000000100000001000000010000000100000001000000010000000100000001000000010000000100000001000000010000000100000001000000010000000100000001000000010000000100000001000000010000000100000001000000010000000100000001000000010000000100000001000000010000000100000001000000010000000100000001000000010000000100000001000000010000000100000001000000010000000100000001000000010000000101111100000000010000000100000001000000010000000100000001000000010000000100000001000000010000000100000001000000010000000100000001000000010000000100000001000000010000000100000001000000010000000100000001000000010000000100000001000000010000000100000001000000010000000100000001000000010000000100000001000000010000000100000001000000010000000100000001000000010000000100000001000000010000000100000001000000010000000100000001000000010000000100000001000000010000000100000001000000010000000100000001000000010000000100000001000000010000000100000001000000010000000100000001000000010000000100000001000000010000000100000001000000010000000100000001000000010000000100000001000000010000000100000001000000010000000100000001000000010000000100000001000000010000000100000001000000010000000100000001000000010000000100000001000000010000000100000001000000010000000100000001000000010000000100000001000000010000000100000001000000010000000100000001000000010000000100000001000000010000000100000001000000010000000100000001000000010000000100000001000000010000000100000001000000010000000100000001000000010000000100000001000000010000000100000001000000010000000100000001000000010000000100000001000000010000000100000001000000010000000100000001000000010000000100000001000000010000000100000001000000010000000100000001000000010000000100000001000000010000000100000001000000010000000100000001000000010000000100000001000000010000000100000001000000010000000100000001000000010000000100000001000000010000000100000001000000010000000100000001000000010000000100000001000000010000000100000001000000010000000100000001000000010000000100000001000000010000000100000001000000010000000100000001000000010000000100000001000000010000000100000001000000010000000100000001000000010000000100000001000000010000000100000001000000010000000100000001000000010000000100000001000000010000000100000001000000010000000100000001000000010000000100000001000000010000000100000001000000010000000100000001000000010000000100000001000000010000000100000001000000010000000100000001000000010000000100000001000000010000000100000001000000010000000100000001000000010000000100000001000000010000000100000001000000010000000100000001000000010000000100000001000000010000000100000001000000010000000100000001000000010000000100000001000000010000000100000001000000010000000100000001000000010000000100000001000000010000000100000001000000010000000100000001000000010000000100000001000000010000000100000001000000010000000100000001000000010000000100000001000000010000000100000001000000010000000100000001000000010000000100000001000000010000000100000001000000010000000100000001000000010000000100000001000000010000000100000001000000010000000100000001000000010000000100000001000000010000000100000001000000010000000100000001000000010000000100000001000000010000000100000001000000010000000100000001000000010000000100000001000000010000000100000001000000010000000100000001000000010000000100000001000000010000000100000001000000010111101100000001000000010000000100000001000000010000000100000001000000010000000100000001000000010000000100000001000000010000000100000001000000010000000100000001000000010000000100000001000000010000000100000001000000010000000100000001000000010000000100000001000000010000000100000001000000010000000100000001000000010000000100000001000000010000000100000001000000010000000100000001000000010000000100000000000000010000000100000001000000010000000100000001000000010000000100000001000000010000000100000001000000010000000100000001000000010000000100000001000000010000000100000001000000010000000100000001000000010000000100000001000000010000000100000001000000010000000100000001000000010000000100000001000000010000000100000001000000010000000100000001000000010000000100000001000000010000000101110101000000010000000100000001000000010000000100000001000000010000000100000001000000010000000101110000000000010000000101110110000000010000000100000001000000010000000100000001000000010000000100000001000000010000000100000001000000010000000100000001000000010000000100000001000000010000000100000001000000010000000100000001000000010000000100000001000000010000000100000001000000010000000100000001000000010000000100000001000000010000000100000001000000010000000100000001000000010000000100000001000000010000000100000001000000010000000100000001000000010000000100000001000000010000000100000001000000010000000100000001000000010000000100000001000000010000000100000001000000010000000100000001000000010000000100000001000000010000000100000001000000010000000100000001000000010000000100000001000000010000000100000001000000010000000100000001000000010000000100000001000000010000000100000001000000010000000100000001000000010000000100000001000000010000000100000001000000010000000100000001000000010000000100000001000000010000000100000001000000010000000100000001000000010000000100000001000000010000000100000001000000010000000100000001000000010000000100000001000000010000000100000001000000010000000100000001000000010000000100000001000000010000000100000001000000010000000100000001000000010000000100000001000000010000000100000001000000010000000100000001000000010000000100000001000000010000000100000001000000010000000100000001000000010000000100000001000000010000000100000001000000010000000100000001000000010000000100000001000000010000000100000001000000010000000100000001000000010000000100000001000000010000000100000001000000010000000100000001000000010000000100000001000000010000000100000001000000010000000100000001000000010000000100000001000000010000000100000001000000010000000100000001000000010000000100000001000000010000000100000001000000010000000100000001000000010000000100000001000000010000000100000001000000010000000100000001000000010000000100000001000000010000000100000001000000010000000100000001000000010000000100000001000000010000000100000001000000010000000100000001000000010000000100000001000000010000000100000001000000010000000100000001000000010000000100000001000000010000000100000001000000010000000100000001000000010000000100000001000000010000000100000001000000010000000100000001000000010000000100000001000000010000000100000001000000010000000100000001000000010000000100000001000000010000000100000001000000010000000100000001000000010000000100000001000000010000000100000001000000010000000100000001000000010000000100000001000000010000000100000001000000010000000100000001000000010000000100000001000000010000000100000001000000010000000100000001000000010000000100000001000000010000000100000001000000010000000100000001000000010000000100000001000000010000000100000001000000010000000100000001000000010000000100000001000000010000000100000001000000010000000100000001000000010000000100000001000000010000000100000001000000010000000100000001000000010000000100000001000000010000000100000001000000010000000100000001000000010000000100000001000000010000000100000001000000010000000100000001000000010000000100000001000000010000000100000001000000010000000100000001000000010000000100000001000000010000000100000001000000010000000100000001011110110000000100000001011000110000000100000001011011110000000100000001000000010000000100000001000000010000000100000001011111100000000100000001000000010000000100000001000000010000000100000001000000010000000100000001000000010000000100000001000000010000000100000001000000010000000100000001000000010000000100000001000000010000000100000001000000010000000100000001000000010000000100000001000000010000000100000001000000010000000100000001000000010000000100000001000000010000000100000001000000010000000100000001000000010000000100000001000000010000000100000001000000010000000100000001000000010000000100000001000000010000000100000001000000010000000100000001000000010000000100000001000000010000000100000001000000010000000100000001000000010000000100000001000000010000000100000001000000010000000100000001000000010000000100000001000000010000000100000001000000010000000100000001000000010000000100000001000000010000000100000001000000010000000100000001000000010000000100000001000000010000000100000001000000010000000100000001000000010000000100000001000000010000000100000001000000010000000100000001000000010000000100000001000000010000000100000001000000010000000100000001000000010000000100000001000000010000000100000001000000010000000100000001000000010000000100000001000000010000000100000001000000010000000100000001000000010000000100000001000000010000000100000001000000010000000100000001000000010000000100000001000000010000000100000001000000010000000100000001000000010000000100000001000000010000000100000001000000010000000100000001000000010000000100000001000000010000000100000001000000010000000100000001000000010000000100000001000000010000000100000001000000010000000100000001011111000000000100000001000000010000000100000001000000010000000100000001000000010000000100000001011111010000000100000001000000010000000100000001000000010000000100000001000000010000000100000001000000010000000100000001000000010000000100000001000000010000000100000001000000010000000100000001000000010000000100000001000000010000000100000001000000010000000100000001000000010000000100000001000000010000000100000001000000010000000100000001000000010000000100000001000000010000000100000001000000010000000100000001000000010000000100000001000000010000000100000001000000010000000100000001000000010000000100000001011110100000000100000001000000010000000100000001000000010000000100000001000000010000000100000001000000010000000100000001000000010000000100000001000000010000000100000001000000010000000100000001000000010000000100000001000000010000000100000001000000010000000100000001000000010000000100000001000000010000000100000001000000010000000100000001000000010000000100000001000000010000000100000001000000010000000100000001000000010000000100000001000000010000000100000001000000010000000100000001000000010000000100000001000000010000000100000001000000010000000100000001000000010000000100000001000000010000000100000001000000010000000100000001000000010000000100000001000000010000000100000001000000010000000100000001000000010000000100000001000000010000000100000001000000010000000100000001000000010000000100000001000000010000000100000001000000010000000100000001000000010000000100000001000000010000000100000001000000010000000100000001000000010000000100000001000000010000000100000001000000010000000100000001000000010000000100000001000000010000000100000001000000010000000100000001000000010000000100000001000000010000000100000001000000010000000100000001000000010000000100000001000000010000000100000001000000010000000100000001000000010000000100000001000000010000000100000001000000010000000100000001000000010000000100000001000000010000000100000001000000010000000100000001000000010000000100000001000000010000000100000001000000010000000100000001000000010000000100000001000000010000000100000001000000010000000100000001000000010000000100000001000000010000000100000001000000010000000100000001000000010000000100000001000000010000000100000001000000010000000100000001000000010000000100000001000000010000000100000001000000010000000100000001000000010000000100000001000000010000000100000001000000010000000100000001000000010000000100000001000000010000000100000001000000010000000100000001000000010000000100000001000000010000000100000001000000010000000100000001000000010000000100000001000000010000000100000001000000010000000100000001000000010000000100000001000000010000000100000001000000010000000100000001000000010000000100000001000000010000000100000001000000010000000100000001000000010000000100000001000000010000000100000001000000010000000100000001000000010000000100000001000000010000000100000001000000010000000100000001000000010000000100000001000000010000000100000001000000010000000100000001000000010000000100000001000000010000000100000001000000010000000100000001000000010000000100000001000000010000000100000001000000010000000100000001000000010000000100000001000000010000000100000001000000010000000100000001000000010000000100000001000000010000000100000001000000010000000100000001000000010000000100000001000000010000000100000001000000010000000100000001000000010000000100000001000000010000000100000001000000010000000100000001000000010000000101101010000000010000000101101001000000010000000100000001000000010000000100000001000000010000000100000001000000010000000101100101000000010000000101100110000000010000000100000001000000010000000100000001000000010000000100000001000000010000000100000001000000010000000100000001000000010000000100000001000000010000000100000001000000010000000100000001000000010000000100000001000000010000000100000001000000010000000100000001000000010000000100000001000000010000000100000001000000010000000100000001000000010000000100000001000000000000000100000001000000010000000100000001000000010000000100000001000000010000000100000001000000010000000100000001000000010000000100000001000000010000000100000001000000010000000100000001000000010000000100000001000000010000000100000001000000010000000100000001011101110000000100000001000000010000000100000001000000010000000100000001000000010000000100000001011001100000000100000001011000100000000100000001011100010000000100000001000000010000000100000001011010010000000100000001011010010000000100000001011010010000000100000001011110000000000100000001000000010000000100000001000000010000000100000001011111100000000100000001000000010000000100000001000000010000000100000001000000010000000100000001000000010000000100000001000000010000000100000001000000010000000100000001000000010000000100000001000000010000000100000001000000010000000100000001000000010000000100000001000000010000000100000001000000010000000100000001000000010000000100000001000000010000000100000001000000010000000100000001000000010000000100000001000000010000000100000001000000010000000100000001000000010000000100000001000000010000000100000001000000010000000100000001000000010000000100000001000000010000000100000001000000010000000100000001000000010000000100000001000000010000000100000001000000010000000100000001000000010000000100000001000000010000000100000001000000010000000100000001000000010000000100000001000000010000000100000001000000010000000100000001000000010000000100000001000000010000000100000001000000010000000100000001000000010000000100000001000000010000000100000001000000010000000100000001000000010000000100000001000000010000000100000001000000010000000100000001000000010000000100000001000000010000000100000001000000010000000100000001000000010000000100000001000000010000000100000001000000010000000100000001000000010000000100000001000000010000000100000001000000010000000100000001000000010000000100000001000000010000000100000001000000010000000100000001000000010000000100000001000000010000000100000001000000010000000100000001000000010000000100000001000000010000000100000001000000010000000100000001000000010000000100000001000000010000000100000001000000010000000100000001000000010000000100000001000000010000000100000001000000010000000100000001000000010000000100000001000000010000000100000001000000010000000100000001000000010000000100000001000000010000000100000001000000010000000100000001000000010000000100000001000000010000000100000001000000010000000100000001000000010000000100000001000000010000000100000001000000010000000100000001000000010000000100000001000000010000000100000001000000010000000100000001000000010000000100000001000000010000000100000001000000010000000100000001000000010000000100000001000000010000000100000001000000010000000100000001000000010000000100000001000000010000000100000001000000010000000100000001000000010000000100000001000000010000000100000001000000010000000100000001000000010000000100000001000000010000000100000001000000010000000100000001000000010000000100000001000000010000000100000001000000010000000100000001000000010000000100000001000000010000000100000001000000010000000100000001000000010000000100000001000000010000000100000001000000010000000100000001000000010000000100000001000000010000000100000001000000010000000100000001000000010000000100000001000000010000000100000001000000010000000100000001000000010000000100000001000000010000000100000001000000010000000100000001000000010000000100000001000000010000000100000001000000010000000100000001000000010000000100000001000000010000000100000001000000010000000100000001000000010000000100000001000000010111101100000001000000010000000100000001000000010000000100000001000000010000000100000001000000010111101000000001000000010111010000000001000000010000000100000001000000010000000100000001000000010000000100000001000000010000000100000001000000010000000100000001000000010000000100000001000000010000000100000001000000010000000100000001000000010000000100000001000000010000000100000001000000010000000100000001000000010000000100000001000000010000000100000001000000010000000100000001000000010000000100000001000000010000000100000001000000010000000100000001000000010000000100000001000000010000000100000001000000010000000100000001000000010000000100000001000000010000000100000001000000010000000100000001000000010000000100000001000000010110111100000001000000010111111100000001000000010000000100000001000000010000000100000001000000010000000100000001000000010000000100000001000000010000000100000001000000010000000100000001000000010000000100000001000000010000000100000001000000010000000100000001000000010000000100000001000000010000000100000001000000010000000100000001000000010000000100000001000000010000000100000001000000010000000100000001000000010000000100000001000000010000000100000001000000010000000100000001000000010000000100000001000000010000000100000001000000010000000100000001000000010000000100000001000000010000000100000001000000010000000100000001000000010000000100000001000000010000000100000001000000010000000100000001000000010000000100000001000000010000000100000001000000010000000100000001000000010000000100000001000000010000000100000001000000010000000100000001000000010000000100000001000000010000000100000001000000010000000100000001000000010000000100000001000000010000000100000001000000010000000100000001000000010111101100000001000000010000000100000001000000010000000100000001000000010000000100000001000000010000000100000001000000010000000100000001000000010000000100000001000000010000000100000001000000010000000100000001000000010000000100000001000000010000000100000001000000010000000100000001000000010000000100000001000000010000000100000001000000010000000100000001000000010000000100000001000000010000000100000001000000010000000100000001000000010000000100000001000000010000000100000001000000010000000100000001000000010000000100000001000000010111100100000001000000010110101000000001000000010111001000000001000000010000000100000001000000010000000100000001000000010000000100000001000000010110111000000001000000010000000100000001000000010000000100000001000000010000000100000001000000010000000100000001000000010000000100000001000000010000000100000001000000010000000100000001000000010000000100000001000000010000000100000001000000010000000100000001000000010000000100000001000000010000000100000001000000010000000100000001000000010000000100000001000000010000000100000001000000010000000100000001000000010000000100000001000000010000000100000001000000010000000100000001000000010000000100000001000000010000000100000001000000010000000100000001000000010000000100000001000000010000000100000001000000010000000100000001000000010000000100000001000000010000000100000001000000010000000100000001000000010000000100000001000000010000000100000001000000010000000100000001000000010000000100000001000000010000000100000001000000010000000100000001000000010000000100000001000000010000000100000001000000010000000100000001000000010000000100000001000000010000000100000001000000010000000100000001000000010000000100000001000000010000000100000001000000010000000100000001000000010000000100000001000000010000000100000001000000010000000100000001000000010000000100000001000000010000000100000001000000010000000100000001000000010000000100000001000000010000000100000001000000010000000100000001000000010000000100000001000000010000000100000001000000010000000100000001000000010000000100000001000000010000000100000001000000010000000100000001000000010000000100000001000000010000000100000001000000010000000100000001000000010000000100000001000000010000000100000001000000010000000100000001000000010000000100000001000000010000000100000001000000010000000100000001000000010000000100000001000000010000000100000001000000010000000100000001000000010000000100000001000000010000000100000001000000010000000100000001000000010000000100000001000000010000000100000001000000010000000100000001000000010000000100000001000000010000000100000001000000010000000100000001000000010000000100000001000000010000000100000001000000010000000100000001000000010000000100000001000000010000000100000001000000010000000100000001000000010000000100000001000000010000000100000001000000010000000100000001000000010000000100000001000000010000000100000001000000010000000100000001000000010000000100000001000000010000000100000001000000010000000100000001000000010000000100000001000000010000000100000001000000010000000100000001000000010000000100000001000000010000000100000001000000010000000100000001000000010000000100000001000000010000000100000001000000010000000100000001000000010000000100000001000000010000000100000001000000010000000100000001000000010000000100000001000000010000000100000001000000010000000100000001011110010000000100000001011111110000000100000001000000010000000100000001011010100000000100000001010101110000000100000001010011110000000100000001010110010000000100000001011011110000000100000001010110110000000100000001010010100000000100000001010101000000000100000001011110000000000100000001000000010000000100000001011110100000000100000001011001000000000100000001011101110000000100000001000000010000000100000001000000010000000100000001000000010000000100000001000000010000000100000001000000010000000100000001000000010000000100000001000000010000000100000001000000010000000100000001000000010000000100000001000000010000000000000001000000010000000100000001000000010000000100000001000000010000000100000001000000010000000100000001000000010000000100000001000000010000000100000001000000010000000100000001000000010000000100000001000000010000000100000001000000010000000100000001000000010111000000000001000000010111100100000001000000010000000100000001000000010000000100000001000000010110001000000001000000010110001000000001000000010111010100000001000000010000000100000001000000010110101000000001000000010110100100000001000000010110100000000001000000010111100100000001000000010000000100000001000000010000000100000001000000010111111000000001000000010000000100000001000000010000000100000001000000010000000100000001000000010000000100000001000000010000000100000001000000010000000100000001000000010000000100000001000000010000000100000001000000010000000100000001000000010000000100000001000000010000000100000001000000010000000100000001000000010000000100000001000000010000000100000001000000010000000100000001000000010000000100000001000000010000000100000001000000010000000100000001000000010000000100000001000000010000000100000001000000010000000100000001000000010000000100000001000000010000000100000001000000010000000100000001000000010000000100000001000000010000000100000001000000010000000100000001000000010000000100000001000000010000000100000001000000010000000100000001000000010000000100000001000000010000000100000001000000010000000100000001000000010000000100000001000000010000000100000001000000010000000100000001000000010000000100000001000000010000000100000001000000010000000100000001000000010000000100000001000000010000000100000001000000010000000100000001000000010000000100000001000000010000000100000001000000010000000100000001000000010000000100000001000000010000000100000001000000010000000100000001000000010000000100000001000000010000000100000001000000010000000100000001000000010000000100000001000000010000000100000001000000010000000100000001000000010000000100000001000000010000000100000001000000010000000100000001000000010000000100000001000000010000000100000001000000010000000100000001000000010000000100000001000000010000000100000001000000010000000100000001000000010000000100000001000000010000000100000001000000010000000100000001000000010000000100000001000000010000000100000001000000010000000100000001000000010000000100000001000000010000000100000001000000010000000100000001000000010000000100000001000000010000000100000001000000010000000100000001000000010000000100000001000000010000000100000001000000010000000100000001000000010000000100000001000000010000000100000001000000010000000100000001000000010000000100000001000000010000000100000001000000010000000100000001000000010000000100000001000000010000000100000001000000010000000100000001000000010000000100000001000000010000000100000001000000010000000100000001000000010000000100000001000000010000000100000001000000010000000100000001000000010000000100000001000000010000000100000001000000010000000100000001000000010000000100000001000000010000000100000001000000010000000100000001000000010000000100000001000000010000000100000001000000010000000100000001000000010000000100000001000000010000000100000001000000010000000100000001000000010000000100000001000000010000000100000001000000010000000100000001000000010000000100000001000000010000000100000001000000010000000100000001000000010000000100000001000000010000000100000001000000010000000100000001000000010000000100000001000000010000000100000001000000010000000100000001000000010000000100000001000000010000000100000001000000010000000100000001000000010000000100000001000000010000000101111110000000010000000101111110000000010000000101111011000000010000000100000001000000010000000100000001000000010000000100000001000000010000000100000001000000010000000100000001000000010000000100000001000000010000000100000001000000010000000100000001000000010000000100000001000000010000000100000001000000010000000100000001000000010000000100000001000000010000000100000001000000010000000100000001000000010000000100000001000000010000000100000001000000010000000100000001000000010000000100000001000000010000000100000001000000010000000100000001000000010000000100000001000000010000000100000001000000010000000100000001000000010000000100000001000000010000000100000001000000010000000100000001000000010000000100000001000000010000000100000001000000010000000100000001000000010000000100000001000000010000000100000001000000010000000100000001000000010000000100000001000000010000000100000001000000010000000100000001000000010000000100000001000000010000000100000001000000010000000100000001000000010000000100000001000000010000000100000001000000010000000100000001000000010000000100000001000000010000000100000001000000010000000100000001000000010000000100000001000000010000000100000001000000010000000100000001000000010000000100000001000000010000000100000001000000010000000100000001000000010000000100000001000000010000000100000001000000010000000100000001000000010000000100000001000000010000000100000001000000010000000100000001000000010000000100000001000000010000000100000001000000010000000100000001000000010000000100000001000000010000000100000001000000010000000100000001000000010000000100000001000000010000000100000001000000010000000100000001000000010000000100000001000000010000000100000001000000010000000100000001000000010000000100000001000000010000000100000001000000010000000100000001000000010000000100000001000000010000000100000001000000010000000100000001000000010000000100000001000000010000000100000001000000010000000100000001000000010000000100000001000000010000000100000001000000010000000100000001000000010000000100000001000000010000000100000001000000010000000100000001000000010000000100000001000000010000000100000001000000010000000100000001000000010000000100000001000000010000000100000001000000010000000100000001000000010000000100000001000000010000000100000001000000010000000100000001000000010000000100000001000000010000000100000001000000010000000100000001000000010000000101110100000000010000000101110100000000010000000100000001000000010000000100000001000000010000000100000001000000010000000100000001000000010000000100000001000000010000000100000001000000010000000100000001000000010000000100000001000000010000000100000001000000010000000100000001000000010000000100000001000000010000000100000001000000010000000100000001000000010000000100000001000000010000000100000001000000010000000100000001000000010000000100000001000000010000000100000001000000010000000100000001000000010000000100000001000000010000000100000001000000010000000100000001000000010000000100000001000000010000000100000001000000010000000100000001000000010000000100000001000000010000000100000001000000010000000100000001000000010000000100000001000000010000000100000001000000010000000100000001000000010000000100000001000000010000000100000001000000010000000100000001000000010000000100000001000000010000000100000001000000010000000100000001000000010000000100000001000000010000000100000001000000010000000100000001000000010000000100000001000000010000000100000001000000010000000100000001000000010000000100000001000000010000000100000001000000010000000100000001000000010000000100000001000000010000000100000001000000010000000100000001000000010000000100000001000000010000000100000001000000010000000100000001000000010000000100000001000000010000000100000001000000010000000100000001000000010000000100000001000000010000000100000001000000010000000100000001000000010000000100000001000000010000000100000001000000010000000100000001000000010000000100000001000000010000000100000001000000010000000100000001000000010000000100000001000000010000000100000001000000010000000100000001000000010000000100000001000000010000000100000001000000010000000100000001000000010000000100000001000000010000000100000001000000010000000100000001000000010000000100000001000000010000000100000001000000010000000100000001000000010000000100000001000000010000000100000001000000010000000100000001000000010000000100000001000000010000000100000001000000010000000100000001000000010000000100000001000000010000000100000001000000010000000100000001000000010000000100000001000000010000000100000001000000010000000100000001000000010000000100000001000000010000000100000001000000010000000100000001000000010000000100000001000000010000000100000001000000010000000100000001000000010000000100000001000000010000000100000001000000010000000100000001000000010000000100000001000000010000000100000001000000010000000100000001000000010000000100000001000000010000000100000001000000010000000100000001000000010000000100000001000000010000000100000001000000010000000100000001000000010000000100000001000000010000000100000001000000010000000100000001000000010111011100000001000000010111111100000001000000010000000100000001000000010110011000000001000000010101100100000001000000010101011000000001000000010101010000000001000000010111010100000001000000010101111100000001000000010100101100000001000000010101010100000001000000010000000100000001000000010000000100000001000000010111101100000001000000010110111100000001000000010111001000000001000000010000000100000001000000010000000100000001000000010000000100000001000000010000000100000001000000010000000100000001000000010000000100000001000000010000000100000001000000010000000100000001000000010000000100000001000000010000000100000000000000010000000100000001000000010000000100000001000000010000000100000001000000010000000100000001000000010000000100000001000000010000000100000001000000010000000100000001000000010000000100000001000000010000000100000001000000010000000100000001000000010000000100000001000000010000000100000001000000010000000100000001000000010000000100000001000000010000000100000001000000010000000101111111000000010000000100000001000000010000000100000001000000010000000100000001000000010000000101110010000000010000000101111001000000010000000100000001000000010000000100000001000000010000000100000001000000010000000100000001000000010000000100000001000000010000000100000001000000010000000100000001000000010000000100000001000000010000000100000001000000010000000100000001000000010000000100000001000000010000000100000001000000010000000100000001000000010000000100000001000000010000000100000001000000010000000100000001000000010000000100000001000000010000000100000001000000010000000100000001000000010000000100000001000000010000000100000001000000010000000100000001000000010000000100000001000000010000000100000001000000010000000100000001000000010000000100000001000000010000000100000001000000010000000100000001000000010000000100000001000000010000000100000001000000010000000100000001000000010000000100000001000000010000000100000001000000010000000100000001000000010000000100000001000000010000000100000001000000010000000100000001000000010000000100000001000000010000000100000001000000010000000100000001000000010000000100000001000000010000000100000001000000010000000100000001000000010000000100000001000000010000000100000001000000010000000100000001000000010000000100000001000000010000000100000001000000010000000100000001000000010000000100000001000000010000000100000001000000010000000100000001000000010000000100000001000000010000000100000001000000010000000100000001000000010000000100000001000000010000000100000001000000010000000100000001000000010000000100000001000000010000000100000001000000010000000100000001000000010000000100000001000000010000000100000001000000010000000100000001000000010000000100000001000000010000000100000001000000010000000100000001000000010000000100000001000000010000000100000001000000010000000100000001000000010000000100000001000000010000000100000001000000010000000100000001000000010000000100000001000000010000000100000001000000010000000100000001000000010000000100000001000000010000000100000001000000010000000100000001000000010000000100000001000000010000000100000001000000010000000100000001000000010000000100000001000000010000000100000001000000010000000100000001000000010000000100000001000000010000000100000001000000010000000100000001000000010000000100000001000000010000000100000001000000010000000100000001000000010000000100000001000000010000000100000001000000010000000100000001000000010000000100000001000000010000000100000001000000010000000100000001000000010000000100000001000000010000000100000001000000010000000100000001000000010000000100000001000000010000000100000001000000010000000100000001000000010000000100000001000000010000000100000001000000010000000100000001000000010000000100000001000000010000000100000001000000010000000100000001000000010000000100000001000000010000000100000001000000010000000100000001000000010000000100000001000000010000000100000001000000010000000100000001000000010000000100000001000000010000000100000001000000010000000100000001000000010000000100000001000000010000000100000001000000010000000100000001000000010000000100000001000000010000000100000001000000010000000100000001000000010000000100000001000000010000000100000001011111100000000100000001000000010000000100000001000000010000000100000001000000010000000100000001000000010000000100000001000000010000000100000001000000010000000100000001000000010000000100000001000000010000000100000001000000010000000100000001000000010000000100000001000000010000000100000001000000010000000100000001000000010000000100000001000000010000000100000001000000010000000100000001000000010000000100000001000000010000000100000001000000010000000100000001000000010000000100000001000000010000000100000001000000010000000100000001000000010000000100000001000000010000000100000001000000010000000100000001000000010000000100000001000000010000000100000001000000010000000100000001000000010000000100000001000000010000000100000001000000010000000100000001000000010000000100000001000000010000000100000001000000010000000100000001000000010000000100000001000000010000000100000001000000010000000100000001000000010000000100000001000000010000000100000001000000010000000100000001000000010000000100000001000000010000000100000001000000010000000100000001000000010000000100000001000000010000000100000001000000010000000100000001000000010000000100000001000000010000000100000001000000010000000100000001000000010000000100000001000000010000000100000001000000010000000100000001000000010000000100000001000000010000000100000001000000010000000100000001000000010000000100000001000000010000000100000001000000010000000100000001000000010000000100000001000000010000000100000001000000010000000100000001000000010000000100000001000000010000000100000001000000010000000100000001000000010000000100000001011110010000000100000001011111110000000100000001000000010000000100000001000000010000000100000001000000010000000100000001000000010000000100000001000000010000000100000001000000010000000100000001000000010000000100000001000000010000000100000001000000010000000100000001000000010000000100000001000000010000000100000001000000010000000100000001000000010000000100000001000000010000000100000001000000010000000100000001000000010000000100000001000000010000000100000001000000010000000100000001000000010000000100000001000000010000000100000001000000010000000100000001000000010000000100000001000000010000000100000001000000010000000100000001000000010000000100000001000000010000000100000001000000010000000100000001000000010000000100000001000000010000000100000001000000010000000100000001000000010000000100000001000000010000000100000001000000010000000100000001000000010000000100000001011111010000000100000001000000010000000100000001011111010000000100000001000000010000000100000001000000010000000100000001000000010000000100000001000000010000000100000001000000010000000100000001000000010000000100000001000000010000000100000001000000010000000100000001000000010000000100000001000000010000000100000001000000010000000100000001000000010000000100000001000000010000000100000001000000010000000100000001000000010000000100000001000000010000000100000001000000010000000100000001000000010000000100000001000000010000000100000001000000010000000100000001000000010000000100000001000000010000000100000001000000010000000100000001000000010000000100000001000000010000000100000001000000010000000100000001000000010000000100000001000000010000000100000001000000010000000100000001000000010000000100000001000000010000000100000001000000010000000100000001000000010000000100000001000000010000000100000001000000010000000100000001000000010000000100000001000000010000000100000001000000010000000100000001000000010000000100000001000000010000000100000001000000010000000100000001000000010000000100000001000000010000000100000001000000010000000100000001000000010000000100000001000000010000000100000001000000010000000100000001000000010000000100000001000000010000000100000001000000010000000100000001000000010000000100000001000000010000000100000001000000010000000100000001000000010000000100000001000000010000000100000001000000010000000100000001000000010000000100000001000000010000000100000001000000010000000100000001000000010000000100000001000000010000000100000001000000010000000100000001000000010000000100000001000000010000000100000001000000010000000100000001000000010000000100000001000000010000000100000001000000010000000100000001000000010000000100000001000000010000000100000001000000010000000100000001000000010000000100000001000000010000000100000001000000010000000100000001000000010000000100000001000000010000000100000001000000010000000100000001000000010000000100000001000000010000000100000001000000010000000100000001000000010000000100000001000000010000000100000001000000010000000100000001000000010000000100000001000000010000000100000001000000010000000100000001000000010000000100000001000000010000000100000001000000010000000100000001000000010000000100000001000000010000000100000001000000010000000100000001000000010000000100000001000000010000000100000001000000010000000100000001000000010000000100000001000000010000000100000001000000010000000100000001000000010000000100000001000000010000000100000001000000010000000100000001000000010000000100000001000000010000000100000001000000010000000100000001000000010000000100000001000000010000000100000001000000010000000100000001000000010000000100000001000000010000000101110001000000010000000101101111000000010000000100000001000000010000000100000001000000010000000100000001000000010000000101101010000000010000000101110111000000010000000100000001000000010000000100000001000000010000000100000001000000010000000100000001000000010000000100000001000000010000000100000001000000010000000100000001000000010000000100000001000000010000000100000001000000010000000100000001000000010000000100000001000000010000000100000001000000010000000100000001000000010000000100000001000000010000000100000001000000000000000100000001000000010000000100000001000000010000000100000001000000010000000100000001000000010000000100000001000000010000000100000001000000010000000100000001000000010000000100000001000000010000000100000001000000010000000100000001000000010000000100000001000000010000000100000001000000010000000100000001000000010000000100000001000000010000000100000001000000010000000100000001000000010000000100000001000000010000000100000001000000010000000100000001000000010000000100000001000000010000000100000001000000010000000100000001000000010000000100000001000000010000000100000001000000010000000100000001000000010000000100000001000000010000000100000001000000010000000100000001000000010000000100000001000000010000000100000001000000010000000100000001000000010000000100000001000000010000000100000001000000010000000100000001000000010000000100000001000000010000000100000001000000010000000100000001000000010000000100000001000000010000000100000001000000010000000100000001000000010000000100000001000000010000000100000001000000010000000100000001000000010000000100000001000000010000000100000001000000010000000100000001000000010000000100000001000000010000000100000001000000010000000100000001000000010000000100000001000000010000000100000001000000010000000100000001000000010000000100000001000000010000000100000001000000010000000100000001000000010000000100000001000000010000000100000001000000010000000100000001000000010000000100000001000000010000000100000001000000010000000100000001000000010000000100000001000000010000000100000001000000010000000100000001000000010000000100000001000000010000000100000001000000010000000100000001000000010000000100000001000000010000000100000001000000010000000100000001000000010000000100000001000000010000000100000001000000010000000100000001000000010000000100000001000000010000000100000001000000010000000100000001000000010000000100000001000000010000000100000001000000010000000100000001000000010000000100000001000000010000000100000001000000010000000100000001000000010000000100000001000000010000000100000001000000010000000100000001000000010000000100000001000000010000000100000001000000010000000100000001000000010000000100000001000000010000000100000001000000010000000100000001000000010000000100000001000000010000000100000001000000010000000100000001000000010000000100000001000000010000000100000001000000010000000100000001000000010000000100000001000000010000000100000001000000010000000100000001000000010000000100000001000000010000000100000001000000010000000100000001000000010000000100000001000000010000000100000001000000010000000100000001000000010000000100000001000000010000000100000001000000010000000100000001000000010000000100000001000000010000000100000001000000010000000100000001000000010000000100000001000000010000000100000001000000010000000100000001000000010000000100000001000000010000000100000001000000010000000100000001000000010000000100000001000000010000000100000001000000010000000100000001000000010000000100000001000000010000000100000001000000010000000100000001000000010000000100000001000000010000000100000001000000010000000100000001000000010000000100000001000000010000000100000001000000010000000100000001000000010000000100000001000000010000000100000001000000010000000100000001000000010000000100000001000000010000000100000001000000010000000100000001000000010000000100000001000000010000000100000001000000010000000100000001000000010000000100000001000000010000000100000001000000010000000100000001000000010000000100000001000000010000000100000001000000010000000100000001000000010110111100000001000000010111100000000001000000010000000100000001000000010000000100000001000000010000000100000001000000010000000100000001000000010000000100000001000000010000000100000001000000010000000100000001000000010000000100000001000000010000000100000001000000010000000100000001000000010000000100000001000000010000000100000001000000010000000100000001000000010000000100000001000000010000000100000001000000010000000100000001000000010000000100000001000000010000000100000001000000010000000100000001000000010000000100000001000000010000000100000001000000010000000100000001000000010000000100000001000000010000000100000001000000010000000100000001000000010000000100000001000000010000000100000001000000010000000100000001000000010000000100000001000000010000000100000001000000010000000100000001000000010000000100000001000000010000000100000001000000010000000100000001000000010000000100000001000000010000000100000001000000010111000000000001000000010000000100000001000000010000000100000001000000010000000100000001000000010000000100000001000000010000000100000001000000010000000100000001000000010000000100000001000000010000000100000001000000010000000100000001000000010000000100000001000000010000000100000001000000010000000100000001000000010000000100000001000000010000000100000001000000010000000100000001000000010000000100000001000000010000000100000001000000010000000100000001000000010000000100000001000000010000000100000001000000010000000100000001000000010000000100000001000000010000000100000001000000010000000100000001000000010000000100000001000000010111010100000001000000010111011100000001000000010000000100000001000000010000000100000001000000010000000100000001000000010000000100000001000000010000000100000001000000010000000100000001000000010000000100000001000000010000000100000001000000010000000100000001000000010000000100000001000000010000000100000001000000010000000100000001000000010000000100000001000000010000000100000001000000010000000100000001000000010000000100000001000000010000000100000001000000010000000100000001000000010000000100000001000000010000000100000001000000010000000100000001000000010000000100000001000000010000000100000001000000010000000100000001000000010000000100000001000000010000000100000001000000010000000100000001000000010000000100000001000000010000000100000001000000010000000100000001000000010000000100000001000000010000000100000001000000010000000100000001000000010000000100000001000000010000000100000001000000010000000100000001000000010000000100000001000000010000000100000001000000010000000100000001000000010000000100000001000000010111111000000001000000010000000100000001000000010000000100000001000000010000000100000001000000010000000100000001000000010000000100000001000000010000000100000001000000010000000100000001000000010000000100000001000000010000000100000001000000010000000100000001000000010000000100000001000000010000000100000001000000010000000100000001000000010000000100000001000000010000000100000001000000010000000100000001000000010000000100000001000000010000000100000001000000010000000100000001000000010000000100000001000000010000000100000001000000010000000100000001000000010000000100000001000000010000000100000001000000010000000100000001000000010000000100000001000000010000000100000001000000010000000100000001000000010000000100000001000000010000000100000001000000010000000100000001000000010000000100000001000000010000000100000001000000010000000100000001000000010000000100000001000000010000000100000001000000010000000100000001000000010000000100000001000000010000000100000001000000010000000100000001000000010000000100000001000000010000000100000001000000010000000100000001000000010000000100000001000000010000000100000001000000010000000100000001000000010000000100000001000000010000000100000001000000010000000100000001000000010000000100000001000000010000000100000001000000010000000100000001000000010000000100000001000000010000000100000001000000010000000100000001000000010000000100000001000000010000000100000001000000010000000100000001000000010000000100000001000000010000000100000001000000010000000100000001000000010000000100000001000000010000000100000001000000010000000100000001000000010000000100000001000000010000000100000001000000010000000100000001000000010000000100000001000000010000000100000001000000010000000100000001000000010000000100000001000000010000000100000001000000010000000100000001000000010000000100000001000000010000000100000001000000010000000100000001000000010000000100000001000000010000000100000001000000010000000100000001000000010000000100000001000000010000000100000001000000010000000100000001000000010000000100000001000000010000000100000001000000010000000100000001000000010000000100000001000000010000000100000001000000010000000100000001000000010000000100000001000000010000000100000001000000010000000100000001000000010000000100000001000000010000000100000001000000010000000100000001000000010000000100000001000000010000000100000001000000010000000100000001000000010000000100000001000000010000000100000001000000010000000100000001000000010000000100000001000000010000000100000001000000010000000100000001000000010000000100000001000000010000000100000001000000010000000100000001000000010000000100000001000000010000000100000001000000010000000100000001000000010000000100000001000000010000000100000001000000010000000100000001000000010000000100000001000000010000000100000001000000010000000100000001000000010000000100000001000000010000000100000001000000010000000100000001000000010000000100000001000000010000000100000001000000010000000100000001000000010000000100000001000000010000000100000001000000010000000100000001000000010000000100000001000000010000000100000001000000010000000100000001000000010000000100000001000000010000000100000001000000010000000000000001000000010000000100000001000000010000000100000001000000010000000100000001000000010000000100000001000000010000000100000001000000010000000100000001000000010000000100000001000000010000000100000001000000010000000100000001000000010000000100000001000000010000000100000001000000010000000100000001000000010000000100000001000000010000000100000001000000010111011100000001000000010110111000000001000000010000000100000001000000010000000100000001000000010000000100000001000000010110101100000001000000010111000100000001000000010000000100000001000000010000000100000001000000010000000100000001000000010111111100000001000000010000000100000001000000010000000100000001000000010000000100000001000000010000000100000001000000010000000100000001000000010000000100000001000000010000000100000001000000010000000100000001000000010000000100000001000000010000000100000001000000010000000100000001000000010000000100000001000000010000000100000001000000010000000100000001000000010000000100000001000000010000000100000001000000010000000100000001000000010000000100000001000000010000000100000001000000010000000100000001000000010000000100000001000000010000000100000001000000010000000100000001000000010000000100000001000000010000000100000001000000010000000100000001000000010000000100000001000000010000000100000001000000010000000100000001000000010000000100000001000000010000000100000001000000010000000100000001000000010000000100000001000000010000000100000001000000010000000100000001000000010000000100000001000000010000000100000001000000010000000100000001000000010000000100000001000000010000000100000001000000010000000100000001000000010000000100000001000000010000000100000001000000010000000100000001000000010000000100000001000000010000000100000001000000010000000100000001000000010000000100000001000000010000000100000001000000010000000100000001000000010000000100000001000000010000000100000001000000010000000100000001000000010000000100000001000000010000000100000001000000010000000100000001000000010000000100000001000000010000000100000001000000010000000100000001000000010000000100000001000000010000000100000001000000010000000100000001000000010000000100000001000000010000000100000001000000010000000100000001000000010000000100000001000000010000000100000001000000010000000100000001000000010000000100000001000000010000000100000001000000010000000100000001000000010000000100000001000000010000000100000001000000010000000100000001000000010000000100000001000000010000000100000001000000010000000100000001000000010000000100000001000000010000000100000001000000010000000100000001000000010000000100000001000000010000000100000001000000010000000100000001000000010000000100000001000000010000000100000001000000010000000100000001000000010000000100000001000000010000000100000001000000010000000100000001000000010000000100000001000000010000000100000001000000010000000100000001000000010000000100000001000000010000000100000001000000010000000100000001000000010000000100000001000000010000000100000001000000010000000100000001000000010000000100000001000000010000000100000001000000010000000100000001000000010000000100000001000000010000000100000001000000010000000100000001000000010000000100000001000000010000000100000001000000010000000100000001000000010000000100000001000000010000000100000001000000010000000100000001000000010000000100000001000000010000000100000001000000010000000100000001000000010000000100000001000000010000000100000001000000010000000100000001000000010000000100000001000000010000000101110101000000010000000101110011000000010000000101110101000000010000000100000001000000010000000100000001000000010000000100000001000000010000000100000001000000010000000100000001000000010000000100000001000000010000000100000001000000010000000100000001000000010000000100000001000000010000000100000001000000010000000100000001000000010000000100000001000000010000000100000001000000010000000100000001000000010000000100000001000000010000000100000001000000010000000100000001000000010000000100000001000000010000000100000001000000010000000100000001000000010000000100000001000000010000000100000001000000010000000100000001000000010000000100000001000000010000000100000001000000010000000100000001000000010000000100000001000000010000000100000001000000010000000100000001000000010000000100000001000000010000000100000001000000010000000100000001000000010000000100000001000000010000000100000001000000010000000100000001000000010000000100000001000000010000000100000001000000010000000100000001000000010000000100000001000000010000000100000001000000010000000100000001000000010000000100000001000000010000000100000001000000010000000100000001000000010000000100000001000000010000000100000001000000010000000100000001000000010000000100000001000000010000000100000001000000010000000100000001000000010000000100000001000000010000000100000001000000010000000100000001000000010000000100000001000000010000000100000001000000010000000100000001000000010000000100000001000000010000000100000001000000010000000100000001000000010000000100000001000000010000000100000001000000010000000100000001000000010000000101110010000000010000000100000001000000010000000101111100000000010000000100000001000000010000000100000001000000010000000100000001000000010000000100000001000000010000000100000001000000010000000100000001000000010000000100000001000000010000000100000001000000010000000100000001000000010000000100000001000000010000000100000001000000010000000100000001000000010000000100000001000000010000000100000001000000010000000100000001000000010000000100000001000000010000000100000001000000010000000100000001000000010000000100000001000000010000000100000001000000010000000100000001000000010000000100000001000000010000000100000001000000010000000100000001000000010000000100000001000000010000000100000001000000010000000100000001000000010000000100000001000000010000000100000001000000010000000100000001000000010000000100000001000000010000000100000001000000010000000100000001000000010000000100000001000000010000000100000001000000010000000100000001000000010000000100000001000000010000000100000001000000010000000100000001000000010000000100000001000000010000000100000001000000010000000100000001000000010000000101110011000000010000000101111110000000010000000100000001000000010000000100000001000000010000000100000001000000010000000100000001000000010000000100000001000000010000000100000001000000010000000100000001000000010000000100000001000000010000000100000001000000010000000100000001000000010000000100000001000000010000000100000001000000010000000100000001000000010000000100000001000000010000000100000001000000010000000100000001000000010000000100000001000000010000000100000001000000010000000100000001000000010000000100000001000000010000000100000001000000010000000100000001000000010000000100000001000000010000000100000001000000010000000100000001000000010000000100000001000000010000000100000001000000010000000100000001000000010000000100000001000000010000000100000001000000010000000100000001000000010000000100000001000000010000000100000001000000010000000100000001000000010000000100000001000000010000000100000001000000010000000100000001000000010000000100000001000000010000000100000001000000010000000100000001000000010000000100000001000000010000000100000001000000010000000100000001000000010000000100000001000000010000000100000001000000010000000100000001000000010000000100000001000000010000000100000001000000010000000100000001000000010000000100000001000000010000000100000001000000010000000100000001000000010000000100000001000000010000000100000001000000010000000100000001000000010000000100000001000000010000000100000001000000010000000100000001000000010000000100000001000000010000000100000001000000010000000100000001000000010000000100000001000000010000000100000001000000010000000100000001000000010000000100000001000000010000000100000001000000010000000100000001000000010000000100000001000000010000000100000001000000010000000100000001000000010000000100000001000000010000000100000001000000010000000100000001000000010000000100000001000000010000000100000001000000010000000100000001000000010000000100000001000000010000000100000001000000010000000100000001000000010000000100000001000000010000000100000001000000010000000100000001000000010000000100000001000000010000000100000001000000010000000100000001000000010000000100000001000000010000000100000001000000010000000100000001000000010000000100000001000000010000000100000001000000010000000100000001000000010000000100000001000000010000000100000001000000010000000100000001000000010000000100000001000000010000000100000001000000010000000100000001000000010000000100000001000000010000000100000001000000010000000100000001000000010000000100000001000000010000000100000001000000010000000100000001000000010000000100000001000000010000000100000001000000010111000000000001000000010110011000000001000000010000000100000001000000010000000100000001000000010000000100000001000000010110011000000001000000010111000100000001000000010000000100000001000000010000000100000001000000010000000100000001000000010000000100000001000000010000000100000001000000010000000100000001000000010000000100000001000000010000000100000001000000010000000100000001000000010000000100000001000000010000000100000001000000010000000100000001000000010000000100000001000000010000000100000001000000010000000100000000000000010000000100000001000000010000000100000001000000010000000100000001000000010000000100000001000000010000000100000001000000010000000100000001000000010000000100000001000000010000000100000001000000010000000100000001000000010000000100000001000000010000000101110110000000010000000101111111000000010000000100000001000000010000000100000001000000010000000101100101000000010000000101011101000000010000000101110111000000010000000100000001000000010000000101101101000000010000000101101101000000010000000101101101000000010000000101111010000000010000000100000001000000010000000100000001000000010000000101111101000000010000000101111101000000010000000100000001000000010000000100000001000000010000000100000001000000010000000100000001000000010000000100000001000000010000000100000001000000010000000100000001000000010000000100000001000000010000000100000001000000010000000100000001000000010000000100000001000000010000000100000001000000010000000100000001000000010000000100000001000000010000000100000001000000010000000100000001000000010000000100000001000000010000000100000001000000010000000100000001000000010000000100000001000000010000000100000001000000010000000100000001000000010000000100000001000000010000000100000001000000010000000100000001000000010000000100000001000000010000000100000001000000010000000100000001000000010000000100000001000000010000000100000001000000010000000100000001000000010000000100000001000000010000000100000001000000010000000100000001000000010000000100000001000000010000000100000001000000010000000100000001000000010000000100000001000000010000000100000001000000010000000100000001000000010000000100000001000000010000000100000001000000010000000100000001000000010000000100000001000000010000000100000001000000010000000100000001000000010000000100000001000000010000000100000001000000010000000100000001000000010000000100000001000000010000000100000001000000010000000100000001000000010000000100000001000000010000000100000001000000010000000100000001000000010000000100000001000000010000000100000001000000010000000100000001000000010000000100000001000000010000000100000001000000010000000100000001000000010000000100000001000000010000000100000001000000010000000100000001000000010000000100000001000000010000000100000001000000010000000100000001000000010000000100000001000000010000000100000001000000010000000100000001000000010000000100000001000000010000000100000001000000010000000100000001000000010000000100000001000000010000000100000001000000010000000100000001000000010000000100000001000000010000000100000001000000010000000100000001000000010000000100000001000000010000000100000001000000010000000100000001000000010000000100000001000000010000000100000001000000010000000100000001000000010000000100000001000000010000000100000001000000010000000100000001000000010000000100000001000000010000000100000001000000010000000100000001000000010000000100000001000000010000000100000001000000010000000100000001000000010000000100000001000000010000000100000001000000010000000100000001000000010000000100000001000000010000000100000001000000010000000100000001000000010000000100000001000000010000000100000001000000010000000100000001000000010000000100000001000000010000000100000001000000010000000100000001000000010000000100000001000000010000000100000001000000010000000100000001000000010000000100000001000000010000000100000001000000010000000100000001000000010000000100000001000000010000000100000001000000010000000100000001000000010000000100000001000000010000000100000001000000010000000100000001011110110000000100000001000000010000000100000001000000010000000100000001000000010000000100000001000000010000000100000001000000010000000100000001000000010000000100000001000000010000000100000001000000010000000100000001000000010000000100000001000000010000000100000001000000010000000100000001000000010000000100000001000000010000000100000001000000010000000100000001000000010000000100000001000000010000000100000001000000010000000100000001000000010000000100000001000000010000000100000001000000010000000100000001000000010000000100000001000000010000000100000001000000010000000100000001000000010000000100000001000000010000000100000001000000010000000100000001000000010000000100000001000000010000000100000001000000010000000100000001000000010000000100000001000000010000000100000001000000010000000100000001000000010000000100000001000000010000000100000001000000010000000100000001000000010000000100000001000000010000000100000001000000010000000100000001000000010000000100000001000000010000000100000001000000010000000100000001000000010000000100000001000000010000000100000001000000010000000100000001000000010000000100000001000000010000000100000001000000010000000100000001000000010000000100000001000000010000000100000001000000010000000100000001000000010000000100000001000000010000000100000001000000010000000100000001000000010000000100000001000000010000000100000001000000010000000100000001000000010000000100000001000000010000000100000001000000010000000100000001000000010000000100000001000000010000000100000001000000010000000100000001011111000000000100000001011110110000000100000001011011010000000100000001000000010000000100000001000000010000000100000001000000010000000100000001000000010000000100000001000000010000000100000001000000010000000100000001000000010000000100000001000000010000000100000001000000010000000100000001000000010000000100000001000000010000000100000001000000010000000100000001000000010000000100000001000000010000000100000001000000010000000100000001000000010000000100000001000000010000000100000001000000010000000100000001000000010000000100000001000000010000000100000001000000010000000100000001000000010000000100000001000000010000000100000001000000010000000100000001000000010000000100000001000000010000000100000001000000010000000100000001000000010000000100000001000000010000000100000001000000010000000100000001000000010000000100000001000000010000000100000001000000010000000100000001000000010000000100000001000000010000000100000001000000010000000100000001000000010000000100000001000000010000000100000001000000010000000100000001000000010000000100000001000000010000000100000001000000010000000100000001011110100000000100000001010111000000000100000001011101010000000100000001000000010000000100000001000000010000000100000001000000010000000100000001000000010000000100000001000000010000000100000001000000010000000100000001000000010000000100000001000000010000000100000001000000010000000100000001000000010000000100000001000000010000000100000001000000010000000100000001000000010000000100000001000000010000000100000001000000010000000100000001000000010000000100000001000000010000000100000001000000010000000100000001000000010000000100000001000000010000000100000001000000010000000100000001000000010000000100000001000000010000000100000001000000010000000100000001000000010000000100000001000000010000000100000001000000010000000100000001000000010000000100000001000000010000000100000001000000010000000100000001000000010000000100000001000000010000000100000001000000010000000100000001000000010000000100000001000000010000000100000001000000010000000100000001000000010000000100000001000000010000000100000001000000010000000100000001000000010000000100000001000000010000000100000001000000010000000100000001000000010000000100000001000000010000000100000001000000010000000100000001000000010000000100000001000000010000000100000001000000010000000100000001000000010000000100000001000000010000000100000001000000010000000100000001000000010000000100000001000000010000000100000001000000010000000100000001000000010000000100000001000000010000000100000001000000010000000100000001000000010000000100000001000000010000000100000001000000010000000100000001000000010000000100000001000000010000000100000001000000010000000100000001000000010000000100000001000000010000000100000001000000010000000100000001000000010000000100000001000000010000000100000001000000010000000100000001000000010000000100000001000000010000000100000001000000010000000100000001000000010000000100000001000000010000000100000001000000010000000100000001000000010000000100000001000000010000000100000001000000010000000100000001000000010000000100000001000000010000000100000001000000010000000100000001000000010000000100000001000000010000000100000001000000010000000100000001000000010000000100000001000000010000000100000001000000010000000100000001000000010000000100000001000000010000000100000001000000010000000100000001000000010000000100000001000000010000000100000001000000010000000100000001000000010000000100000001000000010000000100000001000000010000000100000001000000010000000100000001000000010000000100000001000000010000000100000001000000010000000100000001000000010000000100000001000000010000000100000001000000010000000100000001000000010000000100000001000000010000000101101000000000010000000101100100000000010000000101100011000000010000000101111010000000010000000101110011000000010000000101100010000000010000000101101101000000010000000100000001000000010000000100000001000000010000000100000001000000010000000101110110000000010000000101111110000000010000000100000001000000010000000100000001000000010000000100000001000000010000000100000001000000010000000100000001000000010000000100000001000000010000000100000001000000010000000100000001000000010000000100000001000000010000000100000001000000000000000100000001000000010000000100000001000000010000000100000001000000010000000100000001000000010000000100000001000000010000000100000001000000010000000100000001000000010000000100000001000000010000000100000001000000010000000100000001000000010000000100000001011111000000000100000001000000010000000100000001000000010000000100000001000000010000000100000001011011010000000100000001011001000000000100000001011110000000000100000001000000010000000100000001011011000000000100000001011011000000000100000001011011010000000100000001011111010000000100000001000000010000000100000001000000010000000100000001000000010000000100000001000000010000000100000001000000010000000100000001000000010000000100000001000000010000000100000001000000010000000100000001000000010000000100000001000000010000000100000001000000010000000100000001000000010000000100000001000000010000000100000001000000010000000100000001000000010000000100000001000000010000000100000001000000010000000100000001000000010000000100000001000000010000000100000001000000010000000100000001000000010000000100000001000000010000000100000001000000010000000100000001000000010000000100000001000000010000000100000001000000010000000100000001000000010000000100000001000000010000000100000001000000010000000100000001000000010000000100000001000000010000000100000001000000010000000100000001000000010000000100000001000000010000000100000001000000010000000100000001000000010000000100000001000000010000000100000001000000010000000100000001000000010000000100000001000000010000000100000001000000010000000100000001000000010000000100000001000000010000000100000001000000010000000100000001000000010000000100000001000000010000000100000001000000010000000100000001000000010000000100000001000000010000000100000001000000010000000100000001000000010000000100000001000000010000000100000001000000010000000100000001000000010000000100000001000000010000000100000001000000010000000100000001000000010000000100000001000000010000000100000001000000010000000100000001000000010000000100000001000000010000000100000001000000010000000100000001000000010000000100000001000000010000000100000001000000010000000100000001000000010000000100000001000000010000000100000001000000010000000100000001000000010000000100000001000000010000000100000001000000010000000100000001000000010000000100000001000000010000000100000001000000010000000100000001000000010000000100000001000000010000000100000001000000010000000100000001000000010000000100000001000000010000000100000001000000010000000100000001000000010000000100000001000000010000000100000001000000010000000100000001000000010000000100000001000000010000000100000001000000010000000100000001000000010000000100000001000000010000000100000001000000010000000100000001000000010000000100000001000000010000000100000001000000010000000100000001000000010000000100000001000000010000000100000001000000010000000100000001000000010000000100000001000000010000000100000001000000010000000100000001000000010000000100000001000000010000000100000001000000010000000100000001000000010000000100000001000000010000000100000001000000010000000100000001000000010000000100000001000000010000000100000001000000010000000100000001000000010000000100000001000000010000000100000001000000010000000100000001000000010000000100000001000000010000000100000001000000010000000100000001000000010000000100000001000000010000000100000001000000010000000100000001000000010110100000000001000000010111101100000001000000010000000100000001000000010111010100000001000000010000000100000001000000010000000100000001000000010000000100000001000000010000000100000001000000010000000100000001000000010000000100000001000000010000000100000001000000010000000100000001000000010000000100000001000000010000000100000001000000010000000100000001000000010000000100000001000000010000000100000001000000010000000100000001000000010000000100000001000000010000000100000001000000010000000100000001000000010000000100000001000000010000000100000001000000010000000100000001000000010000000100000001000000010000000100000001000000010000000100000001000000010000000100000001000000010000000100000001000000010000000100000001000000010000000100000001000000010000000100000001000000010000000100000001000000010000000100000001000000010000000100000001000000010000000100000001000000010000000100000001000000010000000100000001000000010000000100000001000000010000000100000001000000010000000100000001000000010000000100000001000000010000000100000001000000010000000100000001000000010000000100000001000000010000000100000001000000010000000100000001000000010000000100000001000000010000000100000001000000010000000100000001000000010111111000000001000000010000000100000001000000010000000100000001000000010000000100000001000000010000000100000001000000010000000100000001000000010000000100000001000000010000000100000001000000010000000100000001000000010000000100000001000000010000000100000001000000010000000100000001000000010000000100000001000000010000000100000001000000010000000100000001000000010000000100000001000000010111111100000001000000010110010100000001000000010110101100000001000000010111101000000001000000010000000100000001000000010000000100000001000000010000000100000001000000010000000100000001000000010000000100000001000000010000000100000001000000010000000100000001000000010000000100000001000000010000000100000001000000010000000100000001000000010000000100000001000000010000000100000001000000010000000100000001000000010000000100000001000000010000000100000001000000010000000100000001000000010000000100000001000000010000000100000001000000010000000100000001000000010000000100000001000000010000000100000001000000010000000100000001000000010000000100000001000000010000000100000001000000010000000100000001000000010000000100000001000000010000000100000001000000010000000100000001000000010000000100000001000000010000000100000001000000010000000100000001000000010000000100000001000000010000000100000001000000010000000100000001000000010000000100000001000000010000000100000001000000010000000100000001000000010000000100000001000000010000000100000001000000010000000100000001000000010000000100000001000000010000000100000001000000010000000100000001000000010000000100000001000000010000000100000001000000010110011000000001000000010111010100000001000000010000000100000001000000010000000100000001000000010000000100000001000000010000000100000001000000010000000100000001000000010000000100000001000000010000000100000001000000010000000100000001000000010000000100000001000000010000000100000001000000010000000100000001000000010000000100000001000000010000000100000001000000010000000100000001000000010000000100000001000000010000000100000001000000010000000100000001000000010000000100000001000000010000000100000001000000010000000100000001000000010000000100000001000000010000000100000001000000010000000100000001000000010000000100000001000000010000000100000001000000010000000100000001000000010000000100000001000000010000000100000001000000010000000100000001000000010000000100000001000000010000000100000001000000010000000100000001000000010000000100000001000000010000000100000001000000010000000100000001000000010000000100000001000000010000000100000001000000010000000100000001000000010000000100000001000000010000000100000001000000010000000100000001000000010000000100000001000000010000000100000001000000010000000100000001000000010000000100000001000000010000000100000001000000010000000100000001000000010000000100000001000000010000000100000001000000010000000100000001000000010000000100000001000000010000000100000001000000010000000100000001000000010000000100000001000000010000000100000001000000010000000100000001000000010000000100000001000000010000000100000001000000010000000100000001000000010000000100000001000000010000000100000001000000010000000100000001000000010000000100000001000000010000000100000001000000010000000100000001000000010000000100000001000000010000000100000001000000010000000100000001000000010000000100000001000000010000000100000001000000010000000100000001000000010000000100000001000000010000000100000001000000010000000100000001000000010000000100000001000000010000000100000001000000010000000100000001000000010000000100000001000000010000000100000001000000010000000100000001000000010000000100000001000000010000000100000001000000010000000100000001000000010000000100000001000000010000000100000001000000010000000100000001000000010000000100000001000000010000000100000001000000010000000100000001000000010000000100000001000000010000000100000001000000010000000100000001000000010000000100000001000000010000000100000001000000010000000100000001000000010000000100000001000000010000000100000001000000010000000100000001000000010000000100000001000000010000000100000001000000010000000100000001000000010000000100000001000000010000000100000001000000010000000100000001011011010000000100000001011010110000000100000001011001100000000100000001011111010000000100000001011110010000000100000001011010000000000100000001011101000000000100000001000000010000000100000001000000010000000100000001000000010000000100000001011100110000000100000001011110110000000100000001000000010000000100000001000000010000000100000001000000010000000100000001000000010000000100000001000000010000000100000001000000010000000100000001000000010000000100000001000000010000000100000001000000010000000100000001000000010000000000000001000000010000000100000001000000010000000100000001000000010000000100000001000000010000000100000001000000010000000100000001000000010000000100000001000000010000000100000001000000010000000100000001000000010000000100000001000000010000000100000001000000010000000100000001000000010000000100000001000000010000000100000001000000010000000100000001000000010000000100000001000000010111100100000001000000010000000100000001000000010000000100000001000000010000000100000001000000010110101000000001000000010111001000000001000000010000000100000001000000010000000100000001000000010000000100000001000000010000000100000001000000010000000100000001000000010000000100000001000000010000000100000001000000010000000100000001000000010000000100000001000000010000000100000001000000010000000100000001000000010000000100000001000000010000000100000001000000010000000100000001000000010000000100000001000000010000000100000001000000010000000100000001000000010000000100000001000000010000000100000001000000010000000100000001000000010000000100000001000000010000000100000001000000010000000100000001000000010000000100000001000000010000000100000001000000010000000100000001000000010000000100000001000000010000000100000001000000010000000100000001000000010000000100000001000000010000000100000001000000010000000100000001000000010000000100000001000000010000000100000001000000010000000100000001000000010000000100000001000000010000000100000001000000010000000100000001000000010000000100000001000000010000000100000001000000010000000100000001000000010000000100000001000000010000000100000001000000010000000100000001000000010000000100000001000000010000000100000001000000010000000100000001000000010000000100000001000000010000000100000001000000010000000100000001000000010000000100000001000000010000000100000001000000010000000100000001000000010000000100000001000000010000000100000001000000010000000100000001000000010000000100000001000000010000000100000001000000010000000100000001000000010000000100000001000000010000000100000001000000010000000100000001000000010000000100000001000000010000000100000001000000010000000100000001000000010000000100000001000000010000000100000001000000010000000100000001000000010000000100000001000000010000000100000001000000010000000100000001000000010000000100000001000000010000000100000001000000010000000100000001000000010000000100000001000000010000000100000001000000010000000100000001000000010000000100000001000000010000000100000001000000010000000100000001000000010000000100000001000000010000000100000001000000010000000100000001000000010000000100000001000000010000000100000001000000010000000100000001000000010000000100000001000000010000000100000001000000010000000100000001000000010000000100000001000000010000000100000001000000010000000100000001000000010000000100000001000000010000000100000001000000010000000100000001000000010000000100000001000000010000000100000001000000010000000100000001000000010000000100000001000000010000000100000001000000010000000100000001000000010000000100000001000000010000000100000001000000010000000100000001000000010000000100000001000000010000000100000001000000010000000100000001000000010000000100000001000000010000000100000001000000010000000100000001000000010000000100000001000000010000000100000001000000010000000100000001000000010000000100000001000000010000000100000001000000010000000100000001000000010000000101110100000000010000000101111100000000010000000100000001000000010000000100000001000000010000000100000001000000010000000100000001000000010000000100000001000000010000000100000001000000010000000100000001000000010000000100000001000000010000000100000001000000010000000100000001000000010000000100000001000000010000000100000001000000010000000100000001000000010000000100000001000000010000000100000001000000010000000100000001000000010000000100000001000000010000000100000001000000010000000100000001000000010000000100000001000000010000000100000001000000010000000100000001000000010000000100000001000000010000000100000001000000010000000100000001000000010000000100000001000000010000000100000001000000010000000100000001000000010000000100000001000000010000000100000001000000010000000100000001000000010000000100000001000000010000000100000001000000010000000100000001000000010000000100000001000000010000000100000001000000010000000100000001000000010000000100000001000000010000000100000001000000010000000100000001000000010000000100000001000000010000000100000001000000010000000100000001000000010000000100000001000000010000000100000001000000010000000100000001000000010000000100000001000000010000000100000001000000010000000100000001000000010000000100000001000000010000000101101101000000010000000101111111000000010000000100000001000000010000000100000001000000010000000100000001000000010000000100000001000000010000000100000001000000010000000100000001000000010000000100000001000000010000000100000001000000010000000100000001000000010000000100000001000000010000000100000001000000010000000100000001000000010000000100000001000000010000000100000001000000010000000100000001000000010000000101111011000000010000000100000001000000010000000100000001000000010000000100000001000000010000000100000001000000010000000100000001000000010000000100000001000000010000000100000001000000010000000100000001000000010000000100000001000000010000000100000001000000010000000100000001000000010000000100000001000000010000000100000001000000010000000100000001000000010000000100000001000000010000000100000001000000010000000100000001000000010000000100000001000000010000000100000001000000010000000100000001000000010000000100000001000000010000000100000001000000010000000100000001000000010000000100000001000000010000000100000001000000010000000100000001000000010000000100000001000000010000000100000001000000010000000100000001000000010000000100000001000000010000000100000001000000010000000100000001000000010000000100000001000000010000000100000001000000010000000100000001000000010000000100000001000000010000000100000001000000010000000100000001000000010000000100000001000000010000000100000001000000010000000100000001000000010000000100000001000000010000000100000001000000010000000100000001000000010000000100000001000000010000000101111101000000010000000101110010000000010000000101011111000000010000000101111011000000010000000100000001000000010000000100000001000000010000000100000001000000010000000100000001000000010000000100000001000000010000000100000001000000010000000100000001000000010000000100000001000000010000000100000001000000010000000100000001000000010000000100000001000000010000000100000001000000010000000100000001000000010000000100000001000000010000000100000001000000010000000100000001000000010000000100000001000000010000000100000001000000010000000100000001000000010000000100000001000000010000000100000001000000010000000100000001000000010000000100000001000000010000000100000001000000010000000100000001000000010000000100000001000000010000000100000001000000010000000100000001000000010000000100000001000000010000000100000001000000010000000100000001000000010000000100000001000000010000000100000001000000010000000100000001000000010000000100000001000000010000000100000001000000010000000100000001000000010000000100000001000000010000000100000001000000010000000100000001000000010000000100000001000000010000000100000001000000010000000100000001000000010000000100000001000000010000000100000001000000010000000100000001000000010000000100000001000000010000000100000001000000010000000100000001000000010000000100000001000000010000000100000001000000010000000100000001000000010000000100000001000000010000000100000001000000010000000100000001000000010000000100000001000000010000000100000001000000010000000100000001000000010000000100000001000000010000000100000001000000010000000100000001000000010000000100000001000000010000000100000001000000010000000100000001000000010000000100000001000000010000000100000001000000010000000100000001000000010000000100000001000000010000000100000001000000010000000100000001000000010000000100000001000000010000000100000001000000010000000100000001000000010000000100000001000000010000000100000001000000010000000100000001000000010000000100000001000000010000000100000001000000010000000100000001000000010000000100000001000000010000000100000001000000010000000100000001000000010000000100000001000000010000000100000001000000010000000100000001000000010000000100000001000000010000000100000001000000010000000100000001000000010000000100000001000000010000000100000001000000010000000100000001000000010000000100000001000000010000000100000001000000010000000100000001000000010000000100000001000000010000000100000001000000010000000100000001000000010000000100000001000000010000000100000001000000010000000100000001000000010000000100000001000000010000000100000001000000010000000100000001000000010111100000000001000000010111000100000001000000010000000100000001000000010000000100000001000000010000000100000001000000010111001000000001000000010111110100000001000000010000000100000001000000010000000100000001000000010000000100000001000000010000000100000001000000010000000100000001000000010000000100000001000000010000000100000001000000010000000100000001000000010000000100000001000000010000000100000001000000010000000100000001000000010000000100000001000000010000000100000001000000010000000100000001000000010000000100000000000000010000000100000001000000010000000100000001000000010000000100000001000000010000000100000001000000010000000100000001000000010000000100000001000000010000000100000001000000010000000100000001000000010000000100000001000000010000000100000001000000010000000100000001000000010000000100000001000000010000000100000001000000010000000100000001000000010000000100000001000000010000000100000001000000010000000100000001000000010000000100000001000000010000000100000001000000010000000100000001000000010000000100000001000000010000000100000001000000010000000100000001000000010000000100000001000000010000000100000001000000010000000100000001000000010000000100000001000000010000000100000001000000010000000100000001000000010000000100000001000000010000000100000001000000010000000100000001000000010000000100000001000000010000000100000001000000010000000100000001000000010000000100000001000000010000000100000001000000010000000100000001000000010000000100000001000000010000000100000001000000010000000100000001000000010000000100000001000000010000000100000001000000010000000100000001000000010000000100000001000000010000000100000001000000010000000100000001000000010000000100000001000000010000000100000001000000010000000100000001000000010000000100000001000000010000000100000001000000010000000100000001000000010000000100000001000000010000000100000001000000010000000100000001000000010000000100000001000000010000000100000001000000010000000100000001000000010000000100000001000000010000000100000001000000010000000100000001000000010000000100000001000000010000000100000001000000010000000100000001000000010000000100000001000000010000000100000001000000010000000100000001000000010000000100000001000000010000000100000001000000010000000100000001000000010000000100000001000000010000000100000001000000010000000100000001000000010000000100000001000000010000000100000001000000010000000100000001000000010000000100000001000000010000000100000001000000010000000100000001000000010000000100000001000000010000000100000001000000010000000100000001000000010000000100000001000000010000000100000001000000010000000100000001000000010000000100000001000000010000000100000001000000010000000100000001000000010000000100000001000000010000000100000001000000010000000100000001000000010000000100000001000000010000000100000001000000010000000100000001000000010000000100000001000000010000000100000001000000010000000100000001000000010000000100000001000000010000000100000001000000010000000100000001000000010000000100000001000000010000000100000001000000010000000100000001000000010000000100000001000000010000000100000001000000010000000100000001000000010000000100000001000000010000000100000001000000010000000100000001000000010000000100000001000000010000000100000001000000010000000101111001000000010000000101100010000000010111010001001010000000010110100100111100011111010110010100110111011111000110001000110011011110100110000100101111011110100110000100101111000000010111101001001011000000010000000101100000000000010000000100000001000000010000000100000001000000010000000100000001000000010000000100000001000000010000000100000001000000010000000100000001000000010000000100000001000000010000000100000001000000010000000100000001000000010000000100000001000000010000000100000001000000010000000100000001000000010000000100000001000000010000000100000001000000010000000100000001011001000000000100000001011001010000000100000001011100110000000100000001011111110000000100000001000000010000000100000001000000010000000100000001000000010000000100000001000000010000000100000001000000010000000100000001000000010000000100000001000000010000000100000001000000010000000100000001000000010000000100000001000000010000000100000001000000010000000100000001000000010000000100000001000000010000000100000001000000010000000100000001000000010000000100000001000000010000000100000001000000010000000100000001000000010000000100000001000000010000000100000001000000010000000100000001000000010000000100000001000000010000000100000001000000010000000100000001000000010000000100000001000000010000000100000001000000010000000100000001000000010000000100000001000000010000000100000001000000010000000100000001000000010000000100000001000000010000000100000001000000010000000100000001000000010000000100000001000000010000000100000001000000010000000100000001000000010000000100000001000000010000000100000001000000010000000100000001000000010000000100000001000000010000000100000001000000010000000100000001000000010000000100000001000000010000000100000001000000010000000100000001000000010000000100000001000000010000000100000001000000010000000100000001000000010000000100000001000000010000000100000001011111100000000100000001011011010000000100000001000000010000000100000001000000010000000100000001000000010000000100000001000000010000000100000001000000010000000100000001000000010000000100000001000000010000000100000001000000010000000100000001000000010000000100000001000000010000000100000001000000010000000100000001011011010000000100000001000000010000000100000001000000010000000100000001011000100000000100000001000000010000000100000001000000010000000100000001000000010000000100000001000000010000000100000001000000010000000100000001000000010000000100000001000000010000000100000001000000010000000100000001000000010000000100000001000000010000000100000001000000010000000100000001000000010000000100000001000000010000000100000001000000010000000100000001000000010000000100000001000000010000000100000001000000010000000100000001000000010000000100000001000000010000000100000001000000010000000100000001000000010000000100000001000000010000000100000001000000010000000100000001000000010000000100000001000000010000000100000001000000010000000100000001000000010000000100000001000000010000000100000001000000010000000100000001000000010000000100000001000000010000000100000001000000010000000100000001000000010000000100000001000000010000000100000001000000010000000100000001000000010000000100000001000000010000000100000001000000010000000100000001000000010000000100000001000000010000000100000001000000010000000100000001000000010000000100000001000000010000000100000001000000010000000100000001000000010000000100000001000000010000000100000001000000010000000100000001011010110000000100000001011000100000000100000001011100110000000100000001011111100000000100000001000000010000000100000001000000010000000100000001000000010000000100000001000000010000000100000001000000010000000100000001000000010000000100000001000000010000000100000001000000010000000100000001000000010000000100000001000000010000000100000001000000010000000100000001000000010000000100000001000000010000000100000001000000010000000100000001000000010000000100000001000000010000000100000001000000010000000100000001000000010000000100000001000000010000000100000001000000010000000100000001000000010000000100000001000000010000000100000001000000010000000100000001000000010000000100000001000000010000000100000001000000010000000100000001000000010000000100000001000000010000000100000001000000010000000100000001000000010000000100000001000000010000000100000001000000010000000100000001000000010000000100000001000000010000000100000001000000010000000100000001000000010000000100000001000000010000000100000001000000010000000100000001000000010000000100000001000000010000000100000001000000010000000100000001000000010000000100000001000000010000000100000001000000010000000100000001000000010000000100000001000000010000000100000001000000010000000100000001000000010000000100000001000000010000000100000001000000010000000100000001000000010000000100000001000000010000000100000001000000010000000100000001000000010000000100000001000000010000000100000001000000010000000100000001000000010000000100000001000000010000000100000001000000010000000100000001000000010000000100000001000000010000000100000001000000010000000100000001000000010000000100000001000000010000000100000001000000010000000100000001000000010000000100000001000000010000000100000001000000010000000100000001000000010000000100000001000000010000000100000001000000010000000100000001000000010000000100000001000000010000000100000001000000010000000100000001000000010000000100000001000000010000000100000001000000010000000100000001000000010000000100000001000000010000000100000001000000010000000100000001000000010000000100000001000000010000000100000001000000010000000100000001000000010000000100000001000000010000000100000001000000010000000100000001000000010000000100000001000000010000000100000001000000010000000100000001000000010000000100000001000000010000000100000001000000010000000100000001000000010000000100000001000000010000000100000001000000010000000100000001000000010000000100000001000000010000000100000001000000010000000100000001000000010000000100000001000000010000000100000001000000010000000100000001000000010000000100000001000000010000000100000001000000010000000100000001000000010000000100000001000000010000000100000001000000010000000100000001000000010000000100000001000000010000000100000001000000010000000100000001000000010000000100000001000000010000000100000001000000010000000100000001000000010000000100000001000000010000000100000001000000010000000100000001000000010000000100000001000000010000000100000001000000010000000100000001000000010000000100000001000000010000000100000001000000010000000100000001000000010000000100000001000000000000000100000001000000010000000100000001000000010000000100000001000000010000000100000001000000010000000100000001000000010000000100000001000000010000000100000001000000010000000100000001000000010000000100000001000000010000000100000001000000010000000100000001000000010000000100000001000000010000000100000001000000010000000100000001000000010000000100000001000000010000000100000001011101010000000100000001000000010000000100000001000000010000000100000001000000010000000100000001011100100000000100000001011101110000000100000001000000010000000100000001000000010000000100000001000000010000000100000001000000010000000100000001000000010000000100000001000000010000000100000001000000010000000100000001000000010000000100000001000000010000000100000001000000010000000100000001000000010000000100000001000000010000000100000001000000010000000100000001000000010000000100000001000000010000000100000001000000010000000100000001000000010000000100000001000000010000000100000001000000010000000100000001000000010000000100000001000000010000000100000001000000010000000100000001000000010000000100000001000000010000000100000001000000010000000100000001000000010000000100000001000000010000000100000001000000010000000100000001000000010000000100000001000000010000000100000001000000010000000100000001000000010000000100000001000000010000000100000001000000010000000100000001000000010000000100000001000000010000000100000001000000010000000100000001000000010000000100000001000000010000000100000001000000010000000100000001000000010000000100000001000000010000000100000001000000010000000100000001000000010000000100000001000000010000000100000001000000010000000100000001000000010000000100000001000000010000000100000001000000010000000100000001000000010000000100000001000000010000000100000001000000010000000100000001000000010000000100000001000000010000000100000001000000010000000100000001000000010000000100000001000000010000000100000001000000010000000100000001000000010000000100000001000000010000000100000001000000010000000100000001000000010000000100000001000000010000000100000001000000010000000100000001000000010000000100000001000000010000000100000001000000010000000100000001000000010000000100000001000000010000000100000001000000010000000100000001000000010000000100000001000000010000000100000001000000010000000100000001000000010000000100000001000000010000000100000001000000010000000100000001000000010000000100000001000000010000000100000001000000010000000100000001000000010000000100000001000000010000000100000001000000010000000100000001000000010000000100000001000000010000000100000001000000010000000100000001000000010000000100000001000000010000000100000001000000010000000101111101010100010111100101011111001100000111101001011101001010100111110001011100001001110111100001010101000111010111010101010000000101100111100001010011000101110111110001010101000101110111111001010101000101100111111001010110000101010000000101011000000101110111111001010101000101100111101001010101000110010111011001010011000110110110111101001111000110100111000101010011001001000000000101110001010001010000000100000001000000010000000100000001000000010000000100000001000000010000000100000001000000010000000100000001000000010000000100000001000000010000000100000001000000010000000100000001000000010000000100000001000000010000000100000001000000010111111000000001000000010111011100000001000000010110010100000001000000010110011000000001000000010111101100000001000000010000000100000001000000010000000100000001000000010000000100000001000000010000000100000001000000010000000100000001000000010000000100000001000000010000000100000001000000010000000100000001000000010000000100000001000000010000000100000001000000010000000100000001000000010000000100000001000000010000000100000001000000010000000100000001000000010000000100000001000000010000000100000001000000010000000100000001000000010000000100000001000000010000000100000001000000010000000100000001000000010000000100000001000000010000000100000001000000010000000100000001000000010000000100000001000000010000000100000001000000010111111100000001000000010111111000000001000000010000000100000001000000010000000100000001000000010000000100000001000000010000000100000001000000010000000100000001000000010000000100000001000000010000000100000001000000010000000100000001000000010000000100000001000000010000000100000001000000010000000100000001000000010000000100000001000000010000000100000001000000010000000100000001000000010000000100000001000000010000000100000001000000010000000100000001000000010000000100000001000000010000000100000001000000010000000100000001000000010000000100000001000000010000000100000001000000010000000100000001000000010111001000000001000000010000000100000001000000010000000100000001000000010000000100000001000000010000000100000001000000010000000100000001000000010000000100000001000000010000000100000001000000010000000100000001000000010000000100000001000000010000000100000001000000010110110000000001000000010110111100000001000000010000000100000001000000010000000100000001000000010000000100000001000000010000000100000001000000010000000100000001000000010000000100000001000000010000000100000001000000010000000100000001000000010000000100000001000000010000000100000001000000010000000100000001000000010000000100000001000000010000000100000001000000010000000100000001000000010000000100000001000000010000000100000001000000010000000100000001000000010000000100000001000000010000000100000001000000010000000100000001000000010000000100000001000000010000000100000001000000010000000100000001000000010000000100000001000000010000000100000001000000010000000100000001000000010000000100000001000000010000000100000001000000010000000100000001000000010000000100000001000000010000000100000001000000010000000100000001000000010000000100000001000000010000000100000001000000010000000100000001000000010000000100000001000000010000000100000001000000010000000100000001000000010000000100000001000000010000000100000001000000010000000100000001000000010000000100000001000000010000000100000001000000010000000100000001000000010000000100000001000000010000000100000001000000010000000100000001000000010000000100000001000000010000000100000001000000010000000100000001000000010000000100000001000000010110001100000001000000010000000100000001000000010000000100000001000000010111111000000001000000010000000100000001000000010000000100000001000000010000000100000001000000010000000100000001000000010000000100000001000000010000000100000001000000010000000100000001000000010000000100000001000000010000000100000001000000010000000100000001000000010000000100000001000000010000000100000001000000010000000100000001000000010000000100000001000000010000000100000001000000010000000100000001000000010000000100000001000000010000000100000001000000010000000100000001000000010000000100000001000000010000000100000001000000010000000100000001000000010000000100000001000000010000000100000001000000010000000100000001000000010000000100000001000000010000000100000001000000010000000100000001000000010000000100000001000000010000000100000001000000010000000100000001000000010000000100000001000000010000000100000001000000010000000100000001000000010000000100000001000000010000000100000001000000010000000100000001000000010000000100000001000000010000000100000001000000010000000100000001000000010000000100000001000000010000000100000001000000010000000100000001000000010000000100000001000000010000000100000001000000010000000100000001000000010000000100000001000000010000000100000001000000010000000100000001000000010000000100000001000000010000000100000001000000010000000100000001000000010000000100000001000000010000000100000001000000010000000100000001000000010000000100000001000000010000000100000001000000010000000100000001000000010000000100000001000000010000000100000001000000010000000100000001000000010000000100000001000000010000000100000001000000010000000100000001000000010000000100000001000000010000000100000001000000010000000100000001000000010000000100000001000000010000000100000001000000010000000100000001000000010000000100000001000000010000000100000001000000010000000100000001000000010000000100000001000000010000000100000001000000010000000100000001000000010000000100000001000000010000000100000001000000010000000100000001000000010000000100000001000000010000000100000001000000010000000100000001000000010000000100000001000000010000000100000001000000010000000100000001000000010000000100000001000000010000000100000001000000010000000100000001000000010000000100000001000000010000000100000001000000010000000100000001000000010000000100000001000000010000000100000001000000010000000100000001000000010000000100000001000000010000000100000001000000010000000100000001000000010000000100000001000000010000000100000001000000010000000100000001000000010000000100000001011110110000000100000001011101100000000100000001000000010000000100000001000000010000000100000001000000010000000100000001011101010000000100000001011111100000000100000001000000010000000100000001000000010000000100000001000000010000000100000001000000010000000100000001000000010000000100000001000000010000000100000001000000010000000100000001000000010000000100000001000000010000000100000001000000010000000100000001000000010000000100000001000000010000000100000001000000010000000100000001000000010000000100000001000000010000000000000001000000010000000100000001000000010000000100000001000000010000000100000001000000010000000100000001000000010000000100000001000000010000000100000001000000010000000100000001000000010000000100000001000000010000000100000001000000010000000100000001000000010111011000000001000000010111110100000001000000010000000100000001000000010000000100000001000000010101101100000001000000010101101000000001000000010111000100000001000000010000000100000001000000010110011000000001000000010110001100000001000000010110001000000001000000010111010000000001000000010000000100000001000000010000000100000001000000010111101000000001000000010111110100000001000000010000000100000001000000010000000100000001000000010000000100000001000000010000000100000001000000010000000100000001000000010000000100000001000000010000000100000001000000010000000100000001000000010000000100000001000000010000000100000001000000010000000100000001000000010000000100000001000000010000000100000001000000010000000100000001000000010000000100000001000000010000000100000001000000010000000100000001000000010000000100000001000000010000000100000001000000010000000100000001000000010000000100000001000000010000000100000001000000010000000100000001000000010000000100000001000000010000000100000001000000010000000100000001000000010000000100000001000000010000000100000001000000010000000100000001000000010000000100000001000000010000000100000001000000010000000100000001000000010000000100000001000000010000000100000001000000010000000100000001000000010000000100000001000000010000000100000001000000010000000100000001000000010000000100000001000000010000000100000001000000010000000100000001000000010000000100000001000000010000000100000001000000010000000100000001000000010000000100000001000000010000000100000001000000010000000100000001000000010000000100000001000000010000000100000001000000010000000100000001000000010000000100000001000000010000000100000001000000010000000100000001000000010000000100000001000000010000000100000001000000010000000100000001000000010000000100000001000000010000000100000001000000010000000100000001000000010000000100000001000000010000000100000001000000010000000100000001000000010000000100000001000000010000000100000001000000010000000100000001000000010000000100000001000000010000000100000001000000010000000100000001000000010000000100000001000000010000000100000001000000010000000100000001000000010000000100000001000000010000000100000001000000010000000100000001000000010000000100000001000000010000000100000001000000010000000100000001000000010000000100000001000000010000000100000001000000010000000100000001011101100100101001101011010011100001101101101111010011100001011001110111010100110001011101111011010101010001010100000001010110100001100100000001010110010001011000000001010100110000111100000001010100000000100000000001010101010000110000000001010111000001000000000001010110110000111000000001010111000000111100000001011001000001011100000001011000010001010100000001010111000001010100000001010111010001100100000001010101100001011000000001011000010010011001111110010101110010000000000001011000010010110101110011010100010010001100000001011101110100111000000001000000010000000100000001000000010000000100000001000000010000000100000001000000010000000100000001000000010000000100000001000000010000000101110010000000010000000101010111000000010000000101101000000000010000000101100100000000010000000101011011000000010000000100000001000000010000000100000001000000010000000100000001000000010000000100000001000000010000000100000001000000010000000100000001000000010000000100000001000000010000000100000001000000010000000100000001000000010000000100000001000000010000000100000001000000010000000100000001000000010000000100000001000000010000000100000001000000010000000100000001000000010000000100000001000000010000000100000001000000010000000100000001000000010000000100000001000000010000000100000001000000010000000100000001000000010000000100000001000000010000000101111101000000010000000101110111000000010000000101111010000000010000000101110100000000010000000101011111000000010000000101101011000000010000000101111101000000010000000100000001000000010000000101100101000000010000000101011110000000010000000100000001000000010000000100000001000000010000000100000001000000010000000100000001000000010000000100000001000000010000000100000001000000010000000100000001000000010000000100000001000000010000000100000001000000010000000100000001000000010000000100000001000000010000000100000001000000010000000100000001000000010000000100000001000000010000000100000001000000010000000100000001000000010000000100000001000000010000000100000001000000010000000100000001000000010000000101111101000000010000000101110001000000010000000101111000000000010000000100000001000000010000000100000001000000010000000100000001000000010000000100000001000000010000000100000001000000010000000100000001000000010000000101011100000000010000000101111000000000010000000101100101000000010000000101011011000000010000000101111100000000010000000100000001000000010000000100000001000000010000000100000001000000010000000100000001000000010000000100000001000000010000000100000001000000010000000100000001000000010000000100000001000000010000000100000001000000010000000100000001000000010000000100000001000000010000000100000001000000010000000100000001000000010000000100000001000000010000000100000001000000010000000100000001000000010000000101111010000000010000000100000001000000010000000100000001000000010000000100000001000000010000000100000001000000010000000100000001000000010000000100000001000000010000000100000001000000010000000100000001000000010000000101101001000000010000000101111100000000010000000100000001000000010000000100000001000000010000000100000001000000010000000101111101000000010000000100000001000000010000000100000001000000010000000100000001000000010000000100000001000000010000000100000001000000010000000100000001000000010000000100000001000000010000000100000001000000010000000100000001000000010000000100000001000000010000000100000001000000010000000100000001000000010000000100000001000000010000000100000001000000010000000100000001000000010000000100000001000000010000000100000001000000010000000100000001000000010000000100000001000000010000000100000001000000010000000101111001000000010000000101110101000000010000000101111011000000010000000101110011000000010000000101111110000000010000000100000001000000010000000100000001000000010000000100000001000000010000000100000001000000010000000100000001000000010000000100000001000000010000000100000001000000010000000100000001000000010000000100000001000000010000000100000001000000010000000100000001000000010000000100000001000000010000000100000001000000010000000100000001000000010000000100000001000000010000000100000001000000010000000100000001000000010000000100000001000000010000000100000001000000010000000100000001000000010000000100000001000000010000000100000001000000010000000100000001000000010000000100000001000000010000000100000001000000010000000100000001000000010000000100000001000000010000000100000001000000010000000100000001000000010000000100000001000000010000000100000001000000010000000100000001000000010000000100000001000000010000000100000001000000010000000100000001000000010000000100000001000000010000000100000001000000010000000100000001000000010000000100000001000000010000000100000001000000010000000100000001000000010000000100000001000000010000000100000001000000010000000100000001000000010000000100000001000000010000000100000001000000010000000100000001000000010000000100000001000000010000000100000001000000010000000100000001000000010000000100000001000000010000000100000001000000010000000100000001000000010000000100000001000000010000000100000001000000010000000100000001000000010000000100000001000000010000000100000001000000010000000100000001000000010000000100000001000000010000000100000001000000010000000100000001000000010000000100000001000000010000000100000001000000010000000100000001000000010000000100000001000000010000000100000001000000010000000100000001000000010000000100000001000000010000000100000001000000010000000100000001000000010000000100000001000000010000000100000001000000010000000100000001000000010000000100000001000000010000000100000001000000010000000100000001000000010000000100000001000000010000000100000001000000010000000100000001000000010000000100000001000000010000000100000001000000010000000100000001000000010000000100000001000000010000000100000001000000010000000100000001000000010000000100000001000000010000000100000001000000010000000100000001000000010000000100000001000000010000000100000001000000010000000100000001000000010000000100000001000000010000000100000001000000010000000100000001000000010000000100000001000000010000000100000001000000010000000100000001000000010000000100000001000000010111001000000001000000010110110100000001000000010110110000000001000000010000000100000001000000010111100100000001000000010110100000000001000000010111001100000001000000010000000100000001000000010000000100000001000000010000000100000001000000010111110100000001000000010111111000000001000000010000000100000001000000010000000100000001000000010000000100000001000000010000000100000001000000010000000100000001000000010000000100000001000000010000000100000001000000010000000100000001000000010000000100000001000000010000000100000000000000010000000100000001000000010000000100000001000000010000000100000001000000010000000100000001000000010000000100000001000000010000000100000001000000010000000100000001000000010000000100000001000000010000000100000001000000010000000100000001000000010000000101110100000000010000000100000001000000010000000100000001000000010000000100000001000000010000000101100011000000010000000101011010000000010000000101101111000000010000000100000001000000010000000101101000000000010000000101100110000000010000000101100110000000010000000101110110000000010000000100000001000000010000000100000001000000010000000101110110000000010000000100000001000000010000000100000001000000010000000100000001000000010000000100000001000000010000000100000001000000010000000100000001000000010000000100000001000000010000000100000001000000010000000100000001000000010000000100000001000000010000000100000001000000010000000100000001000000010000000100000001000000010000000100000001000000010000000100000001000000010000000100000001000000010000000100000001000000010000000100000001000000010000000100000001000000010000000100000001000000010000000100000001000000010000000100000001000000010000000100000001000000010000000100000001000000010000000100000001000000010000000100000001000000010000000100000001000000010000000100000001000000010000000100000001000000010000000100000001000000010000000100000001000000010000000100000001000000010000000100000001000000010000000100000001000000010000000100000001000000010000000100000001000000010000000100000001000000010000000100000001000000010000000100000001000000010000000100000001000000010000000100000001000000010000000100000001000000010000000100000001000000010000000100000001000000010000000100000001000000010000000100000001000000010000000100000001000000010000000100000001000000010000000100000001000000010000000100000001000000010000000100000001000000010000000100000001000000010000000100000001000000010000000100000001000000010000000100000001000000010000000100000001000000010000000100000001000000010000000100000001000000010000000100000001000000010000000100000001000000010000000100000001000000010000000100000001000000010000000100000001000000010000000100000001000000010000000100000001000000010000000100000001000000010000000100000001000000010000000100000001000000010000000100000001000000010000000100000001000000010000000100000001000000010000000100000001000000010000000100000001000000010000000100000001000000010000000100000001000000010000000100000001000000010000000100000001000000010000000100000001000000010000000100000001000000010111000101000111011000100100011100010101011000100100000100001001000000010101110000011100000000010101111000011001011111110101001000001001000000010101010000001000000000010101110000010000000000010101100000001101000000010101010000001001000000010101001100000100000000010101100000001000000000010101111000001100000000010101110000001011000000010101111000000001011001100001001000000001011000010001000100000001011000100001001100000001010101010000110100000001010110000001001000000001011000110010010000000001010111100010000100000001010111010010010101110011010010010001010001111111010111000010101001111010010111010011000000000001011110010101000000000001000000010000000100000001000000010000000100000001000000010000000100000001000000010000000101010100000000010000000101001111000000010000000101011110000000010000000101100101000000010000000100000001000000010000000100000001000000010000000100000001000000010000000100000001000000010000000100000001000000010000000100000001000000010000000100000001000000010000000100000001000000010000000100000001000000010000000100000001000000010000000100000001000000010000000100000001000000010000000100000001000000010000000100000001000000010000000100000001000000010000000100000001000000010000000100000001000000010000000101111010000000010000000100000001000000010000000100000001000000010000000101111000000000010000000100000001000000010000000101100000000000010000000101110100000000010000000101111001000000010000000101101110000000010000000101011011000000010000000101001100000000010000000101010101000000010000000100000001000000010000000101111010000000010000000101101001000000010000000101011010000000010000000101011010000000010000000101110101000000010000000100000001000000010000000101110011000000010000000101111010000000010000000100000001000000010000000100000001000000010000000100000001000000010000000100000001000000010000000100000001000000010000000100000001000000010000000100000001000000010000000100000001000000010000000100000001000000010000000100000001000000010000000100000001000000010000000100000001000000010000000100000001000000010000000100000001000000010000000100000001000000010000000101100111000000010000000101110110000000010000000101110111000000010000000100000001000000010000000100000001000000010000000100000001000000010000000100000001000000010000000101110011000000010000000101011101000000010000000101100010000000010000000101110111000000010000000101111010000000010000000100000001000000010000000100000001000000010000000100000001000000010000000100000001000000010000000100000001000000010000000100000001000000010000000100000001000000010000000100000001000000010000000100000001000000010000000100000001000000010000000100000001000000010000000100000001000000010000000100000001000000010000000100000001000000010000000100000001000000010000000101110100000000010000000101111111000000010000000100000001000000010000000101110110000000010000000101111011000000010000000100000001000000010000000101100000000000010000000101110101000000010000000101110110000000010000000101110010000000010000000101011101000000010000000101001100000000010000000101100011000000010000000100000001000000010000000100000001000000010000000101101010000000010000000101011110000000010000000101100111000000010000000101111011000000010000000100000001000000010000000100000001000000010000000100000001000000010000000100000001000000010000000100000001000000010000000100000001000000010000000100000001000000010000000100000001000000010000000100000001000000010000000100000001000000010000000100000001000000010000000100000001000000010000000100000001000000010000000100000001000000010000000100000001000000010000000100000001000000010000000100000001000000010000000100000001000000010000000100000001000000010000000101110110000000010000000101101010000000010000000101110111000000010000000101110011000000010000000101111110000000010000000100000001000000010000000100000001000000010000000100000001000000010000000100000001000000010000000100000001000000010000000100000001000000010000000100000001000000010000000100000001000000010000000100000001000000010000000100000001000000010000000100000001000000010000000100000001000000010000000100000001000000010000000100000001000000010000000100000001000000010000000100000001000000010000000100000001000000010000000100000001000000010000000100000001000000010000000100000001000000010000000100000001000000010000000100000001000000010000000100000001000000010000000100000001000000010000000100000001000000010000000100000001000000010000000100000001000000010000000100000001000000010000000100000001000000010000000100000001000000010000000100000001000000010000000100000001000000010000000100000001000000010000000100000001000000010000000100000001000000010000000100000001000000010000000100000001000000010000000100000001000000010000000100000001000000010000000100000001000000010000000100000001000000010000000100000001000000010000000100000001000000010000000100000001000000010000000100000001000000010000000100000001000000010000000100000001000000010000000100000001000000010000000100000001000000010000000100000001000000010000000100000001000000010000000100000001000000010000000100000001000000010000000100000001000000010000000100000001000000010000000100000001000000010000000100000001000000010000000100000001000000010000000100000001000000010000000100000001000000010000000100000001000000010000000100000001000000010000000100000001000000010000000100000001000000010000000100000001000000010000000100000001000000010000000100000001000000010000000100000001000000010000000100000001000000010000000100000001000000010000000100000001000000010000000100000001000000010000000100000001000000010000000100000001000000010000000100000001000000010000000100000001000000010000000100000001000000010000000100000001000000010000000100000001000000010000000100000001000000010000000100000001000000010000000100000001000000010000000100000001000000010000000100000001000000010000000100000001000000010000000100000001000000010000000100000001000000010000000100000001000000010000000100000001000000010000000100000001000000010000000100000001000000010000000100000001000000010000000100000001000000010000000100000001000000010000000100000001000000010000000100000001000000010000000100000001000000010000000100000001000000010111001100000001000000010110101100000001000000010111001000000001000000010000000100000001000000010111011100000001000000010110110100000001000000010111010000000001000000010000000100000001000000010000000100000001000000010000000100000001000000010111010100000001000000010000000100000001000000010000000100000001000000010000000100000001000000010000000100000001000000010000000100000001000000010000000100000001000000010000000100000001000000010000000100000001000000010000000100000001000000010000000100000001000000010000000100000000000000010000000100000001000000010000000100000001000000010000000100000001000000010000000100000001000000010000000100000001000000010000000100000001000000010000000100000001000000010000000100000001000000010000000100000001000000010000000100000001000000010000000100000001000000010000000100000001000000010000000100000001000000010000000100000001000000010000000100000001000000010000000100000001000000010000000100000001000000010000000100000001000000010000000100000001000000010000000101110101000000010000000101111010000000010000000100000001000000010000000100000001000000010000000100000001000000010000000100000001000000010000000100000001000000010000000100000001000000010000000100000001000000010000000100000001000000010000000100000001000000010000000100000001000000010000000100000001000000010000000100000001000000010000000100000001000000010000000100000001000000010000000100000001000000010000000100000001000000010000000100000001000000010000000100000001000000010000000100000001000000010000000100000001000000010000000100000001000000010000000100000001000000010000000100000001000000010000000100000001000000010000000100000001000000010000000100000001000000010000000100000001000000010000000100000001000000010000000100000001000000010000000100000001000000010000000100000001000000010000000100000001000000010000000100000001000000010000000100000001000000010000000100000001000000010000000100000001000000010000000100000001000000010000000100000001000000010000000100000001000000010000000100000001000000010000000100000001000000010000000100000001000000010000000100000001000000010000000100000001000000010000000100000001000000010000000100000001000000010000000100000001000000010000000100000001000000010000000100000001000000010000000100000001000000010000000100000001000000010000000100000001000000010000000100000001000000010000000100000001000000010000000100000001000000010000000100000001000000010000000100000001000000010000000100000001000000010000000100000001000000010000000100000001000000010000000100000001000000010000000100000001000000010000000100000001000000010000000100000001000000010000000100000001000000010000000100000001000000010000000100000001000000010000000100000001000000010000000100000001000000010000000100000001000000010000000100000001000000010000000100000001000000010000000100000001000000010000000100000001000000010000000100000001000000010000000100000001000000010000000100000001000000010000000100000001000000010000000100000001000000010000000100000001000000010000000100000001011110100110011101000010011100100101100100101101011001110100011100010010011111110101101000011110000000010101101000010111011111000100110000000100000000010100111100000010000000010101111100001110000000010110001000001101000000010101011100000101000000010101101000001100000000010101100100001011000000010101101000001100000000010101110100001101000000010101101100000001010110010000010100000001010110110000011100000001011000010000110100000001010111000000110000000001011010100001101100000001010111010001001000000001010111010001011000000001010100110001001001111110010010110000110100000001010101110001110100000001011000100010101000000001011011010011100001111011010110100010100001010111010000000001001001001110010010000001110101110111000000010110000000000001000000010000000100000001000000010000000100000001000000010000000101110011000000010000000101110001000000010000000100000001000000010000000100000001000000010000000100000001000000010000000100000001000000010000000100000001000000010000000100000001000000010000000100000001000000010000000100000001000000010000000100000001000000010000000100000001000000010000000100000001000000010000000100000001000000010000000100000001000000010000000100000001000000010000000100000001000000010000000100000001000000010000000101110110000000010000000101101011000000010000000101111010000000010000000100000001000000010000000101111101000000010000000101110000000000010000000101111010000000010000000101001010000000010000000101101011000000010000000101110111000000010000000101100011000000010000000101010100000000010000000101011000000000010000000101100010000000010000000101110000000000010000000101101011000000010000000101100000000000010000000101011011000000010000000101010000000000010000000101110011000000010000000100000001000000010000000101101001000000010000000101100101000000010000000100000001000000010000000100000001000000010000000100000001000000010000000100000001000000010000000100000001000000010000000100000001000000010000000100000001000000010000000100000001000000010000000100000001000000010000000100000001000000010000000100000001000000010000000100000001000000010000000100000001000000010000000100000001000000010000000100000001000000010000000100000001000000010000000101111110000000010000000100000001000000010000000100000001000000010000000100000001000000010000000100000001000000010000000100000001000000010000000100000001000000010000000101111100000000010000000100000001000000010000000100000001000000010000000100000001000000010000000100000001000000010000000100000001000000010000000100000001000000010000000100000001000000010000000100000001000000010000000100000001000000010000000100000001000000010000000100000001000000010000000100000001000000010000000100000001000000010000000100000001000000010000000100000001000000010000000100000001000000010000000100000001000000010000000101110010000000010000000101100111000000010000000101100001000000010000000101111101000000010000000101110010000000010000000101111001000000010000000101110110000000010000000101001000000000010000000101110000000000010000000101101010000000010000000101100110000000010000000101011101000000010000000101010101000000010000000101011010000000010000000101101100000000010000000101110011000000010000000101100100000000010000000101011111000000010000000101100010000000010000000101110100000000010000000100000001000000010000000101101011000000010000000101100101000000010000000100000001000000010000000100000001000000010000000100000001000000010000000100000001000000010000000100000001000000010000000100000001000000010000000100000001000000010000000100000001000000010000000100000001000000010000000100000001000000010000000100000001000000010000000100000001000000010000000100000001000000010000000100000001000000010000000100000001000000010000000100000001000000010000000100000001000000010000000100000001000000010000000101111011000000010000000100000001000000010000000100000001000000010000000100000001000000010000000100000001000000010000000100000001000000010000000100000001000000010000000100000001000000010000000100000001000000010000000100000001000000010000000100000001000000010000000100000001000000010000000100000001000000010000000100000001000000010000000100000001000000010000000100000001000000010000000100000001000000010000000100000001000000010000000100000001000000010000000100000001000000010000000100000001000000010000000100000001000000010000000100000001000000010000000100000001000000010000000100000001000000010000000100000001000000010000000100000001000000010000000100000001000000010000000100000001000000010000000100000001000000010000000100000001000000010000000100000001000000010000000100000001000000010000000100000001000000010000000100000001000000010000000100000001000000010000000100000001000000010000000100000001000000010000000100000001000000010000000100000001000000010000000100000001000000010000000100000001000000010000000100000001000000010000000100000001000000010000000100000001000000010000000100000001000000010000000100000001000000010000000100000001000000010000000100000001000000010000000100000001000000010000000100000001000000010000000100000001000000010000000100000001000000010000000100000001000000010000000100000001000000010000000100000001000000010000000100000001000000010000000100000001000000010000000100000001000000010000000100000001000000010000000100000001000000010000000100000001000000010000000100000001000000010000000100000001000000010000000100000001000000010000000100000001000000010000000100000001000000010000000100000001000000010000000100000001000000010000000100000001000000010000000100000001000000010000000100000001000000010000000100000001000000010000000100000001000000010000000100000001000000010000000100000001000000010000000100000001000000010000000100000001000000010000000100000001000000010000000100000001000000010000000100000001000000010000000100000001000000010000000100000001000000010000000100000001000000010000000100000001000000010000000100000001000000010000000100000001000000010000000100000001000000010000000100000001000000010000000100000001000000010000000100000001000000010000000100000001000000010000000100000001000000010000000100000001000000010000000100000001000000010000000100000001000000010000000100000001000000010000000100000001000000010000000100000001000000010000000100000001000000010000000100000001000000010000000100000001000000010000000100000001000000010000000100000001000000010000000100000001000000010000000100000001000000010000000100000001000000010000000100000001000000010000000100000001000000010000000100000001000000010000000100000001000000010000000100000001000000010000000100000001000000010000000100000001000000010000000100000001000000010000000100000001000000010000000100000001000000010000000100000001000000010000000100000001000000010000000100000001000000010000000100000001000000010000000100000001000000010000000100000000000000010000000100000001000000010000000100000001000000010000000100000001000000010000000100000001000000010000000100000001000000010000000100000001000000010000000100000001000000010000000100000001000000010000000100000001000000010000000100000001000000010000000100000001000000010000000100000001000000010000000100000001000000010000000100000001000000010000000100000001000000010000000100000001000000010000000100000001000000010000000100000001000000010000000100000001000000010000000100000001000000010000000100000001000000010000000100000001000000010000000100000001000000010000000100000001000000010000000100000001000000010000000100000001000000010000000100000001000000010000000100000001000000010000000100000001000000010000000100000001000000010000000100000001000000010000000100000001000000010000000100000001000000010000000100000001000000010000000100000001000000010000000100000001000000010000000100000001000000010000000100000001000000010000000100000001000000010000000100000001000000010000000100000001000000010000000100000001000000010000000100000001000000010000000100000001000000010000000100000001000000010000000100000001000000010000000100000001000000010000000100000001000000010000000100000001000000010000000100000001000000010000000100000001000000010000000100000001000000010000000100000001000000010000000100000001000000010000000100000001000000010000000100000001000000010000000100000001000000010000000100000001000000010000000100000001000000010000000100000001000000010000000100000001000000010000000100000001000000010000000100000001000000010000000100000001000000010000000100000001000000010000000100000001000000010000000100000001000000010000000100000001000000010000000100000001000000010000000100000001000000010000000100000001000000010000000100000001000000010000000100000001000000010000000100000001000000010000000100000001000000010000000100000001000000010000000100000001000000010000000100000001000000010000000100000001000000010000000100000001000000010000000100000001000000010000000100000001000000010000000100000001000000010000000100000001000000010000000100000001000000010000000100000001000000010000000100000001000000010000000100000001000000010000000100000001000000010000000100000001000000010000000100000001000000010000000100000001000000010000000100000001000000010000000100000001000000010000000100000001000000010000000100000001000000010000000100000001000000010000000100000001000000010000000100000001000000010000000100000001000000010000000100000001010111000100011000100010010111010100001100010101011010100100100000010011011110000101000100010011000000010101110000011000000000010101111100010110000000010110001100010100000000010110001100010001000000010101010000000000000000010100110100000000000000010101100100000100000000010101110000001100000000010101110100001111000000010110000100010011000000010110000100010010000000010101100100001000000000010101010000000011000000010101100000000111000000010101111000001110000000010101111000010000000000010111000100100101000000010110001100011011000000010100101100000110000000010101000000010001000000010110010000100111000000010101101000100001011111010100110000010100000000010101110000100111011000110100010000001111010101010100010000010011011010000110101100111010000000010000000100000001000000010000000100000001011110010000000100000001011100110000000100000001011111000000000100000001011010010000000100000001000000010000000100000001000000010000000100000001000000010000000100000001000000010000000100000001000000010000000100000001000000010000000100000001000000010000000100000001000000010000000100000001000000010000000100000001000000010000000100000001000000010000000100000001000000010000000100000001000000010000000100000001000000010000000100000001000000010000000100000001011101010000000100000001011001010000000100000001010110100000000100000001011101000000000100000001011100010000000100000001011001110000000100000001010100100000000100000001011010000000000100000001010111110000000100000001010111000000000100000001011010000000000100000001011000110000000100000001011010010000000100000001011001000000000100000001010110000000000100000001010110100000000100000001011001100000000100000001011001110000000100000001011010110000000100000001011001000000000100000001011001110000000100000001011011000000000100000001011011100000000100000001011001000000000100000001011010000000000100000001011000100000000100000001011000110000000100000001011110110000000100000001000000010000000100000001011011010000000100000001011110100000000100000001000000010000000100000001000000010000000100000001000000010000000100000001000000010000000100000001000000010000000100000001000000010000000100000001000000010000000100000001000000010000000100000001000000010000000100000001000000010000000100000001000000010000000100000001000000010000000100000001011110000000000100000001011111100000000100000001011111100000000100000001011110110000000100000001000000010000000100000001011100100000000100000001000000010000000100000001000000010000000100000001000000010000000100000001000000010000000100000001000000010000000100000001000000010000000100000001000000010000000100000001000000010000000100000001000000010000000100000001000000010000000100000001000000010000000100000001000000010000000100000001000000010000000100000001000000010000000100000001000000010000000100000001011001110000000100000001010011000000000100000001011010010000000100000001011100010000000100000001011100010000000100000001011000110000000100000001010101100000000100000001010101100000000100000001010110000000000100000001011000000000000100000001011000110000000100000001011000100000000100000001011001110000000100000001011000110000000100000001010110100000000100000001011001110000000100000001011010100000000100000001011000100000000100000001010110110000000100000001011010100000000100000001011101000000000100000001011011010000000100000001011101010000000100000001011000110000000100000001011011000000000100000001011011000000000100000001000000010000000100000001000000010000000100000001000000010000000100000001000000010000000100000001000000010000000100000001000000010000000100000001000000010000000100000001000000010000000100000001000000010000000100000001000000010000000100000001000000010000000100000001000000010000000100000001000000010000000100000001000000010000000100000001000000010000000100000001000000010000000100000001000000010000000100000001011111100000000100000001011101110000000100000001011110100000000100000001000000010000000100000001000000010000000100000001000000010000000100000001000000010000000100000001000000010000000100000001000000010000000100000001000000010000000100000001000000010000000100000001000000010000000100000001000000010000000100000001000000010000000100000001000000010000000100000001000000010000000100000001000000010000000100000001000000010000000100000001000000010000000100000001000000010000000100000001000000010000000100000001000000010000000100000001000000010000000100000001000000010000000100000001000000010000000100000001000000010000000100000001000000010000000100000001000000010000000100000001000000010000000100000001000000010000000100000001000000010000000100000001000000010000000100000001000000010000000100000001000000010000000100000001000000010000000100000001000000010000000100000001000000010000000100000001000000010000000100000001000000010000000100000001000000010000000100000001000000010000000100000001000000010000000100000001000000010000000100000001000000010000000100000001000000010000000100000001000000010000000100000001000000010000000100000001000000010000000100000001000000010000000100000001000000010000000100000001000000010000000100000001000000010000000100000001000000010000000100000001000000010000000100000001000000010000000100000001000000010000000100000001000000010000000100000001000000010000000100000001000000010000000100000001000000010000000100000001000000010000000100000001000000010000000100000001000000010000000100000001000000010000000100000001000000010000000100000001000000010000000100000001000000010000000100000001000000010000000100000001000000010000000100000001000000010000000100000001000000010000000100000001000000010000000100000001000000010000000100000001000000010000000100000001000000010000000100000001000000010000000100000001000000010000000100000001000000010000000100000001000000010000000100000001000000010000000100000001000000010000000100000001000000010000000100000001000000010000000100000001000000010000000100000001000000010000000100000001000000010000000100000001000000010000000100000001000000010000000100000001000000010000000100000001000000010000000100000001000000010000000100000001000000010000000100000001000000010000000100000001000000010000000100000001000000010000000100000001000000010000000100000001000000010000000100000001000000010000000100000001000000010000000100000001000000010000000100000001000000010000000100000001000000010000000100000001000000010000000100000001000000010000000100000001000000010000000100000001000000010000000100000001000000010000000100000001000000010000000100000001000000010000000100000001000000010000000100000001000000010000000100000001000000010000000100000001000000010000000100000001000000010000000100000001000000010000000100000001000000010000000100000001000000010000000100000001000000010000000100000001000000010000000100000001000000010000000100000001000000010000000100000001000000000000000100000001000000010000000100000001000000010000000100000001000000010000000100000001000000010000000100000001000000010000000100000001000000010000000100000001000000010000000100000001000000010000000100000001000000010000000100000001000000010000000100000001000000010000000100000001000000010000000100000001000000010000000100000001000000010000000100000001011101010000000100000001011100110000000100000001000000010000000100000001000000010000000100000001000000010000000100000001011011110000000100000001011101010000000100000001000000010000000100000001000000010000000100000001000000010000000100000001000000010000000100000001000000010000000100000001000000010000000100000001000000010000000100000001000000010000000100000001000000010000000100000001000000010000000100000001000000010000000100000001000000010000000100000001000000010000000100000001000000010000000100000001000000010000000100000001000000010000000100000001000000010000000100000001000000010000000100000001000000010000000100000001000000010000000100000001000000010000000100000001000000010000000100000001000000010000000100000001000000010000000100000001000000010000000100000001000000010000000100000001000000010000000100000001000000010000000100000001000000010000000100000001000000010000000100000001000000010000000100000001000000010000000100000001000000010000000100000001000000010000000100000001000000010000000100000001000000010000000100000001000000010000000100000001000000010000000100000001000000010000000100000001000000010000000100000001000000010000000100000001000000010000000100000001000000010000000100000001000000010000000100000001000000010000000100000001000000010000000100000001000000010000000100000001000000010000000100000001000000010000000100000001000000010000000100000001000000010000000100000001000000010000000100000001000000010000000100000001000000010000000100000001000000010000000100000001000000010000000100000001000000010000000100000001000000010000000100000001000000010000000100000001000000010000000100000001000000010000000100000001000000010000000100000001000000010000000100000001000000010000000100000001000000010000000100000001000000010000000100000001000000010000000100000001000000010000000100000001000000010000000100000001000000010000000100000001000000010000000100000001000000010000000100000001000000010000000100000001000000010000000100000001000000010000000100000001000000010000000100000001000000010000000100000001000000010000000100000001011010100110101001010100001100010000000101110010010001100000000101110011001111100000000101100111001011000000000101110111001101010000000101101100001000110000000101101010000110110000000101100111000101010000000101010110000001010000000101010011000000000000000101011010000001010000000101011000000001010000000101010100000001100000000101011000000011000000000101100010000101100000000101100001000101010000000101010110000010000000000101010011000001010000000101011010000011100000000101011110000100100000000101001111000001000000000101010001000010110000000101100100000111110000000101011001000110000000000101010100000101110000000101001101000101000000000101001111000110000000000101110111010000110000000101100000001011110000000101110100010001010000000100000001011010000000000100000001000000010000000100000001000000010111100000000001000000010111010100000001000000010110010100000001000000010111000000000001000000010000000100000001000000010000000100000001000000010000000100000001000000010000000100000001000000010000000100000001000000010000000100000001000000010000000100000001000000010000000100000001000000010000000100000001000000010000000100000001000000010000000100000001000000010000000100000001000000010000000100000001000000010000000100000001000000010000000100000001000000010000000100000001000000010110100100000001000000010101111100000001000000010101110000000001000000010111010100000001000000010111001000000001000000010110110100000001000000010101100100000001000000010101011000000001000000010110110000000001000000010110101100000001000000010110101100000001000000010110011000000001000000010111000000000001000000010111000000000001000000010110100000000001000000010110000100000001000000010101111100000001000000010101100100000001000000010110001000000001000000010111100100000001000000010111001000000001000000010110101000000001000000010110011100000001000000010110000000000001000000010111100000000001000000010101010000000001000000010110000000000001000000010000000100000001000000010111010000000001000000010110011000000001000000010000000100000001000000010000000100000001000000010000000100000001000000010000000100000001000000010000000100000001000000010000000100000001000000010000000100000001000000010000000100000001000000010000000100000001000000010000000100000001000000010000000100000001000000010000000100000001000000010111001100000001000000010111110000000001000000010110111000000001000000010101100100000001000000010110110100000001000000010111101000000001000000010000000100000001000000010000000100000001000000010000000100000001000000010000000100000001000000010000000100000001000000010000000100000001000000010000000100000001000000010000000100000001000000010000000100000001000000010000000100000001000000010000000100000001000000010110011000000001000000010111001000000001000000010111111100000001000000010000000100000001000000010111011100000001000000010110101100000001000000010110010100000001000000010101011100000001000000010111010100000001000000010111100100000001000000010110110000000001000000010101110000000001000000010110001000000001000000010110110100000001000000010101111100000001000000010110111100000001000000010110101000000001000000010110100000000001000000010110011100000001000000010110001000000001000000010101100000000001000000010101110100000001000000010110011000000001000000010110101100000001000000010111011000000001000000010111001000000001000000010110011100000001000000010110111000000001000000010111011000000001000000010110010100000001000000010101111100000001000000010111001000000001000000010000000100000001000000010000000100000001000000010000000100000001000000010000000100000001000000010000000100000001000000010000000100000001000000010000000100000001000000010000000100000001000000010000000100000001000000010000000100000001000000010000000100000001000000010000000100000001000000010000000100000001000000010000000100000001000000010000000100000001000000010000000100000001000000010111001100000001000000010110011100000001000000010110100100000001000000010111100100000001000000010000000100000001000000010000000100000001000000010000000100000001000000010000000100000001000000010000000100000001000000010000000100000001000000010000000100000001000000010000000100000001000000010000000100000001000000010000000100000001000000010000000100000001000000010000000100000001000000010000000100000001000000010000000100000001000000010000000100000001000000010000000100000001000000010000000100000001000000010000000100000001000000010000000100000001000000010000000100000001000000010000000100000001000000010000000100000001000000010000000100000001000000010000000100000001000000010000000100000001000000010000000100000001000000010000000100000001000000010000000100000001000000010000000100000001000000010000000100000001000000010000000100000001000000010000000100000001000000010000000100000001000000010000000100000001000000010000000100000001000000010000000100000001000000010000000100000001000000010000000100000001000000010000000100000001000000010000000100000001000000010000000100000001000000010000000100000001000000010000000100000001000000010000000100000001000000010000000100000001000000010000000100000001000000010000000100000001000000010000000100000001000000010000000100000001000000010000000100000001000000010000000100000001000000010000000100000001000000010000000100000001000000010000000100000001000000010000000100000001000000010000000100000001000000010000000100000001000000010000000100000001000000010000000100000001000000010000000100000001000000010000000100000001000000010000000100000001000000010000000100000001000000010000000100000001000000010000000100000001000000010000000100000001000000010000000100000001000000010000000100000001000000010000000100000001000000010000000100000001000000010000000100000001000000010000000100000001000000010000000100000001000000010000000100000001000000010000000100000001000000010000000100000001000000010000000100000001000000010000000100000001000000010000000100000001000000010000000100000001000000010000000100000001000000010000000100000001000000010000000100000001000000010000000100000001000000010000000100000001000000010000000100000001000000010000000100000001000000010000000100000001000000010000000100000001000000010000000100000001000000010000000100000001000000010000000100000001000000010000000100000001000000010000000100000001000000010000000100000001000000010000000100000001000000010000000100000001000000010000000100000001000000010000000100000001000000010000000100000001000000010000000100000001000000010000000100000001000000010000000100000001000000010000000100000001000000010000000100000001000000010000000100000001000000010000000100000001000000010000000100000001000000010000000100000001000000010000000100000001000000010000000100000001000000010000000100000001000000010000000100000001000000010000000100000001000000010000000100000001000000010000000100000001000000010000000100000001000000010000000000000001000000010000000100000001000000010000000100000001000000010000000100000001000000010000000100000001000000010000000100000001000000010000000100000001000000010000000100000001000000010000000100000001000000010000000100000001000000010000000100000001000000010111110000000001000000010000000100000001000000010000000100000001000000010000000100000001000000010110010000000001000000010101111000000001000000010111000100000001000000010000000100000001000000010110001100000001000000010110011000000001000000010110011000000001000000010110111100000001000000010000000100000001000000010000000100000001000000010111100100000001000000010000000100000001000000010000000100000001000000010000000100000001000000010000000100000001000000010000000100000001000000010000000100000001000000010000000100000001000000010000000100000001000000010000000100000001000000010000000100000001000000010000000100000001000000010000000100000001000000010000000100000001000000010000000100000001000000010000000100000001000000010000000100000001000000010000000100000001000000010000000100000001000000010000000100000001000000010000000100000001000000010000000100000001000000010000000100000001000000010000000100000001000000010000000100000001000000010000000100000001000000010000000100000001000000010000000100000001000000010000000100000001000000010000000100000001000000010000000100000001000000010000000100000001000000010000000100000001000000010000000100000001000000010000000100000001000000010000000100000001000000010000000100000001000000010000000100000001000000010000000100000001000000010000000100000001000000010000000100000001000000010000000100000001000000010000000100000001000000010000000100000001000000010000000100000001000000010000000100000001000000010000000100000001000000010000000100000001000000010000000100000001000000010000000100000001000000010000000100000001000000010000000100000001000000010000000100000001000000010000000100000001000000010000000100000001000000010000000100000001000000010000000100000001000000010000000100000001000000010000000100000001000000010000000100000001000000010000000100000001000000010000000100000001000000010000000100000001000000010000000100000001000000010000000100000001000000010000000100000001000000010000000100000001000000010000000100000001000000010000000100000001000000010000000100000001000000010000000100000001000000010000000100000001000000010000000100000001000000010000000100000001000000010000000100000001000000010000000100000001000000010000000100000001000000010111101000000001000000010101101100000001011111110011111100000001011000100001110000000001010110000000110100000001010101110000011100000001010111000000101100000001010110110000000101010101000001000000000101010100000000110000000101010101000001100000000101001110000000110000000101010001000001110000000101011011000100010000000101011101000100110000000101010100000000010101010100000001010111000001000100000001010110100001001000000001010100110000110000000001010101000000111100000001011100110011001000000001011101010011011000000001011100110011011100000001011010100011000100000001011001110011001000000001000000010101100100000001011011010100000100000001011110110101000000000001000000010101111100000001000000010000000100000001000000010000000101111110000000010000000101111010000000010000000101101110000000010000000101111011000000010000000100000001000000010000000100000001000000010000000100000001000000010000000100000001000000010000000100000001000000010000000100000001000000010000000100000001000000010000000100000001000000010000000100000001000000010000000100000001000000010000000100000001000000010000000100000001000000010000000100000001000000010000000100000001000000010000000100000001000000010000000101011111000000010000000100000001000000010000000101111010000000010000000101101101000000010000000100000001000000010000000101111111000000010000000101100111000000010000000101101111000000010000000100000001000000010000000101110001000000010000000101110111000000010000000101101011000000010000000101101010000000010000000101101011000000010000000101100111000000010000000101100000000000010000000101100000000000010000000101100101000000010000000101101001000000010000000101100101000000010000000101100100000000010000000101011110000000010000000101110010000000010000000101111010000000010000000101110100000000010000000101111000000000010000000101101010000000010000000101100100000000010000000101111010000000010000000100000001000000010000000101110100000000010000000100000001000000010000000100000001000000010000000100000001000000010000000100000001000000010000000100000001000000010000000100000001000000010000000100000001000000010000000100000001000000010000000100000001000000010000000100000001000000010000000100000001000000010000000100000001000000010000000100000001000000010000000101110011000000010000000101101011000000010000000101111011000000010000000101110110000000010000000100000001000000010000000100000001000000010000000100000001000000010000000100000001000000010000000100000001000000010000000100000001000000010000000100000001000000010000000100000001000000010000000100000001000000010000000100000001000000010000000100000001000000010000000100000001000000010000000100000001000000010000000101111111000000010000000100000001000000010000000101111010000000010000000101100001000000010000000100000001000000010000000101101101000000010000000101110001000000010000000100000001000000010000000101111100000000010000000101101010000000010000000101111001000000010000000101111111000000010000000101110110000000010000000101110101000000010000000101110100000000010000000101101001000000010000000101101001000000010000000101101110000000010000000101101001000000010000000101100101000000010000000101100110000000010000000101100101000000010000000101101101000000010000000101100100000000010000000101100111000000010000000100000001000000010000000101111011000000010000000101100101000000010000000100000001000000010000000101101111000000010000000101110110000000010000000100000001000000010000000100000001000000010000000100000001000000010000000100000001000000010000000100000001000000010000000100000001000000010000000100000001000000010000000100000001000000010000000100000001000000010000000100000001000000010000000100000001000000010000000100000001000000010000000100000001000000010000000100000001000000010000000100000001000000010000000100000001000000010000000101111001000000010000000101110110000000010000000101100101000000010000000101111000000000010000000101100101000000010000000100000001000000010000000100000001000000010000000100000001000000010000000100000001000000010000000100000001000000010000000100000001000000010000000100000001000000010000000100000001000000010000000100000001000000010000000100000001000000010000000100000001000000010000000100000001000000010000000100000001000000010000000100000001000000010000000100000001000000010000000100000001000000010000000100000001000000010000000100000001000000010000000100000001000000010000000100000001000000010000000100000001000000010000000100000001000000010000000100000001000000010000000100000001000000010000000100000001000000010000000100000001000000010000000100000001000000010000000100000001000000010000000100000001000000010000000100000001000000010000000100000001000000010000000100000001000000010000000100000001000000010000000100000001000000010000000100000001000000010000000100000001000000010000000100000001000000010000000100000001000000010000000100000001000000010000000100000001000000010000000100000001000000010000000100000001000000010000000100000001000000010000000100000001000000010000000100000001000000010000000100000001000000010000000100000001000000010000000100000001000000010000000100000001000000010000000100000001000000010000000100000001000000010000000100000001000000010000000100000001000000010000000100000001000000010000000100000001000000010000000100000001000000010000000100000001000000010000000100000001000000010000000100000001000000010000000100000001000000010000000100000001000000010000000100000001000000010000000100000001000000010000000100000001000000010000000100000001000000010000000100000001000000010000000100000001000000010000000100000001000000010000000100000001000000010000000100000001000000010000000100000001000000010000000100000001000000010000000100000001000000010000000100000001000000010000000100000001000000010000000100000001000000010000000100000001000000010000000100000001000000010000000100000001000000010000000100000001000000010000000100000001000000010000000100000001000000010000000100000001000000010000000100000001000000010000000100000001000000010000000100000001000000010000000100000001000000010000000100000001000000010000000100000001000000010000000100000001000000010000000100000001000000010000000100000001000000010000000100000001000000010000000100000001000000010000000100000001000000010000000100000001000000010111100100000001000000010111111000000001000000010000000100000001000000010111101000000001000000010111110100000001000000010000000100000001000000010000000100000001000000010000000100000001000000010000000100000001000000010000000100000001000000010000000100000001000000010000000100000001000000010000000100000001000000010000000100000001000000010000000100000001000000010000000100000001000000010000000100000001000000010000000100000001000000010000000100000001000000010000000100000001000000010000000100000000000000010000000100000001000000010000000100000001000000010000000100000001000000010000000100000001000000010000000100000001000000010000000100000001000000010000000100000001000000010000000100000001000000010000000100000001000000010000000100000001000000010000000101110101000000010000000100000001000000010000000100000001000000010000000100000001000000010000000101100001000000010000000101100001000000010000000101111000000000010000000100000001000000010000000101110100000000010000000101100111000000010000000101100110000000010000000100000001000000010000000100000001000000010000000100000001000000010000000101110100000000010000000101111111000000010000000100000001000000010000000100000001000000010000000100000001000000010000000100000001000000010000000100000001000000010000000100000001000000010000000100000001000000010000000100000001000000010000000100000001000000010000000100000001000000010000000100000001000000010000000100000001000000010000000100000001000000010000000100000001000000010000000100000001000000010000000100000001000000010000000100000001000000010000000100000001000000010000000100000001000000010000000100000001000000010000000100000001000000010000000100000001000000010000000100000001000000010000000100000001000000010000000100000001000000010000000100000001000000010000000100000001000000010000000100000001000000010000000100000001000000010000000100000001000000010000000100000001000000010000000100000001000000010000000100000001000000010000000100000001000000010000000100000001000000010000000100000001000000010000000100000001000000010000000100000001000000010000000100000001000000010000000100000001000000010000000100000001000000010000000100000001000000010000000100000001000000010000000100000001000000010000000100000001000000010000000100000001000000010000000100000001000000010000000100000001000000010000000100000001000000010000000100000001000000010000000100000001000000010000000100000001000000010000000100000001000000010000000100000001000000010000000100000001000000010000000100000001000000010000000100000001000000010000000100000001000000010000000100000001000000010000000100000001000000010000000100000001000000010000000100000001000000010000000100000001000000010000000100000001000000010000000100000001000000010000000100000001000000010000000100000001000000010000000100000001000000010000000100000001000000010000000100000001000000010000000100000001000000010000000100000001000000010000000100000001000000010000000100000001000000010000000101101101000000010110001100110010000000010110000000100101000000010101010100010011000000010101001000001011000000010101100000001100000000010101000000000010000000010100111100000000000000010101100100000001010101000000011100000001010010100000000000000001010011110000010000000001010100100000100000000001010100000000011000000001010110010000111100000001010111100001010000000001010110100001000000000001010111110001011100000001011001000001110000000001010111000001010100000001010111000001011100000001010101000001000100000001011000100010001100000001000000010100010000000001000000010101000000000001011111100100010100000001011000010010110000000001010111010010110101100001001111010001100101010100010001100010001001111001000000010110001000000001000000010000000101111000000000010000000100000001000000010000000100000001000000010000000101111111000000010000000100000001000000010000000100000001000000010000000100000001000000010000000100000001000000010000000100000001000000010000000100000001000000010000000100000001000000010000000100000001000000010000000100000001000000010000000100000001000000010000000100000001000000010000000100000001000000010000000100000001000000010000000100000001000000010000000100000001000000010000000101011111000000010000000101010011000000010000000100000001000000010000000100000001000000010000000101101101000000010000000101111111000000010000000101110111000000010000000101011110000000010000000101110001000000010000000100000001000000010000000101111011000000010000000100000001000000010000000101111111000000010000000101110100000000010000000101110011000000010000000100000001000000010000000100000001000000010000000100000001000000010000000100000001000000010000000100000001000000010000000101111110000000010000000101110001000000010000000101101111000000010000000100000001000000010000000100000001000000010000000100000001000000010000000100000001000000010000000101110100000000010000000101110110000000010000000101110010000000010000000101111110000000010000000100000001000000010000000101110100000000010000000101110111000000010000000101011011000000010000000101100101000000010000000101111100000000010000000100000001000000010000000100000001000000010000000100000001000000010000000100000001000000010000000100000001000000010000000100000001000000010000000100000001000000010000000100000001000000010000000101110101000000010000000100000001000000010000000100000001000000010000000100000001000000010000000100000001000000010000000100000001000000010000000100000001000000010000000100000001000000010000000100000001000000010000000100000001000000010000000100000001000000010000000100000001000000010000000100000001000000010000000101111101000000010000000100000001000000010000000100000001000000010000000100000001000000010000000100000001000000010000000101110000000000010000000101100001000000010000000101010101000000010000000100000001000000010000000100000001000000010000000100000001000000010000000100000001000000010000000100000001000000010000000101110111000000010000000101111011000000010000000100000001000000010000000100000001000000010000000100000001000000010000000101111111000000010000000101110100000000010000000101111010000000010000000100000001000000010000000100000001000000010000000100000001000000010000000100000001000000010000000100000001000000010000000100000001000000010000000101110111000000010000000101110011000000010000000100000001000000010000000100000001000000010000000100000001000000010000000100000001000000010000000101111000000000010000000101110010000000010000000101111101000000010000000100000001000000010000000100000001000000010000000100000001000000010000000100000001000000010000000100000001000000010000000100000001000000010000000100000001000000010000000100000001000000010000000100000001000000010000000100000001000000010000000100000001000000010000000100000001000000010000000100000001000000010000000100000001000000010000000100000001000000010000000100000001000000010000000100000001000000010000000100000001000000010000000101101100000000010000000101110010000000010000000100000001000000010000000100000001000000010000000100000001000000010000000100000001000000010000000100000001000000010000000100000001000000010000000100000001000000010000000100000001000000010000000100000001000000010000000100000001000000010000000100000001000000010000000100000001000000010000000100000001000000010000000100000001000000010000000100000001000000010000000100000001000000010000000100000001000000010000000100000001000000010000000100000001000000010000000100000001000000010000000100000001000000010000000100000001000000010000000100000001000000010000000100000001000000010000000100000001000000010000000100000001000000010000000100000001000000010000000100000001000000010000000100000001000000010000000100000001000000010000000100000001000000010000000100000001000000010000000100000001000000010000000100000001000000010000000100000001000000010000000100000001000000010000000100000001000000010000000100000001000000010000000100000001000000010000000100000001000000010000000100000001000000010000000100000001000000010000000100000001000000010000000100000001000000010000000100000001000000010000000100000001000000010000000100000001000000010000000100000001000000010000000100000001000000010000000100000001000000010000000100000001000000010000000100000001000000010000000100000001000000010000000100000001000000010000000100000001000000010000000100000001000000010000000100000001000000010000000100000001000000010000000100000001000000010000000100000001000000010000000100000001000000010000000100000001000000010000000100000001000000010000000100000001000000010000000100000001000000010000000100000001000000010000000100000001000000010000000100000001000000010000000100000001000000010000000100000001000000010000000100000001000000010000000100000001000000010000000100000001000000010000000100000001000000010000000100000001000000010000000100000001000000010000000100000001000000010000000100000001000000010000000100000001000000010000000100000001000000010000000100000001000000010000000100000001000000010000000100000001000000010000000100000001000000010000000100000001000000010000000100000001000000010000000100000001000000010000000100000001000000010000000100000001000000010000000100000001000000010000000100000001000000010000000100000001000000010000000100000001000000010000000100000001000000010000000100000001000000010111111000000001000000010111100000000001000000010000000100000001000000010000000100000001000000010000000100000001000000010111100000000001000000010111011100000001000000010000000100000001000000010000000100000001000000010000000100000001000000010000000100000001000000010000000100000001000000010000000100000001000000010000000100000001000000010000000100000001000000010000000100000001000000010000000100000001000000010000000100000001000000010000000100000001000000010000000100000001000000010000000100000001000000010000000100000000000000010000000100000001000000010000000100000001000000010000000100000001000000010000000100000001000000010000000100000001000000010000000100000001000000010000000100000001000000010000000100000001000000010000000100000001000000010000000100000001000000010000000100000001000000010000000100000001000000010000000100000001000000010000000100000001000000010000000101111010000000010000000101101111000000010000000100000001000000010000000100000001000000010000000100000001000000010000000101101011000000010000000101110010000000010000000100000001000000010000000100000001000000010000000100000001000000010000000100000001000000010000000100000001000000010000000100000001000000010000000100000001000000010000000100000001000000010000000100000001000000010000000100000001000000010000000100000001000000010000000100000001000000010000000100000001000000010000000100000001000000010000000100000001000000010000000100000001000000010000000100000001000000010000000100000001000000010000000100000001000000010000000100000001000000010000000100000001000000010000000100000001000000010000000100000001000000010000000100000001000000010000000100000001000000010000000100000001000000010000000100000001000000010000000100000001000000010000000100000001000000010000000100000001000000010000000100000001000000010000000100000001000000010000000100000001000000010000000100000001000000010000000100000001000000010000000100000001000000010000000100000001000000010000000100000001000000010000000100000001000000010000000100000001000000010000000100000001000000010000000100000001000000010000000100000001000000010000000100000001000000010000000100000001000000010000000100000001000000010000000100000001000000010000000100000001000000010000000100000001000000010000000100000001000000010000000100000001000000010000000100000001000000010000000100000001000000010000000100000001000000010000000100000001000000010000000100000001000000010000000100000001000000010000000100000001000000010000000100000001000000010000000100000001000000010000000100000001000000010000000100000001000000010000000100000001000000010000000100000001000000010000000100000001000000010000000100000001000000010000000100000001000000010000000100000001000000010000000100000001000000010000000100000001000000010000000100000001000000010000000100000001000000010000000100000001000000010000000100000001000000010000000100000001000000010000000100000001000000010110101001010100010111010100001000100111010011010010111000001101011001100100000000010110011111100101001100100000000000010101010100011000000000010101000000001101000000010101011100001111000000010101000000000100000000010101010100000111000000010101111000001111000000010101110000001110000000010101101100001101000000010101110000010001000000010101100100001111000000010101011100001110000000010101001100001001000000010101101000010000000000010110001000011011000000010110011000011110000000010111000000101010000000010111010000101110000000010110011100100001000000010110000100011100000000010110000100011110011111010100011100001000000000010101110100100001000000010111110101000101000000010000000101101101000000010000000101001111011010100100001100010111011010010100110100101110001111000011100100011010000000010000000100000001011111100000000100000001011110110000000100000001011100100000000100000001000000010000000100000001000000010000000100000001000000010000000100000001000000010000000100000001010110100101101101010010000000010000000100000001000000010000000100000001000000010000000100000001000000010000000100000001000000010000000100000001000000010000000100000001000000010000000100000001000000010000000100000001000000010000000100000001011101000000000100000001011110010000000100000001000000010000000100000001000000010000000100000001011111110000000100000001011000110000000100000001010101110000000100000001010011000000000100000001010110010000000100000001010100010000000100000001010110110000000100000001010110100000000100000001011010000000000100000001011100100000000100000001011001110000000100000001011100000000000100000001011010010000000100000001011010010000000100000001011101010000000100000001011101110000000100000001011010110000000100000001011100010000000100000001011010010000000100000001011011100000000100000001011010010000000100000001011000110000000100000001011000100000000100000001011011100000000100000001011110100000000100000001011110010000000100000001011001000000000100000001010011110000000100000001010000110000000101111110010101110000000100000001010111100000000100000001011000010000000100000001011001110000000100000001011001010000000100000001011100000000000100000001011110000000000100000001000000010000000100000001000000010000000100000001000000010000000100000001000000010000000100000001000000010000000100000001000000010000000100000001000000010000000100000001000000010000000100000001000000010000000100000001000000010000000100000001000000010000000100000001000000010000000100000001000000010000000100000001000000010000000100000001000000010000000100000001000000010000000100000001000000010000000100000001000000010000000100000001000000010000000100000001000000010000000100000001010101100000000100000001010100010000000100000001011000010000000100000001011010100000000100000001010110000000000100000001011010000000000100000001000000010000000100000001000000010000000100000001011110100000000100000001011010000000000100000001011001010000000100000001010101000000000100000001010111100000000100000001010110110000000100000001010101100000000100000001010110100000000100000001011100110000000100000001011100000000000100000001011011110000000100000001011100000000000100000001011010000000000100000001011001110000000100000001011101000000000100000001011110110000000100000001011011110000000100000001011011100000000100000001011100000000000100000001011010100000000100000001011001010000000100000001011000110000000100000001011000110000000100000001011101010000000100000001000000010000000100000001000000010000000100000001011001110000000100000001010001110000000100000001010010110000000100000001010111000000000100000001011010000000000100000001011011100000000100000001000000010000000100000001000000010000000100000001000000010000000100000001000000010000000100000001000000010000000100000001000000010000000100000001000000010000000100000001000000010000000100000001000000010000000100000001000000010000000100000001000000010000000100000001000000010000000100000001000000010000000100000001000000010000000100000001011100110000000100000001011000000000000100000001011101100000000100000001011100100000000100000001000000010000000100000001000000010000000100000001000000010000000100000001000000010000000100000001000000010000000100000001000000010000000100000001000000010000000100000001000000010000000100000001000000010000000100000001000000010000000100000001000000010000000100000001000000010000000100000001000000010000000100000001000000010000000100000001000000010000000100000001000000010000000100000001000000010000000101111100000000010000000101100011000000010111100001001110011101100110010100111010011011100101111000110000011100010110000000110101011011010101101100110010011100110110001000111011000000010111010001001101000000010000000101101011000000010000000100000001000000010000000100000001000000010000000100000001000000010000000100000001000000010000000100000001000000010000000100000001000000010000000100000001000000010000000100000001000000010000000100000001000000010000000100000001000000010000000100000001000000010000000100000001000000010000000100000001000000010000000100000001000000010000000100000001000000010000000100000001000000010000000100000001000000010000000100000001000000010000000100000001000000010000000100000001000000010000000100000001000000010000000100000001000000010000000100000001000000010000000100000001000000010000000100000001000000010000000100000001000000010000000100000001000000010000000100000001000000010000000100000001000000010000000100000001000000010000000100000001000000010000000100000001000000010000000100000001000000010000000100000001000000010000000100000001000000010000000100000001000000010000000100000001000000010000000100000001000000010000000100000001000000010000000100000001000000010000000100000001000000010000000100000001000000010000000100000001000000010000000100000001000000010000000100000001000000010000000100000001000000010000000100000001000000010000000100000001000000010000000100000001000000010000000100000001000000010000000100000001000000010000000100000001000000010000000100000001000000010000000100000001000000010000000100000001000000010000000100000001000000010000000100000001000000010000000100000001000000010000000100000001000000010000000100000001000000010000000100000001000000010000000100000001000000010000000100000001000000010000000100000001000000010000000100000001000000010000000100000001000000010000000100000001000000010000000100000001000000010000000100000001000000010000000100000001000000010000000100000001000000010000000100000001000000010000000100000001000000010000000100000001000000010000000100000001000000010000000100000001000000010000000100000001000000010000000100000001000000010000000100000001000000010000000100000001000000010000000100000001000000010000000100000001000000010000000100000001000000010000000100000001000000010000000100000001000000010000000100000001000000010000000100000001000000010000000100000001000000010000000100000001000000000000000100000001000000010000000100000001000000010000000100000001000000010000000100000001000000010000000100000001000000010000000100000001000000010000000100000001000000010000000100000001000000010000000100000001000000010000000100000001000000010000000100000001000000010000000100000001000000010000000100000001000000010000000100000001000000010000000100000001000000010000000100000001000000010000000100000001000000010000000100000001000000010000000100000001000000010000000100000001000000010000000100000001000000010000000100000001000000010000000100000001000000010000000100000001000000010000000100000001000000010000000100000001000000010000000100000001000000010000000100000001000000010000000100000001000000010000000100000001000000010000000100000001000000010000000100000001000000010000000100000001000000010000000100000001000000010000000100000001000000010000000100000001000000010000000100000001000000010000000100000001000000010000000100000001000000010000000100000001000000010000000100000001000000010000000100000001000000010000000100000001000000010000000100000001000000010000000100000001000000010000000100000001000000010000000100000001000000010000000100000001000000010000000100000001000000010000000100000001000000010000000100000001000000010000000100000001000000010000000100000001000000010000000100000001000000010000000100000001000000010000000100000001000000010000000100000001000000010000000100000001000000010000000100000001000000010000000100000001000000010000000100000001000000010000000100000001000000010000000100000001000000010000000100000001000000010000000100000001000000010000000100000001000000010000000100000001000000010000000100000001000000010000000100000001000000010000000100000001000000010000000100000001000000010000000100000001000000010000000100000001000000010000000100000001000000010000000100000001000000010000000100000001000000010000000100000001000000010000000100000001000000010000000100000001000000010000000100000001000000010000000100000001000000010000000100000001000000010000000100000001000000010000000100000001000000010000000100000001000000010000000100000001000000010000000100000001000000010000000100000001000000010000000100000001000000010000000100000001000000010000000100000001000000010000000100000001000000010000000100000001000000010000000100000001000000010000000100000001000000010000000100000001000000010000000100000001000000010000000100000001000000010100001100100001000000110101010100101111000011000000000101011011001011100111101101001101000101110111110001001001000010110000000101010111000100100000000101011010000011110000000101011101000011100000000101010101000001010000000101010000000000000000000101010111000001110000000101011010000011000000000101011010000011100000000101011110000101000000000101011111000101100000000101011010000101000000000101100011000110110000000101011011000101010000000101011010000101000000000101100111001000010000000101100010000111010000000101011001000100100000000101011001000100110000000101010100000011110000000101010110000101010000000101011000000111000000000101010010000111100000000100000001011000010000000100000001000000010000000100000001011011000100001000110100000101110110100101110101010101110000000100000001000000010000000100000001000000010000000100000001000000010000000100000001000000010000000100000001000000010000000100000001000000010000000100000001000000010101000001010110001111110101101001010000001111110000000101111100011100110000000100000001000000010000000100000001000000010000000100000001000000010000000100000001000000010000000100000001000000010000000100000001000000010000000100000001000000010110110000000001000000010110100000000001000000010110111100000001000000010111011100000001000000010111011000000001000000010110000000000001000000010110111000000001000000010110011000000001000000010110011100000001000000010101100000000001000000010101110100000001000000010110100100000001000000010110111000000001000000010110011000000001000000010110011000000001000000010110011000000001000000010101101100000001000000010101110000000001000000010101110000000001000000010110110100000001000000010111000100000001000000010110011100000001000000010110010000000001000000010110111000000001000000010110111000000001000000010101111100000001000000010101001000000001000000010101001100000001000000010101111100000001000000010110001100000001000000010111000100000001000000010110011000000001000000010110010100000001000000010110011000000001000000010101110000000001000000010101100100000001000000010111111100000001000000010111011100000001000000010110010000000001000000010000000100000001000000010110110000000001000000010111100100000001000000010000000100000001000000010000000100000001000000010000000100000001000000010000000100000001000000010000000100000001000000010000000100000001000000010000000100000001000000010000000100000001000000010000000100000001000000010000000100000001000000010000000100000001000000010000000100000001000000010000000100000001000000010000000100000001000000010000000100000001000000010000000100000001000000010000000100000001000000010000000100000001000000010000000100000001000000010111100100000001000000010110010100000001000000010110100000000001000000010110000000000001000000010110000100000001000000010110010100000001000000010111101000000001000000010111110000000001000000010110101000000001000000010110100000000001000000010111010000000001000000010110100000000001000000010101100100000001000000010101110100000001000000010110000100000001000000010110110100000001000000010110110000000001000000010110010000000001000000010101111100000001000000010101101000000001000000010101111000000001000000010101111000000001000000010110110000000001000000010111000100000001000000010110101000000001000000010110001000000001000000010111000000000001000000010111001000000001000000010101110100000001000000010101001100000001000000010101101000000001000000010110000100000001000000010110101100000001000000010110110100000001000000010110011100000001000000010110110100000001000000010110001000000001000000010110001000000001000000010110101100000001000000010000000100000001000000010000000100000001000000010000000100000001000000010000000100000001000000010000000100000001000000010000000100000001000000010000000100000001000000010000000100000001000000010000000100000001000000010000000100000001000000010000000100000001000000010000000100000001000000010000000100000001000000010000000100000001000000010000000100000001000000010111111100000001000000010110110100000001000000010000000100000001000000010110111000000001000000010000000100000001000000010000000100000001000000010000000100000001000000010000000100000001000000010000000100000001000000010000000100000001000000010000000100000001000000010000000100000001000000010000000100000001000000010000000100000001000000010000000100000001000000010000000100000001000000010000000100000001011111100000000100000001010100000111110001011101001010000000000101100010001010010111110101011110001000010111010101010100000101010111010001010001000100010111011001010010000100100111101101011000000101100000000101100000000111100111111001011010000110100000000101100011001001010111010001001111000100110111001001001101000100110111001101010001000110110111010001010100000111110111100101011001001010000000000101101110010000010000000100000001011111100000000100000001000000010000000100000001000000010000000100000001000000010000000100000001000000010000000100000001000000010000000100000001000000010000000100000001000000010000000100000001000000010000000100000001000000010000000100000001000000010000000100000001000000010000000100000001000000010000000100000001000000010000000100000001000000010000000100000001000000010000000100000001000000010000000100000001000000010000000100000001000000010000000100000001000000010000000100000001000000010000000100000001000000010000000100000001000000010000000100000001000000010000000100000001000000010000000100000001000000010000000100000001000000010000000100000001000000010000000100000001000000010000000100000001000000010000000100000001000000010000000100000001000000010000000100000001000000010000000100000001000000010000000100000001000000010000000100000001000000010000000100000001000000010000000100000001000000010000000100000001000000010000000100000001000000010000000100000001000000010000000100000001000000010000000100000001000000010000000100000001000000010000000100000001000000010000000100000001000000010000000100000001000000010000000100000001000000010000000100000001000000010000000100000001000000010000000100000001000000010000000100000001000000010000000100000001000000010000000100000001000000010000000100000001000000010000000100000001000000010000000100000001000000010000000100000001000000010000000100000001000000010000000100000001000000010000000100000001000000010000000100000001000000010000000100000001000000010000000100000001000000010000000100000001000000010000000100000001000000010000000100000001000000010000000100000001000000010000000100000001000000010000000100000001000000010000000100000001000000010000000100000001000000010000000100000001000000010000000100000001000000010000000100000001000000010000000100000001000000010000000100000001000000010000000100000001000000010000000100000001000000010000000100000001000000010000000100000001000000010000000100000001000000010000000100000001000000010000000100000001000000010000000100000001000000010000000000000001000000010000000100000001000000010000000100000001000000010000000100000001000000010000000100000001000000010000000100000001000000010000000100000001000000010000000100000001000000010000000100000001000000010000000100000001000000010000000100000001000000010000000100000001000000010000000100000001000000010000000100000001000000010000000100000001000000010111111000000001000000010111010000000001000000010000000100000001000000010000000100000001000000010000000100000001000000010110111000000001000000010111001000000001000000010000000100000001000000010000000100000001000000010000000100000001000000010000000100000001000000010000000100000001000000010000000100000001000000010000000100000001000000010000000100000001000000010000000100000001000000010000000100000001000000010000000100000001000000010000000100000001000000010000000100000001000000010000000100000001000000010000000100000001000000010000000100000001000000010000000100000001000000010000000100000001000000010000000100000001000000010000000100000001000000010000000100000001000000010000000100000001000000010000000100000001000000010000000100000001000000010000000100000001000000010000000100000001000000010000000100000001000000010000000100000001000000010000000100000001000000010000000100000001000000010000000100000001000000010000000100000001000000010000000100000001000000010000000100000001000000010000000100000001000000010000000100000001000000010000000100000001000000010000000100000001000000010000000100000001000000010000000100000001000000010000000100000001000000010000000100000001000000010000000100000001000000010000000100000001000000010000000100000001000000010000000100000001000000010000000100000001000000010000000100000001000000010000000100000001000000010000000100000001000000010000000100000001000000010000000100000001000000010000000100000001000000010000000100000001000000010000000100000001000000010000000100000001000000010000000100000001000000010000000100000001000000010000000100000001000000010000000100000001000000010000000100000001000000010000000100000001000000010000000100000001000000010000000100000001000000010000000100000001000000010000000100000001000000010000000100000001000000010000000100000001000000010000000100000001000000010000000100000001000000010000000100000001000000010000000100000001000000010000000100000001000000010000000101111001011000110101000100000001011100010101100000000001000000010000000100000001000000010000000100000001010110010011001001101111010000010001000100000001010100010001100100000001010110100001101100000001010110010001001000000001010101010000100100000001010110100000101100000001010110100000000101011111000011110000000101100111000101110000000101100100000101010000000101011111000100110000000101100011000101110000000101100000000101110000000101011001000100110000000101011100000101000000000101010110000011110000000101011010000101000000000101100110001000000000000101011101000101110000000101010011000011010000000101011000000100010000000101010001000010110000000101010110000101010111011001000001000010000111111001001111000111000000000101111001010011010000000100000001000000010000000100000001000000010101111001100010010001010000000100000001000000010111110100000001000000010000000100000001000000010111110100000001000000010000000100000001000000010000000100000001000000010111000000000001010111110000000100000001000000010000000100000001011011100000000100000001000000010000000100000001000000010000000100000001000000010000000100000001000000010000000100000001000000010000000100000001000000010000000100000001000000010111100000000001000000010000000100000001000000010000000100000001000000010110100000000001000000010111001100000001000000010000000100000001000000010110011100000001000000010101000100000001000000010110100000000001000000010110111100000001000000010110111100000001000000010101111000000001000000010101110100000001000000010110110100000001000000010111011000000001000000010110101100000001000000010110111000000001000000010110111100000001000000010110000000000001000000010101100100000001000000010101101000000001000000010111000100000001000000010111011100000001000000010110011100000001000000010110101000000001000000010111100000000001000000010110101000000001000000010110001000000001000000010101101100000001000000010111000000000001000000010110001100000001000000010110011000000001000000010111001000000001000000010111011000000001000000010111110000000001000000010111011100000001000000010000000100000001000000010111110100000001000000010110111100000001000000010110010000000001000000010110111000000001000000010101101100000001000000010111100100000001000000010111000100000001000000010111111000000001000000010111111000000001000000010000000100000001000000010000000100000001000000010000000100000001000000010000000100000001000000010000000100000001000000010000000100000001000000010000000100000001000000010000000100000001000000010000000100000001000000010000000100000001000000010000000100000001000000010000000100000001000000010000000100000001000000010000000100000001000000010000000100000001000000010000000100000001000000010000000100000001000000010111011100000001000000010110101100000001000000010111100100000001000000010111011100000001000000010110111100000001000000010110101100000001000000010111100100000001000000010111001000000001000000010101010000000001000000010110101000000001000000010110101000000001000000010110110000000001000000010101110100000001000000010101010100000001000000010111001100000001000000010111100000000001000000010101111000000001000000010110011100000001000000010110111100000001000000010101111000000001000000010101011000000001000000010101110000000001000000010111001100000001000000010111100100000001000000010110101000000001000000010110101100000001000000010111110100000001000000010110100100000001000000010110000100000001000000010101110100000001000000010110110000000001000000010110010100000001000000010110010100000001000000010110110100000001000000010111010000000001000000010000000100000001000000010111011100000001000000010111111100000001000000010000000100000001000000010111010000000001000000010111011100000001000000010111100100000001000000010000000100000001000000010000000100000001000000010000000100000001000000010000000100000001000000010000000100000001000000010000000100000001000000010000000100000001000000010000000100000001000000010000000100000001000000010000000100000001000000010000000100000001000000010000000100000001000000010000000100000001000000010111110000000001000000010111100000000001000000010000000100000001000000010000000100000001000000010000000100000001000000010000000100000001000000010000000100000001000000010000000100000001000000010000000100000001000000010000000100000001000000010000000100000001000000010000000100000001000000010000000100000001000000010000000101101010001111010110101001001000000100110111101101010110000110100000000101010101000101100111111101010100000100010000000101011011000101000000000101011000000011110111111101010000000001100000000101010010000010000000000101010111000010110000000101011000000011000000000101011000000000010101100100001101000000010110001000010110000000010110010000011010000000010110000000011000000000010101110100011001000000010101100100010110000000010101110100011110000000010110001100101000011111010101100100100011011100000100111100100001000000010111010001001100000000010000000100000001000000010000000100000001000000010000000100000001000000010000000100000001000000010000000100000001000000010000000100000001000000010000000100000001000000010000000100000001000000010000000100000001000000010000000100000001000000010000000100000001000000010000000100000001000000010000000100000001000000010000000100000001000000010000000100000001000000010000000100000001000000010000000100000001000000010000000100000001000000010000000100000001000000010000000100000001000000010000000100000001000000010000000100000001000000010000000100000001000000010000000100000001000000010000000100000001000000010000000100000001000000010000000100000001000000010000000100000001000000010000000100000001000000010000000100000001000000010000000100000001000000010000000100000001000000010000000100000001000000010000000100000001000000010000000100000001000000010000000100000001000000010000000100000001000000010000000100000001000000010000000100000001000000010000000100000001000000010000000100000001000000010000000100000001000000010000000100000001000000010000000100000001000000010000000100000001000000010000000100000001000000010000000100000001000000010000000100000001000000010000000100000001000000010000000100000001000000010000000100000001000000010000000100000001000000010000000100000001000000010000000100000001000000010000000100000001000000010000000100000001000000010000000100000001000000010000000100000001000000010000000100000001000000010000000100000001000000010000000100000001000000010000000100000001000000010000000100000001000000010000000100000001000000010000000100000001000000010000000100000001000000010000000100000001000000010000000100000001000000010000000100000001000000010000000100000001000000010000000100000001000000010000000100000001000000010000000100000001000000010000000100000001000000010000000100000001000000010000000100000001000000010000000100000001000000010000000100000001000000010000000100000001000000010000000100000001000000010000000100000001000000010000000100000001000000000000000100000001000000010000000100000001000000010000000100000001000000010000000100000001000000010000000100000001000000010000000100000001000000010000000100000001000000010000000100000001000000010000000100000001000000010000000100000001000000010000000100000001011010110000000100000001011101000000000100000001000000010000000100000001000000010000000100000001011010000000000100000001011000000000000100000001011100110000000100000001000000010000000100000001011011010000000100000001011000010000000100000001011001100000000100000001011100100000000100000001000000010000000100000001000000010000000100000001011100000000000100000001011101110000000100000001000000010000000100000001000000010000000100000001000000010000000100000001000000010000000100000001000000010000000100000001000000010000000100000001000000010000000100000001000000010000000100000001000000010000000100000001000000010000000100000001000000010000000100000001000000010000000100000001000000010000000100000001000000010000000100000001000000010000000100000001000000010000000100000001000000010000000100000001000000010000000100000001000000010000000100000001000000010000000100000001000000010000000100000001000000010000000100000001000000010000000100000001000000010000000100000001000000010000000100000001000000010000000100000001000000010000000100000001000000010000000100000001000000010000000100000001000000010000000100000001000000010000000100000001000000010000000100000001000000010000000100000001000000010000000100000001000000010000000100000001000000010000000100000001000000010000000100000001000000010000000100000001000000010000000100000001000000010000000100000001000000010000000100000001000000010000000100000001000000010000000100000001000000010000000100000001000000010000000100000001000000010000000100000001000000010000000100000001000000010000000100000001000000010000000100000001000000010000000100000001000000010000000100000001000000010000000100000001000000010000000100000001000000010000000100000001000000010000000100000001000000010000000100000001000000010000000100000001000000010000000100000001000000010000000100000001000000010000000100000001000000010000000100000001000000010000000100000001000000010000000100000001000000010000000100000001000000010000000100000001000000010000000100000001000000010000000100000001000000010000000100000001000000010101111001000100001011000011110100011101000000000000000100000001000000010000000100000001000000010000000100000001011011000111100101001010000101100111100101000111000010110000000101011101000110100000000101011101000101000000000101100000000101000000000101011110000011110000000101011101000011010000000101100001000100010000000101100100000101010000000101011100000011010000000101010110000000010101101100001111000000010101011000001011000000010101110100010010000000010110001000010111000000010101010100001100000000010100111100000110000000010101000000001000000000010101000000001001000000010101011000001111000000010110010000011101000000010110001100011101000000010101011100010110000000010101010100011011011110010100101100011011010101010011001000000111011001100100111000101010000000010000000100000001000000010000000100000001011110100000000100000001000000010000000100000001000000010000000100000001011111000000000100000001000000010000000100000001000000010000000100000001000000010000000100000001000000010000000100000001000000010000000100000001000000010000000101111001000000010000000101111101000000010111011001100010000000010000000100000001000000010000000100000001000000010000000100000001000000010000000100000001011111010000000100000001011111010000000100000001011101110000000100000001011000100000000100000001010101110000000100000001010110100000000100000001011100000000000100000001010101110000000100000001011011000000000100000001011011110000000100000001011001000000000100000001010110000000000100000001011001010000000100000001011110100000000100000001000000010000000100000001011011000000000100000001011010010000000100000001011100000000000100000001011010010000000100000001011010100000000100000001011100000000000100000001011110000000000100000001011010110000000100000001011010100000000100000001011011000000000100000001011101110000000100000001011011110000000100000001011001100000000100000001011000110000000100000001011110010000000100000001011001100000000100000001011001110000000100000001011100000000000100000001011111010000000100000001000000010000000100000001011100000000000100000001011100000000000100000001011010110000000100000001010100100000000100000001010111000000000100000001011000100000000100000001011000110000000100000001011100010000000100000001011101000000000100000001010101100000000101111001011010000000000100000001000000010000000100000001000000010000000100000001000000010000000100000001000000010000000100000001000000010000000100000001000000010000000100000001000000010000000100000001000000010000000100000001000000010000000100000001000000010000000100000001000000010000000100000001000000010000000100000001000000010000000100000001000000010000000100000001000000010000000100000001011110100000000100000001011111000000000100000001011100010000000100000001011001000000000100000001011011000000000100000001011001110000000100000001010101110000000100000001010101010000000100000001011010010000000100000001011010010000000100000001010110110000000100000001011101100000000100000001011010110000000100000001011001100000000100000001010110000000000100000001010101110000000100000001011110110000000100000001011100110000000100000001011000110000000100000001011001110000000100000001011100100000000100000001011010000000000100000001011001000000000100000001011011110000000100000001011111000000000100000001011100000000000100000001011010110000000100000001011011110000000100000001011110100000000100000001011010100000000100000001011010100000000100000001011001010000000100000001011100010000000100000001011001110000000100000001011010010000000100000001011100110000000100000001000000010000000100000001000000010000000100000001011110000000000100000001011100010000000100000001011011110000000100000001010111100000000100000001011000100000000100000001011010110000000100000001011011010000000100000001000000010000000100000001000000010000000100000001000000010000000100000001000000010000000100000001000000010000000100000001000000010000000100000001000000010000000100000001000000010000000100000001000000010000000100000001000000010000000100000001000000010000000100000001000000010000000100000001000000010000000100000001011011010000000100000001000000010000000100000001000000010000000100000001000000010000000100000001000000010000000100000001000000010000000100000001000000010000000100000001000000010000000100000001000000010000000100000001000000010000000100000001011111110110001000111101011011010100101000011110011101000100110000011000000000010101101000011111000000010101100000011000000000010101011000010011000000010100111100001000000000010101100100010000000000010101100000001101000000010101001100000110000000010101100000001011000000010101111000001111000000010101110100001110000000010101100100000001011000110001001000000001010111000000110100000001011001010001100000000001010110100000111100000001010110110000111100000001010110010001001000000001011000100001110000000001010111110001110100000001010111110010001001111011010101000001110100000001011001100011010101110011010101110010111001111110011010100100011100000001000000010000000100000001000000010000000100000001000000010000000100000001000000010000000100000001000000010000000100000001000000010000000100000001000000010000000100000001000000010000000100000001000000010000000100000001000000010000000100000001000000010000000100000001000000010000000100000001000000010000000100000001000000010000000100000001000000010000000100000001000000010000000100000001000000010000000100000001000000010000000100000001000000010000000100000001000000010000000100000001000000010000000100000001000000010000000100000001000000010000000100000001000000010000000100000001000000010000000100000001000000010000000100000001000000010000000100000001000000010000000100000001000000010000000100000001000000010000000100000001000000010000000100000001000000010000000100000001000000010000000100000001000000010000000100000001000000010000000100000001000000010000000100000001000000010000000100000001000000010000000100000001000000010000000100000001000000010000000100000001000000010000000100000001000000010000000100000001000000010000000100000001000000010000000100000001000000010000000100000001000000010000000100000001000000010000000100000001000000010000000100000001000000010000000100000001000000010000000100000001000000010000000100000001000000010000000100000001000000010000000100000001000000010000000100000001000000010000000100000001000000010000000100000001000000010000000100000001000000010000000100000001000000010000000100000001000000010000000100000001000000010000000100000001000000010000000100000001000000010000000100000001000000010000000100000001000000010000000100000001000000010000000100000001000000010000000100000001000000010000000100000001000000010000000100000001000000010000000100000001000000010000000100000001000000010000000100000001000000010000000100000001000000010000000100000001000000010000000100000001000000010000000100000001000000010000000100000001000000010000000100000001000000010000000100000001000000010000000100000000000000010000000100000001000000010000000100000001000000010000000100000001000000010000000100000001000000010000000100000001000000010000000100000001000000010000000100000001000000010000000100000001000000010000000100000001000000010000000100000001000000010000000101101111000000010000000101111011000000010000000100000001000000010000000100000001000000010000000101100011000000010000000101100010000000010000000101110101000000010000000100000001000000010000000101110000000000010000000101100110000000010000000101101000000000010000000101111001000000010000000100000001000000010000000100000001000000010000000101110101000000010000000100000001000000010000000100000001000000010000000100000001000000010000000100000001000000010000000100000001000000010000000100000001000000010000000100000001000000010000000100000001000000010000000100000001000000010000000100000001000000010000000100000001000000010000000100000001000000010000000100000001000000010000000100000001000000010000000100000001000000010000000100000001000000010000000100000001000000010000000100000001000000010000000100000001000000010000000100000001000000010000000100000001000000010000000100000001000000010000000100000001000000010000000100000001000000010000000100000001000000010000000100000001000000010000000100000001000000010000000100000001000000010000000100000001000000010000000100000001000000010000000100000001000000010000000100000001000000010000000100000001000000010000000100000001000000010000000100000001000000010000000100000001000000010000000100000001000000010000000100000001000000010000000100000001000000010000000100000001000000010000000100000001000000010000000100000001000000010000000100000001000000010000000100000001000000010000000100000001000000010000000100000001000000010000000100000001000000010000000100000001000000010000000100000001000000010000000100000001000000010000000100000001000000010000000100000001000000010000000100000001000000010000000100000001000000010000000100000001000000010000000100000001000000010000000100000001000000010000000100000001000000010000000100000001000000010000000100000001000000010000000100000001000000010000000100000001000000010000000100000001000000010000000100000001000000010000000100000001000000010000000100000001000000010000000100000001000000010000000100000001000000010000000100000001000000010000000101110100011000110100011000100111010110000011001000001111011110000100111100101000000000010000000101101010000000010000000100000001000000010000000101010110000000010101101100011100000000010101010100010000000000010101100100001110000000010110001000010110000000010101111000001111000000010101100100001001000000010101100000001000000000010101011100001000000000010101001000000011000000010100111100000010000000010101000100000101000000010101101100001101000000010101110100001111000000010101101000001101000000010101100000001100000000010110001000010110000000010110001100011011000000010101100000010001000000010101010000001101000000010101101000010010000000010101101100010110011101100100000000000001011100100100000100001001011100000100010000010101011010000100100000011111010110100100011000100011011101100111101101011011000000010000000100000001011110010000000100000001000000010000000100000001000000010000000100000001000000010000000100000001000000010000000100000001000000010000000100000001000000010000000101111011000000010110101001000100011011110100101100100101000000010101110000110110011011010100100000100110010011000011010000010110011010010110011001001010000000010000000100000001000000010000000100000001011100100000000100000001011101100000000100000001011110100000000100000001011110100000000100000001011000110000000100000001010100100000000100000001010010000000000100000001010101110000000100000001011001010000000100000001011101100000000100000001000000010000000100000001000000010000000100000001011101110000000100000001011010100000000100000001011101000000000100000001000000010000000100000001011010000000000100000001010011100000000100000001010110100000000100000001011011010000000100000001011011110000000100000001011010000000000100000001011101010000000100000001011111000000000100000001011110100000000100000001011100100000000100000001011100110000000100000001000000010000000100000001011101000000000100000001011010110000000100000001011001010000000100000001011010010000000100000001011001100000000100000001011011110000000100000001011110010000000100000001011101000000000100000001011010010000000100000001011001110000000100000001010111100000000100000001010101010000000100000001011010010000000100000001011000100000000100000001011010100000000100000001011111110000000100000001011111100000000100000001010111000000000100000001011011110000000100000001000000010000000100000001000000010000000100000001000000010000000100000001000000010000000100000001000000010000000100000001000000010000000100000001000000010000000100000001000000010000000100000001000000010000000100000001000000010000000100000001000000010000000100000001000000010000000100000001000000010000000100000001000000010000000100000001011110010000000100000001011011010000000100000001010110100000000100000001011010000000000100000001011011000000000100000001011101100000000100000001011100000000000100000001010111000000000100000001010011110000000100000001010011110000000100000001010011110000000100000001011001000000000100000001011100110000000100000001000000010000000100000001000000010000000100000001011101000000000100000001011010010000000100000001011100000000000100000001011111010000000100000001011011010000000100000001010011010000000100000001010110000000000100000001011010110000000100000001011011110000000100000001011001100000000100000001011101000000000100000001000000010000000100000001011110010000000100000001011101100000000100000001011100110000000100000001000000010000000100000001011101110000000100000001011010110000000100000001011001010000000100000001011010010000000100000001011000110000000100000001011011100000000100000001011111000000000100000001011110010000000100000001011011000000000100000001011001110000000100000001011000100000000100000001011000000000000100000001011001000000000100000001011011100000000100000001011101100000000100000001000000010000000100000001000000010000000100000001000000010000000100000001000000010000000100000001000000010000000100000001000000010000000100000001000000010000000100000001000000010000000100000001000000010000000100000001000000010000000100000001000000010000000100000001000000010000000100000001000000010000000100000001011110100000000100000001000000010000000100000001011110100000000100000001000000010000000100000001000000010000000100000001000000010000000100000001000000010000000100000001000000010000000100000001000000010110111001001000011010110100101100100010011110000101010000100110011111100101011000100001000000010101001100011001011111000100101000001000011111000100010100000000000000010101001000000001010011110000001100000001010101110000101100000001010110100000101100000001010101110000100000000001010110010000000101011100000011000000000101011011000010110000000101011011000010110000000101100000000100000000000101011100000011010000000101100111000110110000000101100011000101110000000101011111000101000000000101011100000100110000000101011011000101000000000101011100000110010111111101001111000011110111101001001110000100110000000101101111001110010111110101011100001011100101110001000010000110100101101101000101001000100000000100000001011010110000000100000001000000010000000100000001000000010000000100000001000000010000000100000001000000010000000100000001000000010000000100000001000000010000000100000001000000010000000100000001000000010000000100000001000000010000000100000001000000010000000100000001000000010000000100000001000000010000000100000001000000010000000100000001000000010000000100000001000000010000000100000001000000010000000100000001000000010000000100000001000000010000000100000001000000010000000100000001000000010000000100000001000000010000000100000001000000010000000100000001000000010000000100000001000000010000000100000001000000010000000100000001000000010000000100000001000000010000000100000001000000010000000100000001000000010000000100000001000000010000000100000001000000010000000100000001000000010000000100000001000000010000000100000001000000010000000100000001000000010000000100000001000000010000000100000001000000010000000100000001000000010000000100000001000000010000000100000001000000010000000100000001000000010000000100000001000000010000000100000001000000010000000100000001000000010000000100000001000000010000000100000001000000010000000100000001000000010000000100000001000000010000000100000001000000010000000100000001000000010000000100000001000000010000000100000001000000010000000100000001000000010000000100000001000000010000000100000001000000010000000100000001000000010000000100000001000000010000000100000001000000010000000100000001000000010000000100000001000000010000000100000001000000010000000100000001000000010000000100000001000000010000000100000001000000010000000100000001000000010000000100000001000000010000000100000001000000010000000100000001000000010000000100000001000000010000000100000001000000010000000100000001000000010000000100000001000000010000000100000001000000010000000100000001000000010000000100000001000000010000000100000001000000010000000100000001000000010000000100000001000000010000000000000001000000010000000100000001000000010000000100000001000000010000000100000001000000010000000100000001000000010000000100000001000000010000000100000001000000010000000100000001000000010000000100000001000000010000000100000001000000010000000100000001000000010000000100000001000000010000000100000001000000010000000100000001000000010000000100000001000000010000000100000001000000010111101000000001000000010000000100000001000000010000000100000001000000010000000100000001000000010111001100000001000000010111010100000001000000010000000100000001000000010000000100000001000000010000000100000001000000010000000100000001000000010000000100000001000000010000000100000001000000010000000100000001000000010000000100000001000000010000000100000001000000010000000100000001000000010000000100000001000000010000000100000001000000010000000100000001000000010000000100000001000000010000000100000001000000010000000100000001000000010000000100000001000000010000000100000001000000010000000100000001000000010000000100000001000000010000000100000001000000010000000100000001000000010000000100000001000000010000000100000001000000010000000100000001000000010000000100000001000000010000000100000001000000010000000100000001000000010000000100000001000000010000000100000001000000010000000100000001000000010000000100000001000000010000000100000001000000010000000100000001000000010000000100000001000000010000000100000001000000010000000100000001000000010000000100000001000000010000000100000001000000010000000100000001000000010000000100000001000000010000000100000001000000010000000100000001000000010000000100000001000000010000000100000001000000010000000100000001000000010000000100000001000000010000000100000001000000010000000100000001000000010000000100000001000000010000000100000001000000010000000100000001000000010000000100000001000000010000000100000001000000010000000100000001000000010000000100000001000000010000000100000001000000010000000100000001000000010000000100000001000000010000000100000001000000010000000100000001000000010000000100000001000000010000000100000001000000010000000100000001000000010000000100000001000000010000000100000001000000010000000100000001000000010000000100000001000000010000000100000001000000010000000100000001000000010000000100000001000000010000000100000001000000010000000101111010010111100011101101011000001101000000110001110101010010110010000001110000010000100001001000000001010110110010100100000001000000010101001100000001000000010100111100000001011010100010011100000001010010110000001100000001010011010000000100000001010101000000010100000001010101000000010000000001010101010000010100000001010101100000011000000001010101100000011100000001010101100000000101010100000010010000000101010010000001010000000101010010000000100000000101011010000000010101101100001011000000010101111100010001000000010110010100011001000000010101110100010010000000010101001000001000000000010100111000000111000000010101101100010011000000010101101000010101000000010110110000101101000000010000000101001011000000010000000101101110000000010000000100000001000000010000000100000001000000010000000100000001000000010000000100000001000000010000000100000001011111000000000100000001000000010000000100000001000000010000000100000001000000010000000100000001010101000101110000110111011100010101111000111000000000010101110100110010011110100101000000100011000000010101111100110000011011010100100000011100011010000101010000101011001101110011111000011001000000010000000100000001011010000000000100000001011101100000000100000001011111100000000100000001000000010000000100000001000000010000000100000001011010100000000100000001011000100000000100000001010111110000000100000001011001110000000100000001011101010000000100000001000000010000000100000001000000010000000100000001000000010000000100000001011100100000000100000001011010010000000100000001011010010000000100000001011010110000000100000001011000010000000100000001010101000000000100000001011001100000000100000001011011010000000100000001011011010000000100000001011100110000000100000001011111010000000100000001011110110000000100000001011111000000000100000001011101110000000100000001011101110000000100000001000000010000000100000001011110110000000100000001011101110000000100000001011000010000000100000001011011010000000100000001010111110000000100000001010111000000000100000001011001010000000100000001010101100000000100000001010110100000000100000001011011100000000100000001010111110000000100000001010100100000000100000001010110000000000100000001011001110000000100000001011000000000000100000001011000110000000100000001011001110000000100000001011110010000000100000001011011000000000100000001000000010000000100000001000000010000000100000001000000010000000100000001000000010000000100000001000000010000000100000001000000010000000100000001000000010000000100000001000000010000000100000001000000010000000100000001000000010000000100000001000000010000000100000001000000010000000100000001000000010000000100000001000000010000000100000001011010100000000100000001011000010000000100000001010110000000000100000001010111000000000100000001011100100000000100000001011110000000000100000001011110000000000100000001011100110000000100000001011010000000000100000001011000000000000100000001011010010000000100000001011101110000000100000001011110100000000100000001000000010000000100000001011110110000000100000001011011000000000100000001011100010000000100000001011010000000000100000001011100000000000100000001011000010000000100000001010100000000000100000001011001000000000100000001011011110000000100000001011101000000000100000001011101010000000100000001011110110000000100000001011110100000000100000001011111000000000100000001011110100000000100000001011100110000000100000001000000010000000100000001011111010000000100000001011100110000000100000001011010110000000100000001011010000000000100000001010101010000000100000001010100100000000100000001011001110000000100000001010110110000000100000001010111000000000100000001011101000000000100000001011010010000000100000001010101010000000100000001010101110000000100000001011000100000000100000001011011100000000100000001011101100000000100000001011101010000000100000001000000010000000100000001000000010000000100000001000000010000000100000001000000010000000100000001000000010000000100000001000000010000000100000001000000010000000100000001000000010000000100000001000000010000000100000001000000010000000100000001000000010000000100000001011111010000000100000001011100000000000100000001000000010000000100000001000000010000000100000001000000010000000100000001000000010000000100000001000000010000000100000001010100000100010000011010011000110100100100011010011011000100101000010101011100110100110100010011000000010101101100011100000000010101110100011001000000010101010000001011000000010110010100011000000000010101101100000001010101100000010100000001010110000000011000000001010110010000100000000001010111010000110000000001011000100001000100000001010111100000110000000001010110010000011100000001010110000000100000000001010101110000101100000001010111010001001000000001011000000001100000000001011001000001110000000001010110110001010100000001010100110000111000000001010010110000100100000001010101100001010100000001010111100010000000000001011000110010101100000001010110010010010101100010001111100001000001101000010010100010000101111010010111110011101000000001000000010110000000000001000000010000000100000001000000010000000100000001000000010000000100000001000000010000000100000001000000010000000100000001000000010000000100000001000000010000000100000001000000010000000100000001000000010000000100000001000000010000000100000001000000010000000100000001000000010000000100000001000000010000000100000001000000010000000100000001000000010000000100000001000000010000000100000001000000010000000100000001000000010000000100000001000000010000000100000001000000010000000100000001000000010000000100000001000000010000000100000001000000010000000100000001000000010000000100000001000000010000000100000001000000010000000100000001000000010000000100000001000000010000000100000001000000010000000100000001000000010000000100000001000000010000000100000001000000010000000100000001000000010000000100000001000000010000000100000001000000010000000100000001000000010000000100000001000000010000000100000001000000010000000100000001000000010000000100000001000000010000000100000001000000010000000100000001000000010000000100000001000000010000000100000001000000010000000100000001000000010000000100000001000000010000000100000001000000010000000100000001000000010000000100000001000000010000000100000001000000010000000100000001000000010000000100000001000000010000000100000001000000010000000100000001000000010000000100000001000000010000000100000001000000010000000100000001000000010000000100000001000000010000000100000001000000010000000100000001000000010000000100000001000000010000000100000001000000010000000100000001000000010000000100000001000000010000000100000001000000010000000100000001000000010000000100000001000000010000000100000001000000010000000100000001000000010000000100000001000000010000000100000001000000010000000100000001000000010000000100000001000000010000000100000001000000010000000100000001000000010000000100000001000000010000000100000001000000010000000100000001000000010000000100000000000000010000000100000001000000010000000100000001000000010000000100000001000000010000000100000001000000010000000100000001000000010000000100000001000000010000000100000001000000010000000100000001000000010000000100000001000000010000000100000001000000010000000100000001000000010000000100000001000000010000000100000001000000010000000100000001000000010000000100000001000000010000000100000001000000010000000100000001000000010000000100000001000000010000000100000001000000010000000100000001000000010000000100000001000000010000000100000001000000010000000100000001000000010000000100000001000000010000000100000001000000010000000100000001000000010000000100000001000000010000000100000001000000010000000100000001000000010000000100000001000000010000000100000001000000010000000100000001000000010000000100000001000000010000000100000001000000010000000100000001000000010000000100000001000000010000000100000001000000010000000100000001000000010000000100000001000000010000000100000001000000010000000100000001000000010000000100000001000000010000000100000001000000010000000100000001000000010000000100000001000000010000000100000001000000010000000100000001000000010000000100000001000000010000000100000001000000010000000100000001000000010000000100000001000000010000000100000001000000010000000100000001000000010000000100000001000000010000000100000001000000010000000100000001000000010000000100000001000000010000000100000001000000010000000100000001000000010000000100000001000000010000000100000001000000010000000100000001000000010000000100000001000000010000000100000001000000010000000100000001000000010000000100000001000000010000000100000001000000010000000100000001000000010000000100000001000000010000000100000001000000010000000100000001000000010000000100000001000000010000000100000001000000010000000100000001000000010000000100000001000000010000000100000001000000010000000100000001000000010000000100000001000000010000000100000001000000010000000100000001000000010000000100000001000000010000000100000001000000010000000100000001000000010000000100000001000000010000000100000001000000010000000100000001000000010000000100000001000000010000000100000001000000010000000100000001000000010000000100000001000000010000000100000001000000010000000100000001000000010000000100000001000000010000000101110111000000010101111000110010011100100100100100011000011111000100110100011001000000010101100000100000000000010101001000011001000000010100111100010010000000010110011000100011000000010111010000101110000000010110011000011011000000010101110000001101000000010101001000000010000000010101001000000010000000010101010000000100000000010101010100000101000000010101010000001000000000010101101000001101000000010101101100010000000000010101011000001001000000010101100000001000000000010101100000000111000000010101001100000011000000010101110000001110000000010110010100011001000000010110001000010111000000010101111000010011000000010101100000010000000000010111001000101001000000010000000101001010000000010000000101100000000000010000000101101111000000010000000101111100000000010000000101110110011100000110011101000001001100010100011000100000000000010000000100000001000000010000000100000001011110010000000100000001011001010000000100000001011110000000000100000001011001000000000101100011010111000101101100110101000000010111010101001100000000010111000000111111000000010110001100101111000000010110010100101110011111000101110100101000011001100101110000101100010111010110111001000010011110010000000100000001011110110000000100000001011000100000000100000001000000010000000100000001000000010000000100000001011111010000000100000001000000010000000100000001011011010000000100000001010111110000000100000001011100110000000100000001011100000000000100000001011111000000000100000001000000010000000100000001000000010000000100000001011110100000000100000001011011100000000100000001011001010000000100000001011000000000000100000001011010000000000100000001011101000000000100000001000000010000000100000001011111110000000100000001011100010000000100000001011100100000000100000001011100110000000100000001011010110000000100000001010110100000000100000001011010010000000100000001011100010000000100000001011011000000000100000001011110010000000100000001000000010000000100000001000000010000000100000001000000010000000100000001011001000000000100000001010011000000000100000001010111100000000100000001010110110000000100000001011000000000000100000001011011110000000100000001011010110000000100000001010111010000000100000001010101110000000100000001011000000000000100000001011000110000000100000001010010100000000101111101010011110000000100000001011100000000000100000001011011110000000100000001011001100000000100000001011101000000000100000001000000010000000100000001000000010000000100000001000000010000000100000001000000010000000100000001000000010000000100000001000000010000000100000001000000010000000100000001000000010000000100000001000000010000000100000001000000010000000100000001011111000000000100000001011110000000000100000001011000100000000100000001010100110000000100000001010110010000000100000001010111110000000100000001011101110000000100000001011111010000000100000001011111000000000100000001011110010000000100000001011011110000000100000001011000000000000100000001011001100000000100000001011100100000000100000001011111000000000100000001000000010000000100000001000000010000000100000001011101000000000100000001011011110000000100000001011001000000000100000001010111000000000100000001011001010000000100000001011101010000000100000001000000010000000100000001000000010000000100000001011100100000000100000001011101100000000100000001011101110000000100000001011010010000000100000001010111010000000100000001011010100000000100000001011011100000000100000001011100000000000100000001011110000000000100000001000000010000000100000001000000010000000100000001011111010000000100000001010111010000000100000001010001110000000100000001011000110000000100000001011001100000000100000001011001100000000100000001011110100000000100000001011101100000000100000001010101100000000100000001011001010000000100000001011000100000000100000001010101010000000100000001010100110000000100000001010111110000000100000001011111010000000100000001000000010000000100000001000000010000000100000001000000010000000100000001000000010000000100000001000000010000000100000001000000010000000100000001000000010000000100000001000000010000000100000001000000010000000100000001000000010000000100000001000000010000000100000001011010000000000100000001011101010000000100000001011111110000000100000001000000010000000100000001000000010000000100000001010110110110010000111001011110110110110100111100000000010110101100110010000000010111001000110100000000010111001000101111000000010111000100101010000000010110110000100000000000010110111100100000000000010100110000000000000000010100110100000000000000010101101100000111000000010101011000000010000000010101010000000010000000010101111000001100000000010110100000010110000000010110001100010001000000010101011100000111000000010101001100000100000000010101100000001101000000010101100000010010000000010100110000000110000000010101101100010110000000010110000000011011000000010101111000011100000000010101010000010110000000010101010000010111000000010101101000100000000000010110001000101110000000010101110000101011000000010111001101000111000000010000000101101110000000010000000100000001000000010000000100000001000000010000000100000001000000010000000100000001000000010000000100000001000000010000000100000001000000010000000100000001000000010000000100000001000000010000000100000001000000010000000100000001000000010000000100000001000000010000000100000001000000010000000100000001000000010000000100000001000000010000000100000001000000010000000100000001000000010000000100000001000000010000000100000001000000010000000100000001000000010000000100000001000000010000000100000001000000010000000100000001000000010000000100000001000000010000000100000001000000010000000100000001000000010000000100000001000000010000000100000001000000010000000100000001000000010000000100000001000000010000000100000001000000010000000100000001000000010000000100000001000000010000000100000001000000010000000100000001000000010000000100000001000000010000000100000001000000010000000100000001000000010000000100000001000000010000000100000001000000010000000100000001000000010000000100000001000000010000000100000001000000010000000100000001000000010000000100000001000000010000000100000001000000010000000100000001000000010000000100000001000000010000000100000001000000010000000100000001000000010000000100000001000000010000000100000001000000010000000100000001000000010000000100000001000000010000000100000001000000010000000100000001000000010000000100000001000000010000000100000001000000010000000100000001000000010000000100000001000000010000000100000001000000010000000100000001000000010000000100000001000000010000000100000001000000010000000100000001000000010000000100000001000000010000000100000001000000010000000100000001000000010000000100000001000000010000000100000001000000010000000100000001000000010000000100000001000000010000000100000001000000010000000100000001000000010000000100000001000000010000000100000001000000010000000100000001000000010000000100000001000000010000000100000001000000010000000100000001000000010000000100000001000000000000000100000001000000010000000100000001000000010000000100000001000000010000000100000001000000010000000100000001000000010000000100000001000000010000000100000001000000010000000100000001000000010000000100000001000000010000000100000001000000010000000100000001000000010000000100000001000000010000000100000001000000010000000100000001000000010000000100000001011100100000000100000001011011100000000100000001000000010000000100000001000000010000000100000001000000010000000100000001011010000000000100000001011010100000000100000001000000010000000100000001000000010000000100000001000000010000000100000001000000010000000100000001000000010000000100000001000000010000000100000001000000010000000100000001000000010000000100000001000000010000000100000001000000010000000100000001000000010000000100000001000000010000000100000001000000010000000100000001000000010000000100000001000000010000000100000001000000010000000100000001000000010000000100000001000000010000000100000001000000010000000100000001000000010000000100000001000000010000000100000001000000010000000100000001000000010000000100000001000000010000000100000001000000010000000100000001000000010000000100000001000000010000000100000001000000010000000100000001000000010000000100000001000000010000000100000001000000010000000100000001000000010000000100000001000000010000000100000001000000010000000100000001000000010000000100000001000000010000000100000001000000010000000100000001000000010000000100000001000000010000000100000001000000010000000100000001000000010000000100000001000000010000000100000001000000010000000100000001000000010000000100000001000000010000000100000001000000010000000100000001000000010000000100000001000000010000000100000001000000010000000100000001000000010000000100000001000000010000000100000001000000010000000100000001000000010000000100000001000000010000000100000001000000010000000100000001000000010000000100000001000000010000000100000001000000010000000100000001000000010000000100000001000000010000000100000001000000010000000100000001000000010000000100000001000000010000000100000001000000010000000100000001000000010000000100000001000000010000000100000001000000010000000100000001000000010000000100000001000000010000000100000001000000010000000100000001000000010000000100000001011000100000000101101111001111000111101101010001000111000000000101011011001000110111110001001000000011000000000101001101000011100000000101010010000100010000000101010001000011110000000101011000000100100000000101101100001000100000000101110011001001010000000101100100000101000000000101011101000011010000000101010110000001000000000101010101000001010000000101010110000001100000000101010010000001100000000101010111000000010101101100010000000000010101100100001110000000010101100000001001000000010110001000010001000000010110100100011011000000010111001100100111000000010111000000100100000000010110110000100011000000010111101100110011000000010000000100111010000000010111110100110100000000010111101100110110000000010110001000100001000000010101111100100101000000010101100100100101011001010100110100011111001010010010011100000000011001010111110101010011000000010000000100000001011110100000000100000001011100010000000100000001011100100000000100000001000000010000000100000001011000110111110001010110011010010110000000110101000000010110100000111010000000010111101001000011000000010101110000011110011111010101110000011101011100000101111000100001011000110110100100110000011110010000000101100111000000010000000100000001011111000000000100000001011100110000000100000001011101000000000100000001011010110000000100000001011010010000000100000001011011010000000100000001011010000000000100000001011010100000000100000001011001110000000100000001011001110000000100000001010111000000000100000001011100000000000100000001011110000000000100000001011010110000000100000001010011010000000100000001010101010000000100000001011110010000000100000001000000010000000100000001011001100000000100000001011001100000000100000001011101000000000100000001000000010000000100000001011110000000000100000001011000000000000100000001010110100000000100000001011011000000000100000001011111000000000100000001011101100000000100000001011011100000000100000001011001000000000100000001011011000000000100000001011111010000000100000001011010000000000100000001011101010000000100000001011010000000000100000001011100000000000100000001011101110000000100000001011111110000000100000001011101110000000100000001011111100000000100000001011111000000000100000001011101110000000100000001011001000000000100000001011001000000000100000001011011100000000100000001011000110000000100000001011001100000000100000001011011100000000100000001011101000000000100000001010111010000000100000001011100110000000100000001011011100000000100000001000000010000000100000001000000010000000100000001000000010000000100000001000000010000000100000001000000010000000100000001000000010000000100000001000000010000000100000001011101000000000100000001011011000000000100000001010110100000000100000001010100110000000100000001011010100000000100000001011010100000000100000001011010010000000100000001011100100000000100000001011011110000000100000001011011010000000100000001011001100000000100000001011010110000000100000001011011010000000100000001011100100000000100000001011000110000000100000001010110100000000100000001011010000000000100000001011110100000000100000001011010100000000100000001010011100000000100000001010110000000000100000001011101100000000100000001000000010000000100000001011011000000000100000001011010110000000100000001011100100000000100000001000000010000000100000001011110100000000100000001011001010000000100000001010111000000000100000001011011110000000100000001011110110000000100000001011101110000000100000001011011010000000100000001011000110000000100000001011010100000000100000001011110100000000100000001011001100000000100000001011100000000000100000001011010000000000100000001011100000000000100000001011110100000000100000001000000010000000100000001011110100000000100000001011110100000000100000001011011110000000100000001011011010000000100000001011001100000000100000001011000100000000100000001011010100000000100000001011110000000000100000001000000010000000100000001000000010000000100000001000000010000000100000001000000010000000100000001000000010000000100000001000000010000000100000001000000010000000100000001000000010000000100000001000000010000000100000001000000010000000100000001000000010000000100000001000000010000000100000001000000010000000100000001011110010000000100000001011101010000000100000001011111010000000100000001000000010000000100000001000000010000000100000001000000010000000101110110000000010000000101011011000000010111011000101111000000010110010000011100000000010101110100010010000000010101110100001101000000010101010000000011000000010110010100010010000000010101001100000000000000010101001100000000000000010101000000000000000000010100111000000000000000010101010100000110000000010101111100010000000000010101110100001110000000010101010100000111000000010101001000000111000000010101110000010110000000010101100100010100000000010100110000000111000000010110000000011110000000010111000100110001000000010111011100111001000000010111011100111100000000010101110000100101000000010110110000111000000000010000000101011111000000010111011101001011000000010111011001001110000000010000000101100101000000010000000100000001000000010000000101100110011101010101110101000001010101000100001000101011001000010001000100000001000000010000000100000001000000010000000100000001000000010000000100000001000000010000000100000001000000010000000100000001000000010000000100000001000000010000000100000001000000010000000100000001000000010000000100000001000000010000000100000001000000010000000100000001000000010000000100000001000000010000000100000001000000010000000100000001000000010000000100000001000000010000000100000001000000010000000100000001000000010000000100000001000000010000000100000001000000010000000100000001000000010000000100000001000000010000000100000001000000010000000100000001000000010000000100000001000000010000000100000001000000010000000100000001000000010000000100000001000000010000000100000001000000010000000100000001000000010000000100000001000000010000000100000001000000010000000100000001000000010000000100000001000000010000000100000001000000010000000100000001000000010000000100000001000000010000000100000001000000010000000100000001000000010000000100000001000000010000000100000001000000010000000100000001000000010000000100000001000000010000000100000001000000010000000100000001000000010000000100000001000000010000000100000001000000010000000100000001000000010000000100000001000000010000000100000001000000010000000100000001000000010000000100000001000000010000000100000001000000010000000100000001000000010000000100000001000000010000000100000001000000010000000100000001000000010000000100000001000000010000000100000001000000010000000100000001000000010000000100000001000000010000000100000001000000010000000100000001000000010000000100000001000000010000000100000001000000010000000100000001000000010000000100000001000000010000000100000001000000010000000100000001000000010000000100000001000000010000000100000001000000010000000100000001000000010000000100000001000000010000000100000001000000010000000100000001000000010000000100000001000000000000000100000001000000010000000100000001000000010000000100000001000000010000000100000001000000010000000100000001000000010000000100000001000000010000000100000001000000010000000100000001000000010000000100000001000000010000000100000001000000010000000100000001011100000000000100000001011100000000000100000001000000010000000100000001000000010000000100000001010111010000000100000001010110100000000100000001011100010000000100000001000000010000000100000001011001100000000100000001011000110000000100000001011010010000000100000001011100000000000100000001000000010000000100000001000000010000000100000001011101100000000100000001011111010000000100000001000000010000000100000001000000010000000100000001000000010000000100000001000000010000000100000001000000010000000100000001000000010000000100000001000000010000000100000001000000010000000100000001000000010000000100000001000000010000000100000001000000010000000100000001000000010000000100000001000000010000000100000001000000010000000100000001000000010000000100000001000000010000000100000001000000010000000100000001000000010000000100000001000000010000000100000001000000010000000100000001000000010000000100000001000000010000000100000001000000010000000100000001000000010000000100000001000000010000000100000001000000010000000100000001000000010000000100000001000000010000000100000001000000010000000100000001000000010000000100000001000000010000000100000001000000010000000100000001000000010000000100000001000000010000000100000001000000010000000100000001000000010000000100000001000000010000000100000001000000010000000100000001000000010000000100000001000000010000000100000001000000010000000100000001000000010000000100000001000000010000000100000001000000010000000100000001000000010000000100000001000000010000000100000001000000010000000100000001000000010000000100000001000000010000000100000001000000010000000100000001000000010000000100000001000000010000000100000001000000010000000100000001000000010000000100000001000000010000000100000001000000010000000100000001000000010000000100000001000000010000000100000001000000010000000100000001000000010000000100000001000000010000000100000001000000010000000100000001000000010000000100000001000000010000000100000001000000010000000100000001011010010000000101111010010001110000000101100100001010100111011101001000000000010101110000011101000000010110000000011101000000010101000100001100000000010101001000001100000000010101100000010000000000010101001100001001000000010101101000001110000000010110111000100000000000010111000000100000000000010101110100001100000000010101001100000001000000010101010000000100000000010101101000001011000000010101011100001011000000010101011100001100000000010101110100010100000000010101110100010010000000010110001100010111000000010110000100010101000000010110011000011010000000010111011100101110000000010111100100110010000000010110111100101001000000010110111100100111000000010110001000011010000000010101010100001100011111010100011100000000000000010101111100011100000000010101101000011100000000010101111000100111011100110101111000101011010001000100100000010111000000010000000101101111000000010000000100000001000000010000000100000001011101100000000100000001000000010000000100000001000000010000000100000001000000010000000101110011000000010111100001001011000000010110001100101111000000010110011000101011000000010111000100110000000000010111011000110011010111100101101000011001011100010000000101001000000000010000000100000001000000010000000100000001011101000000000100000001011100000000000100000001011010100000000100000001011011110000000100000001011100100000000100000001011011010000000100000001011000000000000100000001011011010000000100000001011000100000000100000001010110000000000100000001010100000000000100000001011000100000000100000001011001010000000100000001011011110000000100000001011001100000000100000001010110110000000100000001010110100000000100000001011000100000000100000001010101110000000100000001011010110000000100000001011101010000000100000001011111110000000100000001011101100000000100000001011001100000000100000001011010000000000100000001011000000000000100000001011010000000000100000001010110000000000100000001011011110000000100000001010011110000000100000001010011110000000100000001011100010000000100000001010111110000000100000001011101110000000100000001000000010000000100000001011101000000000100000001011010010000000100000001011110100000000100000001011001010000000100000001011001110000000100000001011000110000000100000001011011000000000100000001011011100000000100000001011001100000000100000001011000110000000100000001011111000000000100000001011010100000000100000001011001110000000100000001011000010000000100000001011011010000000100000001011010110000000100000001011101110000000100000001000000010000000100000001000000010000000100000001000000010000000100000001000000010000000100000001000000010000000100000001011111000000000100000001011111100000000100000001011111110000000100000001011000100000000100000001010011000000000100000001010101000000000100000001011001110000000100000001011001110000000100000001011000110000000100000001011010000000000100000001011100110000000100000001011110100000000100000001011010010000000100000001011010100000000100000001011001110000000100000001010110100000000100000001010111100000000100000001010011100000000100000001010110110000000100000001011001010000000100000001011010100000000100000001011001100000000100000001010111000000000100000001010111100000000100000001011001000000000100000001010101100000000100000001011011000000000100000001011110000000000100000001000000010000000100000001011101100000000100000001011001000000000100000001011010010000000100000001011000000000000100000001011001100000000100000001010111000000000100000001011010100000000100000001010011100000000100000001010101000000000100000001011001010000000100000001011001000000000100000001011101010000000100000001000000010000000100000001011011100000000100000001011000110000000100000001011111000000000100000001011000110000000100000001010111010000000100000001011000000000000100000001011100100000000100000001010110100000000100000001011000110000000100000001011010100000000100000001011010110000000100000001011111110000000100000001011110000000000100000001000000010000000100000001000000010000000100000001000000010000000100000001000000010000000100000001000000010000000100000001000000010000000100000001000000010000000100000001000000010000000100000001000000010000000100000001000000010000000100000001000000010000000100000001000000010000000100000001011010010000000100000001011000010000000100000001000000010000000100000001000000010000000100000001011011100110001100101001000000010110100000100100000000010101100100010000000000010100110100000010000000010101001100000100000000010101010100000100000000010101100000000101000000010101001100000000000000010101110000001001000000010101000100000000000000010101010000000100000000010101010000000101000000010101001100000110000000010101100000001101000000010101101100010000000000010101110100010010000000010110000000010110000000010110010100011111000000010101111000011010000000010101000100001101000000010101100100010101000000010110010100100011000000010111000100110011000000010000000101011000000000010111001100111110000000010101011000100110000000010110111001000011011000100011101100010101011001000011111100011101000000010111000101010000000000010000000100000001011111110110000101000100010100100011011100011100010011110011011100011111010111110100100100110111000000010000000100000001000000010000000100000001000000010000000100000001000000010000000100000001000000010000000100000001000000010000000100000001000000010000000100000001000000010000000100000001000000010000000100000001000000010000000100000001000000010000000100000001000000010000000100000001000000010000000100000001000000010000000100000001000000010000000100000001000000010000000100000001000000010000000100000001000000010000000100000001000000010000000100000001000000010000000100000001000000010000000100000001000000010000000100000001000000010000000100000001000000010000000100000001000000010000000100000001000000010000000100000001000000010000000100000001000000010000000100000001000000010000000100000001000000010000000100000001000000010000000100000001000000010000000100000001000000010000000100000001000000010000000100000001000000010000000100000001000000010000000100000001000000010000000100000001000000010000000100000001000000010000000100000001000000010000000100000001000000010000000100000001000000010000000100000001000000010000000100000001000000010000000100000001000000010000000100000001000000010000000100000001000000010000000100000001000000010000000100000001000000010000000100000001000000010000000100000001000000010000000100000001000000010000000100000001000000010000000100000001000000010000000100000001000000010000000100000001000000010000000100000001000000010000000100000001000000010000000100000001000000010000000100000001000000010000000100000001000000010000000100000001000000010000000100000001000000010000000100000001000000010000000100000001000000010000000100000001000000010000000100000001000000010000000100000001000000010000000100000001000000010000000100000001000000010000000100000001000000010000000100000001000000010000000100000001000000010000000100000001000000010000000100000001000000010000000100000001000000000000000100000001000000010000000100000001000000010000000100000001000000010000000100000001000000010000000100000001000000010000000100000001000000010000000100000001000000010000000100000001000000010000000100000001000000010000000100000001000000010000000100000001011100100000000100000001011011100000000100000001000000010000000100000001000000010000000100000001010110100000000100000001010111110000000100000001011100010000000100000001000000010000000100000001011010000000000100000001011000110000000100000001011010000000000100000001011011100000000100000001000000010000000100000001000000010000000100000001011101110000000100000001011111010000000100000001000000010000000100000001000000010000000100000001000000010000000100000001000000010000000100000001000000010000000100000001000000010000000100000001000000010000000100000001000000010000000100000001000000010000000100000001000000010000000100000001000000010000000100000001000000010000000100000001000000010000000100000001000000010000000100000001000000010000000100000001000000010000000100000001000000010000000100000001000000010000000100000001000000010000000100000001000000010000000100000001000000010000000100000001000000010000000100000001000000010000000100000001000000010000000100000001000000010000000100000001000000010000000100000001000000010000000100000001000000010000000100000001000000010000000100000001000000010000000100000001000000010000000100000001000000010000000100000001000000010000000100000001000000010000000100000001000000010000000100000001000000010000000100000001000000010000000100000001000000010000000100000001000000010000000100000001000000010000000100000001000000010000000100000001000000010000000100000001000000010000000100000001000000010000000100000001000000010000000100000001000000010000000100000001000000010000000100000001000000010000000100000001000000010000000100000001000000010000000100000001000000010000000100000001000000010000000100000001000000010000000100000001000000010000000100000001000000010000000100000001000000010000000100000001000000010000000100000001000000010000000100000001000000010000000100000001000000010000000100000001000000010000000100000001000000010000000100000001000000010000000100000001000000010000000100000001000000010000000101101100001111000000000101100110001010100000000101011000000101010000000101001111000011000000000101011001000100110000000101100011000111010000000101011110000101100000000101010100000000010100111100000101000000010101000000000100000000010101000000000010000000010101011100000111000000010110001000010010000000010110001000010010000000010101100100001001000000010101100000000001011000110001010000000001011001110001101100000001011010010001111000000001011010100010000100000001011001110001111100000001010111010001001100000001010110010001001000000001011001010001111000000001011010110010010000000001011000010001110000000001010101000001000000000001010100100000110000000001010110010001000100000001010101010000110100000001010111000001001100000001010101010000111000000001010110000001011000000001010111100010000001100110010100110001101001000101010011100001011000000001000000010000000100000001000000010000000100000001000000010000000100000001000000010000000100000001000000010000000101111111000000010110110100000001000000010111011000000001000000010101110100000001011101100100000000000001010111000001110100000001011010010010011101101011010110110001011001010000010110010001011000000001000000010111000000000001000000010000000101101101000000010000000101110100000000010000000100000001000000010000000100000001000000010000000101110101000000010000000101100000000000010000000101100010000000010000000101010011000000010000000101001100000000010000000101001001000000010111111101001101000000010000000100111101000000010111000101010100000000010000000101100101000000010000000101100101000000010000000101011011000000010000000101010110000000010000000101010010000000010000000101100000000000010000000101100100000000010000000101100110000000010000000101100011000000010000000101110010000000010000000101111000000000010000000101101101000000010000000101111001000000010000000101100010000000010000000101011101000000010000000101000100000000010111110001110010000000010000000101100000000000010000000101011010000000010000000101110110000000010000000101001001000000010111111001100100000000010000000101111101000000010000000101100010000000010000000101100100000000010000000101101111000000010000000101011001000000010000000101100010000000010000000101101000000000010000000101110010000000010000000101110010000000010000000101100110000000010000000101011101000000010000000101011011000000010000000101101110000000010000000101010100000000010000000101110000000000010000000101101111000000010000000101111110000000010000000100000001000000010000000100000001000000010000000101110100000000010000000100000001000000010000000100000001000000010000000100000001000000010000000100000001000000010000000101110111000000010000000101101110000000010000000101011010000000010000000101100011000000010000000101011101000000010000000101011110000000010000000101101010000000010000000100000001000000010000000101111110000000010000000101110001000000010000000101101000000000010000000101100001000000010000000101011011000000010000000101001001000000010111110101001000000000010111111001001111000000010000000100111101000000010111001101010011000000010000000101100000000000010000000101100001000000010000000101010111000000010000000101011001000000010000000101010101000000010000000101100100000000010000000101100110000000010000000101101000000000010000000101100101000000010000000101110100000000010000000101111000000000010000000101101101000000010000000101111001000000010000000101100010000000010000000101011101000000010000000101000010000000010111101101110010000000010000000101011110000000010000000101011000000000010000000101110100000000010000000101001001000000010111111101101001000000010000000101111110000000010000000101100111000000010000000101100111000000010000000101101001000000010000000101011001000000010000000101010110000000010000000101101011000000010000000101101110000000010000000101101001000000010000000101101010000000010000000101101100000000010000000101101000000000010000000100000001000000010000000101101100000000010000000101110100000000010000000100000001000000010000000100000001000000010000000100000001000000010000000100000001000000010000000100000001000000010000000100000001000000010000000100000001000000010000000100000001000000010000000100000001000000010000000100000001000000010000000101101100000000010000000101100011000000010000000100000001000000010000000101111111000000010000000100000001000000010110011001101000011000100010011101110010010100010000110000000001010110010000110100000001010101010000100000000001010110100000101100000001010101110000011000000001010110000000011100000001010100110000001100000001011000000001000000000001010101110000100100000001010110110000111000000001010100110000100000000001010011100000010000000001010101100000111100000001011000010001101000000001011010000010000100000001011100010010101000000001011100010010011100000001011010010001111100000001011000110001101000000001010111000001010100000001010010010000010000000001010111010001110100000001000000010100100000000001000000010111011100000001011101000100011001011011001011100000100001110110010100000010111001100111010001000010001100000001000000010000000100000001000000010000000101101000010010000010101101110000010100100011011101011100010000000010100001011010001111110010101100000001000000010000000100000001000000010000000101011110010001100100011000000001000000010000000100000001000000010000000100000001000000010000000100000001000000010000000100000001000000010000000100000001000000010000000100000001000000010000000100000001000000010000000100000001000000010000000100000001000000010000000100000001000000010000000100000001000000010000000100000001000000010000000100000001000000010000000100000001000000010000000100000001000000010000000100000001000000010000000100000001000000010000000100000001000000010000000100000001000000010000000100000001000000010000000100000001000000010000000100000001000000010000000100000001000000010000000100000001000000010000000100000001000000010000000100000001000000010000000100000001000000010000000100000001000000010000000100000001000000010000000100000001000000010000000100000001000000010000000100000001000000010000000100000001000000010000000100000001000000010000000100000001000000010000000100000001000000010000000100000001000000010000000100000001000000010000000100000001000000010000000100000001000000010000000100000001000000010000000100000001000000010000000100000001000000010000000100000001000000010000000100000001000000010000000100000001000000010000000100000001000000010000000100000001000000010000000100000001000000010000000100000001000000010000000100000001000000010000000100000001000000010000000100000001000000010000000100000001000000010000000100000001000000010000000100000001000000010000000100000001000000010000000100000001000000010000000100000001000000010000000100000001000000010000000100000001000000010000000100000001000000010000000100000001000000010000000100000001000000010000000100000001000000010000000100000001000000010000000100000001000000010000000100000001000000010000000100000001000000010000000100000001000000010000000100000001000000010000000100000000000000010000000100000001000000010000000100000001000000010000000100000001000000010000000100000001000000010000000100000001000000010000000100000001000000010000000100000001000000010000000100000001000000010000000100000001000000010000000100000001000000010000000100000001000000010000000100000001000000010000000100000001000000010000000100000001000000010000000101110110000000010000000101101110000000010000000100000001000000010000000100000001000000010000000100000001000000010000000101101001000000010000000101101011000000010000000100000001000000010000000100000001000000010000000100000001000000010000000100000001000000010000000100000001000000010000000100000001000000010000000100000001000000010000000100000001000000010000000100000001000000010000000100000001000000010000000100000001000000010000000100000001000000010000000100000001000000010000000100000001000000010000000100000001000000010000000100000001000000010000000100000001000000010000000100000001000000010000000100000001000000010000000100000001000000010000000100000001000000010000000100000001000000010000000100000001000000010000000100000001000000010000000100000001000000010000000100000001000000010000000100000001000000010000000100000001000000010000000100000001000000010000000100000001000000010000000100000001000000010000000100000001000000010000000100000001000000010000000100000001000000010000000100000001000000010000000100000001000000010000000100000001000000010000000100000001000000010000000100000001000000010000000100000001000000010000000100000001000000010000000100000001000000010000000100000001000000010000000100000001000000010000000100000001000000010000000100000001000000010000000100000001000000010000000100000001000000010000000100000001000000010000000100000001000000010000000100000001000000010000000100000001000000010000000100000001000000010000000100000001000000010000000100000001000000010000000100000001000000010000000100000001000000010000000100000001000000010000000100000001000000010000000100000001000000010000000100000001000000010000000100000001000000010000000100000001000000010000000100000001000000010000000100000001000000010000000100000001000000010000000100000001000000010000000100000001000000010000000100000001000000010000000100000001011110110110001000101010011111110101100100011000000000010100111000000110000000010100110000000100000000010101100000001110000000010101111000010100000000010101111100010101000000010101110100010001000000010101101100001111000000010101101100001101000000010101100100001011000000010101101100001101000000010110001100010011000000010111010100100111000000010111001000100100000000010110110100011110000000010110000100010101000000010101100100001110000000010101110000010001000000010110000000011000000000010101110100010101000000010101110000010101000000010101110100010111000000010110000000011011000000010101110000011010000000010101101000011000000000010101111100011110000000010110011000100010000000010110101000100010000000010110010000011001000000010101100100001110000000010101111000010110000000010110010100011111000000010101111100011111011000100101001100010101010111010110110000101111000000010000000100000001000000010000000100000001000000010000000100000001000000010000000100000001000000010000000100000001011000010111001100111110000000010111111001001010000000010000000101001010000000010111101101000001000000010110000100100011011100010100111100001101011010100110001000011111011110010000000101001100000000010000000100000001000000010000000100000001010111010000000100000001011001100000000100000001000000010000000100000001011111100000000100000001011010100000000100000001010101100000000100000001010111100000000100000001010101110000000100000001010110000000000100000001011000100000000100000001011100110000000100000001011000110000000100000001011001100000000100000001010111000000000100000001010100110000000100000001010100010000000100000001010111100000000100000001011001010000000100000001011100010000000100000001011010110000000100000001010110110000000100000001010011010000000100000001010111000000000100000001011100010000000100000001011011000000000100000001011000110000000100000001011000010000000100000001010101110000000100000001010101100000000100000001011100000000000100000001010101000000000100000001010011000000000100000001010110100000000100000001001111010000000101110011010110100000000100000001011010010000000100000001011010110000000100000001011110010000000100000001011101100000000100000001011011100000000100000001011101010000000100000001011000010000000100000001010011110000000101111010010100110000000100000001010110000000000100000001010100010000000100000001010010010000000101111110011011010000000100000001010111110000000100000001011000010000000100000001011011010000000100000001011100100000000100000001011100010000000100000001011011110000000100000001010110100000000100000001011100110000000100000001011110010000000100000001000000010000000100000001000000010000000100000001010111010000000100000001010110000000000100000001010110010000000100000001011010100000000100000001010111100000000100000001010011110000000100000001011011000000000100000001000000010000000100000001011111100000000100000001011010000000000100000001011000110000000100000001011000000000000100000001010110100000000100000001010011110000000100000001011000100000000100000001011101110000000100000001010111000000000100000001010110110000000100000001010110000000000100000001010100110000000100000001010100100000000100000001011000000000000100000001011010110000000100000001011101010000000100000001011011110000000100000001010111010000000100000001010011110000000100000001010111100000000100000001011100110000000100000001011011000000000100000001011000110000000100000001011000010000000100000001010101110000000100000001010101100000000100000001011100000000000100000001010100100000000100000001010010100000000100000001010110000000000100000001001111110000000101110101010111100000000100000001011010010000000100000001011010100000000100000001011101000000000100000001011010110000000100000001011001010000000100000001011000010000000100000001010111010000000100000001010011010000000101111011010011100000000101111100010100100000000101111110010111000000000100000001010001010000000101110010011011110000000100000001011011000000000100000001011011110000000100000001011111010000000100000001000000010000000100000001000000010000000100000001000000010000000100000001000000010000000100000001000000010000000100000001000000010000000100000001000000010000000100000001000000010000000100000001000000010000000100000001011011110000000100000001011000010000000100000001011101000000000100000001000000010000000100000001000000010000000100000001010101100101100000011101011100110101011000010001000000010101110000010010000000010101111000010000000000010101010000000100000000010101100100001001000000010101001100000011000000010101010000000101000000010101010100000110000000010101111000010000000000010101111000010011000000010101100000010001000000010110001100011101000000010110001000011100000000010110000000011010000000010101110000010110000000010110110000100101000000010110001000011000000000010101110100010010000000010101001000001001000000010101101000010000000000010101010000001111000000010101101100011011000000010100011100001111000000010000000101101011000000010000000100000001000000010000000101110101010110000011001100010111011101000101011000111011000000010000000100000001000000010000000101110000011001110100100000101111011001000100010100101100010011010010111000010101000000010110011001001111000000010000000100000001011001100100011000111001011100000101001101001100000000010111110001111000000000010000000100000001000000010000000100000001000000010000000100000001000000010000000100000001000000010000000100000001000000010000000100000001000000010000000100000001000000010000000100000001000000010000000100000001000000010000000100000001000000010000000100000001000000010000000100000001000000010000000100000001000000010000000100000001000000010000000100000001000000010000000100000001000000010000000100000001000000010000000100000001000000010000000100000001000000010000000100000001000000010000000100000001000000010000000100000001000000010000000100000001000000010000000100000001000000010000000100000001000000010000000100000001000000010000000100000001000000010000000100000001000000010000000100000001000000010000000100000001000000010000000100000001000000010000000100000001000000010000000100000001000000010000000100000001000000010000000100000001000000010000000100000001000000010000000100000001000000010000000100000001000000010000000100000001000000010000000100000001000000010000000100000001000000010000000100000001000000010000000100000001000000010000000100000001000000010000000100000001000000010000000100000001000000010000000100000001000000010000000100000001000000010000000100000001000000010000000100000001000000010000000100000001000000010000000100000001000000010000000100000001000000010000000100000001000000010000000100000001000000010000000100000001000000010000000100000001000000010000000100000001000000010000000100000001000000010000000100000001000000010000000100000001000000010000000100000001000000010000000100000001000000010000000100000001000000010000000100000001000000010000000100000001000000010000000100000001000000010000000100000001000000010000000100000001000000010000000100000001000000010000000100000001000000000000000100000001000000010000000100000001000000010000000100000001000000010000000100000001000000010000000100000001000000010000000100000001000000010000000100000001000000010000000100000001000000010000000100000001000000010000000100000001000000010000000100000001000000010000000100000001000000010000000100000001000000010000000100000001000000010000000100000001000000010000000100000001000000010000000100000001000000010000000100000001000000010000000100000001000000010000000100000001000000010000000100000001000000010000000100000001000000010000000100000001000000010000000100000001000000010000000100000001000000010000000100000001000000010000000100000001000000010000000100000001000000010000000100000001000000010000000100000001000000010000000100000001000000010000000100000001000000010000000100000001000000010000000100000001000000010000000100000001000000010000000100000001000000010000000100000001000000010000000100000001000000010000000100000001000000010000000100000001000000010000000100000001000000010000000100000001000000010000000100000001000000010000000100000001000000010000000100000001000000010000000100000001000000010000000100000001000000010000000100000001000000010000000100000001000000010000000100000001000000010000000100000001000000010000000100000001000000010000000100000001000000010000000100000001000000010000000100000001000000010000000100000001000000010000000100000001000000010000000100000001000000010000000100000001000000010000000100000001000000010000000100000001000000010000000100000001000000010000000100000001000000010000000100000001000000010000000100000001000000010000000100000001000000010000000100000001000000010000000100000001000000010000000100000001000000010000000100000001000000010000000100000001000000010000000100000001000000010000000100000001000000010000000100000001000000010000000100000001000000010000000100000001000000010000000100000001000000010000000100000001000000010000000100000001000000010000000100000001000000010000000100000001000000010000000100000001000000010000000100000001000000010000000100000001000000010000000100000001000000010000000100000001000000010000000100000001000000010000000100000001000000010000000100000001000000010000000100000001000000010000000100000001000000010111100101011101001000000000000101011000000100010000000101010011000001100000000101010001000001110000000101011010000011110000000101100111000110110000000101101010000111100000000101100110000110100000000101011101000100010000000101011010000011000000000101011011000011010000000101100000000100100000000101100111000110010000000101100010000101100000000101100011000101110000000101100001000101010000000101011000000011100000000101010010000001110000000101010110000010110000000101011010000100100000000101011001000100010000000101011000000100110000000101100111001000110000000101101111001011010000000101100101001001010000000101011010000110100000000101011001000110000000000101011111000110110000000101100011000110110000000101100111000111000000000101100101000110100000000101101000000111100000000101011111000110000111101101010110000100100101110101001111000011010110010001111000001101110000000100000001011111100000000100000001000000010000000100000001000000010000000100000001000000010000000100000001000000010101011001100010001010000111000101011110001001010000000101101000001011100000000101111011010000000000000101110011001101010110110001001101000011100110010001100100001001000000000100000001011101110000000100000001000000010111101100000001000000010101110000000001000000010110000100000001000000010000000100000001000000010110110100000001000000010101110000000001000000010101101100000001000000010110011000000001000000010110110100000001000000010111011000000001000000010111011000000001000000010000000100000001000000010111010100000001000000010110011000000001000000010101101000000001000000010110001000000001000000010110101100000001000000010111000100000001000000010110111100000001000000010110011100000001000000010111001000000001000000010110011100000001000000010101000100000001000000010100101000000001000000010101011100000001000000010110010000000001000000010101111100000001000000010110111100000001000000010101011000000001000000010110100000000001000000010111000100000001000000010101011000000001000000010100100000000001000000010100110000000001000000010101110000000001000000010111001100000001000000010100110000000001000000010100000100000001011101010110000100000001000000010110011000000001000000010110010000000001000000010111010000000001000000010111110000000001000000010110011000000001000000010110111000000001000000010110000100000001000000010110111000000001000000010101010000000001000000010000000100000001000000010101111100000001000000010101010000000001000000010110110100000001000000010111010100000001000000010110011100000001000000010110001100000001000000010110110100000001000000010101111000000001000000010101111100000001000000010101101100000001000000010000000100000001000000010110010100000001000000010110111000000001000000010110110000000001000000010110111000000001000000010110110100000001000000010110000000000001000000010110011000000001000000010000000100000001000000010110010000000001000000010101011100000001000000010110010100000001000000010110100100000001000000010111010100000001000000010111011000000001000000010111111100000001000000010000000100000001000000010111010100000001000000010110011000000001000000010101101000000001000000010101111100000001000000010110010100000001000000010111000100000001000000010111100000000001000000010110100100000001000000010111010000000001000000010110100100000001000000010101001100000001000000010100101000000001000000010101011100000001000000010110010000000001000000010101111100000001000000010110111100000001000000010101011000000001000000010110011000000001000000010110111100000001000000010101011000000001000000010100100000000001000000010100110000000001000000010101111000000001000000010111110100000001000000010100111100000001000000010100010100000001011110010101111000000001000000010101110100000001000000010101111100000001000000010110011000000001000000010111101100000001000000010110001000000001000000010110100000000001000000010110111000000001000000010111100100000001000000010110001000000001000000010000000100000001000000010110010000000001000000010101111000000001000000010111000000000001000000010000000100000001000000010000000100000001000000010000000100000001000000010000000100000001000000010000000100000001000000010000000100000001000000010000000100000001000000010000000100000001000000010100111001111001010110000000000100000001000000010000000100000001000000010111110100000001000000010111100000000001000000010000000100000001000000010110111101111011010000010110011101010010000011100000000101011010000011110000000101011110000100010000000101010011000001010000000101011101000011010000000101011111000100000000000101100100000101010000000101011111000100110000000101100111000111000000000101100011000110110000000101011000000100010000000101100010000111010000000101010111000100100000000101010100000011110000000101010000000010010000000101100011000111000000000101100001000110100000000101011110000101000000000101010011000011000000000101010101000011110000000101010100000100100000000101010001000101000000000101001100000101110000000101101110010000100000000100000001000000010000000100000001000000010000000101101010010101010000000100000001011110100000000100000001000000010101011100111101001011000100101000101111000110110110001101000100001011110111101001010110001111100000000101110101010110110000000100000001000000010000000100000001011101000000000100000001000000010000000100000001000000010000000100000001000000010000000100000001000000010000000100000001000000010000000100000001000000010000000100000001000000010000000100000001000000010000000100000001000000010000000100000001000000010000000100000001000000010000000100000001000000010000000100000001000000010000000100000001000000010000000100000001000000010000000100000001000000010000000100000001000000010000000100000001000000010000000100000001000000010000000100000001000000010000000100000001000000010000000100000001000000010000000100000001000000010000000100000001000000010000000100000001000000010000000100000001000000010000000100000001000000010000000100000001000000010000000100000001000000010000000100000001000000010000000100000001000000010000000100000001000000010000000100000001000000010000000100000001000000010000000100000001000000010000000100000001000000010000000100000001000000010000000100000001000000010000000100000001000000010000000100000001000000010000000100000001000000010000000100000001000000010000000100000001000000010000000100000001000000010000000100000001000000010000000100000001000000010000000100000001000000010000000100000001000000010000000100000001000000010000000100000001000000010000000100000001000000010000000100000001000000010000000100000001000000010000000100000001000000010000000100000001000000010000000100000001000000010000000100000001000000010000000100000001000000010000000100000001000000010000000100000001000000010000000100000001000000010000000100000001000000010000000100000001000000010000000100000001000000010000000100000001000000010000000100000001000000010000000100000001000000010000000100000001000000010000000100000001000000010000000100000001000000010000000100000001000000010000000100000001000000010000000100000001000000010000000000000001000000010000000100000001000000010000000100000001000000010000000100000001000000010000000100000001000000010000000100000001000000010000000100000001000000010000000100000001000000010000000100000001000000010000000100000001000000010000000100000001000000010000000100000001000000010000000100000001000000010000000100000001000000010000000100000001000000010111111100000001000000010111010100000001000000010000000100000001000000010000000100000001000000010000000100000001000000010111000100000001000000010111010000000001000000010000000100000001000000010000000100000001000000010000000100000001000000010000000100000001000000010000000100000001000000010000000100000001000000010000000100000001000000010000000100000001000000010000000100000001000000010000000100000001000000010000000100000001000000010000000100000001000000010000000100000001000000010000000100000001000000010000000100000001000000010000000100000001000000010000000100000001000000010000000100000001000000010000000100000001000000010000000100000001000000010000000100000001000000010000000100000001000000010000000100000001000000010000000100000001000000010000000100000001000000010000000100000001000000010000000100000001000000010000000100000001000000010000000100000001000000010000000100000001000000010000000100000001000000010000000100000001000000010000000100000001000000010000000100000001000000010000000100000001000000010000000100000001000000010000000100000001000000010000000100000001000000010000000100000001000000010000000100000001000000010000000100000001000000010000000100000001000000010000000100000001000000010000000100000001000000010000000100000001000000010000000100000001000000010000000100000001000000010000000100000001000000010000000100000001000000010000000100000001000000010000000100000001000000010000000100000001000000010000000100000001000000010000000100000001000000010000000100000001000000010000000100000001000000010000000100000001000000010000000100000001000000010000000100000001000000010000000100000001000000010000000100000001000000010000000100000001000000010000000100000001000000010000000100000001000000010000000100000001000000010000000100000001000000010000000100000001000000010000000100000001000000010000000100000001000000010110010001110110010110000001011100000001010110010000110000000001010101110000100000000001010100110000100000000001010100110000100000000001011010000001110100000001011101000010100000000001011101100010101000000001011011100010001000000001011010000001110000000001011000100001011100000001010111100001001100000001010111010001001000000001010110100001000000000001010101000000000101010101000010110000000101011010000100000000000101011011000100000000000101011001000011100000000101010111000011110000000101010100000011000000000101010110000100010000000101100010000111100000000101100100001000110000000101011110000111100000000101010010000100110000000101001101000011000000000101010110000100100000000101100000000110000000000101011100000100010000000101101110001000100000000101100111000111010000000101011101000101100000000101011101000110010110010101011001000101110110110100000001010000100000000100000001011111000111111000000001000000010110111100000001000000010111111100000001000000010000000100000001011100010110001001100101001001110111100101011101001000000000000101100011001001010000000101110100001101110000000101110111001110000111110001100101001001110111000101111011001111110000000100000001000000010000000100000001000000010111011000000001000000010111000100000001000000010110111000000001000000010110110100000001000000010101110000000001000000010101101000000001000000010110001100000001000000010110010100000001000000010110000100000001000000010110011000000001000000010110101100000001000000010000000100000001000000010111101000000001000000010111011100000001000000010110011100000001000000010110100100000001000000010110101000000001000000010110100000000001000000010110010000000001000000010110001100000001000000010111100100000001000000010111010100000001000000010110101000000001000000010110001000000001000000010101111000000001000000010110100100000001000000010110101100000001000000010111001000000001000000010101011100000001000000010101110100000001000000010101010000000001000000010101110100000001000000010101111100000001000000010101110000000001000000010111101000000001000000010000000100000001000000010111011000000001000000010110001000000001000000010110011000000001000000010110010000000001000000010110001000000001000000010101100100000001000000010110000000000001000000010110011000000001000000010110100100000001000000010101101100000001000000010101110100000001000000010110010000000001000000010110111100000001000000010100111000000001000000010100011100000001011111010110110100000001000000010111011100000001000000010101110100000001000000010101101000000001000000010000000100000001000000010110101100000001000000010101010100000001000000010100010000000001011111000111010100000001000000010110111000000001000000010111011000000001000000010111110000000001000000010110101100000001000000010110001100000001000000010111011000000001000000010111011000000001000000010110100100000001000000010101101100000001000000010101110000000001000000010110011000000001000000010110001100000001000000010110101000000001000000010110101000000001000000010110111100000001000000010000000100000001000000010111110000000001000000010111100000000001000000010110000000000001000000010110010000000001000000010110101000000001000000010110101100000001000000010101111000000001000000010110010100000001000000010111101100000001000000010111011100000001000000010110110000000001000000010110001000000001000000010101111000000001000000010110100100000001000000010110101100000001000000010111001000000001000000010101011100000001000000010101101100000001000000010101001000000001000000010101110100000001000000010101111100000001000000010101110000000001000000010111110000000001000000010000000100000001000000010111011100000001000000010110001000000001000000010110000100000001000000010101111100000001000000010101110100000001000000010100110100000001000000010101110100000001000000010110100000000001000000010110100000000001000000010110001100000001000000010110000000000001000000010110001000000001000000010111100000000001000000010100100000000001011111110100111000000001000000010111010100000001000000010111100100000001000000010000000100000001000000010000000100000001000000010000000100000001000000010000000100000001000000010000000100000001000000010000000100000001000000010000000100000001000000010011010101001110001011000000000100000001000000010000000100000001000000010111111000000001000000010000000100000001000000010000000100000001000000010000000100000001011001110110111101011111000110100000000101100111000110110000000101100001000101100000000101011111000100010000000101011010000011000000000101100100000101000000000101011111000100110000000101011101000100010000000101010101000000010101101000010010000000010101101000010011000000010101110100010110000000010101011100010000000000010101100000010001000000010101001000001011000000010101010000001011000000010100101100000101000000010101011000010000000000010110010100011111000000010110010000011111000000010101001000010100000000010100110100010100000000010101001000100010011000010011100000010001011001100100010000100111000000010000000100000001000000010000000100000001000000010000000100000001000000010000000100000001000000010110101101011100000000010000000100000001000000010000000100000001000000010000000100000001000000010000000100000001000000010000000100000001000000010000000100000001000000010000000101111110000000010000000100000001000000010111100101100101000000010000000100000001000000010000000100000001000000010000000100000001000000010000000100000001000000010000000100000001000000010000000100000001000000010000000100000001000000010000000100000001000000010000000100000001000000010000000100000001000000010000000100000001000000010000000100000001000000010000000100000001000000010000000100000001000000010000000100000001000000010000000100000001000000010000000100000001000000010000000100000001000000010000000100000001000000010000000100000001000000010000000100000001000000010000000100000001000000010000000100000001000000010000000100000001000000010000000100000001000000010000000100000001000000010000000100000001000000010000000100000001000000010000000100000001000000010000000100000001000000010000000100000001000000010000000100000001000000010000000100000001000000010000000100000001000000010000000100000001000000010000000100000001000000010000000100000001000000010000000100000001000000010000000100000001000000010000000100000001000000010000000100000001000000010000000100000001000000010000000100000001000000010000000100000001000000010000000100000001000000010000000100000001000000010000000100000001000000010000000100000001000000010000000100000001000000010000000100000001000000010000000100000001000000010000000100000001000000010000000100000001000000010000000100000001000000010000000100000001000000010000000100000001000000010000000100000001000000010000000100000001000000010000000100000001000000010000000100000001000000010000000100000001000000010000000100000001000000010000000100000001000000010000000100000001000000010000000100000001000000010000000100000001000000010000000100000001000000010000000100000001000000010000000100000001000000010000000100000001000000000000000100000001000000010000000100000001000000010000000100000001000000010000000100000001000000010000000100000001000000010000000100000001000000010000000100000001000000010000000100000001000000010000000100000001000000010000000100000001000000010000000100000001011011110000000100000001011110010000000100000001000000010000000100000001000000010000000100000001010111100000000100000001011000100000000100000001011100110000000100000001000000010000000100000001011011110000000100000001011001000000000100000001011001010000000100000001011101110000000100000001000000010000000100000001000000010000000100000001011100010000000100000001011111110000000100000001000000010000000100000001000000010000000100000001000000010000000100000001000000010000000100000001000000010000000100000001000000010000000100000001000000010000000100000001000000010000000100000001000000010000000100000001000000010000000100000001000000010000000100000001000000010000000100000001000000010000000100000001000000010000000100000001000000010000000100000001000000010000000100000001000000010000000100000001000000010000000100000001000000010000000100000001000000010000000100000001000000010000000100000001000000010000000100000001000000010000000100000001000000010000000100000001000000010000000100000001000000010000000100000001000000010000000100000001000000010000000100000001000000010000000100000001000000010000000100000001000000010000000100000001000000010000000100000001000000010000000100000001000000010000000100000001000000010000000100000001000000010000000100000001000000010000000100000001000000010000000100000001000000010000000100000001000000010000000100000001000000010000000100000001000000010000000100000001000000010000000100000001000000010000000100000001000000010000000100000001000000010000000100000001000000010000000100000001000000010000000100000001000000010000000100000001000000010000000100000001000000010000000100000001000000010000000100000001000000010000000100000001000000010000000100000001000000010000000100000001000000010000000100000001000000010000000100000001000000010000000100000001000000010000000100000001000000010000000100000001000000010000000100000001000000010000000100000001000000010000000100000001000000010000000101111110010010110000000101100000000110110000000101011111000100010000000101011111000011100000000101011011000011010000000101011001000011100000000101100001000101110000000101101000000111100000000101100100000110100000000101011010000100000000000101010110000011000000000101010110000011000000000101010101000010110000000101010101000010110000000101011011000101000000000101010101000011100000000101010110000011110000000101011100000101010000000101011111000101010000000101011110000101000000000101011010000100000000000101010011000011000000000101011101000101100000000101100100000111100000000101011011000101110000000101011000000101110000000101011011000110100000000101011000000101110000000101011001000101010000000101011000000100000000000101011100000100010000000101101001000111000000000101100000000101100000000101101001001000100000000101100000000111000110010101011100000110010111011000000001010011110000000100000001000000010000000100000001000000010111110000000001000000010000000100000001000000010000000100000001011000110110101001100110001001010000000101101010001010010000000101100111001001010000000101011111001000000000000101011100000111100111000001100101001010010000000100000001011011000000000100000001000000010000000100000001000000010111010100000001000000010111011000000001000000010111001000000001000000010110010100000001000000010110001100000001000000010110010100000001000000010111000100000001000000010111010000000001000000010110101100000001000000010110011000000001000000010111000100000001000000010111111000000001000000010110101100000001000000010111100100000001000000010000000100000001000000010111010000000001000000010100101100000001000000010100011100000001011111110110000000000001000000010111011000000001000000010000000100000001000000010000000100000001000000010111110000000001000000010111101000000001000000010111000100000001000000010111010000000001000000010111110000000001000000010110100100000001000000010110011000000001000000010100111100000001000000010011000000000001011011100110000100000001000000010111110100000001000000010110101000000001000000010110110000000001000000010110010000000001000000010110010100000001000000010110111000000001000000010110100100000001000000010110000000000001000000010110110100000001000000010110000100000001000000010110010000000001000000010111000000000001000000010111010100000001000000010110001000000001000000010111000000000001000000010110000100000001000000010110110000000001000000010101011100000001000000010110001100000001000000010110011100000001000000010110100000000001000000010110011000000001000000010110011000000001000000010111110000000001000000010110011000000001000000010110011000000001000000010111000100000001000000010110011000000001000000010110101000000001000000010111010000000001000000010000000100000001000000010111010000000001000000010110101100000001000000010111110100000001000000010111001100000001000000010110100100000001000000010110011000000001000000010110100100000001000000010111001000000001000000010111010100000001000000010111010000000001000000010110101000000001000000010111001000000001000000010111101100000001000000010110110000000001000000010111100100000001000000010111101000000001000000010110111100000001000000010100110100000001000000010100101100000001000000010101110100000001000000010111011000000001000000010000000100000001000000010000000100000001000000010111110000000001000000010111100000000001000000010110111100000001000000010111001000000001000000010111101000000001000000010110011100000001000000010110010000000001000000010100111100000001000000010011000000000001011011100110001100000001000000010111111100000001000000010110110000000001000000010110110000000001000000010110010100000001000000010110010000000001000000010110101100000001000000010110011000000001000000010110000000000001000000010110100100000001000000010101101000000001000000010110000100000001000000010111010100000001000000010111010000000001000000010110011100000001000000010110000000000001000000010110011000000001000000010110011100000001000000010101100100000001000000010110010000000001000000010110100000000001000000010111011000000001000000010000000100000001000000010000000100000001000000010000000100000001000000010000000100000001000000010000000100000001000000010000000100000001000000010000000100000001011110010100110101010110001011100000000100000001011111000000000100000001000000010111101100000001000000010111111000000001000000010000000100000001000000010000000100000001011110110111000101100000000111010000000101100010000101110000000101011110000101000000000101100011000101010000000101011001000011000000000101011010000010110000000101010011000010000000000101010011000010000000000101001011000000010000000101010000000010010000000101011000000100010000000101010100000011010000000101011011000101000000000101100010000101110000000101100110000110110000000101011100000101000000000101011000000100010000000101011100000101100000000101100000000111010000000101011000000101110111001100111111000000110111011101001000000100100110010100111011000011100111100101010100001100100101111001000010001010100000000101111011011010110000000100000001000000010000000100000001000000010000000100000001000000010000000100000001000000010000000100000001000000010000000100000001000000010000000100000001000000010000000100000001011110100000000101100100001111110111110101010000001010100111111001010011001011000110100001000010000111110101011000111001000110100111101001100101010010100000000100000001000000010000000100000001000000010000000100000001000000010000000100000001000000010000000100000001000000010000000100000001000000010000000100000001000000010000000100000001000000010000000100000001000000010000000100000001000000010000000100000001000000010000000100000001000000010000000100000001000000010000000100000001000000010000000100000001000000010000000100000001000000010000000100000001000000010000000100000001000000010000000100000001000000010000000100000001000000010000000100000001000000010000000100000001000000010000000100000001000000010000000100000001000000010000000100000001000000010000000100000001000000010000000100000001000000010000000100000001000000010000000100000001000000010000000100000001000000010000000100000001000000010000000100000001000000010000000100000001000000010000000100000001000000010000000100000001000000010000000100000001000000010000000100000001000000010000000100000001000000010000000100000001000000010000000100000001000000010000000100000001000000010000000100000001000000010000000100000001000000010000000100000001000000010000000100000001000000010000000100000001000000010000000100000001000000010000000100000001000000010000000100000001000000010000000100000001000000010000000100000001000000010000000100000001000000010000000100000001000000010000000100000001000000010000000100000001000000010000000100000001000000010000000100000001000000010000000100000001000000010000000100000001000000010000000100000001000000010000000100000001000000010000000100000001000000010000000100000001000000010000000100000001000000010000000100000001000000010000000100000001000000010000000100000001000000010000000100000001000000010000000100000001000000010000000000000001000000010000000100000001000000010000000100000001000000010000000100000001000000010000000100000001000000010000000100000001000000010000000100000001000000010000000100000001000000010000000100000001000000010000000100000001000000010000000100000001000000010110101100000001000000010111011100000001000000010000000100000001000000010000000100000001000000010110101100000001000000010101110100000001000000010111000000000001000000010000000100000001000000010110101100000001000000010101111000000001000000010110000100000001000000010110110000000001000000010000000100000001000000010111111100000001000000010111001000000001000000010111100000000001000000010000000100000001000000010000000100000001000000010000000100000001000000010000000100000001000000010000000100000001000000010000000100000001000000010000000100000001000000010000000100000001000000010000000100000001000000010000000100000001000000010000000100000001000000010000000100000001000000010000000100000001000000010000000100000001000000010000000100000001000000010000000100000001000000010000000100000001000000010000000100000001000000010000000100000001000000010000000100000001000000010000000100000001000000010000000100000001000000010000000100000001000000010000000100000001000000010000000100000001000000010000000100000001000000010000000100000001000000010000000100000001000000010000000100000001000000010000000100000001000000010000000100000001000000010000000100000001000000010000000100000001000000010000000100000001000000010000000100000001000000010000000100000001000000010000000100000001000000010000000100000001000000010000000100000001000000010000000100000001000000010000000100000001000000010000000100000001000000010000000100000001000000010000000100000001000000010000000100000001000000010000000100000001000000010000000100000001000000010000000100000001000000010000000100000001000000010000000100000001000000010000000100000001000000010000000100000001000000010000000100000001000000010000000100000001000000010000000100000001000000010000000100000001000000010000000100000001000000010000000100000001000000010000000100000001000000010000000100000001000000010000000100000001000000010000000100000001000000010000000100000001000000010000000101111111011010100011001101111101010110110001010100000001010101010000010000000001010101000000001000000001010101000000011000000001010101110000110000000001010100010000011100000001010110110001000100000001011000010001011100000001011000010001101000000001011001010001111000000001011000100001101100000001010110000001000100000001010100000000100100000001010011100000011100000001010101100000111100000001010111100001011100000001011000000001100100000001011000010001011100000001011001100001110000000001011001000001101000000001010110000000111000000001010111010001001100000001011011010010011000000001011000010001101100000001010110010001010100000001010111010001100100000001010111010001100100000001010111010001011100000001010100100000100100000001010111010001001000000001011000000001010100000001011000010001101000000001011010100010010101110110010100110001000101101000010111110001111100000001000000010110011100000001000000010000000101011101000000010111011001101001000000010000000100000001000000010000000101110010000000010100100101101010010111110001101100000001011010010010010000000001011011100010101000000001011001110010010001110011010110100001110001100010011001100010101100000001000000010000000100000001000000010000000100000001000000010000000101100111000000010000000101100001000000010000000101110000000000010000000101110001000000010000000101101000000000010000000101110110000000010000000100000001000000010000000101101100000000010000000101101001000000010000000101110010000000010000000101110001000000010000000101110001000000010000000101011100000000010000000101101100000000010000000101111110000000010000000101111101000000010000000101100001000000010000000101011000000000010000000101100011000000010000000101101000000000010000000101110110000000010000000101101011000000010000000101100001000000010000000101101001000000010000000101110001000000010000000101110111000000010000000101111101000000010000000101101001000000010000000101111101000000010000000101100101000000010000000101000111000000010000000101110101000000010000000100000001000000010000000101101100000000010000000101100100000000010000000101000101000000010111111001010100000000010000000101110100000000010000000101111000000000010000000101101001000000010000000101111111000000010000000101110010000000010000000101100100000000010000000101011100000000010000000101010010000000010000000101011011000000010000000101011011000000010000000101100000000000010000000101100100000000010000000101111111000000010000000101110101000000010000000101001001000000010111110101010000000000010000000101101111000000010000000101101110000000010000000101011100000000010000000101100001000000010000000100000001000000010000000100000001000000010000000101101001000000010000000101101000000000010000000101110010000000010000000100000001000000010000000101111001000000010000000101110100000000010000000101101100000000010000000101100101000000010000000101110111000000010000000101100000000000010000000101110000000000010000000100000001000000010000000101110001000000010000000101110001000000010000000101111010000000010000000101111011000000010000000101110000000000010000000101011010000000010000000101101100000000010000000100000001000000010000000101111011000000010000000101011001000000010000000101010101000000010000000101100110000000010000000101101000000000010000000101110110000000010000000101101011000000010000000101100001000000010000000101100111000000010000000101101111000000010000000101110101000000010000000101111011000000010000000101100111000000010000000101111011000000010000000101100101000000010000000101000111000000010000000101110111000000010000000100000001000000010000000101101110000000010000000101100110000000010000000101001000000000010000000101010110000000010000000101110101000000010000000101111001000000010000000101110001000000010000000100000001000000010000000101110111000000010000000101100101000000010000000101011010000000010000000101011000000000010000000101001111000000010111110101100010000000010000000101100110000000010000000101011110000000010000000101111110000000010000000101110100000000010000000101000100000000010111101001011011000000010000000100000001000000010000000100000001000000010000000100000001000000010000000100000001000000010000000100000001000000010000000100000001000000010000000101101011010101100011000001001011010001010001101001101111000000010101110100000001000000010000000100000001000000010000000100000001000000010000000100000001000000010000000100000001000000010000000101100100010101000001000101110100010011000000000100000001010101000000011100000001010101110000100100000001010110110000110000000001010100100000010000000001010101110000100100000001010101000000100100000001010101110000110000000001010011110000011000000001010101010000101100000001010011010000001100000001010110000000111000000001010110100000111000000001011001110001100100000001011000010001010100000001010100010000000101001111000010010000000101001101000001110000000101011100000110100000000101110001001100110000000100000001010011000000000100000001011010010000000100000001000000010000000100000001000000010000000100000001000000010000000100000001000000010000000100000001000000010000000100000001000000010000000100000001000000010100010100101101000110110100100100101001000100100110011000111101000111010000000101011100001101100000000101101000001111100000000101010101001001100000000101011000001010000000000101011000001010000110111001001100001000010110010001001011001010010000000100000001000000010000000100000001000000010000000100000001000000010000000100000001000000010000000100000001000000010000000100000001000000010000000100000001000000010000000100000001000000010000000100000001000000010000000100000001000000010000000100000001000000010000000100000001000000010000000100000001000000010000000100000001000000010000000100000001000000010000000100000001000000010000000100000001000000010000000100000001000000010000000100000001000000010000000100000001000000010000000100000001000000010000000100000001000000010000000100000001000000010000000100000001000000010000000100000001000000010000000100000001000000010000000100000001000000010000000100000001000000010000000100000001000000010000000100000001000000010000000100000001000000010000000100000001000000010000000100000001000000010000000100000001000000010000000100000001000000010000000100000001000000010000000100000001000000010000000100000001000000010000000100000001000000010000000100000001000000010000000100000001000000010000000100000001000000010000000100000001000000010000000100000001000000010000000100000001000000010000000100000001000000010000000100000001000000010000000100000001000000010111110000000001000000010000000100000001000000010000000100000001000000010000000100000001000000010000000100000001000000010000000100000001000000010000000100000001000000010000000100000001000000010000000100000001000000010000000100000001000000010000000100000001000000010000000100000001000000010000000100000001000000010000000100000001000000010000000100000001000000010000000100000001000000010000000100000001000000010000000100000001000000010000000100000001000000010000000100000001000000010000000100000001000000010000000000000001000000010000000100000001000000010000000100000001000000010000000100000001000000010000000100000001000000010000000100000001000000010000000100000001000000010000000100000001000000010000000100000001000000010000000100000001000000010000000100000001000000010000000100000001000000010000000100000001000000010000000100000001000000010000000100000001000000010000000100000001000000010111011100000001000000010000000100000001000000010000000100000001000000010000000100000001000000010110111000000001000000010111001000000001000000010000000100000001000000010000000100000001000000010000000100000001000000010000000100000001000000010000000100000001000000010000000100000001000000010000000100000001000000010000000100000001000000010000000100000001000000010000000100000001000000010000000100000001000000010000000100000001000000010000000100000001000000010000000100000001000000010000000100000001000000010000000100000001000000010000000100000001000000010000000100000001000000010000000100000001000000010000000100000001000000010000000100000001000000010000000100000001000000010000000100000001000000010000000100000001000000010000000100000001000000010000000100000001000000010000000100000001000000010000000100000001000000010000000100000001000000010000000100000001000000010000000100000001000000010000000100000001000000010000000100000001000000010000000100000001000000010000000100000001000000010000000100000001000000010000000100000001000000010000000100000001000000010000000100000001000000010000000100000001000000010000000100000001000000010000000100000001000000010000000100000001000000010000000100000001000000010000000100000001000000010000000100000001000000010000000100000001000000010000000100000001000000010000000100000001000000010000000100000001000000010000000100000001000000010000000100000001000000010000000100000001000000010000000100000001000000010000000100000001000000010000000100000001000000010000000100000001000000010000000100000001000000010000000100000001000000010000000100000001000000010000000100000001000000010000000100000001000000010000000100000001000000010000000100000001000000010000000100000001000000010000000100000001000000010000000100000001000000010000000100000001000000010000000101111000011000010010100101111111010111000001001100000001010101100000010000000001010101110000010100000001010101100000100000000001010110000000111100000001010101000000110100000001010101100000111000000001010101000000110000000001010101100001000000000001011000000001101000000001011001000001111000000001010111110001100100000001010110100001010000000001010100100000110000000001010111000001011000000001011001000001111100000001011001010001111000000001011001010001101100000001011010010001111100000001011001110001110100000001010111000001001000000001010110010000110100000001011010110001111100000001010110010001000100000001010011010000011100000001010100000000000101010100000011100000000101100001000110100000000101100010000110010000000101011001000011010000000101011101000100100000000101100011000111000000000101100001000111000111110001011000000110000111100001110001001100100000000100000001011110010000000100000001000000010110110000000001000000010110111100000001011111100000000100000001000000010111010100000001010000110111101101101011001001100000000101100011000111010000000101100111001000000000000101100111001000110101100001001110000011100110110100000001010001100000000100000001000000010000000100000001000000010000000100000001000000010111000000000001000000010101110000000001000000010101010000000001000000010110110100000001000000010111000000000001000000010111101100000001000000010111011100000001000000010101000100000001000000010100101100000001000000010101001100000001000000010101011100000001000000010100100100000001000000010100101100000001000000010101011100000001000000010101000000000001000000010101100000000001000000010110110000000001000000010110101100000001000000010100111100000001000000010110101000000001000000010101110100000001000000010101100100000001000000010101111000000001000000010110111000000001000000010111111100000001000000010000000100000001000000010111111000000001000000010110110100000001000000010000000100000001000000010111111100000001000000010110111100000001000000010111111000000001000000010111101000000001000000010110100100000001000000010111001100000001000000010111010100000001000000010000000100000001000000010111111000000001000000010110100100000001000000010110001100000001000000010000000100000001000000010000000100000001000000010111101100000001000000010110111100000001000000010110010000000001000000010101111100000001000000010110101000000001000000010110001000000001000000010110010100000001000000010111010000000001000000010110011000000001000000010011101100000001011100000100010000000001011110100110000000000001000000010101111000000001000000010101010000000001000000010110010100000001000000010000000100000001000000010111000100000001000000010101100100000001000000010101111100000001000000010110110100000001000000010000000100000001000000010000000100000001000000010110111100000001000000010101011100000001000000010101010000000001000000010111001000000001000000010110010100000001000000010111010100000001000000010111101000000001000000010101011000000001000000010100110000000001000000010101010100000001000000010101110100000001000000010101001000000001000000010100100100000001000000010101001000000001000000010100111000000001000000010101110000000001000000010110101100000001000000010110011100000001000000010100101100000001000000010110100000000001000000010101110100000001000000010101100100000001000000010101111000000001000000010110110000000001000000010111110100000001000000010111111100000001000000010111110000000001000000010110101100000001000000010000000100000001000000010111111100000001000000010110111100000001000000010000000100000001000000010111111000000001000000010110110100000001000000010111001100000001000000010110111100000001000000010111111100000001000000010111111100000001000000010110101100000001000000010110111100000001000000010000000100000001000000010000000100000001000000010111111100000001000000010110111100000001000000010110001100000001000000010101011000000001000000010110001000000001000000010101111000000001000000010101100100000001000000010111011000000001000000010110100000000001000000010011111000000001011101000100100100000001011110000000000100000001000000010000000100000001000000010000000100000001000000010000000100000001000000010000000100000001000000010000000100000001011101000000000101101110010000100101000001000000000100010101100001101011001110100000000100000001000000010000000100000001000000010111101100000001000000010111000100000001000000010000000100000001000000010111010101101010001001100111100101010111000010110111110001010101000001110000000101010011000001010000000101010111000001110000000101010010000000010000000101011000000010000000000101010101000001110000000101011000000000010101001000000110000000010101101000001110000000010101100100000001010111010000111000000001010111010000110000000001011001000001001000000001010111100000110100000001010110010000110000000001011000110001100000000001011100100010011100000001000000010100001100000001000000010110000100000001000000010110010000000001000000010000000100000001000000010111001101111110010111110100000001010101001110110010001100000001000000010000000100000001000000010000000100000001000000010000000100000001000000010000000100000001011101000101100101010011001011010000110100000001010110100011010100000001011111000101001000000001011101100100011000000001010101010001111100000001011010100011000001111111010101110001110101111101010110100010100001010001001101010000110000000001000000010000000100000001000000010000000100000001000000010000000100000001000000010000000100000001000000010000000100000001000000010000000100000001000000010000000100000001000000010000000100000001000000010000000100000001000000010000000100000001000000010000000100000001000000010000000100000001000000010000000100000001000000010000000100000001000000010000000100000001000000010000000100000001000000010000000100000001000000010000000100000001000000010000000100000001000000010000000100000001000000010000000100000001000000010000000100000001000000010000000100000001000000010000000100000001000000010000000100000001000000010000000100000001000000010000000100000001000000010000000100000001000000010000000100000001000000010000000100000001000000010000000100000001000000010000000100000001000000010000000100000001000000010000000100000001000000010000000100000001000000010000000100000001000000010000000100000001000000010000000100000001000000010000000100000001000000010000000100000001000000010000000100000001000000010000000100000001000000010000000100000001000000010000000100000001000000010000000100000001000000010000000100000001000000010000000100000001000000010000000100000001000000010000000100000001000000010000000100000001000000010000000100000001000000010000000100000001000000010000000100000001000000010000000100000001000000010000000100000001000000010000000100000001000000010000000100000001000000010000000100000001000000010000000100000001000000010000000100000001000000010000000100000001000000010000000100000001000000010000000100000001000000010000000100000001000000010000000100000001000000010000000100000001000000010000000100000001000000010000000100000001000000010000000100000000000000010000000100000001000000010000000100000001000000010000000100000001000000010000000100000001000000010000000100000001000000010000000100000001000000010000000100000001000000010000000100000001000000010000000100000001000000010000000100000001000000010000000100000001000000010000000100000001000000010000000100000001000000010000000100000001000000010000000100000001000000010000000100000001000000010000000100000001000000010000000100000001000000010000000101111101000000010000000100000001000000010000000100000001000000010000000100000001000000010000000100000001000000010000000100000001000000010000000100000001000000010000000100000001000000010000000100000001000000010000000100000001000000010000000100000001000000010000000100000001000000010000000100000001000000010000000100000001000000010000000100000001000000010000000100000001000000010000000100000001000000010000000100000001000000010000000100000001000000010000000100000001000000010000000100000001000000010000000100000001000000010000000100000001000000010000000100000001000000010000000100000001000000010000000100000001000000010000000100000001000000010000000100000001000000010000000100000001000000010000000100000001000000010000000100000001000000010000000100000001000000010000000100000001000000010000000100000001000000010000000100000001000000010000000100000001000000010000000100000001000000010000000100000001000000010000000100000001000000010000000100000001000000010000000100000001000000010000000100000001000000010000000100000001000000010000000100000001000000010000000100000001000000010000000100000001000000010000000100000001000000010000000100000001000000010000000100000001000000010000000100000001000000010000000100000001000000010000000100000001000000010000000100000001000000010000000100000001000000010000000100000001000000010000000100000001000000010000000100000001000000010000000100000001000000010000000100000001000000010000000100000001000000010000000100000001000000010000000100000001000000010000000100000001000000010000000100000001000000010000000100000001000000010000000100000001000000010000000100000001000000010000000100000001000000010000000100000001000000010000000100000001000000010000000100000001000000010000000100000001011011010101011000011110011111010101011100001111000000010101011100000110000000010101101100000111000000010101010000000111000000010101001100001000000000010101101000010000000000010101100000001101000000010101001100001011000000010101100000010000000000010110010100011101000000010110100100100001000000010110000100011011000000010101110000010110000000010101101000010100000000010101011000010000000000010101011100010001000000010101101100010110000000010101111000010111000000010110001100011100000000010110011000011111000000010110010100011011000000010110000100010111000000010110101100100001000000010101100100010001000000010101100000010010000000010101111100011010000000010101011100010010000000010101111000010111000000010110000100011000000000010101111100010100000000010110000000010101000000010101111100010111000000010101100100010011000000010110101100101001011101100111000100110010000000010000000101100100000000010000000100000001011110110000000100000001011011110000000101111001000000010000000100000001011100010111011000111000000000010111010100110001000000010110100100100011000000010110001000011101011101110101110000011001011010000110011100101010000000010000000101111000000000010000000100000001011001010000000100000001010111110000000100000001011010110000000100000001000000010000000100000001011101010000000100000001011101000000000100000001000000010000000100000001011100100000000100000001011001110000000100000001011111000000000100000001011100000000000100000001010010010000000100000001010110000000000100000001000000010000000100000001010110010000000100000001010101000000000100000001010111110000000100000001011100000000000100000001011101000000000100000001011101000000000100000001011010110000000100000001011100000000000100000001010110010000000100000001011010010000000100000001011100100000000100000001010111110000000100000001010101110000000100000001010101110000000100000001010110100000000100000001011001110000000100000001011110000000000100000001011111010000000100000001011100000000000100000001011100010000000100000001011101000000000100000001011010100000000100000001011101000000000100000001011000010000000100000001011010100000000100000001010101010000000100000001010100100000000100000001010111010000000100000001011011010000000100000001011000000000000100000001011101100000000100000001011111000000000100000001011110000000000100000001011100010000000100000001011100110000000100000001011101000000000100000001010110010000000100000001010111010000000100000001010110110000000100000001010110010000000100000001010100110000000100000001010011000000000100000001010100010000000100000001011001000000000100000001011010100000000100000001011101010000000100000001011010000000000100000001011010110000000100000001000000010000000100000001011000100000000100000001011000000000000100000001011001010000000100000001011100100000000100000001000000010000000100000001011101000000000100000001011100110000000100000001000000010000000100000001011011110000000100000001011010000000000100000001011111100000000100000001011101010000000100000001010011110000000100000001010111100000000100000001000000010000000100000001010110110000000100000001010101010000000100000001010111110000000100000001011011100000000100000001011100010000000100000001011100110000000100000001011010010000000100000001011011100000000100000001010110010000000100000001011010010000000100000001011100100000000100000001010111010000000100000001010101010000000100000001010101010000000100000001010110000000000100000001011001010000000100000001011101100000000100000001011111010000000100000001011100000000000100000001011101010000000100000001011110000000000100000001011011100000000100000001011101000000000100000001010111000000000100000001011010000000000100000001010110000000000100000001010100110000000100000001011010110000000100000001011101100000000100000001011010010000000100000001011111000000000100000001000000010000000100000001011101100000000100000001011100110000000100000001011011000000000100000001011000110000000100000001011000110000000100000001010110100000000100000001010111110000000100000001010110010000000100000001010110000000000100000001010110110000000101111101011110010000000100000001000000010000000100000001000000010000000100000001000000010000000101100000000000010111000001000011011100000101000000011011011100000101101100100100010001010100111100011010000000010000000100000001011111000000000100000001000000010000000100000001000000010000000100000001000000010000000100000001000000010000000101000011000000010111000100100010000000010101101000001011000000010101100100001000000000010101000000000000000000010101100100000110000000010101101100000001010110100000100100000001010110100000101100000001010110010000000101011011000011110000000101011010000011100000000101011011000011000000000101101001000110100000000101111000001001110000000101110110001001010000000101111111001011110000000100000001001101100000000100000001001110110000000101111001001011010000000101100100000111010000000101101000001010010000000101010101000111110110100001000000000100000100101100100111000000010111010001010101001101000000000100000001000000010000000100000001011001100110101001001010001011010000000100000001000000010000000100000001000000010000000101100111010000000000000101100000001101100000000101101000001110000000000101101000001100110000000101011000000111000000000101101110001100000000000101010100000101110000000101011101001001100110011001000101000101110000000101111111010111010000000100000001000000010000000100000001000000010000000100000001000000010000000100000001000000010000000100000001000000010000000100000001000000010000000100000001000000010000000100000001000000010000000100000001000000010000000100000001000000010000000100000001000000010000000100000001000000010000000100000001000000010000000100000001000000010000000100000001000000010000000100000001000000010000000100000001000000010000000100000001000000010000000100000001000000010000000100000001000000010000000100000001000000010000000100000001000000010000000100000001000000010000000100000001000000010000000100000001000000010000000100000001000000010000000100000001000000010000000100000001000000010000000100000001000000010000000100000001000000010000000100000001000000010000000100000001000000010000000100000001000000010000000100000001000000010000000100000001000000010000000100000001000000010000000100000001000000010000000100000001000000010000000100000001000000010000000100000001000000010000000100000001000000010000000100000001000000010000000100000001000000010000000100000001000000010000000100000001000000010000000100000001000000010000000100000001000000010000000100000001000000010000000100000001000000010000000100000001000000010000000100000001000000010000000100000001000000010000000100000001000000010000000100000001000000010000000100000001000000010000000100000001000000010000000100000001000000010000000100000001000000010000000100000001000000010000000100000001000000010000000100000001000000010000000100000001000000010000000100000001000000010000000100000001000000010000000100000001000000010000000100000001000000010000000100000001000000010000000100000001000000010000000000000001000000010000000100000001000000010000000100000001000000010000000100000001000000010000000100000001000000010000000100000001000000010000000100000001000000010000000100000001000000010000000100000001000000010000000100000001000000010000000100000001000000010000000100000001000000010000000100000001000000010000000100000001000000010000000100000001000000010110110100000001000000010110100000000001000000010000000100000001000000010000000100000001000000010111010100000001000000010110010000000001000000010110011000000001000000010000000100000001000000010000000100000001000000010000000100000001000000010000000100000001000000010111111100000001000000010000000100000001000000010000000100000001000000010000000100000001000000010000000100000001000000010000000100000001000000010000000100000001000000010000000100000001000000010000000100000001000000010000000100000001000000010000000100000001000000010000000100000001000000010000000100000001000000010000000100000001000000010000000100000001000000010000000100000001000000010000000100000001000000010000000100000001000000010000000100000001000000010000000100000001000000010000000100000001000000010000000100000001000000010000000100000001000000010000000100000001000000010000000100000001000000010000000100000001000000010000000100000001000000010000000100000001000000010000000100000001000000010000000100000001000000010000000100000001000000010000000100000001000000010000000100000001000000010000000100000001000000010000000100000001000000010000000100000001000000010000000100000001000000010000000100000001000000010000000100000001000000010000000100000001000000010000000100000001000000010000000100000001000000010000000100000001000000010000000100000001000000010000000100000001000000010000000100000001000000010000000100000001000000010000000100000001000000010000000100000001000000010000000100000001000000010000000100000001000000010000000100000001000000010000000100000001000000010000000100000001000000010000000100000001000000010000000100000001000000010000000100000001000000010000000100000001000000010000000100000001000000010000000100000001000000010000000100000001000000010000000100000001000000010000000100000001000000010000000100000001000000010000000101111110011000100010110000000001010101110001001000000001010101100000011100000001010110010000010100000001010100110000001100000001010110110000110000000001010110100000110000000001010101110000100000000001010100110000011100000001010101010000100100000001010111010001001000000001011000110001100000000001011001000001110000000001011000110001101100000001010110110001001100000001010101000000110000000001010100010000101100000001010100010000101100000001010110110001011000000001011000000001101100000001010110110001100000000001011010100010010100000001011100000010101100000001011001100010000100000001010101110001001100000001010100110001000100000001010111110001110100000001010110000001010000000001010111010001011100000001011000010001100000000001011000100001010100000001010111010001000000000001011001000001011101111101010100000000011001110111010110000001001101110100011100010010110100000001000000010111011100000001000000010000000100000001000000010000000100000001000000010000000100000001000000010111110101011111011000100010010000000001011010110010100100000001011001110010001100000001010111100001101001101010010100100001000001010010010101110001101000000001000000010000000100000001000000010000000100000001000000010000000101110011000000010000000101100001000000010000000101110000000000010000000101101000000000010000000101110100000000010000000100000001000000010000000101101101000000010000000101100001000000010000000101101011000000010000000101110000000000010000000101100001000000010000000101100111000000010000000101111001000000010000000101010110000000010000000101010100000000010000000101010111000000010000000101110010000000010000000101111000000000010000000101111100000000010000000101101001000000010000000101100010000000010000000101100001000000010000000101101010000000010000000101110011000000010000000101011111000000010000000101000001000000010111110101000011000000010111111101011011000000010000000101101010000000010000000101010101000000010000000101011101000000010000000101100111000000010000000101010101000000010000000101011011000000010000000101111000000000010000000101101111000000010000000101001100000000010000000100110011000000010111000000101001000000010110011001010110000000010000000100000001000000010000000101101001000000010000000101011010000000010000000101011100000000010000000101100110000000010000000101010110000000010000000101111000000000010000000101100111000000010000000101101010000000010000000101101011000000010000000101100101000000010000000101011100000000010000000101101000000000010000000101101111000000010000000101100010000000010000000101011110000000010000000101101111000000010000000101100111000000010000000101100100000000010000000101010111000000010000000101011101000000010000000101100000000000010000000101101001000000010000000100000001000000010000000101101101000000010000000101100001000000010000000101101111000000010000000101011111000000010000000101110001000000010000000100000001000000010000000101101101000000010000000101011100000000010000000101101101000000010000000101101110000000010000000101100101000000010000000101100111000000010000000101111011000000010000000101011000000000010000000101010110000000010000000101011001000000010000000101110100000000010000000101111000000000010000000101111110000000010000000101101011000000010000000101100010000000010000000101100001000000010000000101101010000000010000000101110011000000010000000101011111000000010000000101000001000000010111110001000011000000010111111101011011000000010000000101101010000000010000000101010101000000010000000101011101000000010000000101100111000000010000000101010101000000010000000101011011000000010000000101111000000000010000000101101111000000010000000101001010000000010000000100110011000000010111000100101011000000010110011101011000000000010000000100000001000000010000000101101100000000010000000101011100000000010000000101011110000000010000000101100110000000010000000101011110000000010000000101110100000000010000000101100111000000010000000101100000000000010000000101110100000000010000000101100011000000010000000101010010000000010000000101110010000000010000000101110110000000010000000101110001000000010000000100000001000000010000000100000001000000010000000100000001000000010111011000000001011100100100010000000001011000110010110101110100010100010001000101101101010110100001011101011101011000000010001000000001000000010000000100000001000000010000000101110100000000010000000100000001000000010000000100000001000000010000000100000001000000010100000000000001011110100010101100000001011000010001001100000001010101000000010000000001010101110000010100000001010100010000000000000001010110010000011000000001010110000000010100000001011000000000111100000001010111010001000100000001010111110001010000000001011001010001101000000001011011110010011000000001011110100011000100000001011110110010111100000001011101000010011000000001011001100001011000000001011001010001001101111111010011100000000000000001010011110000010100000001010100110000110100000001010111010001110100000001010111010010001100000001011000010010110001100110001111100000111000000001011110000100110000000001000000010000000100000001011000100011101101010110001011100000010000000001011101000100101100000001000000010000000100000001000000010110111000000001011011110011110100000001010110010010010000000001011010010011000000000001011111110100000100000001011000000010000100000001010111000001111000000001010111000010010000000001010110110010101000000001011111100101011000000001000000010000000100000001000000010000000100000001000000010000000100000001000000010000000100000001000000010000000100000001000000010000000100000001000000010000000100000001000000010000000100000001000000010000000100000001000000010000000100000001000000010000000100000001000000010000000100000001000000010000000100000001000000010000000100000001000000010000000100000001000000010000000100000001000000010000000100000001000000010000000100000001000000010000000100000001000000010000000100000001000000010000000100000001000000010000000100000001000000010000000100000001000000010000000100000001000000010000000100000001000000010000000100000001000000010000000100000001000000010000000100000001000000010000000100000001000000010000000100000001000000010000000100000001000000010000000100000001000000010000000100000001000000010000000100000001000000010000000100000001000000010000000100000001000000010000000100000001000000010000000100000001000000010000000100000001000000010000000100000001000000010000000100000001000000010000000100000001000000010000000100000001000000010000000100000001000000010000000100000001000000010000000101111011000000010000000101111000000000010000000100000001000000010000000100000001000000010000000100000001000000010000000100000001000000010000000100000001000000010000000100000001000000010000000100000001000000010000000100000001000000010000000100000001000000010000000100000001000000010000000100000001000000010000000100000001000000010000000100000001000000010000000100000001000000010000000100000001000000010000000100000001000000010000000100000001000000010000000100000001000000010000000100000001000000010000000100000001000000010000000100000000000000010000000100000001000000010000000100000001000000010000000100000001000000010000000100000001000000010000000100000001000000010000000100000001000000010000000100000001000000010000000100000001000000010000000100000001000000010000000100000001000000010000000101101100000000010000000100000001000000010000000100000001000000010000000100000001000000010000000101011001000000010000000101011011000000010000000101110011000000010000000100000001000000010000000101101001000000010000000101011100000000010000000101011110000000010000000101111000000000010000000100000001000000010000000100000001000000010000000101110100000000010000000101111101000000010000000100000001000000010000000100000001000000010000000100000001000000010000000100000001000000010000000100000001000000010000000100000001000000010000000100000001000000010000000100000001000000010000000100000001000000010000000100000001000000010000000100000001000000010000000100000001000000010000000100000001000000010000000100000001000000010000000100000001000000010000000100000001000000010000000100000001000000010000000100000001000000010000000100000001000000010000000100000001000000010000000100000001000000010000000100000001000000010000000100000001000000010000000100000001000000010000000100000001000000010000000100000001000000010000000100000001000000010000000100000001000000010000000100000001000000010000000100000001000000010000000100000001000000010000000100000001000000010000000100000001000000010000000100000001000000010000000100000001000000010000000100000001000000010000000100000001000000010000000100000001000000010000000100000001000000010000000100000001000000010000000100000001000000010000000100000001000000010000000100000001000000010000000100000001000000010000000100000001000000010000000100000001000000010000000100000001000000010000000100000001000000010000000100000001000000010000000100000001000000010000000100000001000000010000000100000001000000010000000100000001000000010000000100000001000000010000000100000001000000010000000100000001000000010000000100000001000000010000000100000001000000010000000100000001000000010000000100000001000000010000000100000001000000010000000100000001000000010000000100000001000000010000000100000001000000010110010000110001000000010101100100010110000000010101011000001001000000010101111000000001010110100000011100000001010111010000110100000001010110000000100100000001010101000000011000000001010100010000001100000001010100010000001000000001010100010000010100000001010101010000100100000001010111100001001100000001011001100001101100000001011001000001110000000001010110010001000100000001010101110001000100000001010110110001010100000001010111100001101000000001010110000001010000000001010101100001010000000001011010110010011100000001011101100011000100000001011010010010010000000001010110010001011100000001010101000001001100000001010111000001101000000001010101010001001100000001010110110001011000000001010111000001010000000001011000010001010100000001010111110001000000000001010110000000100100000001010111000000111100000001011001000001110101110000011011010010100100000001000000010110100100000001000000010111110100000001000000010000000100000001000000010000000100000001000000010000000101101010011010110010110100000001011101010011010100000001011100100011000100000001011100100011000001110010011000000001111101100011011011010011000100000001000000010000000101111111000000010000000100000001000000010000000101100101000000010000000101100000000000010000000101101100000000010000000101010001000000010000000101011001000000010000000101011100000000010000000101100011000000010000000101011110000000010000000100111101000000010111011001010100000000010000000101111011000000010000000100000001000000010000000101011111000000010000000101100001000000010000000101011010000000010000000101011011000000010000000101100111000000010000000100000001000000010000000100000001000000010000000101110101000000010000000101011010000000010000000101100111000000010000000101101010000000010000000101100010000000010000000101011101000000010000000101011000000000010000000101010100000000010000000101010011000000010000000101101000000000010000000101011111000000010000000101010111000000010000000101000010000000010111111000111011000000010111100101001101000000010000000101010000000000010000000101000000000000010111110000101000000000010110011000110101000000010111001001000101000000010000000101100110000000010000000101101111000000010000000101010000000000010000000101010001000000010000000101100011000000010000000101011111000000010000000101010000000000010000000101101101000000010000000101011111000000010000000101010011000000010000000101100000000000010000000101100101000000010000000101010100000000010000000101101000000000010000000101110110000000010000000101101101000000010000000101100000000000010000000101101100000000010000000101100010000000010000000101010100000000010000000101011100000000010000000101011011000000010000000101010100000000010000000101100001000000010000000101110100000000010000000101101100000000010000000101100110000000010000000101101011000000010000000101010101000000010000000101010111000000010000000101011000000000010000000101100010000000010000000101011001000000010000000100111110000000010111100101010001000000010000000101111101000000010000000100000001000000010000000101011111000000010000000101100001000000010000000101011100000000010000000101011101000000010000000101101001000000010000000100000001000000010000000100000001000000010000000101110111000000010000000101011010000000010000000101100111000000010000000101101010000000010000000101100010000000010000000101011101000000010000000101011000000000010000000101010100000000010000000101010011000000010000000101101000000000010000000101011111000000010000000101010111000000010000000101000010000000010111111000111011000000010111011101001101000000010000000101010000000000010000000101000000000000010111110000101010000000010110100000110111000000010111010101000111000000010000000101101000000000010000000101101111000000010000000101010000000000010000000101010001000000010000000101100011000000010000000101010110000000010000000101001111000000010000000101101010000000010000000101100010000000010000000101010000000000010000000101100010000000010000000101100001000000010000000101010001000000010000000101100010000000010000000101110001000000010000000101110101000000010000000100000001000000010000000100000001000000010000000101100100011100000100000001111001011000010010110100000001010110110010000001110110010101010000110001110111011000100001011101100011011000100001111000000001000000010111000100000001000000010000000100000001000000010000000100000001000000010000000101111101000000010111001001111000011110100011010000000001011011000001111100000001011000000001001100000001010101110000011100000001010111100000110100000001011000110001000100000001011011110001110000000001011011110001110000000001011011000001110100000001011010000001110000000001011000010001011100000001010111110001011100000001011000010001101000000001011000010001101000000001010110100001001100000001010100100000100100000001011000100001010100000001011000110001001100000001010110110000111100000001010100000000100100000001010110010001011000000001010101110001100100000001010111010010001100000001010101000001111001110100010010100001010100000001000000010110111100000001000000010111111100000001010110000010011101110101010010100001100101110011010001010001010100000001010111100010111000000001000000010110111000000001000000010101110100000001011100100011100100000001011001000010011000000001011001100010011100000001010100010001001000000001010111000001110100000001010011110001011001111001010010010001010100000001000000010101101000000001011110010101010100000001000000010000000100000001000000010000000100000001000000010000000100000001000000010000000100000001000000010000000100000001000000010000000100000001000000010000000100000001000000010000000100000001000000010000000100000001000000010000000100000001000000010000000100000001000000010000000100000001000000010000000100000001000000010000000100000001000000010000000100000001000000010000000100000001000000010000000100000001000000010000000100000001000000010000000100000001000000010000000100000001000000010000000100000001000000010000000100000001000000010000000100000001000000010000000100000001000000010000000100000001000000010000000100000001000000010000000100000001000000010000000100000001000000010000000100000001000000010000000100000001000000010000000100000001000000010000000100000001000000010000000100000001000000010000000100000001000000010000000100000001000000010000000100000001000000010000000100000001000000010000000100000001000000010000000100000001000000010000000100000001000000010000000100000001000000010000000100000001000000010000000100000001000000010000000100000001000000010000000101110010000000010000000101101110000000010000000101111010000000010000000100000001000000010000000100000001000000010000000101110100000000010000000101110101000000010000000100000001000000010000000100000001000000010000000100000001000000010000000101111011000000010000000100000001000000010000000100000001000000010000000100000001000000010000000100000001000000010000000100000001000000010000000100000001000000010000000100000001000000010000000100000001000000010000000100000001000000010000000100000001000000010000000100000001000000010000000100000000000000010000000100000001000000010000000100000001000000010000000100000001000000010000000100000001000000010000000100000001000000010000000100000001000000010000000100000001000000010000000100000001000000010000000100000001000000010000000100000001000000010000000101101110000000010000000101110101000000010000000100000001000000010000000100000001000000010000000101011111000000010000000101010101000000010000000101110000000000010000000100000001000000010000000101100010000000010000000101011101000000010000000101100011000000010000000101101100000000010000000100000001000000010000000100000001000000010000000101110010000000010000000100000001000000010000000100000001000000010000000100000001000000010000000100000001000000010000000100000001000000010000000100000001000000010000000100000001000000010000000100000001000000010000000100000001000000010000000100000001000000010000000100000001000000010000000100000001000000010000000100000001000000010000000100000001000000010000000100000001000000010000000100000001000000010000000100000001000000010000000100000001000000010000000100000001000000010000000100000001000000010000000100000001000000010000000100000001000000010000000100000001000000010000000100000001000000010000000100000001000000010000000100000001000000010000000100000001000000010000000100000001000000010000000100000001000000010000000100000001000000010000000100000001000000010000000100000001000000010000000100000001000000010000000100000001000000010000000100000001000000010000000100000001000000010000000100000001000000010000000100000001000000010000000100000001000000010000000100000001000000010000000100000001000000010000000100000001000000010000000100000001000000010000000100000001000000010000000100000001000000010000000100000001000000010000000100000001000000010000000100000001000000010000000100000001000000010000000100000001000000010000000100000001000000010000000100000001000000010000000100000001000000010000000100000001000000010000000100000001000000010000000100000001000000010000000100000001000000010000000100000001000000010000000100000001000000010000000100000001000000010000000100000001000000010000000100000001000000010000000100000001000000010000000100000001000000010000000100000001000000010111100101000111011111110101100100011001000000010110000100010101000000010101100100000111000000010101110100000001010110010000100100000001010101100000100100000001010100110000100000000001010100010000011000000001010100110000100000000001010100100000100100000001010101000000000101011101000100110000000101100111000111010000000101101110001001100000000101100000000110000000000101011001000100100000000101011000000100010000000101011010000100110000000101010110000011110000000101010111000100010000000101101001001000100000000101110111001100000000000101101010001000000000000101011110000110000000000101011001000101000000000101011010000101110000000101010010000100000000000101011010000101010000000101011000000100000000000101011101000100110000000101100000000100110000000101011001000011010000000101100001000101110000000101100101001000000111010101110010001011100000000100000001011010000000000100000001000000010000000100000001000000010000000100000001000000010000000100000001000000010110111101101110001100010000000101110011001100110111100001010010000100010111111101011111000111100111010101101001001010010000000100000001010101110000000100000001000000010110100100000001000000010101111100000001000000010101110100000001000000010110110000000001000000010110110000000001000000010101010000000001000000010100110000000001000000010110010100000001000000010110000000000001000000010101011000000001000000010100111000000001000000010101011100000001000000010110100000000001000000010111101000000001000000010101110000000001000000010110011000000001000000010110100100000001000000010110011000000001000000010111111000000001000000010000000100000001000000010111101100000001000000010110010000000001000000010101101000000001000000010110011100000001000000010110100100000001000000010110011000000001000000010110100000000001000000010101110100000001000000010100111100000001000000010100110100000001000000010110111100000001000000010111101000000001000000010111001000000001000000010101000100000001000000010100100100000001000000010101000100000001000000010100010000000001000000010100100100000001000000010100100100000001000000010100011000000001000000010100100000000001000000010110010100000001000000010101110100000001000000010100010100000001011111110101100000000001000000010111101000000001000000010110000100000001000000010101100000000001000000010110000100000001000000010101111100000001000000010101001100000001000000010101010000000001000000010101111100000001000000010110101000000001000000010110111000000001000000010110000100000001000000010110011100000001000000010110101000000001000000010110000000000001000000010101101100000001000000010101111000000001000000010111111100000001000000010111110100000001000000010101110000000001000000010101001100000001000000010101001100000001000000010110000100000001000000010110111000000001000000010110110000000001000000010100110100000001000000010100101100000001000000010110000000000001000000010101110100000001000000010101001100000001000000010101000100000001000000010101011000000001000000010110100100000001000000010111101100000001000000010101110000000001000000010110011000000001000000010110100100000001000000010110011000000001000000010000000100000001000000010000000100000001000000010111110100000001000000010110011000000001000000010101101000000001000000010110011100000001000000010110100100000001000000010110011000000001000000010110100000000001000000010101110100000001000000010100111100000001000000010100110100000001000000010110111100000001000000010111101000000001000000010111001000000001000000010101000100000001000000010100100100000001000000010101000100000001000000010100010000000001000000010100100100000001000000010100101100000001000000010100100000000001000000010100101000000001000000010110011100000001000000010101111100000001000000010100011100000001000000010101100000000001000000010111101000000001000000010110011100000001000000010101101000000001000000010110001000000001000000010110000100000001000000010101000000000001000000010100111000000001000000010101101000000001000000010110101000000001000000010110110000000001000000010111011000000001000000010110101100000001000000010111110100000001000000010000000100000001000000010101111101110010001111110110110101011100001001000111011101010010000101000110111001001011000000010111101001100000000101000110111101100111001001000111100000000001010100010000000100000001000000010000000100000001000000010000000100000001000000010000000100000001000000010111111000000001010000000111101101100111000110100000000101101110001000110000000101110111001010010000000101110101001001010000000101100100000100110000000101011010000010010000000101011101000011000000000101011001000000010101100000001101000000010101011100001101000000010101101100010100000000010110010100011111000000010110011100100001000000010110001100011101000000010110000000011010000000010110001000011010000000010110010000011100000000010110010000011110000000010101101100011001000000010101110100011111000000010101100100011100000000010101110000100011011111100100110100010101000000010101011100100001000000010000000101110100000000010000000101101010011111010101010100100001011110100101001000011110000000010101011100100010000000010101110100101000000000010111101101000101000000010111110101000011000000010111101000111110000000010110000000100001000000010101001100010001000000010101100100010111000000010110000000011111000000010100110000010001000000010111000100111100000000010000000101010101011011100101000100101100000000010000000100000001000000010000000100000001000000010000000100000001000000010000000100000001000000010000000100000001000000010000000100000001000000010000000100000001000000010000000100000001000000010000000100000001000000010000000100000001000000010000000100000001000000010000000100000001000000010000000100000001000000010000000100000001000000010000000100000001000000010000000100000001000000010000000100000001000000010000000100000001000000010000000100000001000000010000000100000001000000010000000100000001000000010000000100000001000000010000000100000001000000010000000100000001000000010000000100000001000000010000000100000001000000010000000100000001000000010000000100000001000000010000000100000001000000010000000100000001000000010000000100000001000000010000000100000001000000010000000100000001000000010000000100000001000000010000000100000001000000010000000100000001000000010000000100000001000000010000000100000001000000010000000100000001000000010000000100000001000000010000000100000001000000010000000100000001000000010000000100000001000000010000000100000001011111110000000100000001011100000000000100000001011010010000000100000001011010110000000100000001000000010000000100000001011111100000000100000001011010110000000100000001011101100000000100000001000000010000000100000001000000010000000100000001000000010000000100000001000000010000000100000001000000010000000100000001000000010000000100000001000000010000000100000001000000010000000100000001000000010000000100000001000000010000000100000001000000010000000100000001000000010000000100000001000000010000000100000001000000010000000100000001000000010000000100000001000000000000000100000001000000010000000100000001000000010000000100000001000000010000000100000001000000010000000100000001000000010000000100000001000000010000000100000001000000010000000100000001000000010000000100000001000000010000000100000001000000010000000100000001000000010000000100000001000000010000000100000001000000010000000100000001000000010000000100000001011101010000000100000001011101100000000100000001000000010000000100000001000000010000000100000001000000010000000100000001011001100000000100000001011100100000000100000001000000010000000100000001000000010000000100000001000000010000000100000001000000010000000100000001000000010000000100000001000000010000000100000001000000010000000100000001000000010000000100000001000000010000000100000001000000010000000100000001000000010000000100000001000000010000000100000001000000010000000100000001000000010000000100000001000000010000000100000001000000010000000100000001000000010000000100000001000000010000000100000001000000010000000100000001000000010000000100000001000000010000000100000001000000010000000100000001000000010000000100000001000000010000000100000001000000010000000100000001000000010000000100000001000000010000000100000001000000010000000100000001000000010000000100000001000000010000000100000001000000010000000100000001000000010000000100000001000000010000000100000001000000010000000100000001000000010000000100000001000000010000000100000001000000010000000100000001000000010000000100000001000000010000000100000001000000010000000100000001000000010000000100000001000000010000000100000001000000010000000100000001000000010000000100000001000000010000000100000001000000010000000100000001000000010000000100000001000000010000000100000001000000010000000100000001000000010000000100000001000000010000000100000001000000010000000100000001000000010000000100000001000000010000000100000001000000010000000100000001000000010000000100000001000000010000000100000001000000010000000100000001000000010000000100000001000000010000000100000001000000010000000100000001000000010000000100000001000000010000000100000001000000010000000100000001000000010000000100000001000000010000000100000001000000010000000100000001000000010000000100000001000000010000000100000001011000100111100101010110000101110000000101011110000101000000000101010111000001110000000101010111000001100000000101010110000001010000000101011001000000010101010000000110000000010101011000001000000000010101110000001110000000010101110100010010000000010101101000001111000000010101101000001111000000010110000000010100000000010110100000011110000000010110100000011101000000010110010000011100000000010101110000010011000000010101011100001110000000010101100100010001000000010101111100010111000000010110100000011111000000010110110100100010000000010110010100011011000000010110010000011100000000010110000100011011000000010101110000010111000000010101001000001101000000010101101100010110000000010101011000010001000000010110001000011000000000010110001100011001000000010110000100010111000000010101100100010001000000010110000000011110011101110111001100110010011111010000000101011111000000010000000100000001000000010000000100000001000000010000000100000001000000010000000101110011011011100110110100110000000000010111011100110111011111100101100000010111011110100101111000011101011011100110100000100111000000010000000101110001000000010000000100000001011111000000000100000001000000010000000100000001011111110000000100000001011100010000000100000001011000000000000100000001011001010000000100000001000000010000000100000001000000010000000100000001011011000000000100000001010111100000000100000001011000010000000100000001011011100000000100000001011011110000000100000001011000110000000100000001011001110000000100000001011001000000000100000001011001110000000100000001011001110000000100000001011101000000000100000001011001100000000100000001011001110000000100000001011000110000000100000001010101010000000100000001010110010000000100000001010110000000000100000001010111100000000100000001011001010000000100000001010101100000000100000001010011110000000100000001011000000000000100000001011101010000000100000001011111100000000100000001011110000000000100000001011101100000000100000001011101010000000100000001011010110000000100000001011000110000000100000001011111000000000100000001011111100000000100000001010111110000000100000001010001100000000100000001011000000000000100000001011000010000000100000001010110100000000100000001011001000000000100000001011100010000000100000001010100010000000100000001011000110000000100000001010111010000000100000001011000110000000100000001011001100000000100000001010101110000000100000001010100010000000100000001011011110000000100000001000000010000000100000001011010110000000100000001010111000000000100000001011001000000000100000001011000000000000100000001011000110000000100000001011010110000000100000001000000010000000100000001011111000000000100000001011000010000000100000001010111110000000100000001011110010000000100000001011111010000000100000001011011010000000100000001011001000000000100000001010110100000000100000001000000010000000100000001011111100000000100000001011010000000000100000001010111010000000100000001011001000000000100000001011011000000000100000001011011010000000100000001011000110000000100000001011001110000000100000001011001000000000100000001011001110000000100000001011001110000000100000001011101100000000100000001011010000000000100000001011010010000000100000001011001010000000100000001010101010000000100000001010110010000000100000001010110000000000100000001010111100000000100000001011001010000000100000001010101100000000100000001010011110000000100000001011000000000000100000001011101010000000100000001011111100000000100000001011110000000000100000001011101100000000100000001011101010000000100000001011010110000000100000001011000110000000100000001011111000000000100000001000000010000000100000001011000010000000100000001010010000000000100000001011000100000000100000001011000110000000100000001010111000000000100000001011001000000000100000001011100010000000100000001010101000000000100000001010111110000000100000001010110010000000100000001010111100000000100000001011010000000000100000001010101110000000100000001010101100000000100000001011110000000000100000001011101100000000100000001011011000000000100000001011001110000000100000001011110100000000100000001000000010000000100000001011111110000000101100101011100100110011000101100011010110100100000001000011110000101010000001000011101100101100000001011011110000110101100100111000000010000000101011000000000010000000100000001000000010000000100000001000000010000000100000001000000010000000100000001000000010000000101100011011101110110100000011111000000010110001100011010000000010110000100010111000000010101101100001111000000010101001000000010000000010101000100000001000000010110000100010001000000010110000100010101000000010110000000010110000000010101111000011000000000010110001100011101000000010110011100100010000000010110001000011100000000010101100000010011000000010101011100010010000000010110000100011101000000010110001100100010000000010110000000011111000000010110011100100111000000010101110000011111000000010101111100100011000000010101100100011110000000010100110000010011000000010110111100110101000000010000000101100011000000010000000101001000011001110011101000000001000000010101001000011100000000010110001100101010000000010101011000011110000000010110010100101011000000010111000100110101000000010111101100111101000000010111100100110111011110100100100100000101000000010110101000100111000000010101101100011000000000010101000000010010000000010110101000110001000000010110111000111101011100110101010100101100000000010000000100000001000000010000000100000001000000010000000100000001000000010000000100000001000000010000000100000001000000010000000100000001000000010000000100000001000000010000000100000001000000010000000100000001000000010000000100000001000000010000000100000001000000010000000100000001000000010000000100000001000000010000000100000001000000010000000100000001000000010000000100000001000000010000000100000001000000010000000100000001000000010000000100000001000000010000000100000001000000010000000100000001000000010000000100000001000000010000000100000001000000010000000100000001000000010000000100000001000000010000000100000001000000010000000100000001000000010000000100000001000000010000000100000001000000010000000100000001000000010000000100000001000000010000000100000001000000010000000100000001000000010000000100000001000000010000000100000001000000010000000100000001000000010000000100000001000000010000000100000001000000010000000100000001000000010000000100000001000000010000000100000001000000010000000100000001000000010000000100000001000000010000000100000001000000010000000100000001011101010000000100000001011011010000000100000001000000010000000100000001000000010000000100000001000000010000000100000001011111110000000100000001011111110000000100000001000000010000000100000001000000010000000100000001000000010000000100000001000000010000000100000001000000010000000100000001000000010000000100000001000000010000000100000001000000010000000100000001000000010000000100000001000000010000000100000001000000010000000100000001000000010000000100000001000000010000000100000001000000010000000100000001000000010000000100000001000000000000000100000001000000010000000100000001000000010000000100000001000000010000000100000001000000010000000100000001000000010000000100000001000000010000000100000001000000010000000100000001000000010000000100000001000000010000000100000001000000010000000100000001000000010000000100000001000000010000000100000001000000010000000100000001000000010000000100000001000000010000000100000001000000010000000100000001000000010000000100000001000000010000000100000001000000010000000100000001011111110000000100000001000000010000000100000001000000010000000100000001000000010000000100000001000000010000000100000001000000010000000100000001000000010000000100000001000000010000000100000001000000010000000100000001000000010000000100000001000000010000000100000001000000010000000100000001000000010000000100000001000000010000000100000001000000010000000100000001000000010000000100000001000000010000000100000001000000010000000100000001000000010000000100000001000000010000000100000001000000010000000100000001000000010000000100000001000000010000000100000001000000010000000100000001000000010000000100000001000000010000000100000001000000010000000100000001000000010000000100000001000000010000000100000001000000010000000100000001000000010000000100000001000000010000000100000001000000010000000100000001000000010000000100000001000000010000000100000001000000010000000100000001000000010000000100000001000000010000000100000001000000010000000100000001000000010000000100000001000000010000000100000001000000010000000100000001000000010000000100000001000000010000000100000001000000010000000100000001000000010000000100000001000000010000000100000001000000010000000100000001000000010000000100000001000000010000000100000001000000010000000100000001000000010000000100000001000000010000000100000001000000010000000100000001000000010000000100000001000000010000000100000001000000010000000100000001000000010000000100000001000000010000000100000001000000010000000100000001000000010000000100000001000000010000000100000001000000010000000100000001000000010000000100000001000000010000000100000001000000010000000100000001000000010000000100000001000000010000000100000001000000010000000100000001000000010000000100000001000000010000000100000001000000010111011101010111000111000000000101010010000010110000000101100111000110000000000101011101000011000000000101011101000010010000000101011010000010000000000101011000000001010000000101011000000001110000000101011110000011010000000101011110000011010000000101010110000001100000000101010011000001000000000101010110000001110000000101011011000011110000000101101000000111000000000101110001001001100000000101101110001000110000000101100010000101110000000101011110000101010000000101100100000110110000000101101000000111010000000101100000000101000000000101100000000101100000000101101000001000010000000101101000001000100000000101100000000110110000000101010011000011100000000101011001000101000000000101010101000011110000000101101000000111110000000101100011000110010000000101011010000100100000000101010101000011110000000101100111001001010110111001100101001001010110111000000001010010110000000100000001000000010000000100000001000000010000000100000001000000010000000100000001011110100110110001101001001011000111111001100010001000100000000101100100001001000111110001100110001001010101110001011101000111010000000100000001000000010000000100000001000000010000000100000001000000010111101000000001000000010110100100000001000000010111001000000001000000010111001000000001000000010110011000000001000000010000000100000001000000010000000100000001000000010110100100000001000000010101110100000001000000010110010000000001000000010111001100000001000000010111001100000001000000010101010100000001000000010110001100000001000000010110101100000001000000010110011000000001000000010111001100000001000000010110001100000001000000010110001100000001000000010110010000000001000000010110101100000001000000010110010100000001000000010110010100000001000000010101011000000001000000010101001100000001000000010110000100000001000000010110010100000001000000010110001100000001000000010110110100000001000000010101110000000001000000010110010100000001000000010110000100000001000000010111111100000001000000010000000100000001000000010110110000000001000000010101111000000001000000010101111000000001000000010111101100000001000000010111101000000001000000010110110000000001000000010110101000000001000000010101010000000001000000010101010000000001000000010110011000000001000000010110101000000001000000010101011100000001000000010111001100000001000000010101110000000001000000010101010000000001000000010101110100000001000000010101101100000001000000010100110100000001000000010101100000000001000000010101111100000001000000010111010100000001000000010101111000000001000000010101101000000001000000010110011000000001000000010110001000000001000000010101100100000001000000010110110000000001000000010111010000000001000000010111010100000001000000010110000100000001000000010111001100000001000000010110110100000001000000010111001000000001000000010111011100000001000000010110111000000001000000010000000100000001000000010111110100000001000000010110011000000001000000010101111100000001000000010110010100000001000000010111001000000001000000010111000000000001000000010101011000000001000000010110001100000001000000010110101100000001000000010110011000000001000000010111001100000001000000010110001100000001000000010110001100000001000000010110011000000001000000010110110100000001000000010110010100000001000000010110010100000001000000010101011000000001000000010101001100000001000000010110000100000001000000010110010100000001000000010110001100000001000000010110110100000001000000010101110000000001000000010110010100000001000000010110000100000001000000010111111100000001000000010000000100000001000000010110110000000001000000010101111000000001000000010101111000000001000000010111101100000001000000010111101000000001000000010110110000000001000000010110101000000001000000010101010000000001000000010101010000000001000000010110010000000001000000010110100000000001000000010101100100000001000000010111001100000001000000010101111100000001000000010101000100000001000000010101111100000001000000010101011000000001000000010100100000000001000000010100111100000001000000010110010000000001000000010111001000000001000000010110011100000001000000010110011000000001000000010000000100000001000000010000000100000001011111010101100001010011000101000000000101100100000111110000000101011100000011100111100101010101000001110111111101101010001001100000000100000001010101100000000100000001000000010000000100000001000000010000000100000001000000010000000100000001000000010000000100000001010110010111000001100100000111100000000101100100000111010000000101011011000100100000000101010111000011100000000101011110000100100000000101011001000011000000000101011000000010110000000101010011000010010000000101010010000010110000000101010111000100010000000101100011000111100000000101100111001000010000000101011111000110010000000101011000000100110000000101011001000101010000000101011100000111000000000101011001000111000000000101010111000110100000000101100111001010100000000101100000001000110000000101011101001000000000000101010110000110100000000101001100000100000000000101100110001010010000000100000001010011010000000101110011001101100000000101001110000100010000000101100010001001110000000101100001001001000000000101001101000100000000000101011110001000010000000101011011000111100000000101101110001011110000000101110010001011110000000101100111001000010111111001001000000000010000000101101000001000110000000101100001001000000000000101100111001010110000000101011101001010100110111001001100001000010000000100000001011101100000000100000001000000010000000100000001000000010000000100000001000000010000000100000001000000010000000100000001000000010000000100000001000000010000000100000001000000010000000100000001000000010000000100000001000000010000000100000001000000010000000100000001000000010000000100000001000000010000000100000001000000010000000100000001000000010000000100000001000000010000000100000001000000010000000100000001000000010000000100000001000000010000000100000001000000010000000100000001000000010000000100000001000000010000000100000001000000010000000100000001000000010000000100000001000000010000000100000001000000010000000100000001000000010000000100000001000000010000000100000001000000010000000100000001000000010000000100000001000000010000000100000001000000010000000100000001000000010000000100000001000000010000000100000001000000010000000100000001000000010000000100000001000000010000000100000001000000010000000100000001000000010000000100000001000000010000000100000001000000010000000100000001000000010000000100000001000000010000000100000001000000010000000100000001000000010000000100000001000000010000000100000001000000010000000100000001000000010000000100000001000000010000000100000001000000010000000100000001000000010000000100000001000000010000000100000001000000010000000100000001000000010000000100000001000000010000000100000001000000010000000100000001000000010000000100000001000000010000000100000001000000010000000100000001000000010000000100000001000000010000000100000001000000010000000100000001000000010000000100000001000000010000000100000001000000010000000100000001000000010000000100000001000000010000000000000001000000010000000100000001000000010000000100000001000000010000000100000001000000010000000100000001000000010000000100000001000000010000000100000001000000010000000100000001000000010000000100000001000000010000000100000001000000010000000100000001000000010000000100000001000000010000000100000001000000010000000100000001000000010000000100000001000000010111111100000001000000010111000100000001000000010000000100000001000000010000000100000001000000010111111000000001000000010110101000000001000000010110101100000001000000010000000100000001000000010000000100000001000000010000000100000001000000010000000100000001000000010000000100000001000000010000000100000001000000010000000100000001000000010000000100000001000000010000000100000001000000010000000100000001000000010000000100000001000000010000000100000001000000010000000100000001000000010000000100000001000000010000000100000001000000010000000100000001000000010000000100000001000000010000000100000001000000010000000100000001000000010000000100000001000000010000000100000001000000010000000100000001000000010000000100000001000000010000000100000001000000010000000100000001000000010000000100000001000000010000000100000001000000010000000100000001000000010000000100000001000000010000000100000001000000010000000100000001000000010000000100000001000000010000000100000001000000010000000100000001000000010000000100000001000000010000000100000001000000010000000100000001000000010000000100000001000000010000000100000001000000010000000100000001000000010000000100000001000000010000000100000001000000010000000100000001000000010000000100000001000000010000000100000001000000010000000100000001000000010000000100000001000000010000000100000001000000010000000100000001000000010000000100000001000000010000000100000001000000010000000100000001000000010000000100000001000000010000000100000001000000010000000100000001000000010000000100000001000000010000000100000001000000010000000100000001000000010000000100000001000000010000000100000001000000010000000100000001000000010000000100000001000000010000000100000001000000010000000100000001000000010000000100000001000000010000000100000001000000010000000100000001000000010000000100000001000000010000000100000001000000010000000101110010010100100001110100000001010100110001000000000001011001110001110000000001011010100001100100000001010111000000011000000001010110110000001100000001010110110000001000000001010110110000010100000001010111000000011000000001010110000000001000000001010100110000000000000001010101110000010000000001010111100000110100000001010111100000111100000001010111110001000000000001011000110001011100000001011011100010000100000001011010100001111100000001011001000001100100000001011001110001110000000001011001000001100100000001010110100001000000000001010111100001011100000001011001110010000100000001011010010010001000000001011001100010000000000001010110000001001000000001010110010001010100000001010101000000111100000001011000000001100100000001010111010001010100000001010100010000000101100001000111010000000101110010001100100110100101011010000110110111011000000001010011000000000100000001000000010000000100000001000000010000000100000001000000010000000100000001000000010000000101111110010000010000000101100101001010000000000101100100001001000111000101011111000111100101011101011111000111100000000100000001000000010000000100000001000000010111000000000001000000010100110000000001011111010100110100000001000000010110110100000001000000010111100000000001000000010110011100000001000000010110001000000001000000010111001100000001000000010101110100000001000000010101010100000001000000010111011000000001000000010111010100000001000000010110001100000001000000010101101100000001000000010101101000000001000000010111111000000001000000010000000100000001000000010111100100000001000000010110010000000001000000010110010100000001000000010110111000000001000000010111000000000001000000010111010000000001000000010111000100000001000000010110001100000001000000010110001100000001000000010111011000000001000000010111100100000001000000010110100000000001000000010101110100000001000000010110010100000001000000010000000100000001000000010000000100000001000000010000000100000001000000010000000100000001000000010111100100000001000000010111101100000001000000010111000000000001000000010000000100000001000000010000000100000001000000010110111000000001000000010101010100000001000000010011101100000001011101100100011000000001000000010110111100000001000000010000000100000001000000010110000000000001000000010110010000000001000000010101010000000001000000010101011100000001000000010110000000000001000000010110110100000001000000010110011000000001000000010110001000000001000000010101110100000001000000010111101000000001000000010110111100000001000000010110110100000001000000010111010000000001000000010111001000000001000000010111011100000001000000010000000100000001000000010000000100000001000000010000000100000001000000010100111000000001000000010100011000000001000000010100001100000001000000010110011000000001000000010111011000000001000000010110011100000001000000010110001000000001000000010111000000000001000000010101101000000001000000010101011100000001000000010111011000000001000000010111011000000001000000010110001000000001000000010101110000000001000000010101101000000001000000010111111000000001000000010000000100000001000000010111100100000001000000010110010000000001000000010110010100000001000000010111000000000001000000010111001000000001000000010111010000000001000000010111000100000001000000010110001100000001000000010110001100000001000000010111011000000001000000010111100100000001000000010110100000000001000000010101110100000001000000010110010100000001000000010000000100000001000000010000000100000001000000010000000100000001000000010000000100000001000000010111100100000001000000010111101100000001000000010111000000000001000000010000000100000001000000010000000100000001000000010110111000000001000000010101010100000001000000010011101100000001011101100100011000000001000000010110110100000001000000010000000100000001000000010101011100000001000000010110000100000001000000010101011100000001000000010101001100000001000000010110000000000001000000010110101100000001000000010110100100000001000000010110000000000001000000010110001000000001000000010111010100000001000000010111000000000001000000010111010000000001000000010000000100000001000000010000000100000001000000010101001101010111000101010000000101101110001001100111110101010110000001110000000101011011000011000000000101100110001000000110110101110010001101000000000100000001011111110000000100000001000000010000000100000001000000010000000100000001000000010000000100000001010100110110101001011101000110010111101101011100000101110000000101010111000100000000000101011000000100010000000101100010000110010000000101100001000101010000000101011111000101000000000101011010000100110000000101010011000011000000000101011011000101100000000101100111001000100000000101100100000111100000000101011010000101000000000101010111000100010000000101010111000100110000000101010111000101110000000101010010000101000000000101010111000110010000000101100001001000010000000101101001001010010000000101011010000110100000000101011001000110010000000101010000000100000000000101101010001010100000000101111110001111100000000101100010001000100000000101100000001000000000000101010010000100100000000101011010000110100000000101101000001010000000000101100110001001100000000101100111001001100000000101100011001000000000000101110000001010100000000101100011000111000000000101010011000000010101000100001001000000010110001000011110000000010110101000101101000000010110001100101101011010000100001100010111000000010111101101011000000000010000000100000001000000010000000100000001000000010000000100000001000000010000000100000001000000010000000100000001000000010000000100000001000000010000000100000001000000010000000100000001000000010000000100000001000000010000000100000001000000010000000100000001000000010000000100000001000000010000000100000001000000010000000100000001000000010000000100000001000000010000000100000001000000010000000100000001000000010000000100000001000000010000000100000001000000010000000100000001000000010000000100000001000000010000000100000001000000010000000100000001000000010000000100000001000000010000000100000001000000010000000100000001000000010000000100000001000000010000000100000001000000010000000100000001000000010000000100000001000000010000000100000001000000010000000100000001000000010000000100000001000000010000000100000001000000010000000100000001000000010000000100000001000000010000000100000001000000010000000100000001000000010000000100000001000000010000000100000001000000010000000100000001000000010000000100000001000000010000000100000001000000010000000100000001011101010000000100000001011100010000000100000001000000010000000100000001000000010000000100000001000000010000000100000001011110000000000100000001011110100000000100000001000000010000000100000001000000010000000100000001000000010000000100000001000000010000000100000001000000010000000100000001000000010000000100000001000000010000000100000001000000010000000100000001000000010000000100000001000000010000000100000001000000010000000100000001000000010000000100000001000000010000000100000001000000010000000100000001000000010000000100000001000000000000000100000001000000010000000100000001000000010000000100000001000000010000000100000001000000010000000100000001000000010000000100000001000000010000000100000001000000010000000100000001000000010000000100000001000000010000000100000001000000010000000100000001011011100000000100000001011110010000000100000001000000010000000100000001000000010000000100000001010110100000000100000001010101100000000100000001011001110000000100000001000000010000000100000001010101010000000100000001010101110000000100000001010110010000000100000001011011000000000100000001000000010000000100000001000000010000000100000001011101000000000100000001011111100000000100000001000000010000000100000001000000010000000100000001000000010000000100000001000000010000000100000001000000010000000100000001000000010000000100000001000000010000000100000001000000010000000100000001000000010000000100000001000000010000000100000001000000010000000100000001000000010000000100000001000000010000000100000001000000010000000100000001000000010000000100000001000000010000000100000001000000010000000100000001000000010000000100000001000000010000000100000001000000010000000100000001000000010000000100000001000000010000000100000001000000010000000100000001000000010000000100000001000000010000000100000001000000010000000100000001000000010000000100000001000000010000000100000001000000010000000100000001000000010000000100000001000000010000000100000001000000010000000100000001000000010000000100000001000000010000000100000001000000010000000100000001000000010000000100000001000000010000000100000001000000010000000100000001000000010000000100000001000000010000000100000001000000010000000100000001000000010000000100000001000000010000000100000001000000010000000100000001000000010000000100000001000000010000000100000001000000010000000100000001000000010000000100000001000000010000000100000001000000010000000100000001000000010000000100000001000000010000000100000001000000010000000100000001000000010000000100000001000000010000000100000001000000010000000100000001000000010000000100000001000000010000000100000001000000010000000100000001000000010000000100000001000000010000000100000001000000010000000100000001000000010000000100000001000000010000000100000001000000010000000101100100001101010000000101011001000111000000000101011101000101100000000101100110000110000000000101010101000000010000000101011011000000010000000101011101000000000000000101011101000000100000000101011101000000100000000101011011000000100000000101011010000000110000000101011110000000010110001100010001000000010110000000010000000000010101101000000001010101100000100100000001011000100001011000000001011001100001110100000001011010010010000000000001011011100010010100000001011000110001110000000001010111010001011000000001010111010001100000000001010111010001101000000001011000000001110100000001011010000010011000000001011000000001111000000001010111110001111000000001010110100001100000000001010110010001010000000001010100100000110100000001010110010001010000000001011010100010100000000001011100000011000101111001011001000010011001111111000000010100101100000001000000010000000100000001000000010000000100000001000000010000000100000001000000010110111000000001011111110100001000000001011100000011001100000001011001000010001101100100010101100001010001010000010111100001110000000001000000010000000100000001000000010000000101100010000000010000000101011110000000010000000101100000000000010000000101010011000000010000000101001010000000010000000101010010000000010000000101100011000000010000000101100100000000010000000101100000000000010000000101100010000000010000000101110001000000010000000101101100000000010000000101101110000000010000000101101001000000010000000101011100000000010000000100000001000000010000000101111010000000010000000101100000000000010000000101011110000000010000000101010111000000010000000101101011000000010000000101111010000000010000000101101001000000010000000101101001000000010000000101100111000000010000000101101101000000010000000101110110000000010000000101110001000000010000000101011110000000010000000101010000000000010000000101001100000000010000000101100110000000010000000101011110000000010000000101100000000000010000000101001101000000010000000101011000000000010000000101101111000000010000000101110111000000010000000100000001000000010000000101110001000000010000000101011100000000010000000101100010000000010000000101101110000000010000000101101101000000010000000101110001000000010000000101100011000000010000000101001111000000010000000101010000000000010000000101011000000000010000000101101101000000010000000101111100000000010000000100000001000000010000000101111001000000010000000101110101000000010000000101111010000000010000000101011111000000010000000101010010000000010000000101010001000000010000000101010011000000010000000101011111000000010000000101110001000000010000000101101110000000010000000101101011000000010000000101101001000000010000000101001101000000010000000101011011000000010000000101010110000000010000000101010011000000010000000101010010000000010000000101011000000000010000000101100100000000010000000101100100000000010000000101011101000000010000000101100100000000010000000101110000000000010000000101101111000000010000000101101101000000010000000101101010000000010000000101011100000000010000000100000001000000010000000101111010000000010000000101100000000000010000000101011110000000010000000101010111000000010000000101101011000000010000000101111010000000010000000101101001000000010000000101101001000000010000000101100111000000010000000101101101000000010000000101110110000000010000000101110001000000010000000101011110000000010000000101010000000000010000000101001100000000010000000101100110000000010000000101011110000000010000000101100000000000010000000101001101000000010000000101011000000000010000000101101111000000010000000101110111000000010000000100000001000000010000000101110001000000010000000101011100000000010000000101100010000000010000000101101110000000010000000101101101000000010000000101110001000000010000000101100011000000010000000101010001000000010000000101010011000000010000000101011100000000010000000101101001000000010000000101111000000000010000000101111110000000010000000101110111000000010000000101110001000000010000000101111101000000010000000101011000000000010000000101010101000000010000000101100001000000010000000101101001000000010111110100000001000000010000000101110101000000010011101001101101010110100000111100000001010110010000011100000001010111110000111001111010010111000001010101011111011000000010000000000001000000010000000100000001000000010000000100000001000000010000000100000001000000010000000101110111000000010100001101100000010011110000110001110010010011110000110100000001010101100001001000000001010111100001011100000001010111110001011100000001011000010001011000000001011001110001110000000001011010010010001000000001010110100001001100000001011000010001110000000001011011000010011100000001011000010001100100000001010101100000110100000001010110010001000000000001010110010001001000000001010110000001010100000001010110000001010100000001010110100001011100000001010111100001110000000001011010010010010100000001010111000001100000000001010111100001100000000001010110100001010000000001011011000010011000000001011011010010011100000001010100100000110000000001011000010001101100000001010111000001100000000001010101110001001100000001010101110001011000000001010110000001011100000001011100100011000000000001011001010010000000000001010011010000011000000001010110110001000000000001011001110001101100000001010111010001001100000001010110100001010000000001011010110010101000000001011000110010101101110110010011110010001001111011011001010100000100000001000000010000000100000001000000010000000100000001000000010000000100000001000000010000000100000001000000010000000100000001000000010000000100000001000000010000000100000001000000010000000100000001000000010000000100000001000000010000000100000001000000010000000100000001000000010000000100000001000000010000000100000001000000010000000100000001000000010000000100000001000000010000000100000001000000010000000100000001000000010000000100000001000000010000000100000001000000010000000100000001000000010000000100000001000000010000000100000001000000010000000100000001000000010000000100000001000000010000000100000001000000010000000100000001000000010000000100000001000000010000000100000001000000010000000100000001000000010000000100000001000000010000000100000001000000010000000100000001000000010000000100000001000000010000000100000001000000010000000100000001000000010000000100000001000000010000000100000001000000010000000100000001000000010000000100000001000000010000000100000001000000010000000100000001000000010000000100000001000000010000000101110010000000010000000101011111000000010000000101100101000000010000000101011111000000010000000100000001000000010000000101111000000000010000000101100010000000010000000101101101000000010000000100000001000000010000000100000001000000010000000101111111000000010000000101110010000000010000000100000001000000010000000100000001000000010000000100000001000000010000000100000001000000010000000100000001000000010000000100000001000000010000000100000001000000010000000100000001000000010000000100000001000000010000000100000001000000010000000100000001000000010000000100000000000000010000000100000001000000010000000100000001000000010000000100000001000000010000000100000001000000010000000100000001000000010000000100000001000000010000000100000001000000010000000100000001000000010000000100000001000000010000000100000001000000010000000101101001000000010000000101101111000000010000000100000001000000010000000100000001000000010000000101010011000000010000000101010011000000010000000101101011000000010000000100000001000000010000000101011000000000010000000101010100000000010000000101011100000000010000000101100111000000010000000100000001000000010000000100000001000000010000000101110011000000010000000101110101000000010000000100000001000000010000000100000001000000010000000100000001000000010000000100000001000000010000000100000001000000010000000100000001000000010000000100000001000000010000000100000001000000010000000100000001000000010000000100000001000000010000000100000001000000010000000100000001000000010000000100000001000000010000000100000001000000010000000100000001000000010000000100000001000000010000000100000001000000010000000100000001000000010000000100000001000000010000000100000001000000010000000100000001000000010000000100000001000000010000000100000001000000010000000100000001000000010000000100000001000000010000000100000001000000010000000100000001000000010000000100000001000000010000000100000001000000010000000100000001000000010000000100000001000000010000000100000001000000010000000100000001000000010000000100000001000000010000000100000001000000010000000100000001000000010000000100000001000000010000000100000001000000010000000100000001000000010000000100000001000000010000000100000001000000010000000100000001000000010000000100000001000000010000000100000001000000010000000100000001000000010000000100000001000000010000000100000001000000010000000100000001000000010000000100000001000000010000000100000001000000010000000100000001000000010000000100000001000000010000000100000001000000010000000100000001000000010000000100000001000000010000000100000001000000010000000100000001000000010000000100000001000000010000000100000001000000010000000100000001000000010000000100000001000000010000000100000001000000010000000100000001000000010000000100000001000000010000000100000001000000010000000101101000000000010110000100101010000000010110101100101001000000010110001000010111000000010110000100001111000000010101110100000101000000010101110100000010000000010101110000000011000000010101110100000100000000010101111100000111000000010101111100001001011111100101110000001001011110010101100000001000011101100101011100001000011111100110000000010011000000010110001100011000000000010110011000011101000000010110010000011110000000010110110000100110000000010111100000110100000000010110110000101000000000010110000000011110000000010101110100011011011110100101010000010011011111000101100000011000000000010110110000101100000000010110100100101001000000010110100000101000000000010110001000100000000000010101111000011101000000010100101000000111000000010110011000100101000000010110100000101001000000010110011100101000000000010111001100110110011100000111010000110011000000010000000100000001000000010000000100000001000000010000000100000001000000010000000101110111011101100111001100110110011111000110000100100001000000010110001000100001011100000110011100100100010111110111000100101110000000010000000100000001011100000000000100000001010110010000000100000001011001000000000100000001011010010000000100000001011010110000000100000001011001110000000100000001010100010000000100000001011001000000000100000001010111110000000100000001011001110000000100000001011011100000000100000001011010100000000100000001010110100000000100000001011001100000000100000001011010010000000100000001011010110000000100000001011100100000000100000001001111010000000101110100010011000000000100000001011100010000000100000001011101100000000100000001010111100000000100000001011010000000000100000001011100010000000100000001011110000000000100000001011101010000000100000001011001010000000100000001010110010000000100000001010110000000000100000001010101110000000100000001010101000000000100000001010111100000000100000001011000010000000100000001010101100000000100000001011001100000000100000001011001100000000100000001011011100000000100000001011001110000000100000001011010100000000100000001011011100000000100000001011011000000000100000001011000100000000100000001011000010000000100000001011011110000000100000001011100100000000100000001011110110000000100000001011011000000000100000001010110100000000100000001011010000000000100000001011010100000000100000001011001010000000100000001011100010000000100000001011101000000000100000001011001100000000100000001011011000000000100000001011011100000000100000001010111110000000100000001011010010000000100000001010110100000000100000001010110100000000100000001010110110000000100000001010111100000000100000001010101110000000100000001010110110000000100000001010110100000000100000001010100100000000100000001010110010000000100000001011010000000000100000001011011100000000100000001011000100000000100000001010111000000000100000001011001100000000100000001011000010000000100000001011001010000000100000001011100000000000100000001011001110000000100000001010111010000000100000001011001010000000100000001011010000000000100000001011010110000000100000001011100100000000100000001001111010000000101110100010011000000000100000001011100010000000100000001011101100000000100000001010111100000000100000001011010000000000100000001011100010000000100000001011110000000000100000001011101010000000100000001011001010000000100000001010110010000000100000001010110000000000100000001010101110000000100000001010101000000000100000001010111100000000100000001011000010000000100000001010101100000000100000001011001100000000100000001011001100000000100000001011011100000000100000001011001110000000100000001011010100000000100000001011011100000000100000001011011000000000100000001011000100000000100000001011000010000000100000001011011110000000100000001011100100000000100000001011110110000000100000001011011000000000100000001010101110000000100000001011001000000000100000001011001010000000100000001011000100000000100000001011100100000000100000001011101100000000100000001011001000000000100000001011001000000000100000001011011000000000100000001011001100000000100000001010110100000000100000001011000110000000100000001011100010000000100000001000000010000000100000001011110100000000101000101010111110101001000000100011111110101101000000110000000010101110000001001011101010101010100001100011001000110010100100011000000010000000100000001000000010000000100000001000000010000000100000001000000010000000100000001011110110000000101000100011100110101110100011011000000010101101000010111000000010101101100011000000000010110001000011100000000010110011000011111000000010110101000011111000000010110100100011110000000010110011100100000000000010101001000001100000000010101101100010110000000010110011100100010000000010101101000010010000000010101001100000001010111010001010000000001010111110001011000000001010110010001001000000001011000000001101100000001010110000001000100000001010111110001100100000001011000000001100000000001011000100001101000000001011000000001010100000001011001000001100100000001011110100010111100000001011001000001100100000001011000110001100000000001010110000000111100000001010110110001010100000001011011000010011000000001011011100010101000000001010111110001101100000001011010100010011000000001011011100010100000000001010011110000011100000001010111110001001100000001010111100001000000000001011001000001100000000001010110110001010000000001010111000001101000000001010101010001101100000001010110110010101101110100010111000011100000000001000000010000000100000001000000010000000100000001000000010000000100000001000000010000000100000001000000010000000100000001000000010000000100000001000000010000000100000001000000010000000100000001000000010000000100000001000000010000000100000001000000010000000100000001000000010000000100000001000000010000000100000001000000010000000100000001000000010000000100000001000000010000000100000001000000010000000100000001000000010000000100000001000000010000000100000001000000010000000100000001000000010000000100000001000000010000000100000001000000010000000100000001000000010000000100000001000000010000000100000001000000010000000100000001000000010000000100000001000000010000000100000001000000010000000100000001000000010000000100000001000000010000000100000001000000010000000100000001000000010000000100000001000000010000000100000001000000010000000100000001000000010000000100000001000000010000000100000001000000010000000100000001000000010000000100000001000000010000000100000001000000010000000100000001000000010000000100000001000000010000000101110101000000010000000101011110000000010000000101011100000000010000000101101001000000010000000101111100000000010000000101110001000000010000000101100111000000010000000101101001000000010000000100000001000000010000000100000001000000010000000100000001000000010000000101110110000000010000000100000001000000010000000100000001000000010000000100000001000000010000000100000001000000010000000100000001000000010000000100000001000000010000000100000001000000010000000100000001000000010000000100000001000000010000000100000001000000010000000100000001000000010000000100000000000000010000000100000001000000010000000100000001000000010000000100000001000000010000000100000001000000010000000100000001000000010000000100000001000000010000000100000001000000010000000100000001000000010000000100000001000000010000000100000001000000010000000100000001000000010000000100000001000000010000000100000001000000010000000100000001000000010000000101110100000000010000000101110100000000010000000100000001000000010000000100000001000000010000000100000001000000010000000101101011000000010000000101101101000000010000000100000001000000010000000100000001000000010000000100000001000000010000000101111111000000010000000100000001000000010000000100000001000000010000000100000001000000010000000100000001000000010000000100000001000000010000000100000001000000010000000100000001000000010000000100000001000000010000000100000001000000010000000100000001000000010000000100000001000000010000000100000001000000010000000100000001000000010000000100000001000000010000000100000001000000010000000100000001000000010000000100000001000000010000000100000001000000010000000100000001000000010000000100000001000000010000000100000001000000010000000100000001000000010000000100000001000000010000000100000001000000010000000100000001000000010000000100000001000000010000000100000001000000010000000100000001000000010000000100000001000000010000000100000001000000010000000100000001000000010000000100000001000000010000000100000001000000010000000100000001000000010000000100000001000000010000000100000001000000010000000100000001000000010000000100000001000000010000000100000001000000010000000100000001000000010000000100000001000000010000000100000001000000010000000100000001000000010000000100000001000000010000000100000001000000010000000100000001000000010000000100000001000000010000000100000001000000010000000100000001000000010000000100000001000000010000000100000001000000010000000100000001000000010000000100000001000000010000000100000001000000010000000100000001000000010000000100000001000000010000000100000001000000010000000100000001000000010000000100000001000000010000000100000001000000010000000100000001000000010000000100000001000000010000000100000001000000010000000100000001000000010000000100000001000000010000000100000001000000010000000100000001000000010110101100111011000000010110110000101111000000010100111000001000000000010101110000001111000000010101111100001110000000010110100000010100000000010110100100010110011111010101100000000110011101010101100000000111011101100110000100010000011001110101101000001100011010000110000000010011010111110101110000010010010110110101110000010100010111010101111100011001010111000101110100011001011000110110000100100000011100000110111000101110000000010111110101000000011011110110110000101111011000010110000100100001010111010101111000011100011010110110010100100100011100110110100000101010011100110110010000100110011110010110001000100100000000010110101000101100000000010111111001000000000000010110110000101110000000010101101100011100000000010101011000010111000000010110011100101001000000010101111100100010000000010110011000100111011010000110011000100101000000010000000101110111000000010000000101111111000000010000000100000001000000010000000101111101011110000111011100111010000000010111110100111101000000010000000101000001011111000111010000110001011010100000000100111101011111110000000101111011011110100000000100000001010100010000000101111100010110000000000100000001011001010000000100000001011001010000000100000001010100110000000100000001010101100000000100000001011011010000000100000001011100000000000100000001000000010000000100000001000000010000000100000001011101110000000100000001010111110000000100000001011000010000000100000001011001000000000100000001011001010000000100000001010111000000000100000001001101110000000101101100010110100000000100000001011110000000000100000001011101000000000100000001011010000000000100000001011111110000000100000001011101100000000100000001011110010000000100000001011101000000000100000001011010110000000100000001011001100000000100000001011000000000000100000001010110100000000100000001010110000000000100000001010111100000000100000001011010100000000100000001010110100000000100000001010101110000000100000001010101000000000100000001010111110000000100000001011001010000000100000001011000100000000100000001010110100000000100000001011000010000000100000001011000110000000100000001011000000000000100000001011001010000000100000001011110000000000100000001011101010000000100000001011000100000000100000001011000110000000100000001011001000000000100000001011010100000000100000001011101110000000100000001011110100000000100000001011101000000000100000001011010100000000100000001010110010000000100000001010011000000000101111111011100010000000100000001011010110000000100000001011000010000000100000001010110010000000100000001010101010000000100000001010110000000000100000001010101000000000100000001010100010000000100000001011000100000000100000001010010110000000101111110010101110000000100000001011001100000000100000001011001110000000100000001010111000000000100000001010111010000000100000001011011000000000100000001011011010000000100000001000000010000000100000001000000010000000100000001011101010000000100000001010111110000000100000001011001110000000100000001011000000000000100000001011001010000000100000001010111100000000100000001001101000000000101101001010111000000000100000001011110000000000100000001011101010000000100000001011001010000000100000001000000010000000100000001011101100000000100000001011110010000000100000001011101000000000100000001011010110000000100000001011001100000000100000001011000000000000100000001010110100000000100000001010110000000000100000001010111100000000100000001011010100000000100000001010110100000000100000001010101110000000100000001010101000000000100000001010111110000000100000001011001010000000100000001011000100000000100000001010110100000000100000001011000010000000100000001011000110000000100000001011000000000000100000001011001010000000100000001011110000000000100000001011101010000000100000001011000100000000100000001011000110000000100000001010111000000000100000001011100100000000100000001011101000000000100000001011110110000000100000001011101010000000100000001011001100000000100000001010111100000000100000001010100110000000100000001011010010000000100000001011011000000000100000001011001100000000100000001011001110000000100000001011110100000000101110110000000010000000101011000010111100101010000000110011110100101011000000010000000010110001100010000011110010101100100010000010111000101110100011011000000010000000100000001000000010000000100000001011111110000000100000001000000010000000100000001011111010111111000111110011110110101111000011011000000010101101100010111000000010100110100001001000000010101100100010100000000010101010100001110000000010101111100010101000000010110111000100100000000010110000100011011000000010101101100010101000000010101110000011000000000010110000100011100000000010101100000010010000000010101011100001111000000010101111000010110000000010101100100010001000000010101110000010100000000010110001000011010000000010101101100010001000000010110000100010111000000010101101000001110000000010110010000011000000000010101111000010001000000010111001000100101000000010111101000101100000000010101111100010001000000010110001000010101011110010100101100000000000000010110101100100001000000010110100100100001000000010110111100101001000000010110010100100000000000010101110100011001000000010101101100010101000000010101110000010010000000010101101000001110000000010101001100000101000000010101101000001100000000010110000000010111000000010101110100011011000000010101001100011010000000010101110000101011011100000101101100110101000000010000000100000001000000010000000100000001000000010000000100000001000000010000000100000001000000010000000100000001000000010000000100000001000000010000000100000001000000010000000100000001000000010000000100000001000000010000000100000001000000010000000100000001000000010000000100000001000000010000000100000001000000010000000100000001000000010000000100000001000000010000000100000001000000010000000100000001000000010000000100000001000000010000000100000001000000010000000100000001000000010000000100000001000000010000000100000001000000010000000100000001000000010000000100000001000000010000000100000001000000010000000100000001000000010000000100000001000000010000000100000001000000010000000100000001000000010000000100000001000000010000000100000001000000010000000100000001000000010000000100000001000000010000000100000001000000010000000100000001000000010000000100000001000000010000000100000001000000010000000100000001000000010000000100000001000000010000000100000001000000010000000100000001000000010000000100000001000000010000000100000001000000010000000100000001011111110000000100000001011100010000000100000001000000010000000100000001000000010000000100000001000000010000000100000001011110010000000100000001000000010000000100000001000000010000000100000001000000010000000100000001000000010000000100000001000000010000000100000001000000010000000100000001000000010000000100000001000000010000000100000001000000010000000100000001000000010000000100000001000000010000000100000001000000010000000100000001000000010000000100000001000000010000000100000001000000010000000100000001000000010000000100000001000000000000000100000001000000010000000100000001000000010000000100000001000000010000000100000001000000010000000100000001000000010000000100000001000000010000000100000001000000010000000100000001000000010000000100000001000000010000000100000001000000010000000100000001000000010000000100000001000000010000000100000001000000010000000100000001000000010000000100000001000000010000000100000001000000010000000100000001000000010000000100000001000000010000000100000001000000010000000100000001000000010000000100000001000000010000000100000001000000010000000100000001000000010000000100000001000000010000000100000001000000010000000100000001000000010000000100000001000000010000000100000001000000010000000100000001000000010000000100000001000000010000000100000001000000010000000100000001000000010000000100000001000000010000000100000001000000010000000100000001000000010000000100000001000000010000000100000001000000010000000100000001000000010000000100000001000000010000000100000001000000010000000100000001000000010000000100000001000000010000000100000001000000010000000100000001000000010000000100000001000000010000000100000001000000010000000100000001000000010000000100000001000000010000000100000001000000010000000100000001000000010000000100000001000000010000000100000001000000010000000100000001000000010000000100000001000000010000000100000001000000010000000100000001000000010000000100000001000000010000000100000001000000010000000100000001000000010000000100000001000000010000000100000001000000010000000100000001000000010000000100000001000000010000000100000001000000010000000100000001000000010000000100000001000000010000000100000001000000010000000100000001000000010000000100000001000000010000000100000001000000010000000100000001000000010000000100000001000000010000000100000001000000010000000100000001000000010000000100000001000000010000000100000001000000010000000100000001000000010000000100000001000000010000000100000001000000010000000100000001000000010000000100000001000000010000000100000001000000010000000100000001000000010000000100000001000000010000000100000001000000010000000100000001000000010000000100000001000000010000000100000001000000010000000100000001000000010000000100000001000000010000000100000001000000010000000100000001000000010000000100000001011000110000000101011110001010000000000101100010001000010111101101010010000010010000000101011111000101010111101101011011000100000111001001011010000011100110110001011100000100000110010101011111000101100101111101100011000110110110010101110011001010110111101100000001010010110000000100000001011011100000000100000001011100100000000100000001011101100000000100000001011101010000000100000001011110000000000100000001000000010000000100000001000000010000000100000001011111110000000100000001011011110000000100000001011000110000000100000001010110010110101101111100001111010101110101101000001010010110101101101010001011010111101001101000001010110000000101101010001011010000000101011110000111110111100001010001000100110111111101010110000110000000000101101100001011110000000101100110001010010111000101010101000101010110000001011111000110110000000100000001011110100000000100000001000000010000000100000001000000010000000100000001000000010110101101101111001011100111110001100110001001010111100101011111000111010110001001011010000101110110111100000001010000100000000100000001000000010000000100000001000000010111110000000001000000010111011000000001000000010111100000000001000000010111100100000001000000010110101100000001000000010110100100000001000000010111100000000001000000010111011000000001000000010111111000000001000000010111010000000001000000010110111000000001000000010110011100000001000000010101111100000001000000010110001100000001000000010101010100000001000000010100101000000001011111110101101100000001000000010111000000000001000000010110110000000001000000010101011100000001000000010111000000000001000000010111100000000001000000010110010000000001000000010101110100000001000000010101011000000001000000010101101000000001000000010110011100000001000000010110101100000001000000010110010100000001000000010101111000000001000000010110001000000001000000010110110000000001000000010101101100000001000000010101000100000001000000010100101100000001000000010101100100000001000000010110011000000001000000010110101000000001000000010101011100000001000000010101110100000001000000010110101000000001000000010110010000000001000000010101111000000001000000010110101000000001000000010110100000000001000000010101101100000001000000010101111000000001000000010101111000000001000000010111010100000001000000010000000100000001000000010111100100000001000000010111010000000001000000010111011000000001000000010110101000000001000000010101111000000001000000010110001000000001000000010110011100000001000000010110111000000001000000010110111100000001000000010110110000000001000000010111010100000001000000010111001100000001000000010110110100000001000000010000000100000001000000010111111000000001000000010111100100000001000000010110101100000001000000010110111000000001000000010110110000000001000000010111011100000001000000010111101000000001000000010111000100000001000000010111111000000001000000010111100000000001000000010111001000000001000000010110010000000001000000010101111000000001000000010110001100000001000000010101010000000001000000010100101100000001000000010101100000000001000000010111001000000001000000010110110000000001000000010101100000000001000000010110110000000001000000010111101000000001000000010110010000000001000000010101110100000001000000010101011000000001000000010101101000000001000000010110011100000001000000010110101100000001000000010110010100000001000000010101111000000001000000010110001000000001000000010110110000000001000000010101101100000001000000010101000100000001000000010100101100000001000000010101100100000001000000010110011000000001000000010110101000000001000000010101011100000001000000010101110100000001000000010110101000000001000000010110010000000001000000010101111000000001000000010110101000000001000000010110100000000001000000010101101100000001000000010110000100000001000000010110000100000001000000010111101000000001000000010000000100000001000000010111100000000001000000010111000100000001000000010111100000000001000000010110111000000001000000010101101000000001000000010101110100000001000000010111001000000001000000010111110100000001000000010000000100000001000000010000000100000001000000010000000100000001011100010101111001011010000011000000000101100001000011010000000101011101011101110101100000001101011000000110000100011101000000010000000100000001000000010000000100000001000000010000000100000001000000010000000100000001011101000111001100101111000000010110001100011111000000010101000100001011000000010101001000001101000000010101101000010100000000010101000100001011000000010101110100010011000000010101100100010010000000010110000100011011000000010110111000101010000000010111010100110001000000010110100000100101000000010101100000010100000000010101101000010100000000010101111000011000000000010101010100001110000000010101011100010000000000010110001100011000000000010110010000011010000000010110010100011010000000010101100100001101000000010101101100001110000000010101100000001011000000010110110100011111000000010111101000101100000000010110011100011010000000010101101100010001000000010101010100001011000000010101110000010011000000010110001000011010000000010110100000100010000000010110111000101001000000010101110100011001000000010101101000010100000000010101100100001111000000010101000000000100000000010101010100000111000000010101101000001100000000010110000000010111000000010101100000010100000000010101001100011010011101110101001000100000011010010101010000101110000000010000000100000001000000010000000100000001000000010000000100000001000000010000000100000001000000010000000100000001000000010000000100000001000000010000000100000001000000010000000100000001000000010000000100000001000000010000000100000001000000010000000100000001000000010000000100000001000000010000000100000001000000010000000100000001000000010000000100000001000000010000000100000001000000010000000100000001000000010000000100000001000000010000000100000001000000010000000100000001000000010000000100000001000000010000000100000001000000010000000100000001000000010000000100000001000000010000000100000001000000010000000100000001000000010000000100000001000000010000000100000001000000010000000100000001000000010000000100000001000000010000000100000001000000010000000100000001000000010000000100000001000000010000000100000001000000010000000100000001000000010000000100000001000000010000000100000001000000010000000100000001000000010000000100000001000000010000000100000001000000010000000100000001000000010000000100000001000000010000000100000001000000010000000100000001000000010000000100000001000000010000000100000001000000010000000100000001000000010000000100000001000000010000000100000001000000010000000100000001000000010000000100000001000000010000000100000001000000010000000100000001000000010000000100000001000000010000000100000001000000010000000100000001000000010000000100000001000000010000000100000001000000010000000100000001000000010000000100000001000000010000000100000001000000010000000100000001000000010000000100000001000000010000000100000001000000010000000100000001000000010000000100000001000000000000000100000001000000010000000100000001000000010000000100000001000000010000000100000001000000010000000100000001000000010000000100000001000000010000000100000001000000010000000100000001000000010000000100000001000000010000000100000001000000010000000100000001000000010000000100000001000000010000000100000001000000010000000100000001000000010000000100000001011101010000000100000001011001110000000100000001000000010000000100000001000000010000000100000001000000010000000100000001010111100000000100000001011010000000000100000001000000010000000100000001000000010000000100000001000000010000000100000001011110000000000100000001000000010000000100000001000000010000000100000001000000010000000100000001000000010000000100000001000000010000000100000001000000010000000100000001000000010000000100000001000000010000000100000001000000010000000100000001000000010000000100000001000000010000000100000001000000010000000100000001000000010000000100000001000000010000000100000001000000010000000100000001000000010000000100000001000000010000000100000001000000010000000100000001000000010000000100000001000000010000000100000001000000010000000100000001000000010000000100000001000000010000000100000001000000010000000100000001000000010000000100000001000000010000000100000001000000010000000100000001000000010000000100000001000000010000000100000001000000010000000100000001000000010000000100000001000000010000000100000001000000010000000100000001000000010000000100000001000000010000000100000001000000010000000100000001000000010000000100000001000000010000000100000001000000010000000100000001000000010000000100000001000000010000000100000001000000010000000100000001000000010000000100000001000000010000000100000001000000010000000100000001000000010000000100000001000000010000000100000001000000010000000100000001000000010000000100000001000000010000000100000001000000010000000100000001000000010000000100000001000000010000000100000001000000010000000100000001000000010000000100000001000000010000000100000001000000010000000100000001000000010000000100000001000000010000000100000001000000010000000100000001000000010000000100000001000000010000000100000001000000010000000100000001000000010000000100000001000000010000000100000001000000010000000100000001000000010000000100000001000000010110111001100000001011110111011001100011001001100111000001011111000111000110010001011110000111010110011101101001001001110110110001110111001100110000000100000001010011110000000100000001011100000000000100000001000000010000000100000001000000010000000100000001000000010000000100000001000000010000000100000001000000010111110000000001000000010111001100000001000000010110111100000001011111000111111100000001000000010000000100000001000000010000000100000001000000010111101100000001011111000000000100000001011111100000000100000001000000010000000100000001000000010000000100000001000000010000000100000001011110110000000100000001010101110111010001110101001101010111101101110110001101110111110101110001001100010000000100000001010010000000000100000001010001110000000101100011001001000111011101100001001000000000000100000001010000000000000100000001011001000000000100000001000000010000000100000001000000010000000100000001011111110110001101101001001010000110111101011011000110100111100001100000000111100111011101101110001010110111110000000001010011010000000100000001000000010000000100000001000000010000000100000001000000010111110000000001000000010111101000000001000000010111110000000001000000010110111100000001000000010110101000000001000000010110001000000001000000010101111100000001000000010110101100000001000000010101110100000001000000010110001100000001000000010101110100000001000000010101101000000001000000010111011000000001000000010101110100000001000000010100111100000001000000010111011100000001000000010000000100000001000000010111100100000001000000010101100100000001000000010110111000000001000000010110100000000001000000010101010000000001000000010101000100000001000000010101000000000001000000010101001100000001000000010101011000000001000000010101100100000001000000010110000000000001000000010110100100000001000000010101111100000001000000010110010100000001000000010101100100000001000000010101001100000001000000010101001100000001000000010110001000000001000000010110101100000001000000010110100100000001000000010101011000000001000000010101011100000001000000010111000100000001000000010110101100000001000000010101111000000001000000010110010100000001000000010110001000000001000000010101101100000001000000010111001000000001000000010110101000000001000000010110110100000001000000010111100100000001000000010110101000000001000000010110101100000001000000010111000000000001000000010111010000000001000000010111001000000001000000010101110100000001000000010110100000000001000000010110110100000001000000010110111100000001000000010111010000000001000000010000000100000001000000010000000100000001000000010111110100000001000000010111111000000001000000010111101100000001000000010111110100000001000000010111011000000001000000010000000100000001000000010111011100000001000000010111001000000001000000010110000100000001000000010110010000000001000000010110110000000001000000010101111000000001000000010110010000000001000000010110000000000001000000010101100100000001000000010111010000000001000000010101110100000001000000010101000100000001000000010111010000000001000000010000000100000001000000010111101000000001000000010101101100000001000000010110100100000001000000010110011100000001000000010101010000000001000000010101000100000001000000010101000000000001000000010101001100000001000000010101011000000001000000010101100100000001000000010110000000000001000000010110100100000001000000010101111100000001000000010110010100000001000000010101100100000001000000010101001100000001000000010101001100000001000000010110001000000001000000010110101100000001000000010110100100000001000000010101010000000001000000010101010100000001000000010111000100000001000000010110101100000001000000010101111000000001000000010110010100000001000000010110001000000001000000010101101100000001000000010111001000000001000000010110101100000001000000010111000100000001000000010111010000000001000000010110011100000001000000010110110000000001000000010111010000000001000000010111001100000001000000010111101100000001000000010101110000000001000000010110010000000001000000010110110100000001000000010111110100000001000000010000000100000001000000010000000100000001000000010101110101011101000100010111001101010101000000100000000101100101000100110111100101011001000100000101111101100000000111000000000100000001000000010000000100000001000000010000000100000001000000010000000100000001000000010110100101100010000111010000000101101101001010000000000101100001000111000000000101011011000101100000000101010011000011010000000101011000000011110000000101100010000110110000000101011101000101100000000101010010000011010000000101101010001001110000000101110100001101000000000101100011001000100000000101010011000100010000000101010101000100110000000101011001000101110000000101010101000100010000000101100000000110010000000101011111000101100000000101011101000101000000000101010111000011100000000101010100000010110000000101010111000011100000000101011110000101100000000101110000001010000000000101101011001000110000000101100010000110010000000101011010000100110000000101101000001000100000000101100101001000100000000101100100001000010000000101101000001001100000000101101111001011010000000101100100001000000000000101011010000101000000000101011011000100110000000101010011000001110000000101100010000101000000000101011001000010110000000101011101000100110000000101011000000101000111111101001010000100010111010101010000000111100111011001100001001110110000000100000001000000010000000100000001000000010000000100000001000000010000000100000001000000010000000100000001000000010000000100000001000000010000000100000001000000010000000100000001000000010000000100000001000000010000000100000001000000010000000100000001000000010000000100000001000000010000000100000001000000010000000100000001000000010000000100000001000000010000000100000001000000010000000100000001000000010000000100000001000000010000000100000001000000010000000100000001000000010000000100000001000000010000000100000001000000010000000100000001000000010000000100000001000000010000000100000001000000010000000100000001000000010000000100000001000000010000000100000001000000010000000100000001000000010000000100000001000000010000000100000001000000010000000100000001000000010000000100000001000000010000000100000001000000010000000100000001000000010000000100000001000000010000000100000001000000010000000100000001000000010000000100000001000000010000000100000001000000010000000100000001000000010000000100000001000000010000000100000001000000010000000100000001000000010110111100000001000000010101111000000001000000010111100100000001000000010111100100000001000000010000000100000001000000010111001100000001000000010110111000000001000000010000000100000001000000010000000100000001000000010000000100000001000000010000000100000001000000010000000100000001000000010000000100000001000000010000000100000001000000010000000100000001000000010000000100000001000000010000000100000001000000010000000100000001000000010000000100000001000000010000000100000001000000010000000100000001000000010000000100000001000000010000000000000001000000010000000100000001000000010000000100000001000000010000000100000001000000010000000100000001000000010000000100000001000000010000000100000001000000010000000100000001000000010000000100000001000000010000000100000001000000010000000100000001000000010111000000000001000000010111011000000001000000010000000100000001000000010000000100000001000000010110000100000001000000010101101000000001000000010111001000000001000000010000000100000001000000010110000100000001000000010101101000000001000000010110000100000001000000010110111100000001000000010000000100000001000000010000000100000001000000010111010100000001000000010111100000000001000000010000000100000001000000010000000100000001000000010000000100000001000000010000000100000001000000010000000100000001000000010000000100000001000000010000000100000001000000010000000100000001000000010000000100000001000000010000000100000001000000010000000100000001000000010000000100000001000000010000000100000001000000010000000100000001000000010000000100000001000000010000000100000001000000010000000100000001000000010000000100000001000000010000000100000001000000010000000100000001000000010000000100000001000000010000000100000001000000010000000100000001000000010000000100000001000000010000000100000001000000010000000100000001000000010000000100000001000000010000000100000001000000010000000100000001000000010000000100000001000000010000000100000001000000010000000100000001000000010000000100000001000000010000000100000001000000010000000100000001000000010000000100000001000000010000000100000001000000010000000100000001000000010000000100000001000000010000000100000001000000010000000100000001000000010000000100000001000000010000000100000001000000010000000100000001000000010000000100000001000000010000000100000001000000010000000100000001000000010000000100000001000000010000000100000001000000010000000100000001000000010000000100000001000000010000000100000001000000010000000100000001000000010000000100000001000000010000000100000001000000010000000100000001000000010000000100000001000000010000000100000001000000010000000100000001000000010000000100000001000000010000000100000001000000010000000100000001000000010000000100000001000000010000000100000001000000010000000100000001000000010000000100000001000000010000000101110100011111100101000001000111010011010001001001011101011010000010100101110011000000010101001100000001000000010111100000000001000000010000000100000001000000010000000100000001000000010000000100000001000000010000000100000001000000010000000101110101000000010000000101111011000000010000000101111011000000010000000101110110000000010000000101110101000000010000000101110011000000010000000101111111000000010000000100000001000000010000000100000001000000010000000100000001000000010000000101111101000000010111111100000001000000010000000100000001000000010000000100000001000000010000000100000001000000010000000100000001000000010000000100000001000000010000000100000001000000010000000100000001000000010110111000000001000000010100011101111101011100110011001101110111011001010010011001101001010110110001100101100100011010010010010001101111000000010100011100000001000000010000000100000001000000010111100100000001000000010111010001100010011011010010100101111001011010000010010101111101011001100010001001110100011010010010010101111101000000010100110000000001000000010000000101100001000000010111110001011101000000010000000101011101000000010000000101101010000000010000000101110000000000010000000101101010000000010000000101100111000000010000000101101010000000010000000101101100000000010000000101110010000000010000000101100101000000010000000101110000000000010000000101100101000000010000000101011110000000010000000101101100000000010000000101110111000000010000000101111010000000010000000101110111000000010000000101110100000000010000000101110010000000010000000101110001000000010000000101101000000000010000000101100010000000010000000101110010000000010000000101100011000000010000000101011010000000010000000101011110000000010000000101100001000000010000000101011111000000010000000101011011000000010000000101011001000000010000000101011110000000010000000101100011000000010000000101100000000000010000000101011010000000010000000101011000000000010000000101100011000000010000000101101101000000010000000101101100000000010000000101011100000000010000000101001111000000010000000101101101000000010000000101101001000000010000000101100000000000010000000101101001000000010000000101100100000000010000000101011111000000010000000101111110000000010000000101111111000000010000000101101110000000010000000101101011000000010000000101101011000000010000000101101000000000010000000101011001000000010000000101101010000000010000000101111000000000010000000101000101000000010111001001001010000000010111011101011111000000010000000101101001000000010000000101101000000000010000000101101000000000010000000101110000000000010000000101101101000000010000000101011000000000010000000101100000000000010000000101101100000000010000000101100110000000010000000101110001000000010000000101101001000000010000000101101100000000010000000101100111000000010000000101110100000000010000000101110001000000010000000101100011000000010000000101101100000000010000000101101010000000010000000101011110000000010000000101101101000000010000000101110111000000010000000101111100000000010000000101110100000000010000000101110101000000010000000101110010000000010000000101110100000000010000000101100011000000010000000101100001000000010000000101110010000000010000000101100011000000010000000101011010000000010000000101011110000000010000000101100001000000010000000101011111000000010000000101011011000000010000000101011001000000010000000101011110000000010000000101100011000000010000000101100000000000010000000101011010000000010000000101011000000000010000000101100011000000010000000101101101000000010000000101101100000000010000000101011010000000010000000101001101000000010000000101101101000000010000000101101001000000010000000101100000000000010000000101101001000000010000000101100100000000010000000101011111000000010000000101111011000000010000000101111010000000010000000101110101000000010000000101101011000000010000000101101100000000010000000101101111000000010000000101010110000000010000000101100100000000010000000101111000000000010000000101001001000000010111010101010010000000010111101001100011000000010000000101101000000000010000000101111100000000010000000100000001000000010000000101100000011001010001101001111100011000010001000000000001010111100000111101111110011000010001011101100101011001100010001000000001000000010000000100000001000000010000000100000001000000010000000100000001000000010110011001101111011001010001111100000001011010100010001000000001011100010010101000000001011000000001100100000001010100010000000101010110000011110000000101010101000011000000000101011100000101010000000101010101000100000000000101100101001001000000000101101111001100010000000101101001001010100000000101100001001000010000000101011101000111010000000101011000000110000000000101011011000110000111111101011000000101000111100101010111000100010000000101100001000110110000000101011110000110100000000101100100001000000000000101100010000111100000000101100110001001000000000101101111001011010000000101100010001000000000000101101001001010000000000101101000001001110000000101011100000111000000000101100110001001110000000101101110001011110000000101110111001110010000000101011001000110010000000101100010001000000000000101100000000110110000000101011110000101100000000101010011000010000000000101100000000100010000000101011000000000010101110000010010000000010101101100011001000000010110011000101100000000010111001001000010000000010000000101101101000000010000000100000001000000010000000100000001000000010000000100000001000000010000000100000001000000010000000100000001000000010000000100000001000000010000000100000001000000010000000100000001000000010000000100000001000000010000000100000001000000010000000100000001000000010000000100000001000000010000000100000001000000010000000100000001000000010000000100000001000000010000000100000001000000010000000100000001000000010000000100000001000000010000000100000001000000010000000100000001000000010000000100000001000000010000000100000001000000010000000100000001000000010000000100000001000000010000000100000001000000010000000100000001000000010000000100000001000000010000000100000001000000010000000100000001000000010000000100000001000000010000000100000001000000010000000100000001000000010000000100000001000000010000000100000001000000010000000100000001000000010000000100000001000000010000000100000001000000010000000100000001000000010000000100000001000000010000000100000001000000010000000100000001000000010000000100000001000000010000000100000001011100000000000100000001010111000000000100000001010100110000000100000001010101010000000100000001011011110000000100000001011001100000000100000001010101000000000100000001011001010000000100000001000000010000000100000001000000010000000100000001011111100000000100000001011101110000000100000001000000010000000100000001000000010000000100000001000000010000000100000001000000010000000100000001000000010000000100000001000000010000000100000001000000010000000100000001000000010000000100000001000000010000000100000001000000010000000100000001000000010000000100000001000000000000000100000001000000010000000100000001000000010000000100000001000000010000000100000001000000010000000100000001000000010000000100000001000000010000000100000001000000010000000100000001000000010000000100000001000000010000000100000001000000010000000100000001011101000000000100000001011110100000000100000001000000010000000100000001000000010000000100000001010110110000000100000001010110010000000100000001011100010000000100000001000000010000000100000001010111110000000100000001010110000000000100000001010111100000000100000001011011000000000100000001000000010000000100000001000000010000000100000001011101000000000100000001011101100000000100000001000000010000000100000001000000010000000100000001000000010000000100000001000000010000000100000001000000010000000100000001000000010000000100000001000000010000000100000001000000010000000100000001000000010000000100000001000000010000000100000001000000010000000100000001000000010000000100000001000000010000000100000001000000010000000100000001000000010000000100000001000000010000000100000001000000010000000100000001000000010000000100000001000000010000000100000001000000010000000100000001000000010000000100000001000000010000000100000001000000010000000100000001000000010000000100000001000000010000000100000001000000010000000100000001000000010000000100000001000000010000000100000001000000010000000100000001000000010000000100000001000000010000000100000001000000010000000100000001000000010000000100000001000000010000000100000001000000010000000100000001000000010000000100000001000000010000000100000001000000010000000100000001000000010000000100000001000000010000000100000001000000010000000100000001000000010000000100000001000000010000000100000001000000010000000100000001000000010000000100000001000000010000000100000001000000010000000100000001000000010000000100000001000000010000000100000001000000010000000100000001000000010000000100000001000000010000000100000001000000010000000100000001000000010000000100000001000000010000000100000001000000010000000100000001000000010000000100000001000000010000000100000001000000010000000100000001000000010000000100000001000000010000000100000001000000010000000100000001000000010000000100000001000000010000000100000001000000010000000100000001000000010000000100000001000000010000000100000001000000010000000100000001011101110000000100000001000000010000000100000001000000010000000100000001000000010000000100000001000000010000000100000001000000010000000100000001000000010000000100000001000000010000000100000001000000010111110100000001000000010111111000000001000000010000000100000001000000010000000100000001000000010111111100000001000000010111010000000001011111110111101100000001000000010000000100000001000000010000000100000001000000010000000100000001000000010000000100000001011110010000000100000001000000010000000100000001000000010000000100000001000000010000000100000001000000010000000100000001000000010000000100000001000000010000000100000001000000010000000100000001000000010000000100000001011111100000000100000001010111010111101101110010001100100110100101100011001000000101100101100100000111100101000001101111001010100000000100000001011111100111010000000001011010110000000100000001011111100111001000000001001111010110010101011000000101000110100001010001000011010110111001100001000111010111100000000001010001000000000100000001000000010110110000000001000000010110101000000001000000010110010100000001000000010111001100000001000000010111100000000001000000010111001100000001000000010111000000000001000000010101111100000001000000010110111000000001000000010110011100000001000000010110000000000001000000010111100000000001000000010111111000000001000000010111001100000001000000010101010000000001000000010101110000000001000000010111110100000001000000010110110000000001000000010101001000000001000000010110000100000001000000010000000100000001000000010110100100000001000000010110000000000001000000010111011000000001000000010110011000000001000000010110010100000001000000010111001000000001000000010111101000000001000000010111011100000001000000010110111100000001000000010110010100000001000000010110110000000001000000010110111000000001000000010110111100000001000000010101111100000001000000010100111100000001000000010101010100000001000000010110101100000001000000010111101000000001000000010111100000000001000000010101100100000001000000010110101100000001000000010110011000000001000000010110100000000001000000010111001100000001000000010110111000000001000000010110011000000001000000010111001100000001000000010111011100000001000000010110110100000001000000010110101100000001000000010111011000000001000000010111000100000001000000010100110000000001011110110100011100000001011101100101111000000001000000010100111000000001011111010101100100000001000000010110001100000001000000010110011100000001000000010111000100000001000000010110001000000001000000010110100000000001000000010110110100000001000000010101010100000001000000010110001100000001000000010110101100000001000000010110010000000001000000010111000000000001000000010111001000000001000000010111111000000001000000010110000100000001000000010111000100000001000000010110001000000001000000010110001100000001000000010111100100000001000000010111111000000001000000010110111000000001000000010101101000000001000000010101110000000001000000010111111100000001000000010110100100000001000000010101001000000001000000010101111000000001000000010000000100000001000000010110010100000001000000010101111000000001000000010111011000000001000000010110011000000001000000010110010100000001000000010111001000000001000000010111101000000001000000010111011100000001000000010110111100000001000000010110010100000001000000010110110000000001000000010110111000000001000000010110111100000001000000010101111100000001000000010100111100000001000000010101010100000001000000010110101100000001000000010111101000000001000000010111010000000001000000010101010100000001000000010110100100000001000000010110010000000001000000010110011000000001000000010111000100000001000000010110110000000001000000010110010000000001000000010111101000000001000000010111100100000001000000010110101100000001000000010110100000000001000000010111001100000001000000010111000100000001000000010100110100000001011111000100101100000001011110100101111100000001000000010100110100000001011110110101010100000001011111110110100100000001000000010111010000000001000000010000000100000001000000010000000100000001000000010100111101011000000011110111001101011100000011000111011101010100000001000111100001011101000100110110111001110000001010100000000100000001000000010000000100000001000000010000000100000001000000010000000100000001010101000111010101100111000111110000000101011001000100010000000101100011000111000000000101100111000111110000000101101010001000100000000101100010000110010111111001010101000011000111110001011001000100000000000101100100001000000000000101100101001001010000000101101010001010110000000101100110001010010111101101100110001010000111011001100100001001010110100001010110000101110110001101010100000101010110110001100110001001010110010001100010001000010110111001101100001010110110010101100000001000010110001001011101000111100101101101010110000101110110011101011111001000110111010001101010001011100111101101110000001101000111100001100110001010110111111001100110001010100111111001100000001001010000000101101100001100100000000101100100001010100000000101101111001100110000000101010011000101100000000101011100000110110000000101101000001001010000000101100101000111100000000101011001000011010000000101011011000011100000000101100001000101010000000101100100000111010000000101100111001001010000000101110100001110100000000101110110010001100000000100000001000000010000000100000001000000010000000100000001000000010000000100000001000000010000000100000001000000010000000100000001000000010000000100000001000000010000000100000001000000010000000100000001000000010000000100000001000000010000000100000001000000010000000100000001000000010000000100000001000000010000000100000001000000010000000100000001000000010000000100000001000000010000000100000001000000010000000100000001000000010000000100000001000000010000000100000001000000010000000100000001000000010000000100000001000000010000000100000001000000010000000100000001000000010000000100000001000000010000000100000001000000010000000100000001000000010000000100000001000000010000000100000001000000010000000100000001000000010000000100000001000000010000000100000001000000010000000100000001000000010000000100000001000000010000000100000001000000010000000100000001000000010000000100000001000000010000000100000001000000010000000100000001000000010000000100000001000000010000000100000001000000010000000100000001000000010000000100000001000000010000000100000001000000010110111000000001000000010101100000000001000000010100111100000001000000010101000100000001000000010110101000000001000000010110000100000001000000010101000000000001000000010110000100000001000000010000000100000001000000010000000100000001000000010000000100000001000000010111110100000001000000010000000100000001000000010000000100000001000000010000000100000001000000010000000100000001000000010000000100000001000000010000000100000001000000010000000100000001000000010000000100000001000000010000000100000001000000010000000100000001000000010000000100000001000000010000000000000001000000010000000100000001000000010000000100000001000000010000000100000001000000010000000100000001000000010000000100000001000000010000000100000001000000010000000100000001000000010000000100000001000000010000000100000001000000010000000100000001000000010000000100000001000000010000000100000001000000010000000100000001000000010000000100000001000000010111000100000001000000010110011000000001000000010000000100000001000000010000000100000001000000010111111000000001000000010101100000000001000000010110001100000001000000010000000100000001000000010000000100000001000000010000000100000001000000010111100000000001000000010000000100000001000000010000000100000001000000010000000100000001000000010000000100000001000000010000000100000001000000010000000100000001000000010000000100000001000000010000000100000001000000010000000100000001000000010000000100000001000000010000000100000001000000010000000100000001000000010000000100000001000000010000000100000001000000010000000100000001000000010000000100000001000000010000000100000001000000010000000100000001000000010000000100000001000000010000000100000001000000010000000100000001000000010000000100000001000000010000000100000001000000010000000100000001000000010000000100000001000000010000000100000001000000010000000100000001000000010000000100000001000000010000000100000001000000010000000100000001000000010000000100000001000000010000000100000001000000010000000100000001000000010000000100000001000000010000000100000001000000010000000100000001000000010000000100000001000000010000000100000001000000010000000100000001000000010000000100000001000000010000000100000001000000010000000100000001000000010000000100000001000000010000000100000001000000010000000100000001000000010000000100000001000000010000000100000001000000010000000100000001000000010000000100000001000000010000000100000001000000010000000100000001000000010000000100000001000000010000000100000001000000010000000100000001000000010000000100000001000000010000000100000001000000010000000100000001000000010000000100000001000000010000000100000001000000010000000100000001000000010000000100000001000000010000000100000001000000010000000100000001000000010000000100000001000000010000000100000001000000010000000100000001000000010000000100000001000000010000000100000001000000010000000100000001000000010000000101100100000000010110110101111000000000010000000101101001000000010000000101101011000000010000000101111100000000010000000100000001000000010000000100000001000000010000000100000001000000010000000100000001000000010000000100000001000000010000000100000001000000010000000100000001000000010000000100000001000000010000000100000001000000010111110101111100000000010110001100000001000000010110100000000001000000010110101000000001000000010110011100000001000000010101101000000001000000010101110100000001000000010101100101111011000000010100111100000001000000010101011100000001000000010110001000000001000000010110011100000001000000010000000100000001000000010000000100000001000000010000000100000001000000010000000100000001000000010111101000000001000000010101101001100111011101100011001001000011011001010001111101110101000000010110011100000001000000010000000100000001000000010000000101111010000000010100011001110011011010010010001101110000010110100001001101011110010011100000101101111111000000010100011100000001000000010000000101101000000000010111111001101000000000010000000101010111000000010000000101011001000000010000000101011001000000010000000101010101000000010000000101010001000000010000000101000110000000010111100101100100000000010000000101011011000000010000000101011100000000010000000101101101000000010000000101110101000000010000000101110100000000010000000101011011000000010000000101011111000000010000000101101011000000010000000101110000000000010000000101011010000000010000000101100001000000010000000101110010000000010000000101011010000000010000000101001001000000010111110001011111000000010000000101011110000000010000000101101011000000010000000101110101000000010000000101101111000000010000000101101110000000010000000101110110000000010000000101111011000000010000000101111011000000010000000101101111000000010000000101110000000000010000000101100010000000010000000101010101000000010000000101011000000000010000000101101110000000010000000101111110000000010000000100000001000000010000000101100101000000010000000101101000000000010000000101011111000000010000000101101000000000010000000101110000000000010000000101101101000000010000000101100010000000010000000101101011000000010000000101101100000000010000000101110111000000010000000101101011000000010000000101100001000000010000000101100000000000010000000101011000000000010000000101010111000000010000000101010101000000010000000101011111000000010000000101101001000000010000000101100110000000010000000101100100000000010000000101110001000000010000000101100001000000010000000101100110000000010000000101110000000000010000000101011101000000010000000101100011000000010000000101011110000000010000000101010111000000010000000101011101000000010000000101010011000000010000000101001111000000010111111001001000000000010111100101100110000000010000000101011011000000010000000101100001000000010000000101101110000000010000000101110101000000010000000101110000000000010000000101011011000000010000000101011110000000010000000101101110000000010000000101101110000000010000000101011010000000010000000101011110000000010000000101110011000000010000000101010110000000010000000101001000000000010111110101011111000000010000000101011110000000010000000101101011000000010000000101110101000000010000000101101111000000010000000101101110000000010000000101110110000000010000000101111011000000010000000101111011000000010000000101101111000000010000000101110000000000010000000101100010000000010000000101010101000000010000000101011000000000010000000101101110000000010000000101111110000000010000000100000001000000010000000101100001000000010000000101100110000000010000000101011101000000010000000101100110000000010000000101101110000000010000000101101011000000010000000101100000000000010000000101100011000000010000000101101110000000010000000101101111000000010000000101110110000000010000000101101011000000010000000101011111000000010000000101011101000000010000000101010000000000010000000101010000000000010000000101011001000000010000000101100111000000010000000101101110000000010000000101101101000000010000000100000001000000010000000100000001000000010000000101100100011100000010100001111011011001000001100000000001010111110001000001110011010110100001000001111000011110100011010000000001000000010000000100000001000000010111111000000001000000010111001001010001011001000001101101100100010101010000110000000001010110100001001000000001010110110001010000000001011010010010000000000001011101100010110000000001011011110010010100000001011011000010001001101000010110010001000101110110011001100010001101101101011000110010001101101100011001110010100001100010011000110010010101101010011100100011010100000001000000010100111100000001000000010101000001111010000000010100111000000001000000010110101100000001000000010110111000000001000000010000000100000001000000010000000100000001000000010000000100000001000000010000000100000001000000010000000100000001000000010000000100000001000000010110001001101110011110110100001101101001011011110011011001111000011101000011101001111011011011010011001101111001011000110010100100000001011010000010110100000001011001010010100100000001010110100001101000000001010111000001100000000001011000110001101000000001011011010010001100000001011011000010000000000001011000110001100000000001011000100001110000000001011011100010110100000001010110010010000101110111010101010010011100000001000000010000000100000001000000010000000100000001000000010000000100000001000000010000000100000001000000010000000100000001000000010000000100000001000000010000000100000001000000010000000100000001000000010000000100000001000000010000000100000001000000010000000100000001000000010000000100000001000000010000000100000001000000010000000100000001000000010000000100000001000000010000000100000001000000010000000100000001000000010000000100000001000000010000000100000001000000010000000100000001000000010000000100000001000000010000000100000001000000010000000100000001000000010000000100000001000000010000000100000001000000010000000100000001000000010000000100000001000000010000000100000001000000010000000100000001000000010000000100000001000000010000000100000001000000010000000100000001000000010000000100000001000000010000000100000001000000010000000100000001000000010000000100000001000000010000000100000001000000010000000100000001000000010000000100000001000000010000000100000001000000010000000100000001000000010000000100000001000000010000000100000001000000010000000100000001000000010000000101100100000000010000000101010110000000010000000101101111000000010000000101101111000000010000000101111100000000010000000101101010000000010000000101100101000000010000000100000001000000010000000100000001000000010000000100000001000000010000000100000001000000010000000100000001000000010000000100000001000000010000000100000001000000010000000100000001000000010000000100000001000000010000000100000001000000010000000100000001000000010000000100000001000000010000000100000001000000010000000100000001000000010000000100000001000000010000000100000000000000010000000100000001000000010000000100000001000000010000000100000001000000010000000100000001000000010000000100000001000000010000000100000001000000010000000100000001000000010000000100000001000000010000000100000001000000010000000100000001000000010000000100000001000000010000000100000001000000010000000100000001000000010000000100000001000000010000000100000001000000010000000100000001000000010000000100000001000000010000000100000001000000010000000100000001000000010000000100000001000000010000000100000001000000010000000100000001000000010000000100000001000000010000000100000001000000010000000100000001000000010000000100000001000000010000000100000001000000010000000100000001000000010000000100000001000000010000000100000001000000010000000100000001000000010000000100000001000000010000000100000001000000010000000100000001000000010000000100000001000000010000000100000001000000010000000100000001000000010000000100000001000000010000000100000001000000010000000100000001000000010000000100000001000000010000000100000001000000010000000100000001000000010000000100000001000000010000000100000001000000010000000100000001000000010000000100000001000000010000000100000001000000010000000100000001000000010000000100000001000000010000000100000001000000010000000100000001000000010000000100000001000000010000000100000001000000010000000100000001000000010000000100000001000000010000000100000001000000010000000100000001000000010000000100000001000000010000000100000001000000010000000100000001000000010000000100000001000000010000000100000001000000010000000100000001000000010000000100000001000000010000000100000001000000010000000100000001000000010000000100000001000000010000000100000001000000010000000100000001000000010000000100000001000000010000000100000001000000010000000100000001000000010000000100000001000000010000000100000001000000010000000100000001000000010000000100000001000000010000000100000001000000010000000100000001000000010000000100000001000000010000000100000001000000010000000100000001000000010000000100000001000000010000000100000001000000010000000100000001000000010000000100000001000000010000000100000001000000010000000100000001000000010000000100000001000000010000000100000001000000010000000100000001000000010000000100000001011101010000000100000001000000010000000100000001000000010000000100000001011100100000000100000001011101000000000100000001011100000000000100000001011111100000000100000001000000010000000100000001000000010000000100000001000000010000000100000001000000010000000100000001000000010000000100000001000000010000000101110101011110010000000101001111011010100111100000111000011011110111010100110100000000010000000101001001011110010111011000110010011101010110110100101010011001110101111000011010011001110101101000010110011010010101100100010110011010010101100000010101011100010110000100011100011011110110010100011111011100000110100000100010011110010110111000101010011011110110011100100100011001000110010100100011011101010111011000110110000000010000000101011101000000010000000101100010000000010000000101010011000000010000000101101100000000010000000101110111011101100000000101010100011000110000000101010101011110100000000101101101000000010000000101110011000000010000000101010110011011010110010100011111011110000110010000011101011010110101101000010111011101010111110000111001000000010000000100000001011110100000000100000001011101000000000100000001011010000000000100000001011011000000000100000001011011110000000100000001011010110000000100000001011011010000000100000001010111010000000100000001011110000000000100000001011001010000000100000001011000010000000100000001011001000000000100000001011001010000000100000001011000000000000100000001011001100000000100000001011011110000000100000001010101010000000100000001011011010000000100000001011010010000000100000001011010010000000100000001011101100000000100000001011100100000000100000001011010010000000100000001011010100000000100000001011001000000000100000001011010110000000100000001011100000000000100000001011010000000000100000001011001110000000100000001011011010000000100000001011011000000000100000001011110000000000100000001010111110000000100000001011001000000000100000001011000110000000100000001011001010000000100000001011001010000000100000001011011010000000100000001011100010000000100000001011111110000000100000001011001010000000100000001011001100000000100000001010111110000000100000001011010100000000100000001011010000000000100000001011001110000000100000001010110110000000100000001010110000000000100000001010110000000000100000001011011100000000100000001010110010000000100000001010010110000000101111100010010010000000101111010010110000000000100000001011010000000000100000001011000010000000100000001010001010000000101110110010001000000000101110101010110000000000100000001011000010000000100000001010101110000000100000001010010010000000101111010010110000000000100000001010111110000000100000001011000000000000100000001011010110000000100000001011010010000000100000001011001110000000100000001011010010000000100000001011001000000000100000001011001110000000100000001010111000000000100000001011110110000000100000001011010110000000100000001011000100000000100000001011001010000000100000001011010000000000100000001011000100000000100000001011000100000000100000001011011000000000100000001010110010000000100000001011010110000000100000001011010000000000100000001011001010000000100000001011101100000000100000001011011010000000100000001011010000000000100000001011010100000000100000001011001000000000100000001011010110000000100000001011100000000000100000001011010000000000100000001011001110000000100000001011011010000000100000001011011000000000100000001011110000000000100000001010111110000000100000001011001000000000100000001011000110000000100000001011001010000000100000001011001010000000100000001011011010000000100000001011100010000000100000001011110110000000100000001011000010000000100000001011001000000000100000001010111010000000100000001011010000000000100000001011001100000000100000001011001010000000100000001010110010000000100000001010110100000000100000001010110110000000100000001011001100000000100000001010101000000000100000001010000100000000101110011010010000000000101111001010111000000000100000001011011100000000100000001010111100000000100000001010000010000000101110100010001010000000101110011010110110000000100000001011001010000000100000001011011010000000100000001000000010000000101110110011010000111011000101111000000010111010100101010011110110101101100001111011100110101101000010010000000010000000101010011000000010000000100000001000000010000000100000001000000010000000100000001010110000110010100011011011000100101000100001000000000010110010000011100000000010110000000011000000000010110000000011000000000010101110100010100000000010110100100011111011111100111010100101100011010010110110100100101011001000110110100101010011011100111111100111111000000010000000101100111000000010000000101111000000000010000000100000001000000010000000100000001000000010000000100000001000000010000000100000001000000010000000100000001000000010000000100000001000000010000000100000001000000010000000100000001000000010000000100000001000000010000000100000001000000010000000100000001000000010000000100000001000000010000000100000001000000010000000100000001000000010000000100000001000000010000000100000001000000010000000101101111000000010000000101100100011101110111111101000010010111100101100100011010000000010110001100100010011110010100111100001100000000010101100000010000000000010110111100100100000000010111001100100111000000010101111100010011000000010101110000010101000000010110011000100101000000010101110000100100011111000101101000101100000000010000000100000001000000010000000100000001000000010000000100000001000000010000000100000001000000010000000100000001000000010000000100000001000000010000000100000001000000010000000100000001000000010000000100000001000000010000000100000001000000010000000100000001000000010000000100000001000000010000000100000001000000010000000100000001000000010000000100000001000000010000000100000001000000010000000100000001000000010000000100000001000000010000000100000001000000010000000100000001000000010000000100000001000000010000000100000001000000010000000100000001000000010000000100000001000000010000000100000001000000010000000100000001000000010000000100000001000000010000000100000001000000010000000100000001000000010000000100000001000000010000000100000001000000010000000100000001000000010000000100000001000000010000000100000001000000010000000100000001000000010000000100000001000000010000000100000001000000010000000100000001000000010000000100000001000000010000000100000001000000010000000100000001000000010000000100000001000000010000000100000001000000010000000100000001000000010000000100000001000000010000000100000001011111010000000100000001011110000000000100000001011111000000000100000001000000010000000100000001000000010000000100000001000000010000000100000001000000010000000100000001000000010000000100000001000000010000000100000001000000010000000100000001000000010000000100000001000000010000000100000001000000010000000100000001000000010000000100000001000000010000000100000001000000010000000100000001000000010000000100000001000000010000000100000001000000010000000100000001000000010000000100000001000000010000000100000001000000000000000100000001000000010000000100000001000000010000000100000001000000010000000100000001000000010000000100000001000000010000000100000001000000010000000100000001000000010000000100000001000000010000000100000001000000010000000100000001000000010000000100000001000000010000000100000001000000010000000100000001000000010000000100000001000000010000000100000001011101100000000100000001011100010000000100000001000000010000000100000001000000010000000100000001011111010000000100000001011001100000000100000001011010000000000100000001000000010000000100000001000000010000000100000001000000010000000100000001011110100000000100000001000000010000000100000001000000010000000100000001000000010000000100000001000000010000000100000001000000010000000100000001000000010000000100000001000000010000000100000001000000010000000100000001000000010000000100000001000000010000000100000001000000010000000100000001000000010000000100000001000000010000000100000001000000010000000100000001000000010000000100000001000000010000000100000001000000010000000100000001000000010000000100000001000000010000000100000001000000010000000100000001000000010000000100000001000000010000000100000001000000010000000100000001000000010000000100000001000000010000000100000001000000010000000100000001000000010000000100000001000000010000000100000001000000010000000100000001000000010000000100000001000000010000000100000001000000010000000100000001000000010000000100000001000000010000000100000001000000010000000100000001000000010000000100000001000000010000000100000001000000010000000100000001000000010000000100000001000000010000000100000001000000010000000100000001000000010000000100000001000000010000000100000001000000010000000100000001000000010000000100000001000000010000000100000001000000010000000100000001000000010000000100000001000000010000000100000001000000010000000100000001000000010000000100000001000000010000000100000001000000010000000100000001000000010000000100000001000000010000000100000001000000010000000100000001000000010000000100000001000000010000000100000001000000010000000100000001000000010000000100000001000000010000000100000001000000010000000100000001000000010000000100000001000000010000000100000001000000010000000100000001000000010000000100000001000000010111101100000001000000010000000100000001000000010000000100000001000000010111111100000001000000010000000100000001000000010000000100000001000000010000000100000001000000010000000100000001000000010000000100000001000000010000000100000001011111000111010000000001010100010110101101111000001110100111010101110110001101100110101001100001001000010111000001100011000111110111100001100101001000010000000101111010001101000111100101011011000101000111110101011101000101100111110101011011000101010000000101011110000110000000000101011110000110100000000101011011000101100000000101101101001010000000000101110011001011110000000101100111001000110000000101100101001000110111101001011001000110100111101101100010001001000000000101110000001100110111110001101010001011110110010101010011000110000000000101101110001100110000000100000001010001010000000100000001010111000000000100000001011111010000000100000001011001010000000100000001011011110000000100000001011110010000000100000001011110000111000001100101001000010111001101011001000101100110100001010010000100000110100001101100001010110000000100000001000000010110111100000001000000010101100100000001000000010101011100000001000000010110100000000001000000010110011100000001000000010101110100000001000000010110010000000001000000010101111000000001000000010111000100000001000000010100111100000001000000010100010000000001011101110110001000000001000000010111101000000001000000010110000000000001000000010110100000000001000000010111101100000001000000010110010100000001000000010000000100000001000000010111101100000001000000010110110100000001000000010000000100000001000000010111110100000001000000010111000000000001000000010110111000000001000000010110100100000001000000010111001100000001000000010111110100000001000000010111100100000001000000010111100100000001000000010111101000000001000000010111000100000001000000010110110000000001000000010101000000000001000000010101101100000001000000010110001000000001000000010110100000000001000000010110010000000001000000010110010000000001000000010110010100000001000000010111001000000001000000010110011100000001000000010111001000000001000000010111000000000001000000010111101100000001000000010111000100000001000000010111000100000001000000010110010100000001000000010110010000000001000000010100111100000001000000010101001000000001000000010101010000000001000000010000000100000001000000010111111000000001000000010110000100000001000000010101001000000001000000010101010000000001000000010100101000000001011110110101011000000001000000010101100100000001000000010101101000000001000000010101010100000001000000010101111000000001000000010110001100000001000000010110011100000001000000010110000100000001000000010101111100000001000000010101111000000001000000010110010000000001000000010101111000000001000000010101110100000001000000010110100100000001000000010110011000000001000000010110111000000001000000010101000100000001000000010100100000000001011110010110010000000001000000010111010100000001000000010110010000000001000000010110101100000001000000010111011100000001000000010110100000000001000000010111111100000001000000010111101000000001000000010110100000000001000000010000000100000001000000010111100000000001000000010111000000000001000000010110111000000001000000010110100100000001000000010111001100000001000000010111110100000001000000010111100100000001000000010111100100000001000000010111101000000001000000010111000100000001000000010110110000000001000000010101000000000001000000010101101100000001000000010110001000000001000000010110100000000001000000010110010000000001000000010110010000000001000000010110010100000001000000010111000000000001000000010110010100000001000000010111000000000001000000010110111000000001000000010111100100000001000000010110111100000001000000010110111100000001000000010110001100000001000000010110010100000001000000010100100100000001011110100110001100000001000000010101100000000001000000010111110100000001000000010000000100000001000000010101010000000001000000010100101100000001000000010101001100000001000000010100011100000001011110100101011000000001000000010101110100000001000000010110100000000001000000010111001100000001000000010000000100000001000000010101110101101100001010000111000101011110000101010111010101011000000011100101111001010000000010000000000100000001010101100000000100000001000000010000000100000001000000010000000100000001010111110100111001010010000010110111010001011110000101110111111101011011000101010000000101011001000101000000000101011100000101100110110001010011000010110111100101110000001001110111011101111111001110000000000100000001010111110000000100000001000000010000000100000001000000010000000100000001000000010000000100000001000000010000000100000001000000010000000100000001000000010000000100000001000000010000000100000001000000010000000100000001000000010000000100000001000000010000000100000001000000010000000100000001000000010000000100000001000000010000000100000001000000010000000100000001000000010000000100000001000000010000000100000001000000010110110000000001000000010111100100000001000000010000000100000001000000010000000100000001000000010000000100000001000000010000000100000001000000010000000100000001011101100111100101111010001110100111000101100001000111110111000001100001000110010111011001100000000110000000000101101110001000110000000101100111000111010000000101101011001001110000000101100010001001010000000101101111001111100000000101101101010001100000000100000001000000010000000100000001000000010000000100000001000000010000000100000001000000010000000100000001000000010000000100000001000000010000000100000001000000010000000100000001000000010000000100000001000000010000000100000001000000010000000100000001000000010000000100000001000000010000000100000001000000010000000100000001000000010000000100000001000000010000000100000001000000010000000100000001000000010000000100000001000000010000000100000001000000010000000100000001000000010000000100000001000000010000000100000001000000010000000100000001000000010000000100000001000000010000000100000001000000010000000100000001000000010000000100000001000000010000000100000001000000010000000100000001000000010000000100000001000000010000000100000001000000010000000100000001000000010000000100000001000000010000000100000001000000010000000100000001000000010000000100000001000000010000000100000001000000010000000100000001000000010000000100000001000000010000000100000001000000010000000100000001000000010000000100000001000000010000000100000001000000010000000100000001000000010000000100000001000000010110101100000001000000010101111000000001000000010110110100000001000000010111101100000001000000010111111000000001000000010110010100000001000000010111001000000001000000010000000100000001000000010000000100000001000000010000000100000001000000010000000100000001000000010000000100000001000000010000000100000001000000010000000100000001000000010000000100000001000000010000000100000001000000010000000100000001000000010000000100000001000000010000000100000001000000010000000100000001000000010000000100000001000000010000000100000001000000010000000000000001000000010000000100000001000000010000000100000001000000010000000100000001000000010000000100000001000000010000000100000001000000010000000100000001000000010000000100000001000000010000000100000001000000010000000100000001000000010000000100000001000000010110101100000001000000010111001000000001000000010000000100000001000000010000000100000001000000010101100100000001000000010101010100000001000000010110101000000001000000010000000100000001000000010101100100000001000000010101010100000001000000010101010100000001000000010110100000000001000000010000000100000001000000010000000100000001000000010110110100000001000000010111001100000001000000010000000100000001000000010000000100000001000000010000000100000001000000010000000100000001000000010000000100000001000000010000000100000001000000010000000100000001000000010000000100000001000000010000000100000001000000010000000100000001000000010000000100000001000000010000000100000001000000010000000100000001000000010000000100000001000000010000000100000001000000010000000100000001000000010000000100000001000000010000000100000001000000010000000100000001000000010000000100000001000000010000000100000001000000010000000100000001000000010000000100000001000000010000000100000001000000010000000100000001000000010000000100000001000000010000000100000001000000010000000100000001000000010000000100000001000000010000000100000001000000010000000100000001000000010000000100000001000000010000000100000001000000010000000100000001000000010000000100000001000000010000000100000001000000010000000100000001000000010000000100000001000000010000000100000001000000010000000100000001000000010000000100000001000000010000000100000001000000010000000100000001000000010000000100000001000000010000000100000001000000010000000100000001000000010000000100000001000000010000000100000001000000010000000100000001000000010000000100000001000000010000000100000001000000010000000100000001000000010000000100000001000000010000000100000001000000010000000100000001000000010000000100000001000000010000000100000001000000010000000100000001000000010000000100000001000000010000000100000001000000010000000100000001000000010000000100000001000000010000000100000001000000010000000100000001000000010000000100000001000000010000000101110100000000010000000101111011000000010000000100000001000000010000000100000001000000010000000100000001000000010000000100000001000000010000000100000001000000010000000100000001000000010111111101101101000000010100110101101111011101010011111001011100010110000001111000000001011101000011011000000001000000010100001001111010010111110001110001101001010010110000010000000001000000010011101000000001000000010011110101111111010101110000111101111101010100110000110000000001011000100001100100000001011011000010001100000001011000100001100100000001010111010001011000000001011000010001101100000001011000100001111000000001011011010010101100000001010111110010000000000001010101100001101000000001010101100001110000000001010111000010001100000001010110110010000101111101010110000001111001111100010111000010000101110111010111010010000100000001011111010100000000000001000000010100110100000001000000010110011000000001000000010111001100000001000000010000000100000001000000010000000100000001011101000011011001110110010101110001101000000001011001000010100001110101011110000011101000000001000000010000000100000001000000010000000101011110000000010000000101011111000000010000000101111001000000010000000101101001000000010000000101100001000000010000000101011101000000010000000101100100000000010000000101101101000000010000000101100101000000010000000101011010000000010000000101100101000000010000000101101010000000010000000101101001000000010000000101110000000000010000000101111010000000010000000101101110000000010000000100000001000000010000000101111111000000010000000101100001000000010000000101110101000000010000000101110011000000010000000101110101000000010000000101101110000000010000000101110001000000010000000101111101000000010000000100000001000000010000000100000001000000010000000101110011000000010000000101100001000000010000000101111000000000010000000101111100000000010000000101011010000000010000000101100101000000010000000101101000000000010000000101111011000000010000000101110101000000010000000101101000000000010000000101011101000000010000000101011110000000010000000101011111000000010000000101010100000000010000000101011001000000010000000101010101000000010000000101011101000000010000000101100011000000010000000101101011000000010000000101110101000000010000000101011010000000010000000101101011000000010000000101010100000000010000000101011101000000010000000101110100000000010000000101100001000000010000000101011010000000010000000101010000000000010111111101100100000000010000000101100100000000010000000101101111000000010000000101111011000000010000000100000001000000010000000101111110000000010000000101110011000000010000000101111010000000010000000100110101000000010101011000111110000000010110011001100010000000010000000101101011000000010000000101101000000000010000000101011111000000010000000101101001000000010000000101101011000000010000000101101111000000010000000101101000000000010000000101011110000000010000000101100100000000010000000101100101000000010000000101100100000000010000000101101111000000010000000101111001000000010000000101101001000000010000000100000001000000010000000101111110000000010000000101011101000000010000000101110101000000010000000101110110000000010000000101110100000000010000000101101110000000010000000101110001000000010000000101111101000000010000000100000001000000010000000100000001000000010000000101110011000000010000000101100001000000010000000101111000000000010000000101111100000000010000000101011010000000010000000101100101000000010000000101101000000000010000000101111011000000010000000101110101000000010000000101101000000000010000000101011101000000010000000101011100000000010000000101011110000000010000000101010101000000010000000101011000000000010000000101010100000000010000000101011000000000010000000101011111000000010000000101100111000000010000000101110110000000010000000101010110000000010000000101100101000000010000000101011011000000010000000101011101000000010000000101110110000000010000000101100110000000010000000101010110000000010000000101010010000000010000000101011111000000010000000101101110000000010000000101111110000000010000000100000001000000010000000100000001000000010000000100000001000000010000000101101100011110010011010101110011011000000001110101101100010101110001001101011000010111000001010000000001000000010110111100000001000000010000000100000001000000010000000101110110000000010100000001100001010101110001011101110110010110100001100101110010010100000000111001110000010101010001001001111100011010110010100001111000011101010011000100000001000000010110010000000001000000010000000100000001000000010000000100000001000000010000000100000001000000010000000100000001000000010000000100000001000000010000000100000001000000010000000100000001000000010000000100000001000000010000000100000001000000010000000100000001000000010000000100000001000000010000000100000001000000010000000100000001000000010000000100000001000000010000000100000001000000010000000100000001000000010000000100000001000000010000000100000001000000010000000101111011000000010000000101111001000000010000000100000001000000010000000100000001000000010000000100000001000000010000000101101110000000010000000101111011000000010000000100000001000000010000000100000001000000010111110001101101000000010100001001101110011111000011010101111101011111100011011000000001011101100011000100000001011011110010111100000001011010010011010001101111010010110010010100000001000000010111000000000001000000010000000100000001000000010000000100000001000000010000000100000001000000010000000100000001000000010000000100000001000000010000000100000001000000010000000100000001000000010000000100000001000000010000000100000001000000010000000100000001000000010000000100000001000000010000000100000001000000010000000100000001000000010000000100000001000000010000000100000001000000010000000100000001000000010000000100000001000000010000000100000001000000010000000100000001000000010000000100000001000000010000000100000001000000010000000100000001000000010000000100000001000000010000000100000001000000010000000100000001000000010000000100000001000000010000000100000001000000010000000100000001000000010000000100000001000000010000000100000001000000010000000100000001000000010000000100000001000000010000000100000001000000010000000100000001000000010000000100000001000000010000000100000001000000010000000100000001000000010000000100000001000000010000000100000001000000010000000100000001000000010000000100000001000000010000000100000001000000010000000100000001000000010000000101100000000000010000000101001101000000010000000101000000000000010000000101000110000000010000000101001111000000010000000101010000000000010000000101001110000000010000000101010011000000010000000101111010000000010000000100000001000000010000000101111010000000010000000101101101000000010000000100000001000000010000000100000001000000010000000100000001000000010000000100000001000000010000000100000001000000010000000100000001000000010000000100000001000000010000000100000001000000010000000100000001000000010000000100000001000000010000000100000001000000010000000100000000000000010000000100000001000000010000000100000001000000010000000100000001000000010000000100000001000000010000000100000001000000010000000100000001000000010000000100000001000000010000000100000001000000010000000100000001000000010000000100000001000000010000000101101010000000010000000101111001000000010000000100000001000000010000000100000001000000010000000101011010000000010000000101010000000000010000000101100101000000010000000100000001000000010000000101010101000000010000000101010011000000010000000101010101000000010000000101100111000000010000000100000001000000010000000101111101000000010000000101101100000000010000000101110110000000010000000100000001000000010000000100000001000000010000000100000001000000010000000100000001000000010000000100000001000000010000000100000001000000010000000100000001000000010000000100000001000000010000000100000001000000010000000100000001000000010000000100000001000000010000000100000001000000010000000100000001000000010000000100000001000000010000000100000001000000010000000100000001000000010000000100000001000000010000000100000001000000010000000100000001000000010000000100000001000000010000000100000001000000010000000100000001000000010000000100000001000000010000000100000001000000010000000100000001000000010000000100000001000000010000000100000001000000010000000100000001000000010000000100000001000000010000000100000001000000010000000100000001000000010000000100000001000000010000000100000001000000010000000100000001000000010000000100000001000000010000000100000001000000010000000100000001000000010000000100000001000000010000000100000001000000010000000100000001000000010000000100000001000000010000000100000001000000010000000100000001000000010000000100000001000000010000000100000001000000010000000100000001000000010000000100000001000000010000000100000001000000010000000100000001000000010000000100000001000000010000000100000001000000010000000100000001000000010000000100000001000000010000000100000001000000010000000100000001000000010000000100000001000000010000000100000001000000010000000100000001000000010000000100000001000000010000000100000001000000010000000100000001000000010000000100000001000000010000000100000001010100010000000100000001011010000000000100000001011010000000000100000001011000010000000100000001011100100000000100000001011111010000000100000001000000010000000100000001000000010000000100000001000000010000000100000001000000010000000101110011001110010100001000011010011000100101110000110001011000110101000100100010011110100101110100101010011101100101001100011011011100000100100100001011011111000101001000010001000000010111011100110100000000010000000101010100000000010111001000101101011111100101010000001111000000010110110000100111000000010101101000010101011110110101100000001111011111000101101100010010011101000101000100001000011101010101000100001011000000010101111100011011000000010000000101000000000000010111110100111111000000010110010000101000000000010110110000110010000000010110100000101101011110000101011100011111010101110011101000000001011111010110010100101011000000010111001000111000011110110110100100101110000000010000000101010010000000010000000101101100011010000110110000110001011111010000000101001001000000010000000101100111000000010000000101010010000000010110001000101100011111110110001100101101011010110110110000110100000000010000000100000001000000010000000100000001011111000000000100000001011010000000000100000001011000010000000100000001011001100000000100000001010101110000000100000001010010100000000100000001011001110000000100000001011010000000000100000001011101110000000100000001011110110000000100000001010110010000000100000001010100100000000100000001011001010000000100000001011100110000000100000001011001110000000100000001010100010000000100000001011001000000000100000001011000100000000100000001010100010000000100000001011000010000000100000001011000000000000100000001011000100000000100000001011000100000000100000001011000010000000100000001011110100000000100000001000000010000000100000001011111110000000100000001010110010000000100000001010101100000000100000001011010010000000100000001011100100000000100000001010101010000000100000001010111100000000100000001010111000000000100000001011011100000000100000001011011100000000100000001011001010000000100000001010110010000000100000001011000000000000100000001011000000000000100000001011001000000000100000001010111110000000100000001010111100000000100000001010111000000000100000001010111010000000100000001010111000000000100000001011010000000000100000001011010000000000100000001011101100000000100000001010110100000000100000001010010110000000100000001011010010000000100000001011001100000000100000001011010110000000100000001010101100000000100000001011011000000000100000001011101000000000100000001011010100000000100000001011010110000000100000001011101010000000100000001011111010000000100000001000000010000000100000001010110110000000101110111000101010110100000110001001000000111100101000001011101100000000100000001011010000000000100000001010111110000000100000001011000000000000100000001010101100000000100000001011011000000000100000001011001110000000100000001011110000000000100000001011110110000000100000001010110100000000100000001010100010000000100000001011001100000000100000001011101000000000100000001011011000000000100000001010010110000000100000001010110100000000100000001011001100000000100000001010101100000000100000001010111110000000100000001011001100000000100000001011001000000000100000001011000100000000100000001011000010000000100000001011110100000000100000001000000010000000100000001011111110000000100000001010110010000000100000001010101100000000100000001011010010000000100000001011100100000000100000001010101010000000100000001010111100000000100000001010111000000000100000001011011100000000100000001011011100000000100000001011001010000000100000001010110110000000100000001011000110000000100000001010111110000000100000001011000100000000100000001010111110000000100000001010110110000000100000001010101010000000100000001010110010000000100000001010111100000000100000001011011100000000100000001011010110000000100000001011101000000000100000001010110010000000100000001010101100000000100000001011011100000000100000001011010110000000100000001011001110000000100000001010100000000000100000001011100100000000100000001011110000000000100000001011101110000000100000001011100100000000100000001000000010000000100000001000000010000000100000001011000110110111100101101011100010110000000100001011011110101111100011101010111100111000000101001000000010000000101111100000000010000000101111010000000010000000101101101010000110100111100001101011010110110010100100100011001110101101000010110011000010101001000001101000000010111110100111001000000010000000101101101000000010000000101110101000000010000000100000001000000010000000100000001000000010000000100000001000000010000000100000001000000010000000101111000000000010000000100000001000000010000000101110011000000010000000101100001011111010000000101010110000000010000000101100000000000010000000101100011000000010000000101101000000000010000000101100010000000010000000101110010000000010000000100000001000000010000000100000001000000010000000100000001000000010000000100000001000000010000000100000001000000010000000100000001011111100000000100000001000000010000000100000001000000010000000100000001011110010000000100000001011100100000000100000001011001110000000100000001011010110000000100000001000000010000000100000001000000010000000100000001000000010000000100000001000000010000000100000001011001110000000100111110010100010101111000011010011101100111000000110101011100100110000100110000011100100101110000111001000000010000000100000001000000010000000100000001000000010000000100000001000000010000000100000001000000010000000100000001000000010000000100000001000000010000000100000001000000010000000100000001000000010000000100000001000000010000000100000001000000010000000100000001000000010000000100000001000000010000000100000001000000010000000100000001000000010000000100000001000000010000000100000001000000010000000100000001000000010000000100000001000000010000000100000001000000010000000100000001000000010000000100000001000000010000000100000001000000010000000100000001000000010000000100000001000000010000000100000001000000010000000100000001000000010000000100000001000000010000000100000001000000010000000100000001000000010000000100000001000000010000000100000001000000010000000100000001000000010000000100000001000000010000000100000001000000010000000100000001000000010000000100000001000000010000000100000001000000010000000100000001000000010000000100000001000000010000000100000001000000010000000100000001000000010000000100000001011111110000000100000001000000010000000100000001000000010000000100000001011000110000000100000001010001010000000100000001001111100000000100000001001111010000000100000001010110100000000100000001010011110000000100000001010000000000000100000001010101000000000100000001011111000000000100000001000000010000000100000001011111100000000100000001011010110000000100000001000000010000000100000001000000010000000100000001000000010000000100000001000000010000000100000001000000010000000100000001000000010000000100000001000000010000000100000001000000010000000100000001000000010000000100000001000000010000000100000001000000010000000100000001000000000000000100000001000000010000000100000001000000010000000100000001000000010000000100000001000000010000000100000001000000010000000100000001000000010000000100000001000000010000000100000001000000010000000100000001000000010000000100000001000000010000000100000001000000010000000100000001000000010000000100000001000000010000000100000001000000010000000100000001011101000000000100000001011101000000000100000001000000010000000100000001000000010000000100000001011111000000000100000001011000100000000100000001011010110000000100000001000000010000000100000001000000010000000100000001000000010000000100000001000000010000000100000001000000010000000100000001000000010000000100000001000000010000000100000001000000010000000100000001000000010000000100000001000000010000000100000001000000010000000100000001000000010000000100000001000000010000000100000001000000010000000100000001000000010000000100000001000000010000000100000001000000010000000100000001000000010000000100000001000000010000000100000001000000010000000100000001000000010000000100000001000000010000000100000001000000010000000100000001000000010000000100000001000000010000000100000001000000010000000100000001000000010000000100000001000000010000000100000001000000010000000100000001000000010000000100000001000000010000000100000001000000010000000100000001000000010000000100000001000000010000000100000001000000010000000100000001000000010000000100000001000000010000000100000001000000010000000100000001000000010000000100000001000000010000000100000001000000010000000100000001000000010000000100000001000000010000000100000001000000010000000100000001000000010000000100000001000000010000000100000001000000010000000100000001000000010000000100000001000000010000000100000001000000010000000100000001000000010000000100000001000000010000000100000001000000010000000100000001000000010000000100000001000000010000000100000001000000010000000100000001000000010000000100000001000000010000000100000001000000010000000100000001000000010000000100000001000000010000000100000001000000010000000100000001000000010000000100000001000000010111100000000001000000010111011100000001000000010111100100000001000000010101101000000001000000010100111000000001000000010101101000000001000000010111001100000001000000010111110000000001000000010111100100000001000000010000000100000001000000010000000100000001000000010000000100000001000000010000000100000001000000010000000100000001000000010000000100000001011100010101101101000010001000100000000101011101001110010000000101010110001011010000000101010000001000100000000101011001001001010000000101010010000110100000000100000001010101100000000100000001011010100000000101111010001111000110111101001010000011000111000101001100000011100111110101011111000111100110100101011001000101000110111001100100000111100110110101100101000111110110101001100101001000000110001001100001000111010111000101110011001100010111110000000001010000010111111000000001010001110111101000000001010001010101001001011010000111010101110101100101001010010101001101011011000111110110000101100111001011000100101101010001000101100101001001010110000110110000000100000001011100100000000100000001010111010110011101101001001011100101110101100011001010000110011001100100001010100000000101101011001101110000000101100101001101000110111101010111001010010111111100000001010100110000000100000001000000010000000100000001000000010000000100000001000000010000000100000001000000010111000000000001000000010110100000000001000000010101010100000001000000010101011000000001000000010110100000000001000000010101111100000001000000010110101000000001000000010111001000000001000000010100100100000001000000010100011000000001011111100101101100000001000000010110011100000001000000010101010100000001000000010100000000000001011110000101101000000001000000010110100000000001000000010110100100000001000000010110110000000001000000010110010100000001000000010110001000000001000000010101111100000001000000010110000000000001000000010110000100000001000000010110011000000001000000010101101100000001000000010101110000000001000000010110100100000001000000010101110100000001000000010101110000000001000000010100101000000001000000010101010000000001000000010101010000000001000000010110011100000001000000010110101100000001000000010110010000000001000000010101101100000001000000010110110000000001000000010101011000000001000000010110101000000001000000010111011100000001000000010000000100000001000000010110111100000001000000010110000000000001000000010101111000000001000000010111011000000001000000010111011100000001000000010000000100000001000000010110011100000001000000010110001000000001000000010111010100000001000000010110101100000001000000010110010100000001000000010101101000000001000000010000000100000001000000010110100100000001000000010101111100000001000000010101100000000001000000010101101100000001000000010111100100000001000000010111110100000001000000010001111001101100001101110001000101011111001010100001001101100111001100010110001000000001000000010111010100000001000000010110010000000001000000010110010100000001000000010110001100000001000000010110101100000001000000010101111000000001000000010110111100000001000000010111001000000001000000010100111000000001000000010100011000000001011110010101110100000001000000010110011000000001000000010100111000000001000000010100000100000001011110110101010100000001000000010110100100000001000000010110010100000001000000010110000000000001000000010110100100000001000000010110000100000001000000010110000100000001000000010110000000000001000000010110000100000001000000010110011000000001000000010101101100000001000000010101110000000001000000010110100100000001000000010101110100000001000000010101110000000001000000010100101000000001000000010101010000000001000000010101010000000001000000010110011100000001000000010110101100000001000000010110010000000001000000010101101100000001000000010110110100000001000000010101100000000001000000010110100000000001000000010111001000000001000000010111101100000001000000010110110000000001000000010101111100000001000000010101110000000001000000010110111100000001000000010111111100000001000000010000000100000001000000010110011100000001000000010110100100000001000000010111000100000001000000010110100100000001000000010110100000000001000000010101101100000001000000010111010000000001000000010110110000000001000000010110101000000001000000010110000100000001000000010111100000000001000000010000000100000001000000010101011001100011001001010110101101011101001000100110001001011001000110100110001101111011001101010000000100000001000000010000000100000001000000010111100100000001010111000100100101100011000111010100001101010011000011000110000001110001001001110000000100000001010110010000000100000001000000010000000100000001000000010000000100000001011000110000000100000001011001110000000100000001011011100000000100000001011000100110101001111000001101100110000001101100001010100101111101100111001010000101010101011000000110100101110101011010000111010110010101011101001000010110101001011111001001010110000101010110000110100111000001100110001010100111011101101111001100110110111001101101001100010101110001011110001000100101111001100100001010010101111101101000001011110101011001100001001010010110100001110101001111110000000100000001011000010000000100000001011001100000000100000001011110110000000100000001000000010000000100000001000000010000000100000001000000010111000000000001000000010110010000000001000000010111011100000001000000010000000100000001000000010000000100000001000000010000000100000001000000010000000100000001000000010000000100000001000000010110010101111000001111110110101001101110001111010000000101111110010110010000000100000001000000010000000100000001000000010000000100000001000000010000000100000001000000010000000100000001000000010000000100000001000000010000000100000001000000010000000100000001000000010000000100000001000000010000000100000001000000010000000100000001000000010000000100000001000000010000000100000001000000010000000100000001000000010000000100000001000000010000000100000001000000010000000100000001000000010000000100000001000000010000000100000001000000010000000100000001000000010000000100000001000000010000000100000001000000010000000100000001000000010000000100000001000000010000000100000001000000010000000100000001000000010000000100000001000000010000000100000001000000010000000100000001000000010000000100000001000000010000000100000001000000010000000100000001000000010000000100000001000000010000000100000001000000010000000100000001000000010000000100000001000000010000000100000001000000010000000100000001000000010000000100000001000000010000000100000001000000010000000100000001000000010000000100000001000000010000000100000001000000010000000100000001000000010000000100000001000000010000000100000001000000010110100100000001000000010101111000000001000000010110101100000001000000010111100100000001000000010111110100000001000000010110000100000001000000010110111000000001000000010000000100000001000000010000000100000001000000010000000100000001000000010000000100000001000000010000000100000001000000010000000100000001000000010000000100000001000000010000000100000001000000010000000100000001000000010000000100000001000000010000000100000001000000010000000100000001000000010000000100000001000000010000000100000001000000010000000100000001000000010000000000000001000000010000000100000001000000010000000100000001000000010000000100000001000000010000000100000001000000010000000100000001000000010000000100000001000000010000000100000001000000010000000100000001000000010000000100000001000000010000000100000001000000010000000100000001000000010000000100000001000000010000000100000001000000010000000100000001000000010000000100000001000000010000000100000001000000010000000100000001000000010000000100000001000000010111110100000001000000010111010100000001000000010000000100000001000000010000000100000001000000010000000100000001000000010000000100000001000000010000000100000001000000010000000100000001000000010000000100000001000000010000000100000001000000010000000100000001000000010000000100000001000000010000000100000001000000010000000100000001000000010000000100000001000000010000000100000001000000010000000100000001000000010000000100000001000000010000000100000001000000010000000100000001000000010000000100000001000000010000000100000001000000010000000100000001000000010000000100000001000000010000000100000001000000010000000100000001000000010000000100000001000000010000000100000001000000010000000100000001000000010000000100000001000000010000000100000001000000010000000100000001000000010000000100000001000000010000000100000001000000010000000100000001000000010000000100000001000000010000000100000001000000010000000100000001000000010000000100000001000000010000000100000001000000010000000100000001000000010000000100000001000000010000000100000001000000010000000100000001000000010000000100000001000000010000000100000001000000010000000100000001000000010000000100000001000000010000000100000001000000010000000100000001000000010000000100000001000000010000000100000001000000010000000100000001000000010000000100000001000000010000000100000001000000010000000100000001000000010000000100000001000000010000000100000001000000010000000100000001000000010000000100000001000000010000000100000001000000010000000100000001000000010000000100000001000000010000000100000001000000010000000100000001000000010000000101110100000000010000000101101100000000010000000101011001000000010000000101011011000000010000000101010100000000010000000101011111000000010000000100000001000000010000000101111011000000010000000100000001000000010000000100000001000000010000000100000001000000010000000100000001000000010000000100000001000000010000000100000001000000010000000100000001000000010000000100000001000000010000000100000001000000010000000101100010001110110001111101100101001110100001100100000001010111010011011100000001010111000011000101010101001011110000000000000001000000010110101100000001000000010000000101110000010111000010010101011110010100000001011001110001011001000010110001100100011000000010010101011100011001000010001101010111011010010010010001101101000000010100000000000001000000010101101000000001000000010110010000000001000000010110111000000001000000010111011000000001000000010000000100000001000000010000000100000001000000010000000100000001000000010000000100000001000000010111100100000001000000010111001001101100000000010101001001111101000000010110000000000001000000010000000101111000000000010100101001001111010110100001110001101000011101000011100001100010011001110011000001100011010101010010010101111001011001100011101100000001000000010000000100000001000000010000000100000001000000010000000100000001000000010000000100000001000000010000000100000001000000010000000100000001000000010000000100000001000000010000000101110110000000010000000101100010000000010000000101101001000000010000000101101010000000010000000101011101000000010000000101011100000000010000000101010011000000010000000101011001000000010000000101010101000000010000000101011010000000010000000101011001000000010000000101001101000000010000000101100011000000010000000101100111000000010000000101100001000000010000000101010101000000010000000101010111000000010000000101011011000000010000000101011111000000010000000101111110000000010000000101101001000000010000000101011011000000010000000101011101000000010000000101111001000000010000000101111110000000010000000101100011000000010000000101011100000000010000000101010001000000010000000101011101000000010000000101100110000000010000000101111011000000010000000101111101000000010000000101110110000000010000000101101110000000010000000101110001000000010000000101001000000000010000000101010011000000010000000101100101000000010000000101101110000000010000000101100110000000010000000101011110000000010000000101100101000000010000000101110001000000010000000101110011000000010000000100000001000000010000000101101101000000010000000101101110000000010000000101101001000000010000000101100101000000010000000101101110000000010000000101101000000000010000000101011101000000010000000101001100000000010000000101101101000000010000000101111111000000010000000100000001000000010000000100000001000000010000000100110000011111100100100100011000011000000010110000011111011001110011001100010011011000010010110000110110000000010101010000000001000000010000000100000001000000010000000101111101000000010000000101111000000000010000000101101011000000010000000101101101000000010000000101101000000000010000000101011101000000010000000101010111000000010000000101010010000000010000000101010010000000010000000101010100000000010000000101011011000000010000000101010011000000010000000101011110000000010000000101100101000000010000000101100100000000010000000101011010000000010000000101100001000000010000000101010101000000010000000101011111000000010000000101111110000000010000000101101001000000010000000101011011000000010000000101011101000000010000000101111001000000010000000101111110000000010000000101100011000000010000000101011100000000010000000101010001000000010000000101011101000000010000000101100110000000010000000101111011000000010000000101111101000000010000000101110110000000010000000101101111000000010000000101110000000000010000000101001010000000010000000101010100000000010000000101100010000000010000000101101100000000010000000101100110000000010000000101011101000000010000000101100100000000010000000101101110000000010000000101111011000000010000000100000001000000010000000101110000000000010000000101110000000000010000000101101110000000010000000101100011000000010000000101101100000000010000000101101111000000010000000101011111000000010000000101010011000000010000000101101001000000010000000101111010000000010000000100000001000000010000000100000001000000010000000101001010010110010010000001100111011000100010101101011100010110110001111100000001000000010110001100000001000000010000000100000001000000010000000101001000011101110010101101010010011011110010011000000001000000010101101100000001000000010000000100000001000000010000000100000001000000010111100100000001000000010110000101111101000000010100001001100001011010010010001001011000010110100001010001110000011011010010100101111110011101010011001000000001011100100011001101111111011011010010111001111000011000010010001101110011010110100001110000000001011001100010100101111000010110110001111001111000010110110001111001111101010111000001110100000001011001000010010100000001011001100010100100000001011010010010101100000001011111110100001000000001000000010100100001111111011010110011001001111001011001000010110100000001011010110011011100000001011101000100000001111111011111010100011100000001000000010101011100000001000000010000000100000001000000010000000100000001000000010000000100000001000000010000000100000001000000010000000101100100000000010111111101100001000000010111101101111111000000010000000100000001000000010000000100000001000000010000000100000001000000010000000101111010000000010110011000000001000000010000000100000001000000010000000100000001000000010000000100000001000000010000000100000001000000010000000100000001000000010000000100000001000000010000000100000001000000010000000100000001000000010000000100000001000000010000000100000001000000010000000100000001000000010000000100000001000000010000000100000001000000010000000100000001000000010000000100000001000000010000000100000001000000010000000100000001000000010000000100000001000000010000000100000001000000010000000100000001000000010000000100000001000000010000000100000001000000010000000100000001000000010000000100000001000000010000000100000001000000010000000100000001000000010000000100000001000000010000000100000001000000010000000100000001000000010000000100000001000000010000000100000001000000010000000100000001000000010000000100000001000000010000000100000001000000010000000100000001000000010000000100000001000000010000000100000001000000010000000100000001000000010000000100000001000000010000000100000001000000010000000100000001000000010000000100000001000000010000000100000001000000010000000100000001000000010000000100000001000000010000000100000001000000010000000100000001000000010000000101110010000000010000000101101110000000010000000101111001000000010000000100000001000000010000000101110001000000010000000100000001000000010000000100000001000000010000000100000001000000010000000100000001000000010000000100000001000000010000000100000001000000010000000100000001000000010000000100000001000000010000000100000001000000010000000100000001000000010000000100000001000000010000000100000001000000010000000100000001000000010000000100000001000000010000000100000001000000010000000100000001000000010000000100000000000000010000000100000001000000010000000100000001000000010000000100000001000000010000000100000001000000010000000100000001000000010000000100000001000000010000000100000001000000010000000100000001000000010000000100000001000000010000000100000001000000010000000101111001000000010000000100000001000000010000000100000001000000010000000100000001000000010000000101100110000000010000000101100000000000010000000100000001000000010000000100000001000000010000000101110101000000010000000101100001000000010000000101101000000000010000000100000001000000010000000100000001000000010000000100000001000000010000000101110000000000010000000100000001000000010000000100000001000000010000000100000001000000010000000100000001000000010000000100000001000000010000000100000001000000010000000100000001000000010000000100000001000000010000000100000001000000010000000100000001000000010000000100000001000000010000000100000001000000010000000100000001000000010000000100000001000000010000000100000001000000010000000100000001000000010000000100000001000000010000000100000001000000010000000100000001000000010000000100000001000000010000000100000001000000010000000100000001000000010000000100000001000000010000000100000001000000010000000100000001000000010000000100000001000000010000000100000001000000010000000100000001000000010000000100000001000000010000000100000001000000010000000100000001000000010000000100000001000000010000000100000001000000010000000100000001000000010000000100000001000000010000000100000001000000010000000100000001000000010000000100000001000000010000000100000001000000010000000100000001000000010000000100000001000000010000000100000001000000010000000100000001000000010000000100000001000000010000000100000001000000010000000100000001000000010000000100000001000000010000000100000001000000010000000100000001000000010000000100000001000000010000000100000001000000010000000100000001000000010000000100000001000000010000000100000001000000010000000100000001000000010000000100000001000000010000000100000001000000010000000100000001000000010000000100000001000000010000000100000001011010010000000100000001010110110000000100000001011001010000000100000001011100000000000100000001011100000000000100000001011010000000000100000001000000010000000100000001000000010000000100000001000000010000000100000001000000010000000100000001000000010000000100000001000000010000000100000001000000010000000100000001000000010000000100000001000000010000000100000001000000010000000100000001000000010000000100000001011110010110000101000101010010110011010000010100010010000011011000010001000000010000000101011110000000010000000100000001000000010000000100000001010000010101010000100001010011100110100000110010011110000000000101100001000000010000000100000001000000010000000100000001000000010000000100000001000000010000000100000001000000010000000100000001000000010000000100000001000000010000000100000001011010000000000101111001011001000000000101111010011101000000000100000001011110000000000100000001000000010000000100000001000000010000000100000001000000010000000100000001000000010000000100000001000000010000000100000001000000010000000100000001000000010000000101110010000000010000000101101000011001110000000101000111010101000110101100110101011010110111001001000101000000010000000100000001000000010000000100000001000000010000000100000001000000010000000100000001000000010000000100000001000000010000000100000001000000010000000100000001000000010000000100000001011110000000000100000001011010110000000100000001011010000000000100000001011001010000000100000001011100110000000100000001011001010000000100000001011000010000000100000001011010110000000100000001011011100000000100000001010110100000000100000001010111000000000100000001011101100000000100000001011000100000000100000001010110100000000100000001010010100000000100000001010000100000000101111100001101110000000101110000001111100000000101111000010000010000000101111100010000110000000101111110000000010000000100000001011101110000000100000001011101100000000100000001011100100000000100000001011101000000000100000001010111100000000100000001010110000000000100000001011000110000000100000001010101110000000100000001010111000000000100000001011010000000000100000001011110110000000100000001011110000000000100000001011100100000000100000001011100110000000100000001000000010000000100000001011010000000000100000001011010110000000100000001011010010000000100000001010110110000000100000001011000000000000100000001010101100000000100000001010110010000000100000001010101010000000100000001011000010000000100000001000000010000000100000001011011000000000100000001011011000000000100000001011000110000000100000001010101000000000100000001011010000000000100000001011001100000000100000001010011000000000100000001010111100000000100000001010000010000000101110101011110100000000100000001011101110000000100000001010010010000000101100100001001110110110000111010000111010101101100101011000100100101000000100000000111010110001000110000000111000110100100110110011010010000000100000001011111100000000100000001011110110000000100000001011101100000000100000001011010010000000100000001011011100000000100000001011000000000000100000001010111010000000100000001011101010000000100000001011101110000000100000001011001010000000100000001010111000000000100000001011011010000000100000001010111000000000100000001010110010000000100000001010011000000000100000001010000000000000101111001001100000000000101101001001110010000000101110011010010010000000100000001010001000000000101111110000000010000000100000001011101110000000100000001011101100000000100000001011100100000000100000001011101000000000100000001010111100000000100000001010110000000000100000001011000110000000100000001010101110000000100000001010111000000000100000001011010000000000100000001011110110000000100000001011110000000000100000001011100100000000100000001011100110000000100000001000000010000000100000001011001100000000100000001011010000000000100000001011010000000000100000001010110110000000100000001010111000000000100000001010100110000000100000001010110110000000100000001010101100000000100000001011001100000000100000001000000010000000100000001011101100000000100000001011011010000000100000001011010110000000100000001010110100000000100000001011001000000000100000001010111100000000100000001010011000000000101111111010001010000000101111011010110010000000100000001011100000000000100000001000000010000000100000001000000010000000100000001011011110000000101010001010001010100101000010111010111100110011100101111000000010000000101111010000000010000000100000001000000010000000100000001011001010000000101000000000000010000000100000001000000010000000100000001000000010000000101110001000000010000000101001000011001000110101100100000010111100101111100010101010111010101011100001110011100110110010000011111011110010110010000100000000000010110111100101110011111000101100100011001011111010101100100011001000000010110100000101001000000010110100100101010000000010101110000011101000000010101111000011111000000010101011100011000000000010111100100111010000000010110111100101111000000010111001000101111000000010111110000111100000000010000000101000100000000010111111001000000000000010111000100110101000000010110001100101010000000010101111000100111000000010110010000101110000000010101110100101000000000010110101100110011011111000111000000110110011000010110011000101001010111110111000100110100000000010000000101100001000000010000000100000001000000010000000100000001000000010000000100000001000000010000000100000001011111000000000100000001011101000000000100000001011111110000000100000001011101000000000100000001011101100000000101111101000000010000000100000001000000010000000100000001000000010000000100000001000000010000000100000001000000010000000100000001000000010000000100000001000000010000000100000001000000010000000100000001000000010000000100000001000000010000000100000001000000010000000100000001000000010000000100000001000000010000000100000001000000010000000100000001000000010000000100000001000000010000000100000001000000010000000100000001000000010000000100000001000000010000000100000001000000010000000100000001000000010000000100000001000000010000000100000001000000010000000100000001000000010000000100000001000000010000000100000001000000010000000100000001000000010000000100000001000000010000000100000001000000010000000100000001000000010000000100000001000000010000000100000001000000010000000100000001000000010000000100000001000000010000000100000001000000010000000100000001000000010000000100000001000000010000000100000001000000010000000100000001000000010000000100000001000000010000000100000001000000010000000100000001000000010000000100000001000000010000000100000001000000010000000100000001000000010000000100000001000000010000000100000001000000010000000100000001010011110000000100000001010001100000000100000001011000110000000100000001011010110000000100000001011100100000000100000001010101100000000100000001010101010000000100000001000000010000000100000001000000010000000100000001000000010000000100000001011110100000000100000001000000010000000100000001000000010000000100000001000000010000000100000001000000010000000100000001000000010000000100000001000000010000000100000001000000010000000100000001000000010000000100000001000000010000000100000001000000010000000100000001000000010000000100000001000000000000000100000001000000010000000100000001000000010000000100000001000000010000000100000001000000010000000100000001000000010000000100000001000000010000000100000001000000010000000100000001000000010000000100000001000000010000000100000001000000010000000100000001010111000000000100000001011001010000000100000001000000010000000100000001011111110000000100000001010110110000000100000001010100000000000100000001011010110000000100000001000000010000000100000001010110010000000100000001010110100000000100000001010110100000000100000001011001010000000100000001000000010000000100000001011110100000000100000001011001100000000100000001011101110000000100000001000000010000000100000001000000010000000100000001000000010000000100000001000000010000000100000001000000010000000100000001000000010000000100000001000000010000000100000001000000010000000100000001000000010000000100000001000000010000000100000001000000010000000100000001000000010000000100000001000000010000000100000001000000010000000100000001000000010000000100000001000000010000000100000001000000010000000100000001000000010000000100000001000000010000000100000001000000010000000100000001000000010000000100000001000000010000000100000001000000010000000100000001000000010000000100000001000000010000000100000001000000010000000100000001000000010000000100000001000000010000000100000001000000010000000100000001000000010000000100000001000000010000000100000001000000010000000100000001000000010000000100000001000000010000000100000001000000010000000100000001000000010000000100000001000000010000000100000001000000010000000100000001000000010000000100000001000000010000000100000001000000010000000100000001000000010000000100000001000000010000000100000001000000010000000100000001000000010000000100000001000000010000000100000001000000010000000100000001000000010000000100000001000000010000000100000001000000010000000100000001000000010000000100000001000000010000000100000001000000010000000100000001000000010000000100000001000000010000000100000001000000010000000100000001000000010111111100000001000000010110000000000001000000010111011000000001000000010110111000000001000000010101111000000001000000010111111100000001000000010000000100000001000000010000000100000001000000010000000100000001000000010000000100000001000000010000000100000001000000010000000100000001000000010000000100000001000000010000000100000001000000010000000100000001000000010000000100000001000000010000000100000001000000010000000100000001000000010000000100000001000000010000000100000001000000010000000100000001000000010011011001000000000111000000000100000001000000010000000100000001000000010111110000000001011110010000000100000001000000010000000100000001000000010000000100000001000000010000000100000001000000010000000100000001000000010000000100000001000000010000000100000001000000010000000100000001000000010111011100000001000000010111010100000001000000010110011100000001000000010110101000000001000000010110011100000001000000010111100000000001000000010000000100000001000000010111011100000001000000010000000100000001000000010000000100000001000000010110111100000001000000010000000100000001000000010000000100000001000000010000000100000001000000010000000100000001000000010111111000000001011101010000000100000001000000010000000100000001000000010000000100000001000000010000000100000001000000010000000100000001000000010101110100000001000000010110110000000001000000010110011100000001000000010110011100000001000000010111100000000001000000010110110100000001000000010110011000000001000000010101011000000001000000010101101100000001000000010101110100000001000000010110001100000001000000010110111100000001000000010110111100000001000000010110100000000001000000010110011000000001000000010110110100000001000000010110111100000001000000010110110000000001000000010110010000000001000000010101100000000001000000010100100100000001000000010101000000000001000000010101011100000001000000010100011100000001000000010111010000000001000000010110100000000001000000010111001000000001000000010111010100000001000000010110111100000001000000010101001000000001000000010101100000000001000000010110110100000001000000010110000100000001000000010101110000000001000000010110010000000001000000010111000000000001000000010110101000000001000000010110011100000001000000010110111100000001000000010111100100000001000000010110101000000001000000010110101100000001000000010111001000000001000000010110101000000001000000010110101000000001000000010101100100000001000000010101010100000001000000010101111000000001000000010110111000000001000000010111100000000001000000010110110000000001000000010110110100000001000000010111100100000001000000010101010000000001000000010101101100000001000000010110001000000001000000010101110000000001000000010101101000000001000000010101010100000001000000010101001100000001011111000101001000000001011100110001100001011111001011010001010001010010001000100011001101101010001110110001111101010110001001110010000101011111001011110001010001011011001010010100001100000001011000010000000100000001000000010111110100000001000000010110001000000001000000010110001000000001000000010110100000000001000000010110101000000001000000010110101100000001000000010110100000000001000000010110010000000001000000010110001000000001000000010110101100000001000000010110111000000001000000010110110100000001000000010110101100000001000000010110001000000001000000010101111000000001000000010101001100000001000000010101000100000001000000010101100100000001000000010100011100000001000000010111010000000001000000010110100000000001000000010111001000000001000000010111010100000001000000010110111100000001000000010101001000000001000000010101100000000001000000010110110100000001000000010110000100000001000000010101110000000001000000010110010000000001000000010111000000000001000000010110101000000001000000010110011100000001000000010110111100000001000000010111100000000001000000010111000000000001000000010110111000000001000000010110110000000001000000010110001100000001000000010110110100000001000000010101110100000001000000010101001100000001000000010110000100000001000000010111000100000001000000010000000100000001000000010111010000000001000000010110111000000001000000010111001100000001000000010101110000000001000000010101100100000001000000010111000000000001000000010110110100000001000000010101000000000001000000010011110100000001011101000101000000000001000000010110001100000001000000010000000100000001000000010000000100000001000000010101000001011010001011110100010101010011001000110000000100000001000000010000000100000001000000010000000100000001000000010000000100000001000000010000000100000001000000010000000100000001010010110110100101110010001010010101101001011110000101100101111001011111000101110110110101101001001000100101101001001111000010110111010101100100001000010000000101101100001010100000000101101100001010100000000101100101001001100111101001011011000111000000000101101110001011010000000101101101001011000000000101110101001101000000000101101100001010110111101101100001000111110000000101101011001010000000000101101011001001110111111001010100000100010000000101011010000101110000000101110000001011100000000101101111001100010000000101100101001010010000000101011001000111100000000101001101000100110000000101011110001001100000000101100010001010010000000101110100001110010000000100000001010000110000000101110010001100110110001101011010000110100101010001010101000100110101000001011010000110000111110000000001010101010000000100000001000000010000000100000001000000010000000100000001000000010000000100000001000000010111101000000001000000010111100100000001000000010111011100000001000000010111111100000001000000010000000100000001000000010000000100000001000000010000000100000001000000010000000100000001000000010000000100000001000000010000000100000001000000010000000100000001000000010000000100000001000000010000000100000001000000010000000100000001000000010000000100000001000000010000000100000001000000010000000100000001000000010000000100000001000000010000000100000001000000010000000100000001000000010000000100000001000000010000000100000001000000010000000100000001000000010000000100000001000000010000000100000001000000010000000100000001000000010000000100000001000000010000000100000001000000010000000100000001000000010000000100000001000000010000000100000001000000010000000100000001000000010000000100000001000000010000000100000001000000010000000100000001000000010000000100000001000000010000000100000001000000010000000100000001000000010000000100000001000000010000000100000001000000010000000100000001000000010000000100000001000000010000000100000001000000010000000100000001000000010000000100000001000000010000000100000001000000010111110100000001000000010111111000000001000000010000000100000001000000010101101000000001000000010100001100000001000000010011111100000001000000010100000000000001000000010110011000000001000000010101010000000001000000010011111100000001000000010101100000000001000000010111110000000001000000010000000100000001000000010111000000000001000000010110011000000001000000010000000100000001000000010000000100000001000000010000000100000001000000010000000100000001000000010000000100000001000000010000000100000001000000010000000100000001000000010000000100000001000000010000000100000001000000010000000100000001000000010000000100000001000000010000000000000001000000010000000100000001000000010000000100000001000000010000000100000001000000010000000100000001000000010000000100000001000000010000000100000001000000010000000100000001000000010000000100000001000000010000000100000001000000010000000100000001000000010110010000000001000000010111011100000001000000010000000100000001000000010111110000000001000000010100111100000001000000010101001100000001000000010110111100000001000000010000000100000001000000010110010000000001000000010101010100000001000000010101011000000001000000010111010000000001000000010000000100000001000000010000000100000001000000010110100000000001000000010111001100000001000000010000000100000001000000010000000100000001000000010000000100000001000000010000000100000001000000010000000100000001000000010000000100000001000000010000000100000001000000010000000100000001000000010000000100000001000000010000000100000001000000010000000100000001000000010000000100000001000000010000000100000001000000010000000100000001000000010000000100000001000000010000000100000001000000010000000100000001000000010000000100000001000000010000000100000001000000010000000100000001000000010000000100000001000000010000000100000001000000010000000100000001000000010000000100000001000000010000000100000001000000010000000100000001000000010000000100000001000000010000000100000001000000010000000100000001000000010000000100000001000000010000000100000001000000010000000100000001000000010000000100000001000000010000000100000001000000010000000100000001000000010000000100000001000000010000000100000001000000010000000100000001000000010000000100000001000000010000000100000001000000010000000100000001000000010000000100000001000000010000000100000001000000010000000100000001000000010000000100000001000000010000000100000001000000010000000100000001000000010000000100000001000000010000000100000001000000010000000100000001000000010000000100000001000000010000000100000001000000010000000100000001000000010000000100000001000000010000000101101110000000010000000101100001000000010000000101011011000000010000000101110111000000010000000101110100000000010000000101110000000000010000000100000001000000010000000100000001000000010000000100000001000000010000000100000001000000010000000100000001000000010000000100000001000000010000000100000001000000010000000100000001000000010000000100000001000000010000000100000001000000010000000100000001000000010000000100000001000000010000000100000001000000010000000100000001000000010000000100000001000000010000000100000001000000010000000100000001000000010000000100000001000000010000000100000001000000010000000100000001000000010000000100000001000000010000000100000001000000010000000101111111000000010000000100000001000000010000000101111100000000010000000101111111000000010000000101100110000000010000000101100110000000010000000101110011000000010000000100000001000000010000000101111101000000010000000101111001000000010000000101110101000000010000000101110101000000010000000100000001000000010000000101111001000000010000000101101100000000010000000101111100000000010000000100000001000000010000000101101110000000010000000101101001000000010000000100000001000000010000000101110110000000010000000101101110000000010000000101111101000000010000000101111100000000010000000100000001000000010000000100000001000000010000000100000001000000010000000100000001000000010000000101101001000000010000000101101111000000010000000101110010000000010000000101110001000000010000000101101100000000010000000101011111000000010000000101100001000000010000000101010101000000010000000101001110000000010000000101010110000000010000000101011101000000010000000101101101000000010000000101101010000000010000000101101011000000010000000101100100000000010000000101101011000000010000000101101010000000010000000101011110000000010000000101101110000000010000000101111100000000010000000101111000000000010000000101110001000000010000000101100111000000010000000101101101000000010000000101101001000000010000000101011110000000010000000101100100000000010000000101101010000000010000000101101111000000010000000101101011000000010000000101101010000000010000000101101110000000010000000101101100000000010000000101100111000000010000000101101101000000010000000101110011000000010000000101101101000000010000000101101100000000010000000101110100000000010000000101110110000000010000000101011110000000010000000101010110000000010000000101100111000000010000000101111000000000010000000101111011000000010000000101110101000000010000000101110100000000010000000101110010000000010000000100000001000000010000000101101100000000010000000101100111000000010000000101100111000000010000000101110101000000010000000101100011000000010000000101101001000000010000000101011100000000010000000101101110000000010000000101100101000000010000000101011011000000010000000101100011000000010000000100100111011100110100001100100100011001000011011000101000010111010011000100100101010101100010101000110011011001000011100000101011011000000011010000011011010110010010101100100001011010010011101001100110000000010000000101111011000000010000000101101101000000010000000101100001000000010000000101001111000000010000000101001101000000010000000101011111000000010000000101110001000000010000000101110101000000010000000101101101000000010000000101100110000000010000000101100001000000010000000101110001000000010000000101100011000000010000000101101001000000010000000101110110000000010000000101110110000000010000000101101111000000010000000101100110000000010000000101101111000000010000000101101001000000010000000101011110000000010000000101100100000000010000000101101010000000010000000101101111000000010000000101101011000000010000000101101010000000010000000101101110000000010000000101101100000000010000000101100111000000010000000101101101000000010000000101110011000000010000000101101101000000010000000101101100000000010000000101110100000000010000000101110010000000010000000101100011000000010000000101011000000000010000000101011111000000010000000101110001000000010000000101111101000000010000000101111001000000010000000101110000000000010000000101111001000000010000000100000001000000010000000101101101000000010000000101101001000000010000000101110001000000010000000101110111000000010000000101101000000000010000000101100101000000010000000101100000000000010000000101101100000000010000000101011000000000010000000101010001000000010000000101100111000000010000000101101111000000010000000100000001000000010000000100000001000000010000000100000001000000010000000101110011000000010101100000000001000000010000000100000001000000010000000100000001000000010000000101111100000000010100100001011010011000010001111001011101011000100001110101011001010111010001101101011010010111000001101001100010011001000010001001100101011001110010010101011010010110100001101001110010011100100011001001111111011111110011111100000001000000010100000101110010011100110011001101101100011100000010111101100111011011100010101101100101011011100010101101110000011110100011010001101000011100110010110101100001011011000010011001010011010110010001001001101000011000000001101001100101010100100000111001111001010111100001101100000001011101110011010100000001011101100011011100000001011010110010111000000001011010100010110100000001011001010010100100000001010110010001111000000001011010100010111000000001011011010010111100000001011010010010101000000001011010000010100000000001011000100010000001110110010110010001011001101110010101000001000101110010011000010001111001011101010110000001100100000001000000010101011000000001000000010000000100000001000000010000000100000001000000010000000100000001000000010000000100000001000000010000000100000001000000010000000100000001000000010000000100000001000000010000000100000001000000010000000100000001000000010000000100000001000000010000000100000001000000010000000100000001000000010000000100000001000000010000000100000001000000010000000100000001000000010000000100000001000000010000000100000001000000010000000100000001000000010000000100000001000000010000000100000001000000010000000100000001000000010000000100000001000000010000000100000001000000010000000100000001000000010000000100000001000000010000000100000001000000010000000100000001000000010000000100000001000000010000000100000001000000010000000100000001000000010000000100000001000000010000000100000001000000010000000100000001000000010000000100000001000000010000000100000001000000010000000100000001000000010000000100000001000000010000000100000001000000010000000100000001000000010000000100000001000000010000000100000001000000010000000100000001000000010000000100000001000000010000000100000001000000010000000100000001000000010000000100000001000000010000000100000001000000010000000101111000000000010000000100000001000000010000000100000001000000010000000101011010000000010000000101000011000000010000000100110101000000010000000101000101000000010000000101100010000000010000000101010111000000010000000100111110000000010000000101001101000000010000000100000001000000010000000100000001000000010000000100000001000000010000000101101101000000010000000100000001000000010000000100000001000000010000000100000001000000010000000100000001000000010000000100000001000000010000000100000001000000010000000100000001000000010000000100000001000000010000000100000001000000010000000100000001000000010000000100000001000000010000000100000000000000010000000100000001000000010000000100000001000000010000000100000001000000010000000100000001000000010000000100000001000000010000000100000001000000010000000100000001000000010000000100000001000000010000000100000001000000010000000100000001000000010000000100000001000000010000000100000001000000010000000100000001000000010000000100000001000000010000000101101101000000010000000101101011000000010000000100000001000000010000000100000001000000010000000101111000000000010000000101011101000000010000000101101000000000010000000100000001000000010000000100000001000000010000000100000001000000010000000100000001000000010000000100000001000000010000000100000001000000010000000100000001000000010000000100000001000000010000000100000001000000010000000100000001000000010000000100000001000000010000000100000001000000010000000100000001000000010000000100000001000000010000000100000001000000010000000100000001000000010000000100000001000000010000000100000001000000010000000100000001000000010000000100000001000000010000000100000001000000010000000100000001000000010000000100000001000000010000000100000001000000010000000100000001000000010000000100000001000000010000000100000001000000010000000100000001000000010000000100000001000000010000000100000001000000010000000100000001000000010000000100000001000000010000000100000001000000010000000100000001000000010000000100000001000000010000000100000001000000010000000100000001000000010000000100000001000000010000000100000001000000010000000100000001000000010000000100000001000000010000000100000001000000010000000100000001000000010000000100000001000000010000000100000001000000010000000100000001000000010000000100000001000000010000000100000001000000010000000100000001000000010000000100000001000000010000000100000001000000010000000100000001000000010000000100000001000000010000000100000001000000010000000100000001000000010000000100000001000000010000000100000001000000010000000100000001000000010000000100000001000000010000000100000001011100010000000100000001011100100000000100000001011111110000000100000001000000010000000100000001011101010000000100000001011101000000000100000001000000010000000100000001000000010000000100000001000000010000000100000001000000010000000100000001000000010000000100000001000000010000000100000001000000010000000100000001000000010000000100000001000000010000000100000001000000010000000100000001000000010000000100000001000000010000000100000001000000010000000100000001000000010000000100000001000000010000000100000001000000010000000100000001000000010000000100000001011111000000000100000001000000010000000100000001000000010000000100000001011110010000000100000001011111100000000100000001011100100000000100000001010110000000000100000001011100100000000100000001000000010000000100000001011010100000000100000001010101100000000100000001011001000000000100000001011101010000000100000001011010110000000100000001011101000000000100000001011010100000000100000001011000100000000100000001011111010000000100000001010111010000000100000001011010110000000100000001011110100000000100000001011100000000000100000001011010010000000100000001011000100000000100000001010111100000000100000001011000110000000100000001011001110000000100000001011010110000000100000001011010010000000100000001011100010000000100000001010110110000000100000001010111110000000100000001011011010000000100000001011110100000000100000001011000110000000100000001010011100000000100000001010100110000000100000001011000110000000100000001011110000000000100000001011111100000000100000001011000100000000100000001011001000000000100000001011010110000000100000001011001110000000100000001011110100000000100000001011011010000000100000001011001010000000100000001010110100000000100000001011010010000000100000001011101100000000100000001011001110000000100000001011001110000000100000001010110010000000100000001010101000000000100000001011010100000000100000001000000010000000100000001011100110000000100000001010100100000000100000001011000110000000100000001011010100000000100000001010110100000000100000001010100010000000100000001011001000000000100000001011001010000000100000001010101000000000100000001011000000000000100000001011000100000000100000001011010110000000100000001011011110000000100000001011010100000000100000001011001110000000100000001011011010000000100000001011110100000000100000001011011000000000100000001011000010000000100000001011000010000000100000001011101010000000100000001011100100000000100000001011100000000000100000001011000100000000100000001010111100000000100000001011101000000000100000001010101110000000100000001011010010000000100000001011111000000000100000001011100110000000100000001011001110000000100000001011000100000000100000001010111000000000100000001011000100000000100000001010110000000000100000001011100110000000100000001001101100000000101010100000101110101101100101100001001000101101100101110001010110101110000110000001010110101011000101011001100110101111000110011001000100101001100100111001010010110000000110011000111010101111000110001010100010000000101101110000000010000000100000001000000010000000100000001011010000000000100000001011010010000000100000001011011000000000100000001011101100000000100000001011111000000000100000001011011010000000100000001010110110000000100000001010110100000000100000001011001010000000100000001011111010000000100000001011000000000000100000001011001110000000100000001010111010000000100000001010011010000000100000001011011100000000100000001000000010000000100000001011100110000000100000001010100100000000100000001011000110000000100000001011010100000000100000001010110100000000100000001010100010000000100000001011001000000000100000001011001010000000100000001010101000000000100000001011000000000000100000001011000100000000100000001011010110000000100000001011011110000000100000001011010100000000100000001011001110000000100000001011011010000000100000001011111100000000100000001011001010000000100000001010110010000000100000001011001100000000100000001011110110000000100000001011010110000000100000001011010000000000100000001011010000000000100000001010111110000000100000001011111100000000100000001010110110000000100000001011100100000000100000001000000010000000100000001011101100000000100000001011001110000000100000001011011000000000100000001010111000000000100000001011001100000000100000001010111000000000100000001010111110000000100000001011001100000000100000001011100000000000100000001000000010000000100000001000000010000000100000001000000010000000100000001000000010000000100000001000000010000000100000001011000010111100101001001010100010110000100101011010100010101110100100001010100100110001000100010010101010110011000100011010101000110010000100111011001000111011000111001011101000000000101001011000000010000000101011101000000010000000101111111000000010000000100000001000000010000000101111001000000010000000100000001000000010000000100000001000000010000000100000001000000010000000100000001000000010000000100000001000000010000000101111010000000010000000101101011000000010000000101111011000000010000000101111110000000010000000101010100011100010111110000110110011000110110011000100001011011010110011100100100011110000110100000100110000000010110011000100110000000010110110000101101000000010110110100101111000000010110100100101100000000010110011000101000000000010110111000101110000000010110101100101011000000010101100100010111000000010101110000011000000000010110010000100000000000010101010000010000000000010110100000100101011101010101011100010110011010110110000000100110011001000111010000111110000000010000000101111111000000010000000100000001000000010000000100000001000000010000000100000001010111100000000100000001000000010000000100000001011100000000000100000001011111000000000100000001000000010000000100000001000000010000000100000001000000010000000100000001000000010000000100000001000000010000000100000001000000010000000100000001000000010000000100000001000000010000000100000001000000010000000100000001000000010000000100000001000000010000000100000001000000010000000100000001000000010000000100000001000000010000000100000001000000010000000100000001000000010000000100000001000000010000000100000001000000010000000100000001000000010000000100000001000000010000000100000001000000010000000100000001000000010000000100000001000000010000000100000001000000010000000100000001000000010000000100000001000000010000000100000001000000010000000100000001000000010000000100000001000000010000000100000001000000010000000100000001000000010000000100000001000000010000000100000001000000010000000100000001000000010000000100000001000000010000000100000001000000010000000100000001000000010000000100000001000000010000000100000001000000010000000100000001000000010000000100000001000000010000000100000001000000010000000100000001000000010000000100000001010101100000000100000001010010110000000100000001010110100000000100000001011011000000000100000001011011000000000100000001010101000000000100000001011000000000000100000001000000010000000100000001000000010000000100000001000000010000000100000001000000010000000100000001000000010000000100000001000000010000000100000001000000010000000100000001000000010000000100000001000000010000000100000001000000010000000100000001000000010000000100000001000000010000000100000001000000010000000100000001000000010000000100000001000000010000000100000001000000000000000100000001000000010000000100000001000000010000000100000001000000010000000100000001000000010000000100000001000000010000000100000001000000010000000100000001000000010000000100000001000000010000000100000001000000010000000100000001000000010000000100000001000000010000000100000001000000010000000100000001000000010000000100000001000000010000000100000001000000010000000100000001000000010000000100000001000000010000000100000001000000010000000100000001011110100000000100000001011111110000000100000001000000010000000100000001000000010000000100000001000000010000000100000001000000010000000100000001000000010000000100000001000000010000000100000001000000010000000100000001000000010000000100000001000000010000000100000001000000010000000100000001000000010000000100000001000000010000000100000001000000010000000100000001000000010000000100000001000000010000000100000001000000010000000100000001000000010000000100000001000000010000000100000001000000010000000100000001000000010000000100000001000000010000000100000001000000010000000100000001000000010000000100000001000000010000000100000001000000010000000100000001000000010000000100000001000000010000000100000001000000010000000100000001000000010000000100000001000000010000000100000001000000010000000100000001000000010000000100000001000000010000000100000001000000010000000100000001000000010000000100000001000000010000000100000001000000010000000100000001000000010000000100000001000000010000000100000001000000010000000100000001000000010000000100000001000000010000000100000001000000010000000100000001000000010000000100000001000000010000000100000001000000010000000100000001000000010000000100000001000000010000000100000001000000010000000100000001000000010000000100000001000000010000000100000001000000010000000100000001000000010000000100000001000000010000000100000001000000010000000100000001000000010000000100000001000000010000000100000001000000010000000100000001000000010000000100000001000000010111000000000001000000010101111100000001000000010100110100000001000000010101100100000001000000010111011000000001000000010000000100000001000000010000000100000001000000010000000100000001000000010000000100000001000000010000000100000001000000010000000100000001000000010000000100000001000000010000000100000001000000010000000100000001000000010000000100000001000000010000000100000001000000010000000100000001000000010000000100000001000000010000000100000001000000010000000100000001000000010000000100000001000000010000000100000001000000010111011000000001000000010000000100000001000000010000000100000001000000010110100100000001000000010110011000000001000000010110111000000001000000010111110000000001000000010110000100000001000000010111001100000001000000010110100100000001000000010111011100000001000000010111010100000001000000010101100000000001000000010101111100000001000000010110011100000001000000010111100000000001000000010000000100000001000000010111010100000001000000010110001000000001000000010111000000000001000000010100100000000001011110100101010100000001000000010110110100000001000000010101101100000001000000010101011100000001000000010111000000000001000000010011111000000001011110110101110000000001000000010101011000000001000000010110011100000001000000010110001100000001000000010110000100000001000000010111101000000001000000010111010100000001000000010111011000000001000000010101111100000001000000010101101000000001000000010101100100000001000000010101011000000001000000010110010000000001000000010111001100000001000000010111010100000001000000010101110100000001000000010101101000000001000000010100101100000001000000010101100100000001000000010101111100000001000000010111011000000001000000010110110100000001000000010110101100000001000000010101100000000001000000010110010000000001000000010110011100000001000000010110111100000001000000010110011100000001000000010110010000000001000000010111100100000001000000010111001100000001000000010110000000000001000000010110010000000001000000010111001100000001000000010110101000000001000000010101101000000001000000010101000000000001000000010100101100000001000000010101100100000001000000010101110000000001000000010101001000000001000000010101101100000001000000010110001000000001000000010111000000000001000000010110010100000001000000010111001000000001000000010110100100000001000000010111011100000001000000010111011100000001000000010101010000000001000000010101100100000001000000010110010100000001000000010111000100000001000000010111100100000001000000010110101000000001000000010101110100000001000000010110100000000001000000010011100100000001011101010100111100000001000000010110111100000001000000010101100000000001000000010110011100000001000000010110110000000001000000010101111000000001000000010110000000000001000000010111010100000001000000010101001000000001011100100001011001011100001011010010000101011100001011110010100101011001001011110011001101011101001101000011010001011100001100110010111001010110001011010011000001011010001100010010101001011100001100100001101101010110001010100010100101101110010000010000000100000001000000010000000100000001000000010110011000000001000000010101101000000001000000010101011000000001000000010101011000000001000000010110000100000001000000010111101100000001000000010111000000000001000000010110101000000001000000010101101100000001000000010101101000000001000000010110011100000001000000010111000100000001000000010110010000000001000000010110010100000001000000010111100000000001000000010111001000000001000000010110000000000001000000010110010100000001000000010111010000000001000000010110101100000001000000010101101000000001000000010100111100000001000000010100101000000001000000010101011100000001000000010101110000000001000000010101001000000001000000010101101100000001000000010110001000000001000000010111000000000001000000010110010100000001000000010111001000000001000000010110100100000001000000010111100000000001000000010111000000000001000000010101011000000001000000010101100100000001000000010110111100000001000000010110101100000001000000010111110100000001000000010111011000000001000000010110001100000001000000010110110000000001000000010011111100000001011101010101001100000001000000010110011000000001000000010101110000000001000000010110001000000001000000010110011000000001000000010100110100000001000000010101110100000001000000010101010100000001000000010110001000000001000000010111111000000001000000010000000100000001000000010000000100000001000000010000000100000001000000010000000100000001000000010000000100000001000000010101100101110001010011100011101101010111001011000100100101100010001100000100110001100111001011110101101001111111010000010000000100000001011011010000000100000001011111100000000100000001000000010000000100000001000000010111011000000001011101100000000100000001000000010000000100000001000000010000000100000001000000010000000100000001000000010111101100000001000000010111110100000001000000010000000100000001000000010000000100000001000000010000000100000001000000010000000100000001000000010000000100000001000000010000000100000001000000010000000100000001000000010000000100000001000000010000000100000001000000010000000100000001011101110111001000000001010011010101010001100101001001010101110001100010001000010111000001101001001010100111111001101100001011010000000101101010001010110000000100000001010000010000000101100100001001010000000101011100000110110000000101010010000100000000000101100010000111100000000101010001000011000000000101001101000000010101100000011011011110110110001100101101010111010101101100101011010101000110110001000010000000010000000100000001000000010000000100000001000000010000000100000001011001110000000100000001011110010000000100000001010011110000000100000001010110010000000100000001000000010000000100000001000000010000000100000001000000010000000100000001000000010000000100000001000000010000000100000001000000010000000100000001000000010000000100000001000000010000000100000001000000010000000100000001000000010000000100000001000000010000000100000001000000010000000100000001000000010000000100000001000000010000000100000001000000010000000100000001000000010000000100000001000000010000000100000001000000010000000100000001000000010000000100000001000000010000000100000001000000010000000100000001000000010000000100000001000000010000000100000001000000010000000100000001000000010000000100000001000000010000000100000001000000010000000100000001000000010000000100000001000000010000000100000001000000010000000100000001000000010000000100000001000000010000000100000001000000010000000100000001000000010000000100000001000000010000000100000001000000010000000100000001000000010000000100000001000000010000000100000001000000010000000100000001000000010000000100000001000000010000000100000001000000010000000100000001000000010000000100000001000000010000000100000001011100110000000100000001011011110000000100000001011101100000000100000001011110110000000100000001011011110000000100000001000000010000000100000001000000010000000100000001000000010000000100000001000000010000000100000001000000010000000100000001000000010000000100000001000000010000000100000001000000010000000100000001000000010000000100000001000000010000000100000001000000010000000100000001000000010000000100000001000000010000000100000001000000010000000100000001000000010000000100000001000000010000000100000001000000000000000100000001000000010000000100000001000000010000000100000001000000010000000100000001000000010000000100000001000000010000000100000001000000010000000100000001000000010000000100000001000000010000000100000001000000010000000100000001000000010000000100000001000000010000000100000001000000010000000100000001000000010000000100000001000000010000000100000001000000010000000100000001011110000000000100000001000000010000000100000001000000010000000100000001011111010000000100000001011000000000000100000001011010000000000100000001000000010000000100000001000000010000000100000001000000010000000100000001011110110000000100000001000000010000000100000001000000010000000100000001000000010000000100000001000000010000000100000001000000010000000100000001000000010000000100000001000000010000000100000001000000010000000100000001000000010000000100000001000000010000000100000001000000010000000100000001000000010000000100000001000000010000000100000001000000010000000100000001000000010000000100000001000000010000000100000001000000010000000100000001000000010000000100000001000000010000000100000001000000010000000100000001000000010000000100000001000000010000000100000001000000010000000100000001000000010000000100000001000000010000000100000001000000010000000100000001000000010000000100000001000000010000000100000001000000010000000100000001000000010000000100000001000000010000000100000001000000010000000100000001000000010000000100000001000000010000000100000001000000010000000100000001000000010000000100000001000000010000000100000001000000010000000100000001000000010000000100000001000000010000000100000001000000010000000100000001000000010000000100000001000000010000000100000001000000010000000100000001000000010000000100000001000000010000000100000001000000010000000100000001000000010000000100000001000000010000000100000001000000010000000100000001000000010000000100000001000000010000000100000001000000010000000100000001000000010110110100000001000000010110010100000001000000010101110100000001000000010110110000000001000000010000000100000001000000010000000100000001000000010000000100000001000000010000000100000001000000010000000100000001000000010000000100000001000000010000000100000001000000010000000100000001000000010000000100000001000000010000000100000001000000010000000100000001000000010000000100000001000000010000000100000001000000010000000100000001000000010000000100000001000000010000000100000001000000010000000100000001000000010000000100000001000000010111000000000001000000010101000000000001011111010101001100000001000000010110111000000001000000010110011000000001000000010101011000000001000000010110000100000001000000010110100000000001000000010110110000000001000000010110110100000001000000010110000000000001000000010101101100000001000000010101011000000001000000010101010000000001000000010110001100000001000000010110001000000001000000010111010100000001000000010111101000000001000000010110111100000001000000010000000100000001000000010000000100000001000000010101111000000001000000010101011100000001000000010101111000000001000000010100111100000001000000010110111100000001000000010111000100000001000000010101100000000001000000010101110000000001000000010111001000000001000000010111101100000001000000010101001100000001000000010101101100000001000000010000000100000001000000010000000100000001000000010110110100000001000000010110011000000001000000010110100000000001000000010110010000000001000000010101110100000001000000010101011000000001000000010100111000000001000000010101100100000001000000010100110000000001000000010101010100000001000000010101100100000001000000010101111100000001000000010110001000000001000000010110101100000001000000010110000100000001000000010101001100000001000000010011011100000001011100100011101000000001011101000101110000000001000000010111101000000001000000010110101000000001000000010101110100000001000000010101111100000001000000010110100000000001000000010111111000000001000000010000000100000001000000010110101100000001000000010101110000000001000000010101111000000001000000010100111100000001000000010100000100000001011110110100100100000001000000010110011000000001000000010101100000000001000000010101110000000001000000010110010100000001000000010111010000000001000000010110110000000001000000010110110100000001000000010110011100000001000000010110100000000001000000010101101000000001000000010101001000000001000000010101111100000001000000010110011000000001000000010111001000000001000000010110111100000001000000010110100000000001000000010110111100000001000000010111100000000001000000010110000100000001000000010101001000000001000000010101110000000001000000010101110000000001000000010110111000000001000000010000000100000001000000010110111000000001000000010111010100000001000000010111101000000001000000010001011001011110001011110010101001101000001110100001110001010001001001010011001101011111001101100010110101010101001011000011101101100000001110000011000101010110001011100011110101100101001111000010011001010100001010100010001001011000001011010001101101011010001011100101100100000001011101010110111000000001000000010110000100000001000000010101011000000001000000010110011000000001000000010110000000000001000000010110001100000001000000010111010100000001000000010110000000000001000000010101000100000001000000010011110100000001011101110011110000000001011101100110000000000001000000010111011100000001000000010110100000000001000000010101110100000001000000010101101100000001000000010110110100000001000000010111111100000001000000010000000100000001000000010110101100000001000000010101110000000001000000010101111000000001000000010100111100000001000000010100000100000001011110110100100100000001000000010110011000000001000000010101100000000001000000010101110000000001000000010110010100000001000000010111010000000001000000010110110000000001000000010110110100000001000000010110011100000001000000010110010000000001000000010101101000000001000000010101010100000001000000010101010000000001000000010110000100000001000000010110110000000001000000010111000000000001000000010110001000000001000000010111001000000001000000010111100100000001000000010110001000000001000000010110000000000001000000010101001000000001000000010101010100000001000000010110111000000001000000010111010000000001000000010101111100000001000000010110011100000001000000010111110000000001000000010000000100000001000000010111100000000001000000010000000100000001000000010000000100000001000000010000000100000001000000010000000100000001000000010000000100000001000000010000000100000001000000010000000100000001000000010111010100000001011011100000000100000001000000010000000100000001000000010111010000000001011111010110110000000001011111110111001100000001000000010111110100000001000000010111100000000001000000010111011000000001000000010111010100000001000000010110010100000001000000010101100000000001000000010100100000000001011101010100010100000001011100010110110000000001000000010111101100000001000000010111011100000001000000010111001000000001000000010111011000000001000000010000000100000001000000010000000100000001000000010000000100000001000000010000000100000001000000010111110100000001000000010000000100000001000000010000000100000001011110100110101000000001010100010101101001110100001101000111001001111010001110110000000100000001010100100000000100000001010000100000000101100111001001110000000101010001000100100000000101010000000011110000000101100010001000000000000101011010000110100000000101101001001011000000000101100010001011000101111001000010000100110110111101100101001111010000000100000001000000010000000100000001000000010000000100000001000000010000000100000001000000010000000100000001000000010000000100000001000000010110011100000001000000010110111000000001000000010111000100000001000000010111000000000001000000010000000100000001000000010000000100000001000000010000000100000001000000010000000100000001000000010000000100000001000000010000000100000001000000010000000100000001000000010000000100000001000000010000000100000001000000010000000100000001000000010000000100000001000000010000000100000001000000010000000100000001000000010000000100000001000000010000000100000001000000010000000100000001000000010000000100000001000000010000000100000001000000010000000100000001000000010000000100000001000000010000000100000001000000010000000100000001000000010000000100000001000000010000000100000001000000010000000100000001000000010000000100000001000000010000000100000001000000010000000100000001000000010000000100000001000000010000000100000001000000010000000100000001000000010000000100000001000000010000000100000001000000010000000100000001000000010000000100000001000000010000000100000001000000010000000100000001000000010000000100000001000000010000000100000001000000010000000100000001000000010000000100000001000000010110011000000001000000010101101100000001000000010110101100000001000000010110110000000001000000010111001100000001000000010110010100000001000000010110101000000001000000010000000100000001000000010000000100000001000000010000000100000001000000010000000100000001000000010000000100000001000000010000000100000001000000010000000100000001000000010000000100000001000000010000000100000001000000010000000100000001000000010000000100000001000000010000000100000001000000010000000100000001000000010000000100000001000000010000000100000001000000010000000000000001000000010000000100000001000000010000000100000001000000010000000100000001000000010000000100000001000000010000000100000001000000010000000100000001000000010000000100000001000000010000000100000001000000010000000100000001000000010000000100000001000000010110010000000001000000010110111000000001000000010000000100000001000000010000000100000001000000010101111100000001000000010101011100000001000000010110100000000001000000010000000100000001000000010101100100000001000000010100110100000001000000010101010100000001000000010110010000000001000000010000000100000001000000010111011000000001000000010110010000000001000000010110100100000001000000010000000100000001000000010000000100000001000000010000000100000001000000010000000100000001000000010000000100000001000000010000000100000001000000010000000100000001000000010000000100000001000000010000000100000001000000010000000100000001000000010000000100000001000000010000000100000001000000010000000100000001000000010000000100000001000000010000000100000001000000010000000100000001000000010000000100000001000000010000000100000001000000010000000100000001000000010000000100000001000000010000000100000001000000010000000100000001000000010000000100000001000000010000000100000001000000010000000100000001000000010000000100000001000000010000000100000001000000010000000100000001000000010000000100000001000000010000000100000001000000010000000100000001000000010000000100000001000000010000000100000001000000010000000100000001000000010000000100000001000000010000000100000001000000010000000100000001000000010000000100000001000000010000000100000001000000010000000100000001000000010000000100000001000000010000000100000001000000010000000100000001000000010000000100000001000000010000000100000001000000010000000100000001000000010000000100000001000000010000000100000001000000010000000100000001000000010000000100000001000000010000000100000001000000010000000101110101000000010000000101011100000000010000000101101101000000010000000101110010000000010000000100000001000000010000000100000001000000010000000100000001000000010000000100000001000000010000000100000001000000010000000100000001000000010000000100000001000000010000000100000001000000010000000100000001000000010000000100000001000000010000000100000001000000010000000100000001000000010000000100000001000000010000000100000001000000010000000100000001000000010000000100000001000000010000000100000001000000010000000101101001000000010000000101100010000000010000000101010111000000010000000101001110000000010000000101010111000000010000000101010101000000010000000101100011000000010000000101110110000000010000000101101100000000010000000101101110000000010000000101011011000000010000000101011011000000010000000101010100000000010000000101100000000000010000000101100010000000010000000101110011000000010000000101110111000000010000000101100111000000010000000101111011000000010000000101101000000000010000000101100000000000010000000100000001000000010000000100000001000000010000000100000001000000010000000101111111000000010000000101011110000000010000000101010000000000010000000101101101000000010000000101100111000000010000000101100111000000010000000101010101000000010000000101101100000000010000000101110011000000010000000101010101000000010000000101100010000000010000000101100111000000010000000101011101000000010000000101100100000000010000000101100100000000010000000101100110000000010000000101011101000000010000000101100010000000010000000101011110000000010000000101001011000000010000000101011000000000010000000101101001000000010000000101110001000000010000000100000001000000010000000100000001000000010000000101110010000000010000000101011010000000010000000101011011000000010000000101100110000000010000000101010010000000010000000101010010000000010000000101101110000000010000000101110001000000010000000101011001000000010000000101100001000000010000000101010110000000010000000101011111000000010000000100000001000000010000000101101101000000010000000101010010000000010000000101010110000000010000000101010100000000010000000101000001000000010111101101000110000000010000000101001011000000010000000101100101000000010000000101101010000000010000000101110001000000010000000101101111000000010000000101110000000000010000000101101100000000010000000101100001000000010000000101011110000000010000000101011010000000010000000101011011000000010000000101110111000000010000000101111100000000010000000101101011000000010000000101101111000000010000000101011111000000010000000101011000000000010000000100000001000000010000000101111111000000010000000100000001000000010000000101111100000000010000000101011110000000010000000101011110000000010000000101111010000000010000000101111011000000010000000101101100000000010000000101111100000000010000000100101010011100100100010000101000011001110011101100100001010101100010101100111100011010100100000000100101010011110010011000110110010111100011010100110101010110100011001000110010010101110010111100111010010111110011100100101110010101110011000100100011010101010010110100100101010111010011010000110000011100000100011001101001000000010000000101111000000000010000000101110001000000010000000100000001000000010000000100000001000000010000000101110001000000010000000101011001000000010000000101011011000000010000000101100110000000010000000101010101000000010000000101010100000000010000000101101001000000010000000101101001000000010000000101011111000000010000000101101011000000010000000101010010000000010000000101011100000000010000000100000001000000010000000101101101000000010000000101010001000000010000000101010101000000010000000101010011000000010000000101000001000000010111101101000110000000010000000101001100000000010000000101100101000000010000000101101010000000010000000101110001000000010000000101101111000000010000000101110000000000010000000101101100000000010000000101100001000000010000000101011110000000010000000101011000000000010000000101011011000000010000000101110110000000010000000101110111000000010000000101101100000000010000000101110010000000010000000101100110000000010000000101011111000000010000000100000001000000010000000100000001000000010000000100000001000000010000000101111101000000010000000101011000000000010000000101011111000000010000000101101110000000010000000101100111000000010000000101011100000000010000000101011111000000010000000101101001000000010000000100000001000000010000000101100011000000010000000100000001000000010000000100000001000000010000000100000001000000010000000100000001000000010000000100000001000000010000000100000001000000010000000100000001000000010000000100000001000000010000000101111010000000010000000101100100000000010111111101100001000000010000000101111000000000010000000101111010000000010000000100000001000000010000000100000001000000010000000101110111000000010000000101100000000000010000000101100101000000010000000101101011000000010000000101011000000000010000000101010011000000010000000101111010000000010000000101110100000000010000000101011110000000010000000101101000000000010000000101100011000000010000000101100110000000010000000100000001000000010000000101111001000000010000000101101000000000010000000101101101000000010000000101101111000000010000000101101000000000010111100101101100000000010111010001111010000000010111001000000001000000010111100100000001000000010110010000000001000000010110110100000001011011110011001001101110010011010000111000000001010101000001011000000001010101110001100100000001010100100001011100000001011000010010111001111000010110000010110100000001000000010110000100000001000000010000000100000001000000010000000100000001000000010000000100000001000000010000000100000001000000010000000100000001000000010000000100000001000000010000000100000001000000010000000100000001000000010000000101110010000000010000000101111111000000010000000100000001000000010000000100000001000000010000000100000001000000010000000100000001000000010000000100000001000000010000000100000001000000010000000100000001000000010000000100000001000000010000000100000001000000010000000100000001000000010000000100000001000000010000000100000001000000010000000100000001000000010000000100000001000000010000000100000001000000010000000100000001000000010000000100000001000000010000000100000001000000010000000100000001000000010000000100000001000000010000000100000001000000010000000100000001000000010000000100000001000000010000000100000001000000010000000100000001000000010000000100000001000000010000000100000001000000010000000100000001000000010000000100000001000000010000000100000001000000010000000100000001000000010000000100000001000000010000000100000001000000010000000100000001000000010000000100000001000000010000000100000001000000010000000100000001000000010000000100000001000000010000000101110000000000010000000101111110000000010000000101001100000000010000000100111100000000010000000100110110000000010000000100111001000000010000000101010011000000010000000101001011000000010000000101000111000000010000000101011010000000010000000101110111000000010000000100000001000000010000000101101110000000010000000101110001000000010000000101111110000000010000000100000001000000010000000100000001000000010000000100000001000000010000000100000001000000010000000100000001000000010000000100000001000000010000000100000001000000010000000100000001000000010000000100000001000000010000000100000001000000010000000100000000000000010000000100000001000000010000000100000001000000010000000100000001000000010000000100000001000000010000000100000001000000010000000100000001000000010000000100000001000000010000000100000001000000010000000100000001000000010000000100000001000000010000000101100110000000010000000101110001000000010000000100000001000000010000000101111010000000010000000101010111000000010000000101010111000000010000000101101100000000010000000100000001000000010000000101011100000000010000000101010001000000010000000101010111000000010000000101101010000000010000000100000001000000010000000101110101000000010000000101100010000000010000000101110001000000010000000100000001000000010000000100000001000000010000000100000001000000010000000100000001000000010000000100000001000000010000000100000001000000010000000100000001000000010000000100000001000000010000000100000001000000010000000100000001000000010000000100000001000000010000000100000001000000010000000100000001000000010000000100000001000000010000000100000001000000010000000100000001000000010000000100000001000000010000000100000001000000010000000100000001000000010000000100000001000000010000000100000001000000010000000100000001000000010000000100000001000000010000000100000001000000010000000100000001000000010000000100000001000000010000000100000001000000010000000100000001000000010000000100000001000000010000000100000001000000010000000100000001000000010000000100000001000000010000000100000001000000010000000100000001000000010000000100000001000000010000000100000001000000010000000100000001000000010000000100000001000000010000000100000001000000010000000100000001000000010000000100000001000000010000000100000001000000010000000100000001000000010000000100000001000000010000000100000001000000010000000100000001000000010000000100000001000000010000000100000001000000010000000100000001000000010000000100000001000000010000000100000001000000010000000100000001000000010000000100000001011101000000000100000001000000010000000100000001000000010000000100000001000000010000000100000001000000010000000100000001000000010000000100000001000000010000000100000001000000010000000100000001000000010000000100000001000000010000000100000001000000010000000100000001000000010000000100000001000000010000000100000001000000010000000100000001000000010000000100000001000000010000000100000001000000010000000100000001000000010000000100000001000000010000000100000001000000010000000100000001011101000000000100000001011011000000000100000001010111010000000100000001010101000000000100000001010100010000000100000001011010010000000100000001011101100000000100000001011111100000000100000001000000010000000100000001011011010000000100000001011000110000000100000001010101000000000100000001011001000000000100000001011000100000000100000001000000010000000100000001000000010000000100000001000000010000000100000001011000110000000100000001011101100000000100000001011001010000000100000001011001000000000100000001011110110000000100000001010101110000000100000001011111000000000100000001000000010000000100000001011000010000000100000001011100110000000100000001011001100000000100000001010111110000000100000001011011100000000100000001011000010000000100000001010100000000000100000001010100000000000100000001011010100000000100000001011111000000000100000001010110100000000100000001010100100000000100000001011001100000000100000001010111100000000100000001010110100000000100000001010011000000000100000001010111100000000100000001011011110000000100000001010111110000000100000001011001100000000100000001011011010000000100000001011111100000000100000001000000010000000100000001011110000000000100000001011001010000000100000001011001100000000100000001011110010000000100000001000000010000000100000001011111000000000100000001000000010000000100000001000000010000000100000001011101010000000100000001011001100000000100000001011110010000000100000001010100110000000100000001010001000000000101111110011101100000000100000001011001100000000100000001010110010000000100000001010110110000000100000001010101100000000100000001010101100000000100000001010111110000000100000001010110000000000100000001011001110000000100000001011110110000000100000001000000010000000100000001000000010000000100000001011100010000000100000001011001000000000100000001010110000000000100000001011001010000000100000001011001110000000100000001011111000000000100000001000000010000000100000001011111000000000100000001011001100000000100000001011101010000000100000001011010000000000100000001011000110000000100000001011110110000000100000001010100100000000100000001011110110000000100000001011111100000000100000001011011000000000100000001011110000000000100000001011110110000000100000001011010010000000100000001000000010000000100000001010001000000000101011110000111100101110100110001000110100101000000100101001101010110001100111001001001110101000100101000001100000101100000101111001110000110000000110111001011100101011000101101001100000101100000101111001100000101010100101111001101010101110000110110001010000101010100101110001100010110010100111101001000010101110100110100011000100000000101111111000000010000000100000001000000010000000100000001000000010000000100000001000000010000000100000001011101000000000100000001011010110000000100000001000000010000000100000001000000010000000100000001011101000000000100000001000000010000000100000001000000010000000100000001011101010000000100000001011001110000000100000001011110100000000100000001010100010000000100000001010001100000000100000001011101110000000100000001011001100000000100000001010110010000000100000001010110100000000100000001010101010000000100000001010101100000000100000001010111110000000100000001010110000000000100000001011001110000000100000001011110110000000100000001000000010000000100000001000000010000000100000001011100010000000100000001011001000000000100000001010110000000000100000001011001010000000100000001011011000000000100000001011111010000000100000001000000010000000100000001011110010000000100000001011001010000000100000001011101000000000100000001011010000000000100000001011001010000000100000001011111000000000100000001010111100000000100000001011110100000000100000001011110110000000100000001011000000000000100000001011011010000000100000001011010100000000100000001011000100000000100000001011010010000000100000001010111110000000100000001010101000000000100000001010110000000000100000001000000010000000100000001000000010000000100000001000000010000000100000001000000010000000100000001000000010000000100000001011111010000000100000001011011100000000100000001011100100000000100000001000000010000000100000001011111100000000100000001011011100000000100000001010111110000000100000001011101010000000100000001011111010000000100000001011111110000000100000001011110000000000100000001011001000000000100000001011010100000000100000001000000010000000100000001000000010000000100000001011111100000000100000001000000010000000100000001000000010000000100000001000000010000000100000001011001010000000100000001011111000000000100000001010101010000000100000001010000100000000101111100011110010000000100000001011000010000000100000001010111010000000100000001010111110000000100000001010110010000000100000001011001000000000100000001011110100000000100000001000000010000000100000001000000010000000100000001000000010000000100000001000000010000000100000001011011100111100000111100011001100101111000100011011101110101110000100011000000010110010000101010000000010110001000101101011101010101100100110000000000010000000101100111000000010000000100000001000000010000000100000001000000010000000100000001000000010000000100000001000000010000000100000001000000010000000100000001000000010000000100000001000000010000000100000001000000010000000100000001000000010000000100000001011100000000000100000001000000010000000100000001000000010000000100000001000000010000000100000001000000010000000100000001000000010000000100000001000000010000000100000001000000010000000100000001000000010000000100000001000000010000000100000001000000010000000100000001000000010000000100000001000000010000000100000001000000010000000100000001000000010000000100000001000000010000000100000001000000010000000100000001000000010000000100000001000000010000000100000001000000010000000100000001000000010000000100000001000000010000000100000001000000010000000100000001000000010000000100000001000000010000000100000001000000010000000100000001000000010000000100000001000000010000000100000001000000010000000100000001000000010000000100000001000000010000000100000001000000010000000100000001000000010000000100000001000000010000000100000001000000010000000100000001000000010000000100000001000000010000000100000001000000010000000100000001000000010000000100000001011100110000000100000001011101010000000100000001011111110000000100000001010101110000000100000001001101010000000100000001001100100000000100000001010000110000000100000001010100100000000100000001010101000000000100000001010001110000000100000001010011010000000100000001000000010000000100000001000000010000000100000001011110110000000100000001010111100000000100000001011100110000000100000001000000010000000100000001000000010000000100000001000000010000000100000001000000010000000100000001000000010000000100000001000000010000000100000001000000010000000100000001000000010000000100000001000000010000000100000001000000010000000100000001000000000000000100000001000000010000000100000001000000010000000100000001000000010000000100000001000000010000000100000001000000010000000100000001000000010000000100000001000000010000000100000001000000010000000100000001000000010000000100000001000000010000000100000001000000010000000100000001000000010000000100000001000000010000000100000001000000010000000100000001000000010000000100000001011100110000000100000001000000010000000100000001000000010000000100000001011101010000000100000001011001000000000100000001011010100000000100000001000000010000000100000001000000010000000100000001000000010000000100000001000000010000000100000001000000010000000100000001000000010000000100000001000000010000000100000001000000010000000100000001000000010000000100000001000000010000000100000001000000010000000100000001000000010000000100000001000000010000000100000001000000010000000100000001000000010000000100000001000000010000000100000001000000010000000100000001000000010000000100000001000000010000000100000001000000010000000100000001000000010000000100000001000000010000000100000001000000010000000100000001000000010000000100000001000000010000000100000001000000010000000100000001000000010000000100000001000000010000000100000001000000010000000100000001000000010000000100000001000000010000000100000001000000010000000100000001000000010000000100000001000000010000000100000001000000010000000100000001000000010000000100000001000000010000000100000001000000010000000100000001000000010000000100000001000000010000000100000001000000010000000100000001000000010000000100000001000000010000000100000001000000010000000100000001000000010000000100000001000000010000000100000001000000010000000100000001000000010000000100000001000000010000000100000001000000010000000100000001000000010000000100000001000000010000000100000001000000010000000100000001000000010000000100000001000000010000000100000001000000010000000100000001000000010111111100000001000000010110111000000001000000010111110000000001000000010000000100000001000000010000000100000001000000010000000100000001000000010000000100000001000000010000000100000001000000010000000100000001000000010000000100000001000000010000000100000001000000010000000100000001000000010000000100000001000000010000000100000001000000010000000100000001000000010000000100000001000000010000000100000001000000010000000100000001000000010000000100000001000000010000000100000001000000010000000100000001000000010111001000000001000000010000000100000001000000010000000100000001000000010111010000000001000000010110110100000001000000010110110000000001000000010111011100000001000000010111101100000001000000010000000100000001000000010111000000000001000000010110101100000001000000010110001000000001000000010111101100000001000000010000000100000001000000010000000100000001000000010110111000000001000000010101011100000001000000010101101100000001000000010111001100000001000000010110001100000001000000010101101100000001000000010101110000000001000000010011111000000001011110000110101000000001000000010111011100000001000000010110110000000001000000010000000100000001000000010110101100000001000000010110000100000001000000010111000100000001000000010000000100000001000000010110000100000001000000010101100000000001000000010000000100000001000000010000000100000001000000010101101100000001000000010101011100000001000000010101110000000001000000010101000000000001000000010101111000000001000000010110100100000001000000010111100100000001000000010000000100000001000000010111000100000001000000010110011000000001000000010110001100000001000000010111000000000001000000010111101100000001000000010111111100000001000000010111001100000001000000010110111100000001000000010110101100000001000000010110110000000001000000010111100000000001000000010000000100000001000000010000000100000001000000010111001100000001000000010110011000000001000000010110101000000001000000010101010000000001000000010110000100000001000000010000000100000001000000010111100000000001000000010111000000000001000000010111000000000001000000010111101100000001000000010111011000000001000000010110011100000001000000010110111000000001000000010111000000000001000000010111110100000001000000010000000100000001000000010000000100000001000000010111011100000001000000010110011100000001000000010110001100000001000000010111110100000001000000010111111100000001000000010000000100000001000000010111010100000001000000010101011000000001000000010101011100000001000000010110111000000001000000010110100100000001000000010110010000000001000000010101101100000001000000010011111000000001011110000111001000000001000000010111000100000001000000010111100100000001000000010000000100000001000000010111000000000001000000010111000100000001000000010110110000000001000000010001110001011101001011110011001001101001001111000010010101010011001010000010111001010110001011010011100001011101001101010010111101010111001011100011001001011100001100110011001001011100001100110010111101011001001100000011000001011000001011110011000101011001001100000011000101011010001101000010101001011001001100100010000001011000001011110011111000000001010110000110100000000001000000010111100100000001000000010000000100000001000000010000000100000001000000010111001100000001000000010110000100000001000000010110110100000001000000010110111000000001000000010111100100000001000000010000000100000001000000010000000100000001000000010111001100000001000000010101111100000001000000010110011000000001000000010101100000000001000000010110001100000001000000010000000100000001000000010111100000000001000000010111000000000001000000010111000100000001000000010111101100000001000000010111011100000001000000010110011100000001000000010110111000000001000000010111000000000001000000010111110100000001000000010000000100000001000000010000000100000001000000010111011100000001000000010110011100000001000000010110001100000001000000010111110100000001000000010111100000000001000000010000000100000001000000010111100000000001000000010101100100000001000000010101100100000001000000010111000100000001000000010110011000000001000000010101011100000001000000010101011000000001000000010100011000000001011111010110111100000001000000010111010000000001000000010110111100000001000000010111101100000001000000010110100100000001000000010110000100000001000000010111101100000001000000010000000100000001000000010110010100000001000000010110000000000001000000010000000100000001000000010000000100000001000000010000000100000001000000010111010000000001000000010111101000000001000000010101111000000001000000010101101000000001000000010110010100000001000000010000000100000001000000010000000100000001000000010111100000000001000000010110000000000001000000010101110000000001000000010110100100000001000000010111101000000001000000010000000100000001000000010110110000000001000000010101110000000001000000010110110100000001000000010111000100000001000000010111101000000001000000010000000100000001000000010111111000000001000000010111000100000001000000010101101100000001000000010110110100000001000000010101100000000001000000010101100100000001000000010111101000000001000000010111000000000001000000010110101000000001000000010111000100000001000000010000000100000001000000010000000100000001000000010000000100000001000000010111100000000001000000010000000100000001000000010000000100000001000000010000000100000001000000010000000100000001000000010000000100000001011011000110111101110101001111100101110001010010000111000111100001101000001110010000000100000001011110100000000100000001000000010000000100000001000000010000000100000001000000010000000100000001000000010000000100000001000000010000000100000001000000010000000100000001000000010000000100000001000000010000000100000001000000010000000100000001000000010000000100000001000000010000000100000001000000010000000100000001000000010111010000000001000000010111011000000001000000010000000100000001000000010000000100000001000000010000000100000001000000010000000100000001000000010000000100000001000000010000000100000001000000010000000100000001000000010000000100000001000000010000000100000001000000010000000100000001000000010000000100000001000000010000000100000001000000010000000100000001000000010000000100000001000000010000000100000001000000010000000100000001000000010000000100000001000000010000000100000001000000010000000100000001000000010000000100000001000000010000000100000001000000010000000100000001000000010000000100000001000000010000000100000001000000010000000100000001000000010000000100000001000000010000000100000001000000010000000100000001000000010000000100000001000000010000000100000001000000010000000100000001000000010000000100000001000000010000000100000001000000010000000100000001000000010000000100000001000000010000000100000001000000010000000100000001000000010000000100000001000000010000000100000001000000010111000100000001000000010110010000000001000000010111000000000001000000010111010000000001000000010111101100000001000000010110100100000001000000010111010000000001000000010000000100000001000000010000000100000001000000010000000100000001000000010000000100000001000000010000000100000001000000010000000100000001000000010000000100000001000000010000000100000001000000010000000100000001000000010000000100000001000000010000000100000001000000010000000100000001000000010000000100000001000000010000000100000001000000010000000100000001000000010000000000000001000000010000000100000001000000010000000100000001000000010000000100000001000000010000000100000001000000010000000100000001000000010000000100000001000000010000000100000001000000010000000100000001000000010000000100000001000000010000000100000001000000010000000100000001000000010000000100000001000000010000000100000001000000010000000100000001000000010000000100000001000000010000000100000001000000010000000100000001000000010000000100000001000000010000000100000001000000010000000100000001000000010000000100000001000000010000000100000001000000010000000100000001000000010000000100000001000000010000000100000001000000010000000100000001000000010000000100000001000000010000000100000001000000010000000100000001000000010000000100000001000000010000000100000001000000010000000100000001000000010000000100000001000000010000000100000001000000010000000100000001000000010000000100000001000000010000000100000001000000010000000100000001000000010000000100000001000000010000000100000001000000010000000100000001000000010000000100000001000000010000000100000001000000010000000100000001000000010000000100000001000000010000000100000001000000010000000100000001000000010000000100000001000000010000000100000001000000010000000100000001000000010000000100000001000000010000000100000001000000010000000100000001000000010000000100000001000000010000000100000001000000010000000100000001000000010000000100000001000000010000000100000001000000010000000100000001000000010000000100000001000000010000000100000001000000010000000100000001000000010000000100000001000000010000000100000001000000010000000100000001000000010000000100000001000000010000000100000001000000010000000100000001000000010000000100000001000000010000000100000001000000010000000100000001000000010000000100000001000000010000000100000001000000010000000100000001000000010000000100000001000000010000000100000001000000010000000100000001000000010000000101111000000000010000000101110000000000010000000101101001000000010000000101111111000000010000000100000001000000010000000100000001000000010000000100000001000000010000000100000001000000010000000100000001000000010000000100000001000000010000000100000001000000010000000100000001000000010000000100000001000000010000000100000001000000010000000100000001000000010000000100000001000000010000000100000001000000010000000100000001000000010000000100000001000000010000000101110100000000010000000100000001000000010000000100000001000000010000000101111111000000010000000101110101000000010000000101111001000000010000000101110010000000010000000101100110000000010000000101110011000000010000000101111110000000010000000101111000000000010000000101111000000000010000000101110001000000010000000101111001000000010000000100000001000000010000000101110110000000010000000101111011000000010000000101100000000000010000000101100000000000010000000101101000000000010000000101100010000000010000000101011010000000010000000101100010000000010000000101011001000000010000000101010101000000010000000101101011000000010000000101100100000000010000000101101000000000010000000101110100000000010000000101101011000000010000000101010011000000010000000101110001000000010000000100000001000000010000000101111101000000010000000101110001000000010000000100000001000000010000000100000001000000010000000101100111000000010000000101011100000000010000000101100111000000010000000101010101000000010000000101100111000000010000000101111100000000010000000101111010000000010000000101110110000000010000000101101100000000010000000101100000000000010000000101001101000000010000000101011011000000010000000101110001000000010000000100000001000000010000000101110100000000010000000101010011000000010000000101000111000000010111111101011010000000010000000101011110000000010000000101110101000000010000000101100111000000010000000101100101000000010000000101100101000000010000000101100001000000010000000101011110000000010000000101111101000000010000000101110111000000010000000101101100000000010000000101110111000000010000000101111011000000010000000101111110000000010000000101111111000000010000000101110101000000010000000101111011000000010000000101101010000000010000000101110101000000010000000101101110000000010000000101110000000000010000000101101011000000010000000101110010000000010000000101111000000000010000000101111100000000010000000101101111000000010000000101110100000000010000000101011011000000010000000101011101000000010000000101101010000000010000000101100110000000010000000101010111000000010000000101011000000000010000000101011001000000010000000101011100000000010000000101101010000000010000000101101100000000010000000101101110000000010000000100000001000000010000000101111110000000010000000101100000000000010000000100101010011011100011111100011010010100110010011000110011011000010011011000111001011000010011011100110101010110000011000000111100010111110011011100110110010111100011010100101011010101110010111000101111010110110011001000110000010111000011001100101101010101010010110000111000010111010011010100110000010101110011000100101010010101100010111100100011010101110010111100011111011000010011011101010011000000010111100101100100000000010000000101111001000000010000000100000001000000010000000101111100000000010000000101100010000000010000000101000111000000010111110101011011000000010000000101100100000000010000000101110010000000010000000101100010000000010000000101100011000000010000000101100100000000010000000101100100000000010000000101100101000000010000000101110101000000010000000101110110000000010000000101101100000000010000000101110111000000010000000101111100000000010000000101111111000000010000000101111111000000010000000101110101000000010000000101111010000000010000000101101010000000010000000101110101000000010000000101101110000000010000000101110000000000010000000101101011000000010000000101110010000000010000000101111000000000010000000101111100000000010000000101110110000000010000000101110101000000010000000101011000000000010000000101010100000000010000000101100111000000010000000101100111000000010000000101100011000000010000000101100111000000010000000101011100000000010000000101010110000000010000000101101100000000010000000101100010000000010000000101101010000000010000000101111001000000010000000101100000000000010000000101010001000000010000000101101110000000010000000100000001000000010000000100000001000000010000000101111111000000010000000100000001000000010000000100000001000000010000000101110111000000010000000101100001000000010000000101101000000000010000000101011100000000010000000101110000000000010000000101101110000000010000000100000001000000010000000100000001000000010000000101011110000000010000000101100011000000010000000101001011000000010000000101010000000000010000000101100101000000010000000100000001000000010000000101111000000000010000000101011000000000010000000101001100000000010000000101001111000000010000000101100001000000010000000101110001000000010000000101100011000000010000000101011101000000010000000101011111000000010000000101010111000000010000000101011110000000010000000101110101000000010000000101100110000000010000000101100110000000010000000101110101000000010000000101111111000000010000000101111111000000010000000100000001000000010000000101111101000000010000000100000001000000010000000101101100000000010000000100000001000000010000000100000001000000010000000100000001000000010000000100000001000000010000000100000001000000010111110101101110000000010101000100000001000000010000000100000001000000010000000100000001000000010000000100000001000000010000000100000001000000010000000100000001000000010000000100000001000000010000000100000001000000010000000100000001000000010000000100000001000000010000000100000001000000010000000100000001000000010000000100000001000000010000000100000001000000010000000101111100000000010000000101101111000000010000000101011110000000010000000100000001000000010000000100000001000000010000000100000001000000010000000100000001000000010000000100000001000000010000000100000001000000010000000100000001000000010000000100000001000000010000000100000001000000010000000100000001000000010000000100000001000000010000000100000001000000010000000100000001000000010000000100000001000000010000000100000001000000010000000100000001000000010000000100000001000000010000000100000001000000010000000100000001000000010000000100000001000000010000000100000001000000010000000100000001000000010000000100000001000000010000000100000001000000010000000100000001000000010000000100000001000000010000000100000001000000010000000100000001000000010000000100000001000000010000000100000001000000010000000100000001000000010000000100000001000000010000000100000001000000010000000100000001000000010000000100000001000000010000000100000001000000010000000100000001000000010000000100000001000000010000000100000001000000010000000100000001000000010000000101110111000000010000000101110010000000010000000100000001000000010000000100000001000000010000000101110010000000010000000100000001000000010000000100000001000000010000000100000001000000010000000100000001000000010000000100000001000000010000000100000001000000010000000100000001000000010000000100000001000000010000000100000001000000010000000100000001000000010000000100000001000000010000000100000001000000010000000100000001000000010000000100000001000000010000000100000001000000010000000100000001000000010000000100000000000000010000000100000001000000010000000100000001000000010000000100000001000000010000000100000001000000010000000100000001000000010000000100000001000000010000000100000001000000010000000100000001000000010000000100000001000000010000000100000001000000010000000100000001000000010000000100000001000000010000000100000001000000010000000100000001000000010000000101111011000000010000000101110111000000010000000100000001000000010000000100000001000000010000000100000001000000010000000101100011000000010000000101101000000000010000000100000001000000010000000100000001000000010000000100000001000000010000000101111000000000010000000100000001000000010000000100000001000000010000000100000001000000010000000100000001000000010000000100000001000000010000000100000001000000010000000100000001000000010000000100000001000000010000000100000001000000010000000100000001000000010000000100000001000000010000000100000001000000010000000100000001000000010000000100000001000000010000000100000001000000010000000100000001000000010000000100000001000000010000000100000001000000010000000100000001000000010000000100000001000000010000000100000001000000010000000100000001000000010000000100000001000000010000000100000001000000010000000100000001000000010000000100000001000000010000000100000001000000010000000100000001000000010000000100000001000000010000000100000001000000010000000100000001000000010000000100000001000000010000000100000001000000010000000100000001000000010000000100000001000000010000000100000001000000010000000100000001000000010000000100000001000000010000000100000001000000010000000100000001000000010000000100000001000000010000000100000001000000010000000100000001000000010000000100000001000000010000000100000001000000010000000100000001000000010000000100000001000000010000000100000001000000010000000100000001000000010000000100000001000000010000000100000001011100000000000100000001011101100000000100000001000000010000000100000001000000010000000100000001000000010000000100000001000000010000000100000001000000010000000100000001000000010000000100000001000000010000000100000001000000010000000100000001000000010000000100000001000000010000000100000001000000010000000100000001000000010000000100000001000000010000000100000001000000010000000100000001000000010000000100000001000000010000000100000001000000010000000100000001000000010000000100000001011010010000000100000001010100110000000100000001010111100000000100000001011000100000000100000001010111010000000100000001010111000000000100000001011010000000000100000001011011000000000100000001011001110000000100000001011011110000000100000001010110110000000100000001011001010000000100000001010110110000000100000001011010100000000100000001011010110000000100000001011001110000000100000001010110100000000100000001010101110000000100000001011000100000000100000001000000010000000100000001000000010000000100000001011011010000000100000001010111100000000100000001011001000000000100000001011100000000000100000001011001010000000100000001010110100000000100000001010010010000000100000001010111010000000100000001011011100000000100000001011011010000000100000001010100110000000100000001011001100000000100000001011101000000000100000001011001000000000100000001010101100000000100000001011000010000000100000001011100000000000100000001011001010000000100000001010111110000000100000001011001000000000100000001010101010000000100000001010101110000000100000001011000100000000100000001011000010000000100000001011010110000000100000001000000010000000100000001000000010000000100000001011010010000000100000001011001000000000100000001010101100000000100000001010110010000000100000001011110110000000100000001000000010000000100000001011101000000000100000001011010100000000100000001011001100000000100000001011010100000000100000001011000110000000100000001011100010000000100000001011110110000000100000001011011100000000100000001010111110000000100000001011010110000000100000001010101000000000100000001010100000000000100000001010111010000000100000001010111100000000100000001010101010000000100000001011001100000000100000001011100000000000100000001011000000000000100000001010111110000000100000001011011010000000100000001010111110000000100000001010111100000000100000001010111100000000100000001011010100000000100000001011101110000000100000001011001100000000100000001010110100000000100000001010110100000000100000001010111100000000100000001000000010000000100000001000000010000000100000001011010110000000100000001010110010000000100000001011011010000000100000001011100110000000100000001011010110000000100000001010100110000000100000001010110010000000100000001011000000000000100000001000000010000000100000001011110100000000100000001001011100111100101001011001000100110001000110100001001100101101100101111001011000101011100101100001101000101100000101110001110110101110100110101001010010100101100100011001110000110000000110111001011010101100100110000001010010101011100101101001100000101110000110011001010100101001000101001001111000110000100111001001100010101011000101110001100010101101100110010001010110101110100110101000111000101110000110010001111000000000101100000011001100000000100000001010110010000000100000001010111010000000100000001011101110000000100000001000000010000000100000001011100110000000100000001011011010000000100000001010111100000000100000001011010000000000100000001011000110000000100000001011101100000000100000001011111010000000100000001011010100000000100000001011000010000000100000001011010100000000100000001010101000000000100000001010100000000000100000001010111010000000100000001010111100000000100000001010101010000000100000001011001010000000100000001011011110000000100000001010111110000000100000001010111110000000100000001011011010000000100000001010111110000000100000001010111100000000100000001010111100000000100000001011010100000000100000001011101110000000100000001011001100000000100000001010101110000000100000001010100110000000100000001011000010000000100000001000000010000000100000001000000010000000100000001011010010000000100000001010110010000000100000001011010100000000100000001011101100000000100000001011010000000000100000001010111110000000100000001010010100000000101111111010111110000000100000001011100110000000100000001011010000000000100000001010110000000000100000001010110010000000100000001011101010000000100000001011110010000000100000001011000110000000100000001011011100000000100000001011011110000000100000001011100000000000100000001011010010000000100000001011110010000000100000001010110110000000100000001011011010000000100000001011001010000000100000001011000000000000100000001011011110000000100000001000000010000000100000001000000010000000100000001011001000000000100000001011010110000000100000001011000110000000100000001010110100000000100000001011101000000000100000001000000010000000100000001011100100000000100000001011000110000000100000001011010010000000100000001011010100000000100000001011001010000000100000001011101100000000100000001000000010000000100000001011000100000000100000001010111010000000100000001011011010000000100000001010110100000000100000001010011110000000100000001010111100000000100000001010111000000000100000001010100110000000100000001011000000000000100000001011010000000000100000001011001100000000100000001010101000000000100000001011101000000000100000001011010000000000100000001011011000000000100000001000000010000000100000001000000010000000100000001000000010000000100000001000000010000000100000001000000010000000100000001000000010000000100000001000000010000000100000001000000010000000100000001000000010000000100000001000000010000000100000001000000010000000100000001000000010000000100000001000000010000000100000001000000010000000100000001000000010000000100000001000000010000000100000001000000010000000100000001000000010000000100000001011110110000000100000001011000110000000100000001000000010000000100000001000000010000000100000001000000010000000100000001000000010000000100000001000000010000000100000001000000010000000100000001000000010000000100000001000000010000000100000001000000010000000100000001000000010000000100000001000000010000000100000001000000010000000100000001000000010000000100000001000000010000000100000001000000010000000100000001000000010000000100000001000000010000000100000001000000010000000100000001000000010000000100000001000000010000000100000001000000010000000100000001000000010000000100000001000000010000000100000001000000010000000100000001000000010000000100000001000000010000000100000001000000010000000100000001000000010000000100000001000000010000000100000001000000010000000100000001000000010000000100000001000000010000000100000001000000010000000100000001000000010000000100000001000000010000000100000001000000010000000100000001000000010000000100000001000000010000000100000001000000010000000100000001010100000000000100000001010010100000000100000001011000010000000100000001011011010000000100000001011101010000000100000001010110100000000100000001010111100000000100000001000000010000000100000001000000010000000100000001000000010000000100000001000000010000000100000001000000010000000100000001000000010000000100000001000000010000000100000001000000010000000100000001000000010000000100000001000000010000000100000001000000010000000100000001000000010000000100000001000000010000000100000001000000010000000100000001000000010000000100000001000000000000000100000001000000010000000100000001000000010000000100000001000000010000000100000001000000010000000100000001000000010000000100000001000000010000000100000001000000010000000100000001000000010000000100000001000000010000000100000001000000010000000100000001011110000000000100000001011111010000000100000001000000010000000100000001000000010000000100000001011001110000000100000001011010010000000100000001011110110000000100000001000000010000000100000001011010110000000100000001011001100000000100000001011010110000000100000001011100110000000100000001000000010000000100000001000000010000000100000001011100100000000100000001011110000000000100000001000000010000000100000001000000010000000100000001000000010000000100000001000000010000000100000001000000010000000100000001000000010000000100000001000000010000000100000001000000010000000100000001000000010000000100000001000000010000000100000001000000010000000100000001000000010000000100000001000000010000000100000001000000010000000100000001000000010000000100000001000000010000000100000001000000010000000100000001000000010000000100000001000000010000000100000001000000010000000100000001000000010000000100000001000000010000000100000001000000010000000100000001000000010000000100000001000000010000000100000001000000010000000100000001000000010000000100000001000000010000000100000001000000010000000100000001000000010000000100000001000000010000000100000001000000010000000100000001000000010000000100000001000000010000000100000001000000010000000100000001000000010000000100000001000000010000000100000001000000010000000100000001000000010000000100000001000000010000000100000001000000010000000100000001000000010000000100000001000000010000000100000001000000010000000100000001000000010000000100000001000000010000000100000001000000010000000100000001000000010000000100000001000000010000000100000001000000010111100000000001000000010111010100000001000000010000000100000001000000010000000100000001000000010000000100000001000000010000000100000001000000010000000100000001000000010000000100000001000000010000000100000001000000010000000100000001000000010000000100000001000000010000000100000001000000010000000100000001000000010000000100000001000000010000000100000001000000010000000100000001000000010000000100000001000000010000000100000001000000010111010100000001000000010000000100000001000000010000000100000001000000010101110100000001000000010110001000000001000000010111001000000001000000010110011100000001000000010101101100000001000000010110011100000001000000010110110100000001000000010110001100000001000000010110111000000001000000010110111100000001000000010111000000000001000000010110011100000001000000010101101100000001000000010110010100000001000000010101110000000001000000010110110000000001000000010101011100000001000000010110110000000001000000010000000100000001000000010000000100000001000000010101110100000001000000010110010000000001000000010111101000000001000000010000000100000001000000010111101000000001000000010111001000000001000000010110110000000001000000010111010100000001000000010000000100000001000000010111100100000001000000010111000000000001000000010111110000000001000000010111110000000001000000010110110000000001000000010101100100000001000000010101110000000001000000010110111000000001000000010110010000000001000000010110010100000001000000010111000000000001000000010111011000000001000000010111010100000001000000010111001100000001000000010110110000000001000000010111000100000001000000010000000100000001000000010111011000000001000000010110010000000001000000010111011100000001000000010111100000000001000000010110000100000001000000010110111100000001000000010110011100000001000000010111001000000001000000010000000100000001000000010000000100000001000000010000000100000001000000010111110100000001000000010111011000000001000000010110000100000001000000010100100100000001000000010101111100000001000000010000000100000001000000010000000100000001000000010110011000000001000000010101001100000001000000010111001000000001000000010111101000000001000000010101111100000001000000010110010000000001000000010111010100000001000000010110010000000001000000010110100100000001000000010110000000000001000000010110111000000001000000010110010100000001000000010101010000000001000000010110010100000001000000010101110000000001000000010110100100000001000000010101010000000001000000010101111000000001000000010000000100000001000000010000000100000001000000010110000000000001000000010101101100000001000000010000000100000001000000010111110100000001000000010111011000000001000000010111111000000001000000010111001100000001000000010111110100000001000000010000000100000001000000010101000100000001011100000001001001010111001010100011000101101001001111100010001101010100001010000011001001011010001100010011010101011000001100000011011101011001001100010011111001100001001110010010101101010011001010100011000001011100001100110010101101011001001011110010110101011001001100000011010001011100001100110011000001011000001011110011011101011111001101100010101001010100001010110011010001100011001111000010000101011110001100100000111101100000001011110000000100000001000000010111100000000001000000010111011000000001000000010110100100000001000000010110010100000001000000010111100000000001000000010000000100000001000000010000000100000001000000010000000100000001000000010111110000000001000000010111011100000001000000010110010100000001000000010100010100000001000000010101101100000001000000010000000100000001000000010000000100000001000000010110100100000001000000010101011000000001000000010111001000000001000000010111100100000001000000010101111000000001000000010110000100000001000000010111001100000001000000010110001000000001000000010110011100000001000000010101111000000001000000010110110000000001000000010110001100000001000000010101010000000001000000010110010100000001000000010101110000000001000000010110011100000001000000010101100000000001000000010110011100000001000000010111111100000001000000010000000100000001000000010101111100000001000000010110000000000001000000010111101000000001000000010000000100000001000000010111101000000001000000010111001100000001000000010110101100000001000000010111111000000001000000010000000100000001000000010111110000000001000000010110101100000001000000010111100100000001000000010111101100000001000000010111000100000001000000010110001000000001000000010110101100000001000000010111010100000001000000010110010000000001000000010110010100000001000000010111111000000001000000010111101000000001000000010111000000000001000000010111111100000001000000010110111000000001000000010111010000000001000000010000000100000001000000010111010000000001000000010110100000000001000000010111101100000001000000010111011100000001000000010110001100000001000000010110100000000001000000010110110100000001000000010110110100000001000000010000000100000001000000010000000100000001000000010000000100000001000000010111011000000001000000010111010100000001000000010101111100000001000000010100111000000001000000010110000100000001000000010000000100000001000000010000000100000001000000010110010100000001000000010101101100000001000000010110110100000001000000010111100100000001000000010110010000000001000000010101011000000001000000010111000000000001000000010101110000000001000000010110010100000001000000010110110000000001000000010111101100000001000000010101111000000001000000010111011000000001000000010111010100000001000000010111101100000001000000010000000100000001000000010000000100000001000000010000000100000001000000010000000100000001000000010000000100000001000000010000000100000001000000010000000100000001000000010000000100000001000000010000000100000001000000010000000100000001000000010000000100000001000000010000000100000001000000010000000100000001000000010000000100000001000000010000000100000001000000010000000100000001000000010000000100000001000000010000000100000001000000010000000100000001000000010000000100000001000000010000000100000001000000010000000100000001000000010000000100000001000000010000000100000001000000010000000100000001000000010000000100000001000000010000000100000001000000010000000100000001000000010000000100000001000000010000000100000001000000010000000100000001000000010000000100000001000000010000000100000001000000010000000100000001000000010000000100000001000000010000000100000001000000010000000100000001000000010000000100000001000000010000000100000001000000010000000100000001000000010000000100000001000000010000000100000001000000010000000100000001000000010000000100000001000000010000000100000001000000010000000100000001000000010000000100000001000000010000000100000001000000010000000100000001000000010000000100000001000000010000000100000001000000010111110000000001000000010111111100000001000000010000000100000001000000010101101100000001000000010100010000000001000000010011101100000001000000010100011100000001000000010110010000000001000000010101101000000001000000010100010100000001000000010101001000000001000000010000000100000001000000010000000100000001000000010111101100000001000000010111001000000001000000010000000100000001000000010000000100000001000000010000000100000001000000010000000100000001000000010000000100000001000000010000000100000001000000010000000100000001000000010000000100000001000000010000000100000001000000010000000100000001000000010000000100000001000000010000000000000001000000010000000100000001000000010000000100000001000000010000000100000001000000010000000100000001000000010000000100000001000000010000000100000001000000010000000100000001000000010000000100000001000000010000000100000001000000010000000100000001000000010111111100000001000000010000000100000001000000010000000100000001000000010000000100000001000000010110110100000001000000010110100100000001000000010111101000000001000000010000000100000001000000010110101000000001000000010110011100000001000000010110110100000001000000010111010100000001000000010000000100000001000000010000000100000001000000010111100000000001000000010111110100000001000000010000000100000001000000010000000100000001000000010000000100000001000000010000000100000001000000010000000100000001000000010000000100000001000000010000000100000001000000010000000100000001000000010000000100000001000000010000000100000001000000010000000100000001000000010000000100000001000000010000000100000001000000010000000100000001000000010000000100000001000000010000000100000001000000010000000100000001000000010000000100000001000000010000000100000001000000010000000100000001000000010000000100000001000000010000000100000001000000010000000100000001000000010000000100000001000000010000000100000001000000010000000100000001000000010000000100000001000000010000000100000001000000010000000100000001000000010000000100000001000000010000000100000001000000010000000100000001000000010000000100000001000000010000000100000001000000010000000100000001000000010000000100000001000000010000000100000001000000010000000100000001000000010000000100000001000000010000000100000001000000010000000100000001000000010000000100000001000000010000000100000001000000010000000100000001000000010000000100000001000000010000000100000001000000010000000100000001000000010000000100000001000000010000000101111111000000010000000100000001000000010000000100000001000000010000000100000001000000010000000100000001000000010000000100000001000000010000000100000001000000010000000100000001000000010000000100000001000000010000000100000001000000010000000100000001000000010000000100000001000000010000000100000001000000010000000100000001000000010000000100000001000000010000000100000001000000010000000100000001000000010000000100000001000000010000000101101001000000010000000100000001000000010000000100000001000000010000000100000001000000010000000101111000000000010000000101100001000000010000000101101001000000010000000101111001000000010000000101110110000000010000000101110001000000010000000101011111000000010000000101010100000000010000000101101100000000010000000100000001000000010000000101111111000000010000000101100100000000010000000101101011000000010000000101110000000000010000000101110100000000010000000101111111000000010000000101110010000000010000000101110100000000010000000101110100000000010000000101011111000000010000000101101001000000010000000101101111000000010000000101101111000000010000000101110001000000010000000101111010000000010000000101111100000000010000000101101100000000010000000101110101000000010000000100000001000000010000000101101010000000010000000101110101000000010000000101110001000000010000000101101000000000010000000101110000000000010000000101100101000000010000000101101000000000010000000101111010000000010000000101101100000000010000000101011010000000010000000101101011000000010000000101111001000000010000000101111011000000010000000101111011000000010000000101110011000000010000000101110101000000010000000100000001000000010000000100000001000000010000000101110100000000010000000100000001000000010000000101011110000000010000000101011110000000010000000101100010000000010000000101100101000000010000000101111000000000010000000101111111000000010000000101111010000000010000000101101101000000010000000101010000000000010000000101100101000000010000000101100010000000010000000101100011000000010000000101011100000000010000000101110111000000010000000100000001000000010000000101101111000000010000000101100100000000010000000101100101000000010000000101111000000000010000000101110110000000010000000101101111000000010000000101101001000000010000000101010011000000010000000101101000000000010000000100000001000000010000000101111111000000010000000101100101000000010000000101101011000000010000000101110110000000010000000101110110000000010000000100000001000000010000000101110000000000010000000101110111000000010000000101110100000000010000000101100010000000010000000101101010000000010000000101110110000000010000000101101110000000010000000101100100000000010000000101111000000000010000000100000001000000010000000101110100000000010000000100000001000000010000000101110111000000010000000100011111011000110011010000011101010110000010110000101000010110000010111000101110010110000010111100110010010110010011001100110100010110010011001100110100010110010011001100110100010110010011001100110000010110010011001100110001010110100011010000101011010101110010111000110000010110100011000100110100010111100011010100101011010101010010110000110010010111000011001100110000010111000011001100101111010111010011001100011100010100100010011100011100011000100011001101010010000000010111001001111011000000010000000101101010000000010000000101110010000000010000000101110011000000010000000101101010000000010000000101111001000000010000000100000001000000010000000101011101000000010000000101011011000000010000000101100001000000010000000101011101000000010000000101101011000000010000000101100010000000010000000101101110000000010000000100000001000000010000000101110010000000010000000101100110000000010000000101100101000000010000000101111000000000010000000101110111000000010000000101101110000000010000000101100111000000010000000101010011000000010000000101100101000000010000000100000001000000010000000101111110000000010000000101101000000000010000000101100110000000010000000101110100000000010000000101111001000000010000000101111111000000010000000101110011000000010000000101110101000000010000000101110100000000010000000101011111000000010000000101101011000000010000000101110001000000010000000101110001000000010000000101110011000000010000000101111011000000010000000101111011000000010000000101110010000000010000000101110011000000010000000100000001000000010000000101110001000000010000000101101111000000010000000101110011000000010000000101101111000000010000000101110000000000010000000101100111000000010000000101110101000000010000000100000001000000010000000101101100000000010000000101011011000000010000000101101110000000010000000101111101000000010000000101111010000000010000000101110101000000010000000101101011000000010000000101111011000000010000000100000001000000010000000101111110000000010000000101110010000000010000000101111100000000010000000101100001000000010000000101100010000000010000000101100011000000010000000101100110000000010000000101110111000000010000000100000001000000010000000101111100000000010000000101101111000000010000000101010010000000010000000101100101000000010000000101100010000000010000000101100100000000010000000101011100000000010000000101110111000000010000000100000001000000010000000101101100000000010000000101011110000000010000000101101101000000010000000101111111000000010000000101111010000000010000000101101110000000010000000101101111000000010000000101011011000000010000000101011011000000010000000100000001000000010000000100000001000000010000000101100110000000010000000101110000000000010000000100000001000000010000000101111100000000010000000100000001000000010000000100000001000000010000000100000001000000010000000100000001000000010000000100000001000000010000000100000001000000010000000100000001000000010000000100000001000000010000000100000001000000010000000100000001000000010000000100000001000000010000000100000001000000010000000100000001000000010000000100000001000000010000000100000001000000010000000100000001000000010000000100000001000000010000000101111110000000010000000100000001000000010000000100000001000000010000000100000001000000010000000100000001000000010000000100000001000000010000000100000001000000010000000100000001000000010000000100000001000000010000000100000001000000010000000100000001000000010000000100000001000000010000000100000001000000010000000100000001000000010000000100000001000000010000000100000001000000010000000100000001000000010000000100000001000000010000000100000001000000010000000100000001000000010000000100000001000000010000000100000001000000010000000100000001000000010000000100000001000000010000000100000001000000010000000100000001000000010000000100000001000000010000000100000001000000010000000100000001000000010000000100000001000000010000000100000001000000010000000100000001000000010000000100000001000000010000000100000001000000010000000101111010000000010000000100000001000000010000000100000001000000010000000101011100000000010000000101000111000000010000000101000001000000010000000101001011000000010000000101100100000000010000000101011100000000010000000101001101000000010000000101011001000000010000000100000001000000010000000100000001000000010000000101111100000000010000000101110011000000010000000100000001000000010000000100000001000000010000000100000001000000010000000100000001000000010000000100000001000000010000000100000001000000010000000100000001000000010000000100000001000000010000000100000001000000010000000100000001000000010000000100000001000000010000000100000000000000010000000100000001000000010000000100000001000000010000000100000001000000010000000100000001000000010000000100000001000000010000000100000001000000010000000100000001000000010000000100000001000000010000000100000001000000010000000100000001000000010000000100000001000000010000000100000001000000010000000100000001000000010000000100000001000000010000000100000001000000010000000101111001000000010000000100000001000000010000000100000001000000010000000100000001000000010000000101101110000000010000000101110010000000010000000100000001000000010000000100000001000000010000000100000001000000010000000101111110000000010000000100000001000000010000000100000001000000010000000100000001000000010000000100000001000000010000000100000001000000010000000100000001000000010000000100000001000000010000000100000001000000010000000100000001000000010000000100000001000000010000000100000001000000010000000100000001000000010000000100000001000000010000000100000001000000010000000100000001000000010000000100000001000000010000000100000001000000010000000100000001000000010000000100000001000000010000000100000001000000010000000100000001000000010000000100000001000000010000000100000001000000010000000100000001000000010000000100000001000000010000000100000001000000010000000100000001000000010000000100000001000000010000000100000001000000010000000100000001000000010000000100000001000000010000000100000001000000010000000100000001000000010000000100000001000000010000000100000001000000010000000100000001000000010000000100000001000000010000000100000001000000010000000100000001000000010000000100000001000000010000000100000001000000010000000100000001000000010000000100000001000000010000000100000001000000010000000100000001000000010000000100000001000000010000000100000001000000010000000100000001000000010000000100000001000000010000000100000001011100000000000100000001011010110000000100000001011110110000000100000001000000010000000100000001000000010000000100000001000000010000000100000001000000010000000100000001000000010000000100000001000000010000000100000001000000010000000100000001000000010000000100000001000000010000000100000001000000010000000100000001000000010000000100000001000000010000000100000001000000010000000100000001000000010000000100000001000000010000000100000001000000010000000100000001011110110000000100000001011100110000000100000001000000010000000100000001011001100000000100000001011010110000000100000001011110000000000100000001000000010000000100000001000000010000000100000001010010100000000100000001010011110000000100000001011011000000000100000001011000110000000100000001011110100000000100000001000000010000000100000001011101100000000100000001011101100000000100000001011111000000000100000001000000010000000100000001000000010000000100000001011111110000000100000001011111110000000100000001011100110000000100000001011010110000000100000001011011100000000100000001011011010000000100000001011010000000000100000001011001110000000100000001011111100000000100000001011100000000000100000001011010110000000100000001011011110000000100000001011100000000000100000001011110000000000100000001011110010000000100000001010011000000000100000001011001100000000100000001010111110000000100000001011000110000000100000001011111110000000100000001011111110000000100000001011010000000000100000001010110000000000100000001011001110000000100000001011100000000000100000001011010000000000100000001010111100000000100000001010110100000000100000001011000010000000100000001011011110000000100000001011100000000000100000001011000110000000100000001011000110000000100000001011000000000000100000001011111010000000100000001011111010000000100000001011110100000000100000001011101110000000100000001010111100000000100000001010110010000000100000001010011110000000100000001011111110000000100000001011100110000000100000001011100010000000100000001011010100000000100000001011100100000000100000001011011100000000100000001011101100000000100000001011010100000000100000001011010110000000100000001011110110000000100000001000000010000000100000001000000010000000100000001010101010000000100000001010000010000000101111000011010110000000100000001011011010000000100000001011110000000000100000001000000010000000100000001011101010000000100000001011110010000000100000001011100000000000100000001000000010000000100000001000000010000000100000001011110100000000100000001000000010000000100000001011101000000000100000001011010110000000100000001011101100000000100000001011011100000000100000001011010000000000100000001011011100000000100000001000000010000000100000001011011100000000100000001000000010000000100000001011101010000000100000001001011100111001001000011001001110110001000110101001010010101110000110000001011110101101100110100001101000101101100110101001101000101101100110101001101000101101100110101001100100101100100110011001100010101100000110010001011110101100000110010001100000101100100110011001100000101101000110001001100010101101100110010001100110101110100110100001010110101010100101100001011100101101000110001001011010101100100110000001011010101100100110000001000010101001100101001001010110110101100111101000100100101110000101100011101100000000100000001011111010000000100000001000000010000000100000001011110000000000100000001000000010000000100000001011001010000000100000001010101010000000100000001010110100000000100000001011110100000000100000001011110100000000100000001011011000000000100000001011010110000000100000001011001110000000100000001011010000000000100000001011110010000000100000001011011000000000100000001011010110000000100000001011111100000000100000001000000010000000100000001000000010000000100000001010101000000000100000001010000100000000101111010011000110000000100000001011100000000000100000001011100110000000100000001000000010000000100000001011011010000000100000001011110110000000100000001011011100000000100000001000000010000000100000001000000010000000100000001000000010000000100000001000000010000000100000001011101010000000100000001011011010000000100000001011100000000000100000001011011100000000100000001011010100000000100000001011001100000000100000001011110110000000100000001011100100000000100000001011100110000000100000001011011110000000100000001011100000000000100000001011110110000000100000001011100000000000100000001010110010000000100000001010111110000000100000001011000110000000100000001011010000000000100000001011101000000000100000001000000010000000100000001011011000000000100000001010110100000000100000001010111000000000100000001011100100000000100000001011001010000000100000001011000000000000100000001010110000000000100000001011000100000000100000001011100110000000100000001011011110000000100000001011000010000000100000001010111000000000100000001011000000000000100000001011110110000000100000001011110010000000100000001011110010000000100000001011110100000000100000001011001010000000100000001010111010000000100000001010100110000000100000001000000010000000100000001011101010000000100000001011100110000000100000001011011000000000100000001011100100000000100000001011011010000000100000001011101100000000100000001011010010000000100000001011011100000000100000001000000010000000100000001000000010000000100000001000000010000000100000001010111110000000100000001010011100000000101111111011000100000000100000001000000010000000100000001000000010000000100000001011001000000000100000001011110100000000100000001011011110000000100000001011111000000000100000001000000010000000100000001000000010000000100000001000000010000000100000001000000010000000100000001000000010000000100000001000000010000000100000001000000010000000100000001000000010000000100000001000000010000000100000001000000010000000100000001000000010000000100000001000000010000000100000001000000010000000100000001000000010000000100000001000000010000000100000001000000010000000100000001000000010000000100000001011100100000000100000001011110010000000100000001011111000000000100000001000000010000000100000001000000010000000100000001000000010000000100000001000000010000000100000001000000010000000100000001000000010000000100000001000000010000000100000001000000010000000100000001000000010000000100000001000000010000000100000001000000010000000100000001000000010000000100000001000000010000000100000001000000010000000100000001000000010000000100000001000000010000000100000001000000010000000100000001000000010000000100000001000000010000000100000001000000010000000100000001000000010000000100000001000000010000000100000001000000010000000100000001000000010000000100000001000000010000000100000001000000010000000100000001000000010000000100000001000000010000000100000001000000010000000100000001000000010000000100000001000000010000000100000001000000010000000100000001000000010000000100000001000000010000000100000001000000010000000100000001000000010000000100000001010110010000000100000001010100100000000100000001011010000000000100000001011011110000000100000001011110000000000100000001011000100000000100000001011001010000000100000001000000010000000100000001000000010000000100000001000000010000000100000001000000010000000100000001000000010000000100000001000000010000000100000001000000010000000100000001000000010000000100000001000000010000000100000001000000010000000100000001000000010000000100000001000000010000000100000001000000010000000100000001000000010000000100000001000000010000000100000001000000000000000100000001000000010000000100000001000000010000000100000001000000010000000100000001000000010000000100000001000000010000000100000001000000010000000100000001000000010000000100000001000000010000000100000001000000010000000100000001000000010000000100000001000000010000000100000001000000010000000100000001000000010000000100000001000000010000000100000001000000010000000100000001000000010000000100000001000000010000000100000001000000010000000100000001000000010000000100000001000000010000000100000001000000010000000100000001000000010000000100000001000000010000000100000001000000010000000100000001000000010000000100000001000000010000000100000001000000010000000100000001000000010000000100000001000000010000000100000001000000010000000100000001000000010000000100000001000000010000000100000001000000010000000100000001000000010000000100000001000000010000000100000001000000010000000100000001000000010000000100000001000000010000000100000001000000010000000100000001000000010000000100000001000000010000000100000001000000010000000100000001000000010000000100000001000000010000000100000001000000010000000100000001000000010000000100000001000000010000000100000001000000010000000100000001000000010000000100000001000000010000000100000001000000010000000100000001000000010000000100000001000000010000000100000001000000010000000100000001000000010000000100000001000000010000000100000001000000010000000100000001000000010000000100000001000000010000000100000001000000010000000100000001000000010000000100000001000000010000000100000001000000010000000100000001000000010000000100000001000000010000000100000001000000010000000100000001000000010000000100000001000000010000000100000001000000010000000100000001000000010000000100000001000000010000000100000001000000010000000100000001000000010000000100000001000000010000000100000001000000010000000100000001000000010000000100000001000000010000000100000001000000010000000100000001000000010000000100000001000000010000000100000001000000010000000100000001000000010000000100000001000000010000000100000001000000010000000100000001000000010000000100000001000000010000000100000001000000010000000100000001000000010000000100000001000000010000000100000001000000010000000100000001000000010000000100000001000000010000000100000001000000010000000100000001000000010111011000000001000000010111000000000001000000010110001000000001000000010110000100000001000000010110111000000001000000010111000000000001000000010000000100000001000000010000000100000001000000010101010000000001000000010100010000000001011110110111001000000001000000010110010100000001000000010101111000000001000000010110011000000001000000010111011000000001000000010111100000000001000000010111000100000001000000010111000000000001000000010111001000000001000000010110000100000001000000010110110000000001000000010110101000000001000000010110010100000001000000010101101000000001000000010101110000000001000000010101110000000001000000010110111000000001000000010000000100000001000000010000000100000001000000010111101000000001000000010110010100000001000000010101001000000001000000010110011000000001000000010110010100000001000000010100101100000001000000010111000000000001000000010110101100000001000000010110011100000001000000010000000100000001000000010111101100000001000000010110011100000001000000010110001000000001000000010000000100000001000000010000000100000001000000010000000100000001000000010111010000000001000000010111001000000001000000010111000000000001000000010110110100000001000000010110011000000001000000010110001000000001000000010110010100000001000000010101110100000001000000010110010000000001000000010110010100000001000000010110111100000001000000010111010100000001000000010111010000000001000000010000000100000001000000010111000100000001000000010000000100000001000000010111111100000001000000010110111000000001000000010111010100000001000000010110111100000001000000010101111000000001000000010110011000000001000000010101111100000001000000010110001100000001000000010111011100000001000000010000000100000001000000010000000100000001000000010101010000000001000000010100101000000001000000010111000100000001000000010110100000000001000000010101111000000001000000010110001100000001000000010111011100000001000000010111010100000001000000010110110000000001000000010111000100000001000000010111001100000001000000010110011100000001000000010111010100000001000000010110100100000001000000010101110100000001000000010110010000000001000000010101100000000001000000010101111100000001000000010111100100000001000000010000000100000001000000010000000100000001000000010000000100000001000000010100011000000001010111110001010101010101001001110010110001100011001101100011000001100001001101010010111101011000001100100011000101011000001100100011001001011001001100110011001001011001001100110011000101011000001100100011000101011000001100100011000001011001001100110011000101011010001101000011000001011010001100010011000001011010001100010011001001011100001100110010111001011000001011110011000101011011001100100011000001011010001100010011001101011101001101000010110001011100001100100001110101011011001011010001011001011111001011010101001000000001011011100111011000000001000000010111101000000001000000010111010000000001000000010110100100000001000000010110110100000001000000010111110100000001000000010111001100000001000000010111110100000001000000010111101100000001000000010111100100000001000000010110110000000001000000010110101100000001000000010110010000000001000000010110011100000001000000010110000000000001000000010110010000000001000000010111100000000001000000010000000100000001000000010000000100000001000000010101010000000001000000010100101000000001000000010111001000000001000000010110000100000001000000010110010000000001000000010110000000000001000000010111011000000001000000010111001000000001000000010111010100000001000000010110101100000001000000010111010100000001000000010110010000000001000000010110111000000001000000010110110000000001000000010110011100000001000000010101110000000001000000010101111000000001000000010101111000000001000000010111010100000001000000010000000100000001000000010000000100000001000000010111100100000001000000010101110100000001000000010101000100000001000000010110101000000001000000010110100000000001000000010101001100000001000000010110011000000001000000010111000000000001000000010111001100000001000000010111000000000001000000010000000100000001000000010110101000000001000000010110001000000001000000010111110100000001000000010000000100000001000000010000000100000001000000010111100100000001000000010110111000000001000000010110011100000001000000010110111100000001000000010110010000000001000000010101101100000001000000010101101100000001000000010101110000000001000000010110011000000001000000010110011100000001000000010111000100000001000000010111010100000001000000010111001100000001000000010000000100000001000000010111001100000001000000010000000100000001000000010000000100000001000000010111000000000001000000010111011100000001000000010110111100000001000000010101110100000001000000010110000000000001000000010101101100000001000000010110100100000001000000010111110000000001000000010000000100000001000000010000000100000001000000010101110100000001000000010100010000000001011101100111010000000001000000010110001000000001000000010101111000000001000000010111011100000001000000010110110100000001000000010111010100000001000000010111000100000001000000010111011100000001000000010111110100000001000000010111110000000001000000010000000100000001000000010000000100000001000000010000000100000001000000010000000100000001000000010000000100000001000000010000000100000001000000010000000100000001000000010000000100000001000000010000000100000001000000010000000100000001000000010000000100000001000000010000000100000001000000010000000100000001000000010000000100000001000000010110000100000001000000010000000100000001000000010000000100000001000000010000000100000001000000010000000100000001000000010000000100000001000000010000000100000001000000010000000100000001000000010000000100000001000000010000000100000001000000010000000100000001000000010000000100000001000000010000000100000001000000010000000100000001000000010000000100000001000000010000000100000001000000010000000100000001000000010000000100000001000000010000000100000001000000010000000100000001000000010000000100000001000000010000000100000001000000010000000100000001000000010000000100000001000000010000000100000001000000010000000100000001000000010000000100000001000000010000000100000001000000010000000100000001000000010000000100000001000000010000000100000001000000010000000100000001000000010000000100000001000000010000000100000001000000010000000100000001000000010000000100000001000000010000000100000001000000010000000100000001000000010000000100000001000000010000000100000001000000010111101000000001000000010111000100000001000000010111111100000001000000010000000100000001000000010111011100000001000000010000000100000001000000010000000100000001000000010000000100000001000000010000000100000001000000010000000100000001000000010000000100000001000000010000000100000001000000010000000100000001000000010000000100000001000000010000000100000001000000010000000100000001000000010000000100000001000000010000000100000001000000010000000100000001000000010000000100000001000000010000000100000001000000010000000000000001000000010000000100000001000000010000000100000001000000010000000100000001000000010000000100000001000000010000000100000001000000010000000100000001000000010000000100000001000000010000000100000001000000010000000100000001000000010000000100000001000000010000000100000001000000010000000100000001000000010000000100000001000000010000000100000001000000010000000100000001000000010000000100000001000000010000000100000001000000010000000100000001000000010000000100000001000000010111110100000001000000010111110000000001000000010000000100000001000000010000000100000001000000010000000100000001000000010000000100000001000000010000000100000001000000010000000100000001000000010000000100000001000000010000000100000001000000010000000100000001000000010000000100000001000000010000000100000001000000010000000100000001000000010000000100000001000000010000000100000001000000010000000100000001000000010000000100000001000000010000000100000001000000010000000100000001000000010000000100000001000000010000000100000001000000010000000100000001000000010000000100000001000000010000000100000001000000010000000100000001000000010000000100000001000000010000000100000001000000010000000100000001000000010000000100000001000000010000000100000001000000010000000100000001000000010000000100000001000000010000000100000001000000010000000100000001000000010000000100000001000000010000000100000001000000010000000100000001000000010000000100000001000000010000000100000001000000010000000100000001000000010000000100000001000000010000000100000001000000010000000100000001000000010000000100000001000000010000000100000001000000010000000100000001000000010000000100000001000000010000000100000001000000010000000100000001000000010000000100000001000000010000000100000001000000010000000100000001000000010000000100000001000000010000000100000001000000010000000100000001000000010000000100000001000000010000000100000001000000010000000100000001000000010000000100000001000000010000000100000001000000010000000100000001000000010000000100000001000000010000000100000001000000010000000100000001000000010000000100000001000000010000000100000001000000010000000100000001000000010000000100000001000000010000000100000001000000010000000100000001000000010000000100000001000000010000000101110111000000010000000100000001000000010000000101110101000000010000000101011111000000010000000101010110000000010000000101101010000000010000000101101000000000010000000101001110000000010000000101100001000000010000000100000001000000010000000101101100000000010000000101000101000000010111110001011010000000010000000101011011000000010000000101010110000000010000000101101011000000010000000101111111000000010000000101100011000000010000000101010110000000010000000101110001000000010000000101100011000000010000000101010000000000010000000101011101000000010000000101011011000000010000000101001011000000010000000101000111000000010111110001010011000000010000000101010011000000010000000101100011000000010000000101101011000000010000000100000001000000010000000101111011000000010000000101100011000000010000000101010101000000010000000101011011000000010000000101100100000000010000000101100000000000010000000101101000000000010000000101110110000000010000000101100110000000010000000101101000000000010000000101111000000000010000000101101111000000010000000101110000000000010000000100000001000000010000000100000001000000010000000100000001000000010000000100000001000000010000000101111111000000010000000101110110000000010000000101101011000000010000000101101000000000010000000101100001000000010000000101101011000000010000000101110000000000010000000101110010000000010000000101100101000000010000000101100000000000010000000101011110000000010000000101101110000000010000000101110011000000010000000101110100000000010000000101100111000000010000000101101000000000010000000101110011000000010000000101110000000000010000000101101011000000010000000101010111000000010000000101011011000000010000000101100111000000010000000101101000000000010000000101010000000000010000000101011101000000010000000100000001000000010000000101101010000000010000000101001001000000010111111101011111000000010000000101010011000000010000000101011010000000010000000101101101000000010000000101111100000000010000000101011101000000010000000101011101000000010000000101101101000000010000000101100100000000010000000101010101000000010000000101100001000000010000000101011000000000010000000101001001000000010111110001010000000000010000000101010110000000010000000101011111000000010000000101101010000000010000000101111010000000010000000100000001000000010000000101100011000000010111110100010101010101100010100000110000011010010011110000100001010101000010100000101100010110000010111100101110010101110011000100110000010101110011000100110000010101110011000100110000010101110011000100110001010110000011001000110010010110010011001100110001010110100011010000110001010110100011010000110000010110100011000100101111010110010011000000110001010110110011001000110001010110110011001000110010010111000011001100110000010110100011000100110011010111010011010000110010011000000011010100010110010011110010001000101110011100110100000100100010011011010011101000000001000000010000000101110000000000010000000101100100000000010000000101100010000000010000000101101101000000010000000101110100000000010000000101110110000000010000000101101100000000010000000101100000000000010000000101101010000000010000000101110101000000010000000101110011000000010000000101001111000000010000000101011001000000010000000101101011000000010000000101101100000000010000000101001111000000010000000101011011000000010000000100000001000000010000000101101100000000010000000101000110000000010111110001100000000000010000000101010001000000010000000101010101000000010000000101110000000000010000000101111100000000010000000101011110000000010000000101011011000000010000000101101100000000010000000101100011000000010000000101010011000000010000000101011111000000010000000101011101000000010000000101001101000000010000000101001001000000010111110001010101000000010000000101010100000000010000000101100110000000010000000101101010000000010000000100000001000000010000000101111110000000010000000101100001000000010000000101011001000000010000000101011011000000010000000101100101000000010000000101011110000000010000000101101110000000010000000101110111000000010000000101101101000000010000000101101000000000010000000101110111000000010000000101101101000000010000000101101110000000010000000101111101000000010000000100000001000000010000000101111111000000010000000101111110000000010000000101111110000000010000000101110011000000010000000101110000000000010000000101101010000000010000000101101000000000010000000101100100000000010000000101101000000000010000000101101010000000010000000101100010000000010000000101100100000000010000000101100010000000010000000101110001000000010000000101110101000000010000000101110110000000010000000101101001000000010000000101101010000000010000000101110101000000010000000101110010000000010000000101101011000000010000000101010110000000010000000101011100000000010000000101100111000000010000000101101000000000010000000101001011000000010111111001100011000000010000000100000001000000010000000101110011000000010000000101001000000000010111100101100001000000010000000101010010000000010000000101001111000000010000000101100110000000010000000101111101000000010000000101100001000000010000000101010100000000010000000101110111000000010000000101110100000000010000000101010101000000010000000101111011000000010000000100000001000000010000000100000001000000010000000100000001000000010000000100000001000000010000000100000001000000010000000100000001000000010000000100000001000000010000000100000001000000010000000100000001000000010000000100000001000000010000000100000001000000010000000100000001000000010000000100000001000000010000000100000001000000010000000100000001000000010000000100000001000000010000000100000001000000010000000100000001000000010000000100000001000000010000000100000001000000010000000100000001000000010000000100000001000000010000000100000001000000010000000100000001000000010000000100000001000000010000000100000001000000010000000100000001000000010000000100000001000000010000000100000001000000010000000100000001000000010000000100000001000000010000000100000001000000010000000100000001000000010000000100000001000000010000000100000001000000010000000100000001000000010000000100000001000000010000000100000001000000010000000100000001000000010000000100000001000000010000000100000001000000010000000100000001000000010000000100000001000000010000000100000001000000010000000100000001000000010000000100000001000000010000000100000001000000010000000100000001000000010000000100000001000000010000000100000001000000010000000100000001000000010000000100000001000000010000000101101101000000010000000101011101000000010000000101110011000000010000000100000001000000010000000100000001000000010000000101100100000000010000000101101010000000010000000100000001000000010000000100000001000000010000000100000001000000010000000100000001000000010000000100000001000000010000000100000001000000010000000100000001000000010000000100000001000000010000000100000001000000010000000100000001000000010000000100000001000000010000000100000001000000010000000100000001000000010000000100000001000000010000000100000001000000010000000100000000000000010000000100000001000000010000000100000001000000010000000100000001000000010000000100000001000000010000000100000001000000010000000100000001000000010000000100000001000000010000000100000001000000010000000100000001000000010000000100000001000000010000000100000001000000010000000100000001000000010000000100000001000000010000000100000001000000010000000101101101000000010000000101101011000000010000000101111111000000010000000100000001000000010000000101111000000000010000000101101100000000010000000101101111000000010000000100000001000000010000000100000001000000010000000100000001000000010000000101111110000000010000000100000001000000010000000100000001000000010000000100000001000000010000000100000001000000010000000100000001000000010000000100000001000000010000000100000001000000010000000100000001000000010000000100000001000000010000000100000001000000010000000100000001000000010000000100000001000000010000000100000001000000010000000100000001000000010000000100000001000000010000000100000001000000010000000100000001000000010000000100000001000000010000000100000001000000010000000100000001000000010000000100000001000000010000000100000001000000010000000100000001000000010000000100000001000000010000000100000001000000010000000100000001000000010000000100000001000000010000000100000001000000010000000100000001000000010000000100000001000000010000000100000001000000010000000100000001000000010000000100000001000000010000000100000001000000010000000100000001000000010000000100000001000000010000000100000001000000010000000100000001000000010000000100000001000000010000000100000001000000010000000100000001000000010000000100000001000000010000000100000001000000010000000100000001000000010000000100000001000000010000000100000001000000010000000100000001000000010000000100000001000000010000000100000001011100000000000100000001011100110000000100000001000000010000000100000001000000010000000100000001000000010000000100000001000000010000000100000001000000010000000100000001000000010000000100000001000000010000000100000001000000010000000100000001000000010000000100000001000000010000000100000001000000010000000100000001000000010000000100000001000000010000000100000001000000010000000100000001000000010000000100000001011000110000000100000001011100000000000100000001011000000000000100000001011011000000000100000001011001110000000100000001011001110000000100000001010111100000000100000001011001110000000100000001010101010000000100000001010101110000000100000001011010110000000100000001010101000000000100000001010001000000000101111101010010000000000100000001010011000000000100000001010010100000000100000001010101000000000100000001011000010000000100000001010111000000000100000001010111100000000100000001011001000000000100000001011000010000000100000001011010000000000100000001011000110000000100000001010100110000000100000001010011110000000100000001011010010000000100000001011011110000000100000001011011100000000100000001011100000000000100000001011000100000000100000001011111010000000100000001000000010000000100000001011100100000000100000001011010110000000100000001010111110000000100000001011000100000000100000001011101100000000100000001011010110000000100000001011110000000000100000001011010100000000100000001011000010000000100000001011101010000000100000001011100010000000100000001011001110000000100000001011000010000000100000001011000110000000100000001010111100000000100000001010111100000000100000001011010000000000100000001011001110000000100000001011001000000000100000001011011000000000100000001011001000000000100000001010100010000000100000001010111110000000100000001011100010000000100000001010111110000000100000001010110110000000100000001010111000000000100000001011000100000000100000001010101000000000100000001011110000000000100000001011001110000000100000001010111000000000100000001010111000000000100000001011001000000000100000001011001010000000100000001011001000000000100000001011000000000000100000001010111100000000100000001011010000000000100000001010100100000000100000001010101100000000100000001011011000000000100000001010111100000000100000001001111110000000101110110010011110000000100000001010010100000000100000001010010000000000101111110010111010000000100000001010101110000000100000001010111010000000100000001010111100000000100000001010111110000000100000001010111110000000100000001011010110000000100000001011000000000000100000001010100010000000100000001010101010000000100000001011001010000000100000001011100010000000100000001011100000000000100000001011110000000000100000001011100100000000100000001011110000000000100000001001011100110111101000001001010010110001000110101001001100101100100101101001101110110001100111010001010110101010100101100001100110101110000110110001100100101101100110101001100010101101000110100001100000101100100110011001100000101100100110011001100000101100100110011001100000101100100110011001100000101100100110011001100100101101000110001001100100101101000110001001100100101101000110001001101000101110000110011001100010101100100110000001011110101011100101110001011110101011100101110001011100101101100110000001011100110001100110111000101000101001000100010001000100110011100110101011010000000000100000001011110000000000100000001011011110000000100000001010101010000000100000001010110100000000100000001011000100000000100000001011010000000000100000001010111100000000100000001011000110000000100000001010110110000000100000001010110100000000100000001011001000000000100000001011001000000000100000001011010000000000100000001010110110000000100000001011000110000000100000001010110000000000100000001010111000000000100000001011001100000000100000001010101110000000100000001010000100000000101111000010010100000000100000001010011110000000100000001010000100000000101110110010110010000000100000001010111010000000100000001010111110000000100000001010101000000000100000001011000110000000100000001010111110000000100000001011001100000000100000001011000100000000100000001010100010000000100000001010011010000000100000001011001110000000100000001011011010000000100000001011010110000000100000001011011100000000100000001010111010000000100000001000000010000000100000001000000010000000100000001011100010000000100000001011011110000000100000001010111100000000100000001011001100000000100000001011101010000000100000001011101000000000100000001011101100000000100000001011000100000000100000001011010000000000100000001011100010000000100000001011011000000000100000001011010100000000100000001011010010000000100000001011001010000000100000001011000000000000100000001011000000000000100000001011011000000000100000001011001110000000100000001010111000000000100000001011000000000000100000001010111110000000100000001010011010000000100000001011001110000000100000001011110010000000100000001010111100000000100000001010110010000000100000001010110110000000100000001011001010000000100000001010101100000000100000001011110100000000100000001011001110000000100000001010111000000000100000001010111100000000100000001011001100000000100000001011001010000000100000001011000110000000100000001010111100000000100000001011000010000000100000001011010110000000100000001010101100000000100000001010101000000000100000001011011110000000100000001011000100000000100000001010001100000000101110111010011000000000101111111010001100000000101111001010011110000000100000001010101110000000100000001010110000000000100000001011000100000000100000001010111010000000100000001010111000000000100000001011000000000000100000001011100110000000100000001011010000000000100000001010110110000000100000001000000010000000100000001000000010000000100000001000000010000000100000001000000010000000100000001000000010000000100000001000000010000000100000001000000010000000100000001000000010000000100000001000000010000000100000001000000010000000100000001000000010000000100000001000000010000000100000001000000010000000100000001000000010000000100000001000000010000000100000001000000010000000100000001000000010000000100000001000000010000000100000001000000010000000100000001000000010000000100000001000000010000000100000001000000010000000100000001000000010000000100000001000000010000000100000001000000010000000100000001000000010000000100000001000000010000000100000001000000010000000100000001000000010000000100000001000000010000000100000001000000010000000100000001000000010000000100000001000000010000000100000001000000010000000100000001000000010000000100000001000000010000000100000001000000010000000100000001000000010000000100000001000000010000000100000001000000010000000100000001000000010000000100000001000000010000000100000001000000010000000100000001000000010000000100000001000000010000000100000001000000010000000100000001000000010000000100000001011100100000000100000001011110110000000100000001000000010000000100000001010111100000000100000001010000000000000100000001010000110000000100000001010100010000000100000001010111100000000100000001011000000000000100000001010100000000000100000001010101100000000100000001000000010000000100000001000000010000000100000001000000010000000100000001011001100000000100000001011111110000000100000001000000010000000100000001000000010000000100000001000000010000000100000001000000010000000100000001000000010000000100000001000000010000000100000001000000010000000100000001000000010000000100000001000000010000000100000001000000010000000100000001000000000000000100000001000000010000000100000001000000010000000100000001000000010000000100000001000000010000000100000001000000010000000100000001000000010000000100000001000000010000000100000001000000010000000100000001000000010000000100000001000000010000000100000001000000010000000100000001000000010000000100000001000000010000000100000001000000010000000100000001011100110000000100000001011011010000000100000001011111000000000100000001000000010000000100000001011101000000000100000001011010100000000100000001011011010000000100000001011111010000000100000001000000010000000100000001000000010000000100000001011110110000000100000001000000010000000100000001000000010000000100000001000000010000000100000001000000010000000100000001000000010000000100000001000000010000000100000001000000010000000100000001000000010000000100000001000000010000000100000001000000010000000100000001000000010000000100000001000000010000000100000001000000010000000100000001000000010000000100000001000000010000000100000001000000010000000100000001000000010000000100000001000000010000000100000001000000010000000100000001000000010000000100000001000000010000000100000001000000010000000100000001000000010000000100000001000000010000000100000001000000010000000100000001000000010000000100000001000000010000000100000001000000010000000100000001000000010000000100000001000000010000000100000001000000010000000100000001000000010000000100000001000000010000000100000001000000010000000100000001000000010000000100000001000000010000000100000001000000010000000100000001000000010000000100000001000000010000000100000001000000010000000100000001000000010000000100000001000000010000000100000001000000010000000100000001000000010000000100000001000000010000000100000001000000010000000100000001000000010000000100000001000000010110110000000001000000010110100100000001000000010111110000000001000000010000000100000001000000010000000100000001000000010000000100000001000000010000000100000001000000010000000100000001000000010000000100000001000000010000000100000001000000010000000100000001000000010000000100000001000000010000000100000001000000010000000100000001000000010000000100000001000000010000000100000001000000010000000100000001000000010111100000000001000000010000000100000001000000010111010100000001000000010101101000000001000000010100010000000001011101100101001100000001000000010101100100000001000000010101000100000001000000010101110100000001000000010111010100000001000000010110110100000001000000010101011000000001000000010101011100000001000000010110001000000001000000010101111100000001000000010101111000000001000000010110011000000001000000010101010100000001000000010100110000000001000000010111001000000001000000010000000100000001000000010101100000000001000000010101001100000001000000010110011100000001000000010101001100000001000000010100100000000001011110010110010000000001000000010111110000000001000000010110101100000001000000010111010000000001000000010110101000000001000000010110001000000001000000010111000000000001000000010000000100000001000000010111010100000001000000010110101000000001000000010110000000000001000000010101100100000001000000010111100000000001000000010111101000000001000000010111010000000001000000010110101100000001000000010110010000000001000000010110001000000001000000010110011100000001000000010110000100000001000000010110101100000001000000010110000000000001000000010101110100000001000000010110010100000001000000010111010100000001000000010111011000000001000000010110110000000001000000010110111100000001000000010110111000000001000000010110110100000001000000010110110100000001000000010110110100000001000000010110011000000001000000010110111100000001000000010110101000000001000000010110010000000001000000010101110000000001000000010111000000000001000000010111100000000001000000010111100000000001000000010110001100000001000000010110000000000001000000010100011100000001011111000100100000000001011111010110001000000001000000010100100100000001000000010101110100000001000000010111001000000001000000010110111000000001000000010101001000000001000000010101100000000001000000010110101100000001000000010110000000000001000000010110001100000001000000010110010000000001000000010101001100000001000000010100111000000001000000010111010100000001000000010111110100000001000000010101101000000001000000010101011000000001000000010110110000000001000000010100110000000001011111010100010100000001011110000110100000000001000000010111000100000001000000010110111000000001000000010111011100000001000000010000000100000001000000010111010100000001000000010011000101110010010001000010010101011110001100010010000001010001001001010010101101011000001011010010111101010111001011100010111101010111001011100011000101011010001101000011000101011010001101000011000001011001001100110011000001011001001100110011000001011001001100110011000001011001001100110011000001011001001100110010111101011000001100100011000101011001001100000011001101011011001100100011001001011010001100010011010101011101001101000011000001011000001011110011000101011001001100000010111101010111001011100011000001011011001100000010110001011101001100010010101101100101001101010001010001010101001001000011100100000001010100000111111000000001000000010111001100000001000000010111101100000001000000010101111100000001000000010101000000000001000000010111000000000001000000010111011000000001000000010111011100000001000000010110001100000001000000010101101100000001000000010101001000000001000000010100010000000001011110010101111000000001000000010101001000000001000000010110010100000001000000010110110000000001000000010110011100000001000000010101100000000001000000010101110000000001000000010110000100000001000000010101111100000001000000010101111000000001000000010110101000000001000000010100111100000001000000010100110100000001000000010111000100000001000000010000000100000001000000010101010000000001000000010101001000000001000000010110011000000001000000010101000100000001000000010100011100000001011110100110000100000001000000010111100100000001000000010110100000000001000000010111001000000001000000010110101000000001000000010110000000000001000000010110111000000001000000010000000100000001000000010111000100000001000000010110101100000001000000010110000100000001000000010101110100000001000000010111100100000001000000010111010100000001000000010111101100000001000000010110001100000001000000010110100000000001000000010110010100000001000000010110001100000001000000010110001000000001000000010110100100000001000000010101101100000001000000010101111000000001000000010110001100000001000000010111100000000001000000010111100000000001000000010110101100000001000000010111000000000001000000010111110100000001000000010110100100000001000000010110010100000001000000010110011000000001000000010110011000000001000000010111100000000001000000010110111100000001000000010110001100000001000000010101111000000001000000010111001000000001000000010111100000000001000000010111100000000001000000010110010100000001000000010110001000000001000000010100011100000001011111010100011100000001011111010101101000000001000000010100010100000001011111010101110100000001000000010111110000000001000000010111000000000001000000010101010000000001000000010101010100000001000000010110100100000001000000010110101100000001000000010101101100000001000000010110100000000001000000010100100000000001011111010100101000000001011110110110110000000001000000010000000100000001000000010101111100000001000000010101010100000001000000010110000000000001000000010101010000000001000000010101101000000001000000010111000100000001000000010000000100000001000000010000000100000001000000010000000100000001000000010000000100000001000000010000000100000001000000010000000100000001000000010000000100000001000000010000000100000001000000010000000100000001000000010000000100000001000000010000000100000001000000010000000100000001000000010000000100000001000000010000000100000001000000010000000100000001000000010111011000000001000000010000000100000001000000010000000100000001000000010000000100000001000000010000000100000001000000010000000100000001000000010000000100000001000000010000000100000001000000010000000100000001000000010000000100000001000000010000000100000001000000010000000100000001000000010000000100000001000000010000000100000001000000010000000100000001000000010000000100000001000000010000000100000001000000010000000100000001000000010000000100000001000000010000000100000001000000010000000100000001000000010000000100000001000000010000000100000001000000010000000100000001000000010000000100000001000000010000000100000001000000010000000100000001000000010000000100000001000000010000000100000001000000010000000100000001000000010000000100000001000000010000000100000001000000010111011100000001000000010000000100000001000000010101001100000001000000010100110000000001000000010100001000000001000000010100110100000001000000010110111000000001000000010110000000000001000000010100111100000001000000010101101100000001000000010111111100000001000000010000000100000001000000010111001000000001000000010111011000000001000000010000000100000001000000010000000100000001000000010000000100000001000000010000000100000001000000010000000100000001000000010000000100000001000000010000000100000001000000010000000100000001000000010000000100000001000000010000000100000001000000010000000100000001000000010000000000000001000000010000000100000001000000010000000100000001000000010000000100000001000000010000000100000001000000010000000100000001000000010000000100000001000000010000000100000001000000010000000100000001000000010000000100000001000000010000000100000001000000010000000100000001000000010000000100000001000000010000000100000001000000010000000100000001000000010000000100000001000000010000000100000001000000010000000100000001000000010000000100000001000000010000000100000001000000010000000100000001000000010000000100000001000000010000000100000001000000010000000100000001000000010000000100000001000000010000000100000001000000010000000100000001000000010000000100000001000000010000000100000001000000010000000100000001000000010000000100000001000000010000000100000001000000010000000100000001000000010000000100000001000000010000000100000001000000010000000100000001000000010000000100000001000000010000000100000001000000010000000100000001000000010000000100000001000000010000000100000001000000010000000100000001000000010000000100000001000000010000000100000001000000010000000100000001000000010000000100000001000000010000000100000001000000010000000100000001000000010000000100000001000000010000000100000001000000010000000100000001000000010000000100000001000000010000000100000001000000010000000100000001000000010000000100000001000000010000000100000001000000010000000100000001000000010000000100000001000000010000000100000001000000010000000100000001000000010000000100000001000000010000000100000001000000010000000100000001000000010000000100000001000000010000000100000001000000010000000100000001000000010000000100000001000000010000000100000001000000010000000100000001000000010000000100000001000000010000000100000001000000010000000100000001000000010000000100000001000000010000000101110010000000010000000101101000000000010000000101111001000000010000000100000001000000010000000100000001000000010000000100000001000000010000000100000001000000010000000100000001000000010000000100000001000000010000000100000001000000010000000100000001000000010000000100000001000000010000000100000001000000010000000100000001000000010000000100000001000000010000000100000001000000010000000101110001000000010000000101101101000000010000000101110110000000010000000101100010000000010000000101010011000000010000000101010100000000010000000101001000000000010111111101010110000000010000000101100100000000010000000101011100000000010000000101110100000000010000000101110010000000010000000101011010000000010000000101110010000000010000000100000001000000010000000101100101000000010000000101100001000000010000000101111110000000010000000101111000000000010000000101011110000000010000000101101100000000010000000101110011000000010000000101011100000000010000000101100011000000010000000101100000000000010000000101001100000000010111110101001010000000010111101101100111000000010000000101101000000000010000000101010010000000010000000101011100000000010000000101111101000000010000000101110110000000010000000101101100000000010000000100000001000000010000000101101100000000010000000101101010000000010000000101011110000000010000000101001100000000010000000101101100000000010000000101110111000000010000000101110011000000010000000101101100000000010000000101100100000000010000000101011100000000010000000101100010000000010000000101101010000000010000000101101101000000010000000101011110000000010000000101011101000000010000000101100011000000010000000101101111000000010000000101110000000000010000000101011110000000010000000101010111000000010000000101010111000000010000000101110111000000010000000101101111000000010000000101011100000000010000000101011101000000010000000101110000000000010000000101110111000000010000000101111111000000010000000101101011000000010000000101011011000000010000000101101001000000010000000101101001000000010000000101110010000000010000000101010100000000010000000101001111000000010000000101001110000000010000000101011100000000010000000101011110000000010000000101100011000000010000000101110010000000010000000101110010000000010000000101100000000000010000000101101110000000010000000100000001000000010000000101100100000000010000000101100011000000010000000101111111000000010000000101101110000000010000000101101000000000010000000101101101000000010000000101110011000000010000000101011110000000010000000101100100000000010000000101100000000000010000000101000010000000010111010101000100000000010111100101100011000000010000000101100011000000010000000101011100000000010000000101101001000000010000000100000001000000010000000101010101000000010110101000101010011000110011011000101011010111000011000000101101010101110010111000111100011000010011100100110000010101010010110100111000010111010011010100110000010101110011000100101110010101110011000100101110010101110011000100101111010110000011001000110000010110010011001100110001010110100011010000110010010110010011001100110001010110000011001000110000010110000010111100110011010110110011001000110001010110010011000000110101010111010011010000110010010101110010111100111000010111010011010100110101010110100011001000110100010111000011001000101010010101110010110000101110011000100011001100100000010110100010101000100100011010010011011101010100000000010110111101111101000000010000000100000001000000010000000101111001000000010000000101100000000000010000000101100001000000010000000101100010000000010000000101101101000000010000000101101001000000010000000101010100000000010000000101001010000000010111110101001011000000010111111001100100000000010000000101011010000000010000000101100000000000010000000101111010000000010000000101110111000000010000000101011011000000010000000101101000000000010000000100000001000000010000000101100101000000010000000101011110000000010000000101111111000000010000000101111001000000010000000101011010000000010000000101110000000000010000000101111011000000010000000101011001000000010000000101100010000000010000000101011111000000010000000101001010000000010111110101001000000000010111101101100101000000010000000101100110000000010000000101010000000000010000000101011001000000010000000101110101000000010000000101110100000000010000000101101001000000010000000100000001000000010000000101110000000000010000000101101100000000010000000101011110000000010000000101001000000000010111111001101011000000010000000101101110000000010000000101111011000000010000000101101010000000010000000101100111000000010000000101100000000000010000000101011111000000010000000101101000000000010000000101110000000000010000000101100000000000010000000101011111000000010000000101011111000000010000000101101101000000010000000101101001000000010000000101011110000000010000000101010110000000010000000101010001000000010000000101110011000000010000000101111000000000010000000101100011000000010000000101011011000000010000000101101100000000010000000101110101000000010000000100000001000000010000000101101011000000010000000101011011000000010000000101101001000000010000000101101001000000010000000101110010000000010000000101010100000000010000000101001111000000010000000101001101000000010000000101011110000000010000000101011010000000010000000101011110000000010000000101110000000000010000000101110001000000010000000101100011000000010000000101110000000000010000000100000001000000010000000101011111000000010000000101101001000000010000000101111010000000010000000101111000000000010000000101011010000000010000000101111010000000010000000101101100000000010000000101011011000000010000000101011100000000010000000101010100000000010000000101001011000000010000000101010100000000010000000101101110000000010000000100000001000000010000000100000001000000010000000100000001000000010000000100000001000000010000000100000001000000010000000100000001000000010000000100000001000000010000000100000001000000010000000100000001000000010000000100000001000000010000000100000001000000010000000100000001000000010000000100000001000000010000000100000001000000010000000100000001000000010000000101110111000000010000000101111001000000010000000100000001000000010000000100000001000000010000000100000001000000010000000100000001000000010000000100000001000000010000000100000001000000010000000100000001000000010000000100000001000000010000000100000001000000010000000100000001000000010000000100000001000000010000000100000001000000010000000100000001000000010000000100000001000000010000000100000001000000010000000100000001000000010000000100000001000000010000000100000001000000010000000100000001000000010000000100000001000000010000000100000001000000010000000100000001000000010000000100000001000000010000000100000001000000010000000100000001000000010000000100000001000000010000000100000001000000010000000100000001000000010000000100000001000000010000000100000001000000010000000100000001000000010000000100000001000000010000000100000001000000010000000101101100000000010000000101100010000000010000000101110101000000010000000101111100000000010000000100000001000000010000000101101111000000010000000101110100000000010000000100000001000000010000000100000001000000010000000100000001000000010000000100000001000000010000000100000001000000010000000100000001000000010000000100000001000000010000000100000001000000010000000100000001000000010000000100000001000000010000000100000001000000010000000100000001000000010000000100000001000000010000000100000001000000010000000100000001000000010000000100000000000000010000000100000001000000010000000100000001000000010000000100000001000000010000000100000001000000010000000100000001000000010000000100000001000000010000000100000001000000010000000100000001000000010000000100000001000000010000000100000001000000010000000100000001000000010000000100000001000000010000000100000001000000010000000100000001000000010000000100000001000000010000000100000001000000010000000100000001000000010000000100000001000000010000000100000001000000010000000100000001000000010000000100000001000000010000000100000001000000010000000100000001000000010000000100000001000000010000000100000001000000010000000100000001000000010000000100000001000000010000000100000001000000010000000100000001000000010000000100000001000000010000000100000001000000010000000100000001000000010000000100000001000000010000000100000001000000010000000100000001000000010000000100000001000000010000000100000001000000010000000100000001000000010000000100000001000000010000000100000001000000010000000100000001000000010000000100000001000000010000000100000001000000010000000100000001000000010000000100000001000000010000000100000001000000010000000100000001000000010000000100000001000000010000000100000001000000010000000100000001000000010000000100000001000000010000000100000001000000010000000100000001000000010000000100000001000000010000000100000001000000010000000100000001000000010000000100000001000000010000000100000001000000010000000100000001000000010000000100000001000000010000000100000001000000010000000100000001000000010000000100000001000000010000000100000001000000010000000100000001000000010000000100000001000000010000000100000001000000010000000100000001000000010000000100000001000000010000000100000001000000010000000100000001000000010000000100000001011110100000000100000001011110100000000100000001011011000000000100000001011110100000000100000001000000010000000100000001000000010000000100000001000000010000000100000001000000010000000100000001000000010000000100000001000000010000000100000001000000010000000100000001000000010000000100000001000000010000000100000001000000010000000100000001000000010000000100000001000000010000000100000001011100000000000100000001011110010000000100000001011111000000000100000001011001100000000100000001011011010000000100000001011001000000000100000001010101110000000100000001011001010000000100000001011100010000000100000001011110100000000100000001011101000000000100000001011011100000000100000001011111010000000100000001011110010000000100000001011010000000000100000001011101100000000100000001011101000000000100000001011011010000000100000001011110100000000100000001011100110000000100000001011101010000000100000001000000010000000100000001011101100000000100000001011001110000000100000001000000010000000100000001011100110000000100000001011010000000000100000001011000000000000100000001011010110000000100000001011011110000000100000001011011100000000100000001011001110000000100000001011011110000000100000001010101100000000100000001001111000000000101110100010011100000000100000001010011110000000100000001011100100000000100000001011000110000000100000001010011110000000100000001011111110000000100000001011110000000000100000001000000010000000100000001011111010000000100000001011011110000000100000001011011010000000100000001011000100000000100000001011010010000000100000001011101000000000100000001011000010000000100000001010111010000000100000001010110110000000100000001011000110000000100000001011011010000000100000001011001110000000100000001011001010000000100000001011001010000000100000001011110110000000100000001011111110000000100000001011101110000000100000001010110110000000100000001010100010000000100000001010110100000000100000001011000000000000100000001011001010000000100000001011101100000000100000001011010110000000100000001000000010000000100000001011110100000000100000001011000000000000100000001010111010000000100000001011000010000000100000001011011110000000100000001011111110000000100000001011010000000000100000001011100010000000100000001011110110000000100000001011101000000000100000001011011110000000100000001011101100000000100000001011101100000000100000001011011010000000100000001011101100000000100000001011101000000000100000001011100000000000100000001000000010000000100000001011101010000000100000001011001010000000100000001000000010000000100000001011110010000000100000001011010100000000100000001011000010000000100000001011000000000000100000001011011010000000100000001011011010000000100000001011010000000000100000001011010010000000100000001000111100101111100101110001001000101100100101101001011010101101000101111001111000110000100111001001101110101101000110010001011110101001000101010001101010101101000110010001101000101101100110101001100010101101000110100001100010101101000110100001100010101101000110100001100010101101000110100001100010101101000110100001100010101100000110010001011110101011000110000001100100101101000110001001101010101110100110100001100010101100100110000001100110101101100110010001011110101010000101100001101100101101100110011001100110101100000110000001100010101100100101111001011100101100100101110001011010101110000101110001010010101111100110000001000000101111000101110010000000000000101010110011010110000000100000001010110000000000101111111011011000000000100000001011000100000000100000001011000100000000100000001011011100000000100000001011100010000000100000001011101010000000100000001011000100000000100000001010111110000000100000001011000000000000100000001011011110000000100000001000000010000000100000001011011010000000100000001011100010000000100000001011110010000000100000001011101110000000100000001011100010000000100000001011100110000000100000001011100110000000100000001011100010000000100000001011101100000000100000001011011110000000100000001011110010000000100000001000000010000000100000001011011010000000100000001011010100000000100000001000000010000000100000001011100100000000100000001011001100000000100000001010111100000000100000001011010010000000100000001011011010000000100000001011011000000000100000001011001010000000100000001011011010000000100000001010110100000000100000001001101010000000101101101010010000000000100000001010100000000000100000001011100010000000100000001011010000000000100000001010100010000000100000001011111110000000100000001011111110000000100000001000000010000000100000001011110010000000100000001011100000000000100000001011010010000000100000001011000010000000100000001011011000000000100000001011100000000000100000001011001000000000100000001010110100000000100000001010110100000000100000001011010000000000100000001011010100000000100000001011011110000000100000001011000000000000100000001011010000000000100000001011101010000000100000001011111000000000100000001011101100000000100000001010110110000000100000001010101010000000100000001010110110000000100000001011000000000000100000001011001010000000100000001011101100000000100000001011010110000000100000001000000010000000100000001011110100000000100000001011000000000000100000001010111010000000100000001011000000000000100000001011011010000000100000001011110110000000100000001011011000000000100000001011011100000000100000001011111000000000100000001011100110000000100000001011100010000000100000001011101010000000100000001011100100000000100000001011100100000000100000001011110010000000100000001011010000000000100000001011110100000000100000001011111000000000100000001011100000000000100000001011100000000000100000001000000010000000100000001011100110000000100000001011001010000000100000001011001010000000100000001011011110000000100000001011110110000000100000001000000010000000100000001000000010000000100000001000000010000000100000001000000010000000100000001000000010000000100000001000000010000000100000001000000010000000100000001000000010000000100000001000000010000000100000001000000010000000100000001000000010000000100000001000000010000000100000001000000010000000100000001000000010000000100000001000000010000000100000001011101010000000100000001000000010000000100000001000000010000000100000001000000010000000100000001000000010000000100000001000000010000000100000001000000010000000100000001000000010000000100000001000000010000000100000001000000010000000100000001000000010000000100000001000000010000000100000001000000010000000100000001000000010000000100000001000000010000000100000001000000010000000100000001000000010000000100000001000000010000000100000001000000010000000100000001000000010000000100000001000000010000000100000001000000010000000100000001000000010000000100000001000000010000000100000001000000010000000100000001000000010000000100000001000000010000000100000001000000010000000100000001000000010000000100000001000000010000000100000001000000010000000100000001000000010000000100000001000000010000000100000001000000010000000100000001000000010000000100000001011111000000000100000001011110100000000100000001000000010000000100000001000000010000000100000001011111010000000100000001000000010000000100000001000000010000000100000001000000010000000100000001000000010000000100000001000000010000000100000001000000010000000100000001000000010000000100000001000000010000000100000001000000010000000100000001000000010000000100000001000000010000000100000001000000010000000100000001000000010000000100000001000000010000000100000001000000010000000100000001000000010000000100000001000000000000000100000001000000010000000100000001000000010000000100000001000000010000000100000001000000010000000100000001000000010000000100000001000000010000000100000001000000010000000100000001000000010000000100000001000000010000000100000001000000010000000100000001000000010000000100000001000000010000000100000001000000010000000100000001000000010000000100000001000000010000000100000001000000010000000100000001000000010000000100000001000000010000000100000001000000010000000100000001000000010000000100000001000000010000000100000001000000010000000100000001000000010000000100000001000000010000000100000001000000010000000100000001000000010000000100000001000000010000000100000001000000010000000100000001000000010000000100000001000000010000000100000001000000010000000100000001000000010000000100000001000000010000000100000001000000010000000100000001000000010000000100000001000000010000000100000001000000010000000100000001000000010000000100000001000000010000000100000001000000010000000100000001000000010000000100000001000000010000000100000001000000010000000100000001000000010000000100000001000000010000000100000001000000010000000100000001000000010000000100000001000000010000000100000001000000010000000100000001000000010000000100000001000000010000000100000001000000010000000100000001000000010000000100000001000000010000000100000001000000010000000100000001000000010000000100000001000000010000000100000001000000010000000100000001000000010000000100000001000000010000000100000001000000010000000100000001000000010000000100000001000000010000000100000001000000010000000100000001000000010000000100000001000000010000000100000001000000010000000100000001000000010000000100000001000000010000000100000001000000010000000100000001000000010111110100000001000000010101100000000001000000010110110100000001000000010110100100000001000000010111001000000001000000010000000100000001000000010000000100000001000000010000000100000001000000010000000100000001000000010000000100000001000000010000000100000001000000010000000100000001000000010000000100000001000000010000000100000001000000010000000100000001000000010000000100000001000000010000000100000001000000010110110000000001000000010111001000000001000000010101100100000001000000010101001100000001000000010110011100000001000000010110000100000001000000010110000000000001000000010110010100000001000000010111110100000001000000010000000100000001000000010111110000000001000000010110110100000001000000010111101100000001000000010111011100000001000000010101100000000001000000010110010000000001000000010111111100000001000000010111100000000001000000010110100100000001000000010101101100000001000000010111000100000001000000010111110000000001000000010111110000000001000000010111000000000001000000010000000100000001000000010111100100000001000000010111000100000001000000010110110100000001000000010110101100000001000000010110011100000001000000010110001100000001000000010110011100000001000000010111001000000001000000010101110000000001000000010101010000000001000000010100001000000001011110100100011100000001011111110111010000000001000000010111110000000001000000010110000100000001000000010110010100000001000000010110011100000001000000010110000100000001000000010110001100000001000000010101110000000001000000010101110000000001000000010101010100000001000000010101001000000001000000010100010100000001011111010110010000000001000000010101011000000001000000010101110100000001000000010101100100000001000000010110011100000001000000010110111100000001000000010111000000000001000000010111010100000001000000010110001100000001000000010110101000000001000000010101110000000001000000010101100000000001000000010101100000000001000000010111001100000001000000010110110000000001000000010101010100000001000000010110101100000001000000010101111000000001000000010110000000000001000000010110001100000001000000010111000100000001000000010101111000000001000000010110011100000001000000010000000100000001000000010111111100000001000000010111010100000001000000010110110000000001000000010111110000000001000000010111001100000001000000010101010100000001000000010110011100000001000000010000000100000001000000010111101000000001000000010110010100000001000000010101010100000001000000010110111100000001000000010111111100000001000000010110110100000001000000010110110000000001000000010000000100000001000000010111011000000001000000010110110000000001000000010110110000000001000000010110101000000001000000010110011000000001000000010111110000000001000000010110101100000001000000010010001001101000001110010010011001100001001101000010101001011011001011110011000001011000001011100011010101011010001100100011100101011100001101000011010101011010001100100011001001010111001011110011001001011001001100110011000001011001001100110011000001011001001100110011000001011001001100110011000001011001001100110011000001011001001100110011001001011001001100110011001001011001001100110011000101011001001100000011000101011001001100000011010001011001001100010011010001011001001100010011010001011001001100010011010001011001001100010011010001011001001100010011010001011010001100000010111101010111001011010011001101011110001100010010111101100000001100100010000101011011001010110010001001100111001101010111000100000001000000010111011000000001000000010111010100000001000000010101111100000001000000010110101100000001000000010101011100000001000000010110001100000001000000010101110100000001000000010110001000000001000000010110110000000001000000010110101100000001000000010111011100000001000000010000000100000001000000010111100100000001000000010110101000000001000000010111110000000001000000010111011100000001000000010101010100000001000000010110010100000001000000010111111100000001000000010111100000000001000000010110100100000001000000010101101100000001000000010111000100000001000000010111110000000001000000010111110000000001000000010110111100000001000000010000000100000001000000010111010100000001000000010110110100000001000000010110100100000001000000010110011100000001000000010110001100000001000000010110000100000001000000010110010100000001000000010111000000000001000000010101101000000001000000010101001000000001000000010100000000000001011110000100011100000001011111010111010000000001000000010111110000000001000000010110000100000001000000010110010100000001000000010110011100000001000000010110000100000001000000010110001100000001000000010101110000000001000000010101110000000001000000010101010100000001000000010101001000000001000000010100010100000001011111010110010000000001000000010101011000000001000000010101110100000001000000010101100100000001000000010110011100000001000000010110111100000001000000010111000000000001000000010111010100000001000000010110001100000001000000010110110000000001000000010101111000000001000000010101100000000001000000010101100000000001000000010111001100000001000000010110110000000001000000010101010100000001000000010110101100000001000000010101110000000001000000010101111000000001000000010110001100000001000000010111000100000001000000010101111000000001000000010110011000000001000000010000000100000001000000010111101100000001000000010111010100000001000000010110111000000001000000010111100100000001000000010111001000000001000000010101100000000001000000010110011100000001000000010111111000000001000000010111100100000001000000010110011100000001000000010101110000000001000000010110101000000001000000010111101000000001000000010111010100000001000000010110110000000001000000010000000100000001000000010111001000000001000000010110101000000001000000010110011000000001000000010110111000000001000000010110111100000001000000010111100000000001000000010000000100000001000000010000000100000001000000010000000100000001000000010000000100000001000000010000000100000001000000010000000100000001000000010000000100000001000000010000000100000001000000010000000100000001000000010000000100000001000000010000000100000001000000010000000100000001000000010111110000000001000000010111011000000001000000010110100000000001000000010111111000000001000000010000000100000001000000010000000100000001000000010000000100000001000000010000000100000001000000010000000100000001000000010000000100000001000000010000000100000001000000010000000100000001000000010000000100000001000000010000000100000001000000010000000100000001000000010000000100000001000000010000000100000001000000010000000100000001000000010000000100000001000000010000000100000001000000010000000100000001000000010000000100000001000000010000000100000001000000010000000100000001000000010000000100000001000000010000000100000001000000010000000100000001000000010000000100000001000000010000000100000001000000010000000100000001000000010000000100000001000000010000000100000001000000010000000100000001000000010000000100000001000000010000000100000001000000010000000100000001000000010110001100000001000000010101100100000001000000010110111100000001000000010111100100000001000000010111101000000001000000010101111100000001000000010110011000000001000000010000000100000001000000010000000100000001000000010000000100000001000000010000000100000001000000010000000100000001000000010000000100000001000000010000000100000001000000010000000100000001000000010000000100000001000000010000000100000001000000010000000100000001000000010000000100000001000000010000000100000001000000010000000100000001000000010000000100000001000000010000000000000001000000010000000100000001000000010000000100000001000000010000000100000001000000010000000100000001000000010000000100000001000000010000000100000001000000010000000100000001000000010000000100000001000000010000000100000001000000010000000100000001000000010000000100000001000000010000000100000001000000010000000100000001000000010000000100000001000000010000000100000001000000010111111000000001000000010000000100000001000000010000000100000001000000010000000100000001000000010111110000000001000000010111100100000001000000010000000100000001000000010000000100000001000000010000000100000001000000010000000100000001000000010000000100000001000000010000000100000001000000010000000100000001000000010000000100000001000000010000000100000001000000010000000100000001000000010000000100000001000000010000000100000001000000010000000100000001000000010000000100000001000000010000000100000001000000010000000100000001000000010000000100000001000000010000000100000001000000010000000100000001000000010000000100000001000000010000000100000001000000010000000100000001000000010000000100000001000000010000000100000001000000010000000100000001000000010000000100000001000000010000000100000001000000010000000100000001000000010000000100000001000000010000000100000001000000010000000100000001000000010000000100000001000000010000000100000001000000010000000100000001000000010000000100000001000000010000000100000001000000010000000100000001000000010000000100000001000000010000000100000001000000010000000100000001000000010000000100000001000000010000000100000001000000010000000100000001000000010000000100000001000000010000000100000001000000010000000100000001000000010000000100000001000000010000000100000001000000010000000100000001000000010000000101111000000000010000000101010111000000010000000101100110000000010000000101110011000000010000000100000001000000010000000100000001000000010000000100000001000000010000000100000001000000010000000100000001000000010000000100000001000000010000000100000001000000010000000100000001000000010000000100000001000000010000000100000001000000010000000100000001000000010000000100000001000000010000000100000001000000010000000101110010000000010000000101111010000000010000000101011001000000010000000101100101000000010000000101011011000000010000000101100011000000010000000101111010000000010000000101110011000000010000000100000001000000010000000101011011000000010000000101101111000000010000000100000001000000010000000101101010000000010000000101010101000000010000000101010100000000010000000101011111000000010000000101110111000000010000000101111010000000010000000101101000000000010000000101010010000000010000000101011001000000010000000101110100000000010000000101111011000000010000000101101111000000010000000101100111000000010000000100000001000000010000000101111101000000010000000101111110000000010000000101101110000000010000000101101101000000010000000101101000000000010000000101101001000000010000000101100010000000010000000101101111000000010000000101101011000000010000000101101010000000010000000101011111000000010000000101101001000000010000000101101101000000010000000101100100000000010000000101010101000000010000000101100101000000010000000101100011000000010000000101011111000000010000000101011101000000010000000101101010000000010000000101100100000000010000000101010101000000010000000101000111000000010000000101010110000000010000000101100100000000010000000101100110000000010000000101011111000000010000000101100101000000010000000101101100000000010000000101100010000000010000000101101001000000010000000101010011000000010000000101010011000000010000000101010100000000010000000101101101000000010000000100000001000000010000000100000001000000010000000101111111000000010000000101101001000000010000000101111000000000010000000101101001000000010000000101100001000000010000000101100010000000010000000101110100000000010000000101111100000000010000000101110111000000010000000100000001000000010000000101100101000000010000000101110001000000010000000101111011000000010000000101101011000000010000000101011010000000010000000101010000000000010000000101011011000000010000000101110111000000010000000101110110000000010000000101101101000000010000000101001100000000010000000101011110000000010000000101111001000000010000000101111100000000010000000101110000000000010000000101011101000000010000000100000001000000010000000101111000000000010000000101110110000000010000000101110001000000010000000101101010000000010000000101110001000000010000000100110010000000010100111000010110010101110010100100100100010110110010111000110001010111100011001100110110010111100011010000110101010110100011001000110010010101110010111100110011010110000011000000110010010110100011000100110010010110010011001100110000010110010011001100110000010110010011001100110000010110010011001100110000010110010011001100110000010110010011001100110010010110010011001100110010010110010011001100110001010110010011000000110010010110100011000100110100010110010011000100110100010110010011000100110100010110010011000100110100010110010011000100110100010110010011000100110100010110010011000100110101010110110011000100110000010110010010110000100111010101100010100000100011010110010010101000100000011000010011000001011011000000010111001000000001000000010000000100000001000000010000000101101101000000010000000101110110000000010000000101100101000000010000000101011001000000010000000101100011000000010000000101111110000000010000000101101100000000010000000101111010000000010000000100000001000000010000000101100110000000010000000101101111000000010000000101111101000000010000000101110000000000010000000101011010000000010000000101001101000000010000000101100010000000010000000101110111000000010000000101111010000000010000000101101000000000010000000101010010000000010000000101011001000000010000000101110100000000010000000101111011000000010000000101101111000000010000000101100101000000010000000101111110000000010000000101111001000000010000000101111010000000010000000101101010000000010000000101101001000000010000000101100110000000010000000101100111000000010000000101100000000000010000000101101101000000010000000101101001000000010000000101101000000000010000000101011111000000010000000101101001000000010000000101101101000000010000000101100100000000010000000101010101000000010000000101100101000000010000000101100011000000010000000101011111000000010000000101011101000000010000000101101010000000010000000101100100000000010000000101010101000000010000000101000111000000010111111101010110000000010000000101100100000000010000000101100110000000010000000101011111000000010000000101100101000000010000000101101100000000010000000101100100000000010000000101101001000000010000000101010011000000010000000101010101000000010000000101010110000000010000000101101101000000010000000100000001000000010000000100000001000000010000000101111111000000010000000101101001000000010000000101111000000000010000000101100111000000010000000101011111000000010000000101100010000000010000000101110100000000010000000101111100000000010000000101110111000000010000000100000001000000010000000101100001000000010000000101101110000000010000000101111010000000010000000101100110000000010000000101010111000000010000000101010000000000010000000101011011000000010000000101110111000000010000000101111001000000010000000101101000000000010000000101010000000000010000000101010110000000010000000101110000000000010000000101110110000000010000000101101100000000010000000101100011000000010000000101111100000000010000000101111010000000010000000101110000000000010000000101101011000000010000000101111000000000010000000101110010000000010000000100000001000000010000000100000001000000010000000100000001000000010000000100000001000000010000000100000001000000010000000100000001000000010000000100000001000000010000000100000001000000010000000100000001000000010000000100000001000000010000000100000001000000010000000100000001000000010000000101111011000000010000000101110011000000010000000100000001000000010000000100000001000000010000000100000001000000010000000100000001000000010000000100000001000000010000000100000001000000010000000100000001000000010000000100000001000000010000000100000001000000010000000100000001000000010000000100000001000000010000000100000001000000010000000100000001000000010000000100000001000000010000000100000001000000010000000100000001000000010000000100000001000000010000000100000001000000010000000100000001000000010000000100000001000000010000000100000001000000010000000100000001000000010000000100000001000000010000000100000001000000010000000100000001000000010000000100000001000000010000000100000001000000010000000100000001000000010000000100000001000000010000000100000001000000010000000100000001000000010000000100000001000000010000000100000001000000010000000101100101000000010000000101010111000000010000000101001011000000010000000101011100000000010000000101110000000000010000000101101000000000010000000101001111000000010000000101011000000000010000000100000001000000010000000100000001000000010000000100000001000000010000000101110111000000010000000100000001000000010000000100000001000000010000000100000001000000010000000100000001000000010000000100000001000000010000000100000001000000010000000100000001000000010000000100000001000000010000000100000001000000010000000100000001000000010000000100000001000000010000000100000000000000010000000100000001000000010000000100000001000000010000000100000001000000010000000100000001000000010000000100000001000000010000000100000001000000010000000100000001000000010000000100000001000000010000000100000001000000010000000100000001000000010000000100000001000000010000000100000001000000010000000100000001000000010000000100000001000000010000000100000001000000010000000101111110000000010000000100000001000000010000000100000001000000010000000101111101000000010000000100000001000000010000000101111100000000010000000100000001000000010000000100000001000000010000000100000001000000010000000100000001000000010000000100000001000000010000000100000001000000010000000100000001000000010000000100000001000000010000000100000001000000010000000100000001000000010000000100000001000000010000000100000001000000010000000100000001000000010000000100000001000000010000000100000001000000010000000100000001000000010000000100000001000000010000000100000001000000010000000100000001000000010000000100000001000000010000000100000001000000010000000100000001000000010000000100000001000000010000000100000001000000010000000100000001000000010000000100000001000000010000000100000001000000010000000100000001000000010000000100000001000000010000000100000001000000010000000100000001000000010000000100000001000000010000000100000001000000010000000100000001000000010000000100000001000000010000000100000001000000010000000100000001000000010000000100000001000000010000000100000001000000010000000100000001000000010000000100000001000000010000000100000001000000010000000100000001000000010000000100000001000000010000000100000001000000010000000100000001000000010000000100000001000000010000000100000001000000010000000100000001000000010000000100000001000000010000000100000001000000010000000100000001011101110000000100000001000000010000000100000001000000010000000100000001000000010000000100000001000000010000000100000001000000010000000100000001000000010000000100000001000000010000000100000001000000010000000100000001000000010000000100000001000000010000000100000001000000010000000100000001000000010000000100000001000000010000000100000001000000010000000100000001011111010000000100000001011011100000000100000001010101110000000100000001010100000000000100000001010111010000000100000001000000010000000100000001011100100000000100000001011010100000000100000001011101110000000100000001010100100000000100000001011001110000000100000001011111110000000100000001011010000000000100000001010110010000000100000001010110100000000100000001011000100000000100000001011100110000000100000001011110000000000100000001011010000000000100000001010110000000000100000001010100110000000100000001011011110000000100000001011101010000000100000001011011000000000100000001010101010000000100000001000000010000000100000001011100000000000100000001011111000000000100000001011100010000000100000001011100000000000100000001010111110000000100000001010110010000000100000001011011110000000100000001011111110000000100000001011101010000000100000001000000010000000100000001000000010000000100000001010110110000000100000001010100010000000100000001010111010000000100000001011101000000000100000001011101010000000100000001011010110000000100000001011101000000000100000001011101110000000100000001011110110000000100000001011101100000000100000001011011110000000100000001011100000000000100000001010111110000000100000001011101010000000100000001011100100000000100000001011011100000000100000001011011110000000100000001011101110000000100000001011010010000000100000001010111010000000100000001010111010000000100000001011011000000000100000001011101100000000100000001011100110000000100000001011011100000000100000001011110000000000100000001011111110000000100000001011111000000000100000001011010010000000100000001011001000000000100000001010111110000000100000001011100110000000100000001011110100000000100000001011111000000000100000001011010000000000100000001011100110000000100000001010100110000000100000001011010110000000100000001011111110000000100000001011001100000000100000001010110000000000100000001010110000000000100000001010111100000000100000001011011100000000100000001011011000000000100000001011011010000000100000001010010100000000100000001010101100000000100000001011011000000000100000001011110110000000100000001011001000000000100000001010100010000000100000001000000010000000100000001011101110000000100000001011101110000000100000001011111110000000100000001011110110000000100000001010010000000000101101000000110010101111100110000001000010101110000110000001010000101101000110000001011100101101000110001001100100101101000110001001101000101100100110001001101000101100100110001001101000101100100110001001100100101101000110001001100100101100100110011001100100101100100110011001100100101100100110011001100100101100100110011001100100101100100110011001100100101100100110011001100100101100100110011001100100101100100110011001100100101101000110001001100100101101000110001001101000101100100110001001101000101100100110001001101000101100100110001001101000101100100110001001101000101100100110001001101000101100100110001001100110101100100101111001101010101110100110011001100010101111000110011001100010110010000111000000110000101000100100100001001110110101100111100000000010000000100000001000000010000000100000001000000010000000100000001011110100000000100000001010111110000000100000001010110010000000100000001011100010000000100000001011111000000000100000001011100110000000100000001011100100000000100000001011110000000000100000001010100000000000100000001011001100000000100000001000000010000000100000001011010110000000100000001010101010000000100000001010101100000000100000001011001100000000100000001011100110000000100000001011110000000000100000001011010000000000100000001010110000000000100000001010101010000000100000001011100010000000100000001011101010000000100000001011010100000000100000001010100100000000100000001011111010000000100000001011011100000000100000001011110100000000100000001011011110000000100000001011011100000000100000001010111010000000100000001010101110000000100000001011011110000000100000001011111110000000100000001011101010000000100000001000000010000000100000001000000010000000100000001010111010000000100000001010100110000000100000001010111110000000100000001011100100000000100000001011100110000000100000001011010110000000100000001011101000000000100000001011101110000000100000001011110110000000100000001011101100000000100000001011011110000000100000001011100000000000100000001010111110000000100000001011101010000000100000001011100100000000100000001011011100000000100000001011011110000000100000001011110010000000100000001011010110000000100000001010111010000000100000001010111100000000100000001011011100000000100000001011110000000000100000001011100110000000100000001011011100000000100000001011110000000000100000001011111110000000100000001011110100000000100000001011001110000000100000001011000100000000100000001010111010000000100000001011100110000000100000001011110100000000100000001011111000000000100000001011010000000000100000001011101010000000100000001010011110000000100000001011001110000000100000001011111010000000100000001011000110000000100000001010101010000000100000001010110010000000100000001010111010000000100000001011101010000000100000001011101110000000100000001011011000000000100000001010101110000000100000001010101110000000100000001011011000000000100000001011101000000000100000001011001110000000100000001010110010000000100000001011110000000000100000001011100000000000100000001011100100000000100000001011011110000000100000001011100110000000100000001011010000000000100000001011100110000000100000001000000010000000100000001000000010000000100000001000000010000000100000001000000010000000100000001000000010000000100000001000000010000000100000001000000010000000100000001000000010000000100000001000000010000000100000001000000010000000100000001000000010000000100000001000000010000000100000001000000010000000100000001000000010000000100000001000000010000000100000001000000010000000100000001000000010000000100000001000000010000000100000001000000010000000100000001000000010000000100000001000000010000000100000001000000010000000100000001000000010000000100000001000000010000000100000001000000010000000100000001000000010000000100000001000000010000000100000001000000010000000100000001000000010000000100000001000000010000000100000001000000010000000100000001000000010000000100000001000000010000000100000001000000010000000100000001000000010000000100000001000000010000000100000001000000010000000100000001000000010000000100000001000000010000000100000001000000010000000100000001000000010000000100000001000000010000000100000001000000010000000100000001000000010000000100000001000000010000000100000001000000010000000100000001011001110000000100000001010101100000000100000001010100010000000100000001010100100000000100000001011100110000000100000001011001000000000100000001010101100000000100000001011011000000000100000001000000010000000100000001000000010000000100000001000000010000000100000001000000010000000100000001000000010000000100000001000000010000000100000001000000010000000100000001000000010000000100000001000000010000000100000001000000010000000100000001000000010000000100000001000000010000000100000001000000010000000100000001000000010000000100000001000000010000000100000001000000000000000100000001000000010000000100000001000000010000000100000001000000010000000100000001000000010000000100000001000000010000000100000001000000010000000100000001000000010000000100000001000000010000000100000001000000010000000100000001000000010000000100000001000000010000000100000001000000010000000100000001000000010000000100000001000000010000000100000001000000010000000100000001000000010000000100000001000000010000000100000001000000010000000100000001000000010000000100000001000000010000000100000001000000010000000100000001000000010000000100000001000000010000000100000001000000010000000100000001000000010000000100000001000000010000000100000001000000010000000100000001000000010000000100000001000000010000000100000001000000010000000100000001000000010000000100000001000000010000000100000001000000010000000100000001000000010000000100000001000000010000000100000001000000010000000100000001000000010000000100000001000000010000000100000001000000010000000100000001000000010000000100000001000000010000000100000001000000010000000100000001000000010000000100000001000000010000000100000001000000010000000100000001000000010000000100000001000000010000000100000001000000010000000100000001000000010000000100000001000000010000000100000001000000010000000100000001000000010000000100000001000000010000000100000001000000010000000100000001000000010000000100000001000000010000000100000001000000010000000100000001000000010000000100000001000000010000000100000001000000010000000100000001000000010000000100000001000000010000000100000001000000010000000100000001000000010000000100000001000000010000000100000001000000010000000100000001000000010000000100000001000000010000000100000001000000010000000100000001000000010000000100000001000000010000000100000001000000010111111100000001000000010110110000000001000000010111100100000001000000010000000100000001000000010000000100000001000000010000000100000001000000010000000100000001000000010000000100000001000000010000000100000001000000010000000100000001000000010000000100000001000000010000000100000001000000010000000100000001000000010000000100000001000000010111110100000001000000010000000100000001000000010000000100000001000000010101010000000001000000010100100100000001000000010101101100000001000000010110100000000001000000010110100000000001000000010110010000000001000000010101110000000001000000010101101100000001000000010110000000000001000000010110100000000001000000010110100000000001000000010110110100000001000000010111001100000001000000010110011000000001000000010110000100000001000000010110100100000001000000010110010000000001000000010110001000000001000000010110011000000001000000010110001100000001000000010110110000000001000000010110110100000001000000010110010100000001000000010101001000000001000000010110110000000001000000010101001100000001000000010110011000000001000000010110111000000001000000010110101100000001000000010100111000000001000000010100111000000001000000010110111000000001000000010111100000000001000000010111011000000001000000010000000100000001000000010111111100000001000000010101010000000001000000010101101000000001000000010111101000000001000000010111001100000001000000010110111100000001000000010110010000000001000000010111010100000001000000010111000000000001000000010110001100000001000000010110001000000001000000010110011000000001000000010111000100000001000000010101011100000001000000010101111000000001000000010101110100000001000000010110010100000001000000010110110100000001000000010111101100000001000000010110101100000001000000010101110000000001000000010110011100000001000000010110110000000001000000010110011100000001000000010101001100000001000000010101000000000001000000010110000100000001000000010111110100000001000000010000000100000001000000010110010100000001000000010101001100000001000000010101111100000001000000010101111000000001000000010111010000000001000000010101110100000001000000010110011000000001000000010110001000000001000000010101100100000001000000010110010100000001000000010110111100000001000000010110101100000001000000010110100100000001000000010110010000000001000000010110001100000001000000010110100100000001000000010110001000000001000000010110011100000001000000010101110100000001000000010110100000000001000000010110101000000001000000010111000000000001000000010110001100000001000000010101101100000001000000010110101100000001000000010101000100000001000000010111001100000001000000010000000100000001000000010110101000000001000000010001101001011111001100100001111001011011001011110010101101100000001101010010111001011100001100100010111001011000001011110010111101010111001011100011001001011010001100010011001101011011001100100011001101011011001100100011000101011001001100000011001001011001001100110011001001011001001100110011001001011001001100110011001001011001001100110011001001011001001100110011001001011001001100110011001001011001001100110011001001011001001100110011001001011010001100010011001001011010001100010011010001011001001100010011010001011001001100010011010001011001001100010011010001011001001100010011010001011001001100010011010001011001001100010011001101011001001011110011000001011000001011100010100101010100001010010011001101100001001101100010001001010111001010110010001101100001001100110100111100000001011010000000000100000001000000010000000100000001000000010110100000000001000000010100111100000001000000010101010100000001000000010110111100000001000000010110001100000001000000010110100000000001000000010101101100000001000000010101111100000001000000010101100000000001000000010110010000000001000000010110110000000001000000010110110000000001000000010110110100000001000000010110011000000001000000010110010100000001000000010110100100000001000000010110010000000001000000010110001000000001000000010110011000000001000000010110010100000001000000010110111000000001000000010110110100000001000000010110010100000001000000010101000100000001000000010110100100000001000000010101000100000001000000010110010000000001000000010110110000000001000000010110100100000001000000010100110000000001000000010100110000000001000000010110111000000001000000010111100000000001000000010111011000000001000000010000000100000001000000010000000100000001000000010101011000000001000000010101110000000001000000010111110000000001000000010111000100000001000000010110110100000001000000010110010000000001000000010111010100000001000000010111000000000001000000010110001100000001000000010110001000000001000000010110011000000001000000010111000100000001000000010101011100000001000000010101111000000001000000010101110100000001000000010110010100000001000000010110110100000001000000010111110100000001000000010110110100000001000000010101110100000001000000010110100000000001000000010110111000000001000000010110100100000001000000010101001100000001000000010101000000000001000000010110000100000001000000010111110100000001000000010000000100000001000000010110001100000001000000010101000100000001000000010101110100000001000000010101111000000001000000010111010000000001000000010101110100000001000000010110011000000001000000010110010100000001000000010101100100000001000000010110010100000001000000010110101000000001000000010110100000000001000000010110100100000001000000010110010100000001000000010110001100000001000000010110100000000001000000010110010000000001000000010110010100000001000000010110011000000001000000010110011000000001000000010110101100000001000000010110110000000001000000010110001100000001000000010101101000000001000000010110010100000001000000010101000000000001000000010110000000000001000000010110111000000001000000010110011100000001000000010101101000000001000000010110100100000001000000010000000100000001000000010000000100000001000000010000000100000001000000010000000100000001000000010000000100000001000000010000000100000001000000010000000100000001000000010000000100000001000000010000000100000001000000010000000100000001000000010000000100000001000000010000000100000001000000010000000100000001000000010111011100000001000000010111111000000001000000010000000100000001000000010000000100000001000000010000000100000001000000010000000100000001000000010000000100000001000000010000000100000001000000010000000100000001000000010000000100000001000000010000000100000001000000010000000100000001000000010000000100000001000000010000000100000001000000010000000100000001000000010000000100000001000000010000000100000001000000010000000100000001000000010000000100000001000000010000000100000001000000010000000100000001000000010000000100000001000000010000000100000001000000010000000100000001000000010000000100000001000000010000000100000001000000010000000100000001000000010000000100000001000000010000000100000001000000010000000100000001000000010000000100000001000000010000000100000001000000010000000100000001000000010000000100000001000000010110001000000001000000010101101100000001000000010111100000000001000000010111111000000001000000010000000100000001000000010111000000000001000000010110111000000001000000010000000100000001000000010000000100000001000000010000000100000001000000010000000100000001000000010000000100000001000000010000000100000001000000010000000100000001000000010000000100000001000000010000000100000001000000010000000100000001000000010000000100000001000000010000000100000001000000010000000100000001000000010000000100000001000000010000000100000001000000010000000000000001000000010000000100000001000000010000000100000001000000010000000100000001000000010000000100000001000000010000000100000001000000010000000100000001000000010000000100000001000000010000000100000001000000010000000100000001000000010000000100000001000000010000000100000001000000010000000100000001000000010000000100000001000000010000000100000001000000010000000100000001000000010000000100000001000000010000000100000001000000010000000100000001000000010000000100000001000000010000000100000001000000010000000100000001000000010000000100000001000000010000000100000001000000010000000100000001000000010000000100000001000000010000000100000001000000010000000100000001000000010000000100000001000000010000000100000001000000010000000100000001000000010000000100000001000000010000000100000001000000010000000100000001000000010000000100000001000000010000000100000001000000010000000100000001000000010000000100000001000000010000000100000001000000010000000100000001000000010000000100000001000000010000000100000001000000010000000100000001000000010000000100000001000000010000000100000001000000010000000100000001000000010000000100000001000000010000000100000001000000010000000100000001000000010000000100000001000000010000000100000001000000010000000100000001000000010000000100000001000000010000000100000001000000010000000100000001000000010000000100000001000000010000000100000001000000010000000100000001000000010000000100000001000000010000000100000001000000010000000100000001000000010000000100000001000000010000000100000001000000010000000100000001000000010000000100000001000000010000000100000001000000010000000100000001000000010000000100000001000000010000000100000001000000010000000100000001000000010000000100000001000000010000000101110011000000010000000101100101000000010000000101100111000000010000000101111001000000010000000100000001000000010000000100000001000000010000000100000001000000010000000100000001000000010000000100000001000000010000000100000001000000010000000100000001000000010000000100000001000000010000000100000001000000010000000100000001000000010000000101110001000000010000000100000001000000010000000100000001000000010000000101111100000000010000000101110000000000010000000101101001000000010000000101010101000000010000000101110001000000010000000101111011000000010000000101010111000000010000000101011110000000010000000101101000000000010000000101100110000000010000000101101100000000010000000101101011000000010000000101100111000000010000000101101111000000010000000101101100000000010000000101011110000000010000000101100000000000010000000101011010000000010000000101100100000000010000000101101100000000010000000101110001000000010000000101101100000000010000000101110010000000010000000101110010000000010000000101100000000000010000000101101000000000010000000101011001000000010000000101100001000000010000000101110110000000010000000101110100000000010000000101011100000000010000000101100101000000010000000101101100000000010000000101011110000000010000000101010110000000010000000101001101000000010000000101001111000000010000000101010100000000010000000101101011000000010000000101111001000000010000000101011000000000010000000101101101000000010000000101101011000000010000000101101110000000010000000101011110000000010000000101011001000000010000000101011101000000010000000101011000000000010000000101010010000000010000000101011001000000010000000101010010000000010000000101001100000000010000000101001011000000010000000101011010000000010000000101101110000000010000000101011101000000010000000101001101000000010000000101100011000000010000000101011100000000010000000101001010000000010000000101000101000000010000000101100010000000010000000101111000000000010000000100000001000000010000000101110100000000010000000101111001000000010000000101101010000000010000000101100110000000010000000101110100000000010000000100000001000000010000000101100010000000010000000101010001000000010000000101101000000000010000000101101011000000010000000101101011000000010000000101100110000000010000000101101001000000010000000101101111000000010000000101100111000000010000000101011110000000010000000101011100000000010000000101011010000000010000000101011101000000010000000101100111000000010000000101101111000000010000000101101000000000010000000101101010000000010000000101110100000000010000000101100101000000010000000101011011000000010000000101100010000000010000000101101001000000010000000100000001000000010000000100101001011011100100000100100100010111100011010100100001010100110010100100101000010101100010110000101110010110000010111100110011010110110011001000110011010110110011001000110010010110100011000100101111010110010011000000110000010110100011000100110010010110100011000100110010010110010011001100110100010110010011001100110100010110010011001100110100010110010011001100110100010110010011001100110100010110010011001100110100010110010011001100110100010110010011001100110010010110100011000100110010010110100011000100110010010110100011000100110010010110100011000100110010010110100011000100110010010110100011000100110010010110100011000100110010010110100011000100110100010111000011001000110010010110100011000000101001010101000010100100101111010111000011000100101100010111100011010000101011011000110011100000101011011011100100000100000001000000010000000100000001000000010000000101101010000000010000000101101010000000010000000101101001000000010000000101110111000000010000000101110101000000010000000101011101000000010000000101011000000000010000000101100010000000010000000101101101000000010000000101101111000000010000000101100100000000010000000101101000000000010000000101110101000000010000000101101010000000010000000101011110000000010000000101100000000000010000000101011010000000010000000101100110000000010000000101101110000000010000000101110011000000010000000101101110000000010000000101110100000000010000000101110010000000010000000101011111000000010000000101100111000000010000000101011000000000010000000101100000000000010000000101110110000000010000000101110100000000010000000101011100000000010000000101100101000000010000000101101110000000010000000101100000000000010000000101011000000000010000000101001111000000010000000101010011000000010000000101011000000000010000000101101111000000010000000101111011000000010000000101010110000000010000000101101011000000010000000101101001000000010000000101101100000000010000000101011110000000010000000101011001000000010000000101011101000000010000000101011000000000010000000101010010000000010000000101011001000000010000000101010010000000010000000101001100000000010000000101001101000000010000000101011100000000010000000101110000000000010000000101011111000000010000000101001110000000010000000101100100000000010000000101011110000000010000000101001100000000010000000101000101000000010000000101100010000000010000000101111000000000010000000100000001000000010000000101110010000000010000000101110111000000010000000101101000000000010000000101100100000000010000000101110100000000010000000100000001000000010000000101100010000000010000000101010001000000010000000101101001000000010000000101101101000000010000000101101100000000010000000101100010000000010000000101100110000000010000000101101011000000010000000101100101000000010000000101100000000000010000000101100001000000010000000101011101000000010000000101100110000000010000000101110011000000010000000101110010000000010000000101101111000000010000000101110001000000010000000101110000000000010000000101100000000000010000000101101001000000010000000101010100000000010000000101011011000000010000000101111000000000010000000101110110000000010000000101101010000000010000000101101000000000010000000100000001000000010000000100000001000000010000000100000001000000010000000100000001000000010000000100000001000000010000000100000001000000010000000100000001000000010000000100000001000000010000000100000001000000010000000100000001000000010000000100000001000000010000000100000001000000010000000100000001000000010000000101101100000000010000000101110001000000010000000101111101000000010000000100000001000000010000000100000001000000010000000100000001000000010000000100000001000000010000000100000001000000010000000100000001000000010000000100000001000000010000000100000001000000010000000100000001000000010000000100000001000000010000000100000001000000010000000100000001000000010000000100000001000000010000000100000001000000010000000100000001000000010000000100000001000000010000000100000001000000010000000100000001000000010000000100000001000000010000000100000001000000010000000100000001000000010000000100000001000000010000000100000001000000010000000100000001000000010000000100000001000000010000000100000001000000010000000100000001000000010000000100000001000000010000000100000001000000010000000100000001000000010000000100000001000000010000000100000001000000010000000100000001000000010000000100000001000000010000000100000001000000010000000100000001000000010000000100000001000000010000000100000001000000010000000100000001000000010000000100000001000000010000000100000001000000010000000100000001000000010000000100000001000000010000000100000001000000010000000100000001000000010000000100000001000000010000000100000001000000010000000100000001000000010000000100000001000000010000000100000001000000010000000100000001000000010000000100000001000000010000000100000001000000010000000100000000000000010000000100000001000000010000000100000001000000010000000100000001000000010000000100000001000000010000000100000001000000010000000100000001000000010000000100000001000000010000000100000001000000010000000100000001000000010000000100000001000000010000000100000001000000010000000100000001000000010000000100000001000000010000000100000001000000010000000100000001000000010000000100000001000000010000000100000001000000010000000100000001000000010000000100000001000000010000000100000001000000010000000100000001000000010000000100000001000000010000000100000001000000010000000100000001000000010000000100000001000000010000000100000001000000010000000100000001000000010000000100000001000000010000000100000001000000010000000100000001000000010000000100000001000000010000000100000001000000010000000100000001000000010000000100000001000000010000000100000001000000010000000100000001000000010000000100000001000000010000000100000001000000010000000100000001000000010000000100000001000000010000000100000001000000010000000100000001000000010000000100000001000000010000000100000001000000010000000100000001000000010000000100000001000000010000000100000001000000010000000100000001000000010000000100000001000000010000000100000001000000010000000100000001000000010000000100000001000000010000000100000001000000010000000100000001000000010000000100000001000000010000000100000001000000010000000100000001000000010000000100000001000000010000000100000001000000010000000100000001000000010000000100000001000000010000000100000001000000010000000100000001000000010000000100000001000000010000000100000001000000010000000100000001000000010000000100000001000000010000000100000001000000010000000100000001000000010000000100000001000000010000000100000001011110000000000100000001011100010000000100000001000000010000000100000001000000010000000100000001000000010000000100000001000000010000000100000001000000010000000100000001000000010000000100000001000000010000000100000001000000010000000100000001000000010000000100000001000000010000000100000001000000010000000100000001000000010000000100000001000000010000000100000001000000010000000100000001011111000000000100000001011000000000000100000001000000010000000100000001011010100000000100000001000000010000000100000001000000010000000100000001011110000000000100000001011101010000000100000001010111110000000100000001011110100000000100000001011100100000000100000001011101000000000100000001011100100000000100000001011000110000000100000001011000100000000100000001011010100000000100000001011001110000000100000001010111000000000100000001010111010000000100000001011001100000000100000001011000000000000100000001011000100000000100000001010111110000000100000001011011010000000100000001011101000000000100000001011101000000000100000001011101100000000100000001011011100000000100000001011001100000000100000001011111100000000100000001000000010000000100000001011101000000000100000001011101000000000100000001011111000000000100000001010111000000000100000001011000010000000100000001010111000000000100000001011100110000000100000001000000010000000100000001011110000000000100000001011000000000000100000001010101110000000100000001011010110000000100000001010111100000000100000001010111100000000100000001010110010000000100000001011001000000000100000001011011000000000100000001010111000000000100000001010011000000000100000001011101110000000100000001011100100000000100000001011001000000000100000001010101100000000100000001011010010000000100000001000000010000000100000001011110010000000100000001011001100000000100000001011101000000000100000001011011110000000100000001011001000000000100000001011000110000000100000001011110000000000100000001000000010000000100000001000000010000000100000001011010110000000100000001000000010000000100000001011011000000000100000001011110110000000100000001000000010000000100000001011100100000000100000001011010110000000100000001011010110000000100000001011110010000000100000001011101000000000100000001011101010000000100000001011011110000000100000001011000100000000100000001011001000000000100000001011010100000000100000001010111110000000100000001010110010000000100000001011000000000000100000001010111110000000100000001011001000000000100000001011001010000000100000001011000100000000100000001011011100000000100000001011111100000000100000001011100010000000100000001011111100000000100000001011111110000000100000001000000010000000100000001010000100000000101011100001011000110011000111101001001110101011000101111001011000101100000110001001101000101101100110101001101010101101000110010001100010101100100110000001100010101100100110000001100010101101100110010001100010101101100110010001100000101101000110001001100010101100100110000001101000101100100110011001101000101100100110011001101000101100100110011001101000101100100110011001101000101100100110011001101000101100100110011001101000101100100110011001101000101100100110011001100100101101000110001001100100101101000110001001100100101101000110001001100100101101000110001001100100101101000110001001100100101101000110001001100100101101000110001001100100101101000110001001100010101100100101111001101100101111000110100001101000101111100110100001011110101110000110001001010110101101100110001001000000101011000101011001000010110000000110100011010110000000100000001011110100000000100000001000000010000000100000001011110010000000100000001011100100000000100000001011101000000000100000001000000010000000100000001011010010000000100000001011011000000000100000001011101110000000100000001011101000000000100000001011101100000000100000001011011110000000100000001011000010000000100000001011001010000000100000001011010010000000100000001011000100000000100000001010111000000000100000001010111010000000100000001011010000000000100000001011000100000000100000001011001000000000100000001011000010000000100000001011011110000000100000001011101000000000100000001011101000000000100000001011101010000000100000001011011010000000100000001011001010000000100000001011111100000000100000001000000010000000100000001011101000000000100000001011101000000000100000001011111100000000100000001010111100000000100000001011000110000000100000001010111100000000100000001011101110000000100000001000000010000000100000001011111000000000100000001011001000000000100000001010101010000000100000001011010010000000100000001010111000000000100000001010111000000000100000001010110010000000100000001011001000000000100000001011011000000000100000001010111000000000100000001010011000000000100000001011101110000000100000001011100100000000100000001011001000000000100000001010110000000000100000001011010110000000100000001000000010000000100000001011111000000000100000001011001110000000100000001011101110000000100000001011100100000000100000001011001100000000100000001011000110000000100000001011110000000000100000001011111100000000100000001011111100000000100000001011010010000000100000001011111110000000100000001011010100000000100000001011110010000000100000001000000010000000100000001011100100000000100000001011010110000000100000001011010110000000100000001011101110000000100000001011101010000000100000001011101100000000100000001011011000000000100000001010111110000000100000001011000000000000100000001011001010000000100000001011000010000000100000001010111000000000100000001011000110000000100000001011010010000000100000001011010010000000100000001011000100000000100000001011000110000000100000001011011000000000100000001011100100000000100000001011100010000000100000001011110000000000100000001011001100000000100000001011001000000000100000001011111010000000100000001000000010000000100000001011110110000000100000001011111000000000100000001000000010000000100000001000000010000000100000001000000010000000100000001000000010000000100000001000000010000000100000001000000010000000100000001000000010000000100000001000000010000000100000001000000010000000100000001000000010000000100000001000000010000000100000001000000010000000100000001000000010000000100000001000000010000000100000001011100110000000100000001011100000000000100000001000000010000000100000001000000010000000100000001000000010000000100000001000000010000000100000001000000010000000100000001000000010000000100000001000000010000000100000001000000010000000100000001000000010000000100000001000000010000000100000001000000010000000100000001000000010000000100000001000000010000000100000001000000010000000100000001000000010000000100000001000000010000000100000001000000010000000100000001000000010000000100000001000000010000000100000001000000010000000100000001000000010000000100000001000000010000000100000001000000010000000100000001000000010000000100000001000000010000000100000001000000010000000100000001000000010000000100000001000000010000000100000001000000010000000100000001000000010000000100000001000000010000000100000001011101010000000100000001011010110000000100000001011110100000000100000001000000010000000100000001000000010000000100000001011010000000000100000001011101000000000100000001000000010000000100000001000000010000000100000001000000010000000100000001000000010000000100000001000000010000000100000001000000010000000100000001000000010000000100000001000000010000000100000001000000010000000100000001000000010000000100000001000000010000000100000001000000010000000100000001000000010000000100000001000000010000000100000001000000010000000100000001000000000000000100000001000000010000000100000001000000010000000100000001000000010000000100000001000000010000000100000001000000010000000100000001000000010000000100000001000000010000000100000001000000010000000100000001000000010000000100000001000000010000000100000001000000010000000100000001000000010000000100000001000000010000000100000001000000010000000100000001000000010000000100000001000000010000000100000001000000010000000100000001000000010000000100000001000000010000000100000001000000010000000100000001000000010000000100000001000000010000000100000001000000010000000100000001000000010000000100000001000000010000000100000001000000010000000100000001000000010000000100000001000000010000000100000001000000010000000100000001000000010000000100000001000000010000000100000001000000010000000100000001000000010000000100000001000000010000000100000001000000010000000100000001000000010000000100000001000000010000000100000001000000010000000100000001000000010000000100000001000000010000000100000001000000010000000100000001000000010000000100000001000000010000000100000001000000010000000100000001000000010000000100000001000000010000000100000001000000010000000100000001000000010000000100000001000000010000000100000001000000010000000100000001000000010000000100000001000000010000000100000001000000010000000100000001000000010000000100000001000000010000000100000001000000010000000100000001000000010000000100000001000000010000000100000001000000010000000100000001000000010000000100000001000000010000000100000001000000010000000100000001000000010000000100000001000000010000000100000001000000010000000100000001000000010000000100000001000000010000000100000001000000010000000100000001000000010000000100000001000000010000000100000001000000010111111100000001000000010111110000000001000000010000000100000001000000010000000100000001000000010000000100000001000000010000000100000001000000010000000100000001000000010000000100000001000000010000000100000001000000010000000100000001000000010000000100000001000000010000000100000001000000010000000100000001000000010000000100000001000000010000000100000001000000010110111100000001000000010110011000000001000000010101011100000001000000010000000100000001000000010000000100000001000000010000000100000001000000010000000100000001000000010000000100000001000000010111010100000001000000010111010000000001000000010000000100000001000000010000000100000001000000010000000100000001000000010111111100000001000000010111011000000001000000010111001100000001000000010111101000000001000000010000000100000001000000010111110000000001000000010000000100000001000000010000000100000001000000010111100100000001000000010111010100000001000000010111011100000001000000010000000100000001000000010000000100000001000000010000000100000001000000010000000100000001000000010111100000000001000000010110101100000001000000010111100000000001000000010111111100000001000000010000000100000001000000010111011000000001000000010110110000000001000000010100111100000001000000010101011000000001000000010101010000000001000000010110000000000001000000010110100100000001000000010110100100000001000000010110100100000001000000010110111000000001000000010110111100000001000000010101010100000001000000010101110100000001000000010110010100000001000000010111000000000001000000010111010100000001000000010110010000000001000000010110000100000001000000010111110000000001000000010111110000000001000000010110110100000001000000010101001100000001000000010101001100000001000000010101110100000001000000010101101000000001000000010101111100000001000000010110100100000001000000010111101100000001000000010000000100000001000000010000000100000001000000010000000100000001000000010110110000000001000000010101111000000001000000010101011100000001000000010000000100000001000000010000000100000001000000010000000100000001000000010111010000000001000000010000000100000001000000010111000000000001000000010111001100000001000000010000000100000001000000010000000100000001000000010000000100000001000000010000000100000001000000010111000100000001000000010110111100000001000000010111111100000001000000010111101100000001000000010111100000000001000000010111110100000001000000010111111100000001000000010111101000000001000000010111001100000001000000010111000000000001000000010000000100000001000000010000000100000001000000010111110100000001000000010000000100000001000000010000000100000001000000010101101000000001011111000001100001010110001011100011000101100010001111000010100001010001001011000011010101011010001101000100000001100010001111010011101001011100001101110011001001010111001011110010111101010111001011100011000001011010001100010011001101011101001101000011000101011011001100100011000001011000001011110011010001011001001100110011011001011000001100110011011001011000001100110011011001011000001100110011010001011001001100110011010001011001001100110011010001011001001100110011010001011001001100110011001001011010001100010011001001011010001100010011001001011010001100010011001001011010001100010011001001011010001100010011001001011010001100010011000001011010001100010010111101011001001100000010111001011000001011110010110101010111001011100010110001010100001010110010110101010111001011100010111101011101001100110010011101011100001100010010010101100001001110000011000101110110010010110110010100000001000000010000000100000001000000010000000100000001000000010000000100000001000000010000000100000001000000010111100100000001000000010110110100000001000000010110011000000001000000010000000100000001000000010000000100000001000000010000000100000001000000010000000100000001000000010111001000000001000000010110111100000001000000010111110000000001000000010111111100000001000000010111110000000001000000010000000100000001000000010000000100000001000000010111101100000001000000010111010100000001000000010111011100000001000000010000000100000001000000010000000100000001000000010000000100000001000000010000000100000001000000010111011100000001000000010110101000000001000000010111011100000001000000010111111000000001000000010000000100000001000000010111011000000001000000010110111000000001000000010101000100000001000000010101100000000001000000010101011000000001000000010110010000000001000000010110110100000001000000010110110100000001000000010110110100000001000000010110110000000001000000010110110100000001000000010101001100000001000000010101101100000001000000010110001100000001000000010110111000000001000000010111010100000001000000010110010000000001000000010110000100000001000000010111110000000001000000010111111000000001000000010110111100000001000000010101010100000001000000010101010100000001000000010101111100000001000000010101110100000001000000010110000000000001000000010110110000000001000000010111111000000001000000010000000100000001000000010000000100000001000000010000000100000001000000010110101000000001000000010101110000000001000000010101010100000001000000010000000100000001000000010000000100000001000000010000000100000001000000010111010000000001000000010000000100000001000000010111000000000001000000010111001100000001000000010000000100000001000000010000000100000001000000010000000100000001000000010000000100000001000000010111000000000001000000010110110000000001000000010111100100000001000000010111110100000001000000010111111100000001000000010000000100000001000000010000000100000001000000010111111100000001000000010111100000000001000000010111100100000001000000010000000100000001000000010000000100000001000000010000000100000001000000010000000100000001000000010111001000000001000000010110101000000001000000010111001100000001000000010111110000000001000000010111101000000001000000010000000100000001000000010000000100000001000000010110100100000001000000010000000100000001000000010000000100000001000000010000000100000001000000010000000100000001000000010000000100000001000000010000000100000001000000010000000100000001000000010000000100000001000000010000000100000001000000010000000100000001000000010000000100000001000000010000000100000001000000010000000100000001000000010111110000000001000000010000000100000001000000010000000100000001000000010000000100000001000000010000000100000001000000010000000100000001000000010000000100000001000000010000000100000001000000010000000100000001000000010000000100000001000000010000000100000001000000010000000100000001000000010000000100000001000000010000000100000001000000010000000100000001000000010000000100000001000000010000000100000001000000010000000100000001000000010000000100000001000000010000000100000001000000010000000100000001000000010000000100000001000000010000000100000001000000010000000100000001000000010000000100000001000000010000000100000001000000010000000100000001000000010000000100000001000000010111100100000001000000010000000100000001000000010000000100000001000000010111000100000001000000010101000100000001000000010100111100000001000000010100111100000001000000010111011000000001000000010110010100000001000000010100110100000001000000010110001000000001000000010000000100000001000000010000000100000001000000010000000100000001000000010111110100000001000000010000000100000001000000010000000100000001000000010000000100000001000000010000000100000001000000010000000100000001000000010000000100000001000000010000000100000001000000010000000100000001000000010000000100000001000000010000000100000001000000010000000100000001000000010000000000000001000000010000000100000001000000010000000100000001000000010000000100000001000000010000000100000001000000010000000100000001000000010000000100000001000000010000000100000001000000010000000100000001000000010000000100000001000000010000000100000001000000010000000100000001000000010000000100000001000000010000000100000001000000010000000100000001000000010000000100000001000000010000000100000001000000010000000100000001000000010000000100000001000000010000000100000001000000010000000100000001000000010000000100000001000000010000000100000001000000010000000100000001000000010000000100000001000000010000000100000001000000010000000100000001000000010000000100000001000000010000000100000001000000010000000100000001000000010000000100000001000000010000000100000001000000010000000100000001000000010000000100000001000000010000000100000001000000010000000100000001000000010000000100000001000000010000000100000001000000010000000100000001000000010000000100000001000000010000000100000001000000010000000100000001000000010000000100000001000000010000000100000001000000010000000100000001000000010000000100000001000000010000000100000001000000010000000100000001000000010000000100000001000000010000000100000001000000010000000100000001000000010000000100000001000000010000000100000001000000010000000100000001000000010000000100000001000000010000000100000001000000010000000100000001000000010000000100000001000000010000000100000001000000010000000100000001000000010000000100000001000000010000000100000001000000010000000100000001000000010000000100000001000000010000000100000001000000010000000100000001000000010000000100000001000000010000000100000001000000010000000100000001000000010000000100000001000000010000000100000001000000010000000101101100000000010000000101111000000000010000000101111100000000010000000100000001000000010000000100000001000000010000000100000001000000010000000100000001000000010000000100000001000000010000000100000001000000010000000100000001000000010000000100000001000000010000000100000001000000010000000100000001000000010000000101111110000000010000000101110011000000010000000101111011000000010000000100000001000000010000000101101100000000010000000101101000000000010000000101011101000000010000000101010110000000010000000101011110000000010000000101010111000000010000000101001100000000010000000101010111000000010000000101110101000000010000000101110000000000010000000101101111000000010000000101110000000000010000000101100101000000010000000101100100000000010000000101110000000000010000000101110100000000010000000101101001000000010000000101110001000000010000000101101011000000010000000101101010000000010000000101100110000000010000000101101000000000010000000101100110000000010000000101110010000000010000000101111010000000010000000101110110000000010000000101011101000000010000000101010001000000010000000101001101000000010000000101010000000000010000000101100100000000010000000101011111000000010000000101100101000000010000000101011011000000010000000101011101000000010000000101011101000000010000000101100100000000010000000101101011000000010000000101101000000000010000000101101100000000010000000101101000000000010000000101101110000000010000000101011000000000010000000101011111000000010000000101100000000000010000000101100011000000010000000101100110000000010000000101010100000000010000000101100101000000010000000101011110000000010000000101101110000000010000000101111000000000010000000101101001000000010000000101011010000000010000000101010101000000010000000101011000000000010000000101000011000000010000000101001100000000010000000101010111000000010000000101011010000000010000000101010111000000010000000101100001000000010000000101111011000000010000000100000001000000010000000101111100000000010000000101100100000000010000000101100010000000010000000101001010000000010000000101011111000000010000000101011000000000010000000101000111000000010000000101011000000000010000000101110101000000010000000101101111000000010000000101101111000000010000000101101111000000010000000101100100000000010000000101100001000000010000000101101110000000010000000101110011000000010000000101101110000000010000000101101000000000010000000101110010000000010000000101101110000000010000000101100110000000010000000101011110000000010000000101110101000000010000000101101001000000010000000100000001000000010000000100000001000000010000000101100110000000010000000100011011011000100011011100110011011010100100001100100010010011110010100000111001010111010011100100110111010110000011001100110010010100110010111000110101010101110011001000110111010111000011010000110101010111010011010000110001010110110011001000101111010110010011000000101111010110010011000000110000010110100011000100110100010110010011001100110100010110010011001100110110010110000011001100110100010110010011001100110100010110010011001100110100010110010011001100110100010110010011001100110100010110010011001100110010010110100011000100110010010110100011000100110010010110100011000100110010010110100011000100110010010110100011000100110010010110100011000100110000010110100011000100101111010110010011000000110001010110110011001000110011010111010011010000110010010110100011000100110011010111010011010000101100010110000010111100101011010110110011000100100011010110110011001000100010011001000011101001110010000000010000000101111100000000010000000101100100000000010000000101010110000000010000000101010110000000010000000101001000000000010000000101010001000000010000000101011101000000010000000101110010000000010000000101110000000000010000000101101101000000010000000101101110000000010000000101101000000000010000000101100100000000010000000101101111000000010000000101110100000000010000000101101001000000010000000101110001000000010000000101101011000000010000000101101100000000010000000101100110000000010000000101101000000000010000000101101000000000010000000101110010000000010000000101111010000000010000000101110101000000010000000101011100000000010000000101010000000000010000000101001100000000010000000101001111000000010000000101100100000000010000000101011111000000010000000101100111000000010000000101011101000000010000000101011111000000010000000101011111000000010000000101100110000000010000000101101101000000010000000101101100000000010000000101101100000000010000000101100110000000010000000101101100000000010000000101010110000000010000000101011101000000010000000101011110000000010000000101100001000000010000000101100110000000010000000101010100000000010000000101100101000000010000000101011110000000010000000101110000000000010000000101111010000000010000000101101011000000010000000101011100000000010000000101010111000000010000000101011010000000010000000101000100000000010000000101001101000000010000000101011010000000010000000101011100000000010000000101010111000000010000000101100001000000010000000101111001000000010000000100000001000000010000000101111010000000010000000101100010000000010000000101100000000000010000000101001010000000010000000101011111000000010000000101011000000000010000000101000111000000010000000101011000000000010000000101110100000000010000000101110011000000010000000101101110000000010000000101101010000000010000000101100100000000010000000101011111000000010000000101101001000000010000000101110101000000010000000101101011000000010000000101110010000000010000000101110001000000010000000101101101000000010000000101101100000000010000000101100111000000010000000101100111000000010000000101101011000000010000000101110100000000010000000101110010000000010000000101011111000000010000000101001110000000010000000101000110000000010000000101011100000000010000000101011000000000010000000101101000000000010000000101111111000000010000000101101111000000010000000100000001000000010000000100000001000000010000000100000001000000010000000100000001000000010000000100000001000000010000000100000001000000010000000100000001000000010000000100000001000000010000000100000001000000010000000100000001000000010000000100000001000000010000000101111101000000010000000101111011000000010000000101101000000000010000000100000001000000010000000100000001000000010000000100000001000000010000000100000001000000010000000100000001000000010000000100000001000000010000000100000001000000010000000100000001000000010000000100000001000000010000000100000001000000010000000100000001000000010000000100000001000000010000000100000001000000010000000100000001000000010000000100000001000000010000000100000001000000010000000100000001000000010000000100000001000000010000000100000001000000010000000100000001000000010000000100000001000000010000000100000001000000010000000100000001000000010000000100000001000000010000000100000001000000010000000100000001000000010000000100000001000000010000000100000001000000010000000100000001000000010000000100000001000000010000000101101000000000010000000101010111000000010000000101001111000000010000000101010110000000010000000101101000000000010000000101100100000000010000000101011011000000010000000101100001000000010000000100000001000000010000000100000001000000010000000100000001000000010000000100000001000000010000000100000001000000010000000100000001000000010000000100000001000000010000000100000001000000010000000100000001000000010000000100000001000000010000000100000001000000010000000100000001000000010000000100000001000000010000000100000001000000010000000100000001000000010000000100000000000000010000000100000001000000010000000100000001000000010000000100000001000000010000000100000001000000010000000100000001000000010000000100000001000000010000000100000001000000010000000100000001000000010000000100000001000000010000000100000001000000010000000100000001000000010000000100000001000000010000000100000001000000010000000100000001000000010000000100000001000000010000000100000001000000010000000100000001000000010000000100000001000000010000000100000001000000010000000100000001000000010000000100000001000000010000000100000001000000010000000100000001000000010000000100000001000000010000000100000001000000010000000100000001000000010000000100000001000000010000000100000001000000010000000100000001000000010000000100000001000000010000000100000001000000010000000100000001000000010000000100000001000000010000000100000001000000010000000100000001000000010000000100000001000000010000000100000001000000010000000100000001000000010000000100000001000000010000000100000001000000010000000100000001000000010000000100000001000000010000000100000001000000010000000100000001000000010000000100000001000000010000000100000001000000010000000100000001000000010000000100000001000000010000000100000001000000010000000100000001000000010000000100000001000000010000000100000001000000010000000100000001000000010000000100000001000000010000000100000001000000010000000100000001000000010000000100000001000000010000000100000001000000010000000100000001000000010000000100000001000000010000000100000001000000010000000100000001000000010000000100000001000000010000000100000001000000010000000100000001000000010000000100000001000000010000000100000001000000010000000100000001000000010000000100000001000000010000000100000001000000010000000100000001011100110000000100000001000000010000000100000001000000010000000100000001000000010000000100000001000000010000000100000001000000010000000100000001000000010000000100000001000000010000000100000001000000010000000100000001000000010000000100000001000000010000000100000001000000010000000100000001000000010000000100000001011100010000000100000001011011000000000100000001011111000000000100000001011111000000000100000001011011010000000100000001011011010000000100000001011011100000000100000001011000000000000100000001010110010000000100000001010110110000000100000001010111010000000100000001011100100000000100000001011011110000000100000001011010000000000100000001011000010000000100000001010111000000000100000001010111100000000100000001010111100000000100000001011011100000000100000001011100110000000100000001011010000000000100000001011001010000000100000001011011110000000100000001011011110000000100000001010111110000000100000001010100100000000100000001010101010000000100000001011000010000000100000001011010000000000100000001011100000000000100000001011010100000000100000001011000110000000100000001010110010000000100000001010110110000000100000001011010100000000100000001011001100000000100000001011110010000000100000001011010000000000100000001011011100000000100000001011001010000000100000001010110110000000100000001011001110000000100000001011010010000000100000001011000000000000100000001010110000000000100000001011011010000000100000001011100010000000100000001011100100000000100000001011001000000000100000001011001110000000100000001011001110000000100000001010111110000000100000001011101110000000100000001010111110000000100000001011011010000000100000001000000010000000100000001000000010000000100000001011110100000000100000001011011100000000100000001011100100000000100000001011000010000000100000001010100100000000100000001011001110000000100000001010111100000000100000001010101100000000100000001011010010000000100000001011111000000000100000001011100000000000100000001011011010000000100000001011010110000000100000001011100010000000100000001011000100000000100000001010110100000000100000001011000000000000100000001011000000000000100000001011010000000000100000001011100100000000100000001010111110000000100000001011000110000000100000001010111000000000100000001011000100000000100000001011001100000000100000001011001110000000100000001011100010000000100000001011001000000000100000001011000000000000100000001011001000000000100000001011001010000000100000001011001100000000100000001010111010000000100000001010110110000000100000001011101100000000100000001011011010000000100000001000000010000000100000001001100100111101001001111000101000101010100101000001010110110000000111000001010000101011000101100001110010110000000111010001101110101101000110010001101100101100100110001001101100101100100110001001101000101100100110001001100100101101000110001001100000101101000110001001011100101101000110001001011100101101000110001001011100101101000110001001100100101101000110001001100100101101000110001001101000101100100110001001100100101101000110001001100100101101000110001001100100101101000110001001100100101101000110001001100100101101000110001001100100101101000110001001100100101101000110001001100100101101000110001001100100101101000110001001100100101101000110001001100100101101000110001001100100101101000110001001100100101101000110001001100000101101000110001001100000101101000110001001100100101101000110001001100100101101000110001001011110101100100110000001011000101101000110000001001100101101100110000000111100101101100101111010010110000000101100101011110100000000100000001011111100000000100000001011001110000000100000001010111100000000100000001010110010000000100000001010111000000000100000001011001110000000100000001011001010000000100000001011001110000000100000001011000010000000100000001010110100000000100000001010101110000000100000001011000110000000100000001011011010000000100000001011011100000000100000001011001100000000100000001011000110000000100000001011010100000000100000001011011000000000100000001011000110000000100000001010101110000000100000001010101100000000100000001011000000000000100000001011010000000000100000001011100000000000100000001011010100000000100000001011000110000000100000001010110010000000100000001010110110000000100000001011010010000000100000001011001010000000100000001011110010000000100000001011010000000000100000001011011100000000100000001011001010000000100000001010110010000000100000001011001010000000100000001011010010000000100000001011000000000000100000001010101100000000100000001011011010000000100000001011100010000000100000001011100100000000100000001011001000000000100000001011001110000000100000001011001110000000100000001010111110000000100000001011101110000000100000001010111110000000100000001011011010000000100000001000000010000000100000001000000010000000100000001011110100000000100000001011011100000000100000001011100100000000100000001011000110000000100000001010101000000000100000001011010010000000100000001010111100000000100000001010101100000000100000001011010010000000100000001011111000000000100000001011011100000000100000001011011010000000100000001011010010000000100000001011100000000000100000001011000100000000100000001010101100000000100000001010111010000000100000001011000010000000100000001011010100000000100000001011011100000000100000001011001100000000100000001010111110000000100000001010110100000000100000001010111000000000100000001010110110000000100000001011010110000000100000001011100000000000100000001011010000000000100000001011001010000000100000001011100010000000100000001011100010000000100000001011000010000000100000001010101000000000100000001010101010000000100000001010111110000000100000001011000010000000100000001011100010000000100000001011010010000000100000001011000000000000100000001010110010000000100000001011000110000000100000001011001110000000100000001011101010000000100000001000000010000000100000001000000010000000100000001000000010000000100000001000000010000000100000001000000010000000100000001000000010000000100000001000000010000000100000001000000010000000100000001000000010000000100000001000000010000000100000001000000010000000100000001000000010000000100000001000000010000000100000001000000010000000100000001011110110000000100000001011100000000000100000001000000010000000100000001000000010000000100000001000000010000000100000001000000010000000100000001000000010000000100000001000000010000000100000001000000010000000100000001000000010000000100000001000000010000000100000001000000010000000100000001000000010000000100000001000000010000000100000001000000010000000100000001000000010000000100000001000000010000000100000001000000010000000100000001000000010000000100000001000000010000000100000001000000010000000100000001000000010000000100000001000000010000000100000001000000010000000100000001000000010000000100000001000000010000000100000001000000010000000100000001000000010000000100000001000000010000000100000001000000010000000100000001000000010000000100000001000000010000000100000001000000010000000100000001011011110000000100000001011001110000000100000001011111100000000100000001000000010000000100000001000000010000000100000001011101000000000100000001011110100000000100000001000000010000000100000001000000010000000100000001000000010000000100000001000000010000000100000001000000010000000100000001000000010000000100000001000000010000000100000001000000010000000100000001000000010000000100000001000000010000000100000001000000010000000100000001000000010000000100000001000000010000000100000001000000010000000100000001000000010000000100000001000000000000000100000001000000010000000100000001000000010000000100000001000000010000000100000001000000010000000100000001000000010000000100000001000000010000000100000001000000010000000100000001000000010000000100000001000000010000000100000001000000010000000100000001000000010000000100000001000000010000000100000001000000010000000100000001000000010000000100000001000000010000000100000001000000010000000100000001000000010000000100000001000000010000000100000001000000010000000100000001000000010000000100000001000000010000000100000001000000010000000100000001000000010000000100000001000000010000000100000001000000010000000100000001000000010000000100000001000000010000000100000001000000010000000100000001000000010000000100000001000000010000000100000001000000010000000100000001000000010000000100000001000000010000000100000001000000010000000100000001000000010000000100000001000000010000000100000001000000010000000100000001000000010000000100000001000000010000000100000001000000010000000100000001000000010000000100000001000000010000000100000001000000010000000100000001000000010000000100000001000000010000000100000001000000010000000100000001000000010000000100000001000000010000000100000001000000010000000100000001000000010000000100000001000000010000000100000001000000010000000100000001000000010000000100000001000000010000000100000001000000010000000100000001000000010000000100000001000000010000000100000001000000010000000100000001000000010000000100000001000000010000000100000001000000010000000100000001000000010000000100000001000000010000000100000001000000010000000100000001000000010000000100000001000000010000000100000001000000010000000100000001000000010000000100000001000000010000000100000001000000010000000100000001000000010000000100000001000000010111001100000001000000010000000100000001000000010000000100000001000000010000000100000001000000010000000100000001000000010000000100000001000000010000000100000001000000010000000100000001000000010000000100000001000000010000000100000001000000010000000100000001000000010000000100000001000000010111100000000001000000010111011100000001000000010000000100000001000000010111000100000001000000010101110000000001000000010110010100000001000000010110111100000001000000010110110000000001000000010101010100000001000000010101101000000001000000010111011000000001000000010111101000000001000000010110000100000001000000010110101100000001000000010111000100000001000000010110001000000001000000010101100000000001000000010101111000000001000000010111011000000001000000010111110000000001000000010110101000000001000000010110110100000001000000010111101100000001000000010110101100000001000000010110001000000001000000010101101100000001000000010111000000000001000000010110010100000001000000010110101100000001000000010110111000000001000000010111001100000001000000010000000100000001000000010111011000000001000000010111011100000001000000010111111000000001000000010111001000000001000000010110101000000001000000010101110100000001000000010110011000000001000000010101101000000001000000010101011000000001000000010101100000000001000000010100110100000001000000010101101000000001000000010101111000000001000000010101001000000001000000010110100100000001000000010111001100000001000000010110100100000001000000010110110000000001000000010111100000000001000000010110011000000001000000010110110100000001000000010111000000000001000000010110100000000001000000010110101000000001000000010111010000000001000000010000000100000001000000010111111100000001000000010111011100000001000000010111011100000001000000010110110000000001000000010111001000000001000000010111000100000001000000010110110000000001000000010110110100000001000000010111011000000001000000010110011100000001000000010101100100000001000000010110100100000001000000010110101100000001000000010110010100000001000000010101101000000001000000010101101000000001000000010110111100000001000000010111110100000001000000010101010000000001000000010110101000000001000000010111001000000001000000010110100000000001000000010110001100000001000000010110100000000001000000010111111000000001000000010111010000000001000000010110000000000001000000010110010000000001000000010111001000000001000000010110111100000001000000010110000100000001000000010101110100000001000000010111011000000001000000010000000100000001000000010111110000000001000000010101000100000001011011000001011001011001001011000010111101101010001111100001110001010001001001100011011001100100001110100010110101010101001011000011010101011010001100100011011001011001001100010011010001011001001100010011001001011010001100010011001001011010001100010011000001011010001100010010111001011010001100010010111001011010001100010010111001011010001100010011000001011010001100010011001001011010001100010011001001011010001100010011001001011010001100010011001001011010001100010011001001011010001100010011001001011010001100010011001001011010001100010011001001011010001100010011001001011010001100010011001001011010001100010011001001011010001100010011001001011010001100010011001001011010001100010011001001011010001100010011001001011010001100010011000001011010001100010011000001011010001100010011001001011010001100010011001001011010001100010011000001011010001100010010110101011001001100000010100001011010001100000010000101011100001100000001110101100000001100110111010000000001000000010111111100000001000000010111011000000001000000010101110100000001000000010101101100000001000000010111011000000001000000010110111000000001000000010101110100000001000000010110110100000001000000010111001100000001000000010110000100000001000000010101001000000001000000010101111000000001000000010111000100000001000000010111010000000001000000010110010000000001000000010110110100000001000000010111110100000001000000010110110000000001000000010110001100000001000000010101101000000001000000010110111100000001000000010110011100000001000000010110101100000001000000010110111000000001000000010111001100000001000000010000000100000001000000010111011000000001000000010111011100000001000000010111110100000001000000010111000100000001000000010110101000000001000000010101110100000001000000010110011000000001000000010101101000000001000000010101010000000001000000010101011000000001000000010100101100000001000000010101101000000001000000010101111000000001000000010101001000000001000000010110100100000001000000010111001100000001000000010110100100000001000000010110110000000001000000010111100000000001000000010110011000000001000000010110110100000001000000010111000000000001000000010110100000000001000000010110101000000001000000010111010000000001000000010000000100000001000000010111111100000001000000010111011100000001000000010111011100000001000000010110110000000001000000010111001000000001000000010111000100000001000000010110110000000001000000010110110100000001000000010111010000000001000000010110010100000001000000010101011000000001000000010110010100000001000000010110110000000001000000010110100100000001000000010101101100000001000000010101101100000001000000010111000000000001000000010111100000000001000000010101111000000001000000010110011100000001000000010110111100000001000000010110000000000001000000010101100000000001000000010101110000000001000000010111010000000001000000010111100100000001000000010110100100000001000000010110110000000001000000010111101100000001000000010110101100000001000000010110010000000001000000010101110100000001000000010111000000000001000000010110001100000001000000010110100000000001000000010110111100000001000000010111010100000001000000010000000100000001000000010111010100000001000000010111010100000001000000010111110000000001000000010111101000000001000000010111011100000001000000010111011100000001000000010111011000000001000000010000000100000001000000010000000100000001000000010000000100000001000000010000000100000001000000010000000100000001000000010000000100000001000000010000000100000001000000010000000100000001000000010000000100000001000000010000000100000001000000010000000100000001000000010000000100000001000000010000000100000001000000010000000100000001000000010000000100000001000000010000000100000001000000010000000100000001000000010000000100000001000000010000000100000001000000010000000100000001000000010000000100000001000000010000000100000001000000010000000100000001000000010000000100000001000000010000000100000001000000010000000100000001000000010000000100000001000000010000000100000001000000010000000100000001000000010000000100000001000000010000000100000001000000010000000100000001000000010000000100000001000000010000000100000001000000010000000100000001000000010000000100000001000000010000000100000001000000010000000100000001000000010000000100000001000000010000000100000001000000010000000100000001000000010000000100000001000000010000000100000001000000010000000100000001000000010000000100000001000000010000000100000001000000010000000100000001000000010000000100000001000000010000000100000001000000010000000100000001000000010000000100000001000000010000000100000001000000010000000100000001000000010000000100000001000000010000000100000001000000010000000100000001000000010000000100000001000000010000000100000001000000010000000100000001000000010000000100000001000000010000000100000001000000010000000100000001000000010000000100000001000000010000000100000001000000010000000100000001000000010000000100000001000000010000000000000001000000010000000100000001000000010000000100000001000000010000000100000001000000010000000100000001000000010000000100000001000000010000000100000001000000010000000100000001000000010000000100000001000000010000000100000001000000010000000100000001000000010000000100000001000000010000000100000001000000010000000100000001000000010000000100000001000000010000000100000001000000010000000100000001000000010000000100000001000000010000000100000001000000010000000100000001000000010000000100000001000000010000000100000001000000010000000100000001000000010000000100000001000000010000000100000001000000010000000100000001000000010000000100000001000000010000000100000001000000010000000100000001000000010000000100000001000000010000000100000001000000010000000100000001000000010000000100000001000000010000000100000001000000010000000100000001000000010000000100000001000000010000000100000001000000010000000100000001000000010000000100000001000000010000000100000001000000010000000100000001000000010000000100000001000000010000000100000001000000010000000100000001000000010000000100000001000000010000000100000001000000010000000100000001000000010000000100000001000000010000000100000001000000010000000100000001000000010000000100000001000000010000000100000001000000010000000100000001000000010000000100000001000000010000000100000001000000010000000100000001000000010000000100000001000000010000000100000001000000010000000100000001000000010000000100000001000000010000000100000001000000010000000100000001000000010000000100000001000000010000000100000001000000010000000100000001000000010000000100000001000000010000000100000001000000010000000100000001000000010000000100000001000000010000000100000001000000010000000100000001000000010000000100000001000000010000000101110010000000010000000100000001000000010000000100000001000000010000000100000001000000010000000100000001000000010000000100000001000000010000000100000001000000010000000100000001000000010000000100000001000000010000000100000001000000010000000100000001000000010000000100000001000000010000000101110100000000010000000101100100000000010000000101101001000000010000000101101001000000010000000101100010000000010000000101101001000000010000000101100101000000010000000101101010000000010000000101010111000000010000000101010010000000010000000101110111000000010000000101110111000000010000000101100110000000010000000101101011000000010000000101110100000000010000000101101010000000010000000101100110000000010000000101110001000000010000000101111110000000010000000101110010000000010000000101101101000000010000000101101111000000010000000101111010000000010000000101110001000000010000000101101000000000010000000101100011000000010000000101111001000000010000000101101000000000010000000101101110000000010000000101111010000000010000000100000001000000010000000100000001000000010000000101101101000000010000000101100111000000010000000101011101000000010000000101010011000000010000000101100100000000010000000101100110000000010000000101011001000000010000000101110000000000010000000101101110000000010000000101000100000000010111101101001001000000010000000101100001000000010000000101100110000000010000000101001010000000010111111101101111000000010000000101111010000000010000000101110101000000010000000101111100000000010000000100000001000000010000000101101011000000010000000101100010000000010000000100000001000000010000000101110010000000010000000101100011000000010000000101011110000000010000000101101100000000010000000101101111000000010000000101100111000000010000000101100100000000010000000101101000000000010000000101100101000000010000000101100101000000010000000101011110000000010000000101010100000000010000000101101010000000010000000101110010000000010000000101011100000000010000000101110001000000010000000101101001000000010000000101101010000000010000000101011101000000010000000101010101000000010000000101110011000000010000000101111011000000010000000101101010000000010000000101101001000000010000000101101011000000010000000101101101000000010000000101101100000000010000000101101010000000010000000101111001000000010000000101101011000000010000000101110000000000010000000101100110000000010000000101101100000000010000000101110101000000010000000101101010000000010000000101110000000000010000000101110010000000010000000100000001000000010000000101100101000000010000000100010010010101110010101000010111010101100010101000100111010111110011010000101100010111100011010000101010010101100010110100110101010111010011010000110001010101100010111000110100010110010011000100110100010110010011000100110010010110100011000100110010010110100011000100110000010110100011000100101110010110100011000100101110010110100011000100101110010110100011000100110000010110100011000100110010010110100011000100110010010110100011000100110010010110100011000100110010010110100011000100110010010110100011000100110010010110100011000100110010010110100011000100110010010110100011000100110010010110100011000100110010010110100011000100110010010110100011000100110010010110100011000100110010010110100011000100110010010110100011000100110010010110100011000100110000010110100011000100110000010110100011000100110010010110100011000100110010010110100011000100110010010110100011000100101110010110100011000100101011010110110011000100100100010111000011000100011111011000000011001101010001000000010110110000000001000000010000000101110100000000010000000101010110000000010000000101011101000000010000000101101100000000010000000101110111000000010000000101101000000000010000000101100101000000010000000101101110000000010000000101101111000000010000000101101000000000010000000101101011000000010000000101110101000000010000000101110011000000010000000101101101000000010000000101101100000000010000000101110011000000010000000101101100000000010000000101101101000000010000000101101010000000010000000101111010000000010000000101100111000000010000000101101110000000010000000101111001000000010000000101111111000000010000000100000001000000010000000101101101000000010000000101100111000000010000000101011101000000010000000101010011000000010000000101100010000000010000000101100100000000010000000101011001000000010000000101110000000000010000000101101110000000010000000101000100000000010111100101001001000000010111111001100001000000010000000101100110000000010000000101001010000000010111111101101111000000010000000101111010000000010000000101110101000000010000000101111100000000010000000100000001000000010000000101101011000000010000000101100010000000010000000100000001000000010000000101110010000000010000000101100011000000010000000101011110000000010000000101101100000000010000000101101111000000010000000101100111000000010000000101100110000000010000000101101010000000010000000101100101000000010000000101100101000000010000000101011110000000010000000101010100000000010000000101101010000000010000000101110010000000010000000101011110000000010000000101101111000000010000000101101000000000010000000101101011000000010000000101011101000000010000000101010110000000010000000101110100000000010000000101111000000000010000000101100011000000010000000101101001000000010000000101110100000000010000000101101000000000010000000101100110000000010000000101101111000000010000000101111100000000010000000101110000000000010000000101101011000000010000000101101101000000010000000101111010000000010000000101110001000000010000000101101010000000010000000101100101000000010000000101111001000000010000000101101000000000010000000101101001000000010000000101110110000000010000000100000001000000010000000100000001000000010000000101101110000000010000000101100011000000010000000101101000000000010000000101100001000000010000000101101001000000010000000101101111000000010000000101110010000000010000000100000001000000010000000100000001000000010000000100000001000000010000000100000001000000010000000100000001000000010000000100000001000000010000000100000001000000010000000100000001000000010000000100000001000000010000000100000001000000010000000100000001000000010000000100000001000000010000000100000001000000010000000100000001000000010000000100000001000000010000000100000001000000010000000100000001000000010000000100000001000000010000000100000001000000010000000100000001000000010000000100000001000000010000000100000001000000010000000100000001000000010000000100000001000000010000000100000001000000010000000100000001000000010000000100000001000000010000000100000001000000010000000100000001000000010000000100000001000000010000000100000001000000010000000100000001000000010000000100000001000000010000000100000001000000010000000100000001000000010000000100000001000000010000000100000001000000010000000100000001000000010000000100000001000000010000000100000001000000010000000100000001000000010000000100000001000000010000000100000001000000010000000100000001000000010000000101101111000000010000000101101010000000010000000100000001000000010000000100000001000000010000000100000001000000010000000101111001000000010000000101110100000000010000000100000001000000010000000100000001000000010000000100000001000000010000000100000001000000010000000100000001000000010000000100000001000000010000000100000001000000010000000100000001000000010000000100000001000000010000000100000001000000010000000100000001000000010000000100000001000000010000000100000001000000010000000100000001000000010000000100000001000000010000000100000000000000010000000100000001000000010000000100000001000000010000000100000001000000010000000100000001000000010000000100000001000000010000000100000001000000010000000100000001000000010000000100000001000000010000000100000001000000010000000100000001000000010000000100000001000000010000000100000001000000010000000100000001000000010000000100000001000000010000000100000001000000010000000100000001000000010000000100000001000000010000000100000001000000010000000100000001000000010000000100000001000000010000000100000001000000010000000100000001000000010000000100000001000000010000000100000001000000010000000100000001000000010000000100000001000000010000000100000001000000010000000100000001000000010000000100000001000000010000000100000001000000010000000100000001000000010000000100000001000000010000000100000001000000010000000100000001000000010000000100000001000000010000000100000001000000010000000100000001000000010000000100000001000000010000000100000001000000010000000100000001000000010000000100000001000000010000000100000001000000010000000100000001000000010000000100000001000000010000000100000001000000010000000100000001000000010000000100000001000000010000000100000001000000010000000100000001000000010000000100000001000000010000000100000001000000010000000100000001000000010000000100000001000000010000000100000001000000010000000100000001000000010000000100000001000000010000000100000001000000010000000100000001000000010000000100000001000000010000000100000001000000010000000100000001000000010000000100000001000000010000000100000001000000010000000100000001000000010000000100000001000000010000000100000001000000010000000100000001000000010000000100000001000000010000000100000001000000010000000100000001000000010000000100000001000000010000000100000001011110100000000100000001000000010000000100000001000000010000000100000001000000010000000100000001000000010000000100000001000000010000000100000001000000010000000100000001000000010000000100000001000000010000000100000001000000010000000100000001000000010000000100000001000000010000000100000001011101000000000100000001010110100000000100000001010101100000000100000001011001010000000100000001011000100000000100000001000000010000000100000001000000010000000100000001000000010000000100000001011110110000000100000001011010110000000100000001011110110000000100000001011111100000000100000001011100000000000100000001010011110000000100000001010110000000000100000001011011010000000100000001011011110000000100000001011010000000000100000001011101100000000100000001000000010000000100000001011111000000000100000001011101000000000100000001011101010000000100000001000000010000000100000001011101000000000100000001011010110000000100000001011001010000000100000001011010110000000100000001011001100000000100000001011101000000000100000001011111010000000100000001011011110000000100000001011001000000000100000001011010110000000100000001010110010000000100000001010110010000000100000001010111010000000100000001011010100000000100000001010111000000000100000001011110010000000100000001011110000000000100000001010011000000000100000001010110000000000100000001011010000000000100000001011110010000000100000001010111110000000100000001011101100000000100000001000000010000000100000001000000010000000100000001011111100000000100000001000000010000000100000001011110000000000100000001011000100000000100000001011111010000000100000001011110100000000100000001011111000000000100000001011010100000000100000001011001110000000100000001010111110000000100000001011000010000000100000001010110100000000100000001011100010000000100000001011110010000000100000001011101000000000100000001011000100000000100000001010010000000000100000001010011000000000100000001010110110000000100000001010101100000000100000001011111110000000100000001000000010000000100000001000000010000000100000001011101010000000100000001011010010000000100000001011110100000000100000001011101010000000100000001011010000000000100000001010011100000000100000001011000000000000100000001011010110000000100000001011100010000000100000001011101010000000100000001011110000000000100000001011110100000000100000001011100010000000100000001011110110000000100000001011011110000000100000001011110110000000100000001000000010000000100000001011110000000000100000001011010100000000100000001011111110000000100000001001011010111010101000110000110000101011100101011000111100101100100101101001010000101110100110010001011100101111000110100001010110101010100101100001110010110000100111000001100110101100000110000001101000101100100110001001100100101101000110001001100100101101000110001001100100101101000110001001100000101101000110001001100000101101000110001001100000101101000110001001100000101101000110001001100100101101000110001001100100101101000110001001100100101101000110001001100100101101000110001001100100101101000110001001100100101101000110001001100100101101000110001001100100101101000110001001100100101101000110001001100100101101000110001001100100101101000110001001100100101101000110001001100100101101000110001001100100101101000110001001100100101101000110001001100100101101000110001001100000101101000110001001100000101101000110001001100100101101000110001001100100101101000110001001100100101101000110001001100010101101100110010001011100101110000110010001010000101110100110010001000000101110100110001001010100110111101000010000000010000000100000001000000010000000100000001011101110000000100000001011100010000000100000001011010100000000100000001000000010000000100000001011010100000000100000001010101000000000100000001010110110000000100000001011010000000000100000001011010110000000100000001011010110000000100000001011110100000000100000001011110100000000100000001011110000000000100000001011100110000000100000001011101010000000100000001000000010000000100000001011101110000000100000001011010110000000100000001011001110000000100000001011011100000000100000001011001010000000100000001011100110000000100000001011111000000000100000001011011100000000100000001011001000000000100000001011010110000000100000001010110010000000100000001010110010000000100000001010110110000000100000001011010000000000100000001010111000000000100000001011110010000000100000001011110000000000100000001010011000000000100000001010110000000000100000001011010000000000100000001011110010000000100000001010111110000000100000001011101100000000100000001000000010000000100000001000000010000000100000001011111100000000100000001000000010000000100000001011110000000000100000001011000100000000100000001011111010000000100000001011110100000000100000001011111000000000100000001011010100000000100000001011001110000000100000001010111110000000100000001011000010000000100000001010111000000000100000001011100110000000100000001011110010000000100000001011101000000000100000001011000100000000100000001010010000000000100000001010011000000000100000001010110110000000100000001010110100000000100000001011111110000000100000001000000010000000100000001000000010000000100000001011100110000000100000001011010010000000100000001011111000000000100000001011101010000000100000001011011110000000100000001010011010000000100000001010110000000000100000001011011010000000100000001011100010000000100000001011010000000000100000001011101100000000100000001000000010000000100000001011111000000000100000001011101000000000100000001011101010000000100000001000000010000000100000001011101100000000100000001011010110000000100000001011001010000000100000001011010010000000100000001011010000000000100000001011110000000000100000001000000010000000100000001011101000000000100000001011000110000000100000001011001000000000100000001011000000000000100000001010111010000000100000001011000110000000100000001011100010000000100000001011110110000000100000001000000010000000100000001000000010000000100000001000000010000000100000001000000010000000100000001000000010000000100000001000000010000000100000001000000010000000100000001000000010000000100000001000000010000000100000001000000010000000100000001000000010000000100000001000000010000000100000001000000010000000100000001000000010000000100000001000000010000000100000001000000010000000100000001000000010000000100000001000000010000000100000001000000010000000100000001000000010000000100000001000000010000000100000001000000010000000100000001000000010000000100000001000000010000000100000001000000010000000100000001000000010000000100000001000000010000000100000001000000010000000100000001000000010000000100000001000000010000000100000001000000010000000100000001000000010000000100000001000000010000000100000001000000010000000100000001000000010000000100000001000000010000000100000001000000010000000100000001000000010000000100000001000000010000000100000001000000010000000100000001000000010000000100000001000000010000000100000001000000010000000100000001011101010000000100000001011001000000000100000001011000000000000100000001011000110000000100000001000000010000000100000001011110010000000100000001011001000000000100000001011101000000000100000001000000010000000100000001000000010000000100000001000000010000000100000001000000010000000100000001000000010000000100000001000000010000000100000001000000010000000100000001000000010000000100000001000000010000000100000001000000010000000100000001000000010000000100000001000000010000000100000001000000010000000100000001000000010000000100000001000000010000000100000001000000000000000100000001000000010000000100000001000000010000000100000001000000010000000100000001000000010000000100000001000000010000000100000001000000010000000100000001000000010000000100000001000000010000000100000001000000010000000100000001000000010000000100000001000000010000000100000001000000010000000100000001000000010000000100000001000000010000000100000001000000010000000100000001000000010000000100000001000000010000000100000001000000010000000100000001000000010000000100000001000000010000000100000001000000010000000100000001000000010000000100000001000000010000000100000001000000010000000100000001000000010000000100000001000000010000000100000001000000010000000100000001000000010000000100000001000000010000000100000001000000010000000100000001000000010000000100000001000000010000000100000001000000010000000100000001000000010000000100000001000000010000000100000001000000010000000100000001000000010000000100000001000000010000000100000001000000010000000100000001000000010000000100000001000000010000000100000001000000010000000100000001000000010000000100000001000000010000000100000001000000010000000100000001000000010000000100000001000000010000000100000001000000010000000100000001000000010000000100000001000000010000000100000001000000010000000100000001000000010000000100000001000000010000000100000001000000010000000100000001000000010000000100000001000000010000000100000001000000010000000100000001000000010000000100000001000000010000000100000001000000010000000100000001000000010000000100000001000000010000000100000001000000010000000100000001000000010000000100000001000000010000000100000001000000010000000100000001000000010000000100000001000000010000000100000001000000010000000100000001000000010000000100000001000000010111111100000001000000010111111100000001000000010000000100000001000000010000000100000001000000010000000100000001000000010000000100000001000000010000000100000001000000010000000100000001000000010000000100000001000000010000000100000001000000010000000100000001000000010000000100000001000000010000000100000001000000010000000100000001000000010111010000000001000000010110001000000001000000010110100000000001000000010111000100000001000000010000000100000001000000010000000100000001000000010111011000000001000000010110110100000001000000010110111000000001000000010110111100000001000000010110110100000001000000010110001000000001000000010101000000000001000000010110001000000001000000010110111100000001000000010111010000000001000000010111011100000001000000010111101100000001000000010111101000000001000000010111111000000001000000010111100100000001000000010111100100000001000000010000000100000001000000010111101100000001000000010111011100000001000000010110000100000001000000010110111000000001000000010110110000000001000000010101111100000001000000010110111000000001000000010101011100000001000000010101101100000001000000010110110000000001000000010101110000000001000000010101010000000001000000010101110100000001000000010110011000000001000000010111010000000001000000010110011000000001000000010110001000000001000000010110111000000001000000010110100100000001000000010110101000000001000000010111000000000001000000010000000100000001000000010111011000000001000000010111100100000001000000010111011000000001000000010111010000000001000000010000000100000001000000010110111000000001000000010110111000000001000000010110010100000001000000010110110000000001000000010000000100000001000000010111010100000001000000010110111000000001000000010101011000000001000000010101011000000001000000010110000000000001000000010111001100000001000000010111111000000001000000010111100000000001000000010111000100000001000000010110100100000001000000010110000000000001000000010110111100000001000000010111011100000001000000010000000100000001000000010000000100000001000000010111111100000001000000010111001000000001000000010110100100000001000000010110110100000001000000010111001000000001000000010101110100000001000000010100111000000001000000010110011100000001000000010110111100000001000000010111010100000001000000010111110100000001000000010111111000000001000000010111011100000001000000010110100000000001000000010111011100000001000000010111110000000001000000010111111000000001000000010000000100000001000000010000000100000001000000010000000100000001000000010011000101111110010010110001001101010011001001010010111001100110001110110010011101011100001100010010110101011101001100110010110101011001001100000011001001011010001100010011010101011010001100100011011001011011001100110011001001011010001100010011001001011010001100010011001001011010001100010011000001011010001100010011000001011010001100010011000001011010001100010011000001011010001100010011001001011010001100010011001001011010001100010011001001011010001100010011001001011010001100010011001001011010001100010011001001011010001100010011001001011010001100010011001001011010001100010011001001011010001100010011001001011010001100010011001001011010001100010011001001011010001100010011001001011010001100010011001001011010001100010011001001011010001100010011001001011010001100010011001001011010001100010011000001011010001100010011000001011010001100010011001001011010001100010011010001011001001100010011010001011001001100010011010101011010001100100011000101011011001100100010110001011100001100100010001101011001001011100001101101011100001011110110001100000001000000010000000100000001000000010000000100000001000000010110101100000001000000010111001000000001000000010110011000000001000000010110011000000001000000010100111100000001000000010101111000000001000000010111001000000001000000010111100100000001000000010110111000000001000000010111100100000001000000010111100100000001000000010111101100000001000000010111101000000001000000010111101000000001000000010000000100000001000000010111101100000001000000010111010100000001000000010110000000000001000000010110111000000001000000010110110000000001000000010101110100000001000000010110110000000001000000010101010100000001000000010101101100000001000000010110110000000001000000010101110000000001000000010101010000000001000000010101110100000001000000010110011000000001000000010111001000000001000000010110010000000001000000010110000000000001000000010110110000000001000000010110011100000001000000010110100000000001000000010110111000000001000000010000000100000001000000010111011000000001000000010111100100000001000000010111011000000001000000010111010000000001000000010000000100000001000000010110111000000001000000010110111000000001000000010110010100000001000000010110110000000001000000010000000100000001000000010111010100000001000000010110111000000001000000010101011000000001000000010101011000000001000000010110000000000001000000010111001100000001000000010111111000000001000000010111100000000001000000010111001100000001000000010110101100000001000000010110001000000001000000010111000100000001000000010111100000000001000000010111111100000001000000010000000100000001000000010000000100000001000000010111010000000001000000010110101100000001000000010110111100000001000000010111000100000001000000010110000100000001000000010101000000000001000000010110010000000001000000010110111100000001000000010111010000000001000000010111011100000001000000010111110100000001000000010111101000000001000000010111111000000001000000010111100100000001000000010111100100000001000000010000000100000001000000010111110100000001000000010111011100000001000000010110000100000001000000010110110100000001000000010110011000000001000000010101110000000001000000010110101000000001000000010101111000000001000000010101010100000001000000010110100100000001000000010110010000000001000000010101101000000001000000010110010000000001000000010111000100000001000000010111110000000001000000010000000100000001000000010000000100000001000000010000000100000001000000010000000100000001000000010000000100000001000000010000000100000001000000010000000100000001000000010000000100000001000000010000000100000001000000010000000100000001000000010000000100000001000000010000000100000001000000010000000100000001000000010000000100000001000000010000000100000001000000010000000100000001000000010000000100000001000000010000000100000001000000010000000100000001000000010000000100000001000000010000000100000001000000010000000100000001000000010000000100000001000000010000000100000001000000010000000100000001000000010000000100000001000000010000000100000001000000010000000100000001000000010000000100000001000000010000000100000001000000010000000100000001000000010000000100000001000000010000000100000001000000010000000100000001000000010000000100000001000000010000000100000001000000010000000100000001000000010000000100000001000000010000000100000001000000010000000100000001000000010000000100000001000000010000000100000001000000010000000100000001000000010110111000000001000000010101110100000001000000010101101000000001000000010101111000000001000000010000000100000001000000010111011000000001000000010110011000000001000000010111100000000001000000010000000100000001000000010000000100000001000000010000000100000001000000010000000100000001000000010000000100000001000000010000000100000001000000010000000100000001000000010000000100000001000000010000000100000001000000010000000100000001000000010000000100000001000000010000000100000001000000010000000100000001000000010000000100000001000000010000000100000001000000010000000000000001000000010000000100000001000000010000000100000001000000010000000100000001000000010000000100000001000000010000000100000001000000010000000100000001000000010000000100000001000000010000000100000001000000010000000100000001000000010000000100000001000000010000000100000001000000010000000100000001000000010000000100000001000000010000000100000001000000010000000100000001000000010000000100000001000000010000000100000001000000010000000100000001000000010000000100000001000000010000000100000001000000010000000100000001000000010000000100000001000000010000000100000001000000010000000100000001000000010000000100000001000000010000000100000001000000010000000100000001000000010000000100000001000000010000000100000001000000010000000100000001000000010000000100000001000000010000000100000001000000010000000100000001000000010000000100000001000000010000000100000001000000010000000100000001000000010000000100000001000000010000000100000001000000010000000100000001000000010000000100000001000000010000000100000001000000010000000100000001000000010000000100000001000000010000000100000001000000010000000100000001000000010000000100000001000000010000000100000001000000010000000100000001000000010000000100000001000000010000000100000001000000010000000100000001000000010000000100000001000000010000000100000001000000010000000100000001000000010000000100000001000000010000000100000001000000010000000100000001000000010000000100000001000000010000000100000001000000010000000100000001000000010000000100000001000000010000000100000001000000010000000100000001000000010000000100000001000000010000000100000001000000010000000100000001000000010000000100000001000000010000000100000001000000010000000100000001000000010000000100000001000000010000000101110111000000010000000100000001000000010000000100000001000000010000000100000001000000010000000100000001000000010000000100000001000000010000000100000001000000010000000100000001000000010000000100000001000000010000000100000001000000010000000100000001000000010000000100000001000000010000000100000001000000010000000100000001000000010000000101111010000000010000000101101010000000010000000101110110000000010000000100000001000000010000000101110101000000010000000100000001000000010000000100000001000000010000000101110101000000010000000101101101000000010000000101100110000000010000000101100101000000010000000101100110000000010000000101110101000000010000000100000001000000010000000101111110000000010000000101110000000000010000000101110110000000010000000101110101000000010000000101101001000000010000000101011100000000010000000101101001000000010000000101110001000000010000000101101100000000010000000101111001000000010000000100000001000000010000000100000001000000010000000100000001000000010000000101101000000000010000000101001000000000010111110101100010000000010000000101011100000000010000000101100000000000010000000101101011000000010000000101101110000000010000000101100011000000010000000101011110000000010000000101011111000000010000000101100111000000010000000101010011000000010000000101001110000000010111111101101000000000010000000101101011000000010000000101100000000000010000000101100101000000010000000100000001000000010000000101101111000000010000000101100100000000010000000101100011000000010000000101101110000000010000000101110011000000010000000101101000000000010000000101111100000000010000000101100111000000010000000101101101000000010000000101111011000000010000000101101111000000010000000101101111000000010000000101011100000000010000000101011011000000010000000101100001000000010000000101101111000000010000000101111110000000010000000101111011000000010000000101110110000000010000000101110111000000010000000101100100000000010000000101100111000000010000000101110011000000010000000101111110000000010000000100000001000000010000000101111110000000010000000101110100000000010000000101110100000000010000000101100011000000010000000101011101000000010000000101101110000000010000000101110101000000010000000100000001000000010000000100000001000000010000000101110011000000010000000101100100000000010000000101110100000000010000000101101101000000010000000101101010000000010000000101100001000000010000000101110011000000010000000100000001000000010000000100000001000000010000000100000001000000010000000101100010000000010111110100010110010110110010100100100101010111100011000100100111010110010010111100110100011000100011100000100111010100110010101000111010011000100011100100101111010101000010110000110011010110000011000000110101010110100011001000110010010110100011000100110010010110100011000100110000010110100011000100110000010110100011000100110000010110100011000100110010010110100011000100110010010110100011000100110010010110100011000100110010010110100011000100110010010110100011000100110010010110100011000100110010010110100011000100110010010110100011000100110010010110100011000100110010010110100011000100110010010110100011000100110010010110100011000100110010010110100011000100110010010110100011000100110010010110100011000100110010010110100011000100110010010110100011000100110010010110100011000100110010010110100011000100110000010110100011000100110000010110100011000100110100010110010011000100110100010110010011000100110110010110010011000100110110010110010011000100110010010110100011000100101110010110100011000100101011010111010011001100100000010110110010111100110111011111000100111100000001000000010000000100000001000000010000000101101010000000010000000101100111000000010000000101011011000000010000000101100011000000010000000101111000000000010000000100000001000000010000000101111111000000010000000101110100000000010000000101110010000000010000000101111100000000010000000101101000000000010000000101011110000000010000000101101001000000010000000101101110000000010000000101100111000000010000000101111101000000010000000100000001000000010000000100000001000000010000000100000001000000010000000101100110000000010000000101000110000000010111110001100000000000010000000101011100000000010000000101100000000000010000000101101011000000010000000101101110000000010000000101100011000000010000000101011110000000010000000101011111000000010000000101100101000000010000000101010001000000010000000101001100000000010111111101100110000000010000000101101001000000010000000101100000000000010000000101100101000000010000000100000001000000010000000101101111000000010000000101100100000000010000000101100011000000010000000101101110000000010000000101110011000000010000000101101000000000010000000101111100000000010000000101100111000000010000000101101101000000010000000101111011000000010000000101101111000000010000000101101111000000010000000101011100000000010000000101011011000000010000000101100001000000010000000101101111000000010000000101111110000000010000000101111011000000010000000101111000000000010000000101111001000000010000000101100110000000010000000101101001000000010000000101110110000000010000000100000001000000010000000100000001000000010000000100000001000000010000000101110011000000010000000101110100000000010000000101100110000000010000000101100000000000010000000101100110000000010000000101110101000000010000000100000001000000010000000100000001000000010000000101110010000000010000000101110110000000010000000101110111000000010000000101101011000000010000000101011100000000010000000101101001000000010000000101110001000000010000000101101100000000010000000101111001000000010000000100000001000000010000000100000001000000010000000100000001000000010000000101101001000000010000000101001011000000010111111101100111000000010000000101100111000000010000000101011000000000010000000101100110000000010000000101101110000000010000000101100010000000010000000101101100000000010000000101101111000000010000000101110101000000010000000101111010000000010000000100000001000000010000000100000001000000010000000100000001000000010000000100000001000000010000000100000001000000010000000100000001000000010000000100000001000000010000000100000001000000010000000100000001000000010000000100000001000000010000000101111110000000010000000101111100000000010000000100000001000000010000000100000001000000010000000100000001000000010000000100000001000000010000000100000001000000010000000100000001000000010000000100000001000000010000000100000001000000010000000100000001000000010000000100000001000000010000000100000001000000010000000100000001000000010000000100000001000000010000000100000001000000010000000100000001000000010000000100000001000000010000000100000001000000010000000100000001000000010000000100000001000000010000000100000001000000010000000100000001000000010000000100000001000000010000000100000001000000010000000100000001000000010000000100000001000000010000000100000001000000010000000100000001000000010000000100000001000000010000000100000001000000010000000100000001000000010000000100000001000000010000000101101000000000010000000101100101000000010000000101111110000000010000000100000001000000010000000100000001000000010000000101111001000000010000000101111000000000010000000100000001000000010000000100000001000000010000000100000001000000010000000100000001000000010000000100000001000000010000000100000001000000010000000100000001000000010000000100000001000000010000000100000001000000010000000100000001000000010000000100000001000000010000000100000001000000010000000100000001000000010000000100000001000000010000000100000001000000010000000100000000000000010000000100000001000000010000000100000001000000010000000100000001000000010000000100000001000000010000000100000001000000010000000100000001000000010000000100000001000000010000000100000001000000010000000100000001000000010000000100000001000000010000000100000001000000010000000100000001000000010000000100000001000000010000000100000001000000010000000100000001000000010000000100000001000000010000000100000001000000010000000100000001000000010000000100000001000000010000000100000001000000010000000100000001000000010000000100000001000000010000000100000001000000010000000100000001000000010000000100000001000000010000000100000001000000010000000100000001000000010000000100000001000000010000000100000001000000010000000100000001000000010000000100000001000000010000000100000001000000010000000100000001000000010000000100000001000000010000000100000001000000010000000100000001000000010000000100000001000000010000000100000001000000010000000100000001000000010000000100000001000000010000000100000001000000010000000100000001000000010000000100000001000000010000000100000001000000010000000100000001000000010000000100000001000000010000000100000001000000010000000100000001000000010000000100000001000000010000000100000001000000010000000100000001000000010000000100000001000000010000000100000001000000010000000100000001000000010000000100000001000000010000000100000001000000010000000100000001000000010000000100000001000000010000000100000001000000010000000100000001000000010000000100000001000000010000000100000001000000010000000100000001000000010000000100000001000000010000000100000001000000010000000100000001000000010000000100000001000000010000000100000001000000010000000100000001000000010000000100000001011110100000000100000001011100100000000100000001011110010000000100000001000000010000000100000001000000010000000100000001000000010000000100000001000000010000000100000001000000010000000100000001000000010000000100000001000000010000000100000001000000010000000100000001000000010000000100000001000000010000000100000001000000010000000100000001011111000000000100000001011011100000000100000001011010000000000100000001011101000000000100000001011000110000000100000001010100100000000100000001011011000000000100000001011101100000000100000001010111110000000100000001010100100000000100000001010111000000000100000001011101110000000100000001000000010000000100000001011010110000000100000001011010100000000100000001011100100000000100000001011111110000000100000001011110000000000100000001011000110000000100000001010111000000000100000001011011100000000100000001011111000000000100000001011101100000000100000001011011100000000100000001011001000000000100000001011011000000000100000001011111010000000100000001011010100000000100000001011110110000000100000001011101000000000100000001011101110000000100000001011110010000000100000001011110100000000100000001011100000000000100000001011110110000000100000001011101100000000100000001011101000000000100000001011100000000000100000001011001010000000100000001011010100000000100000001011010100000000100000001011010100000000100000001011100110000000100000001011010010000000100000001011000100000000100000001011000110000000100000001010101110000000100000001011010000000000100000001011001110000000100000001011000010000000100000001010101110000000100000001011000110000000100000001011001100000000100000001011011010000000100000001011011100000000100000001011001110000000100000001010110100000000100000001011000000000000100000001011001100000000100000001011011000000000100000001011010100000000100000001011100000000000100000001011100100000000100000001011100000000000100000001011001010000000100000001011011000000000100000001011010100000000100000001011011000000000100000001011001100000000100000001010100100000000100000001011010010000000100000001011111110000000100000001011011110000000100000001010100000000000100000001010011010000000100000001011110110000000100000001000000010000000100000001011100010000000100000001011001010000000100000001011110000000000100000001000000010000000100000001011101110000000100000001011011010000000100000001010110000000000100000001010100110000000100000001000000010000000100000001000000010000000100000001011001100000000100000001011101010000000100000001011110100000000100000001000111110110011000110100001010010110010100110101001100000110000100110101001011000101011000101101001100010101101100110010001100100101101000110001001101100101101100110011001101000101100100110001001100000101010100101101001101010101101000110010001100100101101000110001001100000101101000110001001100000101101000110001001100000101101000110001001100100101101000110001001100100101101000110001001101000101100100110001001101000101100100110001001100100101101000110001001100100101101000110001001100100101101000110001001100100101101000110001001100100101101000110001001100100101101000110001001100100101101000110001001100100101101000110001001100100101101000110001001100100101101000110001001100100101101000110001001100100101101000110001001100100101101000110001001100100101101000110001001100100101101000110001001100100101101000110001001100000101101000110001001100000101101000110001001101000101100100110001001101000101100100110001001101100101100100110001001101010101100000110000001101010101100000110000001100010101100100110000001011110101110100110011001001010101101100110000001001000110010100111000011010000000000100000001011110110000000100000001011000000000000100000001011000000000000100000001011110110000000100000001000000010000000100000001011010000000000100000001011001100000000100000001011101110000000100000001000000010000000100000001011100000000000100000001011010000000000100000001011000100000000100000001011001100000000100000001011111000000000100000001011110010000000100000001011011100000000100000001011001000000000100000001011001110000000100000001011111010000000100000001011100010000000100000001011110010000000100000001011100100000000100000001011101010000000100000001011110010000000100000001011110100000000100000001011100000000000100000001011110110000000100000001011101100000000100000001011101000000000100000001011100000000000100000001011001010000000100000001011010100000000100000001011010100000000100000001011010100000000100000001011100110000000100000001011010010000000100000001011000100000000100000001011000110000000100000001010101110000000100000001011010000000000100000001011001110000000100000001011000010000000100000001010101110000000100000001011000110000000100000001011001100000000100000001011011010000000100000001011011100000000100000001011001110000000100000001010110100000000100000001011000000000000100000001011001100000000100000001011011000000000100000001011011000000000100000001011100100000000100000001011101000000000100000001011100100000000100000001011001110000000100000001011011100000000100000001011011100000000100000001011100000000000100000001011010110000000100000001010101000000000100000001011010110000000100000001011111110000000100000001011011110000000100000001010100100000000100000001010101000000000100000001011111110000000100000001000000010000000100000001011011000000000100000001011010110000000100000001011100110000000100000001000000010000000100000001011110100000000100000001011001010000000100000001010111100000000100000001011011100000000100000001011111000000000100000001011101100000000100000001011011100000000100000001011001000000000100000001011010100000000100000001011110110000000100000001011010100000000100000001011110000000000100000001011100000000000100000001011111010000000100000001011111100000000100000001011101000000000100000001011011100000000100000001011110100000000100000001011110110000000100000001011100110000000100000001011100110000000100000001011101010000000100000001011111100000000100000001000000010000000100000001000000010000000100000001000000010000000100000001000000010000000100000001000000010000000100000001000000010000000100000001000000010000000100000001000000010000000100000001000000010000000100000001000000010000000100000001011100100000000100000001011101110000000100000001000000010000000100000001000000010000000100000001000000010000000100000001000000010000000100000001000000010000000100000001000000010000000100000001000000010000000100000001000000010000000100000001000000010000000100000001000000010000000100000001000000010000000100000001000000010000000100000001000000010000000100000001000000010000000100000001000000010000000100000001000000010000000100000001000000010000000100000001000000010000000100000001000000010000000100000001000000010000000100000001000000010000000100000001000000010000000100000001000000010000000100000001000000010000000100000001000000010000000100000001000000010000000100000001000000010000000100000001000000010000000100000001000000010000000100000001000000010000000100000001000000010000000100000001000000010000000100000001000000010000000100000001000000010000000100000001000000010000000100000001000000010000000100000001000000010000000100000001000000010000000100000001000000010000000100000001000000010000000100000001000000010000000100000001000000010000000100000001000000010000000100000001000000010000000100000001000000010000000100000001000000010000000100000001000000010000000100000001000000010000000100000001000000010000000100000001000000010000000100000001000000010000000100000001000000010000000100000001000000010000000100000001000000000000000100000001000000010000000100000001000000010000000100000001000000010000000100000001000000010000000100000001000000010000000100000001000000010000000100000001000000010000000100000001000000010000000100000001000000010000000100000001000000010000000100000001000000010000000100000001000000010000000100000001000000010000000100000001000000010000000100000001000000010000000100000001000000010000000100000001000000010000000100000001000000010000000100000001000000010000000100000001000000010000000100000001000000010000000100000001000000010000000100000001000000010000000100000001000000010000000100000001000000010000000100000001000000010000000100000001000000010000000100000001000000010000000100000001000000010000000100000001000000010000000100000001000000010000000100000001000000010000000100000001000000010000000100000001000000010000000100000001000000010000000100000001000000010000000100000001000000010000000100000001000000010000000100000001000000010000000100000001000000010000000100000001000000010000000100000001000000010000000100000001000000010000000100000001000000010000000100000001000000010000000100000001000000010000000100000001000000010000000100000001000000010000000100000001000000010000000100000001000000010000000100000001000000010000000100000001000000010000000100000001000000010000000100000001000000010000000100000001000000010000000100000001000000010000000100000001000000010000000100000001000000010000000100000001000000010000000100000001000000010000000100000001000000010000000100000001000000010000000100000001000000010000000100000001000000010000000100000001000000010000000100000001000000010000000100000001000000010000000100000001000000010000000100000001000000010000000100000001000000010111000000000001000000010110110000000001000000010110100100000001000000010000000100000001000000010000000100000001000000010000000100000001000000010000000100000001000000010000000100000001000000010000000100000001000000010000000100000001000000010000000100000001000000010000000100000001000000010000000100000001000000010000000100000001000000010111100100000001000000010111010100000001000000010110111000000001000000010101110100000001000000010101011100000001000000010101001000000001000000010101100000000001000000010101111100000001000000010110101000000001000000010110100000000001000000010101110100000001000000010110001100000001000000010110001000000001000000010101001100000001000000010110100100000001000000010111011100000001000000010000000100000001000000010111010000000001000000010110001000000001000000010110011100000001000000010110000000000001000000010110100000000001000000010101100000000001000000010110111100000001000000010100111100000001000000010100111100000001000000010110111100000001000000010101111100000001000000010111100100000001000000010000000100000001000000010110111000000001000000010110101100000001000000010111101000000001000000010110001100000001000000010110010000000001000000010110010000000001000000010111001000000001000000010110100100000001000000010110110100000001000000010111000000000001000000010111011000000001000000010111010000000001000000010110001100000001000000010110001000000001000000010110001100000001000000010101111100000001000000010110111000000001000000010111011100000001000000010111001100000001000000010111111000000001000000010110011000000001000000010101101000000001000000010101110100000001000000010111111000000001000000010111100000000001000000010110010000000001000000010101100000000001000000010101100100000001000000010110110000000001000000010111010100000001000000010110011000000001000000010110101100000001000000010110101000000001000000010111011000000001000000010110100000000001000000010110011100000001000000010110011000000001000000010101101100000001000000010101100100000001000000010101001100000001000000010101101000000001000000010101111100000001000000010110010000000001000000010110011100000001000000010101110100000001000000010101111000000001000000010101111100000001000000010101010100000001000000010110101000000001000000010111010100000001000000010111110100000001000000010111001000000001000000010110001100000001000000010110001100000001000000010111011100000001000000010110001000000001000000010110000100000001000000010111010100000001000000010111010000000001000000010010001001101001001101110001000101001111001000010010100101011110001100100010010101010001001010000011100101011110001101100011010101011010001100100011011101011010001100100011011101011010001100100011010101011000001100000011011001011011001100110011001101011011001100100011001001011010001100010011000001011010001100010011000001011010001100010011000001011010001100010011001001011010001100010011001001011010001100010011011001011001001100010011010001011001001100010011010001011001001100010011001001011010001100010011001001011010001100010011001001011010001100010011001001011010001100010011001001011010001100010011001001011010001100010011001001011010001100010011001001011010001100010011001001011010001100010011001001011010001100010011001001011010001100010011001001011010001100010011001001011010001100010011001001011010001100010011001001011010001100010011000001011010001100010011001001011010001100010011010001011001001100010011010001011001001100010011010101011000001100000011011001011000001100000011010101011000001100000011001001010111001011110010110101010111001011100010111101011111001101010001011101010010001001100011101001111111010100100000000100000001000000010110111000000001000000010110001100000001000000010110001100000001000000010101110100000001000000010101110000000001000000010110111000000001000000010111011100000001000000010000000100000001000000010111000000000001000000010110110000000001000000010110010100000001000000010101111000000001000000010110100100000001000000010101010100000001000000010110110100000001000000010100111100000001000000010100111000000001000000010110111000000001000000010101111100000001000000010111011100000001000000010000000100000001000000010110111000000001000000010110101100000001000000010111101000000001000000010110001100000001000000010110010000000001000000010110010000000001000000010111001000000001000000010110100100000001000000010110110100000001000000010111000000000001000000010111011000000001000000010111010000000001000000010110001100000001000000010110001000000001000000010110001100000001000000010101111100000001000000010110111000000001000000010111011100000001000000010111001100000001000000010111111000000001000000010110011000000001000000010101101000000001000000010101110100000001000000010111111000000001000000010111100000000001000000010110010000000001000000010101100000000001000000010101100100000001000000010110110000000001000000010111010100000001000000010110100000000001000000010110110100000001000000010110110000000001000000010111100000000001000000010110101000000001000000010110100100000001000000010110101000000001000000010101111100000001000000010101101100000001000000010101001000000001000000010101110000000001000000010110010000000001000000010110100100000001000000010110110000000001000000010110001000000001000000010101111000000001000000010110010000000001000000010101011000000001000000010110110000000001000000010111100000000001000000010000000100000001000000010111011100000001000000010110010100000001000000010110100100000001000000010110000000000001000000010110100000000001000000010101100000000001000000010110111100000001000000010100110100000001000000010100111100000001000000010110111100000001000000010101111100000001000000010111101000000001000000010000000100000001000000010111100000000001000000010110101100000001000000010111010100000001000000010101110100000001000000010101111000000001000000010110011000000001000000010111011000000001000000010111011100000001000000010111101000000001000000010000000100000001000000010000000100000001000000010000000100000001000000010000000100000001000000010000000100000001000000010000000100000001000000010000000100000001000000010000000100000001000000010000000100000001000000010000000100000001000000010000000100000001000000010111001000000001000000010111011100000001000000010000000100000001000000010000000100000001000000010000000100000001000000010000000100000001000000010000000100000001000000010000000100000001000000010000000100000001000000010000000100000001000000010000000100000001000000010000000100000001000000010000000100000001000000010000000100000001000000010000000100000001000000010000000100000001000000010000000100000001000000010000000100000001000000010000000100000001000000010000000100000001000000010000000100000001000000010000000100000001000000010000000100000001000000010000000100000001000000010000000100000001000000010000000100000001000000010000000100000001000000010000000100000001000000010000000100000001000000010000000100000001000000010000000100000001000000010000000100000001000000010000000100000001000000010111101100000001000000010110111100000001000000010000000100000001000000010000000100000001000000010000000100000001000000010111001100000001000000010111101100000001000000010000000100000001000000010000000100000001000000010000000100000001000000010000000100000001000000010000000100000001000000010000000100000001000000010000000100000001000000010000000100000001000000010000000100000001000000010000000100000001000000010000000100000001000000010000000100000001000000010000000100000001000000010000000100000001000000010000000100000001000000010000000000000001000000010000000100000001000000010000000100000001000000010000000100000001000000010000000100000001000000010000000100000001000000010000000100000001000000010000000100000001000000010000000100000001000000010000000100000001000000010000000100000001000000010000000100000001000000010000000100000001000000010000000100000001000000010000000100000001000000010000000100000001000000010000000100000001000000010000000100000001000000010000000101111011000000010000000101111001000000010000000101110111000000010000000100000001000000010000000100000001000000010000000100000001000000010000000101110000000000010000000100000001000000010000000100000001000000010000000100000001000000010000000100000001000000010000000100000001000000010000000100000001000000010000000100000001000000010000000100000001000000010000000100000001000000010000000100000001000000010000000100000001000000010000000100000001000000010000000100000001000000010000000100000001000000010000000100000001000000010000000100000001000000010000000100000001000000010000000100000001000000010000000100000001000000010000000100000001000000010000000100000001000000010000000100000001000000010000000100000001000000010000000100000001000000010000000100000001000000010000000100000001000000010000000100000001000000010000000100000001000000010000000100000001000000010000000100000001000000010000000100000001000000010000000100000001000000010000000100000001000000010000000100000001000000010000000100000001000000010000000100000001000000010000000100000001000000010000000100000001000000010000000100000001000000010000000100000001000000010000000100000001000000010000000100000001000000010000000100000001000000010000000100000001000000010000000100000001000000010000000100000001000000010000000100000001000000010000000100000001000000010000000100000001000000010000000100000001000000010000000100000001000000010000000100000001000000010000000100000001000000010000000100000001000000010000000100000001000000010000000100000001000000010000000100000001000000010000000100000001000000010000000100000001000000010000000101110010000000010000000101011111000000010000000101001110000000010000000101000101000000010111101101001110000000010000000100111011000000010111001001001011000000010000000101010110000000010000000101011111000000010000000101011000000000010000000101010100000000010000000101010111000000010000000101100100000000010000000101100000000000010000000101101000000000010000000101100010000000010000000101110010000000010000000101110100000000010000000101110001000000010000000101110110000000010000000101100010000000010000000101011101000000010000000101000100000000010111101101110010000000010000000101100000000000010000000101011010000000010000000101110100000000010000000101001001000000010111111101101000000000010000000100000001000000010000000101100010000000010000000101100010000000010000000101101011000000010000000101010100000000010000000101011101000000010000000101100100000000010000000101110001000000010000000101101111000000010000000101101100000000010000000101011111000000010000000101101000000000010000000101110100000000010000000101011110000000010000000101110100000000010000000100000001000000010000000100000001000000010000000101100100000000010000000101101111000000010000000101100001000000010000000101111110000000010000000101110101000000010000000101110111000000010000000101111001000000010000000101110110000000010000000101101010000000010000000101011110000000010000000101100111000000010000000101100000000000010000000101100111000000010000000101101110000000010000000101111111000000010000000101110111000000010000000101110000000000010000000101101011000000010000000101011011000000010000000101010110000000010000000101000110000000010111111101000110000000010111111001001010000000010000000100111100000000010111011001010001000000010000000101011010000000010000000101011100000000010000000101010111000000010000000101010011000000010000000101010100000000010000000101011101000000010000000101011110000000010000000101101000000000010000000101011111000000010000000101111001000000010000000101101001000000010000000101110111000000010000000101101111000000010000000101100101000000010000000101101111000000010000000101011000000000010000000100000001000000010000000101000011000000010101101100100010011000000011001000101010011000000011010100101100010111000011001000110010010110100011000100110110010110010011000100110110010110010011000100110111010110010011000100110111010110010011000100110110010110010011000100110100010110010011000100110010010110100011000100110010010110100011000100110000010110100011000100101110010110100011000100110000010110100011000100110010010110100011000100110010010110100011000100110110010110010011000100110100010110010011000100110100010110010011000100110010010110100011000100110010010110100011000100110010010110100011000100110010010110100011000100110010010110100011000100110010010110100011000100110010010110100011000100110010010110100011000100110010010110100011000100110010010110100011000100110010010110100011000100110010010110100011000100110010010110100011000100110010010110100011000100110010010110100011000100110010010110100011000100110010010110100011000100110100010110010011000100110100010110010011000100110110010110010011000100110110010110010011000100110111010110010011000100110110010110010011000100110010010101110010111100101111010110110011001000101010010111110011010000100000010111110011001101011100000000010111100101100111000000010000000101011111000000010000000101011000000000010000000101100110000000010000000101100110000000010000000101100010000000010000000101100111000000010000000101110101000000010000000101110110000000010000000101110010000000010000000101110010000000010000000101100111000000010000000101011011000000010000000101000011000000010111110001110111000000010000000101011110000000010000000101001111000000010000000101110111000000010000000101000110000000010111110101100110000000010000000101111111000000010000000101100010000000010000000101100010000000010000000101101011000000010000000101010100000000010000000101011101000000010000000101100100000000010000000101110001000000010000000101101111000000010000000101101100000000010000000101011111000000010000000101101000000000010000000101110100000000010000000101011110000000010000000101110100000000010000000100000001000000010000000100000001000000010000000101100100000000010000000101101111000000010000000101100001000000010000000101111110000000010000000101110101000000010000000101110111000000010000000101111001000000010000000101110110000000010000000101101010000000010000000101011110000000010000000101100111000000010000000101100000000000010000000101100111000000010000000101101110000000010000000101111111000000010000000101110111000000010000000101110000000000010000000101101011000000010000000101011101000000010000000101011000000000010000000101001000000000010111111001001000000000010111111001001111000000010000000100111111000000010111001101010001000000010000000101100000000000010000000101100001000000010000000101011001000000010000000101011001000000010000000101010101000000010000000101100100000000010000000101101000000000010000000101101010000000010000000101100101000000010000000101110100000000010000000101111000000000010000000101101101000000010000000101111001000000010000000101100010000000010000000101011101000000010000000101000100000000010111110001110010000000010000000101011110000000010000000101011010000000010000000101110100000000010000000101001001000000010111111101101010000000010000000101111100000000010000000101100111000000010000000101100010000000010000000101101010000000010000000101001101000000010000000101010110000000010000000101101011000000010000000101101101000000010000000101110111000000010000000101110101000000010000000100000001000000010000000100000001000000010000000100000001000000010000000100000001000000010000000100000001000000010000000100000001000000010000000100000001000000010000000100000001000000010000000100000001000000010000000100000001000000010000000100000001000000010000000100000001000000010000000100000001000000010000000100000001000000010000000100000001000000010000000100000001000000010000000100000001000000010000000100000001000000010000000100000001000000010000000100000001000000010000000100000001000000010000000100000001000000010000000100000001000000010000000100000001000000010000000100000001000000010000000100000001000000010000000100000001000000010000000100000001000000010000000100000001000000010000000100000001000000010000000100000001000000010000000100000001000000010000000100000001000000010000000100000001000000010000000100000001000000010000000100000001000000010000000100000001000000010000000100000001000000010000000100000001000000010000000100000001000000010000000100000001000000010000000100000001000000010000000100000001000000010000000101101011000000010000000101011101000000010000000101011001000000010000000101101000000000010000000101111101000000010000000101110101000000010000000101101001000000010000000101110000000000010000000100000001000000010000000100000001000000010000000100000001000000010000000100000001000000010000000100000001000000010000000100000001000000010000000100000001000000010000000100000001000000010000000100000001000000010000000100000001000000010000000100000001000000010000000100000001000000010000000100000001000000010000000100000001000000010000000100000001000000010000000100000000000000010000000100000001000000010000000100000001000000010000000100000001000000010000000100000001000000010000000100000001000000010000000100000001000000010000000100000001000000010000000100000001000000010000000100000001000000010000000100000001000000010000000100000001000000010000000100000001000000010000000100000001000000010000000100000001000000010000000100000001000000010000000100000001000000010000000100000001000000010000000100000001011110100000000100000001011101110000000100000001011101000000000100000001011111110000000100000001000000010000000100000001000000010000000100000001011100000000000100000001011111110000000100000001000000010000000100000001000000010000000100000001000000010000000100000001000000010000000100000001000000010000000100000001000000010000000100000001000000010000000100000001000000010000000100000001000000010000000100000001000000010000000100000001000000010000000100000001000000010000000100000001000000010000000100000001000000010000000100000001000000010000000100000001000000010000000100000001000000010000000100000001000000010000000100000001000000010000000100000001000000010000000100000001000000010000000100000001000000010000000100000001000000010000000100000001000000010000000100000001000000010000000100000001000000010000000100000001000000010000000100000001000000010000000100000001000000010000000100000001000000010000000100000001000000010000000100000001000000010000000100000001000000010000000100000001000000010000000100000001000000010000000100000001000000010000000100000001000000010000000100000001000000010000000100000001000000010000000100000001000000010000000100000001000000010000000100000001000000010000000100000001000000010000000100000001000000010000000100000001000000010000000100000001000000010000000100000001000000010000000100000001000000010000000100000001000000010000000100000001000000010000000100000001000000010000000100000001000000010000000100000001000000010000000100000001000000010000000100000001000000010000000100000001000000010000000100000001000000010000000100000001011111000000000100000001011011100000000100000001011000000000000100000001010101010000000100000001010111110000000100000001011101110000000100000001010101110000000100000001010110110000000100000001010101010000000100000001010011010000000100000001010011000000000100000001010111010000000100000001011011000000000100000001011101010000000100000001011010000000000100000001010111010000000100000001010011010000000100000001010111000000000100000001011011010000000100000001011100000000000100000001011000100000000100000001011000010000000100000001010101110000000100000001010101100000000100000001011100000000000100000001010101000000000100000001010011000000000100000001010110000000000100000001001111010000000101110101010111000000000100000001011010110000000100000001011010010000000100000001011101010000000100000001011100100000000100000001011010010000000100000001011100000000000100000001010111010000000100000001010011000000000101111010010100110000000101111111010110110000000100000001010101100000000100000001010011000000000101111010011100000000000100000001011000100000000100000001011001000000000100000001011010000000000100000001011100000000000100000001011100100000000100000001011000100000000100000001010010100000000101111100011011110000000100000001011100000000000100000001011111100000000100000001000000010000000100000001010111100000000100000001010101110000000100000001011001010000000100000001011010110000000100000001011000110000000100000001010011010000000100000001011010100000000100000001000000010000000100000001011111000000000100000001011000100000000100000001010111100000000100000001010110110000000100000001010110000000000100000001010011110000000100000001011000000000000100000001011100110000000100000001010100110000000100000001010110010000000100000001010111010000000100000001010110000000000100000001010011010000000100000001010101000000000100000001011010100000000100000001011100010000000100000001011011110000000100000001010101110000000100000001010110000000000100000001010100100000000100000001011011000000000100000001011011100000000100000001011011100000000100000001011000000000000100000001011010010000000100000001010111110000000100000001011100100000000100000001000110010101100000101100001010010101111100110100001010100101101000110000001100000101110000110011001101000101100100110001001101100101100100110001001101110101100100110001001101110101100100110001001101110101100100110001001101100101100100110001001101100101100100110001001100100101101000110001001100100101101000110001001100000101101000110001001011100101101000110001001100000101101000110001001100100101101000110001001100100101101000110001001101100101100100110001001101000101100100110001001101000101100100110001001100100101101000110001001100100101101000110001001100100101101000110001001100100101101000110001001100100101101000110001001100100101101000110001001100100101101000110001001100100101101000110001001100100101101000110001001100100101101000110001001100100101101000110001001100100101101000110001001100100101101000110001001100100101101000110001001100100101101000110001001100100101101000110001001100100101101000110001001101000101100100110001001101000101100100110001001101000101100100110001001101100101100100110001001101100101100100110001001101100101100100110001001101010101100000110000001101100101111000110101001010000101100000101110000110110101011000101010010010110000000101100101011010010000000100000001011001010000000100000001011101010000000100000001011110000000000100000001011011010000000100000001011001010000000100000001010100000000000100000001011000110000000100000001011011100000000100000001011011100000000100000001011010100000000100000001010111010000000100000001010111010000000100000001010100100000000100000001011010100000000100000001010110000000000100000001010011010000000100000001010101110000000100000001001101100000000101101110010110100000000100000001011010010000000100000001011010010000000100000001011101010000000100000001011100100000000100000001011010010000000100000001011100000000000100000001010111010000000100000001010011000000000101111010010100110000000100000001010110110000000100000001010101100000000100000001010011000000000101111010011100000000000100000001011000100000000100000001011001000000000100000001011010000000000100000001011100000000000100000001011100100000000100000001011000100000000100000001010010100000000101111100011011110000000100000001011100000000000100000001011111100000000100000001000000010000000100000001010111100000000100000001010101110000000100000001011001010000000100000001011010110000000100000001011000110000000100000001010011010000000100000001011010100000000100000001000000010000000100000001011111000000000100000001011000100000000100000001010111100000000100000001010111010000000100000001010110100000000100000001010100010000000100000001011000100000000100000001011101110000000100000001010111000000000100000001010110010000000100000001010101100000000100000001010100110000000100000001010100100000000100000001011000000000000100000001011010110000000100000001011101010000000100000001011011110000000100000001010111110000000100000001010100010000000100000001010111100000000100000001011100110000000100000001011011000000000100000001011000110000000100000001011000010000000100000001010101110000000100000001010101100000000100000001011100000000000100000001010101000000000100000001010011000000000100000001010110000000000100000001001111010000000101110101010111000000000100000001011010010000000100000001011100110000000100000001011110000000000100000001011011110000000100000001010111010000000100000001011001100000000100000001011000110000000100000001010100110000000100000001010111010000000100000001010111010000000100000001011101000000000100000001000000010000000100000001000000010000000100000001000000010000000100000001000000010000000100000001000000010000000100000001000000010000000100000001000000010000000100000001000000010000000100000001000000010000000100000001000000010000000100000001011110110000000100000001000000010000000100000001000000010000000100000001000000010000000100000001000000010000000100000001000000010000000100000001000000010000000100000001000000010000000100000001000000010000000100000001000000010000000100000001000000010000000100000001000000010000000100000001000000010000000100000001000000010000000100000001000000010000000100000001000000010000000100000001000000010000000100000001000000010000000100000001000000010000000100000001000000010000000100000001000000010000000100000001000000010000000100000001000000010000000100000001000000010000000100000001000000010000000100000001000000010000000100000001000000010000000100000001000000010000000100000001000000010000000100000001000000010000000100000001000000010000000100000001000000010000000100000001011100110000000100000001010110100000000100000001010111110000000100000001010111110000000100000001000000010000000100000001011111100000000100000001011001100000000100000001011100110000000100000001000000010000000100000001000000010000000100000001000000010000000100000001000000010000000100000001000000010000000100000001000000010000000100000001000000010000000100000001000000010000000100000001000000010000000100000001000000010000000100000001000000010000000100000001000000010000000100000001000000010000000100000001000000010000000100000001000000010000000100000001000000000000000100000001000000010000000100000001000000010000000100000001000000010000000100000001000000010000000100000001000000010000000100000001000000010000000100000001000000010000000100000001000000010000000100000001000000010000000100000001000000010000000100000001000000010000000100000001000000010000000100000001000000010000000100000001000000010000000100000001000000010000000100000001000000010000000100000001000000010000000100000001000000010000000100000001000000010000000100000001000000010000000100000001000000010000000100000001000000010000000100000001000000010000000100000001000000010000000100000001000000010000000100000001000000010000000100000001000000010000000100000001000000010000000100000001000000010000000100000001000000010000000100000001000000010000000100000001000000010000000100000001000000010000000100000001000000010000000100000001000000010000000100000001000000010000000100000001000000010000000100000001000000010000000100000001000000010000000100000001000000010000000100000001000000010000000100000001000000010000000100000001000000010000000100000001000000010000000100000001000000010000000100000001000000010000000100000001000000010000000100000001000000010000000100000001000000010000000100000001000000010000000100000001000000010000000100000001000000010000000100000001000000010000000100000001000000010000000100000001000000010000000100000001000000010000000100000001000000010000000100000001000000010000000100000001000000010000000100000001000000010000000100000001000000010000000100000001000000010000000100000001000000010000000100000001000000010000000100000001000000010000000100000001000000010000000100000001000000010000000100000001000000010000000100000001000000010000000100000001000000010111111100000001000000010111000100000001000000010000000100000001000000010111110100000001000000010000000100000001000000010000000100000001000000010000000100000001000000010000000100000001000000010000000100000001000000010000000100000001000000010000000100000001000000010000000100000001000000010000000100000001000000010000000100000001000000010111101100000001000000010111011100000001000000010111000000000001000000010111111100000001000000010000000100000001000000010110110000000001000000010101111000000001000000010101001000000001000000010101011000000001000000010110010100000001000000010111001000000001000000010111010000000001000000010110101100000001000000010110111100000001000000010110100000000001000000010101000100000001000000010100101000000001000000010101001100000001000000010110011000000001000000010101111000000001000000010110111100000001000000010101011000000001000000010110011000000001000000010110111100000001000000010101011000000001000000010100100000000001000000010100111000000001000000010101111000000001000000010111010100000001000000010100110000000001011111110100000100000001011101000101111100000001000000010110001000000001000000010110000000000001000000010111000000000001000000010111100000000001000000010110001100000001000000010110101100000001000000010110011100000001000000010110101000000001000000010101101100000001000000010000000100000001000000010110011100000001000000010101101100000001000000010110101100000001000000010111000000000001000000010111000100000001000000010101110100000001000000010101110000000001000000010110100100000001000000010101011100000001000000010101100100000001000000010000000100000001000000010110010000000001000000010110110100000001000000010110110000000001000000010110101100000001000000010110110100000001000000010101101100000001000000010110010100000001000000010000000100000001000000010110001000000001000000010100111000000001000000010101110000000001000000010110011100000001000000010111001000000001000000010110111100000001000000010111011100000001000000010000000100000001000000010110110100000001000000010110000000000001000000010100111100000001000000010101100000000001000000010110101000000001000000010110111000000001000000010110100100000001000000010110101000000001000000010110100000000001000000010110101000000001000000010100011000000001000000010100101100000001000000010101001000000001000000010110101000000001000000010110101000000001000000010111011100000001000000010110110100000001000000010111000000000001000000010010011101100111001111010001111001010110001011010010111001011101001101100010001101001111001010000010110101010100001011100011010001011001001100010011011001011001001100010011011101011001001100010011011101011001001100010011011101011001001100010011011001011001001100010011011001011001001100010011001001011010001100010011001001011010001100010011000001011010001100010011000001011010001100010011000001011010001100010011001001011010001100010011001001011010001100010011011001011001001100010011010001011001001100010011010001011001001100010011001001011010001100010011001001011010001100010011001001011010001100010011001001011010001100010011001001011010001100010011001001011010001100010011001001011010001100010011001001011010001100010011001001011010001100010011001001011010001100010011001001011010001100010011001001011010001100010011001001011010001100010011001001011010001100010011001001011010001100010011010001011001001100010011010001011001001100010011001001011010001100010011001001011010001100010011001001011010001100010011010001011001001100010011011001011001001100010011011001011001001100010011010101011000001100000011011101011100001101000010111101011011001100100010010001011010001011110001101101011100001011110111000000000001000000010000000100000001000000010111011000000001000000010110111100000001000000010111000100000001000000010110100000000001000000010100011000000001000000010100100100000001000000010101111000000001000000010110001000000001000000010101110000000001000000010110001100000001000000010101110100000001000000010110101000000001000000010111000000000001000000010101001100000001000000010100001000000001011111010100101000000001000000010110000000000001000000010111001100000001000000010100101000000001011111110011111100000001011101000101110100000001000000010110001000000001000000010110000000000001000000010111000000000001000000010111100000000001000000010110001100000001000000010110101100000001000000010110010100000001000000010110100000000001000000010101100100000001000000010000000100000001000000010110010100000001000000010101100100000001000000010110101100000001000000010111000000000001000000010111000100000001000000010101110100000001000000010101110000000001000000010110100100000001000000010101011100000001000000010101100100000001000000010000000100000001000000010110010000000001000000010110110100000001000000010110110000000001000000010110101100000001000000010110110100000001000000010101101100000001000000010110010100000001000000010000000100000001000000010110000000000001000000010100111000000001000000010101110000000001000000010110011100000001000000010111001000000001000000010111000100000001000000010111100100000001000000010000000100000001000000010111000100000001000000010110010000000001000000010101100000000001000000010101110100000001000000010110001100000001000000010110111100000001000000010111011000000001000000010110101100000001000000010111011000000001000000010110100100000001000000010101001100000001000000010100101000000001000000010101011100000001000000010110010000000001000000010101111100000001000000010110111100000001000000010101011000000001000000010110011000000001000000010110111100000001000000010101011000000001000000010100100000000001000000010100111000000001000000010101111000000001000000010111010100000001000000010100101100000001011111110100100000000001011110010101111100000001000000010101111000000001000000010101010000000001000000010110011000000001000000010111110000000001000000010110001100000001000000010111000000000001000000010111001000000001000000010000000100000001000000010000000100000001000000010000000100000001000000010000000100000001000000010000000100000001000000010000000100000001000000010000000100000001000000010000000100000001000000010000000100000001000000010000000100000001000000010000000100000001000000010110110000000001000000010111001100000001000000010000000100000001000000010000000100000001000000010000000100000001000000010000000100000001000000010000000100000001000000010000000100000001000000010000000100000001000000010000000100000001000000010000000100000001000000010000000100000001000000010000000100000001000000010000000100000001000000010000000100000001000000010000000100000001000000010000000100000001000000010000000100000001000000010000000100000001000000010000000100000001000000010000000100000001000000010000000100000001000000010000000100000001000000010000000100000001000000010000000100000001000000010000000100000001000000010000000100000001000000010000000100000001000000010000000100000001000000010000000100000001000000010000000100000001000000010000000100000001000000010000000100000001000000010000000100000001000000010111111100000001000000010000000100000001000000010000000100000001000000010000000100000001000000010000000100000001000000010000000100000001000000010000000100000001000000010000000100000001000000010000000100000001000000010000000100000001000000010000000100000001000000010000000100000001000000010000000100000001000000010000000100000001000000010000000100000001000000010000000100000001000000010000000100000001000000010000000100000001000000010000000100000001000000010000000100000001000000010000000100000001000000010000000000000001000000010000000100000001000000010000000100000001000000010000000100000001000000010000000100000001000000010000000100000001000000010000000100000001000000010000000100000001000000010000000100000001000000010000000100000001000000010000000100000001000000010000000100000001000000010000000100000001000000010000000100000001000000010000000100000001000000010000000100000001000000010000000100000001000000010000000100000001000000010000000100000001000000010000000100000001000000010000000100000001000000010000000100000001000000010000000100000001000000010000000100000001000000010000000100000001000000010000000100000001000000010000000100000001000000010000000100000001000000010000000100000001000000010000000100000001000000010000000100000001000000010000000100000001000000010000000100000001000000010000000100000001000000010000000100000001000000010000000100000001000000010000000100000001000000010000000100000001000000010000000100000001000000010000000100000001000000010000000100000001000000010000000100000001000000010000000100000001000000010000000100000001000000010000000100000001000000010000000100000001000000010000000100000001000000010000000100000001000000010000000100000001000000010000000100000001000000010000000100000001000000010000000100000001000000010000000100000001000000010000000100000001000000010000000100000001000000010000000100000001000000010000000100000001000000010000000100000001000000010000000100000001000000010000000100000001000000010000000100000001000000010000000100000001000000010000000100000001000000010000000100000001000000010000000100000001000000010000000100000001000000010000000100000001000000010000000100000001000000010000000100000001000000010000000100000001000000010000000100000001000000010000000101100001000000010000000100000001000000010000000101111100000000010000000100000001000000010000000100000001000000010000000100000001000000010000000100000001000000010000000100000001000000010000000100000001000000010000000100000001000000010000000100000001000000010000000100000001000000010000000100000001000000010000000101111001000000010000000101110101000000010000000101101101000000010000000101101101000000010000000100000001000000010000000101110101000000010000000101110100000000010000000101011011000000010000000101011010000000010000000101101000000000010000000101101011000000010000000101100011000000010000000101101000000000010000000101111010000000010000000101110111000000010000000101101010000000010000000101100010000000010000000101011101000000010000000101101010000000010000000101101011000000010000000101110010000000010000000101010111000000010000000101011011000000010000000101010010000000010000000101011101000000010000000101011111000000010000000101011110000000010000000101111100000000010000000100000001000000010000000101110110000000010000000101100010000000010000000101100110000000010000000101100010000000010000000101100000000000010000000101010111000000010000000101011110000000010000000101100000000000010000000101101000000000010000000101011000000000010000000101100001000000010000000101011111000000010000000101110101000000010000000101010010000000010000000101010011000000010000000101101001000000010000000101101010000000010000000101011010000000010000000101011111000000010000000100000001000000010000000101101110000000010000000101011001000000010000000101001110000000010000000100000001000000010000000101101011000000010000000101111000000000010000000101101111000000010000000101101011000000010000000101100001000000010000000101110110000000010000000101110100000000010000000101100111000000010000000101011110000000010000000101011101000000010000000101100110000000010000000101100110000000010000000101101010000000010000000101100101000000010000000101101110000000010000000101111110000000010000000101110010000000010000000101110100000000010000000101011110000000010000000101010111000000010000000101100001000000010000000101100100000000010000000101100000000000010000000101100001000000010000000101111000000000010000000100000001000000010000000101101001000000010000000101100010000000010000000101101000000000010000000101101111000000010000000101111101000000010000000101111100000000010000000101110100000000010000000100111101011111110101010100010100010011100010010100110000011000100011101000101001010101010010111000110101010111000011011000111101011000100011110000110100010110010011000100110100010110010011000100110110010110010011000100110110010110010011000100110111010110010011000100110110010110010011000100110110010110010011000100110100010110010011000100110010010110100011000100110000010110100011000100110000010110100011000100110000010110100011000100110010010110100011000100110010010110100011000100110100010110010011000100110100010110010011000100110010010110100011000100110010010110100011000100110010010110100011000100110010010110100011000100110010010110100011000100110010010110100011000100110010010110100011000100110010010110100011000100110010010110100011000100110010010110100011000100110010010110100011000100110010010110100011000100110010010110100011000100110010010110100011000100110010010110100011000100110010010110100011000100110100010110010011000100110100010110010011000100110010010110100011000100110010010110100011000100110010010110100011000100110010010110100011000100110100010110010011000100110110010110010011000100111010010111000011010000110000010100110010101100110110011000000011011100011101010011110010010100101001011001100011101001001011000000010110001101111010000000010000000101110100000000010000000101101111000000010000000100000001000000010000000101110111000000010000000101110001000000010000000101011010000000010000000101100100000000010000000101100101000000010000000101101011000000010000000101111000000000010000000101010100000000010000000101010111000000010000000101011001000000010000000101010111000000010000000101011100000000010000000101011110000000010000000101111010000000010000000100000001000000010000000101110100000000010000000101100000000000010000000101100100000000010000000101100010000000010000000101100000000000010000000101010111000000010000000101011110000000010000000101100000000000010000000101101000000000010000000101010110000000010000000101011111000000010000000101011101000000010000000101110011000000010000000101010000000000010000000101010001000000010000000101101001000000010000000101101010000000010000000101011010000000010000000101011111000000010000000100000001000000010000000101101110000000010000000101011001000000010000000101001110000000010000000100000001000000010000000101101011000000010000000101111000000000010000000101101111000000010000000101101011000000010000000101100001000000010000000101110110000000010000000101110100000000010000000101100101000000010000000101011100000000010000000101011101000000010000000101100110000000010000000101100110000000010000000101101010000000010000000101100111000000010000000101110000000000010000000101111100000000010000000101111010000000010000000101110110000000010000000101100000000000010000000101100010000000010000000101101010000000010000000101101001000000010000000101011110000000010000000101100111000000010000000101111101000000010000000101110111000000010000000101101100000000010000000101100010000000010000000101011110000000010000000101101001000000010000000101101011000000010000000101110010000000010000000101010111000000010000000101011011000000010000000101010010000000010000000101011101000000010000000101011111000000010000000101011110000000010000000101111100000000010000000100000001000000010000000101110011000000010000000101100011000000010000000101100011000000010000000101100010000000010000000101011010000000010000000101010010000000010000000101011111000000010000000101100100000000010000000101110001000000010000000101101111000000010000000100000001000000010000000100000001000000010000000100000001000000010000000100000001000000010000000100000001000000010000000100000001000000010000000100000001000000010000000100000001000000010000000100000001000000010000000100000001000000010000000100000001000000010000000101110001000000010000000101100001000000010000000100000001000000010000000100000001000000010000000100000001000000010000000100000001000000010000000100000001000000010000000100000001000000010000000100000001000000010000000100000001000000010000000100000001000000010000000100000001000000010000000100000001000000010000000100000001000000010000000100000001000000010000000100000001000000010000000100000001000000010000000100000001000000010000000100000001000000010000000100000001000000010000000100000001000000010000000100000001000000010000000100000001000000010000000100000001000000010000000100000001000000010000000100000001000000010000000100000001000000010000000100000001000000010000000100000001000000010000000100000001000000010000000100000001000000010000000100000001000000010000000100000001000000010000000100000001000000010000000100000001000000010000000100000001000000010000000100000001000000010000000100000001000000010000000100000001000000010000000100000001000000010000000100000001000000010000000100000001000000010000000100000001000000010000000100000001000000010000000100000001000000010000000100000001000000010000000100000001000000010000000100000001000000010000000100000001000000010000000100000001000000010000000100000001000000010000000100000001000000010000000100000001000000010000000100000001000000010000000100000001000000010000000100000000000000010000000100000001000000010000000100000001000000010000000100000001000000010000000100000001000000010000000100000001000000010000000100000001000000010000000100000001000000010000000100000001000000010000000100000001000000010000000100000001000000010000000100000001000000010000000100000001000000010000000100000001000000010000000100000001000000010000000100000001000000010000000100000001000000010000000100000001000000010000000100000001000000010000000100000001011101110000000100000001011110010000000100000001000000010000000100000001000000010000000100000001000000010000000100000001011011100000000100000001011111010000000100000001000000010000000100000001000000010000000100000001000000010000000100000001000000010000000100000001000000010000000100000001000000010000000100000001000000010000000100000001000000010000000100000001000000010000000100000001000000010000000100000001000000010000000100000001000000010000000100000001000000010000000100000001000000010000000100000001000000010000000100000001000000010000000100000001000000010000000100000001000000010000000100000001000000010000000100000001000000010000000100000001000000010000000100000001000000010000000100000001000000010000000100000001000000010000000100000001000000010000000100000001000000010000000100000001000000010000000100000001000000010000000100000001000000010000000100000001000000010000000100000001000000010000000100000001000000010000000100000001000000010000000100000001000000010000000100000001000000010000000100000001000000010000000100000001000000010000000100000001000000010000000100000001000000010000000100000001000000010000000100000001000000010000000100000001000000010000000100000001000000010000000100000001000000010000000100000001000000010000000100000001000000010000000100000001000000010000000100000001011111000000000100000001000000010000000100000001000000010000000100000001000000010000000100000001000000010000000100000001000000010000000100000001000000010000000100000001000000010000000100000001000000010000000100000001000000010000000100000001000000010000000100000001000000010000000100000001011110000000000100000001011110010000000100000001011100110000000100000001011110100000000100000001011011010000000100000001011110000000000100000001011110010000000100000001011100000000000100000001010100000000000100000001010001100000000101111110011000000000000100000001011110000000000100000001000000010000000100000001000000010000000100000001011111000000000100000001011110100000000100000001011100010000000100000001011100010000000100000001011110100000000100000001011001110000000100000001011001000000000100000001010100010000000100000001001100100000000101101110011000110000000100000001011111110000000100000001011011100000000100000001011011100000000100000001011000100000000100000001011000110000000100000001011011000000000100000001011010010000000100000001011000000000000100000001011011010000000100000001011000010000000100000001011001000000000100000001011011010000000100000001011100000000000100000001011001000000000100000001011010000000000100000001011000110000000100000001011001110000000100000001010110100000000100000001011001000000000100000001011010000000000100000001011001110000000100000001011010000000000100000001011011100000000100000001000000010000000100000001011001100000000100000001011011010000000100000001011011010000000100000001011011100000000100000001011001100000000100000001011101110000000100000001011110010000000100000001011101010000000100000001011010100000000100000001011110010000000100000001011011010000000100000001011001000000000100000001011001110000000100000001011010000000000100000001011011110000000100000001011011110000000100000001011011110000000100000001011001000000000100000001011100110000000100000001011110010000000100000001011001100000000100000001011110100000000100000001000000010000000100000001011010110000000100000001010010000000000100000001010001010000000100000001010110110000000100000001011100100000000100000001000000010000000100000001011111000000000100000001011101100000000100000001011100100000000100000001011111110000000100000001011100010000000100000001000000010000000100000001000000010000000100000001010001000000000101011100000110110101100000101100001011000110000100110110001011010101101100110001001101000101110000110011001011100101000100101001001101000101011100101111001100100101101000110001001100000101101000110001001100100101101000110001001101000101100100110001001101100101100100110001001101100101100100110001001101100101100100110001001101000101100100110001001100100101101000110001001100100101101000110001001100000101101000110001001100000101101000110001001100100101101000110001001100100101101000110001001101000101100100110001001101000101100100110001001100100101101000110001001100100101101000110001001100100101101000110001001100100101101000110001001100100101101000110001001100100101101000110001001100100101101000110001001100100101101000110001001100100101101000110001001100100101101000110001001100100101101000110001001100100101101000110001001100100101101000110001001100100101101000110001001100100101101000110001001100100101101000110001001101000101100100110001001101000101100100110001001100100101101000110001001100000101101000110001001100000101101000110001001100000101101000110001001100100101101000110001001101000101100100110001001101100101100100110001001100110101011000101110001011110101011100101110001100100110000000110110000111110101011100101100001100010111001001000101011000110000000101111110011011110000000100000001011110100000000100000001000000010000000100000001011101000000000100000001000000010000000100000001011101000000000100000001011011110000000100000001011101110000000100000001011111010000000100000001011100010000000100000001011000110000000100000001010011000000000100000001001110000000000101110100010111010000000100000001011111110000000100000001011010110000000100000001011010000000000100000001011000100000000100000001011000110000000100000001011011000000000100000001011010010000000100000001011000000000000100000001011011010000000100000001010111110000000100000001011000100000000100000001011011010000000100000001011100000000000100000001011001000000000100000001011010000000000100000001011000110000000100000001011001110000000100000001010110000000000100000001011000100000000100000001011010000000000100000001011001110000000100000001011010000000000100000001011011100000000100000001000000010000000100000001011001100000000100000001011011010000000100000001011011010000000100000001011011100000000100000001011001100000000100000001011101110000000100000001011110010000000100000001011101010000000100000001011010100000000100000001011110010000000100000001011010110000000100000001011000100000000100000001011001010000000100000001011001100000000100000001011011010000000100000001011011010000000100000001011011010000000100000001011001000000000100000001011100110000000100000001011110010000000100000001011011000000000100000001011110010000000100000001011111000000000100000001011011010000000100000001010011010000000100000001010010010000000100000001010111010000000100000001011110000000000100000001000000010000000100000001000000010000000100000001011111000000000100000001011110100000000100000001011100010000000100000001011100100000000100000001011110100000000100000001011001110000000100000001011001000000000100000001010100010000000100000001001100100000000101101100011000110000000100000001011111110000000100000001011011100000000100000001011011100000000100000001011000100000000100000001011000010000000100000001011011010000000100000001011001100000000100000001011000000000000100000001011001010000000100000001010111100000000100000001011000100000000100000001011011110000000100000001011101010000000100000001011100110000000100000001000000010000000100000001000000010000000100000001000000010000000100000001000000010000000100000001000000010000000100000001000000010000000100000001000000010000000100000001000000010000000100000001000000010000000100000001000000010000000100000001000000010000000100000001000000010000000100000001000000010000000100000001000000010000000100000001000000010000000100000001000000010000000100000001000000010000000100000001000000010000000100000001000000010000000100000001000000010000000100000001000000010000000100000001000000010000000100000001000000010000000100000001000000010000000100000001000000010000000100000001000000010000000100000001000000010000000100000001000000010000000100000001000000010000000100000001000000010000000100000001000000010000000100000001000000010000000100000001000000010000000100000001000000010000000100000001000000010000000100000001000000010000000100000001000000010000000100000001000000010000000100000001000000010000000100000001000000010000000100000001000000010000000100000001000000010000000100000001000000010000000100000001000000010000000100000001011011010000000100000001011001110000000100000001000000010000000100000001000000010000000100000001000000010000000100000001011111110000000100000001011111100000000100000001000000010000000100000001000000010000000100000001000000010000000100000001000000010000000100000001000000010000000100000001000000010000000100000001000000010000000100000001000000010000000100000001000000010000000100000001000000010000000100000001000000010000000100000001000000010000000100000001000000010000000100000001000000010000000100000001000000010000000100000001000000000000000100000001000000010000000100000001000000010000000100000001000000010000000100000001000000010000000100000001000000010000000100000001000000010000000100000001000000010000000100000001000000010000000100000001000000010000000100000001000000010000000100000001000000010000000100000001000000010000000100000001000000010000000100000001000000010111100000000001000000010111101100000001000000010000000100000001000000010000000100000001000000010111011000000001000000010110110000000001000000010110011000000001000000010111100000000001000000010000000100000001000000010000000100000001000000010110110000000001000000010111101100000001000000010000000100000001000000010000000100000001000000010000000100000001000000010000000100000001000000010000000100000001000000010000000100000001000000010000000100000001000000010000000100000001000000010000000100000001000000010000000100000001000000010000000100000001000000010000000100000001000000010000000100000001000000010000000100000001000000010000000100000001000000010000000100000001000000010000000100000001000000010000000100000001000000010000000100000001000000010000000100000001000000010000000100000001000000010000000100000001000000010000000100000001000000010000000100000001000000010000000100000001000000010000000100000001000000010000000100000001000000010000000100000001000000010000000100000001000000010000000100000001000000010000000100000001000000010000000100000001000000010000000100000001000000010000000100000001000000010000000100000001000000010000000100000001000000010000000100000001000000010000000100000001000000010000000100000001000000010000000100000001000000010000000100000001000000010000000100000001000000010000000100000001000000010000000100000001000000010000000100000001000000010000000100000001000000010111010000000001000000010111011000000001000000010000000100000001000000010000000100000001000000010000000100000001000000010000000100000001000000010000000100000001000000010000000100000001000000010000000100000001000000010000000100000001000000010000000100000001000000010000000100000001000000010000000100000001000000010111011000000001000000010111110000000001000000010000000100000001000000010111110000000001000000010110001000000001000000010110101000000001000000010111100000000001000000010111111000000001000000010110000000000001000000010101000100000001000000010110101000000001000000010110101000000001000000010111110100000001000000010110111000000001000000010110001100000001000000010110101100000001000000010111001000000001000000010111010000000001000000010111110100000001000000010110011100000001000000010111101100000001000000010110011100000001000000010100100100000001000000010111011100000001000000010000000100000001000000010111000000000001000000010110100000000001000000010100010100000001011111110101010000000001000000010111010000000001000000010111101000000001000000010110101100000001000000010000000100000001000000010111011000000001000000010110011000000001000000010101110000000001000000010101001100000001000000010101010000000001000000010101111000000001000000010101101100000001000000010110100000000001000000010111101000000001000000010111011000000001000000010100100100000001011111100100100000000001011111110111000000000001000000010110111000000001000000010110001100000001000000010110010100000001000000010000000100000001000000010000000100000001000000010110011100000001000000010110100000000001000000010111010000000001000000010111111100000001000000010111000100000001000000010111001000000001000000010110010100000001000000010110000100000001000000010111011100000001000000010110010100000001000000010111010000000001000000010000000100000001000000010111010000000001000000010111011000000001000000010111101000000001000000010111111000000001000000010111001000000001000000010101101100000001000000010110110000000001000000010111110000000001000000010111101000000001000000010110001100000001000000010101010100000001000000010101100100000001000000010110111000000001000000010110111100000001000000010110011000000001000000010101101100000001000000010111100000000001000000010111101000000001000000010000000100000001000000010000000100000001000000010110010000000001011111110001101001011011001011100001100001001110001000110011001001100010001110000011010001011110001101010011000001010101001011010100100001101010010000100011000101010100001011000011000001011010001100010010111001011010001100010011000001011010001100010011001001011010001100010011010001011001001100010011011001011001001100010011011001011001001100010011011001011001001100010011010001011001001100010011001001011010001100010011000001011010001100010011000001011010001100010011001001011010001100010011001001011010001100010011010001011001001100010011010001011001001100010011001001011010001100010011001001011010001100010011001001011010001100010011001001011010001100010011001001011010001100010011001001011010001100010011001001011010001100010011001001011010001100010011001001011010001100010011001001011010001100010011001001011010001100010011001001011010001100010011001001011010001100010011001001011010001100010011001001011010001100010011001001011010001100010011010001011001001100010011010001011001001100010011000001011010001100010010111001011010001100010010111001011010001100010010111001011010001100010011000001011010001100010011010001011001001100010011011101011010001100100011001001010101001011010011110001100001001110010011010101100001001110000001101101010000001001010001101101011000001011000101100100000001011100010110110000000001000000010111110000000001000000010111100000000001000000010110100100000001000000010110001100000001000000010110101100000001000000010111000100000001000000010000000100000001000000010110110000000001000000010110001000000001000000010000000100000001000000010110101000000001000000010100011000000001000000010111010100000001000000010000000100000001000000010110011100000001000000010110010100000001000000010100010100000001011111110101010000000001000000010111010000000001000000010111101000000001000000010110101100000001000000010000000100000001000000010111010000000001000000010110010000000001000000010101110000000001000000010101001100000001000000010101010000000001000000010101111000000001000000010101101100000001000000010110100000000001000000010111100000000001000000010111010000000001000000010100100100000001011111100100100000000001011111110111000000000001000000010110111000000001000000010110001100000001000000010110010100000001000000010000000100000001000000010000000100000001000000010110011100000001000000010110100000000001000000010111010000000001000000010111111100000001000000010111000100000001000000010111001000000001000000010110010100000001000000010110000100000001000000010111010100000001000000010110001100000001000000010111001000000001000000010000000100000001000000010111001000000001000000010111010000000001000000010111101000000001000000010111111000000001000000010111000000000001000000010101110000000001000000010110111000000001000000010000000100000001000000010111101100000001000000010101101100000001000000010101010100000001000000010110011000000001000000010110101000000001000000010111100000000001000000010110101100000001000000010110000100000001000000010110100100000001000000010111000100000001000000010111010100000001000000010111101100000001000000010110011100000001000000010111101100000001000000010110011100000001000000010100100100000001000000010111011100000001000000010000000100000001000000010111000000000001000000010110011000000001000000010100010000000001000000010101011100000001000000010111100100000001000000010111101000000001000000010110100100000001000000010111011100000001000000010111000100000001000000010110001100000001000000010110001100000001000000010110001000000001000000010110100100000001000000010000000100000001000000010000000100000001000000010000000100000001000000010000000100000001000000010000000100000001000000010000000100000001000000010000000100000001000000010000000100000001000000010000000100000001000000010000000100000001000000010000000100000001000000010000000100000001000000010000000100000001000000010000000100000001000000010000000100000001000000010000000100000001000000010000000100000001000000010000000100000001000000010000000100000001000000010000000100000001000000010000000100000001000000010000000100000001000000010000000100000001000000010000000100000001000000010000000100000001000000010000000100000001000000010000000100000001000000010000000100000001000000010000000100000001000000010000000100000001000000010000000100000001000000010000000100000001000000010000000100000001000000010000000100000001000000010000000100000001000000010000000100000001000000010000000100000001000000010000000100000001000000010000000100000001000000010000000100000001000000010000000100000001000000010000000100000001000000010000000100000001000000010111111000000001000000010110011100000001000000010110010000000001000000010110001000000001000000010000000100000001000000010111011100000001000000010110110000000001000000010111101000000001000000010000000100000001000000010000000100000001000000010000000100000001000000010000000100000001000000010000000100000001000000010000000100000001000000010000000100000001000000010000000100000001000000010000000100000001000000010000000100000001000000010000000100000001000000010000000100000001000000010000000100000001000000010000000100000001000000010000000100000001000000010000000000000001000000010000000100000001000000010000000100000001000000010000000100000001000000010000000100000001000000010000000100000001000000010000000100000001000000010000000100000001000000010000000100000001000000010000000100000001000000010000000100000001000000010000000100000001000000010000000100000001000000010000000100000001000000010000000100000001000000010000000101111001000000010000000100000001000000010000000100000001000000010000000101111000000000010000000101101110000000010000000101101001000000010000000101111101000000010000000100000001000000010000000100000001000000010000000101100100000000010000000101110100000000010000000100000001000000010000000100000001000000010000000100000001000000010000000100000001000000010000000100000001000000010000000100000001000000010000000100000001000000010000000100000001000000010000000100000001000000010000000100000001000000010000000100000001000000010000000100000001000000010000000100000001000000010000000100000001000000010000000100000001000000010000000100000001000000010000000100000001000000010000000100000001000000010000000100000001000000010000000100000001000000010000000100000001000000010000000100000001000000010000000100000001000000010000000100000001000000010000000100000001000000010000000100000001000000010000000100000001000000010000000100000001000000010000000100000001000000010000000100000001000000010000000100000001000000010000000100000001000000010000000100000001000000010000000100000001000000010000000100000001000000010000000100000001000000010000000100000001000000010000000100000001000000010000000100000001000000010000000100000001000000010000000100000001000000010000000100000001000000010000000100000001000000010000000100000001000000010000000100000001000000010000000100000001000000010000000101100011000000010000000101111100000000010000000100000001000000010000000100000001000000010000000100000001000000010000000100000001000000010000000100000001000000010000000100000001000000010000000100000001000000010000000100000001000000010000000100000001000000010000000100000001000000010000000101111111000000010000000101100111000000010000000101011100000000010000000101100111000000010000000101011010000000010000000101010011000000010000000101011000000000010000000101001101000000010000000101010110000000010000000101101001000000010000000101101000000000010000000101011010000000010000000101101100000000010000000101100100000000010000000101011011000000010000000101100001000000010000000101101111000000010000000100000001000000010000000101111110000000010000000101111111000000010000000101101101000000010000000100000001000000010000000100000001000000010000000101110001000000010000000100000001000000010000000101111110000000010000000101101101000000010000000101110101000000010000000101110101000000010000000100000001000000010000000100000001000000010000000101101101000000010000000101101000000000010000000100000001000000010000000100000001000000010000000101111110000000010000000101110000000000010000000101100011000000010000000101011101000000010000000101101000000000010000000101100000000000010000000101100100000000010000000101110100000000010000000101100111000000010000000101000011000000010111110001000011000000010111110101011110000000010000000101011011000000010000000101010000000000010000000101011100000000010000000101111000000000010000000101110100000000010000000101010100000000010000000101100010000000010000000101101011000000010000000100000001000000010000000100000001000000010000000101101100000000010000000101010011000000010000000101010010000000010000000101110000000000010000000101100110000000010000000101111001000000010000000100000001000000010000000101011001000000010000000101010001000000010000000101010110000000010000000101011010000000010000000101010111000000010000000101001001000000010000000101010011000000010000000101010010000000010000000101011100000000010000000101100110000000010000000101100000000000010000000101010100000000010000000101011111000000010000000101011110000000010000000101011100000000010000000101100010000000010000000101110011000000010000000101111011000000010000000100000001000000010000000100000001000000010000000100100101011010110011110000011110010111000010111000111010011011010100000100110100011000010011011000100101010011010010001100110100010110000010111000110011010101010010110000111001010111010011001100101110010110100011000100101101010110110011000100110000010110100011000100110010010110100011000100110100010110010011000100110100010110010011000100110110010110010011000100110110010110010011000100110100010110010011000100110010010110100011000100110000010110100011000100110000010110100011000100110000010110100011000100110000010110100011000100110010010110100011000100110010010110100011000100110010010110100011000100110010010110100011000100110010010110100011000100110010010110100011000100110010010110100011000100110010010110100011000100110010010110100011000100110010010110100011000100110010010110100011000100110010010110100011000100110010010110100011000100110010010110100011000100110010010110100011000100110010010110100011000100110010010110100011000100110010010110100011000100110100010110010011000100110100010110010011000100110000010110100011000100101110010110100011000100101101010110110011000100101101010110110011000100110000010110100011000100110010010110100011000100110111010110100011001000111100010111110011011100101100010100010010100100111001011000110011101000101010010111000011001000011111010110100010111000100110011010010011110001110101000000010000000101100011000000010000000101011000000000010000000101011101000000010000000101010101000000010000000101101010000000010000000101111110000000010000000100000001000000010000000101111110000000010000000101101100000000010000000100000001000000010000000101111111000000010000000101101000000000010000000100000001000000010000000100000001000000010000000101101000000000010000000101101111000000010000000101110101000000010000000100000001000000010000000100000001000000010000000101101101000000010000000101100110000000010000000100000001000000010000000100000001000000010000000101111110000000010000000101110000000000010000000101100011000000010000000101011011000000010000000101100110000000010000000101100000000000010000000101100100000000010000000101110100000000010000000101100111000000010000000101000011000000010111110001000011000000010111110101011110000000010000000101011011000000010000000101010000000000010000000101011100000000010000000101111000000000010000000101110100000000010000000101010100000000010000000101100010000000010000000101101011000000010000000100000001000000010000000100000001000000010000000101101100000000010000000101010011000000010000000101010010000000010000000101101100000000010000000101100010000000010000000101110101000000010000000101111100000000010000000101010111000000010000000101001111000000010000000101010100000000010000000101011000000000010000000101010100000000010000000101001101000000010000000101010100000000010000000101010000000000010000000101011110000000010000000101101110000000010000000101101001000000010000000101001101000000010000000101101100000000010000000101011111000000010000000101011001000000010000000101011110000000010000000101101110000000010000000101111111000000010000000101111111000000010000000101111100000000010000000101101011000000010000000100000001000000010000000100000001000000010000000101110001000000010000000100000001000000010000000101111110000000010000000101101111000000010000000101110101000000010000000101110011000000010000000100000001000000010000000100000001000000010000000101101101000000010000000101100110000000010000000100000001000000010000000100000001000000010000000101111100000000010000000101111100000000010000000101110000000000010000000101110110000000010000000100000001000000010000000100000001000000010000000100000001000000010000000100000001000000010000000100000001000000010000000100000001000000010000000100000001000000010000000100000001000000010000000100000001000000010000000101111110000000010000000100000001000000010000000100000001000000010000000100000001000000010000000100000001000000010000000100000001000000010000000100000001000000010000000100000001000000010000000100000001000000010000000100000001000000010000000100000001000000010000000100000001000000010000000100000001000000010000000100000001000000010000000100000001000000010000000100000001000000010000000100000001000000010000000100000001000000010000000100000001000000010000000100000001000000010000000100000001000000010000000100000001000000010000000100000001000000010000000100000001000000010000000100000001000000010000000100000001000000010000000100000001000000010000000100000001000000010000000100000001000000010000000100000001000000010000000100000001000000010000000100000001000000010000000100000001000000010000000100000001000000010000000101111110000000010000000101101011000000010000000101100010000000010000000101101111000000010000000100000001000000010000000100000001000000010000000101101101000000010000000101101110000000010000000100000001000000010000000100000001000000010000000100000001000000010000000100000001000000010000000100000001000000010000000100000001000000010000000100000001000000010000000100000001000000010000000100000001000000010000000100000001000000010000000100000001000000010000000100000001000000010000000100000001000000010000000100000001000000010000000100000001000000010000000100000000000000010000000100000001000000010000000100000001000000010000000100000001000000010000000100000001000000010000000100000001000000010000000100000001000000010000000100000001000000010000000100000001000000010000000100000001000000010000000100000001000000010000000100000001000000010000000100000001000000010000000100000001000000010000000100000001000000010000000100000001000000010000000100000001000000010000000100000001000000010000000100000001000000010000000100000001011100000000000100000001011101010000000100000001000000010000000100000001000000010000000100000001000000010000000100000001011101100000000100000001000000010000000100000001000000010000000100000001000000010000000100000001000000010000000100000001000000010000000100000001000000010000000100000001000000010000000100000001000000010000000100000001000000010000000100000001000000010000000100000001000000010000000100000001000000010000000100000001000000010000000100000001000000010000000100000001000000010000000100000001000000010000000100000001000000010000000100000001000000010000000100000001000000010000000100000001000000010000000100000001000000010000000100000001000000010000000100000001000000010000000100000001000000010000000100000001000000010000000100000001000000010000000100000001000000010000000100000001000000010000000100000001000000010000000100000001000000010000000100000001000000010000000100000001000000010000000100000001000000010000000100000001000000010000000100000001000000010000000100000001000000010000000100000001000000010000000100000001000000010000000100000001000000010000000100000001000000010000000100000001000000010000000100000001000000010000000100000001000000010000000100000001000000010000000100000001000000010000000100000001000000010000000100000001000000010000000100000001011100010000000100000001000000010000000100000001000000010000000100000001000000010000000100000001000000010000000100000001000000010000000100000001000000010000000100000001000000010000000100000001000000010000000100000001000000010000000100000001000000010000000100000001000000010000000100000001000000010000000100000001000000010000000100000001011000100000000100000001011001010000000100000001000000010000000100000001010101010000000100000001010101110000000100000001011000110000000100000001011011110000000100000001011101100000000100000001011110000000000100000001011011010000000100000001011100100000000100000001011000010000000100000001011010110000000100000001011101100000000100000001011000000000000100000001010111000000000100000001010100110000000100000001010111000000000100000001011001110000000100000001011110000000000100000001011111110000000100000001011100100000000100000001011101010000000100000001011110000000000100000001011011100000000100000001011101100000000100000001011000110000000100000001011011000000000100000001010110010000000100000001010101100000000100000001011000100000000100000001011101000000000100000001011000110000000100000001011110010000000100000001011111010000000100000001011111000000000100000001011011100000000100000001011101100000000100000001011010110000000100000001010110010000000100000001010110010000000100000001010111000000000100000001010100010000000100000001010110110000000100000001010010010000000100000001010100100000000100000001011000110000000100000001011001100000000100000001011100110000000100000001011001110000000100000001011010000000000100000001000000010000000100000001010111100000000100000001011000000000000100000001011001100000000100000001011011110000000100000001000000010000000100000001011011100000000100000001011110010000000100000001000000010000000100000001011101100000000100000001011010110000000100000001011111010000000100000001011101010000000100000001010101010000000100000001011000010000000100000001000000010000000100000001011000000000000100000001010111010000000100000001010111100000000100000001011011110000000100000001011101110000000100000001011101010000000100000001011100100000000100000001011001100000000100000001010111010000000100000001011001000000000100000001011100010000000100000001011010110000000100000001011000000000000100000001011011000000000100000001001101010111110101001110000100010101000100100011001000110101101000101101001001110101100000101100001011010101100000101101001100110101101100110001001110000101110000110010001110000101110000110010001100000101011000101100001011100101101000110001001011100101101000110001001100000101101000110001001100100101101000110001001100100101101000110001001101000101100100110001001101000101100100110001001101000101100100110001001101000101100100110001001100100101101000110001001100100101101000110001001100000101101000110001001100000101101000110001001100000101101000110001001100100101101000110001001100100101101000110001001100100101101000110001001100100101101000110001001100100101101000110001001100100101101000110001001100100101101000110001001100100101101000110001001100100101101000110001001100100101101000110001001100100101101000110001001100100101101000110001001100100101101000110001001100100101101000110001001100100101101000110001001100100101101000110001001100100101101000110001001100100101101000110001001101000101100100110001001100100101101000110001001100000101101000110001001011100101101000110001001011010101101100110001001011100101101000110001001100000101101000110001001100100101101000110001001101000101100100110001001100000101010100101101001101010101101000110010001010110101010100101100001011000101110000110010001010000101111000110011001000010110000000110100010111000000000101111001000000010000000100000001010110110000000100000001011010000000000100000001011011110000000100000001011000010000000100000001010101000000000100000001010010010000000100000001010111110000000100000001011011000000000100000001011100010000000100000001000000010000000100000001011101100000000100000001011100110000000100000001011100100000000100000001011011100000000100000001011101110000000100000001011000110000000100000001011011000000000100000001010110010000000100000001010101100000000100000001011000000000000100000001011100100000000100000001011000110000000100000001011110010000000100000001011111010000000100000001011111000000000100000001011011000000000100000001011101000000000100000001011010110000000100000001010110010000000100000001010110010000000100000001010111000000000100000001010100010000000100000001010110110000000100000001010010010000000100000001010100100000000100000001011000110000000100000001011001100000000100000001011100110000000100000001011001110000000100000001011010000000000100000001000000010000000100000001011000000000000100000001011000000000000100000001011001100000000100000001011011110000000100000001000000010000000100000001011011100000000100000001011101010000000100000001000000010000000100000001011100100000000100000001011010010000000100000001011110110000000100000001011101010000000100000001010101010000000100000001011000010000000100000001000000010000000100000001010111110000000100000001010101110000000100000001011000010000000100000001011100000000000100000001011101000000000100000001011101010000000100000001011011010000000100000001011100000000000100000001010110010000000100000001011010010000000100000001011100100000000100000001010111110000000100000001010101110000000100000001010101110000000100000001010110000000000100000001011001110000000100000001011110000000000100000001011111110000000100000001011100100000000100000001011101010000000100000001011110000000000100000001011100000000000100000001011101100000000100000001011000010000000100000001011011100000000100000001010110010000000100000001010101000000000100000001011001010000000100000001011100010000000100000001011010000000000100000001011110000000000100000001000000010000000100000001000000010000000100000001000000010000000100000001000000010000000100000001000000010000000100000001000000010000000100000001000000010000000100000001000000010000000100000001000000010000000100000001000000010000000100000001000000010000000100000001000000010000000100000001011111010000000100000001000000010000000100000001000000010000000100000001000000010000000100000001000000010000000100000001000000010000000100000001000000010000000100000001000000010000000100000001000000010000000100000001000000010000000100000001000000010000000100000001000000010000000100000001000000010000000100000001000000010000000100000001000000010000000100000001000000010000000100000001000000010000000100000001000000010000000100000001000000010000000100000001000000010000000100000001000000010000000100000001000000010000000100000001000000010000000100000001000000010000000100000001000000010000000100000001000000010000000100000001000000010000000100000001000000010000000100000001000000010000000100000001000000010000000100000001000000010000000100000001000000010000000100000001000000010000000100000001000000010000000100000001000000010000000100000001011110010000000100000001011101100000000100000001000000010000000100000001000000010000000100000001000000010000000100000001000000010000000100000001000000010000000100000001000000010000000100000001000000010000000100000001000000010000000100000001000000010000000100000001000000010000000100000001000000010000000100000001000000010000000100000001000000010000000100000001000000010000000100000001000000010000000100000001000000010000000100000001000000010000000100000001000000010000000100000001000000010000000100000001000000010000000100000001000000000000000100000001000000010000000100000001000000010000000100000001000000010000000100000001000000010000000100000001000000010000000100000001000000010000000100000001000000010000000100000001000000010000000100000001000000010000000100000001000000010000000100000001000000010000000100000001000000010000000100000001000000010000000100000001000000010000000100000001000000010000000100000001000000010000000100000001000000010000000100000001000000010000000100000001000000010000000100000001000000010000000100000001000000010000000100000001000000010000000100000001000000010000000100000001000000010000000100000001000000010000000100000001000000010000000100000001000000010000000100000001000000010000000100000001000000010000000100000001000000010000000100000001000000010000000100000001000000010000000100000001000000010000000100000001000000010000000100000001000000010000000100000001000000010000000100000001000000010000000100000001000000010000000100000001000000010000000100000001000000010000000100000001000000010000000100000001000000010000000100000001000000010000000100000001000000010000000100000001000000010000000100000001000000010000000100000001000000010000000100000001000000010000000100000001000000010000000100000001000000010000000100000001000000010000000100000001000000010000000100000001000000010000000100000001000000010000000100000001000000010000000100000001000000010000000100000001000000010000000100000001000000010000000100000001000000010000000100000001000000010000000100000001000000010000000100000001000000010000000100000001000000010000000100000001000000010000000100000001000000010000000100000001000000010000000100000001000000010000000100000001000000010000000100000001000000010000000100000001000000010000000100000001000000010000000100000001000000010111001100000001000000010111100000000001000000010111101100000001000000010000000100000001000000010000000100000001000000010000000100000001000000010000000100000001000000010000000100000001000000010000000100000001000000010000000100000001000000010000000100000001000000010000000100000001000000010000000100000001000000010000000100000001000000010111001100000001000000010110110000000001000000010000000100000001000000010101100100000001000000010101011100000001000000010110000000000001000000010110110100000001000000010111110100000001000000010000000100000001000000010111001000000001000000010110011000000001000000010110010000000001000000010110111000000001000000010111011000000001000000010110010000000001000000010100011000000001011111010100011000000001011111010101111000000001000000010110110100000001000000010101101000000001000000010101111100000001000000010110111000000001000000010101011100000001000000010110000100000001000000010111101000000001000000010111010000000001000000010100111000000001000000010011011100000001011100010010110100000001011001110101101000000001000000010000000100000001000000010110111000000001000000010101110000000001000000010101111000000001000000010110100000000001000000010101100000000001000000010111100000000001000000010110011100000001000000010110100000000001000000010110101100000001000000010110010100000001000000010101110000000001000000010110101000000001000000010110101100000001000000010101111000000001000000010101101100000001000000010110110000000001000000010110011100000001000000010110011000000001000000010101011100000001000000010101110000000001000000010110000000000001000000010110100000000001000000010000000100000001000000010110110000000001000000010101110000000001000000010110101100000001000000010101110000000001000000010111011100000001000000010000000100000001000000010111010000000001000000010101111100000001000000010110110000000001000000010110111100000001000000010110010100000001000000010110011100000001000000010111110100000001000000010101011100000001000000010101010100000001000000010110000000000001000000010111000100000001000000010111101100000001000000010000000100000001000000010110111000000001000000010101101000000001000000010101101000000001000000010110101100000001000000010111010100000001000000010110110100000001000000010110000100000001000000010100010000000001010110100010010001100001001101010010111101100100001110010010111101011111001101010010110001011010001100000010110001011000001011110011001101011101001101000011100001100000001101110011010101011101001101000010111101010111001011100011000001011010001100010011000001011010001100010011001001011010001100010011001001011010001100010011001001011010001100010011001001011010001100010011001001011010001100010011001001011010001100010011001001011010001100010011001001011010001100010011001001011010001100010011001001011010001100010011001001011010001100010011001001011010001100010011001001011010001100010011001001011010001100010011001001011010001100010011001001011010001100010011001001011010001100010011001001011010001100010011001001011010001100010011001001011010001100010011001001011010001100010011001001011010001100010011001001011010001100010011001001011010001100010011001001011010001100010011001001011010001100010011001001011010001100010011001001011010001100010011001001011010001100010011001001011010001100010011000101011001001100000010111101011001001100000011000001011010001100010011000001011010001100010011000001011010001100010011000001011010001100010011001001011010001100010011001001011010001100010011001001011010001100010011000001011010001100010010111001011000001011110011000001011110001101000010011101010111001011010010011101011100001100010010110001100100001110010011001101110110010010010111110100000001000000010110010000000001000000010110111000000001000000010111010100000001000000010101100000000001000000010100000100000001011111010100110000000001000000010101011000000001000000010110110100000001000000010101111100000001000000010110001000000001000000010111000000000001000000010101101100000001000000010101100000000001000000010111011100000001000000010110110100000001000000010101000100000001000000010011001100000001011011010010110000000001011001100101110000000001000000010000000100000001000000010110110100000001000000010101111100000001000000010101110100000001000000010110100000000001000000010101100000000001000000010111100000000001000000010110011100000001000000010110100000000001000000010110101100000001000000010110010100000001000000010101110000000001000000010110100100000001000000010110101000000001000000010101111000000001000000010101101100000001000000010110110000000001000000010110011100000001000000010110011000000001000000010101011100000001000000010101111000000001000000010110001000000001000000010110101000000001000000010000000100000001000000010110110000000001000000010101110000000001000000010110101100000001000000010101101000000001000000010111010100000001000000010000000100000001000000010110110000000001000000010110001000000001000000010110110000000001000000010111000100000001000000010110010100000001000000010110101000000001000000010111110100000001000000010101101000000001000000010101100000000001000000010101101100000001000000010111011000000001000000010111110000000001000000010000000100000001000000010110110100000001000000010110010000000001000000010110000100000001000000010110101000000001000000010111001100000001000000010110000100000001000000010100001100000001011110110100010100000001011111010101110100000001000000010110101100000001000000010101111100000001000000010101101100000001000000010111010000000001000000010101100100000001000000010101101000000001000000010111101100000001000000010111000000000001000000010100111100000001000000010011011100000001011101100011101100000001011101100110000000000001000000010111110000000001000000010111000000000001000000010101110100000001000000010110011100000001000000010110111100000001000000010111100100000001000000010000000100000001000000010000000100000001000000010000000100000001000000010000000100000001000000010000000100000001000000010000000100000001000000010000000100000001000000010000000100000001000000010000000100000001000000010000000100000001000000010000000100000001000000010111111000000001000000010111110000000001000000010000000100000001000000010000000100000001000000010000000100000001000000010000000100000001000000010000000100000001000000010000000100000001000000010000000100000001000000010000000100000001000000010000000100000001000000010000000100000001000000010000000100000001000000010000000100000001000000010000000100000001000000010000000100000001000000010000000100000001000000010000000100000001000000010000000100000001000000010000000100000001000000010000000100000001000000010000000100000001000000010000000100000001000000010000000100000001000000010000000100000001000000010000000100000001000000010000000100000001000000010000000100000001000000010000000100000001000000010000000100000001000000010000000100000001000000010000000100000001000000010000000100000001000000010000000100000001000000010000000100000001000000010000000100000001000000010000000100000001000000010000000100000001000000010000000100000001000000010000000100000001000000010000000100000001000000010000000100000001000000010000000100000001000000010000000100000001000000010000000100000001000000010000000100000001000000010000000100000001000000010000000100000001000000010000000100000001000000010000000100000001000000010000000100000001000000010000000100000001000000010000000100000001000000010000000100000001000000010000000100000001000000010000000100000001000000010000000000000001000000010000000100000001000000010000000100000001000000010000000100000001000000010000000100000001000000010000000100000001000000010000000100000001000000010000000100000001000000010000000100000001000000010000000100000001000000010000000100000001000000010000000100000001000000010000000100000001000000010000000100000001000000010000000100000001000000010000000100000001000000010000000100000001000000010000000100000001000000010000000101111110000000010000000101110000000000010000000101110110000000010000000100000001000000010000000100000001000000010000000100000001000000010000000101110111000000010000000100000001000000010000000100000001000000010000000100000001000000010000000100000001000000010000000100000001000000010000000100000001000000010000000100000001000000010000000100000001000000010000000100000001000000010000000100000001000000010000000100000001000000010000000100000001000000010000000100000001000000010000000100000001000000010000000100000001000000010000000100000001000000010000000100000001000000010000000100000001000000010000000100000001000000010000000100000001000000010000000100000001000000010000000100000001000000010000000100000001000000010000000100000001000000010000000100000001000000010000000100000001000000010000000100000001000000010000000100000001000000010000000100000001000000010000000100000001000000010000000100000001000000010000000100000001000000010000000100000001000000010000000100000001000000010000000100000001000000010000000100000001000000010000000100000001000000010000000100000001000000010000000100000001000000010000000100000001000000010000000100000001000000010000000100000001000000010000000100000001000000010000000100000001000000010000000100000001000000010000000100000001000000010000000100000001000000010000000100000001000000010000000101101001000000010000000101110001000000010000000100000001000000010000000100000001000000010000000100000001000000010000000100000001000000010000000100000001000000010000000100000001000000010000000100000001000000010000000100000001000000010000000100000001000000010000000100000001000000010000000101101101000000010000000100000001000000010000000100000001000000010000000101100000000000010000000101101010000000010000000101011000000000010000000101011011000000010000000101110110000000010000000100000001000000010000000100000001000000010000000101110010000000010000000101011000000000010000000101101011000000010000000101110010000000010000000101101010000000010000000101100001000000010000000101011010000000010000000101011001000000010000000101011100000000010000000101101100000000010000000101100011000000010000000101011011000000010000000101000101000000010111110101000000000000010111100001010001000000010000000101010101000000010000000101000100000000010111110000101100000000010110100000111001000000010111001101001001000000010000000101101010000000010000000101110011000000010000000101010100000000010000000101010011000000010000000101100101000000010000000101100001000000010000000101010010000000010000000101101101000000010000000101011111000000010000000101010011000000010000000101100000000000010000000101100101000000010000000101010100000000010000000101100001000000010000000101110010000000010000000101110000000000010000000101100011000000010000000101100111000000010000000101011011000000010000000101001101000000010000000101010101000000010000000101011000000000010000000101010001000000010000000101011111000000010000000101110010000000010000000101101101000000010000000101100110000000010000000101101100000000010000000101011001000000010000000101011100000000010000000101011101000000010000000101100110000000010000000101011010000000010000000100111101000000010111100001010000000000010000000101111101000000010000000101111111000000010000000101100000000000010000000101100110000000010000000101100000000000010000000101011100000000010000000101111100000000010000000100000001000000010000000101111110000000010000000101110001000000010000000101010100000000010000000101100010000000010000000101101000000000010000000101111011000000010000000101110111000000010000000101011101000000010111011100011010010101110010101100101000010111010011001000101010010110100011000000101111010111010011001100110000010111000011001100101101010110010011000000101101010101110010111000101101010101110010111000101111010110010011000000110000010110100011000100110010010110100011000100110010010110100011000100110010010110100011000100110010010110100011000100110010010110100011000100110010010110100011000100110010010110100011000100110010010110100011000100110010010110100011000100110010010110100011000100110010010110100011000100110010010110100011000100110010010110100011000100110010010110100011000100110010010110100011000100110010010110100011000100110010010110100011000100110010010110100011000100110010010110100011000100110010010110100011000100110010010110100011000100110010010110100011000100110010010110100011000100110010010110100011000100110010010110100011000100110010010110100011000100110010010110100011000100110010010110100011000100110010010110100011000100110010010110100011000100110010010110100011000100110010010110100011000100101111010110010011000000110000010110100011000100110000010110100011000100110000010110100011000100110010010110100011000100110010010110100011000100110010010110100011000100110010010110100011000100110001010110010011000000110001010110110011001000101111010110110011001000110100011000100011100000101011010110110011000100101000010110100011000000100100010110010010111000100001011000000011010001011111000000010000000101101110000000010000000101110100000000010000000101101110000000010000000101100001000000010000000101001101000000010000000101000111000000010000000101011000000000010000000101101100000000010000000101100000000000010000000101010101000000010000000101001000000000010111110001000100000000010111101001001111000000010000000101001111000000010000000100111110000000010111110100101010000000010110011000110100000000010110111001001000000000010000000101101110000000010000000101110011000000010000000101010100000000010000000101010100000000010000000101100001000000010000000101100001000000010000000101010010000000010000000101101101000000010000000101011111000000010000000101010011000000010000000101100000000000010000000101100101000000010000000101010100000000010000000101100000000000010000000101110001000000010000000101110000000000010000000101100011000000010000000101100111000000010000000101011011000000010000000101001101000000010000000101010101000000010000000101011010000000010000000101010011000000010000000101100001000000010000000101110100000000010000000101101101000000010000000101100110000000010000000101101100000000010000000101010111000000010000000101011001000000010000000101011000000000010000000101100001000000010000000101011111000000010000000100111101000000010111011001010100000000010000000100000001000000010000000100000001000000010000000101100001000000010000000101100011000000010000000101011110000000010000000101011111000000010000000101101011000000010000000100000001000000010000000100000001000000010000000101111001000000010000000101011010000000010000000101100111000000010000000101101010000000010000000101100010000000010000000101011111000000010000000101011010000000010000000101011000000000010000000101010111000000010000000101101100000000010000000101100100000000010000000101010100000000010000000101000100000000010111101100111110000000010111100001001100000000010000000101010111000000010000000101000101000000010000000100110101000000010111001000110111000000010111011001001010000000010000000101101001000000010000000101110100000000010000000101011111000000010000000101011011000000010000000101110001000000010000000101101011000000010000000101100100000000010000000100000001000000010000000100000001000000010000000100000001000000010000000100000001000000010000000100000001000000010000000100000001000000010000000100000001000000010000000100000001000000010000000100000001000000010000000100000001000000010000000101111011000000010000000101111000000000010000000101110101000000010000000100000001000000010000000100000001000000010000000100000001000000010000000100000001000000010000000100000001000000010000000100000001000000010000000100000001000000010000000100000001000000010000000100000001000000010000000100000001000000010000000100000001000000010000000100000001000000010000000100000001000000010000000100000001000000010000000100000001000000010000000100000001000000010000000100000001000000010000000100000001000000010000000100000001000000010000000100000001000000010000000100000001000000010000000100000001000000010000000100000001000000010000000100000001000000010000000100000001000000010000000100000001000000010000000100000001000000010000000100000001000000010000000100000001000000010000000100000001000000010000000100000001000000010000000100000001000000010000000100000001000000010000000100000001000000010000000100000001000000010000000100000001000000010000000100000001000000010000000100000001000000010000000100000001000000010000000100000001000000010000000100000001000000010000000100000001000000010000000100000001000000010000000100000001000000010000000100000001000000010000000100000001000000010000000100000001000000010000000100000001000000010000000100000001000000010000000100000001000000010000000100000001000000010000000100000001000000010000000100000001000000010000000100000001000000010000000100000000000000010000000100000001000000010000000100000001000000010000000100000001000000010000000100000001000000010000000100000001000000010000000100000001000000010000000100000001000000010000000100000001000000010000000100000001000000010000000100000001000000010000000100000001000000010000000100000001000000010000000100000001000000010000000100000001011110000000000100000001011011010000000100000001011110010000000100000001000000010000000100000001011000100000000100000001010110100000000100000001010110000000000100000001011010010000000100000001000000010000000100000001011101010000000100000001010110000000000100000001010111110000000100000001000000010000000100000001000000010000000100000001000000010000000100000001000000010000000100000001000000010000000100000001000000010000000100000001000000010000000100000001000000010000000100000001000000010000000100000001000000010000000100000001000000010000000100000001000000010000000100000001000000010000000100000001000000010000000100000001000000010000000100000001000000010000000100000001000000010000000100000001000000010000000100000001000000010000000100000001000000010000000100000001000000010000000100000001000000010000000100000001000000010000000100000001000000010000000100000001000000010000000100000001000000010000000100000001000000010000000100000001000000010000000100000001000000010000000100000001000000010000000100000001000000010000000100000001000000010000000100000001000000010000000100000001000000010000000100000001000000010000000100000001000000010000000100000001000000010000000100000001000000010000000100000001000000010000000100000001000000010000000100000001000000010000000100000001000000010000000100000001000000010000000100000001000000010000000100000001000000010000000100000001000000010000000100000001000000010000000100000001011111010000000100000001011001000000000100000001011111010000000100000001000000010000000100000001000000010000000100000001000000010000000100000001000000010000000100000001000000010000000100000001000000010000000100000001000000010000000100000001000000010000000100000001000000010000000100000001011100100000000100000001000000010000000100000001011110110000000100000001010101010000000100000001011010100000000100000001011001100000000100000001011011110000000100000001011110010000000100000001000000010000000100000001000000010000000100000001011011000000000100000001010110000000000100000001011001100000000100000001011010000000000100000001011001100000000100000001011010000000000100000001010111100000000100000001010011110000000100000001010011010000000100000001011100100000000100000001011110100000000100000001011101100000000100000001010100000000000100000001010011100000000100000001010100000000000100000001010010000000000100000001010010100000000100000001010011010000000100000001010010100000000100000001010011000000000100000001011010010000000100000001010111110000000100000001010001110000000100000001010110100000000100000001011111000000000100000001011000110000000100000001010110100000000100000001011000110000000100000001011000010000000100000001010100110000000100000001010101000000000100000001010111110000000100000001011010100000000100000001011101000000000100000001010111110000000100000001011000100000000100000001011001110000000100000001011000000000000100000001011000000000000100000001011001100000000100000001000000010000000100000001011111000000000100000001010111000000000100000001010100100000000100000001010100110000000100000001011000110000000100000001011100000000000100000001011011100000000100000001010100010000000100000001010100000000000100000001011001100000000100000001011000100000000100000001010101000000000100000001010100000000000100000001010101000000000100000001011001110000000100000001011110000000000100000001010110000000000100000001011001110000000100000001011011010000000100000001011010100000000100000001011110110000000100000001000000010000000100000001000000010000000100000001011100010000000100000001010101100000000100000001011010000000000100000001011011010000000100000001011111010000000100000001011110000000000100000001001101010111100001001011000111010101100000101100001001100101100000101110001010100101100000101110001100000101110000110011001101000101111000110101001100010101101100110010001011000101011000101101001011000101011000101101001100000101101000110001001100110101110100110100001100100101101000110001001100100101101000110001001100100101101000110001001100100101101000110001001100100101101000110001001100100101101000110001001100100101101000110001001100100101101000110001001100100101101000110001001100100101101000110001001100100101101000110001001100100101101000110001001100100101101000110001001100100101101000110001001100100101101000110001001100100101101000110001001100100101101000110001001100100101101000110001001100100101101000110001001100100101101000110001001100100101101000110001001100100101101000110001001100100101101000110001001100100101101000110001001100100101101000110001001100100101101000110001001100100101101000110001001100100101101000110001001100100101101000110001001100100101101000110001001100100101101000110001001100100101101000110001001100000101101000110001001100000101101000110001001100100101101000110001001100100101101000110001001101000101100100110001001101000101100100110001001101000101100100110001001100100101101000110001001100010101100100110000001100010101101100110010001011000101100000101111001011110101110100110011001010000101100000101110001010100101110000110010001000110101100000101101000111010101101000101110001101000111111101010011011111100000000100000001011101010000000100000001011011110000000100000001011001110000000100000001010110100000000100000001010001110000000100000001010101000000000100000001011111000000000100000001000000010000000100000001011110100000000100000001010101100000000100000001010011110000000100000001010101010000000100000001010000010000000101111111010001110000000100000001010100010000000100000001010010010000000100000001010010100000000100000001011001110000000100000001010110110000000100000001010001100000000100000001010111010000000100000001011111110000000100000001011000110000000100000001010110100000000100000001011000110000000100000001011000010000000100000001010100110000000100000001010101000000000100000001010111110000000100000001011010100000000100000001011101000000000100000001010111110000000100000001011000100000000100000001011001110000000100000001011000000000000100000001011000000000000100000001011001100000000100000001000000010000000100000001011111100000000100000001010111100000000100000001010101000000000100000001010101010000000100000001011000110000000100000001011100000000000100000001011011100000000100000001010011110000000100000001010011110000000100000001011000110000000100000001010111110000000100000001010101110000000100000001010100000000000100000001010110010000000100000001011010110000000100000001011110110000000100000001010111100000000100000001011010000000000100000001011010110000000100000001011010000000000100000001000000010000000100000001000000010000000100000001011111110000000100000001011010000000000100000001010110100000000100000001011001010000000100000001011010010000000100000001011001100000000100000001011010100000000100000001010111110000000100000001010100010000000100000001010011110000000100000001011101010000000100000001011110110000000100000001011101000000000100000001010011110000000100000001010100010000000100000001010100000000000100000001010001110000000100000001010001110000000100000001010101010000000100000001010011000000000100000001010011000000000100000001011010000000000100000001011000010000000100000001010000110000000101111000010101100000000100000001000000010000000100000001011100110000000100000001011100110000000100000001000000010000000100000001000000010000000100000001000000010000000100000001000000010000000100000001000000010000000100000001000000010000000100000001000000010000000100000001000000010000000100000001000000010000000100000001000000010000000100000001011110010000000100000001011100100000000100000001000000010000000100000001000000010000000100000001000000010000000100000001000000010000000100000001000000010000000100000001000000010000000100000001000000010000000100000001000000010000000100000001000000010000000100000001000000010000000100000001000000010000000100000001000000010000000100000001000000010000000100000001000000010000000100000001000000010000000100000001000000010000000100000001000000010000000100000001000000010000000100000001000000010000000100000001000000010000000100000001000000010000000100000001000000010000000100000001000000010000000100000001000000010000000100000001000000010000000100000001000000010000000100000001000000010000000100000001000000010000000100000001000000010000000100000001000000010000000100000001000000010000000100000001000000010000000100000001011111100000000100000001011100010000000100000001011010000000000100000001011110010000000100000001000000010000000100000001011111110000000100000001011110100000000100000001000000010000000100000001000000010000000100000001000000010000000100000001000000010000000100000001000000010000000100000001000000010000000100000001000000010000000100000001000000010000000100000001000000010000000100000001000000010000000100000001000000010000000100000001000000010000000100000001000000010000000100000001000000010000000100000001000000010000000100000001000000010000000100000001000000000000000100000001000000010000000100000001000000010000000100000001000000010000000100000001000000010000000100000001000000010000000100000001000000010000000100000001000000010000000100000001000000010000000100000001000000010000000100000001000000010000000100000001000000010000000100000001000000010000000100000001000000010000000100000001000000010111000100000001000000010110100000000001000000010111111100000001000000010000000100000001000000010110000100000001000000010101011000000001000000010101010100000001000000010110101000000001000000010000000100000001000000010111011000000001000000010101000000000001000000010110000000000001000000010000000100000001000000010000000100000001000000010000000100000001000000010000000100000001000000010000000100000001000000010000000100000001000000010000000100000001000000010000000100000001000000010000000100000001000000010000000100000001000000010000000100000001000000010000000100000001000000010000000100000001000000010000000100000001000000010000000100000001000000010000000100000001000000010000000100000001000000010000000100000001000000010000000100000001000000010000000100000001000000010000000100000001000000010000000100000001000000010000000100000001000000010000000100000001000000010000000100000001000000010000000100000001000000010000000100000001000000010000000100000001000000010000000100000001000000010000000100000001000000010000000100000001000000010000000100000001000000010000000100000001000000010000000100000001000000010000000100000001000000010000000100000001000000010000000100000001000000010000000100000001000000010000000100000001000000010000000100000001000000010000000100000001000000010000000100000001000000010000000100000001000000010000000100000001000000010000000100000001000000010000000100000001000000010000000100000001000000010000000100000001000000010111000000000001000000010000000100000001000000010000000100000001000000010000000100000001000000010000000100000001000000010000000100000001000000010000000100000001000000010000000100000001000000010000000100000001000000010000000100000001000000010000000100000001000000010000000100000001000000010000000100000001000000010111011000000001000000010110111100000001000000010110001100000001000000010110010100000001000000010110110100000001000000010110011000000001000000010110111000000001000000010110110100000001000000010110010100000001000000010101110000000001000000010101111000000001000000010101101000000001000000010110001000000001000000010110101100000001000000010101110100000001000000010101010000000001000000010110001000000001000000010111100000000001000000010111111100000001000000010111110000000001000000010111011100000001000000010111100100000001000000010110110000000001000000010110011000000001000000010111111000000001000000010000000100000001000000010110001100000001000000010100101000000001000000010110010000000001000000010110001100000001000000010101110000000001000000010110011000000001000000010111001100000001000000010101001100000001000000010110010100000001000000010101111100000001000000010110010100000001000000010110011000000001000000010101011100000001000000010101000100000001000000010110111100000001000000010000000100000001000000010110101000000001000000010101111000000001000000010110011100000001000000010101111000000001000000010110000100000001000000010110100100000001000000010000000100000001000000010111110100000001000000010110000100000001000000010101111100000001000000010111100100000001000000010111111000000001000000010110111000000001000000010110010100000001000000010101101100000001000000010000000100000001000000010000000100000001000000010110101100000001000000010101110100000001000000010110001100000001000000010110101000000001000000010110101100000001000000010110001000000001000000010110101000000001000000010110010100000001000000010110100000000001000000010111001000000001000000010111001000000001000000010110110100000001000000010110101100000001000000010101111100000001000000010101100000000001000000010110010000000001000000010110011100000001000000010111011000000001000000010011110000000001010101110001101001011011001011100010100101100001001101100010010001010110001011000010111001011100001100100011000001011100001100110011000101011011001100100011000001011010001100010011000001011010001100010011001001011100001100110011001001011100001100110011000101011011001100100011001001011010001100010011001001011010001100010011001001011010001100010011001001011010001100010011001001011010001100010011001001011010001100010011001001011010001100010011001001011010001100010011001001011010001100010011001001011010001100010011001001011010001100010011001001011010001100010011001001011010001100010011001001011010001100010011001001011010001100010011001001011010001100010011001001011010001100010011001001011010001100010011001001011010001100010011001001011010001100010011001001011010001100010011001001011010001100010011001001011010001100010011001001011010001100010011001001011010001100010011001001011010001100010011001001011010001100010011001001011010001100010011001001011010001100010011001001011010001100010011001001011010001100010011001001011010001100010011000001011010001100010011000001011010001100010011001001011010001100010011001001011010001100010011010001011001001100010011010001011001001100010011010001011001001100010011010001011001001100010011000101011001001100000011001101011011001100100010110001010110001011010010101101010111001011100010100001010110001011000010111001011110001101000010101101011101001100110010010001011111001100110001010001011011001100000110111100000001000000010110010100000001000000010110011100000001000000010101110100000001000000010101101000000001000000010100111100000001000000010101010100000001000000010110010000000001000000010111100100000001000000010000000100000001000000010111110100000001000000010111101000000001000000010111010000000001000000010110000000000001000000010111011000000001000000010111111100000001000000010110000000000001000000010100110000000001000000010110100100000001000000010110100000000001000000010101111000000001000000010110010100000001000000010110111000000001000000010101001100000001000000010110010100000001000000010101111100000001000000010110010100000001000000010110011000000001000000010101011100000001000000010101000100000001000000010110111100000001000000010000000100000001000000010110101000000001000000010101111000000001000000010110011100000001000000010101111000000001000000010110000100000001000000010110100100000001000000010000000100000001000000010111111100000001000000010110001100000001000000010110000100000001000000010111101100000001000000010111111000000001000000010110111000000001000000010110010100000001000000010101101100000001000000010000000100000001000000010000000100000001000000010110101100000001000000010110000000000001000000010110001000000001000000010110111100000001000000010111000100000001000000010110001100000001000000010110100100000001000000010110011000000001000000010110100100000001000000010110100100000001000000010111100000000001000000010110101000000001000000010110101100000001000000010110010100000001000000010101001100000001000000010101011100000001000000010101100000000001000000010101111000000001000000010110011100000001000000010101100000000001000000010101000100000001000000010110001000000001000000010111110000000001000000010000000100000001000000010111111100000001000000010111011100000001000000010111111000000001000000010110110100000001000000010110001100000001000000010111100100000001000000010111110100000001000000010110001100000001000000010100111000000001000000010110011100000001000000010110101000000001000000010101010000000001000000010110011100000001000000010000000100000001000000010110011100000001000000010000000100000001000000010000000100000001000000010000000100000001000000010000000100000001000000010000000100000001000000010000000100000001000000010000000100000001000000010000000100000001000000010000000100000001000000010000000100000001000000010000000100000001000000010111111000000001000000010111110100000001000000010000000100000001000000010000000100000001000000010000000100000001000000010000000100000001000000010000000100000001000000010000000100000001000000010000000100000001000000010000000100000001000000010000000100000001000000010000000100000001000000010000000100000001000000010000000100000001000000010000000100000001000000010000000100000001000000010000000100000001000000010000000100000001000000010000000100000001000000010000000100000001000000010000000100000001000000010000000100000001000000010000000100000001000000010000000100000001000000010000000100000001000000010000000100000001000000010000000100000001000000010000000100000001000000010000000100000001000000010000000100000001000000010000000100000001000000010000000100000001000000010000000100000001000000010000000100000001000000010000000100000001000000010110111000000001000000010111001100000001000000010111010000000001000000010000000100000001000000010000000100000001000000010111011100000001000000010000000100000001000000010000000100000001000000010000000100000001000000010000000100000001000000010000000100000001000000010000000100000001000000010000000100000001000000010000000100000001000000010000000100000001000000010000000100000001000000010000000100000001000000010000000100000001000000010000000100000001000000010000000100000001000000010000000100000001000000010000000100000001000000010000000000000001000000010000000100000001000000010000000100000001000000010000000100000001000000010000000100000001000000010000000100000001000000010000000100000001000000010000000100000001000000010000000100000001000000010000000100000001000000010000000100000001000000010000000100000001000000010000000100000001000000010000000100000001000000010000000100000001000000010000000100000001000000010000000100000001000000010000000100000001000000010000000101111010000000010000000101100111000000010000000101110010000000010000000100000001000000010000000100000001000000010000000100000001000000010000000101111011000000010000000100000001000000010000000100000001000000010000000100000001000000010000000100000001000000010000000100000001000000010000000100000001000000010000000100000001000000010000000100000001000000010000000100000001000000010000000100000001000000010000000100000001000000010000000100000001000000010000000100000001000000010000000100000001000000010000000100000001000000010000000100000001000000010000000100000001000000010000000100000001000000010000000100000001000000010000000100000001000000010000000100000001000000010000000100000001000000010000000100000001000000010000000100000001000000010000000100000001000000010000000100000001000000010000000100000001000000010000000100000001000000010000000100000001000000010000000100000001000000010000000100000001000000010000000100000001000000010000000100000001000000010000000100000001000000010000000100000001000000010000000100000001000000010000000100000001000000010000000100000001000000010000000100000001000000010000000100000001000000010000000100000001000000010000000100000001000000010000000100000001000000010000000100000001000000010000000100000001000000010000000100000001000000010000000100000001000000010000000100000001000000010000000100000001000000010000000101111001000000010000000100000001000000010000000100000001000000010000000100000001000000010000000100000001000000010000000100000001000000010000000100000001000000010000000100000001000000010000000100000001000000010000000100000001000000010000000100000001000000010000000100000001000000010000000100000001000000010000000101101110000000010000000101101001000000010000000101101011000000010000000101100101000000010000000101101001000000010000000101101000000000010000000101101010000000010000000101101000000000010000000101101101000000010000000101100100000000010000000101100100000000010000000101010111000000010000000101010001000000010000000101011101000000010000000101011111000000010000000101011111000000010000000101101100000000010000000101011011000000010000000101100110000000010000000101100000000000010000000100000001000000010000000100000001000000010000000101101110000000010000000101011101000000010000000101011111000000010000000101111101000000010000000101111100000000010000000101101100000000010000000101101010000000010000000101010100000000010000000101010100000000010000000101100110000000010000000101101010000000010000000101010111000000010000000101110011000000010000000101011100000000010000000101010100000000010000000101011101000000010000000101011011000000010000000101001011000000010000000101011000000000010000000101011111000000010000000101110110000000010000000101100011000000010000000101011111000000010000000101100111000000010000000101100010000000010000000101011010000000010000000101101100000000010000000101110110000000010000000101110111000000010000000101100010000000010000000101110101000000010000000101101111000000010000000101110101000000010000000101111001000000010000000101101111000000010000000100000001000000010000000101111100000000010000000101100110000000010000000101011110000000010000000101100100000000010000000101110100000000010000000101110011000000010000000101011000000000010000000101100100000000010000000101101111000000010000000101101010000000010000000101101101000000010000000101101101000000010000000101100100000000010000000101100011000000010000000101101011000000010000000101101100000000010000000101101011000000010000000101101101000000010000000101001011000000010110101000010001010101100010100100011111010111000011000000101000010111010011001000101011010110110011000100101110010110100011000100101111010110010011000000110000010110000010111100110000010110000010111100110010010110100011000100110100010111000011001100110011010110110011001000110000010110000010111100110010010110100011000100110010010110100011000100110010010110100011000100110010010110100011000100110010010110100011000100110010010110100011000100110010010110100011000100110010010110100011000100110010010110100011000100110010010110100011000100110010010110100011000100110010010110100011000100110010010110100011000100110010010110100011000100110010010110100011000100110010010110100011000100110010010110100011000100110010010110100011000100110010010110100011000100110010010110100011000100110010010110100011000100110010010110100011000100110010010110100011000100110010010110100011000100110010010110100011000100110010010110100011000100110010010110100011000100110010010110100011000100110010010110100011000100110010010110100011000100110010010110100011000100110010010110100011000100110010010110100011000100110010010110100011000100110010010110100011000100110010010110100011000100110100010110010011000100110100010110010011000100110100010110010011000100110100010110010011000100110001010101100010111000110100010111000011001100110000010110100011000100110000010111000011001100101011010110010010111100101111010111110011010100101011010110110011000100100011010110010010111000010101010110000010101101000110000000010110001101101000000000010000000101100111000000010000000101100010000000010000000101101000000000010000000101100011000000010000000101100011000000010000000101100100000000010000000101101011000000010000000101101101000000010000000101111111000000010000000101111111000000010000000101110000000000010000000101011111000000010000000101100110000000010000000100000001000000010000000101111110000000010000000101101010000000010000000101100101000000010000000101010000000000010000000101010010000000010000000101100111000000010000000101101110000000010000000101010111000000010000000101110011000000010000000101011100000000010000000101010100000000010000000101011101000000010000000101011011000000010000000101001011000000010000000101011000000000010000000101011101000000010000000101110100000000010000000101100001000000010000000101011101000000010000000101100101000000010000000101100000000000010000000101011000000000010000000101101010000000010000000101110110000000010000000101110111000000010000000101100010000000010000000101110101000000010000000101110001000000010000000101110111000000010000000101111011000000010000000101110001000000010000000100000001000000010000000101111011000000010000000101100111000000010000000101011110000000010000000101100011000000010000000101110100000000010000000101110101000000010000000101010111000000010000000101100011000000010000000101101011000000010000000101100110000000010000000101110011000000010000000101100011000000010000000101100011000000010000000101100110000000010000000101101101000000010000000101100011000000010000000101100011000000010000000101010100000000010000000101010001000000010000000101100001000000010000000101100101000000010000000101100101000000010000000101101111000000010000000101011111000000010000000101100110000000010000000101100101000000010000000101111110000000010000000100000001000000010000000101101101000000010000000101100000000000010000000101100100000000010000000100000001000000010000000101111111000000010000000101100111000000010000000101011101000000010000000101001111000000010000000101001110000000010000000101110001000000010000000100000001000000010000000101110011000000010000000100000001000000010000000100000001000000010000000100000001000000010000000100000001000000010000000100000001000000010000000100000001000000010000000100000001000000010000000100000001000000010000000100000001000000010000000101111110000000010000000101111100000000010000000101110101000000010000000100000001000000010000000100000001000000010000000100000001000000010000000100000001000000010000000100000001000000010000000100000001000000010000000100000001000000010000000100000001000000010000000100000001000000010000000100000001000000010000000100000001000000010000000100000001000000010000000100000001000000010000000100000001000000010000000100000001000000010000000100000001000000010000000100000001000000010000000100000001000000010000000100000001000000010000000100000001000000010000000100000001000000010000000100000001000000010000000100000001000000010000000100000001000000010000000100000001000000010000000100000001000000010000000100000001000000010000000100000001000000010000000100000001000000010000000100000001000000010000000100000001000000010000000100000001000000010000000100000001000000010000000100000001000000010000000100000001000000010000000100000001000000010000000100000001000000010000000100000001000000010000000100000001000000010000000100000001000000010000000100000001000000010000000100000001000000010000000100000001000000010000000100000001000000010000000100000001000000010000000100000001000000010000000100000001000000010000000100000001000000010000000100000001000000010000000100000001000000010000000100000001000000010000000100000001000000010000000100000001000000010000000100000001000000010000000100000001000000010000000100000001000000010000000100000000000000010000000100000001000000010000000100000001000000010000000100000001000000010000000100000001000000010000000100000001000000010000000100000001000000010000000100000001000000010000000100000001000000010000000100000001000000010000000100000001000000010000000100000001000000010000000100000001000000010000000100000001000000010000000100000001000000010000000100000001000000010000000100000001000000010000000100000001000000010000000100000001000000010000000100000001011100010000000100000001011111110000000100000001000000010000000100000001000000010000000100000001000000010000000100000001000000010000000100000001000000010000000100000001000000010000000100000001000000010000000100000001000000010000000100000001000000010000000100000001000000010000000100000001000000010000000100000001000000010000000100000001000000010000000100000001000000010000000100000001000000010000000100000001000000010000000100000001000000010000000100000001000000010000000100000001000000010000000100000001000000010000000100000001000000010000000100000001000000010000000100000001000000010000000100000001000000010000000100000001000000010000000100000001000000010000000100000001000000010000000100000001000000010000000100000001000000010000000100000001000000010000000100000001000000010000000100000001000000010000000100000001000000010000000100000001000000010000000100000001000000010000000100000001000000010000000100000001000000010000000100000001000000010000000100000001000000010000000100000001000000010000000100000001000000010000000100000001000000010000000100000001000000010000000100000001000000010000000100000001000000010000000100000001000000010000000100000001000000010000000100000001000000010000000100000001000000010000000100000001000000010000000100000001000000010000000100000001000000010000000100000001000000010000000100000001011100000000000100000001010111000000000100000001011001000000000100000001000000010000000100000001000000010000000100000001000000010000000100000001000000010000000100000001000000010000000100000001000000010000000100000001000000010000000100000001000000010000000100000001000000010000000100000001000000010000000100000001011010010000000100000001011000010000000100000001000000010000000100000001011110000000000100000001011101100000000100000001011000000000000100000001011000010000000100000001011110100000000100000001011101100000000100000001011101110000000100000001011100100000000100000001011001000000000100000001011000110000000100000001011101110000000100000001011110100000000100000001011010100000000100000001010111100000000100000001011001010000000100000001000000010000000100000001011111100000000100000001000000010000000100000001000000010000000100000001011110110000000100000001011110100000000100000001011100000000000100000001000000010000000100000001000000010000000100000001011011100000000100000001010101010000000100000001001110110000000101110010010001100000000101111011011011110000000100000001000000010000000100000001011000000000000100000001011001000000000100000001010101000000000100000001010101110000000100000001011000000000000100000001011011010000000100000001011001000000000100000001011000000000000100000001011001010000000100000001011110110000000100000001011011010000000100000001011011010000000100000001011101100000000100000001011110100000000100000001000000010000000100000001000000010000000100000001000000010000000100000001000000010000000100000001010100010000000100000001010010010000000100000001010001010000000100000001011010000000000100000001011101110000000100000001011001100000000100000001011000010000000100000001011011110000000100000001010110010000000100000001010101010000000100000001011101000000000100000001011101100000000100000001011000100000000100000001010110110000000100000001010110110000000100000001000000010000000100000001000000010000000100000001011101100000000100000001011000010000000100000001011000100000000100000001011100110000000100000001000000010000000100000001000000010000000100000001000000010000000100000001010111110000000100000001001000010110100100111011001000000101111100110011001010010101111100110100001010000101101000110000001100000101111000110100001011100101100000101111001100000101101000110001001100110101101100110010001100010101100100110000001100000101100000101111001100010101100100110000001100100101101000110001001100010101100100110000001100100101101000110001001100100101101000110001001100100101101000110001001100100101101000110001001100100101101000110001001100100101101000110001001100100101101000110001001100100101101000110001001100100101101000110001001100100101101000110001001100100101101000110001001100100101101000110001001100100101101000110001001100100101101000110001001100100101101000110001001100100101101000110001001100100101101000110001001100100101101000110001001100100101101000110001001100100101101000110001001100100101101000110001001100100101101000110001001100100101101000110001001100100101101000110001001100100101101000110001001100100101101000110001001100100101101000110001001100100101101000110001001100100101101000110001001100100101101000110001001100100101101000110001001100100101101000110001001100100101101000110001001100100101101000110001001100100101101000110001001100100101101000110001001101000101100100110001001101000101100100110001001101000101100100110001001101000101100100110001001100100101011100101111001101110101110000110100001100110101101100110010001100110101110100110100001011000101100000101111001011110101110100110011001010110101100100101111001001000101100100101110001001000110000100110101000111110110011100111001011100110000000100000001011101110000000100000001011110100000000100000001011110100000000100000001011001110000000100000001011001000000000100000001010111010000000100000001011101000000000100000001011110110000000100000001000000010000000100000001000000010000000100000001011111100000000100000001011110110000000100000001011100100000000100000001000000010000000100000001000000010000000100000001011100010000000100000001010110010000000100000001010000010000000101111000010010010000000101111110011011010000000100000001000000010000000100000001011000000000000100000001011001000000000100000001010101000000000100000001010101110000000100000001011000000000000100000001011011010000000100000001011001000000000100000001011000000000000100000001011000110000000100000001011110010000000100000001011010110000000100000001011010110000000100000001011101000000000100000001011110000000000100000001011111110000000100000001000000010000000100000001000000010000000100000001000000010000000100000001010100010000000100000001010010010000000100000001010001110000000100000001011010100000000100000001011110010000000100000001011010000000000100000001011001000000000100000001011011100000000100000001010111000000000100000001010101100000000100000001011101010000000100000001011101010000000100000001011001010000000100000001010110110000000100000001010110100000000100000001011111100000000100000001000000010000000100000001011110010000000100000001011001000000000100000001011001010000000100000001011100000000000100000001011100100000000100000001011100100000000100000001011011110000000100000001011000010000000100000001011000010000000100000001011101100000000100000001011110010000000100000001011010100000000100000001010111110000000100000001011001010000000100000001000000010000000100000001000000010000000100000001000000010000000100000001000000010000000100000001011101110000000100000001011111010000000100000001011100000000000100000001000000010000000100000001000000010000000100000001011011100000000100000001010100100000000100000001001111100000000101110111010010000000000101111111011100110000000100000001000000010000000100000001011101110000000100000001000000010000000100000001000000010000000100000001000000010000000100000001000000010000000100000001000000010000000100000001000000010000000100000001000000010000000100000001000000010000000100000001000000010000000100000001000000010000000100000001000000010000000100000001000000010000000100000001000000010000000100000001000000010000000100000001000000010000000100000001000000010000000100000001000000010000000100000001000000010000000100000001000000010000000100000001000000010000000100000001000000010000000100000001000000010000000100000001000000010000000100000001000000010000000100000001000000010000000100000001000000010000000100000001000000010000000100000001000000010000000100000001000000010000000100000001000000010000000100000001000000010000000100000001000000010000000100000001000000010000000100000001000000010000000100000001000000010000000100000001000000010000000100000001000000010000000100000001000000010000000100000001000000010000000100000001000000010000000100000001000000010000000100000001000000010000000100000001000000010000000100000001000000010000000100000001000000010000000100000001000000010000000100000001000000010000000100000001000000010000000100000001000000010000000100000001000000010000000100000001000000010000000100000001000000010000000100000001000000010000000100000001000000010000000100000001000000010000000100000001000000010000000100000001000000010000000100000001000000010000000100000001000000010000000100000001000000010000000100000001000000010000000100000001000000010000000100000001000000010000000100000001000000010000000100000001000000010000000100000001000000010000000100000001000000010000000100000001000000010000000100000001000000000000000100000001000000010000000100000001000000010000000100000001000000010000000100000001000000010000000100000001000000010000000100000001000000010000000100000001000000010000000100000001000000010000000100000001000000010000000100000001000000010000000100000001000000010000000100000001000000010000000100000001000000010000000100000001000000010111110000000001000000010111101100000001000000010000000100000001000000010000000100000001000000010111000100000001000000010110001000000001000000010110011100000001000000010000000100000001000000010000000100000001000000010000000100000001000000010110100000000001000000010111100100000001000000010000000100000001000000010000000100000001000000010000000100000001000000010000000100000001000000010000000100000001000000010000000100000001000000010000000100000001000000010000000100000001000000010000000100000001000000010000000100000001000000010000000100000001000000010000000100000001000000010000000100000001000000010000000100000001000000010000000100000001000000010000000100000001000000010000000100000001000000010000000100000001000000010000000100000001000000010000000100000001000000010000000100000001000000010000000100000001000000010000000100000001000000010000000100000001000000010000000100000001000000010000000100000001000000010000000100000001000000010000000100000001000000010000000100000001000000010000000100000001000000010000000100000001000000010000000100000001000000010000000100000001000000010000000100000001000000010000000100000001000000010000000100000001000000010000000100000001000000010000000100000001000000010000000100000001000000010000000100000001000000010000000100000001000000010000000100000001000000010000000100000001000000010000000100000001000000010000000100000001000000010000000100000001000000010000000100000001000000010000000100000001000000010110110100000001000000010101110000000001000000010111001000000001000000010111000000000001000000010000000100000001000000010000000100000001000000010000000100000001000000010000000100000001000000010000000100000001000000010000000100000001000000010000000100000001000000010000000100000001000000010000000100000001000000010000000100000001000000010111100100000001000000010000000100000001000000010110100100000001000000010110001000000001000000010100111000000001000000010101010000000001000000010111001100000001000000010111010100000001000000010110111000000001000000010110011100000001000000010110000100000001000000010110100000000001000000010111011000000001000000010111001100000001000000010101110100000001000000010100110000000001000000010100110000000001000000010110011100000001000000010101110100000001000000010110000000000001000000010100110000000001000000010101100100000001000000010110111100000001000000010111011100000001000000010000000100000001000000010111000100000001000000010101110000000001000000010110001000000001000000010110111000000001000000010110110100000001000000010111000100000001000000010110001100000001000000010100111100000001000000010101000000000001000000010101100000000001000000010110110100000001000000010111110000000001000000010000000100000001000000010111100100000001000000010111010100000001000000010111011100000001000000010101111100000001000000010101100100000001000000010101100000000001000000010101001000000001000000010101101000000001000000010110110100000001000000010110101000000001000000010111000100000001000000010110110100000001000000010100111100000001000000010101110100000001000000010101010100000001000000010101001000000001000000010100111100000001000000010101010000000001000000010110010000000001000000010110010100000001000000010101110000000001000000010110001000000001000000010110111000000001000000010110111000000001000000010110110100000001000000010110100000000001000000010110010000000001000000010111111100000001000000010111001100000001000000010110100100000001000000010101110100000001000000010101111100000001000000010110110000000001000000010111011100000001000000010111111000000001000000010000000100000001000000010010110101110101010001110001111101100000001100110010001101011011001100000010101101011101001100110010101101011001001011110010111001011000001011110010111101011001001100000011001101011011001100100011010101011101001101000011001101011011001100100011000101011001001100000011001001011010001100010011010101011010001100100011010001011001001100010011001001011010001100010011001001011010001100010011001001011010001100010011001001011010001100010011001001011010001100010011001001011010001100010011001001011010001100010011001001011010001100010011001001011010001100010011001001011010001100010011001001011010001100010011001001011010001100010011001001011010001100010011001001011010001100010011001001011010001100010011001001011010001100010011001001011010001100010011001001011010001100010011001001011010001100010011001001011010001100010011001001011010001100010011001001011010001100010011001001011010001100010011001001011010001100010011001001011010001100010011001001011010001100010011001001011010001100010011001001011010001100010011001001011010001100010011001001011010001100010011001001011010001100010011001001011010001100010011001001011010001100010011001001011010001100010011010001011001001100010011010001011001001100010011010001011001001100010011010001011001001100010011010001011001001100010011001101011000001100000011010101011010001100100011010101011010001100100010111101010111001011100011000001011010001100010010110001010110001011010010111101011011001100100010110101011001001100000010110001011100001100100010010101011110001100010001011001010111001010010101011100000001011100010111111000000001000000010111111100000001000000010111010000000001000000010101100100000001000000010101001000000001000000010100110100000001000000010110011000000001000000010101110000000001000000010110010000000001000000010101010000000001000000010101101100000001000000010111001100000001000000010111101000000001000000010000000100000001000000010111011000000001000000010101111000000001000000010110000000000001000000010110111100000001000000010110111000000001000000010111000100000001000000010110011100000001000000010100111100000001000000010101000000000001000000010101100000000001000000010110110100000001000000010111110000000001000000010000000100000001000000010111100100000001000000010111010100000001000000010111011100000001000000010101111100000001000000010101100100000001000000010101100000000001000000010101001000000001000000010101101000000001000000010110110100000001000000010110101000000001000000010111000100000001000000010110110100000001000000010100111100000001000000010101110100000001000000010101011100000001000000010101010000000001000000010101000100000001000000010101011000000001000000010110100100000001000000010110001100000001000000010110000000000001000000010110010000000001000000010111000000000001000000010110101100000001000000010110110100000001000000010110011100000001000000010101110000000001000000010000000100000001000000010111101000000001000000010110000000000001000000010101111000000001000000010101011100000001000000010110101100000001000000010111101000000001000000010110011100000001000000010110011000000001000000010110010100000001000000010110101100000001000000010111010000000001000000010110111100000001000000010101111000000001000000010101000000000001000000010100101000000001011111110110100100000001000000010110000000000001000000010101111100000001000000010101001100000001000000010101010000000001000000010111000100000001000000010111000000000001000000010000000100000001000000010111001100000001000000010101110000000001000000010101101000000001000000010110001000000001000000010111000100000001000000010000000100000001000000010000000100000001000000010111001000000001000000010000000100000001000000010000000100000001000000010000000100000001000000010000000100000001000000010000000100000001000000010000000100000001000000010000000100000001000000010000000100000001000000010111011100000001000000010110011000000001000000010110111000000001000000010111001100000001000000010000000100000001000000010000000100000001000000010000000100000001000000010000000100000001000000010000000100000001000000010000000100000001000000010000000100000001000000010000000100000001000000010000000100000001000000010000000100000001000000010000000100000001000000010000000100000001000000010000000100000001000000010000000100000001000000010000000100000001000000010000000100000001000000010000000100000001000000010000000100000001000000010000000100000001000000010000000100000001000000010000000100000001000000010000000100000001000000010000000100000001000000010000000100000001000000010000000100000001000000010000000100000001000000010000000100000001000000010000000100000001000000010000000100000001000000010000000100000001000000010000000100000001000000010000000100000001000000010000000100000001000000010000000100000001000000010111111100000001000000010111111100000001000000010000000100000001000000010000000100000001000000010000000100000001000000010000000100000001000000010000000100000001000000010000000100000001000000010000000100000001000000010000000100000001000000010000000100000001000000010000000100000001000000010000000100000001000000010000000100000001000000010000000100000001000000010000000100000001000000010000000100000001000000010000000100000001000000010000000100000001000000010000000100000001000000010000000100000001000000010000000100000001000000010000000000000001000000010000000100000001000000010000000100000001000000010000000100000001000000010000000100000001000000010000000100000001000000010000000100000001000000010000000100000001000000010000000100000001000000010000000100000001000000010000000100000001000000010000000100000001000000010000000100000001000000010000000100000001000000010000000101101101000000010000000101100001000000010000000101111100000000010000000100000001000000010000000101011101000000010000000101010110000000010000000101010101000000010000000101100011000000010000000100000001000000010000000101110100000000010000000101010101000000010000000101011111000000010000000100000001000000010000000100000001000000010000000100000001000000010000000100000001000000010000000100000001000000010000000100000001000000010000000100000001000000010000000100000001000000010000000100000001000000010000000100000001000000010000000100000001000000010000000100000001000000010000000100000001000000010000000100000001000000010000000100000001000000010000000100000001000000010000000100000001000000010000000100000001000000010000000100000001000000010000000100000001000000010000000100000001000000010000000100000001000000010000000100000001000000010000000100000001000000010000000100000001000000010000000100000001000000010000000100000001000000010000000100000001000000010000000100000001000000010000000100000001000000010000000100000001000000010000000100000001000000010000000100000001000000010000000100000001000000010000000100000001000000010000000100000001000000010000000100000001000000010000000100000001000000010000000100000001000000010000000100000001000000010000000100000001000000010000000100000001000000010000000100000001000000010000000100000001000000010000000100000001000000010000000100000001000000010000000100000001000000010000000100000001000000010000000101101111000000010000000101111100000000010000000101101110000000010000000101111101000000010000000100000001000000010000000100000001000000010000000100000001000000010000000100000001000000010000000100000001000000010000000100000001000000010000000100000001000000010000000100000001000000010000000100000001000000010000000100000001000000010000000101111101000000010000000101110101000000010000000100111111000000010111100101000110000000010000000101101110000000010000000101110011000000010000000101100000000000010000000101110101000000010000000101110111000000010000000101111100000000010000000101111001000000010000000101100111000000010000000101011010000000010000000101011000000000010000000101011000000000010000000101010101000000010000000101011110000000010000000101100000000000010000000101011000000000010000000101100100000000010000000101101000000000010000000101101100000000010000000101101000000000010000000101101010000000010000000101101110000000010000000101101100000000010000000101100010000000010000000101100001000000010000000101101111000000010000000101110010000000010000000101111011000000010000000101101100000000010000000101011010000000010000000101101000000000010000000101101010000000010000000101100101000000010000000101110001000000010000000101110100000000010000000101100110000000010000000101101100000000010000000101110000000000010000000101011111000000010000000101100111000000010000000101011011000000010000000101011000000000010000000101011110000000010000000101100001000000010000000101011001000000010000000101011010000000010000000101011010000000010000000101001111000000010000000101011000000000010000000101100100000000010000000101101101000000010000000101011110000000010000000101010110000000010000000101100000000000010000000101011100000000010000000101100010000000010000000101101100000000010000000101100110000000010000000101011110000000010000000101101000000000010000000101101010000000010000000101101011000000010000000101110010000000010000000100111101000000010111010001001001000000010111111001111000000000010000000101110100000000010000000101100011000000010000000101111101000000010000000100000001000000010000000101010100000000010110110000100000011000010011010000100001010111000011000000100100010110010010111000101000010101100010110000111000011000100011100100110001010110010011000000110100010111000011001100110011010110110011001000110010010110100011000100110001010110010011000000110011010110110011001000110101010111010011010000110101010110100011001000110001010101100010111000110010010110100011000100110010010110100011000100110010010110100011000100110010010110100011000100110010010110100011000100110010010110100011000100110010010110100011000100110010010110100011000100110010010110100011000100110010010110100011000100110010010110100011000100110010010110100011000100110010010110100011000100110010010110100011000100110010010110100011000100110010010110100011000100110010010110100011000100110010010110100011000100110010010110100011000100110010010110100011000100110010010110100011000100110010010110100011000100110010010110100011000100110010010110100011000100110010010110100011000100110010010110100011000100110010010110100011000100110010010110100011000100110010010110100011000100110010010110100011000100110010010110100011000100110010010110100011000100110010010110100011000100110010010110100011000100110100010110010011000100110100010110010011000100110100010110010011000100110100010110010011000100110100010110010011000100110011010110000011000000110101010110100011001000110101010110100011001000101111010101110010111000110100010111000011001100110001010110010011000000110010010111000011001100101110010110000010111100101011010110010010111100100101010110100010111000100100011000100011010000101000011011100011111101111101000000010000000101110100000000010000000101100110000000010000000101010111000000010000000101001111000000010000000101010001000000010000000101100100000000010000000101010110000000010000000101100011000000010000000101100010000000010000000101101111000000010000000101110100000000010000000101101101000000010000000101101001000000010000000101101101000000010000000101100010000000010000000101011110000000010000000101110000000000010000000101110001000000010000000101110110000000010000000101101010000000010000000101011010000000010000000101101000000000010000000101101010000000010000000101100101000000010000000101110001000000010000000101110100000000010000000101100110000000010000000101101100000000010000000101110000000000010000000101011111000000010000000101100111000000010000000101011011000000010000000101011000000000010000000101011110000000010000000101100001000000010000000101011001000000010000000101011010000000010000000101011010000000010000000101001111000000010000000101011000000000010000000101100110000000010000000101101111000000010000000101100000000000010000000101011001000000010000000101100111000000010000000101011100000000010000000101100110000000010000000101101111000000010000000101101010000000010000000101011010000000010000000101101000000000010000000101101010000000010000000101101011000000010000000101110010000000010000000100111101000000010111010001001100000000010000000101110001000000010000000101110110000000010000000101011110000000010000000101100110000000010000000101101111000000010000000101110101000000010000000101110011000000010000000101100011000000010000000101010111000000010000000101010110000000010000000101010111000000010000000101010100000000010000000101011111000000010000000101100011000000010000000101010110000000010000000101011110000000010000000101101111000000010000000101100111000000010000000101110010000000010000000101101000000000010000000101101111000000010000000101100011000000010000000101100010000000010000000101100010000000010000000101100101000000010000000101110111000000010000000100000001000000010000000100000001000000010000000100000001000000010000000100000001000000010000000100000001000000010000000100000001000000010000000100000001000000010000000100000001000000010000000100000001000000010000000100000001000000010000000100000001000000010000000100000001000000010000000101111010000000010000000101111000000000010000000101111000000000010000000100000001000000010000000100000001000000010000000100000001000000010000000100000001000000010000000100000001000000010000000100000001000000010000000100000001000000010000000100000001000000010000000100000001000000010000000100000001000000010000000100000001000000010000000100000001000000010000000100000001000000010000000100000001000000010000000100000001000000010000000100000001000000010000000100000001000000010000000100000001000000010000000100000001000000010000000100000001000000010000000100000001000000010000000100000001000000010000000100000001000000010000000100000001000000010000000100000001000000010000000100000001000000010000000100000001000000010000000100000001000000010000000100000001000000010000000100000001000000010000000100000001000000010000000100000001000000010000000100000001000000010000000100000001000000010000000101110110000000010000000101110000000000010000000101111000000000010000000100000001000000010000000100000001000000010000000101111001000000010000000100000001000000010000000100000001000000010000000100000001000000010000000100000001000000010000000100000001000000010000000100000001000000010000000100000001000000010000000100000001000000010000000100000001000000010000000100000001000000010000000100000001000000010000000100000001000000010000000100000001000000010000000100000001000000010000000100000001000000010000000100000001000000010000000100000000000000010000000100000001000000010000000100000001000000010000000100000001000000010000000100000001000000010000000100000001000000010000000100000001000000010000000100000001000000010000000100000001000000010000000100000001000000010000000100000001000000010000000100000001000000010000000100000001000000010000000100000001000000010000000100000001011010100000000100000001010111110000000100000001011111000000000100000001000000010000000100000001010111000000000100000001010100100000000100000001010011110000000100000001011000010000000100000001000000010000000100000001011100110000000100000001010100010000000100000001011001010000000100000001000000010000000100000001000000010000000100000001000000010000000100000001000000010000000100000001000000010000000100000001000000010000000100000001000000010000000100000001000000010000000100000001000000010000000100000001000000010000000100000001000000010000000100000001000000010000000100000001000000010000000100000001000000010000000100000001000000010000000100000001000000010000000100000001000000010000000100000001000000010000000100000001000000010000000100000001000000010000000100000001000000010000000100000001000000010000000100000001000000010000000100000001000000010000000100000001000000010000000100000001000000010000000100000001000000010000000100000001000000010000000100000001000000010000000100000001000000010000000100000001000000010000000100000001000000010000000100000001000000010000000100000001000000010000000100000001000000010000000100000001000000010000000100000001000000010000000100000001000000010000000100000001000000010000000100000001000000010000000100000001000000010000000100000001000000010000000100000001000000010000000100000001000000010000000100000001000000010000000100000001000000010000000100000001000000010000000100000001000000010000000100000001000000010000000100000001011100010000000100000001011100010000000100000001011111110000000100000001000000010000000100000001000000010000000100000001000000010000000100000001000000010000000100000001000000010000000100000001000000010000000100000001000000010000000100000001000000010000000100000001000000010000000100000001000000010000000100000001000000010000000100000001011000100000000100000001001111110000000101110101010101110000000100000001011110010000000100000001011101100000000100000001011011000000000100000001000000010000000100000001011010110000000100000001011111010000000100000001011100000000000100000001011010000000000100000001011001110000000100000001010110110000000100000001010110100000000100000001010101110000000100000001010111110000000100000001011000110000000100000001010110110000000100000001010101010000000100000001010011010000000100000001010111010000000100000001011000100000000100000001011000000000000100000001010110100000000100000001011000010000000100000001011000110000000100000001011000000000000100000001011001010000000100000001011110000000000100000001011101010000000100000001011000100000000100000001011000110000000100000001011000000000000100000001011100010000000100000001011101010000000100000001011101110000000100000001011110100000000100000001011001110000000100000001010111010000000100000001010011110000000101111110011100000000000100000001011011000000000100000001010111010000000100000001011000010000000100000001010100010000000100000001010101010000000100000001010101110000000100000001010100000000000100000001011000000000000100000001010010110000000100000001010100110000000100000001011000110000000100000001011001110000000100000001010110100000000100000001010110010000000100000001011001110000000100000001011011000000000100000001000000010000000100000001000000010000000100000001011101100000000100000001010110110000000100000001011010000000000100000001011010010000000100000001011010000000000100000001010111110000000100000001001100110000000101100110011000010000000100000001011110000000000100000001011111110000000100000001011100000000000100000001000000010000000100000001011101010000000100000001000111100101110100110001000111000101011100101011001010110110000000110101001001110101010100101011001101010101111100110110001100010101100100110000001101010101101000110010001100110101100000110000001100110101100000110000001100010101100100110000001100100101101000110001001100100101101000110001001100100101101000110001001101000101100100110001001101010101101000110010001100100101101000110001001100100101101000110001001100100101101000110001001100100101101000110001001100100101101000110001001100100101101000110001001100100101101000110001001100100101101000110001001100100101101000110001001100100101101000110001001100100101101000110001001100100101101000110001001100100101101000110001001100100101101000110001001100100101101000110001001100100101101000110001001100100101101000110001001100100101101000110001001100100101101000110001001100100101101000110001001100100101101000110001001100100101101000110001001100100101101000110001001100100101101000110001001100100101101000110001001100100101101000110001001100100101101000110001001100100101101000110001001100100101101000110001001100100101101000110001001100100101101000110001001100100101101000110001001100100101101000110001001100100101101000110001001100100101101000110001001100100101101000110001001101000101100100110001001101000101100100110001001101000101100100110001001101000101100100110001001101000101100100110001001101000101100100110001001101010101101000110010001100110101101100110010001100110101101100110010001100110101101100110010001100100101101000110001001011100101101000110001001011000101110100110001001000110101101000101101001000000110000000110010010111000000000101110101011110010000000100000001011101010000000100000001010110000000000100000001010111110000000100000001010110010000000100000001011000110000000100000001011000010000000100000001010111100000000100000001010100010000000100000001011000100000000100000001011011100000000100000001011010010000000100000001010111010000000100000001011000100000000100000001011000110000000100000001010111110000000100000001011001000000000100000001011110000000000100000001011101110000000100000001011001000000000100000001011000110000000100000001011000000000000100000001011100010000000100000001011101010000000100000001011101110000000100000001011110100000000100000001011001110000000100000001010111010000000100000001010011010000000101111110011011100000000100000001011010100000000100000001010110110000000100000001010111110000000100000001010011110000000100000001010101010000000100000001010101110000000100000001010100000000000100000001011000100000000100000001010010100000000101111111010101000000000100000001011001100000000100000001011010010000000100000001010111100000000100000001010111000000000100000001011011110000000100000001011011000000000100000001000000010000000100000001000000010000000100000001011100100000000100000001011000110000000100000001011000100000000100000001011000100000000100000001011001010000000100000001010111000000000100000001001101110000000101101100010110100000000100000001011110000000000100000001011101000000000100000001011010000000000100000001011111010000000100000001011100110000000100000001011101000000000100000001011100110000000100000001011011010000000100000001011000010000000100000001010110110000000100000001010111100000000100000001010110010000000100000001010111110000000100000001011010010000000100000001011000110000000100000001010111000000000100000001010100110000000100000001010101100000000100000001011000110000000100000001011000000000000100000001010110000000000100000001011001110000000100000001011000100000000100000001010111010000000100000001011001100000000100000001000000010000000100000001000000010000000100000001000000010000000100000001000000010000000100000001000000010000000100000001000000010000000100000001000000010000000100000001000000010000000100000001000000010000000100000001000000010000000100000001000000010000000100000001011100110000000100000001011110110000000100000001011100100000000100000001011100000000000100000001000000010000000100000001000000010000000100000001000000010000000100000001000000010000000100000001000000010000000100000001000000010000000100000001000000010000000100000001000000010000000100000001000000010000000100000001000000010000000100000001000000010000000100000001000000010000000100000001000000010000000100000001000000010000000100000001000000010000000100000001000000010000000100000001000000010000000100000001000000010000000100000001000000010000000100000001000000010000000100000001000000010000000100000001000000010000000100000001000000010000000100000001000000010000000100000001000000010000000100000001000000010000000100000001000000010000000100000001000000010000000100000001000000010000000100000001000000010000000100000001000000010000000100000001000000010000000100000001000000010000000100000001000000010000000100000001000000010000000100000001011101110000000100000001011100010000000100000001011111000000000100000001000000010000000100000001000000010000000100000001011111010000000100000001000000010000000100000001000000010000000100000001000000010000000100000001000000010000000100000001000000010000000100000001000000010000000100000001000000010000000100000001000000010000000100000001000000010000000100000001000000010000000100000001000000010000000100000001000000010000000100000001000000010000000100000001000000010000000100000001000000010000000100000001000000010000000100000001000000000000000100000001000000010000000100000001000000010000000100000001000000010000000100000001000000010000000100000001000000010000000100000001000000010000000100000001000000010000000100000001000000010000000100000001000000010000000100000001000000010000000100000001000000010000000100000001000000010000000100000001000000010000000100000001000000010000000100000001000000010111100000000001000000010000000100000001000000010000000100000001000000010110110000000001000000010101101100000001000000010101111100000001000000010111110100000001000000010000000100000001000000010000000100000001000000010110001100000001000000010111100000000001000000010000000100000001000000010000000100000001000000010000000100000001000000010000000100000001000000010000000100000001000000010000000100000001000000010000000100000001000000010000000100000001000000010000000100000001000000010000000100000001000000010000000100000001000000010000000100000001000000010000000100000001000000010000000100000001000000010000000100000001000000010000000100000001000000010000000100000001000000010000000100000001000000010000000100000001000000010000000100000001000000010000000100000001000000010000000100000001000000010000000100000001000000010000000100000001000000010000000100000001000000010000000100000001000000010000000100000001000000010000000100000001000000010000000100000001000000010000000100000001000000010000000100000001000000010000000100000001000000010000000100000001000000010000000100000001000000010000000100000001000000010000000100000001000000010000000100000001000000010000000100000001000000010000000100000001000000010000000100000001000000010000000100000001000000010000000100000001000000010000000100000001000000010000000100000001000000010000000100000001000000010000000100000001000000010000000100000001000000010000000100000001000000010000000100000001000000010000000100000001000000010000000100000001000000010111010100000001000000010111111100000001000000010000000100000001000000010000000100000001000000010000000100000001000000010000000100000001000000010000000100000001000000010000000100000001000000010000000100000001000000010000000100000001000000010000000100000001000000010111110100000001000000010101010000000001011111010110001100000001000000010111101000000001000000010110110100000001000000010101010100000001000000010111001100000001000000010000000100000001000000010110010100000001000000010101101000000001000000010101010000000001000000010101101100000001000000010110100000000001000000010110110100000001000000010110010100000001000000010101110000000001000000010110001000000001000000010110010100000001000000010101110000000001000000010101000000000001000000010100010100000001011111110101100000000001000000010110010000000001000000010110100100000001000000010101011100000001000000010101110100000001000000010110101000000001000000010110010000000001000000010101111000000001000000010110101000000001000000010110100000000001000000010101101100000001000000010110000000000001000000010101110100000001000000010111100000000001000000010000000100000001000000010111010100000001000000010111010100000001000000010111000100000001000000010110100100000001000000010101100100000001000000010110100100000001000000010110111100000001000000010110110100000001000000010110110000000001000000010110110000000001000000010111010000000001000000010111000100000001000000010110110100000001000000010000000100000001000000010111101100000001000000010111011000000001000000010110111000000001000000010110011100000001000000010110100000000001000000010111010000000001000000010111100100000001000000010110111000000001000000010111011000000001000000010111100000000001000000010111000100000001000000010110100100000001000000010110010000000001000000010101111000000001000000010100111100000001000000010011101000000001011011110110001100000001000000010111011100000001000000010111111000000001000000010110001100000001000000010111111000000001000000010000000100000001000000010010111001101111010000100010010101011101001100100010100001011101001100100010110101011101001100110011001001011110001101010011010101011101001101000010111001010011001010110011001101011000001100000011010101011010001100100011001001011010001100010011001001011010001100010011001001011010001100010011001001011010001100010011000101011001001100000011001101011000001100000011001101011000001100000011001001011010001100010011001001011010001100010011001001011010001100010011001001011010001100010011001001011010001100010011001001011010001100010011001001011010001100010011001001011010001100010011001001011010001100010011001001011010001100010011001001011010001100010011001001011010001100010011001001011010001100010011001001011010001100010011001001011010001100010011001001011010001100010011001001011010001100010011001001011010001100010011001001011010001100010011001001011010001100010011001001011010001100010011001001011010001100010011001001011010001100010011001001011010001100010011001001011010001100010011001001011010001100010011001001011010001100010011001001011010001100010011001001011010001100010011001001011010001100010011001001011010001100010011001001011010001100010011001001011010001100010011001001011010001100010011001001011010001100010011001001011010001100010011010001011001001100010011010001011001001100010011010001011001001100010011010001011001001100010011010001011001001100010011010001011001001100010011001101011000001100000011010001011001001100010011001101011011001100100011001101011011001100100011001001011010001100010010111101011001001100000010101101011000001011010010101001011101001100010010000101011010001011010011111000000001010100110111111000000001000000010110110100000001000000010111010100000001000000010110011000000001000000010101111000000001000000010110000100000001000000010101100000000001000000010100110100000001000000010100001100000001011110000101100100000001000000010110110000000001000000010110110000000001000000010101101000000001000000010101111100000001000000010110110000000001000000010110010100000001000000010101111000000001000000010110100000000001000000010110010000000001000000010101011000000001000000010110000000000001000000010101110100000001000000010111100000000001000000010000000100000001000000010111010100000001000000010111010100000001000000010111000100000001000000010110100100000001000000010101011100000001000000010110011100000001000000010110110100000001000000010110101100000001000000010110101000000001000000010110101000000001000000010111010000000001000000010111000100000001000000010110111100000001000000010000000100000001000000010111101100000001000000010111011000000001000000010111000000000001000000010110100000000001000000010110100100000001000000010111010000000001000000010111111000000001000000010111000000000001000000010111111000000001000000010111011100000001000000010110111100000001000000010110011000000001000000010101101100000001000000010110011100000001000000010101010100000001000000010100101000000001011111110101101100000001000000010111000000000001000000010110110000000001000000010101011100000001000000010111000000000001000000010111100000000001000000010110000100000001000000010101100000000001000000010101010100000001000000010101110100000001000000010110011000000001000000010110100100000001000000010110011100000001000000010101101100000001000000010110011000000001000000010110100100000001000000010101101000000001000000010100111000000001000000010100101000000001000000010101011100000001000000010110011100000001000000010110001100000001000000010101101000000001000000010101110000000001000000010110101100000001000000010110000000000001000000010110011000000001000000010000000100000001000000010000000100000001000000010000000100000001000000010000000100000001000000010000000100000001000000010000000100000001000000010000000100000001000000010000000100000001000000010000000100000001000000010000000100000001000000010000000100000001000000010111011100000001000000010111100000000001000000010000000100000001000000010000000100000001000000010000000100000001000000010000000100000001000000010000000100000001000000010000000100000001000000010000000100000001000000010000000100000001000000010000000100000001000000010000000100000001000000010000000100000001000000010000000100000001000000010000000100000001000000010000000100000001000000010000000100000001000000010000000100000001000000010000000100000001000000010000000100000001000000010000000100000001000000010000000100000001000000010000000100000001000000010000000100000001000000010000000100000001000000010000000100000001000000010000000100000001000000010000000100000001000000010000000100000001000000010000000100000001000000010000000100000001000000010000000100000001000000010000000100000001000000010000000100000001000000010000000100000001000000010000000100000001000000010000000100000001000000010000000100000001000000010000000100000001000000010000000100000001000000010000000100000001000000010000000100000001000000010000000100000001000000010000000100000001000000010000000100000001000000010000000100000001000000010000000100000001000000010000000100000001000000010000000100000001000000010000000100000001000000010000000100000001000000010000000100000001000000010000000100000001000000010000000100000001000000010000000100000001000000010000000100000001000000010000000100000001000000010000000100000001000000010000000100000001000000010000000100000001000000010000000100000001000000010000000000000001000000010000000100000001000000010000000100000001000000010000000100000001000000010000000100000001000000010000000100000001000000010000000100000001000000010000000100000001000000010000000100000001000000010000000100000001000000010000000100000001000000010000000100000001000000010000000100000001000000010000000100000001000000010000000100000001000000010000000100000001000000010000000100000001000000010000000100000001000000010000000101111000000000010000000101100100000000010000000101110011000000010000000100000001000000010000000100000001000000010000000100000001000000010000000100000001000000010000000100000001000000010000000100000001000000010000000100000001000000010000000100000001000000010000000100000001000000010000000100000001000000010000000100000001000000010000000100000001000000010000000100000001000000010000000100000001000000010000000100000001000000010000000100000001000000010000000100000001000000010000000100000001000000010000000100000001000000010000000100000001000000010000000100000001000000010000000100000001000000010000000100000001000000010000000100000001000000010000000100000001000000010000000100000001000000010000000100000001000000010000000100000001000000010000000100000001000000010000000100000001000000010000000100000001000000010000000100000001000000010000000100000001000000010000000100000001000000010000000100000001000000010000000100000001000000010000000100000001000000010000000100000001000000010000000100000001000000010000000100000001000000010000000100000001000000010000000100000001000000010000000100000001000000010000000100000001000000010000000100000001000000010000000100000001000000010000000100000001000000010000000100000001000000010000000100000001000000010000000100000001000000010000000100000001000000010000000100000001000000010000000100000001000000010000000100000001000000010000000100000001000000010000000100000001000000010000000100000001000000010000000100000001000000010000000100000001000000010000000100000001000000010000000100000001000000010000000100000001000000010000000100000001000000010000000100000001000000010000000100000001000000010000000100000001000000010000000100000001000000010000000100000001000000010000000101110001000000010000000100000001000000010000000100000001000000010000000101111111000000010000000101100010000000010000000101101101000000010000000101100011000000010000000101100010000000010000000101001011000000010000000101010100000000010000000101011000000000010000000101010100000000010000000101011011000000010000000101011100000000010000000101100100000000010000000101100000000000010000000101100001000000010000000101011010000000010000000101010011000000010000000101010000000000010000000101100011000000010000000101101100000000010000000101101010000000010000000101010100000000010000000101010101000000010000000101110001000000010000000101101011000000010000000101011110000000010000000101100101000000010000000101100010000000010000000101011011000000010000000101110100000000010000000101101100000000010000000101110001000000010000000101111011000000010000000101101100000000010000000101101111000000010000000101110100000000010000000101110111000000010000000101111010000000010000000101011001000000010000000101011011000000010000000101110010000000010000000101110001000000010000000101111001000000010000000100000001000000010000000100000001000000010000000101111101000000010000000101110101000000010000000101111001000000010000000101110111000000010000000101111001000000010000000101110110000000010000000101110001000000010000000101101101000000010000000101011110000000010000000101011110000000010000000101101000000000010000000101100001000000010000000101011101000000010000000101100011000000010000000101011110000000010000000101101011000000010000000101100101000000010000000101010011000000010000000101110111000000010000000100000001000000010000000101110110000000010000000101101101000000010000000101111111000000010000000100111011000000010101010000001101010010000001110000110001011000110011100100101110010111100011010000101101010110010011000000110110010111100011010100110010010101110010111100110010010101110010111100110100010110010011000100110101010110100011001000110010010110100011000100110010010110100011000100110000010110100011000100110010010110100011000100110001010110010011000000110011010110000011000000110011010110000011000000110010010110100011000100110010010110100011000100110010010110100011000100110010010110100011000100110010010110100011000100110010010110100011000100110010010110100011000100110010010110100011000100110010010110100011000100110010010110100011000100110010010110100011000100110010010110100011000100110010010110100011000100110010010110100011000100110010010110100011000100110010010110100011000100110010010110100011000100110010010110100011000100110010010110100011000100110010010110100011000100110010010110100011000100110010010110100011000100110010010110100011000100110010010110100011000100110010010110100011000100110010010110100011000100110010010110100011000100110010010110100011000100110010010110100011000100110010010110100011000100110010010110100011000100110010010110100011000100110010010110100011000100110010010110100011000100110010010110100011000100110010010110100011000100110010010110100011000100110010010110100011000100110010010110100011000100110010010110100011000100110011010110110011001000110001010110010011000000110010010101110010111100110011010110000011000000110100010110010011000100110100010110010011000100110010010110100011000100110001010110010011000000110011010111100011001100100100010100100010011100110001011001100011101100011011010110100010111001011011000000010111011001111011000000010000000101101001000000010000000101100010000000010000000101100010000000010000000101011101000000010000000101010111000000010000000101010000000000010000000101010001000000010000000101101010000000010000000101110110000000010000000101110001000000010000000101010001000000010000000101010001000000010000000101110000000000010000000101101011000000010000000101011111000000010000000101100111000000010000000101100011000000010000000101011101000000010000000101110100000000010000000101101100000000010000000101110001000000010000000101111011000000010000000101101100000000010000000101101111000000010000000101110100000000010000000101110111000000010000000101111000000000010000000101010111000000010000000101011011000000010000000101110010000000010000000101110001000000010000000101111001000000010000000100000001000000010000000100000001000000010000000101111100000000010000000101110100000000010000000101111000000000010000000101110110000000010000000101111011000000010000000101111000000000010000000101110011000000010000000101110000000000010000000101100100000000010000000101100010000000010000000101101101000000010000000101011011000000010000000101100011000000010000000101100000000000010000000101011000000000010000000101111000000000010000000101011101000000010000000101001111000000010000000101110111000000010000000100000001000000010000000101111001000000010000000101011001000000010000000101101100000000010000000101100110000000010000000101010101000000010000000101001110000000010000000101001101000000010000000101010001000000010000000101010101000000010000000101011010000000010000000101100100000000010000000101101001000000010000000101100011000000010000000101100111000000010000000101011110000000010000000101010100000000010000000101010100000000010000000101100100000000010000000101110001000000010000000101101000000000010000000101011000000000010000000101010101000000010000000101110010000000010000000101101011000000010000000101101010000000010000000100000001000000010000000100000001000000010000000100000001000000010000000100000001000000010000000100000001000000010000000100000001000000010000000100000001000000010000000100000001000000010000000100000001000000010000000100000001000000010000000100000001000000010000000100000001000000010000000101101110000000010000000101110101000000010000000100000001000000010000000100000001000000010000000100000001000000010000000100000001000000010000000100000001000000010000000100000001000000010000000100000001000000010000000100000001000000010000000100000001000000010000000100000001000000010000000100000001000000010000000100000001000000010000000100000001000000010000000100000001000000010000000100000001000000010000000100000001000000010000000100000001000000010000000100000001000000010000000100000001000000010000000100000001000000010000000100000001000000010000000100000001000000010000000100000001000000010000000100000001000000010000000100000001000000010000000100000001000000010000000100000001000000010000000100000001000000010000000100000001000000010000000100000001000000010000000100000001000000010000000100000001000000010000000100000001000000010000000100000001000000010000000100000001000000010000000100000001000000010000000100000001000000010000000100000001000000010000000100000001000000010000000100000001000000010000000100000001000000010000000100000001000000010000000100000001000000010000000100000001000000010000000100000001000000010000000100000001000000010000000100000001000000010000000100000001000000010000000100000001000000010000000100000001000000010000000100000001000000010000000100000001000000010000000100000001000000010000000100000001000000010000000100000001000000010000000100000001000000010000000100000001000000010000000100000001000000010000000100000000000000010000000100000001000000010000000100000001000000010000000100000001000000010000000100000001000000010000000100000001000000010000000100000001000000010000000100000001000000010000000100000001000000010000000100000001000000010000000100000001000000010000000100000001000000010000000100000001000000010000000100000001000000010000000100000001000000010000000100000001011111010000000100000001000000010000000100000001000000010000000100000001011010110000000100000001010101110000000100000001011000110000000100000001000000010000000100000001000000010000000100000001000000010000000100000001011011100000000100000001000000010000000100000001000000010000000100000001000000010000000100000001000000010000000100000001000000010000000100000001000000010000000100000001000000010000000100000001000000010000000100000001000000010000000100000001000000010000000100000001000000010000000100000001000000010000000100000001000000010000000100000001000000010000000100000001000000010000000100000001000000010000000100000001000000010000000100000001000000010000000100000001000000010000000100000001000000010000000100000001000000010000000100000001000000010000000100000001000000010000000100000001000000010000000100000001000000010000000100000001000000010000000100000001000000010000000100000001000000010000000100000001000000010000000100000001000000010000000100000001000000010000000100000001000000010000000100000001000000010000000100000001000000010000000100000001000000010000000100000001000000010000000100000001000000010000000100000001000000010000000100000001000000010000000100000001000000010000000100000001000000010000000100000001000000010000000100000001000000010000000100000001000000010000000100000001000000010000000100000001000000010000000100000001000000010000000100000001000000010000000100000001000000010000000100000001000000010000000100000001000000010000000100000001011110100000000100000001000000010000000100000001011110000000000100000001000000010000000100000001000000010000000100000001000000010000000100000001000000010000000100000001000000010000000100000001000000010000000100000001000000010000000100000001000000010000000100000001000000010000000100000001000000010000000100000001000000010000000100000001000000010000000100000001000000010000000100000001011110110000000100000001011110100000000100000001011011010000000100000001011010000000000100000001011100100000000100000001010110000000000100000001010110110000000100000001010111110000000100000001010111110000000100000001011000100000000100000001010111100000000100000001011000010000000100000001010111010000000100000001011000010000000100000001011000000000000100000001010110010000000100000001010101010000000100000001011000110000000100000001011011000000000100000001011010110000000100000001010110100000000100000001010011010000000100000001011011010000000100000001011010010000000100000001011000000000000100000001011010010000000100000001011001000000000100000001010111110000000100000001011101110000000100000001011111000000000100000001011010110000000100000001011011000000000100000001011011010000000100000001011010010000000100000001010110110000000100000001011001000000000100000001011101100000000100000001010001010000000101110001010001110000000101110101011000100000000100000001011000000000000100000001011010110000000100000001011010000000000100000001011010110000000100000001011011000000000100000001010101100000000100000001011000110000000100000001011000000000000100000001011001100000000100000001011001010000000100000001011010000000000100000001011000010000000100000001011010010000000100000001011011110000000100000001011011000000000100000001011000100000000100000001011011010000000100000001011011000000000100000001011000100000000100000001010111110000000100000001011110100000000100000001000000010000000100000001011100110000000100000001011101110000000100000001000000010000000100000001000000010000000100000001010101010000000101101110001000010110000100110011001010000101111000110011001100000110000000110110001010010101010100101100001100000101101000110001001101000101100100110001001100010101011000101110001111100110000100111001001101000101100100110001001100010101100100110000001100010101100100110000001011110101100100110000001100000101101000110001001100100101101000110001001100100101101000110001001101000101100100110001001101010101101000110010001100100101101000110001001100100101101000110001001100100101101000110001001100100101101000110001001100100101101000110001001100100101101000110001001100100101101000110001001100100101101000110001001100100101101000110001001100100101101000110001001100100101101000110001001100100101101000110001001100100101101000110001001100100101101000110001001100100101101000110001001100100101101000110001001100100101101000110001001100100101101000110001001100100101101000110001001100100101101000110001001100100101101000110001001100100101101000110001001100100101101000110001001100100101101000110001001100100101101000110001001100100101101000110001001100100101101000110001001100100101101000110001001100100101101000110001001100100101101000110001001100100101101000110001001100100101101000110001001100100101101000110001001100100101101000110001001100100101101000110001001100100101101000110001001100100101101000110001001100100101101000110001001100100101101000110001001100100101101000110001001100100101101000110001001100100101101000110001001101000101100100110001001100110101100000110000001100110101100000110000001100110101100000110000001100100101101000110001001100110101101100110010001100010101100100101111001011100101101100110000001011000101111000110100000111100101100100101101001100110111100001001011011111100000000100000001011010010000000100000001010111110000000100000001011000100000000100000001010111100000000100000001010111110000000100000001010110010000000100000001010101110000000100000001011010010000000100000001011101000000000100000001011011010000000100000001010111110000000100000001010011100000000100000001011011010000000100000001011010000000000100000001010111110000000100000001011010010000000100000001011001010000000100000001011000000000000100000001011101110000000100000001011111000000000100000001011010110000000100000001011011000000000100000001011011010000000100000001011010010000000100000001010110110000000100000001011001000000000100000001011101000000000100000001010000110000000101110001010001110000000101110101011000100000000100000001011000000000000100000001011010110000000100000001011010000000000100000001011010110000000100000001011011000000000100000001010101000000000100000001011001000000000100000001011000000000000100000001011001110000000100000001011010010000000100000001011010100000000100000001011001010000000100000001011010000000000100000001011100100000000100000001011101010000000100000001011000010000000100000001011011110000000100000001011010010000000100000001010111100000000100000001011011000000000100000001011101110000000100000001011110100000000100000001011101110000000100000001011101000000000100000001011100100000000100000001011100010000000100000001011001100000000100000001011000000000000100000001011100110000000100000001010111110000000100000001010110000000000100000001010110100000000100000001011000000000000100000001011000000000000100000001010111010000000100000001010110110000000100000001010111100000000100000001011001100000000100000001011001010000000100000001010110010000000100000001010100110000000100000001010111100000000100000001011001110000000100000001011000010000000100000001010111010000000100000001010101110000000100000001011100100000000100000001011101110000000100000001011101000000000100000001000000010000000100000001000000010000000100000001000000010000000100000001000000010000000100000001000000010000000100000001000000010000000100000001000000010000000100000001000000010000000100000001000000010000000100000001000000010000000100000001011110110000000100000001000000010000000100000001011001110000000100000001011110100000000100000001000000010000000100000001000000010000000100000001000000010000000100000001000000010000000100000001000000010000000100000001000000010000000100000001000000010000000100000001000000010000000100000001000000010000000100000001000000010000000100000001000000010000000100000001000000010000000100000001000000010000000100000001000000010000000100000001000000010000000100000001000000010000000100000001000000010000000100000001000000010000000100000001000000010000000100000001000000010000000100000001000000010000000100000001000000010000000100000001000000010000000100000001000000010000000100000001000000010000000100000001000000010000000100000001000000010000000100000001000000010000000100000001000000010000000100000001000000010000000100000001000000010000000100000001000000010000000100000001000000010000000100000001000000010000000100000001000000010000000100000001000000010000000100000001000000010000000100000001000000010000000100000001000000010000000100000001000000010000000100000001000000010000000100000001000000010000000100000001000000010000000100000001000000010000000100000001000000010000000100000001000000010000000100000001000000010000000100000001000000010000000100000001000000010000000100000001000000010000000100000001000000010000000100000001000000010000000100000001000000010000000100000001000000010000000100000001000000010000000100000001000000010000000100000001000000010000000100000001000000010000000100000001000000000000000100000001000000010000000100000001000000010000000100000001000000010000000100000001000000010000000100000001000000010000000100000001000000010000000100000001000000010000000100000001000000010000000100000001000000010000000100000001000000010000000100000001000000010000000100000001000000010000000100000001000000010000000100000001000000010110101100000001000000010110010100000001000000010110111000000001000000010111110000000001000000010101000000000001000000010100001100000001000000010100010000000001000000010101110000000001000000010000000100000001000000010110101100000001000000010100011000000001000000010101111100000001000000010000000100000001000000010000000100000001000000010000000100000001000000010000000100000001000000010000000100000001000000010000000100000001000000010000000100000001000000010000000100000001000000010000000100000001000000010000000100000001000000010000000100000001000000010000000100000001000000010000000100000001000000010000000100000001000000010000000100000001000000010000000100000001000000010000000100000001000000010000000100000001000000010000000100000001000000010000000100000001000000010000000100000001000000010000000100000001000000010000000100000001000000010000000100000001000000010000000100000001000000010000000100000001000000010000000100000001000000010000000100000001000000010000000100000001000000010000000100000001000000010000000100000001000000010000000100000001000000010000000100000001000000010000000100000001000000010000000100000001000000010000000100000001000000010000000100000001000000010000000100000001000000010000000100000001000000010000000100000001000000010000000100000001000000010000000100000001000000010000000100000001000000010000000100000001000000010000000100000001000000010000000100000001000000010000000100000001000000010000000100000001000000010000000100000001000000010000000100000001000000010000000100000001000000010000000100000001000000010111110000000001000000010000000100000001000000010000000100000001000000010000000100000001000000010000000100000001000000010000000100000001000000010000000100000001000000010000000100000001000000010000000100000001000000010000000100000001000000010000000100000001000000010000000100000001000000010000000100000001000000010110110100000001000000010110101100000001000000010000000100000001000000010110011100000001000000010101111100000001000000010111101000000001000000010110111100000001000000010110101100000001000000010111001000000001000000010111101000000001000000010111011000000001000000010110101000000001000000010110001100000001000000010110101000000001000000010110111100000001000000010110111100000001000000010101111000000001000000010100111000000001000000010101010000000001000000010110101100000001000000010111100100000001000000010111010000000001000000010101010100000001000000010110011100000001000000010110001000000001000000010110011000000001000000010111000100000001000000010110110000000001000000010110010000000001000000010111101100000001000000010111110100000001000000010110100100000001000000010110010100000001000000010111001100000001000000010111000100000001000000010101001100000001000000010100110100000001011111000110000000000001000000010101001000000001011111100110000000000001000000010110011100000001000000010110000000000001000000010110111100000001000000010110001100000001000000010110001000000001000000010110111100000001000000010101011100000001000000010110011100000001000000010110000100000001000000010110010100000001000000010110011000000001000000010111010000000001000000010111010000000001000000010101110100000001000000010110111000000001000000010110011000000001000000010110001100000001000000010111111100000001000000010111011000000001000000010110111000000001000000010101100100000001000000010101011000000001000000010111111100000001000000010110101000000001000000010110101100000001000000010110110000000001000000010111011000000001000000010010010001100011001101110001101101010011001010000011011101100111001111010010101001010110001011010010100001010010001010010011010101011101001101000011010101011010001100100011011001011001001100010011101001011111001101110011001001010111001011110011000101011001001100000010111101011001001100000010111101011001001100000011000001011010001100010011001001011010001100010011001001011010001100010011010001011001001100010011010101011010001100100011001001011010001100010011001001011010001100010011001001011010001100010011001001011010001100010011001001011010001100010011001001011010001100010011001001011010001100010011001001011010001100010011001001011010001100010011001001011010001100010011001001011010001100010011001001011010001100010011001001011010001100010011001001011010001100010011001001011010001100010011001001011010001100010011001001011010001100010011001001011010001100010011001001011010001100010011001001011010001100010011001001011010001100010011001001011010001100010011001001011010001100010011001001011010001100010011001001011010001100010011001001011010001100010011001001011010001100010011001001011010001100010011001001011010001100010011001001011010001100010011001001011010001100010011001001011010001100010011000001011010001100010011000001011010001100010011000001011010001100010011000001011010001100010011000001011010001100010011000001011010001100010011000001011010001100010011000001011010001100010011000101011001001100000011001101011011001100100011010001011100001100110011001101011011001100100011001001010111001011110011001001010111001011110011010001011001001100010011011001011011001100110011000001010101001011010011001001011100001100110010110001011010001100000010100001011110001100110010001101100011001110010111011000000001000000010000000100000001000000010111010100000001000000010111001000000001000000010110101100000001000000010110111100000001000000010101110000000001000000010100101100000001000000010101011000000001000000010110101000000001000000010111100100000001000000010111100000000001000000010101011100000001000000010110100000000001000000010110000100000001000000010110010100000001000000010111000000000001000000010110110000000001000000010110010100000001000000010111101100000001000000010111110100000001000000010110100100000001000000010110010100000001000000010111001100000001000000010111000100000001000000010101001100000001000000010100110100000001011111000101111000000001000000010101000000000001011111100101111000000001000000010110010100000001000000010110000000000001000000010110111100000001000000010110001100000001000000010110001000000001000000010111000100000001000000010101010100000001000000010110101000000001000000010110000100000001000000010110010100000001000000010110100100000001000000010111001100000001000000010111011000000001000000010101111100000001000000010110111100000001000000010110001100000001000000010110000000000001000000010111101000000001000000010111101000000001000000010110110100000001000000010101010100000001000000010101101000000001000000010111101100000001000000010110101000000001000000010101000000000001000000010101110100000001000000010111111100000001000000010110010100000001000000010101110000000001000000010111001000000001000000010110000100000001000000010110100000000001000000010111001100000001000000010111111000000001000000010111110100000001000000010110110100000001000000010110011000000001000000010110111000000001000000010111001000000001000000010110111100000001000000010101111000000001000000010101010000000001000000010110000100000001000000010111010000000001000000010111110000000001000000010111001000000001000000010101100100000001000000010110111000000001000000010111011100000001000000010000000100000001000000010000000100000001000000010000000100000001000000010000000100000001000000010000000100000001000000010000000100000001000000010000000100000001000000010000000100000001000000010000000100000001000000010000000100000001000000010110110000000001000000010110001100000001000000010110110100000001000000010111001000000001000000010000000100000001000000010000000100000001000000010000000100000001000000010000000100000001000000010000000100000001000000010000000100000001000000010000000100000001000000010000000100000001000000010000000100000001000000010000000100000001000000010000000100000001000000010000000100000001000000010000000100000001000000010000000100000001000000010000000100000001000000010000000100000001000000010000000100000001000000010000000100000001000000010000000100000001000000010000000100000001000000010000000100000001000000010000000100000001000000010000000100000001000000010000000100000001000000010000000100000001000000010000000100000001000000010000000100000001000000010000000100000001000000010000000100000001000000010000000100000001000000010000000100000001000000010000000100000001000000010000000100000001000000010000000100000001000000010000000100000001000000010000000100000001000000010000000100000001000000010111101000000001000000010111110000000001000000010000000100000001000000010000000100000001000000010000000100000001000000010000000100000001000000010000000100000001000000010000000100000001000000010000000100000001000000010000000100000001000000010000000100000001000000010000000100000001000000010000000100000001000000010000000100000001000000010000000100000001000000010000000100000001000000010000000100000001000000010000000100000001000000010000000100000001000000010000000100000001000000010000000100000001000000010000000100000001000000010000000000000001000000010000000100000001000000010000000100000001000000010000000100000001000000010000000100000001000000010000000100000001000000010000000100000001000000010000000100000001000000010000000100000001000000010000000100000001000000010000000101110111000000010000000100000001000000010000000100000001000000010000000100000001000000010000000101100011000000010000000101011110000000010000000101100111000000010000000101111101000000010000000101001111000000010000000101000111000000010000000101000110000000010000000101011000000000010000000100000001000000010000000101100110000000010000000101001001000000010000000101011110000000010000000100000001000000010000000100000001000000010000000100000001000000010000000100000001000000010000000100000001000000010000000100000001000000010000000100000001000000010000000100000001000000010000000100000001000000010000000100000001000000010000000100000001000000010000000100000001000000010000000100000001000000010000000100000001000000010000000100000001000000010000000100000001000000010000000100000001000000010000000100000001000000010000000100000001000000010000000100000001000000010000000100000001000000010000000100000001000000010000000100000001000000010000000100000001000000010000000100000001000000010000000100000001000000010000000100000001000000010000000100000001000000010000000100000001000000010000000100000001000000010000000100000001000000010000000100000001000000010000000100000001000000010000000100000001000000010000000100000001000000010000000100000001000000010000000100000001000000010000000100000001000000010000000100000001000000010000000100000001000000010000000100000001000000010000000100000001000000010000000100000001000000010000000100000001000000010000000100000001000000010000000100000001000000010000000100000001000000010000000100000001000000010000000100000001000000010000000100000001000000010000000100000001000000010000000101111010000000010000000101100110000000010000000101100110000000010000000101011011000000010000000101111101000000010000000100000001000000010000000100000001000000010000000100000001000000010000000100000001000000010000000100000001000000010000000100000001000000010000000100000001000000010000000100000001000000010000000100000001000000010000000101110011000000010000000101101100000000010000000100000001000000010000000101100110000000010000000101000100000000010111101101011010000000010000000101100000000000010000000101100110000000010000000101101110000000010000000101110100000000010000000101110101000000010000000101111001000000010000000101111110000000010000000101111001000000010000000101110101000000010000000101110001000000010000000101100001000000010000000101010110000000010000000101011000000000010000000101101110000000010000000101111101000000010000000100000001000000010000000101100001000000010000000101100100000000010000000101011011000000010000000101100110000000010000000101101110000000010000000101101011000000010000000101100000000000010000000101100001000000010000000101100110000000010000000101110110000000010000000101101100000000010000000101100101000000010000000101100010000000010000000101010100000000010000000101001111000000010111111001011110000000010000000101011100000000010000000101100111000000010000000101101000000000010000000101101001000000010000000101110001000000010000000101100001000000010000000101100101000000010000000101110010000000010000000101011100000000010000000101100001000000010000000101011001000000010000000101011010000000010000000101010001000000010000000101010100000000010000000101001010000000010111110101000011000000010111100001100101000000010000000101100001000000010000000101100001000000010000000101110111000000010000000101101110000000010000000101110000000000010000000101100000000000010000000101000111000000010111110101111001000000010000000101110110000000010000000101100000000000010000000101110001000000010000000100110101011110010100101000011100010101000010100100100110010110000010111000101110010111000011001000110000010110100011000100110010010110100011000100110100010110010011000100110111010110100011001000110101010110000011000000110000010101010010110100110011010110110011001000110011010110110011001000110000010110100011000100110000010110100011000100110000010110100011000100110010010110100011000100110001010110010011000000110011010110000011000000110011010110000011000000110010010110100011000100110010010110100011000100110010010110100011000100110010010110100011000100110010010110100011000100110010010110100011000100110010010110100011000100110010010110100011000100110010010110100011000100110010010110100011000100110010010110100011000100110010010110100011000100110010010110100011000100110010010110100011000100110010010110100011000100110010010110100011000100110010010110100011000100110010010110100011000100110010010110100011000100110010010110100011000100110010010110100011000100110010010110100011000100110010010110100011000100110010010110100011000100110010010110100011000100110010010110100011000100110010010110100011000100110010010110100011000100110010010110100011000100110010010110100011000100110010010110100011000100110010010110100011000100110000010110100011000100110000010110100011000100110000010110100011000100110000010110100011000100110000010110100011000100110000010110100011000100110000010110100011000100110000010110100011000100110001010110010011000000110011010110110011001000110100010111000011001100110011010110110011001000110011010110000011000000110010010101110010111100110100010110010011000100110110010110110011001100110110010110110011001100110001010110010011000000110000010111100011010000100010010101110010110000100001011000000011011001010010000000010110111100000001000000010000000100000001000000010000000100000001000000010000000101110000000000010000000101110010000000010000000101011101000000010000000101010000000000010000000101011010000000010000000101110000000000010000000100000001000000010000000100000001000000010000000101011101000000010000000101100010000000010000000101011011000000010000000101101000000000010000000101101111000000010000000101101100000000010000000101100001000000010000000101100001000000010000000101100110000000010000000101110110000000010000000101101100000000010000000101100101000000010000000101100010000000010000000101010100000000010000000101001111000000010111111001011100000000010000000101011010000000010000000101100101000000010000000101100110000000010000000101101001000000010000000101110001000000010000000101100001000000010000000101100101000000010000000101110000000000010000000101010111000000010000000101100011000000010000000101010111000000010000000101011010000000010000000101010101000000010000000101010011000000010000000101001111000000010000000101000101000000010111100001100110000000010000000101011000000000010000000101011100000000010000000101101100000000010000000101110001000000010000000101110001000000010000000101011000000000010000000101011101000000010000000101101001000000010000000101101110000000010000000101011000000000010000000101011101000000010000000101101110000000010000000101010110000000010000000101000101000000010111110001011110000000010000000101011010000000010000000101101101000000010000000101110001000000010000000101110000000000010000000101110010000000010000000101110100000000010000000100000001000000010000000100000001000000010000000101111100000000010000000101110011000000010000000101100000000000010000000101010001000000010000000101010111000000010000000101101000000000010000000101111000000000010000000100000001000000010000000101011100000000010000000101101111000000010000000101110111000000010000000100000001000000010000000100000001000000010000000100000001000000010000000100000001000000010000000100000001000000010000000100000001000000010000000100000001000000010000000100000001000000010000000100000001000000010000000101110111000000010000000101101110000000010000000101110010000000010000000101101001000000010000000100000001000000010000000100000001000000010000000100000001000000010000000100000001000000010000000100000001000000010000000100000001000000010000000100000001000000010000000100000001000000010000000100000001000000010000000100000001000000010000000100000001000000010000000100000001000000010000000100000001000000010000000100000001000000010000000100000001000000010000000100000001000000010000000100000001000000010000000100000001000000010000000100000001000000010000000100000001000000010000000100000001000000010000000100000001000000010000000100000001000000010000000100000001000000010000000100000001000000010000000100000001000000010000000100000001000000010000000100000001000000010000000100000001000000010000000100000001000000010000000100000001000000010000000100000001000000010000000100000001000000010000000100000001000000010000000100000001000000010000000100000001000000010000000100000001000000010000000100000001000000010000000101111000000000010000000101110101000000010000000100000001000000010000000100000001000000010000000100000001000000010000000100000001000000010000000100000001000000010000000100000001000000010000000100000001000000010000000100000001000000010000000100000001000000010000000100000001000000010000000100000001000000010000000100000001000000010000000100000001000000010000000100000001000000010000000100000001000000010000000100000001000000010000000100000001000000010000000100000001000000010000000100000001000000010000000100000001000000010000000100000000000000010000000100000001000000010000000100000001000000010000000100000001000000010000000100000001000000010000000100000001000000010000000100000001000000010000000100000001000000010000000100000001000000010000000100000001000000010000000100000001000000010000000100000001000000010000000100000001000000010000000100000001000000010000000100000001000000010000000100000001011111000000000100000001000000010000000100000001000000010000000100000001011001110000000100000001010110110000000100000001011000010000000100000001011111110000000100000001000000010000000100000001000000010000000100000001011011010000000100000001011111010000000100000001000000010000000100000001000000010000000100000001000000010000000100000001000000010000000100000001000000010000000100000001000000010000000100000001000000010000000100000001000000010000000100000001000000010000000100000001000000010000000100000001000000010000000100000001000000010000000100000001000000010000000100000001000000010000000100000001000000010000000100000001000000010000000100000001000000010000000100000001000000010000000100000001000000010000000100000001000000010000000100000001000000010000000100000001000000010000000100000001000000010000000100000001000000010000000100000001000000010000000100000001000000010000000100000001000000010000000100000001000000010000000100000001000000010000000100000001000000010000000100000001000000010000000100000001000000010000000100000001000000010000000100000001000000010000000100000001000000010000000100000001000000010000000100000001000000010000000100000001000000010000000100000001000000010000000100000001000000010000000100000001000000010000000100000001000000010000000100000001000000010000000100000001000000010000000100000001000000010000000100000001000000010000000100000001000000010000000100000001000000010000000100000001000000010000000100000001000000010000000100000001000000010000000100000001000000010000000100000001011101100000000100000001011100000000000100000001011111010000000100000001000000010000000100000001000000010000000100000001000000010000000100000001000000010000000100000001000000010000000100000001000000010000000100000001000000010000000100000001000000010000000100000001000000010000000100000001000000010000000100000001000000010000000100000001011100010000000100000001000000010000000100000001011101100000000100000001010111110000000100000001011011110000000100000001011001000000000100000001011011100000000100000001011011100000000100000001011010100000000100000001011011110000000100000001011010110000000100000001011011000000000100000001011101100000000100000001011001110000000100000001011001010000000100000001011001000000000100000001011010010000000100000001011001110000000100000001011100000000000100000001011100000000000100000001011110110000000100000001011000010000000100000001011000100000000100000001010110110000000100000001011001100000000100000001011001000000000100000001011001010000000100000001010110010000000100000001010111010000000100000001010110000000000100000001011100010000000100000001010100110000000100000001010001000000000101110101010011000000000101111101010110100000000100000001011100010000000100000001010110110000000100000001010011010000000101111001010100000000000101111100010101110000000100000001011000110000000100000001010111010000000100000001010100010000000101111111010110000000000100000001011000010000000100000001011000010000000100000001011010000000000100000001011010000000000100000001011011000000000100000001011000010000000100000001011001110000000100000001011001000000000100000001011000000000000100000001011110100000000100000001011000110000000100000001011001000000000100000001011011010000000100000001011011110000000100000001011001010000000100000001010110010000000100000001011010000000000100000001010110100000000100000001011010000000000100000001011100100000000100000001010010010000000101100101000101010101010100100111001001000101100100101110001100000101111000110100001010110101011100101110001101100110000000110111001101100101111000110101001100110101100000110000001101100101100100110001001100100101010100101101001011110101010000101100001101010101110100110100001100110101101100110010001100000101101000110001001011100101101000110001001011100101101000110001001100000101101000110001001100010101100100110000001100110101100000110000001100110101100000110000001100100101101000110001001100100101101000110001001100100101101000110001001100100101101000110001001100100101101000110001001100100101101000110001001100100101101000110001001100100101101000110001001100100101101000110001001100100101101000110001001100100101101000110001001100100101101000110001001100100101101000110001001100100101101000110001001100100101101000110001001100100101101000110001001100100101101000110001001100100101101000110001001100100101101000110001001100100101101000110001001100100101101000110001001100100101101000110001001100100101101000110001001100100101101000110001001100100101101000110001001100100101101000110001001100100101101000110001001100100101101000110001001100100101101000110001001100100101101000110001001100100101101000110001001100100101101000110001001100000101101000110001001011100101101000110001001011100101101000110001001011100101101000110001001100000101101000110001001100000101101000110001001100000101101000110001001100000101101000110001001100000101101000110001001100000101101000110001001100100101101000110001001100100101101000110001001101000101100100110001001101000101100100110001001101000101100100110001001100110101100000110000001101000101100100110001001110110110001100111010001001100101001000101011001001110101100100110001001001000110000000110111001000010110011000111011011110000000000100000001011111100000000100000001011111000000000100000001010111110000000100000001011000010000000100000001010111000000000100000001011000010000000100000001011001110000000100000001011011010000000100000001011101010000000100000001011111100000000100000001011000100000000100000001011001000000000100000001010111010000000100000001011001100000000100000001011000100000000100000001011000100000000100000001010101000000000100000001010111010000000100000001010110000000000100000001011100010000000100000001010100110000000100000001010001000000000101110011010011000000000101111011010110100000000100000001011100010000000100000001010110110000000100000001010011010000000101111001010100000000000101111101010101110000000100000001011000010000000100000001010110110000000100000001010100010000000100000001010110000000000100000001011000010000000100000001010111010000000100000001011011000000000100000001011001110000000100000001011011000000000100000001011001100000000100000001011001110000000100000001011010110000000100000001010110010000000100000001011111000000000100000001011001010000000100000001011000000000000100000001011000010000000100000001011001010000000100000001011000110000000100000001010111110000000100000001011011010000000100000001010100110000000100000001011010010000000100000001011001010000000100000001011001010000000100000001011100100000000100000001011011100000000100000001011001010000000100000001011011110000000100000001011000110000000100000001011011000000000100000001011010000000000100000001011001110000000100000001011011000000000100000001011011000000000100000001011101010000000100000001011101000000000100000001011001010000000100000001011001100000000100000001011010010000000100000001011001110000000100000001011010110000000100000001011100010000000100000001011111010000000100000001000000010000000100000001011001010000000100000001011101010000000100000001000000010000000100000001000000010000000100000001000000010000000100000001000000010000000100000001000000010000000100000001000000010000000100000001000000010000000100000001000000010000000100000001000000010000000100000001011000000000000101111101011001000000000100000001011010110000000100000001011111000000000100000001011110010000000100000001000000010000000100000001000000010000000100000001000000010000000100000001000000010000000100000001000000010000000100000001000000010000000100000001000000010000000100000001000000010000000100000001000000010000000100000001000000010000000100000001000000010000000100000001000000010000000100000001000000010000000100000001000000010000000100000001000000010000000100000001000000010000000100000001000000010000000100000001000000010000000100000001000000010000000100000001000000010000000100000001000000010000000100000001000000010000000100000001000000010000000100000001000000010000000100000001000000010000000100000001000000010000000100000001000000010000000100000001000000010000000100000001000000010000000100000001000000010000000100000001000000010000000100000001000000010000000100000001000000010000000100000001000000010000000100000001000000010000000100000001000000010000000100000001000000010000000100000001000000010000000100000001000000010000000100000001000000010000000100000001000000010000000100000001000000010000000100000001000000010000000100000001000000010000000100000001000000010000000100000001000000010000000100000001000000010000000100000001000000010000000100000001000000010000000100000001000000010000000100000001000000010000000100000001000000010000000100000001000000010000000100000001000000010000000100000001000000010000000100000001000000010000000100000001000000010000000100000001000000010000000100000001000000010000000100000001000000010000000100000001000000000000000100000001000000010000000100000001000000010000000100000001000000010000000100000001000000010000000100000001000000010000000100000001000000010000000100000001000000010000000100000001000000010000000100000001000000010000000100000001000000010000000100000001000000010000000100000001000000010000000100000001000000010000000100000001000000010000000100000001000000010000000100000001000000010000000100000001000000010000000100000001000000010111000000000001000000010110011000000001000000010111001000000001000000010000000100000001000000010000000100000001000000010000000100000001000000010000000100000001000000010000000100000001000000010000000100000001000000010000000100000001000000010000000100000001000000010000000100000001000000010000000100000001000000010000000100000001000000010000000100000001000000010000000100000001000000010000000100000001000000010000000100000001000000010000000100000001000000010000000100000001000000010000000100000001000000010000000100000001000000010000000100000001000000010000000100000001000000010000000100000001000000010000000100000001000000010000000100000001000000010000000100000001000000010000000100000001000000010000000100000001000000010000000100000001000000010000000100000001000000010000000100000001000000010000000100000001000000010000000100000001000000010000000100000001000000010000000100000001000000010000000100000001000000010000000100000001000000010000000100000001000000010000000100000001000000010000000100000001000000010000000100000001000000010000000100000001000000010000000100000001000000010000000100000001000000010000000100000001000000010000000100000001000000010000000100000001000000010000000100000001000000010000000100000001000000010000000100000001000000010000000100000001000000010000000100000001000000010000000100000001000000010000000100000001000000010000000100000001000000010000000100000001000000010000000100000001000000010000000100000001000000010000000100000001000000010111001000000001000000010111010100000001000000010111100100000001000000010111101000000001000000010110100000000001000000010000000100000001000000010000000100000001000000010000000100000001000000010000000100000001000000010000000100000001000000010000000100000001000000010000000100000001000000010000000100000001000000010000000100000001000000010000000100000001000000010111101000000001000000010110111000000001000000010111110000000001000000010110010000000001000000010111111100000001000000010000000100000001000000010111011000000001000000010111111100000001000000010111010000000001000000010111001100000001000000010110010100000001000000010101011100000001000000010101101000000001000000010110000100000001000000010110101100000001000000010110010000000001000000010110011000000001000000010110010100000001000000010111001000000001000000010110011100000001000000010111000000000001000000010110110000000001000000010111100100000001000000010110111100000001000000010110111100000001000000010110001100000001000000010110001000000001000000010100101100000001011111000101101100000001000000010101010100000001000000010111111100000001000000010000000100000001000000010101100100000001000000010100111000000001011111110101010000000001000000010100110000000001011111000101010100000001000000010101100000000001000000010110001000000001000000010101101000000001000000010101011100000001000000010101100000000001000000010101110100000001000000010110001000000001000000010101110000000001000000010101101100000001000000010110010100000001000000010101110100000001000000010110010000000001000000010110001000000001000000010101111100000001000000010111000100000001000000010101010000000001000000010101010100000001000000010101010100000001000000010110111000000001000000010110000000000001000000010110010000000001000000010000000100000001000000010110010100000001000000010000000100000001000000010101111100000001011111100001000001010110001001110010111001101001001111010010100101011001001011110010111101011011001100100010111101011001001100000011001101011011001100100011000001011000001011110011100001011101001101010011010101011010001100100010111101010100001011000011011001011011001100110011001001010111001011110011000101011001001100000010111101011001001100000011000001011010001100010011000001011010001100010011001001011010001100010011001001011010001100010011010101011010001100100011010101011010001100100011001001011010001100010011001001011010001100010011001001011010001100010011001001011010001100010011001001011010001100010011001001011010001100010011001001011010001100010011001001011010001100010011001001011010001100010011001001011010001100010011001001011010001100010011001001011010001100010011001001011010001100010011001001011010001100010011001001011010001100010011001001011010001100010011001001011010001100010011001001011010001100010011001001011010001100010011001001011010001100010011001001011010001100010011001001011010001100010011001001011010001100010011001001011010001100010011001001011010001100010011001001011010001100010011001001011010001100010011001001011010001100010011001001011010001100010011001001011010001100010011001001011010001100010011001001011010001100010011000001011010001100010010111001011010001100010011000001011010001100010011000001011010001100010011000001011010001100010011000001011010001100010011000001011010001100010011000001011010001100010011000001011010001100010010111001011000001011110010111101010111001011100011000001011000001011110011010101011010001100100011011001011011001100110011001101011000001100000011000001010101001011010011001101011000001100000010111101010111001011100010111101011000001100100010111001011101001101100010001101011000001100000010010101100101001110110101001000000001011100100000000100000001000000010111011100000001000000010101100000000001000000010101111000000001000000010110000000000001000000010110100000000001000000010110011000000001000000010110000100000001000000010110001000000001000000010111001100000001000000010110011100000001000000010110111100000001000000010110101100000001000000010111100100000001000000010110111100000001000000010111000000000001000000010110010100000001000000010110001000000001000000010100101100000001011110110101101100000001000000010101010100000001000000010111111100000001000000010000000100000001000000010101100100000001000000010100111000000001011111110101011000000001000000010100111000000001011111000101011100000001000000010101101000000001000000010110001000000001000000010101101000000001000000010101011100000001000000010101100000000001000000010110010000000001000000010110000100000001000000010110010000000001000000010101110000000001000000010110001100000001000000010101111100000001000000010101111000000001000000010110001100000001000000010110000000000001000000010111000100000001000000010100110000000001011111010100101000000001011111010110001000000001000000010111001100000001000000010110010000000001000000010110010100000001000000010111101100000001000000010110001100000001000000010111111000000001000000010111011100000001000000010110101100000001000000010111111000000001000000010111100100000001000000010110110000000001000000010110110100000001000000010110011000000001000000010111011000000001000000010111110100000001000000010000000100000001000000010000000100000001000000010111001000000001000000010110111000000001000000010110101100000001000000010101001100000001000000010101011000000001000000010110001100000001000000010110110000000001000000010110100000000001000000010101111000000001000000010110001000000001000000010111010100000001000000010111100100000001000000010000000100000001000000010000000100000001000000010000000100000001000000010000000100000001000000010000000100000001000000010000000100000001000000010000000100000001000000010000000100000001000000010000000100000001000000010000000100000001000000010000000100000001000000010000000100000001000000010110101000000001000000010110100000000001000000010000000100000001000000010000000100000001000000010000000100000001000000010000000100000001000000010000000100000001000000010000000100000001000000010000000100000001000000010000000100000001000000010000000100000001000000010000000100000001000000010000000100000001000000010000000100000001000000010000000100000001000000010000000100000001000000010000000100000001000000010000000100000001000000010000000100000001000000010000000100000001000000010000000100000001000000010000000100000001000000010000000100000001000000010000000100000001000000010000000100000001000000010000000100000001000000010000000100000001000000010000000100000001000000010000000100000001000000010000000100000001000000010000000100000001000000010000000100000001000000010000000100000001000000010000000100000001000000010000000100000001000000010000000100000001000000010000000100000001000000010000000100000001000000010000000100000001000000010000000100000001000000010000000100000001000000010000000100000001000000010000000100000001000000010000000100000001000000010000000100000001000000010000000100000001000000010000000100000001000000010000000100000001000000010000000100000001000000010000000100000001000000010000000100000001000000010000000100000001000000010000000100000001000000010000000100000001000000010000000100000001000000010000000100000001000000010000000100000001000000010000000100000001000000010000000100000001000000010000000100000001000000010000000100000001000000010000000100000001000000010000000100000001000000010000000000000001000000010000000100000001000000010000000100000001000000010000000100000001000000010000000100000001000000010000000100000001000000010000000100000001000000010000000100000001000000010000000100000001000000010000000100000001000000010000000100000001000000010000000100000001000000010000000100000001000000010000000100000001000000010000000101101010000000010000000101100011000000010000000100000001000000010000000100000001000000010000000101011101000000010000000101000110000000010000000101001100000000010000000101101110000000010000000100000001000000010000000100000001000000010000000101000111000000010000000101100000000000010000000100000001000000010000000100000001000000010000000100000001000000010000000100000001000000010000000100000001000000010000000100000001000000010000000100000001000000010000000100000001000000010000000100000001000000010000000100000001000000010000000100000001000000010000000100000001000000010000000100000001000000010000000100000001000000010000000100000001000000010000000100000001000000010000000100000001000000010000000100000001000000010000000100000001000000010000000100000001000000010000000100000001000000010000000100000001000000010000000100000001000000010000000100000001000000010000000100000001000000010000000100000001000000010000000100000001000000010000000100000001000000010000000100000001000000010000000100000001000000010000000100000001000000010000000100000001000000010000000100000001000000010000000100000001000000010000000100000001000000010000000100000001000000010000000100000001000000010000000100000001000000010000000100000001000000010000000100000001000000010000000100000001000000010000000100000001000000010000000100000001000000010000000100000001000000010000000100000001000000010000000100000001000000010000000100000001000000010000000100000001000000010000000100000001000000010000000100000001000000010000000100000001000000010000000100000001000000010000000100000001000000010000000100000001000000010000000100000001000000010000000100000001000000010000000101110010000000010000000101101011000000010000000100000001000000010000000100000001000000010000000100000001000000010000000100000001000000010000000100000001000000010000000100000001000000010000000100000001000000010000000100000001000000010000000100000001000000010000000100000001000000010000000100000001000000010000000101111101000000010000000101111001000000010000000101101100000000010000000100000001000000010000000100000001000000010000000100000001000000010000000101101100000000010000000101011101000000010000000101110101000000010000000101110111000000010000000101011001000000010000000101101001000000010000000101101011000000010000000101111111000000010000000101111010000000010000000101101100000000010000000101100000000000010000000101100000000000010000000101100010000000010000000101010111000000010000000101011000000000010000000101010110000000010000000101011000000000010000000101011101000000010000000101100101000000010000000101110010000000010000000101010011000000010000000101101000000000010000000101010010000000010000000101011110000000010000000101110100000000010000000101101000000000010000000101010001000000010000000101001110000000010000000101011010000000010000000101100010000000010000000101111010000000010000000100000001000000010000000100000001000000010000000101101010000000010000000101101111000000010000000101100101000000010000000101100000000000010000000101100001000000010000000101100000000000010000000101101001000000010000000101101101000000010000000101100100000000010000000101101010000000010000000101101110000000010000000101110000000000010000000101100011000000010000000101011101000000010000000101011010000000010000000101100001000000010000000101100010000000010000000101110100000000010000000101111001000000010000000100000001000000010000000101111101000000010000000100011001010111100011000100101100011001110011101100100110010110100011001000101011010110000011000100101110010110100011001100110010010110110011010100110011010110100011010000110010010110010011001100110001010110000011001000110001010110000011001000110011010110000011001000110100010110010011001100110100010110010011001100110100010110010011001100110010010110010011001100110010010110010011001100110010010110010011001100110100010110010011001100110100010110010011001100110110010110000011001100110100010110010011001100110010010110100011000100110010010110100011000100110010010110100011000100110010010110100011000100110010010110100011000100110010010110100011000100110010010110100011000100110010010110100011000100110010010110100011000100110010010110100011000100110010010110100011000100110010010110100011000100110010010110100011000100110010010110100011000100110010010110100011000100110010010110100011000100110010010110100011000100110010010110100011000100110010010110100011000100110010010110100011000100110010010110100011000100110010010110100011000100110010010110100011000100110010010110100011000100110010010110100011000100110010010110100011000100110010010110100011000100110010010110100011000100110010010110100011000100110010010110100011000100110010010110100011000100110010010110100011000100110010010110100011000100110000010110100011000100110010010110100011000100110010010110100011000100110010010110100011000100110010010110100011000100110010010110100011000100110010010110100011000100110011010110110011001000110010010110100011000100110010010110100011000100110001010110010011000000110001010110010011000000110010010110100011000100110010010110100011000100110011010110110011001000101111010101110010110100110001010110010010111100110110010111100011010100101110010110000010111100100111010101100010111100101101011001010011110000101001011010110100000100000001000000010000000100000001000000010000000101100011000000010000000101011111000000010000000101101010000000010000000101110000000000010000000101110100000000010000000101110000000000010000000101101100000000010000000101100010000000010000000101100000000000010000000101010011000000010000000101011101000000010000000101010101000000010000000101011010000000010000000101011101000000010000000101100111000000010000000101110011000000010000000101010011000000010000000101101000000000010000000101010010000000010000000101011110000000010000000101110101000000010000000101101001000000010000000101010100000000010000000101001111000000010000000101011011000000010000000101100100000000010000000101111100000000010000000100000001000000010000000100000001000000010000000101101010000000010000000101101111000000010000000101100101000000010000000101011111000000010000000101011101000000010000000101011001000000010000000101100110000000010000000101100110000000010000000101101001000000010000000101100101000000010000000101101001000000010000000101101100000000010000000101100111000000010000000101011110000000010000000101100011000000010000000101100101000000010000000101101000000000010000000101101101000000010000000101111010000000010000000101101100000000010000000100000001000000010000000101111101000000010000000101100011000000010000000101110101000000010000000101110011000000010000000101110101000000010000000101101110000000010000000101110000000000010000000101111111000000010000000100000001000000010000000100000001000000010000000101110101000000010000000101100000000000010000000101110100000000010000000101110011000000010000000101010110000000010000000101100001000000010000000101100101000000010000000101110001000000010000000101110101000000010000000101101110000000010000000101110100000000010000000101100001000000010000000101101110000000010000000100000001000000010000000100000001000000010000000100000001000000010000000100000001000000010000000100000001000000010000000100000001000000010000000100000001000000010000000100000001000000010000000100000001000000010000000101111001000000010000000101111111000000010000000100000001000000010000000100000001000000010000000101111101000000010000000100000001000000010000000100000001000000010000000100000001000000010000000100000001000000010000000100000001000000010000000100000001000000010000000100000001000000010000000100000001000000010000000100000001000000010000000100000001000000010000000100000001000000010000000100000001000000010000000100000001000000010000000100000001000000010000000100000001000000010000000100000001000000010000000100000001000000010000000100000001000000010000000100000001000000010000000100000001000000010000000100000001000000010000000100000001000000010000000100000001000000010000000100000001000000010000000100000001000000010000000100000001000000010000000100000001000000010000000100000001000000010000000100000001000000010000000100000001000000010000000100000001000000010000000100000001000000010000000100000001000000010000000100000001000000010000000100000001000000010000000100000001000000010000000100000001000000010000000100000001000000010000000100000001000000010000000100000001000000010000000100000001000000010000000100000001000000010000000100000001000000010000000100000001000000010000000100000001000000010000000100000001000000010000000100000001000000010000000100000001000000010000000100000001000000010000000100000001000000010000000100000001000000010000000100000001000000010000000100000001000000010000000100000001000000010000000100000001000000010000000100000001000000010000000100000001000000010000000100000001000000010000000100000001000000010000000100000001000000010000000100000001000000010000000100000000000000010000000100000001000000010000000100000001000000010000000100000001000000010000000100000001000000010000000100000001000000010000000100000001000000010000000100000001000000010000000100000001000000010000000100000001000000010000000100000001011110110000000100000001011110110000000100000001000000010000000100000001000000010000000100000001010111010000000100000001010011110000000100000001011100010000000100000001000000010000000100000001010010000000000100000001001111000000000100000001001110010000000100000001010010100000000100000001011111000000000100000001011001000000000100000001001101010000000100000001010100000000000100000001000000010000000100000001000000010000000100000001000000010000000100000001000000010000000100000001000000010000000100000001000000010000000100000001000000010000000100000001000000010000000100000001000000010000000100000001000000010000000100000001000000010000000100000001000000010000000100000001000000010000000100000001000000010000000100000001000000010000000100000001000000010000000100000001000000010000000100000001000000010000000100000001000000010000000100000001000000010000000100000001000000010000000100000001000000010000000100000001000000010000000100000001000000010000000100000001000000010000000100000001000000010000000100000001000000010000000100000001000000010000000100000001000000010000000100000001000000010000000100000001000000010000000100000001000000010000000100000001000000010000000100000001000000010000000100000001000000010000000100000001000000010000000100000001000000010000000100000001000000010000000100000001000000010000000100000001000000010000000100000001000000010000000100000001000000010000000100000001000000010000000100000001000000010000000100000001000000010000000100000001000000010000000100000001000000010000000100000001000000010000000100000001000000010000000100000001000000010000000100000001000000010000000100000001000000010000000100000001000000010000000100000001000000010000000100000001000000010000000100000001000000010000000100000001000000010000000100000001011111110000000100000001011011010000000100000001000000010000000100000001000000010000000100000001000000010000000100000001000000010000000100000001000000010000000100000001000000010000000100000001000000010000000100000001000000010000000100000001000000010000000100000001011101010000000100000001011111100000000100000001011001110000000100000001011011110000000100000001000000010000000100000001000000010000000100000001000000010000000100000001010100000000000100000001010001010000000100000001011010010000000100000001011100010000000100000001010101100000000100000001011000100000000100000001011000100000000100000001011100110000000100000001011011010000000100000001011001000000000100000001010111010000000100000001011010010000000100000001011001010000000100000001011001000000000100000001011000010000000100000001010111010000000100000001010101110000000100000001010101110000000100000001010111000000000100000001011010010000000100000001011010110000000100000001011111000000000100000001010101110000000100000001010101100000000100000001011010000000000100000001011011100000000100000001011010000000000100000001001111110000000101110110011010110000000100000001011010010000000100000001011010000000000100000001010111000000000100000001011011010000000100000001011111000000000100000001011101010000000100000001011001100000000100000001011110000000000100000001011011100000000100000001011001010000000100000001011001000000000100000001011001000000000100000001010110110000000100000001010111110000000100000001011011010000000100000001011001100000000100000001011011100000000100000001011101100000000100000001010011110000000100000001010010100000000100000001011011100000000100000001011011110000000100000001011011110000000100000001010111100000000101111111001110000111110101010000000111010101100100110000001000100101011000101110001010000101011100110000001011100101100100110100001011010101011000110000001100010101100000110010001100010101100000110010001100010101100000110010001100010101100000110010001100100101100100110011001100100101100100110011001101010101101000110100001101100101101100110101001101000101100100110011001101000101100100110011001101000101100100110011001101000101100100110011001101100101100000110011001101100101100000110011001101100101100000110011001101000101100100110011001100100101101000110001001100100101101000110001001100100101101000110001001100100101101000110001001100100101101000110001001100100101101000110001001100100101101000110001001100100101101000110001001100100101101000110001001100100101101000110001001100100101101000110001001100100101101000110001001100100101101000110001001100100101101000110001001100100101101000110001001100100101101000110001001100100101101000110001001100100101101000110001001100100101101000110001001100100101101000110001001100100101101000110001001100100101101000110001001100100101101000110001001100100101101000110001001100100101101000110001001100100101101000110001001100100101101000110001001100100101101000110001001100100101101000110001001100100101101000110001001100100101101000110001001100100101101000110001001100100101101000110001001100100101101000110001001100100101101000110001001100100101101000110001001100100101101000110001001100100101101000110001001100100101101000110001001100100101101000110001001100100101101000110001001100100101101000110001001100100101101000110001001100100101101000110001001100100101101000110001001100100101101000110001001100100101101000110001001100100101101000110001001100000101100000101110001101000101110000110010001101110101110000110100001011110101011100101110001100000101110000110101001001000101011000101110001000010110000000110110010110110000000101111000000000010000000100000001010111010000000100000001010101110000000100000001011000010000000100000001011100000000000100000001011011110000000100000001011001010000000100000001011001000000000100000001011001010000000100000001011001000000000100000001011001100000000100000001011000010000000100000001010110000000000100000001010110010000000100000001010110110000000100000001010110010000000100000001011001110000000100000001011010010000000100000001011110100000000100000001010101000000000100000001010101000000000100000001011001100000000100000001011011000000000100000001011010100000000100000001010000010000000101110111011100000000000100000001011100000000000100000001011011110000000100000001011000000000000100000001011100010000000100000001011111110000000100000001011101110000000100000001011010000000000100000001011110110000000100000001011100000000000100000001011001100000000100000001011001000000000100000001010111010000000100000001010110100000000100000001010101000000000100000001011011110000000100000001011001100000000100000001011110010000000100000001011110000000000100000001010110010000000100000001010011010000000100000001011010000000000100000001011100110000000100000001011001110000000100000001010100010000000100000001011001000000000100000001011000100000000100000001010100110000000100000001011000010000000100000001011000000000000100000001011000100000000100000001011000110000000100000001011000000000000100000001011110010000000100000001000000010000000100000001000000010000000100000001010110110000000100000001010101010000000100000001011010000000000100000001011101100000000100000001010011000000000100000001010010100000000100000001011000100000000100000001011011110000000100000001011011010000000100000001011010110000000100000001011010010000000100000001011111000000000100000001000000010000000100000001000000010000000100000001000000010000000100000001000000010000000100000001000000010000000100000001000000010000000100000001000000010000000100000001000000010000000100000001000000010000000100000001000000010000000100000001011001000000000100000001011011110000000100000001000000010000000100000001000000010000000100000001000000010000000100000001000000010000000100000001000000010000000100000001000000010000000100000001000000010000000100000001000000010000000100000001000000010000000100000001000000010000000100000001000000010000000100000001000000010000000100000001000000010000000100000001000000010000000100000001000000010000000100000001000000010000000100000001000000010000000100000001000000010000000100000001000000010000000100000001000000010000000100000001000000010000000100000001000000010000000100000001000000010000000100000001000000010000000100000001000000010000000100000001000000010000000100000001000000010000000100000001000000010000000100000001000000010000000100000001000000010000000100000001000000010000000100000001000000010000000100000001000000010000000100000001000000010000000100000001000000010000000100000001000000010000000100000001000000010000000100000001000000010000000100000001000000010000000100000001000000010000000100000001000000010000000100000001000000010000000100000001000000010000000100000001000000010000000100000001000000010000000100000001000000010000000100000001000000010000000100000001000000010000000100000001000000010000000100000001000000010000000100000001000000010000000100000001000000010000000100000001000000010000000100000001000000010000000100000001000000010000000100000001000000010000000100000001000000010000000100000001000000010000000100000001000000010000000100000001000000010000000100000001000000010000000100000001000000010000000100000001000000010000000100000001000000010000000100000001000000000000000100000001000000010000000100000001000000010000000100000001000000010000000100000001000000010000000100000001000000010000000100000001000000010000000100000001000000010000000100000001000000010000000100000001000000010000000100000001000000010111111100000001000000010000000100000001000000010000000100000001000000010000000100000001000000010101000000000001000000010100101000000001000000010110100000000001000000010000000100000001000000010100100100000001000000010100000000000001000000010011111000000001000000010101001000000001000000010000000100000001000000010110111100000001000000010100011100000001000000010110000100000001000000010000000100000001000000010000000100000001000000010000000100000001000000010000000100000001000000010000000100000001000000010000000100000001000000010000000100000001000000010000000100000001000000010000000100000001000000010000000100000001000000010000000100000001000000010000000100000001000000010000000100000001000000010000000100000001000000010000000100000001000000010000000100000001000000010000000100000001000000010000000100000001000000010000000100000001000000010000000100000001000000010000000100000001000000010000000100000001000000010000000100000001000000010000000100000001000000010000000100000001000000010000000100000001000000010000000100000001000000010000000100000001000000010000000100000001000000010000000100000001000000010000000100000001000000010000000100000001000000010000000100000001000000010000000100000001000000010000000100000001000000010000000100000001000000010000000100000001000000010000000100000001000000010000000100000001000000010000000100000001000000010000000100000001000000010000000100000001000000010000000100000001000000010000000100000001000000010000000100000001000000010000000100000001000000010000000100000001000000010000000100000001000000010000000100000001000000010000000100000001000000010000000100000001000000010000000100000001000000010000000100000001000000010000000100000001000000010000000100000001000000010111001100000001000000010000000100000001000000010111010000000001000000010101001100000001011111110110101000000001000000010000000100000001000000010000000100000001000000010000000100000001000000010000000100000001000000010000000100000001000000010000000100000001000000010000000100000001000000010000000100000001000000010000000100000001000000010111100000000001000000010111100000000001000000010111011000000001000000010110111000000001000000010110100100000001000000010101010000000001000000010101101000000001000000010110110000000001000000010101111100000001000000010101110100000001000000010100100100000001000000010101011000000001000000010101101100000001000000010110110100000001000000010110110000000001000000010110011000000001000000010110000000000001000000010111000100000001000000010101110000000001000000010110110000000001000000010111011000000001000000010111101100000001000000010110110000000001000000010101111100000001000000010101110000000001000000010110111100000001000000010111101000000001000000010000000100000001000000010110000000000001000000010110100000000001000000010111000000000001000000010110100100000001000000010110001100000001000000010101011100000001000000010110111000000001000000010110011100000001000000010110101000000001000000010101101000000001000000010101101100000001000000010110011100000001000000010110001100000001000000010111010000000001000000010000000100000001000000010000000100000001000000010111100000000001000000010111000100000001000000010110100000000001000000010110001000000001000000010110001100000001000000010110100100000001000000010110000000000001000000010110100000000001000000010110011100000001000000010100011000000001011111100100000100000001011110000110011000000001000000010110100000000001000000010110111100000001000000010011010001111110010011100001010101010110001010010010011101011111001101000010010101010101001010110011100101100101001111000010101101010111001100000011010001011101001101110011000001010111001100010011000001011000001011110011000101011001001100000011000101011001001100000011001001011010001100010011001101011011001100100011001101011011001100100011010001011100001100110011010001011001001100010011010001011001001100010011010001011001001100010011010001011001001100010011010001011001001100010011010001011001001100010011010001011001001100010011010001011001001100010011001001011010001100010011001001011010001100010011001001011010001100010011001001011010001100010011001001011010001100010011001001011010001100010011001001011010001100010011001001011010001100010011001001011010001100010011001001011010001100010011001001011010001100010011001001011010001100010011001001011010001100010011001001011010001100010011001001011010001100010011001001011010001100010011001001011010001100010011001001011010001100010011001001011010001100010011001001011010001100010011001001011010001100010011001001011010001100010011001001011010001100010011001001011010001100010011001001011010001100010011001001011010001100010011001001011010001100010011001001011010001100010011001001011010001100010011001001011010001100010011001001011010001100010011001001011010001100010011001001011010001100010011001001011010001100010011001001011010001100010011001001011010001100010011001001011010001100010011001001011010001100010011001001011010001100010011001001011010001100010011000101011001001100000011001001011010001100010011001001011010001100010011001101011011001100100011001101011011001100100011001001011010001100010011001001011010001100010011000101011001001100000010111101010111001011010011010101011101001100110011010001011001001100010010111101010111001011100011101001100011001111010001111101010001001010010010010001011110001101010011000101111000010011010111000000000001000000010101100000000001000000010101101000000001000000010101011100000001000000010110011000000001000000010110110100000001000000010110001100000001000000010110001000000001000000010111001000000001000000010101100100000001000000010110110000000001000000010111010100000001000000010111110000000001000000010110101000000001000000010110000100000001000000010101101000000001000000010111000100000001000000010111110000000001000000010000000100000001000000010110000100000001000000010110101000000001000000010111001000000001000000010110101100000001000000010110011100000001000000010101100000000001000000010111001000000001000000010110101000000001000000010110110100000001000000010101110000000001000000010101110000000001000000010110011100000001000000010110001100000001000000010111010000000001000000010000000100000001000000010000000100000001000000010111010100000001000000010110100100000001000000010110000100000001000000010101111000000001000000010101100100000001000000010111000100000001000000010101101000000001000000010110101100000001000000010110110000000001000000010100111000000001000000010100001100000001011110000110000000000001000000010110011100000001000000010101010100000001000000010100000000000001011110000101101000000001000000010110100000000001000000010110100100000001000000010110101000000001000000010110001100000001000000010110000000000001000000010110000100000001000000010110001000000001000000010110011000000001000000010110110000000001000000010110000100000001000000010101110100000001000000010110010100000001000000010101100000000001000000010101000100000001000000010100001000000001000000010100111100000001000000010101100000000001000000010110101000000001000000010111011100000001000000010110010000000001000000010111101100000001000000010000000100000001000000010000000100000001000000010000000100000001000000010000000100000001000000010000000100000001000000010000000100000001000000010000000100000001000000010000000100000001000000010000000100000001000000010000000100000001000000010000000100000001000000010111000000000001000000010111111100000001000000010000000100000001000000010000000100000001000000010000000100000001000000010000000100000001000000010000000100000001000000010000000100000001000000010000000100000001000000010000000100000001000000010000000100000001000000010000000100000001000000010000000100000001000000010000000100000001000000010000000100000001000000010000000100000001000000010000000100000001000000010000000100000001000000010000000100000001000000010000000100000001000000010000000100000001000000010000000100000001000000010000000100000001000000010000000100000001000000010000000100000001000000010000000100000001000000010000000100000001000000010000000100000001000000010000000100000001000000010000000100000001000000010000000100000001000000010000000100000001000000010000000100000001000000010000000100000001000000010000000100000001000000010000000100000001000000010000000100000001000000010000000100000001000000010000000100000001000000010000000100000001000000010000000100000001000000010000000100000001000000010000000100000001000000010000000100000001000000010000000100000001000000010000000100000001000000010000000100000001000000010000000100000001000000010000000100000001000000010000000100000001000000010000000100000001000000010000000100000001000000010000000100000001000000010000000100000001000000010000000100000001000000010000000100000001000000010000000100000001000000010000000100000001000000010000000100000001000000010000000100000001000000010000000100000001000000010000000100000001000000010000000100000001000000010000000100000001000000010000000100000001000000010000000100000001000000010000000000000001000000010000000100000001000000010000000100000001000000010000000100000001000000010000000100000001000000010000000100000001000000010000000100000001000000010000000100000001000000010000000100000001000000010000000100000001000000010000000100000001000000010000000100000001000000010000000100000001000000010000000100000001000000010000000101101010000000010000000101011101000000010000000100000001000000010000000100000001000000010000000101010011000000010000000100111011000000010000000101000010000000010000000101110000000000010000000100000001000000010000000100000001000000010000000101010101000000010000000101101010000000010000000100000001000000010000000100000001000000010000000100000001000000010000000100000001000000010000000100000001000000010000000100000001000000010000000100000001000000010000000100000001000000010000000100000001000000010000000100000001000000010000000100000001000000010000000100000001000000010000000100000001000000010000000100000001000000010000000100000001000000010000000100000001000000010000000100000001000000010000000100000001000000010000000100000001000000010000000100000001000000010000000100000001000000010000000100000001000000010000000100000001000000010000000100000001000000010000000100000001000000010000000100000001000000010000000100000001000000010000000100000001000000010000000100000001000000010000000100000001000000010000000100000001000000010000000100000001000000010000000100000001000000010000000100000001000000010000000100000001000000010000000100000001000000010000000100000001000000010000000100000001000000010000000100000001000000010000000100000001000000010000000100000001000000010000000100000001000000010000000100000001000000010000000100000001000000010000000100000001000000010000000100000001000000010000000100000001000000010000000100000001000000010000000100000001000000010000000100000001000000010000000100000001000000010000000100000001000000010000000100000001000000010000000100000001000000010000000100000001000000010000000100000001000000010000000101110011000000010000000101111001000000010000000101011001000000010000000101100101000000010000000101111001000000010000000100000001000000010000000100000001000000010000000100000001000000010000000100000001000000010000000100000001000000010000000100000001000000010000000100000001000000010000000100000001000000010000000100000001000000010000000101111000000000010000000100000001000000010000000101111111000000010000000101100101000000010000000101100100000000010000000101111001000000010000000101110010000000010000000101011011000000010000000101011010000000010000000101001110000000010000000101011101000000010000000101101001000000010000000100000001000000010000000101111110000000010000000101111000000000010000000101110100000000010000000101110010000000010000000101001110000000010111111101011000000000010000000101100100000000010000000101101100000000010000000101100110000000010000000101011101000000010000000101100010000000010000000101101100000000010000000101111010000000010000000100000001000000010000000101110001000000010000000101101111000000010000000101101100000000010000000101100011000000010000000101101110000000010000000101100110000000010000000101011101000000010000000101010011000000010000000101011111000000010000000101110110000000010000000100000001000000010000000101110011000000010000000101100111000000010000000101110011000000010000000100000001000000010000000100000001000000010000000100000001000000010000000100000001000000010000000101111011000000010000000101110111000000010000000101101111000000010000000101110000000000010000000101101011000000010000000101100111000000010000000101011000000000010000000101011111000000010000000101010111000000010000000101011100000000010000000101111000000000010000000101010110000000010111001000010101010110010010101000100110011000010011010100100011010101010010101100110110011001000011101000101011010101010010110000110001010110110011001000110010010110100011000100110010010110100011000100110010010110100011000100110010010110100011000100110010010110100011000100110010010110100011000100110010010110100011000100110010010110100011000100110001010110010011000000110100010110010011000100110100010110010011000100110100010110010011000100110100010110010011000100110100010110010011000100110100010110010011000100110100010110010011000100110100010110010011000100110010010110100011000100110010010110100011000100110010010110100011000100110010010110100011000100110010010110100011000100110010010110100011000100110010010110100011000100110010010110100011000100110010010110100011000100110010010110100011000100110010010110100011000100110010010110100011000100110010010110100011000100110010010110100011000100110010010110100011000100110010010110100011000100110010010110100011000100110010010110100011000100110010010110100011000100110010010110100011000100110010010110100011000100110010010110100011000100110010010110100011000100110010010110100011000100110010010110100011000100110010010110100011000100110010010110100011000100110010010110100011000100110010010110100011000100110010010110100011000100110010010110100011000100110010010110100011000100110010010110100011000100110010010110100011000100110010010110100011000100110010010110100011000100110010010110100011000100110010010110100011000100110010010110100011000100110010010110100011000100110001010110010011000000110010010110100011000100110010010110100011000100110010010110100011000100110010010110100011000100110010010110100011000100110010010110100011000100110001010110010011000000110001010110010010111100110011010110110011000100110010010101110010111100101101010101010010110000111010011000110011110100100110010101010010111000101001011000010011100000100000011000100011100001010000000000010111010001101001000000010000000101101010000000010000000101100100000000010000000101110100000000010000000101111111000000010000000101110100000000010000000101110100000000010000000101110110000000010000000101000110000000010111011101010110000000010000000101100110000000010000000101110000000000010000000101100000000000010000000101011011000000010000000101100011000000010000000101101100000000010000000101111001000000010000000100000001000000010000000101110000000000010000000101101110000000010000000101101011000000010000000101100010000000010000000101101111000000010000000101100110000000010000000101100001000000010000000101010110000000010000000101100000000000010000000101111000000000010000000100000001000000010000000101110010000000010000000101100110000000010000000101110010000000010000000100000001000000010000000100000001000000010000000100000001000000010000000100000001000000010000000101111100000000010000000101110110000000010000000101101110000000010000000101110000000000010000000101100110000000010000000101011110000000010000000101011010000000010000000101011010000000010000000101011001000000010000000101011000000000010000000101010111000000010000000101011001000000010000000101001101000000010000000101100011000000010000000101100101000000010000000101011111000000010000000101010011000000010000000101010101000000010000000101011011000000010000000101011111000000010000000100000001000000010000000101101101000000010000000101100001000000010000000101100010000000010000000101111001000000010000000101111000000000010000000101011010000000010000000101011000000000010000000101010000000000010000000101010101000000010000000101110100000000010000000101111011000000010000000100000001000000010000000100000001000000010000000100000001000000010000000100000001000000010000000100000001000000010000000100000001000000010000000100000001000000010000000100000001000000010000000100000001000000010000000100000001000000010000000100000001000000010000000100000001000000010000000100000001000000010000000100000001000000010000000100000001000000010000000100000001000000010000000100000001000000010000000100000001000000010000000100000001000000010000000100000001000000010000000100000001000000010000000100000001000000010000000100000001000000010000000100000001000000010000000100000001000000010000000100000001000000010000000100000001000000010000000100000001000000010000000100000001000000010000000100000001000000010000000100000001000000010000000100000001000000010000000100000001000000010000000100000001000000010000000100000001000000010000000100000001000000010000000100000001000000010000000100000001000000010000000100000001000000010000000100000001000000010000000100000001000000010000000100000001000000010000000100000001000000010000000100000001000000010000000100000001000000010000000100000001000000010000000100000001000000010000000100000001000000010000000100000001000000010000000100000001000000010000000100000001000000010000000100000001000000010000000100000001000000010000000100000001000000010000000100000001000000010000000100000001000000010000000100000001000000010000000100000001000000010000000100000001000000010000000100000001000000010000000100000001000000010000000100000001000000010000000100000001000000010000000100000001000000010000000100000001000000010000000100000001000000010000000100000001000000010000000100000001000000010000000100000001000000010000000100000001000000010000000100000001000000010000000100000001000000010000000100000001000000010000000100000001000000010000000100000001000000010000000100000001000000010000000100000001000000010000000100000001000000010000000100000001000000010000000100000001000000010000000100000000000000010000000100000001000000010000000100000001000000010000000100000001000000010000000100000001000000010000000100000001000000010000000100000001000000010000000100000001000000010000000100000001000000010000000100000001000000010000000100000001000000010000000100000001000000010000000100000001000000010000000100000001000000010000000100000001000000010000000100000001000000010000000100000001000000010000000100000001000000010000000100000001011010100000000100000001010101110000000100000001011001000000000100000001000000010000000100000001000000010000000100000001000000010000000100000001000000010000000100000001000000010000000100000001000000010000000100000001000000010000000100000001000000010000000100000001000000010000000100000001000000010000000100000001000000010000000100000001000000010000000100000001000000010000000100000001000000010000000100000001000000010000000100000001000000010000000100000001000000010000000100000001000000010000000100000001000000010000000100000001000000010000000100000001000000010000000100000001000000010000000100000001000000010000000100000001000000010000000100000001000000010000000100000001000000010000000100000001000000010000000100000001000000010000000100000001000000010000000100000001000000010000000100000001000000010000000100000001000000010000000100000001000000010000000100000001000000010000000100000001000000010000000100000001000000010000000100000001000000010000000100000001000000010000000100000001000000010000000100000001000000010000000100000001000000010000000100000001000000010000000100000001000000010000000100000001000000010000000100000001000000010000000100000001000000010000000100000001000000010000000100000001000000010000000100000001000000010000000100000001000000010000000100000001000000010000000100000001000000010000000100000001000000010000000100000001000000010000000100000001000000010000000100000001000000010000000100000001000000010000000100000001000000010000000100000001000000010000000100000001000000010000000100000001000000010000000100000001000000010000000100000001011011110000000100000001011111110000000100000001011110000000000100000001011010000000000100000001011111010000000100000001000000010000000100000001000000010000000100000001000000010000000100000001000000010000000100000001000000010000000100000001000000010000000100000001000000010000000100000001000000010000000100000001011110100000000100000001000000010000000100000001000000010000000100000001000000010000000100000001000000010000000100000001011101100000000100000001010110110000000100000001011000010000000100000001011000000000000100000001010110010000000100000001010111110000000100000001011010100000000100000001011111010000000100000001011110100000000100000001011100110000000100000001011100010000000100000001000000010000000100000001011010010000000100000001011010110000000100000001011010010000000100000001010110110000000100000001010111000000000100000001010100110000000100000001010110110000000100000001010101100000000100000001011001100000000100000001000000010000000100000001011110000000000100000001011011110000000100000001011010110000000100000001010110010000000100000001011001000000000100000001010101100000000100000001010100010000000100000001010000100000000101111000010010010000000101111111011001000000000100000001011011000000000100000001010111010000000100000001011011110000000100000001011110100000000100000001011011000000000100000001011110100000000100000001011101100000000100000001011110100000000100000001011100000000000100000001011101000000000100000001011011000000000100000001011000100000000100000001011010000000000100000001011000010000000100000001011000000000000100000001011110000000000100000001011011100000000100000001011010000000000100000001011100000000000100000001001001000110100000111001001001100110000100110100001000010101010000101000001110010110011100111100001010010101010000101001001011110101011100101101001100110101101100110001001100000101100000101111001100110101101100110010001100010101101100110010001100010101101100110010001100000101101000110001001100100101101000110001001100010101100100110000001100010101100100110000001100000101100000101111001100100101101000110001001100100101101000110001001100100101101000110001001100100101101000110001001100100101101000110001001100100101101000110001001100100101101000110001001100100101101000110001001100100101101000110001001100100101101000110001001100100101101000110001001100100101101000110001001100100101101000110001001100100101101000110001001100100101101000110001001100100101101000110001001100100101101000110001001100100101101000110001001100100101101000110001001100100101101000110001001100100101101000110001001100100101101000110001001100100101101000110001001100100101101000110001001100100101101000110001001100100101101000110001001100100101101000110001001100100101101000110001001100100101101000110001001100100101101000110001001100100101101000110001001100100101101000110001001100100101101000110001001100100101101000110001001100100101101000110001001100100101101000110001001100100101101000110001001100100101101000110001001100100101101000110001001100100101101000110001001100100101101000110001001100100101101000110001001100100101101000110001001100100101101000110001001100100101101000110001001100100101101000110001001100100101101000110001001100100101101000110001001100100101101000110001001100100101101000110001001100100101101000110001001100010101100100110000001100010101100100110000001100100101101000110001001100100101101000110001001100100101101000110001001100100101110100110010001100100101101000110000001100110101100000110000001100000101010100101101001100110101101100110010001011110101101100110010001001100101101000110010000110110101101000110000001110110000000101011010011011010000000100000001011001110000000100000001011011110000000100000001011111100000000100000001011111100000000100000001011011000000000100000001011101010000000100000001000000010000000100000001011001100000000100000001011011010000000100000001011001100000000100000001010110110000000100000001010110110000000100000001010101110000000100000001010101110000000100000001010101100000000100000001011001100000000100000001000000010000000100000001011110010000000100000001011011100000000100000001011010100000000100000001010110100000000100000001011001010000000100000001010110010000000100000001010101000000000100000001010001010000000101111101010010110000000100000001011001010000000100000001011010110000000100000001010111010000000100000001011011100000000100000001011110000000000100000001011010000000000100000001011101110000000100000001011110100000000100000001011110010000000100000001011101100000000100000001011100000000000100000001011001110000000100000001011010100000000100000001011100110000000100000001011010000000000100000001011001010000000100000001011010110000000100000001011011000000000100000001010111010000000100000001010111000000000100000001011101100000000100000001011000100000000100000001010110100000000100000001010010010000000100000001010000010000000101111011001101100000000101110000001111010000000101111000010000010000000101111100010001010000000100000001000000010000000100000001011101100000000100000001011101010000000100000001011100110000000100000001011101000000000100000001010111100000000100000001010110100000000100000001011000110000000100000001010101100000000100000001010111010000000100000001011100010000000100000001000000010000000100000001000000010000000100000001000000010000000100000001000000010000000100000001000000010000000100000001000000010000000100000001000000010000000100000001000000010000000100000001000000010000000100000001000000010000000100000001000000010000000100000001011101010000000100000001000000010000000100000001011110010000000100000001000000010000000100000001000000010000000100000001000000010000000100000001000000010000000100000001000000010000000100000001000000010000000100000001000000010000000100000001000000010000000100000001000000010000000100000001000000010000000100000001000000010000000100000001000000010000000100000001000000010000000100000001000000010000000100000001000000010000000100000001000000010000000100000001000000010000000100000001000000010000000100000001000000010000000100000001000000010000000100000001000000010000000100000001000000010000000100000001000000010000000100000001000000010000000100000001000000010000000100000001000000010000000100000001000000010000000100000001000000010000000100000001000000010000000100000001000000010000000100000001000000010000000100000001000000010000000100000001000000010000000100000001000000010000000100000001000000010000000100000001000000010000000100000001000000010000000100000001000000010000000100000001000000010000000100000001000000010000000100000001000000010000000100000001000000010000000100000001000000010000000100000001000000010000000100000001000000010000000100000001000000010000000100000001000000010000000100000001000000010000000100000001000000010000000100000001000000010000000100000001000000010000000100000001000000010000000100000001000000010000000100000001000000010000000100000001000000010000000100000001000000010000000100000001000000010000000100000001000000010000000100000001000000010000000100000001000000010000000100000001000000010000000100000001000000010000000100000001000000010000000100000001000000010000000100000001000000010000000100000001000000010000000100000001000000010000000100000001000000000000000100000001000000010000000100000001000000010000000100000001000000010000000100000001000000010000000100000001000000010000000100000001000000010000000100000001000000010000000100000001000000010000000100000001000000010000000100000001000000010000000100000001000000010000000100000001000000010000000100000001000000010000000100000001000000010111110000000001000000010110101000000001000000010000000100000001000000010000000100000001000000010101100000000001000000010100100100000001000000010101000000000001000000010111000000000001000000010000000100000001000000010000000100000001000000010101110000000001000000010110111000000001000000010000000100000001000000010000000100000001000000010000000100000001000000010000000100000001000000010000000100000001000000010000000100000001000000010000000100000001000000010000000100000001000000010000000100000001000000010000000100000001000000010000000100000001000000010000000100000001000000010000000100000001000000010000000100000001000000010000000100000001000000010000000100000001000000010000000100000001000000010000000100000001000000010000000100000001000000010000000100000001000000010000000100000001000000010000000100000001000000010000000100000001000000010000000100000001000000010000000100000001000000010000000100000001000000010000000100000001000000010000000100000001000000010000000100000001000000010000000100000001000000010000000100000001000000010000000100000001000000010000000100000001000000010000000100000001000000010000000100000001000000010000000100000001000000010000000100000001000000010000000100000001000000010000000100000001000000010000000100000001000000010000000100000001000000010000000100000001000000010000000100000001000000010000000100000001000000010000000100000001000000010000000100000001000000010000000100000001000000010000000100000001000000010000000100000001000000010000000100000001000000010000000100000001000000010000000100000001000000010000000100000001000000010000000100000001000000010000000100000001000000010000000100000001000000010000000100000001000000010111100100000001000000010000000100000001000000010111000100000001000000010000000100000001000000010111010100000001000000010000000100000001000000010000000100000001000000010000000100000001000000010000000100000001000000010000000100000001000000010000000100000001000000010000000100000001000000010000000100000001000000010000000100000001000000010000000100000001000000010000000100000001000000010000000100000001000000010000000100000001000000010110110000000001000000010101010100000001000000010101100000000001000000010110100000000001000000010110001000000001000000010110000000000001000000010110010100000001000000010111000000000001000000010110110000000001000000010110100100000001000000010110110000000001000000010111100100000001000000010111000100000001000000010110111100000001000000010110110100000001000000010110001100000001000000010110110100000001000000010101110100000001000000010101001100000001000000010110001000000001000000010110110100000001000000010111111000000001000000010110111100000001000000010111001000000001000000010111011000000001000000010101101000000001000000010101000000000001000000010110000000000001000000010110010100000001000000010100110000000001000000010101000100000001000000010101011000000001000000010100001000000001011101010100101000000001011111100110010100000001000000010110101000000001000000010100101000000001011111010101111000000001000000010110010100000001000000010110101000000001000000010110110000000001000000010111001000000001000000010110101100000001000000010101100100000001000000010110000100000001000000010110000000000001000000010110110000000001000000010111100100000001000000010000000100000001000000010000000100000001000000010100010000000001010110010001101101010100001001110010100101011100001100000011011001100011001110000011000001011000001011100011001101011001001011110011000101010111001011010011101101100001001101110011000101011001001011110011000001011010001100010011000001011010001100010011000001011010001100010011000001011010001100010011001001011010001100010011001001011010001100010011001001011010001100010011001001011010001100010011001001011010001100010011001001011010001100010011001001011010001100010011001001011010001100010011001001011010001100010011001001011010001100010011001001011010001100010011001001011010001100010011001001011010001100010011001001011010001100010011001001011010001100010011001001011010001100010011001001011010001100010011001001011010001100010011001001011010001100010011001001011010001100010011001001011010001100010011001001011010001100010011001001011010001100010011001001011010001100010011001001011010001100010011001001011010001100010011001001011010001100010011001001011010001100010011001001011010001100010011001001011010001100010011001001011010001100010011001001011010001100010011001001011010001100010011001001011010001100010011001001011010001100010011001001011010001100010011001001011010001100010011001001011010001100010011001001011010001100010011001001011010001100010011001001011010001100010011001001011010001100010011001001011010001100010011001001011010001100010011001001011010001100010011001001011010001100010011001001011010001100010011001001011010001100010011001001011010001100010011001001011010001100010011001001011010001100010011001001011010001100010011001101011011001100100011001001011010001100010011000101011001001100000011000101011001001100000011000101011001001100000011000101011001001100000011001001011010001100010011001101011011001100100011000101011100001100010010111101011010001011110011010001011100001100110011010101011010001100100011000101010110001011100011010001011110001101010010011101010110001011110010000101011011001100100001111101100110001110110110001000000001000000010110101100000001000000010110111100000001000000010111001100000001000000010111000000000001000000010110001100000001000000010110111000000001000000010111101000000001000000010110111000000001000000010111000000000001000000010110110100000001000000010110001100000001000000010110101100000001000000010101111000000001000000010101001100000001000000010110010000000001000000010110111100000001000000010000000100000001000000010111001000000001000000010111010000000001000000010111100000000001000000010101111000000001000000010101001100000001000000010110001100000001000000010110100000000001000000010100110100000001000000010101000000000001000000010101011000000001000000010011111100000001011101010100011100000001011111100110000000000001000000010110011000000001000000010100000100000001011110100101100100000001000000010110001100000001000000010110100000000001000000010110111000000001000000010110111100000001000000010110100100000001000000010101111000000001000000010101110100000001000000010101111100000001000000010110011000000001000000010110101100000001000000010110110100000001000000010110101000000001000000010110100000000001000000010110110100000001000000010110111000000001000000010110101100000001000000010110001100000001000000010101011100000001000000010100011100000001000000010100111000000001000000010101010100000001000000010100011000000001000000010111001000000001000000010110011100000001000000010111000100000001000000010111010100000001000000010110110100000001000000010101000000000001000000010101100000000001000000010110010100000001000000010110000000000001000000010101111000000001000000010111100000000001000000010000000100000001000000010000000100000001000000010000000100000001000000010000000100000001000000010000000100000001000000010000000100000001000000010000000100000001000000010000000100000001000000010000000100000001000000010000000100000001000000010000000100000001000000010110110000000001000000010110010000000001000000010000000100000001000000010000000100000001000000010000000100000001000000010000000100000001000000010000000100000001000000010000000100000001000000010000000100000001000000010000000100000001000000010000000100000001000000010000000100000001000000010000000100000001000000010000000100000001000000010000000100000001000000010000000100000001000000010000000100000001000000010000000100000001000000010000000100000001000000010000000100000001000000010000000100000001000000010000000100000001000000010000000100000001000000010000000100000001000000010000000100000001000000010000000100000001000000010000000100000001000000010000000100000001000000010000000100000001000000010000000100000001000000010000000100000001000000010000000100000001000000010000000100000001000000010000000100000001000000010000000100000001000000010000000100000001000000010000000100000001000000010000000100000001000000010000000100000001000000010000000100000001000000010000000100000001000000010000000100000001000000010000000100000001000000010000000100000001000000010000000100000001000000010000000100000001000000010000000100000001000000010000000100000001000000010000000100000001000000010000000100000001000000010000000100000001000000010000000100000001000000010000000100000001000000010000000100000001000000010000000100000001000000010000000100000001000000010000000100000001000000010000000100000001000000010000000100000001000000010000000100000001000000010000000100000001000000010000000100000001000000010000000100000001000000010000000100000001000000010000000100000001000000010000000100000001000000010000000100000001000000010000000100000001000000010000000100000001000000010000000100000001000000010000000000000001000000010000000100000001000000010000000100000001000000010000000100000001000000010000000100000001000000010000000100000001000000010000000100000001000000010000000100000001000000010000000100000001000000010000000100000001000000010000000101101010000000010000000101011110000000010000000100000001000000010000000100000001000000010000000101001110000000010000000100111001000000010000000101010100000000010000000101100110000000010000000100110101000000010000000100101110000000010000000100101011000000010000000100111101000000010000000101101100000000010000000101010110000000010000000100100110000000010000000101001000000000010000000100000001000000010000000100000001000000010000000100000001000000010000000100000001000000010000000100000001000000010000000100000001000000010000000100000001000000010000000100000001000000010000000100000001000000010000000100000001000000010000000100000001000000010000000100000001000000010000000100000001000000010000000100000001000000010000000100000001000000010000000100000001000000010000000100000001000000010000000100000001000000010000000100000001000000010000000100000001000000010000000100000001000000010000000100000001000000010000000100000001000000010000000100000001000000010000000100000001000000010000000100000001000000010000000100000001000000010000000100000001000000010000000100000001000000010000000100000001000000010000000100000001000000010000000100000001000000010000000100000001000000010000000100000001000000010000000100000001000000010000000100000001000000010000000100000001000000010000000100000001000000010000000100000001000000010000000100000001000000010000000100000001000000010000000100000001000000010000000100000001000000010000000100000001000000010000000100000001000000010000000100000001000000010000000100000001000000010000000100000001000000010000000100000001000000010000000100000001000000010000000100000001000000010000000100000001000000010000000100000001000000010000000100000001000000010000000100000001000000010000000100000001000000010000000100000001000000010000000100000001000000010000000100000001000000010000000101111010000000010000000101100001000000010000000101110011000000010000000100000001000000010000000100000001000000010000000100000001000000010000000100000001000000010000000100000001000000010000000100000001000000010000000100000001000000010000000100000001000000010000000100000001000000010000000100000001000000010000000100000001000000010000000101111010000000010000000100000001000000010000000101111110000000010000000101101110000000010000000101101100000000010000000101101011000000010000000101101100000000010000000101101010000000010000000101101111000000010000000101110100000000010000000101110000000000010000000101101111000000010000000101110110000000010000000101110100000000010000000101100101000000010000000101011010000000010000000101100001000000010000000101110001000000010000000101111101000000010000000101111000000000010000000101101111000000010000000101110111000000010000000100000001000000010000000101110101000000010000000101100111000000010000000101110010000000010000000101110100000000010000000101101010000000010000000101100011000000010000000101011001000000010000000101100101000000010000000101010010000000010000000101001110000000010000000101011001000000010000000101011100000000010000000101011110000000010000000101001100000000010111110101100100000000010000000101011000000000010000000101100010000000010000000101101110000000010000000101100110000000010000000101100100000000010000000101100001000000010000000101010101000000010000000101010111000000010000000101010011000000010000000101011001000000010000000101100110000000010000000101110011000000010000000100000001000000010000000101011111000000010111011100011010010101010010100100101001010111000011000000101001010101100010101100110111010111110011010100101111010101010010101100110000010101000010100000110111010111100011000100110001010110000010101100110010010110100011000000110000010110100011000100110000010110100011000100110010010110100011000100110001010110010011000000110001010110010011000000110010010110100011000100110010010110100011000100110011010110110011001000110010010110100011000100110010010110100011000100110010010110100011000100110010010110100011000100110010010110100011000100110010010110100011000100110010010110100011000100110010010110100011000100110010010110100011000100110010010110100011000100110010010110100011000100110010010110100011000100110010010110100011000100110010010110100011000100110010010110100011000100110010010110100011000100110010010110100011000100110010010110100011000100110010010110100011000100110010010110100011000100110010010110100011000100110010010110100011000100110010010110100011000100110010010110100011000100110010010110100011000100110010010110100011000100110010010110100011000100110010010110100011000100110010010110100011000100110010010110100011000100110010010110100011000100110010010110100011000100110010010110100011000100110010010110100011000100110010010110100011000100110010010110100011000100110010010110100011000100110010010110100011000100110010010110100011000100110010010110100011000100110010010110100011000100110010010110100011000100110010010110100011000100110010010110100011000100110010010110100011000100110010010110100011000100110010010110100011000100110010010110100011000100110010010110100011000100110010010110100011000100110010010110100011000100110010010110100011000100110010010110100011000100110010010110100011000100110010010110100011000100110010010110100011000100101111010110010011000000110000010110100011000100110011010110110011001000110111010111000011010000110011010110000011000000110100010111000011001100101011010110010010111100101010011000000011010100011010010110110010111001001111000000010110110001111101000000010000000101111010000000010000000101110010000000010000000101101111000000010000000101101010000000010000000101101111000000010000000101110111000000010000000101011110000000010000000101010101000000010000000101100111000000010000000101110010000000010000000101111010000000010000000101110101000000010000000101110011000000010000000101110100000000010000000100000001000000010000000101110100000000010000000101100110000000010000000101110010000000010000000101110100000000010000000101101010000000010000000101100100000000010000000101011011000000010000000101100110000000010000000101010000000000010000000101001101000000010000000101011000000000010000000101011001000000010000000101011001000000010000000101000010000000010111101001100100000000010000000101001110000000010000000101011111000000010000000101100111000000010000000101100010000000010000000101100110000000010000000101100100000000010000000101011110000000010000000101011011000000010000000101001101000000010000000101010111000000010000000101011101000000010000000101101110000000010000000101101010000000010000000101101101000000010000000101100100000000010000000101101100000000010000000101101010000000010000000101011110000000010000000101101100000000010000000101111010000000010000000101110100000000010000000101101101000000010000000101100101000000010000000101101100000000010000000101100111000000010000000101100000000000010000000101101001000000010000000101101110000000010000000101101110000000010000000101100110000000010000000101100111000000010000000101110010000000010000000101110111000000010000000101111010000000010000000101111111000000010000000100000001000000010000000100000001000000010000000100000001000000010000000100000001000000010000000100000001000000010000000100000001000000010000000100000001000000010000000100000001000000010000000100000001000000010000000100000001000000010000000100000001000000010000000100000001000000010000000100000001000000010000000100000001000000010000000100000001000000010000000100000001000000010000000100000001000000010000000100000001000000010000000100000001000000010000000100000001000000010000000100000001000000010000000100000001000000010000000100000001000000010000000100000001000000010000000100000001000000010000000100000001000000010000000100000001000000010000000100000001000000010000000100000001000000010000000100000001000000010000000100000001000000010000000100000001000000010000000100000001000000010000000100000001000000010000000100000001000000010000000100000001000000010000000100000001000000010000000100000001000000010000000100000001000000010000000100000001000000010000000100000001000000010000000100000001000000010000000100000001000000010000000100000001000000010000000100000001000000010000000100000001000000010000000100000001000000010000000100000001000000010000000100000001000000010000000100000001000000010000000100000001000000010000000100000001000000010000000100000001000000010000000100000001000000010000000100000001000000010000000100000001000000010000000100000001000000010000000100000001000000010000000100000001000000010000000100000001000000010000000100000001000000010000000100000001000000010000000100000001000000010000000100000001000000010000000100000001000000010000000100000001000000010000000100000001000000010000000100000001000000010000000100000001000000010000000100000001000000010000000100000001000000010000000100000001000000010000000100000001000000010000000100000001000000010000000100000001000000010000000100000001000000010000000100000001000000010000000100000001000000010000000100000001000000010000000100000001000000010000000100000001000000010000000100000000000000010000000100000001000000010000000100000001000000010000000100000001000000010000000100000001000000010000000100000001000000010000000100000001000000010000000100000001000000010000000100000001000000010000000100000001000000010000000100000001011010110000000100000001011001000000000100000001000000010000000100000001000000010000000100000001010001110000000100000001001101100000000100000001010100010000000100000001011001010000000100000001001101100000000100000001001001110000000100000001001001100000000100000001010000000000000100000001011011000000000100000001010100010000000100000001001010100000000100000001010010100000000100000001000000010000000100000001000000010000000100000001000000010000000100000001000000010000000100000001000000010000000100000001000000010000000100000001000000010000000100000001000000010000000100000001000000010000000100000001000000010000000100000001000000010000000100000001000000010000000100000001000000010000000100000001000000010000000100000001000000010000000100000001000000010000000100000001000000010000000100000001000000010000000100000001000000010000000100000001000000010000000100000001000000010000000100000001000000010000000100000001000000010000000100000001000000010000000100000001000000010000000100000001000000010000000100000001000000010000000100000001000000010000000100000001000000010000000100000001000000010000000100000001000000010000000100000001000000010000000100000001000000010000000100000001000000010000000100000001000000010000000100000001000000010000000100000001000000010000000100000001000000010000000100000001000000010000000100000001000000010000000100000001000000010000000100000001000000010000000100000001000000010000000100000001000000010000000100000001000000010000000100000001000000010000000100000001000000010000000100000001000000010000000100000001000000010000000100000001000000010000000100000001000000010000000100000001000000010000000100000001000000010000000100000001000000010000000100000001000000010000000100000001000000010000000100000001000000010000000100000001000000010000000100000001000000010000000100000001000000010000000100000001011011100000000100000001011100100000000100000001011111000000000100000001000000010000000100000001000000010000000100000001000000010000000100000001000000010000000100000001000000010000000100000001000000010000000100000001000000010000000100000001000000010000000100000001000000010000000100000001000000010000000100000001000000010000000100000001011001110000000100000001010101000000000100000001011100100000000100000001010111100000000100000001010110000000000100000001011000100000000100000001011001010000000100000001011011010000000100000001011100000000000100000001011001100000000100000001011001000000000100000001011011000000000100000001000000010000000100000001011001110000000100000001010110110000000100000001011010000000000100000001011110110000000100000001011010110000000100000001011001110000000100000001011001110000000100000001010111110000000100000001011111000000000100000001010110110000000100000001011001100000000100000001000000010000000100000001011100110000000100000001011010010000000100000001011000110000000100000001010110010000000100000001010101010000000100000001011000110000000100000001011000100000000100000001010110110000000100000001010110010000000100000001010101000000000100000001010010110000000101111100010110110000000100000001011000010000000100000001010100010000000100000001010110000000000100000001010011110000000100000001011001000000000100000001011101010000000100000001011110100000000100000001011010000000000100000001010100100000000100000001011000110000000100000001011110000000000100000001000000010000000100000001011110100000000100000001000111010101100100110000001000010101011000101011001110010110010100111100001100110101101100110001001011010101001100101001001110100101111000110100001110010101110100110001001011110101011000101001001110000110000100110100001100100101101100101110001100010101101100110010001100010101101100110010001100100101101000110001001100010101100100110000001100010101100100110000001100010101100100110000001100100101101000110001001100100101101000110001001100100101101000110001001100100101101000110001001100100101101000110001001100100101101000110001001100100101101000110001001100100101101000110001001100100101101000110001001100100101101000110001001100100101101000110001001100100101101000110001001100100101101000110001001100100101101000110001001100100101101000110001001100100101101000110001001100100101101000110001001100100101101000110001001100100101101000110001001100100101101000110001001100100101101000110001001100100101101000110001001100100101101000110001001100100101101000110001001100100101101000110001001100100101101000110001001100100101101000110001001100100101101000110001001100100101101000110001001100100101101000110001001100100101101000110001001100100101101000110001001100100101101000110001001100100101101000110001001100100101101000110001001100100101101000110001001100100101101000110001001100100101101000110001001100100101101000110001001100100101101000110001001100100101101000110001001100100101101000110001001100100101101000110001001100100101101000110001001100100101101000110001001100100101101000110001001100100101101000110001001100100101101000110001001100100101101000110001001100100101101000110001001100010101100100110000001100100101101000110001001100100101101000110001001100110101101100110010001100110101101100110010001100100101101000110001001100100101101000110001001011110101100100110000001011100101101000110001001100000101110000110011001100010101100100110000001101010101101000110010001101010101100000110000001011100101001100101011001011100101100000101111001100000110000000110110000111100101100100101101001001110110111101000001011100110000000100000001011111000000000100000001011101010000000100000001011010000000000100000001010111100000000100000001011001000000000100000001011111010000000100000001011001010000000100000001010101110000000100000001011010010000000100000001011101100000000100000001011011010000000100000001011010000000000100000001011001110000000100000001010111100000000100000001011110110000000100000001010111000000000100000001011010000000000100000001000000010000000100000001011101100000000100000001011011000000000100000001011001100000000100000001010111000000000100000001010101110000000100000001011000010000000100000001011000000000000100000001010110010000000100000001010101100000000100000001010011010000000100000001010000100000000101111010010110000000000100000001010100110000000100000001010011100000000100000001010100010000000100000001010010110000000100000001011000010000000100000001011101000000000100000001011111000000000100000001011001110000000100000001011000000000000100000001011011100000000100000001011001010000000100000001000000010000000100000001011011010000000100000001011010010000000100000001010101110000000100000001011010010000000100000001011101100000000100000001011001010000000100000001011001010000000100000001010101010000000100000001010100000000000100000001011010000000000100000001000000010000000100000001011100010000000100000001010011100000000100000001010111100000000100000001011010010000000100000001010110010000000100000001010011110000000100000001011000100000000100000001011001110000000100000001010110110000000100000001011010100000000100000001011111010000000100000001000000010000000100000001000000010000000100000001000000010000000100000001000000010000000100000001000000010000000100000001000000010000000100000001000000010000000100000001000000010000000100000001000000010000000100000001000000010000000100000001000000010000000100000001000000010000000100000001011111110000000100000001011101000000000100000001000000010000000100000001000000010000000100000001000000010000000100000001000000010000000100000001000000010000000100000001000000010000000100000001000000010000000100000001000000010000000100000001000000010000000100000001000000010000000100000001000000010000000100000001000000010000000100000001000000010000000100000001000000010000000100000001000000010000000100000001000000010000000100000001000000010000000100000001000000010000000100000001000000010000000100000001000000010000000100000001000000010000000100000001000000010000000100000001000000010000000100000001000000010000000100000001000000010000000100000001000000010000000100000001000000010000000100000001000000010000000100000001000000010000000100000001000000010000000100000001000000010000000100000001000000010000000100000001000000010000000100000001000000010000000100000001000000010000000100000001000000010000000100000001000000010000000100000001000000010000000100000001000000010000000100000001000000010000000100000001000000010000000100000001000000010000000100000001000000010000000100000001000000010000000100000001000000010000000100000001000000010000000100000001000000010000000100000001000000010000000100000001000000010000000100000001000000010000000100000001000000010000000100000001000000010000000100000001000000010000000100000001000000010000000100000001000000010000000100000001000000010000000100000001000000010000000100000001000000010000000100000001000000010000000100000001000000010000000100000001000000010000000100000001000000010000000100000001000000010000000100000001000000010000000100000001000000010000000100000001000000010000000100000001000000010000000100000001000000010000000100000001000000000000000100000001000000010000000100000001000000010000000100000001000000010000000100000001000000010000000100000001000000010000000100000001000000010000000100000001000000010000000100000001000000010000000100000001000000010000000100000001000000010000000100000001000000010000000100000001000000010000000100000001000000010000000100000001000000010110111100000001000000010110001000000001000000010000000100000001000000010000000100000001000000010101001000000001000000010011110000000001000000010100010000000001000000010110101100000001000000010000000100000001000000010000000100000001000000010101101100000001000000010110110100000001000000010000000100000001000000010000000100000001000000010000000100000001000000010000000100000001000000010000000100000001000000010000000100000001000000010000000100000001000000010000000100000001000000010000000100000001000000010000000100000001000000010000000100000001000000010000000100000001000000010000000100000001000000010000000100000001000000010000000100000001000000010000000100000001000000010000000100000001000000010000000100000001000000010000000100000001000000010000000100000001000000010000000100000001000000010000000100000001000000010000000100000001000000010000000100000001000000010000000100000001000000010000000100000001000000010000000100000001000000010000000100000001000000010000000100000001000000010000000100000001000000010000000100000001000000010000000100000001000000010000000100000001000000010000000100000001000000010000000100000001000000010000000100000001000000010000000100000001000000010000000100000001000000010000000100000001000000010000000100000001000000010000000100000001000000010000000100000001000000010000000100000001000000010000000100000001000000010000000100000001000000010000000100000001000000010000000100000001000000010000000100000001000000010000000100000001000000010000000100000001000000010000000100000001000000010000000100000001000000010000000100000001000000010000000100000001000000010000000100000001000000010000000100000001000000010000000100000001000000010000000100000001000000010000000100000001000000010000000100000001000000010111110100000001000000010111010100000001000000010111101100000001000000010111111100000001000000010000000100000001000000010000000100000001000000010000000100000001000000010000000100000001000000010000000100000001000000010000000100000001000000010000000100000001000000010000000100000001000000010000000100000001000000010000000100000001000000010101110000000001000000010101100100000001000000010110011000000001000000010101001000000001000000010110001100000001000000010100011100000001000000010110001100000001000000010101101000000001000000010111000000000001000000010110110100000001000000010110101000000001000000010110100000000001000000010111101100000001000000010111100000000001000000010101011000000001000000010101111000000001000000010110100000000001000000010110111100000001000000010111100100000001000000010111001100000001000000010101111100000001000000010110101000000001000000010100011100000001011111110101000000000001000000010110101000000001000000010101110000000001000000010110000000000001000000010110101000000001000000010101011000000001000000010101001000000001000000010101110100000001000000010110001100000001000000010101111100000001000000010110011100000001000000010111100000000001000000010111100100000001000000010111001100000001000000010101101000000001000000010101110000000001000000010100111100000001000000010101000100000001000000010110010100000001000000010111010000000001000000010110111000000001000000010100111000000001000000010101111000000001000000010101011100000001000000010101111000000001000000010111000100000001000000010011000001110101010010100001110001010100001010110011011001100110001111000010110001010110001011010011010101011010001100100011100101011101001100110011011001011010001100000011001101011010001011010011010101011100001011110011010001011101001100000011000001011011001011100011001101011011001100100011001001011010001100010011001001011010001100010011001001011010001100010011000101011001001100000011000101011001001100000011001001011010001100010011001001011010001100010011001101011011001100100011001101011011001100100011001101011011001100100011001001011010001100010011001001011010001100010011001001011010001100010011001001011010001100010011001001011010001100010011001001011010001100010011001001011010001100010011001001011010001100010011001001011010001100010011001001011010001100010011001001011010001100010011001001011010001100010011001001011010001100010011001001011010001100010011001001011010001100010011001001011010001100010011001001011010001100010011001001011010001100010011001001011010001100010011001001011010001100010011001001011010001100010011001001011010001100010011001001011010001100010011001001011010001100010011001001011010001100010011001001011010001100010011001001011010001100010011001001011010001100010011001001011010001100010011001001011010001100010011001001011010001100010011001001011010001100010011001001011010001100010011001001011010001100010011001001011010001100010011001001011010001100010011001001011010001100010011001001011010001100010011001001011010001100010011001001011010001100010011001001011010001100010011001001011010001100010011001001011010001100010011001001011010001100010011001001011010001100010011001001011010001100010011001001011010001100010011001001011010001100010011001001011010001100010011001001011010001100010011001001011010001100010011001001011010001100010011000001011010001100010010111001011010001100010010110001011000001011110011011001011110001101010011000101010110001011100011100101011100001101000011010101011000001100000011001001010111001011110011000101011101001101000010000101010111001011000001100101011010001011010101000100000001011100000110111000000001000000010111101100000001000000010110101100000001000000010110110000000001000000010110110100000001000000010111010100000001000000010111110000000001000000010101101000000001000000010101010000000001000000010110001100000001000000010110110000000001000000010111101100000001000000010111000000000001000000010110010000000001000000010110100000000001000000010100100000000001011111110100111100000001000000010110110100000001000000010101101000000001000000010110001000000001000000010110111000000001000000010101011100000001000000010101001100000001000000010101101100000001000000010110010100000001000000010101101000000001000000010110111000000001000000010110110000000001000000010111011100000001000000010110101000000001000000010101110100000001000000010100111000000001000000010101011100000001000000010101000000000001000000010110001000000001000000010111011100000001000000010111001000000001000000010101110100000001000000010101100000000001000000010100111000000001000000010101011100000001000000010101111100000001000000010111110000000001000000010110101100000001000000010110110000000001000000010101100000000001000000010110010000000001000000010110011100000001000000010110111100000001000000010110010100000001000000010110001000000001000000010111011100000001000000010110111100000001000000010101101000000001000000010110000000000001000000010111001000000001000000010110101000000001000000010101010000000001000000010100100000000001000000010100011000000001000000010101111000000001000000010110001100000001000000010110001100000001000000010000000100000001000000010000000100000001000000010000000100000001000000010000000100000001000000010000000100000001000000010000000100000001000000010000000100000001000000010000000100000001000000010000000100000001000000010111100000000001000000010000000100000001000000010000000100000001000000010111110100000001000000010000000100000001000000010110110000000001000000010000000100000001000000010000000100000001000000010000000100000001000000010000000100000001000000010000000100000001000000010000000100000001000000010000000100000001000000010000000100000001000000010000000100000001000000010000000100000001000000010000000100000001000000010000000100000001000000010000000100000001000000010000000100000001000000010000000100000001000000010000000100000001000000010000000100000001000000010000000100000001000000010000000100000001000000010000000100000001000000010000000100000001000000010000000100000001000000010000000100000001000000010000000100000001000000010000000100000001000000010000000100000001000000010000000100000001000000010000000100000001000000010000000100000001000000010000000100000001000000010000000100000001000000010000000100000001000000010000000100000001000000010000000100000001000000010000000100000001000000010000000100000001000000010000000100000001000000010000000100000001000000010000000100000001000000010000000100000001000000010000000100000001000000010000000100000001000000010000000100000001000000010000000100000001000000010000000100000001000000010000000100000001000000010000000100000001000000010000000100000001000000010000000100000001000000010000000100000001000000010000000100000001000000010000000100000001000000010000000100000001000000010000000100000001000000010000000100000001000000010000000100000001000000010000000100000001000000010000000100000001000000010000000100000001000000010000000100000001000000010000000100000001000000010000000100000001000000010000000100000001000000010000000100000001000000010000000100000001000000010000000100000001000000010000000100000001000000010000000100000001000000010000000000000001000000010000000100000001000000010000000100000001000000010000000100000001000000010000000100000001000000010000000100000001000000010000000100000001000000010000000100000001000000010000000100000001000000010000000100000001000000010000000100000001000000010000000100000001000000010000000100000001000000010000000100000001000000010000000100000001000000010000000100000001000000010000000100000001000000010000000100000001000000010000000101011110000000010000000101001010000000010000000101010101000000010000000101111101000000010000000100000001000000010000000100000001000000010000000101111110000000010000000100000001000000010000000100000001000000010000000100000001000000010000000100000001000000010000000100000001000000010000000100000001000000010000000100000001000000010000000100000001000000010000000100000001000000010000000100000001000000010000000100000001000000010000000100000001000000010000000100000001000000010000000100000001000000010000000100000001000000010000000100000001000000010000000100000001000000010000000100000001000000010000000100000001000000010000000100000001000000010000000100000001000000010000000100000001000000010000000100000001000000010000000100000001000000010000000100000001000000010000000100000001000000010000000100000001000000010000000100000001000000010000000100000001000000010000000100000001000000010000000100000001000000010000000100000001000000010000000100000001000000010000000100000001000000010000000100000001000000010000000100000001000000010000000100000001000000010000000100000001000000010000000100000001000000010000000100000001000000010000000100000001000000010000000100000001000000010000000100000001000000010111111100000001000000010111110100000001000000010111011000000001000000010000000100000001000000010111111100000001000000010000000100000001000000010111001000000001000000010110111000000001000000010111110000000001000000010111000101111111000000010101110100000001000000010111101000000001000000010111111100000001000000010000000100000001000000010000000100000001000000010000000100000001000000010000000100000001000000010000000100000001000000010000000100000001000000010000000101110010000000010000000101100011000000010111010101011111000000010110111000000001000000010000000100000001000000010000000100000001000000010000000100000001000000010000000100000001000000010000000100000001000000010000000100000001000000010000000100000001000000010000000100000001000000010000000100000001000000010000000101110110000000010000000101010101000000010000000100111010000000010111001101010000000000010000000101100110000000010000000101011010000000010000000101011100000000010000000101100101000000010000000101110010000000010000000101101011000000010000000101101110000000010000000101101011000000010000000101100011000000010000000101011110000000010000000101010100000000010000000101011001000000010000000101011111000000010000000101110001000000010000000101110001000000010000000101100101000000010000000101110011000000010000000101111010000000010000000101100001000000010000000101010101000000010000000101010101000000010000000101010101000000010000000101101011000000010000000101111011000000010000000101011011000000010000000101100111000000010000000101111001000000010000000101110011000000010000000101011100000000010000000101100010000000010000000100000001000000010000000100000001000000010000000101110100000000010000000101101010000000010000000101100000000000010000000101100000000000010000000101100001000000010000000101011000000000010000000101011000000000010000000101010110000000010000000101001100000000010000000101011101000000010000000101100101000000010000000101110000000000010000000101000000000000010110000000011011010110010011000100110000011001000011110000100100010100000010100100110000010110000010111100110100010110010011000100110100010110010011000100110001010101110010110100110010010110000010111000110011010111000010111100110001010111000010111100101110010110010010111000110010010110100011000100110010010110100011000100110010010110100011000100110010010110100011000100110001010110010011000000110001010110010011000000110001010110010011000000110001010110010011000000110011010110110011001000110010010110100011000100110010010110100011000100110010010110100011000100110010010110100011000100110011010110110011001000110011010110110011001000110100010111000011001100110010010110100011000100110010010110100011000100110010010110100011000100110010010110100011000100110010010110100011000100110010010110100011000100110010010110100011000100110010010110100011000100110010010110100011000100110010010110100011000100110010010110100011000100110010010110100011000100110010010110100011000100110010010110100011000100110010010110100011000100110010010110100011000100110010010110100011000100110010010110100011000100110010010110100011000100110010010110100011000100110010010110100011000100110010010110100011000100110010010110100011000100110010010110100011000100110010010110100011000100110010010110100011000100110010010110100011000100110010010110100011000100110010010110100011000100110010010110100011000100110010010110100011000100110010010110100011000100110010010110100011000100110010010110100011000100110010010110100011000100110010010110100011000100110010010110100011000100110010010110100011000100110010010110100011000100110010010110100011000100110010010110100011000100110010010110100011000100110010010110100011000100110010010110100011000100110010010110100011000100110010010110100011000100110010010110100011000100110000010110100011000100101110010110100011000100101101010110010011000000110010010111000011001100110010010101110010111100111000010110110011001100110111010110010011000100110011010101100010111000110011010111010011010000101001010110110011000100011101010110100010111000100111011100000100001001111110000000010000000101111000000000010000000101110111000000010000000101101001000000010000000101101010000000010000000101011100000000010000000101011001000000010000000101010110000000010000000101010101000000010000000101100101000000010000000101110000000000010000000101110011000000010000000101100001000000010000000101101111000000010000000101111011000000010000000101100111000000010000000101010011000000010000000101010110000000010000000101010111000000010000000101101110000000010000000101110100000000010000000101011010000000010000000101101111000000010000000101110100000000010000000101110101000000010000000101011000000000010000000101011101000000010000000101111010000000010000000100000001000000010000000101101010000000010000000101100111000000010000000101011011000000010000000101100011000000010000000101100000000000010000000101011011000000010000000101010111000000010000000101011001000000010000000101010010000000010000000101011011000000010000000101011110000000010000000101100000000000010000000101100011000000010000000101101110000000010000000101011111000000010000000101010010000000010000000100110111000000010111000100111010000000010111010001011100000000010000000101111010000000010000000101101000000000010000000101011011000000010000000101011101000000010000000101100100000000010000000101111100000000010000000101111010000000010000000101100100000000010000000101010110000000010000000101011100000000010000000101001111000000010000000101000010000000010111101001001011000000010000000101101111000000010000000101101010000000010000000101111110000000010000000100000001000000010000000100000001000000010000000100000001000000010000000100000001000000010000000100000001000000010000000100000001000000010000000100000001000000010000000100000001000000010000000100000001000000010000000101110001000000010000000100000001000000010000000101111110000000010000000101110011000000010000000100000001000000010000000100000001000000010000000100000001000000010000000100000001000000010000000100000001000000010000000100000001000000010000000100000001000000010000000100000001000000010000000100000001000000010000000100000001000000010000000100000001000000010000000100000001000000010000000100000001000000010000000100000001000000010000000100000001000000010000000100000001000000010000000100000001000000010000000100000001000000010000000100000001000000010000000100000001000000010000000100000001000000010000000100000001000000010000000100000001000000010000000100000001000000010000000100000001000000010000000100000001000000010000000100000001000000010000000100000001000000010000000100000001000000010000000100000001000000010000000100000001000000010000000100000001000000010000000100000001000000010000000100000001000000010000000100000001000000010000000100000001000000010000000100000001000000010000000100000001000000010000000100000001000000010000000100000001000000010000000100000001000000010000000100000001000000010000000100000001000000010000000100000001000000010000000100000001000000010000000100000001000000010000000100000001000000010000000100000001000000010000000100000001000000010000000100000001000000010000000100000001000000010000000100000001000000010000000100000001000000010000000100000001000000010000000100000001000000010000000100000001000000010000000100000001000000010000000100000001000000010000000100000001000000010000000100000001000000010000000100000001000000010000000100000001000000010000000100000001000000010000000100000001000000010000000100000001000000010000000100000001000000010000000100000001000000010000000100000001000000010000000100000001000000010000000100000000000000010000000100000001000000010000000100000001000000010000000100000001000000010000000100000001000000010000000100000001000000010000000100000001000000010000000100000001000000010000000100000001000000010000000100000001000000010000000100000001000000010000000100000001000000010000000100000001000000010000000100000001000000010000000100000001010111000000000100000001010100110000000100000001000000010000000100000001000000010000000100000001010100110000000100000001001111000000000100000001001111100000000100000001010111100000000100000001000000010000000100000001011111110000000100000001001111000000000100000001010100010000000100000001000000010000000100000001000000010000000100000001000000010000000100000001000000010000000100000001000000010000000100000001000000010000000100000001000000010000000100000001000000010000000100000001000000010000000100000001000000010000000100000001000000010000000100000001000000010000000100000001000000010000000100000001000000010000000100000001000000010000000100000001000000010000000100000001000000010000000100000001000000010000000100000001000000010000000100000001000000010000000100000001000000010000000100000001000000010000000100000001000000010000000100000001000000010000000100000001000000010000000100000001000000010000000100000001000000010000000100000001000000010000000100000001000000010000000100000001000000010000000100000001000000010000000100000001000000010000000100000001000000010000000100000001000000010000000100000001000000010000000100000001000000010000000100000001000000010000000100000001000000010000000100000001000000010000000101101011011101000111110101000100000000010000000101100101011111000000000101010001000000010000000101101000011100000000000101000111000000010000000101111000000000010000000101100001000000010000000101111001000000010000000101111110000000010000000101101101000000010000000101010111000000010000000101010001000000010000000100000001000000010000000101110100000000010000000101101001011111100000000101010011000000010000000100000001011111110000000101011101000000010000000100000001000000010000000101110100011111010000000101110101000000010000000101111111000000010000000100000001000000010000000100000001000000010000000100000001000000010000000100000001000000010000000100000001000000010000000100000001000000010000000100000001000000010000000100000001000000010000000100000001000000010000000100000001000000010000000100000001000000010000000100000001011001010000000100000001011000010000000100000001010101110000000100000001010001010000000101111110010100100000000100000001010110010000000100000001011010000000000100000001011010110000000100000001011101010000000100000001011011110000000100000001011010010000000100000001010111010000000100000001010101110000000100000001010110110000000100000001010111010000000100000001011110010000000100000001011110100000000100000001011010100000000100000001011100010000000100000001011000010000000100000001010111000000000100000001000000010000000100000001000000010000000100000001000000010000000100000001011110000000000100000001011000010000000100000001010111110000000100000001011011000000000100000001011011000000000100000001011000000000000100000001011001010000000100000001011011010000000100000001011011100000000100000001011001000000000100000001011001010000000100000001011010110000000100000001011010010000000100000001010101010000000100000001011100100000000100000001011001010000000100000001010111010000000100000001011000100000000100000001010111010000000100000001010101010000000100000001010011010000000100000001011111010000000100000001011011010000000100000001000000010000000100000001011011010000000100000001000111000110000000110111001001010101111000110111001000100101010000101100001101100110001000111011001100110101101000110100001101010101101000110010001100110101100000110000001011110101011100101110001100010101100100110000001100100101110100110010001100100101110100110010001011100101100100101110001100010101100100110000001101000101100100110011001101000101100100110011001101000101100100110011001101000101100100110011001100110101100000110010001100110101100000110010001100110101100000110010001101000101100100110011001100110101100000110010001100010101100000110010001100010101100000110010001100100101100100110011001100110101101000110100001101000101101100110101001101000101101100110101001100100101101000110001001100100101101000110001001100100101101000110001001100100101101000110001001100100101101000110001001100100101101000110001001100100101101000110001001100100101101000110001001100100101101000110001001100100101101000110001001100100101101000110001001100100101101000110001001100100101101000110001001100100101101000110001001100100101101000110001001100100101101000110001001100100101101000110001001100100101101000110001001100100101101000110001001100100101101000110001001100100101101000110001001100100101101000110001001100100101101000110001001100100101101000110001001100100101101000110001001100100101101000110001001100100101101000110001001100100101101000110001001100100101101000110001001100100101101000110001001100100101101000110001001100100101101000110001001100100101101000110001001100100101101000110001001100100101101000110001001100100101101000110001001100100101101000110001001100100101101000110001001100100101101000110001001100100101101000110001001100100101101000110001001100100101101000110001001100100101101000110001001100100101101000110001001100100101101000110001001100100101101000110001001100100101101000110001001100000101101000110001001011100101101000110011001011100101101000110011001100000101101000110001001101000101100100110001001101100101100100110001001110010101101100110011001100110101010100101100001101110101110100110011001011100101110000110001001010000101111100110010000110000101101100101110011000100000000100000001000000010000000100000001011101010000000100000001011001110000000100000001010111000000000100000001010111100000000100000001010110010000000100000001011101110000000100000001011101100000000100000001011100000000000100000001011011000000000100000001011000000000000100000001010110010000000100000001000000010000000100000001000000010000000100000001000000010000000100000001011101110000000100000001011000110000000100000001010111010000000100000001011011100000000100000001011011000000000100000001010111100000000100000001011010100000000100000001011010010000000100000001011011010000000100000001011001000000000100000001011000010000000100000001011010100000000100000001011001100000000100000001010111100000000100000001011010000000000100000001011000000000000100000001010111100000000100000001011001000000000100000001010110110000000100000001010010010000000100000001010110100000000100000001011000110000000100000001011011100000000100000001000000010000000100000001000000010000000100000001011100000000000100000001010110000000000100000001010111100000000100000001011001100000000100000001010100100000000100000001010100100000000100000001011011100000000100000001011100010000000100000001010110010000000100000001011000010000000100000001010101100000000100000001010111010000000100000001011111010000000100000001011001010000000100000001010011010000000100000001010100100000000100000001010100000000000100000001010000000000000101111010010001110000000100000001010100010000000100000001011010100000000100000001011111110000000100000001000000010000000100000001000000010000000100000001000000010000000100000001000000010000000100000001000000010000000100000001000000010000000100000001000000010000000100000001000000010000000100000001000000010000000100000001000000010000000100000001000000010000000100000001011111010000000100000001011010110000000100000001011001110000000100000001000000010000000100000001000000010000000100000001000000010000000100000001000000010000000100000001000000010000000100000001000000010000000100000001000000010000000100000001000000010000000100000001000000010000000100000001000000010000000100000001000000010000000100000001000000010000000100000001000000010000000100000001000000010000000100000001000000010000000100000001000000010000000100000001000000010000000100000001000000010000000100000001000000010000000100000001000000010000000100000001000000010000000100000001000000010000000100000001000000010000000100000001000000010000000100000001000000010000000100000001000000010000000100000001000000010000000100000001000000010000000100000001000000010000000100000001000000010000000100000001000000010000000100000001000000010000000100000001000000010000000100000001000000010000000100000001000000010000000100000001000000010000000100000001000000010000000100000001000000010000000100000001000000010000000100000001000000010000000100000001000000010000000100000001000000010000000100000001000000010000000100000001000000010000000100000001000000010000000100000001000000010000000100000001000000010000000100000001000000010000000100000001000000010000000100000001000000010000000100000001000000010000000100000001000000010000000100000001000000010000000100000001000000010000000100000001000000010000000100000001000000010000000100000001000000010000000100000001000000010000000100000001000000010000000100000001000000010000000100000001000000010000000100000001000000010000000100000001000000010000000100000001000000010000000100000001000000010000000100000001000000010000000100000001000000010000000100000001000000010000000100000001000000010000000100000001000000000000000100000001000000010000000100000001000000010000000100000001000000010000000100000001000000010000000100000001000000010000000100000001000000010000000100000001000000010000000100000001000000010000000100000001000000010000000100000001000000010110111100000001000000010111000100000001000000010000000100000001000000010000000100000001000000010100110000000001000000010100001100000001000000010101111100000001000000010111011000000001000000010100001000000001000000010011001000000001000000010010111000000001000000010100000100000001000000010110111100000001000000010101010100000001000000010010100000000001000000010100011100000001000000010000000100000001000000010000000100000001000000010000000100000001000000010000000100000001000000010000000100000001000000010000000100000001000000010000000100000001000000010000000100000001000000010000000100000001000000010000000100000001000000010000000100000001000000010000000100000001000000010000000100000001000000010000000100000001000000010000000100000001000000010000000100000001000000010000000100000001000000010000000100000001000000010000000100000001000000010000000100000001000000010000000100000001000000010000000100000001000000010000000100000001000000010000000100000001000000010000000100000001000000010000000100000001000000010000000100000001000000010000000100000001000000010000000100000001000000010000000100000001000000010000000100000001000000010000000100000001000000010000000100000001011111010111110100000001010101000110110001111010010000000000000100000001000000010000000100000001000000010000000100000001010101000000000100000001010101010111101000000001010000010000000100000001010101010000000100000001011100010000000100000001000000010000000100000001010111000111100000000001010000100000000100000001010101100110110000000001001101010000000100000001000000010000000100000001000000010000000100000001010110100000000100000001010101110111001100000001001110100111110000000001010001010000000100000001000000010000000100000001000000010111111000000001010011000111011100000001010010000111011100000001010011000110010000000001010000100000000100000001000000010000000100000001000000010110110000000001010111100000000100000001011101110000000100000001000000010000000100000001000000010000000100000001000000010000000100000001000000010000000100000001000000010000000100000001000000010000000100000001000000010000000100000001000000010000000100000001000000010111101100000001000000010111100000000001000000010101101100000001000000010110001000000001000000010101001000000001000000010101011100000001000000010110110000000001000000010111100100000001000000010000000100000001000000010000000100000001000000010110111100000001000000010110100000000001000000010101011000000001000000010110100000000001000000010110101100000001000000010111101000000001000000010000000100000001000000010111101100000001000000010110011000000001000000010111001100000001000000010110011100000001000000010110011000000001000000010111011000000001000000010101110100000001000000010111011100000001000000010111111100000001000000010110010100000001000000010110101000000001000000010110111000000001000000010110011000000001000000010110101100000001000000010101101100000001000000010100010100000001011110100100111000000001000000010110111100000001000000010111011000000001000000010110000000000001000000010100111100000001000000010110000000000001000000010110100100000001000000010101011100000001000000010101111000000001000000010110100100000001000000010110011100000001000000010110000000000001000000010110101100000001000000010111001000000001000000010000000100000001000000010111111000000001000000010010100001110000010001100001100101010111001011110001110101010010001010110010111101011100001101010010101001010011001011010011001101011010001101000011001101011010001101000011001001011010001100010011000001011000001011110010111101011001001100000011000101011011001100100011000101011011001100100011000001011000001011110011001101011000001100100011001101011000001100100011010001011001001100110011010001011001001100110011010001011001001100110011010001011001001100110011001101011000001100100011001101011000001100100011001101011000001100100011001101011000001100100011000101011000001100100011000001010111001100010011000101011000001100100011001001011001001100110011001001011001001100110011001101011010001101000011001001011010001100010011001001011010001100010011001001011010001100010011001001011010001100010011001001011010001100010011001001011010001100010011001001011010001100010011001001011010001100010011001001011010001100010011001001011010001100010011001001011010001100010011001001011010001100010011001001011010001100010011001001011010001100010011001001011010001100010011001001011010001100010011001001011010001100010011001001011010001100010011001001011010001100010011001001011010001100010011001001011010001100010011001001011010001100010011001001011010001100010011001001011010001100010011001001011010001100010011001001011010001100010011001001011010001100010011001001011010001100010011001001011010001100010011001001011010001100010011001001011010001100010011001001011010001100010011001001011010001100010011001001011010001100010011001001011010001100010011001001011010001100010011001001011010001100010011001001011010001100010011001001011010001100010011001001011010001100010011001001011010001100010011001001011010001100010011001001011010001100010011001001011010001100010011001001011010001100010011001001011010001100010011001001011010001100010011000001011010001100010010111001011010001100110010111101011011001101000010111101011001001100000011010101011010001100100011010001010111001011110011101001011100001101000011001001010100001010110011100101011101001100110010110101011000001011010010101101011110001100100001111101011100001100000011001101111100010011100000000100000001000000010110111000000001000000010110001000000001000000010110001000000001000000010111110000000001000000010000000100000001000000010000000100000001000000010111110100000001000000010110100100000001000000010111000100000001000000010110101000000001000000010110101100000001000000010111110000000001000000010101110000000001000000010111011000000001000000010111111000000001000000010110100100000001000000010110010100000001000000010111000000000001000000010110101000000001000000010110100100000001000000010101010100000001000000010100010100000001011111000100100000000001011111110110111000000001000000010111100000000001000000010101101000000001000000010101000000000001000000010110010000000001000000010110011000000001000000010101101100000001000000010101000100000001000000010110001100000001000000010110101100000001000000010101110100000001000000010110101100000001000000010110101100000001000000010000000100000001000000010000000100000001000000010111101000000001000000010110010100000001000000010110001100000001000000010111110000000001000000010000000100000001000000010111110000000001000000010000000100000001000000010000000100000001000000010111010100000001000000010110011000000001000000010111100100000001000000010101001100000001000000010100001000000001011111010111000000000001000000010110000100000001000000010101011000000001000000010101100000000001000000010101010000000001000000010101001100000001000000010110000000000001000000010101110100000001000000010110101100000001000000010000000100000001000000010000000100000001000000010000000100000001000000010000000100000001000000010000000100000001000000010000000100000001000000010000000100000001000000010000000100000001000000010000000100000001000000010000000100000001000000010000000100000001000000010000000100000001000000010000000100000001000000010110101000000001000000010111010100000001000000010000000100000001000000010110010100000001000000010000000100000001000000010000000100000001000000010000000100000001000000010000000100000001000000010000000100000001000000010000000100000001000000010000000100000001000000010000000100000001000000010000000100000001000000010000000100000001000000010000000100000001000000010000000100000001000000010000000100000001000000010000000100000001000000010000000100000001000000010000000100000001000000010000000100000001000000010000000100000001000000010000000100000001000000010000000100000001000000010000000100000001000000010000000100000001000000010000000100000001000000010000000100000001000000010000000100000001000000010000000100000001000000010000000100000001000000010000000100000001000000010000000100000001000000010000000100000001000000010000000100000001000000010000000100000001000000010000000100000001000000010000000100000001000000010000000100000001000000010000000100000001000000010000000100000001000000010000000100000001000000010000000100000001000000010000000100000001000000010000000100000001000000010000000100000001000000010000000100000001000000010000000100000001000000010000000100000001000000010000000100000001000000010000000100000001000000010000000100000001000000010000000100000001000000010000000100000001000000010000000100000001011110110000000100000001000000010000000100000001000000010000000100000001000000010000000100000001000000010000000100000001000000010000000100000001000000010000000100000001000000010000000100000001000000010000000100000001000000010000000100000001000000010000000100000001000000010000000100000001000000010000000100000001000000010000000100000001000000010000000100000001000000010000000100000001000000010000000000000001000000010000000100000001000000010000000100000001000000010000000100000001000000010000000100000001000000010000000100000001000000010000000100000001000000010000000100000001000000010000000100000001000000010000000100000001000000010000000101110101000000010000000101111011000000010000000100000001000000010000000100000001000000010000000101010001000000010000000101000100000000010000000101011000000000010000000101101011000000010000000100110111000000010000000100101001000000010000000100101011000000010000000101000001000000010000000101101011000000010000000101010100000000010000000100101111000000010000000101001101000000010000000100000001000000010000000100000001000000010000000100000001000000010000000100000001000000010000000100000001000000010000000100000001000000010000000100000001000000010000000100000001000000010000000100000001000000010000000100000001000000010000000100000001000000010000000100000001000000010000000100000001000000010000000100000001000000010000000100000001000000010000000100000001000000010000000100000001000000010000000100000001000000010000000100000001000000010000000100000001000000010000000100000001000000010000000100000001000000010000000100000001000000010000000100000001000000010000000100000001000000010000000100000001000000010000000100000001000000010000000100000001000000010000000100000001000000010000000100000001000000010000000100000001000000010000000100000001000000010110011000000001000000010110110000000001000000010110011000000001000000010100111100000001000000010000000100000001000000010000000101110100000000010011011100000001000000010100110001110100000000010011011001101110000000010011000000000001000000010000000100000001000000010111010100000001000000010101011101110010000000010011010101101101000000010011000000000001000000010100101000000001000000010111011000000001000000010111011100000001000000010110001101111100000000010011110101100110011110100010011101111010000000010011111000000001000000010111110000000001000000010000000101101111000000010011010000000001000000010101010101100100011110100010110001111111000000010100111100000001000000010000000100000001000000010000000100000001000000010110100001100001000000010100010100000001000000010111001000000001000000010111110100000001000000010000000100000001000000010000000100000001000000010000000100000001000000010000000100000001000000010000000100000001000000010000000100000001000000010000000101111101000000010000000101111000000000010000000100000001000000010000000101111011000000010000000101101110000000010000000101101000000000010000000101110010000000010000000101110110000000010000000100000001000000010000000100000001000000010000000101110101000000010000000101100100000000010000000101011101000000010000000101111010000000010000000101111000000000010000000100000001000000010000000101111000000000010000000101011001000000010000000101011010000000010000000101110001000000010000000101100110000000010000000101011000000000010000000101011011000000010000000101000101000000010111110101101101000000010000000101111100000000010000000101101010000000010000000101110111000000010000000101110011000000010000000101100010000000010000000101110111000000010000000101111100000000010000000101100001000000010000000101011101000000010000000100000001000000010000000100000001000000010000000101100011000000010000000101010011000000010000000101100000000000010000000101010110000000010000000101011010000000010000000101110001000000010000000100000001000000010000000100000001000000010000000101110001000000010000000101110001000000010000000101100011000000010000000100000001000000010000000100101110011101100100101100100000011000000011011000011111010101110010111000110101011001000011110100110010010111100011011100110010010110010011001100110000010101110011000100110010010110010011001100110011010110100011010000101111010110000011001000110000010101110011000100101111010101100011000000101111010101100011000000110001010101100011000000110010010101110011000100110100010101100011000100110100010101100011000100110100010101100011000100110100010101100011000100110100010101100011000100110100010101100011000100110100010101100011000100110011010110000011001000110011010110000011001000110011010110000011001000110011010110000011001000110011010110000011001000110011010110000011001000110100010110010011001100110100010110010011001100110010010110100011000100110010010110100011000100110010010110100011000100110010010110100011000100110010010110100011000100110010010110100011000100110010010110100011000100110010010110100011000100110010010110100011000100110010010110100011000100110010010110100011000100110010010110100011000100110010010110100011000100110010010110100011000100110010010110100011000100110010010110100011000100110010010110100011000100110010010110100011000100110010010110100011000100110010010110100011000100110010010110100011000100110010010110100011000100110010010110100011000100110010010110100011000100110010010110100011000100110010010110100011000100110010010110100011000100110010010110100011000100110010010110100011000100110010010110100011000100110010010110100011000100110010010110100011000100110010010110100011000100110010010110100011000100110010010110100011000100110010010110100011000100110010010110100011000100110010010110100011000100110010010110100011000100110010010110100011000100110010010110100011000100110010010110100011000100110010010110100011000100110010010110100011000100110010010110100011000100110010010110100011000100110010010110100011000100110000010110100011000100101110010110100011001100101111010110110011010000101110010101110011000100110101010110100011010000110100010101110010111100111010010111000011010000110010010101000010101100111000010111000011001000101110010101100010110000101011010110010010111000011111010101110010110000100010011001010011100001110000000000010000000100000001000000010000000101101101000000010000000101111110000000010000000101111010000000010000000100000001000000010000000101110110000000010000000101011101000000010000000101010101000000010000000101110000000000010000000101100011000000010000000101010101000000010000000101010100000000010000000101000010000000010111110001101111000000010000000101110111000000010000000101101100000000010000000101110110000000010000000101110100000000010000000101011011000000010000000101111000000000010000000101110111000000010000000101100000000000010000000101011000000000010000000100000001000000010000000100000001000000010000000101100000000000010000000101010101000000010000000101100001000000010000000101011000000000010000000101011101000000010000000101101010000000010000000100000001000000010000000100000001000000010000000101110011000000010000000101101010000000010000000101011110000000010000000101110010000000010000000101111001000000010000000101111111000000010000000101110100000000010000000101101100000000010000000101101101000000010000000101101000000000010000000101111000000000010000000100000001000000010000000100000001000000010000000101110011000000010000000101101000000000010000000101101100000000010000000101010110000000010000000101100001000000010000000100000001000000010000000101110011000000010000000101101011000000010000000101101101000000010000000101111110000000010000000101111011000000010000000101100101000000010000000101101001000000010000000101110010000000010000000100000001000000010000000100000001000000010000000100000001000000010000000100000001000000010000000100000001000000010000000100000001000000010000000100000001000000010000000100000001000000010000000100000001000000010000000100000001000000010000000100000001000000010000000100000001000000010000000100000001000000010000000100000001000000010000000101011111000000010000000101110000000000010000000101010100000000010000000100000001000000010000000100000001000000010000000100000001000000010000000100000001000000010000000100000001000000010000000100000001000000010000000100000001000000010000000100000001000000010000000100000001000000010000000100000001000000010000000100000001000000010000000100000001000000010000000100000001000000010000000100000001000000010000000100000001000000010000000100000001000000010000000100000001000000010000000100000001000000010000000100000001000000010000000100000001000000010000000100000001000000010000000100000001000000010000000100000001000000010000000100000001000000010000000100000001000000010000000100000001000000010000000100000001000000010000000100000001000000010000000100000001000000010000000100000001000000010000000100000001000000010000000100000001000000010000000100000001000000010000000100000001000000010000000100000001000000010000000100000001000000010000000100000001000000010000000100000001000000010000000100000001000000010000000100000001000000010000000100000001000000010000000100000001000000010000000100000001000000010000000100000001000000010000000100000001000000010000000100000001000000010000000100000001000000010000000100000001000000010000000100000001000000010000000100000001000000010000000100000001000000010111110100000001000000010000000100000001000000010000000100000001000000010000000100000001000000010000000100000001000000010000000100000001000000010000000100000001000000010000000100000001000000010000000100000001000000010000000100000001000000010000000100000001000000010000000100000001000000010000000100000001000000010000000100000001000000010000000100000001000000010000000100000001000000010000000100000000000000010000000100000001000000010000000100000001000000010000000100000001000000010000000100000001000000010000000100000001000000010000000100000001000000010000000100000001000000010000000100000001000000010000000100000001000000010000000100000001000000010000000100000001000000010000000100000001000000010000000100000001000000010000000100000001011000010000000100000001010101000000000100000001011111000000000100000001011011100000000100000001001111110000000100000001001011010000000100000001001110000000000100000001010110110000000100000001011110100000000100000001011111000000000100000001010000010000000100000001010110100000000100000001000000010000000100000001000000010000000100000001000000010000000100000001000000010000000100000001000000010000000100000001000000010000000100000001000000010000000100000001000000010000000100000001000000010000000100000001000000010000000100000001000000010000000100000001000000010000000100000001000000010000000100000001000000010000000100000001000000010000000100000001000000010000000100000001000000010000000100000001000000010000000100000001000000010000000100000001000000010000000100000001000000010000000100000001000000010000000100000001000000010000000100000001000000010000000100000001000000010000000100000001000000010000000100000001000000010000000100000001000000010000000100000001000000010000000101101001000000010000000100000001000000010000000100000001000000010000000100000001000000010000000100000001000000010000000101001000011011110000000100110001000000010000000101101010000000010000000101011010000000010000000101100010000000010000000100000001011000000111001000011111000000010000000101011111000000010000000101111000000000010000000101111011000000010000000101110100010110000111000000011000000000010000000101001111011001110111101000100011000000010000000100000001000000010000000100000001010111100111000100011100000000010000000101111100000000010000000101010100011101100000000100111000000000010000000101010011000000010000000100000001000000010000000101100111011111000000000100111011000000010000000101000001000000010000000101011111011011010000000100111000000000010000000101011101000000010000000101101100000000010000000101110001011011010000000101000100011011000111111001000011000000010000000100000001000000010000000100000001000000010000000100000001000000010000000100000001000000010000000100000001000000010000000100000001000000010000000100000001000000010000000100000001000000010000000100000001000000010000000100000001011111100000000100000001011100110000000100000001011101110000000100000001011000110000000100000001011101010000000100000001011101000000000100000001011110100000000100000001011110010000000100000001011011100000000100000001011110110000000100000001011110100000000100000001011110000000000100000001011110110000000100000001010110010000000100000001010101100000000100000001011001000000000100000001011001100000000100000001010111110000000100000001011000110000000100000001011000100000000100000001010100010000000100000001011010010000000100000001011010000000000100000001011001100000000100000001011110110000000100000001011010010000000100000001010011000000000100000001011011100000000100000001000000010000000100000001000000010000000100000001011011010000000100000001000000010000000100000001000000010000000100000001011000100000000100000001010101100000000100000001011001010000000100000001010111100000000100000001011100010000000100000001011101110000000100000001011101000000000100000001011111100000000100000001011011010000000100000001010111110000000100000001011110000000000100000001001110010000000101010101000111100101111000110100000110010101001100101010001011110110000100111001001100000101110000110101001001010100111000101000001101100101110100110111001100010101100000110010001100100101100100110011001100100101101100110101001100000101100100110011001011110101011000110000001011110101010000101110001011110101001100101111001100010101001100101110001011110101000100101100001011110101000100101100001011100101000000101011001011100101000000101011001011100101000000101011001011110101000100101100001011110101000100101100001011110101000100101100001100010101011000110000001100010101011000110000001100100101011100110001001100110101100000110010001100110101100000110010001101000101100100110011001101000101100100110011001101000101100100110011001100100101101000110001001100100101101000110001001100100101101000110001001100100101101000110001001100100101101000110001001100100101101000110001001100100101101000110001001100100101101000110001001100100101101000110001001100100101101000110001001100100101101000110001001100100101101000110001001100100101101000110001001100100101101000110001001100100101101000110001001100100101101000110001001100100101101000110001001100100101101000110001001100100101101000110001001100100101101000110001001100100101101000110001001100100101101000110001001100100101101000110001001100100101101000110001001100100101101000110001001100100101101000110001001100100101101000110001001100100101101000110001001100100101101000110001001100100101101000110001001100100101101000110001001100100101101000110001001100100101101000110001001100100101101000110001001100100101101000110001001100100101101000110001001100100101101000110001001100100101101000110001001100100101101000110001001100100101101000110001001100100101101000110001001100100101101000110001001100100101101000110001001100100101101000110001001100100101101000110001001100100101101000110001001100100101101000110001001100000101101000110001001100010101101000110100001011100101101000110011001011110101100000110010001100010101100000110010001101100101100100110001001110010101101100110011001100100101010000101011001110000101110000110010001101000101101000110000001011000101100100101110001010010101111000110011000111010101110000110000001110010000000101011000000000010000000100000001000000010000000100000001000000010000000100000001011111000000000100000001011110110000000100000001010111010000000100000001010111100000000100000001011000100000000100000001011010100000000100000001011000100000000100000001011000100000000100000001011000000000000100000001010011110000000100000001011010010000000100000001011001000000000100000001011001100000000100000001011110000000000100000001011010000000000100000001010001100000000101111110011010000000000100000001000000010000000100000001011110100000000100000001011011100000000100000001000000010000000100000001000000010000000100000001011001110000000100000001010101110000000100000001011011010000000100000001010111000000000100000001011010100000000100000001011110100000000100000001011111100000000100000001011101000000000100000001011010010000000100000001010111110000000100000001010000110000000101111011010101010000000100000001011010110000000100000001000000010000000100000001011101000000000100000001010100010000000100000001010001100000000100000001010110000000000100000001010111100000000100000001011101010000000100000001011001110000000100000001011001010000000100000001011001110000000100000001011000110000000100000001011000000000000100000001011111110000000100000001011101010000000100000001011010110000000100000001011101100000000100000001011110110000000100000001011111110000000100000001000000010000000100000001011100110000000100000001011101010000000100000001011010010000000100000001011110110000000100000001011100010000000100000001000000010000000100000001000000010000000100000001000000010000000100000001000000010000000100000001000000010000000100000001000000010000000100000001000000010000000100000001000000010000000100000001000000010000000100000001000000010000000100000001000000010000000100000001000000010000000100000001000000010000000100000001011011010000000100000001011101100000000100000001011111100000000100000001011011100000000100000001000000010000000100000001000000010000000100000001000000010000000100000001000000010000000100000001000000010000000100000001000000010000000100000001000000010000000100000001000000010000000100000001000000010000000100000001000000010000000100000001000000010000000100000001000000010000000100000001000000010000000100000001000000010000000100000001000000010000000100000001000000010000000100000001000000010000000100000001000000010000000100000001000000010000000100000001000000010000000100000001000000010000000100000001000000010000000100000001000000010000000100000001000000010000000100000001000000010000000100000001000000010000000100000001000000010000000100000001000000010000000100000001000000010000000100000001000000010000000100000001000000010000000100000001000000010000000100000001000000010000000100000001000000010000000100000001000000010000000100000001000000010000000100000001000000010000000100000001000000010000000100000001000000010000000100000001000000010000000100000001000000010000000100000001000000010000000100000001000000010000000100000001000000010000000100000001000000010000000100000001000000010000000100000001000000010000000100000001000000010000000100000001000000010000000100000001000000010000000100000001000000010000000100000001000000010000000100000001000000010000000100000001000000010000000100000001000000010000000100000001000000010000000100000001000000010000000100000001000000010000000100000001000000010000000100000001000000010000000100000001000000010000000100000001000000010000000100000001000000010000000100000001000000010000000100000001000000010000000100000001000000000000000100000001000000010000000100000001000000010000000100000001000000010000000100000001000000010000000100000001000000010000000100000001000000010000000100000001000000010000000100000001000000010000000100000001000000010000000100000001000000010000000100000001000000010000000100000001000000010000000100000001000000010000000100000001000000010000000100000001000000010111101000000001000000010000000100000001000000010111111000000001000000010101100000000001000000010100011100000001000000010101001000000001000000010111011100000001000000010000000100000001000000010000000100000001000000010111001100000001000000010111111000000001000000010000000100000001000000010000000100000001000000010000000100000001000000010000000100000001000000010000000100000001000000010000000100000001000000010000000100000001000000010000000100000001000000010000000100000001000000010000000100000001000000010000000100000001000000010000000100000001000000010000000100000001000000010000000100000001000000010000000100000001000000010000000100000001000000010000000100000001000000010000000100000001000000010000000100000001000000010000000100000001000000010000000100000001000000010000000100000001000000010000000100000001000000010000000100000001000000010000000100000001000000010000000100000001000000010000000100000001000000010111011000000001010010000111011000000001010001000000000100000001000000010000000100000001000000010000000100000001000000010000000100000001000000010000000100000001010010110111010100000001001101000101110001101110000110110000000100000001000000010000000100000001011101110110101101111010001010010111100100000001001110010111100100000001001110010000000100000001000000010000000100000001011000010000000100000001000000010000000100000001000000010000000100000001010100100000000100000001010101000000000100000001011101000000000100000001010101100000000100000001011110100000000100000001011011000000000100000001010011010000000100000001010100010000000100000001011011010000000100000001000000010000000100000001011101000000000100000001000000010000000100000001010100110110111100000001001100010000000100000001000000010000000100000001000000010000000100000001000000010110010101111111001100010000000100000001010100000111111000000001010001110110111101111101001110110110010001110110001110110000000100000001011001110000000100000001000000010000000100000001000000010000000100000001000000010110011100000001000000010110000100000001000000010110101100000001000000010101011100000001000000010110000100000001000000010111000000000001000000010110011100000001000000010101111100000001000000010110110000000001000000010110000000000001000000010101111100000001000000010101110100000001000000010110001100000001000000010111010100000001000000010110101000000001000000010101000000000001000000010101010100000001000000010101111000000001000000010000000100000001000000010000000100000001000000010110111000000001000000010101100100000001000000010110100100000001000000010111010000000001000000010110001100000001000000010101111000000001000000010100110100000001000000010101110000000001000000010111101000000001000000010110101000000001000000010101010100000001000000010110101000000001000000010000000100000001000000010111000100000001000000010101100000000001000000010110001100000001000000010110111000000001000000010110010100000001000000010101110100000001000000010110101100000001000000010101101000000001000000010110010100000001000000010110101100000001000000010110010000000001000000010110101100000001000000010111111100000001000000010000000100000001000000010101110000000001011110010010011001100111001110100010011001100001001101010010011001011011001100000010100101010110001011110011001001011011001101010011010101011100001101100011000001010101001011110011000101010111001100110011000001010110001100100010110101010110001100010010110001010101001100000010110001010010001011100010110001010000001011000010110001001101001010110010110101001101001010100010100101001001001001100010100101001001001001100010100001001000001001010010011101000111001001000010011101000111001001000010100001001000001001010010100001001001001001100010100101001010001001110010110001001101001010100010110101001110001010110010111101010000001011010011001001010011001100000011001001010110001100100011001101010111001100110011010001011000001101000011010001011001001100110011001001011010001100010011001001011010001100010011001001011010001100010011001001011010001100010011001001011010001100010011001001011010001100010011001001011010001100010011001001011010001100010011001001011010001100010011001001011010001100010011001001011010001100010011001001011010001100010011001001011010001100010011001001011010001100010011001001011010001100010011001001011010001100010011001001011010001100010011001001011010001100010011001001011010001100010011001001011010001100010011001001011010001100010011001001011010001100010011001001011010001100010011001001011010001100010011001001011010001100010011001001011010001100010011001001011010001100010011001001011010001100010011001001011010001100010011001001011010001100010011001001011010001100010011001001011010001100010011001001011010001100010011001001011010001100010011001001011010001100010011001001011010001100010011001001011010001100010011001001011010001100010011001001011010001100010011001001011010001100010011001001011010001100010011001001011010001100010011001001011010001100010011001001011010001100010011001001011010001100010011001001011010001100010011001001011010001100010011000001011010001100010011001001011011001101010010110001011000001100010011000001011001001100110010111101010110001100000011100001011011001100110011011101011001001100010011001101010101001011000011100001011010001100010011100001011100001100100011000001011011001100000011001101100101001110110001101101011000001011000001100101100001001101100110100100000001000000010000000100000001000000010111001100000001000000010101110000000001000000010101010100000001000000010110010100000001000000010000000100000001000000010000000100000001000000010110110000000001000000010101111100000001000000010110011100000001000000010111100100000001000000010110000100000001000000010101101100000001000000010100101000000001000000010101111000000001000000010111001100000001000000010110011000000001000000010101010100000001000000010110000100000001000000010000000100000001000000010110101100000001000000010101110100000001000000010110010100000001000000010111001100000001000000010110110100000001000000010110011000000001000000010111000000000001000000010110010100000001000000010110101000000001000000010110100100000001000000010110001100000001000000010110010100000001000000010000000100000001000000010000000100000001000000010110100000000001000000010110001100000001000000010101101000000001000000010101100000000001000000010111100000000001000000010000000100000001000000010111000000000001000000010110011000000001000000010110011000000001000000010110101000000001000000010110010000000001000000010111001000000001000000010111111000000001000000010111000100000001000000010110001000000001000000010110110100000001000000010101001000000001000000010101001100000001000000010110001000000001000000010110000000000001000000010101010100000001000000010110010000000001000000010110111100000001000000010101111000000001000000010101011000000001000000010111000100000001000000010101110100000001000000010101101000000001000000010000000100000001000000010111100000000001000000010000000100000001000000010000000100000001000000010000000100000001000000010000000100000001000000010000000100000001000000010000000100000001000000010000000100000001000000010000000100000001000000010000000100000001000000010000000100000001000000010000000100000001000000010111011100000001000000010110110100000001000000010101011000000001011111010000000100000001000000010000000100000001000000010000000100000001000000010000000100000001000000010000000100000001000000010000000100000001000000010000000100000001000000010000000100000001000000010000000100000001000000010000000100000001000000010000000100000001000000010000000100000001000000010000000100000001000000010000000100000001000000010000000100000001000000010000000100000001000000010000000100000001000000010000000100000001000000010000000100000001000000010000000100000001000000010000000100000001000000010000000100000001000000010000000100000001000000010000000100000001000000010000000100000001000000010000000100000001000000010000000100000001000000010000000100000001000000010000000100000001000000010000000100000001000000010000000100000001000000010000000100000001000000010000000100000001000000010000000100000001000000010000000100000001000000010000000100000001000000010000000100000001000000010000000100000001000000010000000100000001000000010000000100000001000000010000000100000001000000010000000100000001000000010000000100000001000000010000000100000001000000010000000100000001000000010000000100000001000000010000000100000001000000010000000100000001000000010000000100000001000000010000000100000001000000010000000100000001000000010000000100000001000000010000000100000001000000010000000100000001000000010000000100000001000000010000000100000001000000010000000100000001000000010000000100000001000000010000000100000001000000010000000100000001000000010000000100000001000000010000000100000001000000010000000100000001000000010000000100000001000000010000000100000001000000010000000000000001000000010000000100000001000000010000000100000001000000010000000100000001000000010000000100000001000000010000000100000001000000010000000100000001000000010000000100000001000000010000000100000001000000010000000100000001000000010000000100000001000000010000000100000001000000010000000100000001000000010000000100000001000000010000000101100101000000010000000101010101000000010000000100000001000000010000000101111011000000010000000101001010000000010000000100110101000000010000000100111011000000010000000101100011000000010000000100000001000000010000000100000001000000010000000101001110000000010000000101100100000000010000000100000001000000010000000100000001000000010000000100000001000000010000000100000001000000010000000100000001000000010000000100000001000000010000000100000001000000010000000100000001000000010000000100000001000000010000000100000001000000010000000100000001000000010000000100000001000000010000000100000001000000010000000100000001000000010000000100000001000000010000000100000001000000010000000100000001000000010000000100000001000000010000000100000001000000010000000100000001000000010000000100000001000000010000000100000001000000010000000100000001000000010000000100000001000000010000000100000001000000010111000101111001000000010100110100000001000000010101111100000001000000010101101100000001000000010101101000000001000000010110011000000001000000010111001000000001000000010100111000000001000000010111100000000001000000010100000001110101000000010011001100000001000000010101110100000001000000010111001000000001000000010111111001111100000000010011101000000001000000010111011100000001000000010110100100000001000000010101000101110111000000010011100001111111000000010100000000000001000000010000000101110111000000010011010100000001000000010101011100000001000000010100110100000001000000010101110000000001000000010100011100000001000000010100010001111011000000010011110100000001000000010111001000000001000000010101010101111100000000010011111100000001000000010110010000000001000000010100000001111101000000010011101100000001000000010110111100000001000000010110110000000001000000010101100100000001000000010110011100000001000000010110100100000001000000010111001100000001000000010100010000000001000000010101111100000001000000010101111000000001000000010110111100000001000000010111010000000001000000010000000100000001000000010000000101110011000000010000000101111101000000010000000101110101000000010000000100000001000000010000000101101000000000010000000101100001000000010000000101101100000000010000000101101011000000010000000101100011000000010000000101100101000000010000000101101111000000010000000101100010000000010000000101011111000000010000000101011011000000010000000101100011000000010000000101100100000000010000000101011111000000010000000101100111000000010000000100000001000000010000000101111010000000010000000101100100000000010000000101100001000000010000000101111001000000010000000100000001000000010000000101111101000000010000000101110110000000010000000101100111000000010000000101111010000000010000000100000001000000010000000101111000000000010000000101110011000000010000000100000001000000010000000101111111000000010000000101101111000000010000000101100000000000010000000101100010000000010000000101101011000000010000000101101000000000010000000101011111000000010000000101110110000000010000000101110110000000010000000101110110000000010000000101101111000000010000000101101110000000010000000101111000000000010000000100000001000000010000000100000001000000010000000100100101011010000011101100011011010100110010100000100110010110110011000000101111010111100011011100110001010110100011010000110011010110010011010100111001010111010011100100111000010111000011100000110000010100110011000100101101010100000010111000101010010011010010101100101000010010110010100100101001010010010010101000101000010010000010100100100111010001100010011100100110010001010010011000100100010000110010010000100011010000100010000100100010010000010010001000100001010000000001111100100001010000000010000100100010010000010010000000100100010000110010001000100100010001010010001100100111010001100010010100101000010010010010011100101011010011000010101000101110010011110010110000110001010100100010111100110001010101010011000100110010010101100011001000110011010110000011001000110010010110010011001100110010010110100011000100110010010110100011000100110010010110100011000100110010010110100011000100110010010110100011000100110010010110100011000100110010010110100011000100110010010110100011000100110010010110100011000100110010010110100011000100110010010110100011000100110010010110100011000100110010010110100011000100110010010110100011000100110010010110100011000100110010010110100011000100110010010110100011000100110010010110100011000100110010010110100011000100110010010110100011000100110010010110100011000100110010010110100011000100110010010110100011000100110010010110100011000100110010010110100011000100110010010110100011000100110010010110100011000100110010010110100011000100110010010110100011000100110010010110100011000100110010010110100011000100110010010110100011000100110010010110100011000100110010010110010011001100110010010110100011000100110010010110010011001100110010010110100011000100110010010110010011001100110010010110100011000100110010010110010011001100110010010110100011000100110010010110100011000100110010010110100011000100110010010110100011000100110010010110100011000100110010010110100011000100110010010110100011000100110010010111000011001100101110010101110011000100110010010110110011010100101101010101000010111000110111010111000011010000110101010110000011000000110100010101100010111000110111010110010011000000111000010110110011001100101101010101010010110000101101010110110011000100101000011000000011010100011010010111000011001000111101000000010101111001110111000000010000000101101111000000010000000101110011000000010000000101011010000000010000000101110001000000010000000100000001000000010000000100000001000000010000000101100001000000010000000101101001000000010000000101110101000000010000000101111011000000010000000101111010000000010000000101111000000000010000000101100010000000010000000101111001000000010000000100000001000000010000000101110110000000010000000101101101000000010000000100000001000000010000000100000001000000010000000101110011000000010000000101100110000000010000000101011110000000010000000101110011000000010000000101100101000000010000000101101001000000010000000101111010000000010000000100000001000000010000000100000001000000010000000101110100000000010000000101101100000000010000000101101101000000010000000100000001000000010000000101110001000000010000000101100000000000010000000101101111000000010000000101111001000000010000000101011011000000010000000101101001000000010000000101101000000000010000000101101111000000010000000100000001000000010000000100000001000000010000000100000001000000010000000101111110000000010000000101110111000000010000000101100010000000010000000101001100000000010000000101100000000000010000000100000001000000010000000100000001000000010000000101101001000000010000000101010101000000010000000101110010000000010000000101111100000000010000000101100100000000010000000101100110000000010000000101110011000000010000000101011111000000010000000101011010000000010000000101110111000000010000000101101001000000010000000101011110000000010000000101101011000000010000000101110010000000010000000101110110000000010000000100000001000000010000000100000001000000010000000100000001000000010000000100000001000000010000000100000001000000010000000100000001000000010000000100000001000000010000000100000001000000010000000100000001000000010000000100000001000000010000000100000001000000010000000100000001000000010000000100000001000000010000000100000001000000010000000100000001000000010000000100000001000000010000000100000001000000010000000100000001000000010000000100000001000000010000000100000001000000010000000100000001000000010000000100000001000000010000000100000001000000010000000100000001000000010000000100000001000000010000000100000001000000010000000100000001000000010000000100000001000000010000000100000001000000010000000100000001000000010000000100000001000000010000000100000001000000010000000100000001000000010000000100000001000000010000000100000001000000010000000100000001000000010000000100000001000000010000000100000001000000010000000100000001000000010000000100000001000000010000000100000001000000010000000100000001000000010000000100000001000000010000000100000001000000010000000100000001000000010000000100000001000000010000000100000001000000010000000100000001000000010000000100000001000000010000000100000001000000010000000100000001000000010000000100000001000000010000000100000001000000010000000100000001000000010000000100000001000000010000000100000001000000010000000100000001000000010000000100000001000000010000000100000001000000010000000100000001000000010000000100000001000000010000000100000001000000010000000100000001000000010000000100000001000000010000000100000001000000010000000100000001000000010000000100000001000000010000000100000001000000010000000100000001000000010000000100000001000000010000000100000001000000010000000100000001000000010000000100000001000000010000000100000001000000010000000100000001000000010000000100000001000000010000000100000001000000010000000100000000000000010000000100000001000000010000000100000001000000010000000100000001000000010000000100000001000000010000000100000001000000010000000100000001000000010000000100000001000000010000000100000001000000010000000100000001000000010000000100000001011011000000000100000001011001100000000100000001000000010000000100000001011010010000000100000001001110010000000100000001001010010000000100000001010000010000000100000001010100000000000100000001001001010000000100000001000100100000000100000001000110000000000100000001001101100000000100000001011010010000000100000001010110000000000100000001001010100000000100000001010010010000000100000001000000010000000100000001000000010000000100000001000000010000000100000001000000010000000100000001000000010000000100000001000000010000000100000001000000010000000100000001000000010000000100000001000000010000000100000001000000010000000100000001000000010000000100000001000000010000000100000001000000010000000100000001000000010000000100000001000000010000000100000001000000010000000100000001000000010000000100000001000000010000000100000001000000010000000100000001000000010000000100000001000000010000000100000001000000010000000100000001000000010000000100000001011110000000000101001010000000010000000101011011000000010000000101101000000000010000000101111101011111110000000101001001000000010000000101000101000000010000000100000001000000010000000101111000000000010000000101010010000000010000000101011001000000010000000101001000000000010000000101110100000000010000000101101100011110110000000100111011000000010000000101110000000000010000000101011010000000010000000101100111000000010000000101100100000000010000000101111000000000010000000101100110000000010000000101000111000000010000000101001010000000010000000101001010011110100000000100111011000000010000000101111010000000010000000101011101000000010000000101010010000000010000000101011010000000010000000101111110000000010000000101100111000000010000000101111010000000010000000101011100011111010000000101000100000000010000000101111011000000010000000101001101000000010000000101101101000000010000000101000110000000010000000101011010000000010000000101000100000000010000000101100010000000010000000101010000000000010000000101010010000000010000000101010110000000010000000101110111000000010000000101110111011101000000000101000011011100010000000101001110010111010000000101001111000000010000000100000001011110100000000100000001000000010000000100000001000000010000000100000001011110110000000100000001011101100000000100000001011000000000000100000001010111010000000100000001011000110000000100000001000000010000000100000001000000010000000100000001011011000000000100000001011011010000000100000001011101110000000100000001011110100000000100000001000000010000000100000001011011100000000100000001011110000000000100000001011100010000000100000001011000000000000100000001011001110000000100000001011011100000000100000001011101000000000100000001011100010000000100000001011110100000000100000001011111010000000100000001011010100000000100000001011101110000000100000001000000010000000100000001011010000000000100000001011100100000000100000001011100100000000100000001011001000000000100000001011100000000000100000001011100100000000100000001011011000000000100000001000000010000000100000001011010110000000100000001010101100000000100000001011011010000000100000001011110110000000100000001000000010000000100000001011101100000000100000001011110010000000100000001011111010000000100000001000000010000000100000001010010000000000101100001001000100101101000101111001100110110010100111011001001010101001000101011001100010101110100110110001011000101010100110000001100100101011100110101001011100101000100101111001011010100110100101110001011110100111000110001001011110100110100110000001011100100110000101111001011000100100000101011001010000100010000100111001001100100001000100101001001100100001000100101001001100100000100100111001000000011101100100001000111110011101000100000000111000011011000011110001001000011111100100101000111110011100100100001000111110011101000100000000110110011011000011100000111110011110100100000001000110011111100100010001001010100010000100101001001010100010000100101001001010100011000100100001010110100110000101001001011100100111100101100001011000101000100101011001100000101010100101111001011110101011000110000001100100101100100110011001100100101100100110011001100100101100100110011001101000101101100110101001100110101101000110100001100010101100000110010001101000101101100110101001100010101100100110000001100010101100100110000001100100101101000110001001100100101101000110001001100000101101000110001001100000101101000110001001100000101101100110000001100000101101100110000001100100101101000110000001100100101101000110000001100100101101000110000001100100101101000110000001100100101101000110000001100100101101000110000001100100101101000110000001100100101101000110000001100100101101000110000001100100101101000110000001100100101101000110000001100100101101000110000001100100101101000110000001100100101101000110000001100100101101000110000001100100101101000110001001100000101100100110011001100000101100100110011001100100101100000110100001100100101100100110011001100100101100000110100001100100101100100110011001100100101100000110100001100100101100100110011001101010101100100110101001101010101101000110100001101010101101000110100001101000101100100110011001101000101100100110011001101000101100100110011001101000101100100110011001100110101101100110010001100010101100100110000001100010101100100110000001100100101101000110001001100110101101100110010001101010101101000110100001101110101100100110100001101110101100000110011001101110101100100110001001110000101100100110100001101100101100100110001001100100101101000110001001010110101101100110001000110110101011000101010001000100110011100111010011111110000000100000001000000010000000100000001000000010000000100000001011010010000000100000001011011100000000100000001011010110000000100000001010111110000000100000001010111110000000100000001011100100000000100000001011101100000000100000001011011010000000100000001000000010000000100000001000000010000000100000001011100000000000100000001011101000000000100000001011111010000000100000001011010100000000100000001011100110000000100000001011101010000000100000001011011100000000100000001011101110000000100000001011011000000000100000001011011000000000100000001011111100000000100000001011011100000000100000001010111000000000100000001011011110000000100000001011111010000000100000001011111110000000100000001011111010000000100000001011100110000000100000001011100010000000100000001000000010000000100000001000000010000000100000001011101000000000100000001011110000000000100000001011000010000000100000001010110100000000100000001010111110000000100000001011010010000000100000001011100010000000100000001011111110000000100000001011111100000000100000001011000010000000100000001010111000000000100000001011000100000000100000001011001100000000100000001011000000000000100000001010111110000000100000001011101010000000100000001000000010000000100000001011100010000000100000001011010100000000100000001011011000000000100000001011110110000000100000001011101110000000100000001011011100000000100000001011001000000000100000001010101110000000100000001011001110000000100000001000000010000000100000001000000010000000100000001011011110000000100000001011011000000000100000001011100110000000100000001000000010000000100000001000000010000000100000001000000010000000100000001000000010000000100000001000000010000000100000001000000010000000100000001000000010000000100000001000000010000000100000001000000010000000100000001000000010000000100000001000000010000000100000001000000010000000100000001000000010000000100000001000000010000000100000001000000010000000100000001000000010000000100000001000000010000000100000001000000010000000100000001000000010000000100000001000000010000000100000001000000010000000100000001000000010000000100000001000000010000000100000001000000010000000100000001000000010000000100000001000000010000000100000001000000010000000100000001000000010000000100000001000000010000000100000001000000010000000100000001000000010000000100000001000000010000000100000001000000010000000100000001000000010000000100000001000000010000000100000001000000010000000100000001000000010000000100000001000000010000000100000001000000010000000100000001000000010000000100000001000000010000000100000001000000010000000100000001000000010000000100000001000000010000000100000001000000010000000100000001000000010000000100000001000000010000000100000001000000010000000100000001000000010000000100000001000000010000000100000001000000010000000100000001000000010000000100000001000000010000000100000001000000010000000100000001000000010000000100000001000000010000000100000001000000010000000100000001000000010000000100000001000000010000000100000001000000010000000100000001000000010000000100000001000000010000000101110011000000010000000101111100000000010000000100000001000000010000000100000001000000010000000100000001000000010000000100000001000000010000000100000001000000010000000100000001000000010000000100000001000000010000000100000001000000010000000100000001000000010000000100000001000000010000000100000001000000010000000100000001000000010000000100000001000000010000000100000001000000010000000100000001000000000000000100000001000000010000000100000001000000010000000100000001000000010000000100000001000000010000000100000001000000010000000100000001000000010000000100000001000000010000000100000001000000010000000100000001000000010000000100000001000000010111001100000001000000010110001100000001000000010000000100000001000000010111011100000001000000010011010000000001000000010010101000000001000000010100101000000001000000010101010000000001000000010001110100000001000000010001000100000001000000010001101100000001000000010011000100000001000000010110011000000001000000010101010100000001000000010010101000000001000000010100100100000001000000010000000100000001000000010000000100000001000000010000000100000001000000010000000100000001000000010000000100000001000000010000000100000001000000010000000100000001000000010000000100000001000000010000000100000001000000010000000100000001000000010000000100000001000000010000000100000001000000010000000100000001000000010000000100000001000000010000000100000001000000010000000100000001000000010000000100000001000000010000000100000001000000010000000100000001000000010000000100000001000000010000000100000001011111010000000100000001010111000110100101111001001110010000000100000001000000010000000100000001000000010110011001111001001100000110001101110111001011000111110100000001010001000000000100000001010010100000000100000001011110110000000100000001011100010110011001111011001001100111001000000001001100100110110000000001001011000111011000000001001101010000000100000001011101110000000100000001000000010000000100000001010000010111111000000001001111100000000100000001010000110111100100000001001101110000000100000001011111000000000100000001011110000111111000000001001111100101111001110011000111100000000100000001010000110111101100000001001111000000000100000001011101010000000100000001000000010111011100000001001110010111111100000001010000010110101101111110001011010111100100000001001110110000000100000001000000010000000100000001000000010110100101111010001100000000000100000001010100010111000100000001001101100111000000000001001100100000000100000001000000010000000100000001011001100000000100000001010100110110110000000001001011000000000100000001010101010111110100000001001111010000000100000001011110100000000100000001011110100000000100000001010111110000000100000001010001110101100101111000001010010111111100000001011000010000000100000001000000010000000100000001000000010000000100000001000000010000000100000001000000010000000100000001000000010101111100000001000000010101011000000001000000010101100100000001000000010111000100000001000000010000000100000001000000010110111000000001000000010111000100000001000000010000000100000001000000010000000100000001000000010111110000000001000000010000000100000001000000010111110100000001000000010000000100000001000000010111000100000001000000010110111100000001000000010110111000000001000000010110101100000001000000010110101100000001000000010110100000000001000000010111111100000001000000010111000100000001000000010110101100000001000000010110111000000001000000010110110100000001000000010111010100000001000000010111010100000001000000010100111000000001000000010110000100000001000000010101101000000001000000010110100000000001000000010000000100000001000000010000000100000001000000010110110100000001000000010101100100000001000000010110101000000001000000010110010100000001000000010110110000000001000000010110010100000001000000010110111100000001000000010111001100000001000000010101100100000001011100110001010101010101001001110011000001100010001110000010100101010101001011100011010001011101001101110010110101010110001100010010110101010010001100000011001101010101001101100011001101010011001101000011010001010010001101010011001001001101001100110010100001000010001010100010001100111011001000110010011100111101001001010010011000111100001001000001111000110100000111000001100000101110000101100001011100101101000101010001111100110110001000000001111000110111001000110001111000110100001000010001101100110100001000000001100100101111000111000001100000110010000110110001110000110011000111010001111000111000001000000001011100110010000110000010001100111111001000100010010001000000001000110001110100111100000111010010000101000000000111110010011101001000001001010010101001001011001010000010101101010000001010100010110001010011001011010010111101010110001100000010111101010110001100000011000001010111001100010011001001011001001100110011000101011000001100100010111101010110001100000011000101011000001100100011000101011001001100000011001001011010001100010011001001011010001100010011001001011010001100010011000001011010001100010011000001011010001100010011000001011011001100000011000001011011001100000011001001011010001100000011001001011010001100000011001001011010001100000011001001011010001100000011001001011010001100000011001001011010001100000011001001011010001100000011001001011010001100000011001001011010001100000011001001011010001100000011001001011010001100000011001001011010001100000011001001011010001100000011001001011010001100000011001001011010001100000011001001011010001100010011000001011001001100110011000001011001001100110011001001011000001101000011001001011001001100110011001001011000001101000011001001011001001100110011001001011000001101000011001001011000001101000011001101010111001100110011001101010111001100110011001101011000001100100011001101011000001100100011001101011000001100100011010001011001001100110011010001011001001100110011010001011001001100110011001001011010001100010011001001011010001100000011001001011010001100010011001101011011001100100011010101011010001101000011010101011010001101000011011101011001001101000011100001011001001101000011110001011011001101100011010101010110001100010011011101011100001101000010110101011011001100010011000001100110001110110001110001011011001011110101101100000001011101000000000100000001000000010000000100000001000000010000000100000001000000010000000100000001000000010110111100000001000000010110101000000001000000010111000000000001000000010111001000000001000000010110100000000001000000010110101100000001000000010111111100000001000000010111100100000001000000010110111100000001000000010110111100000001000000010111010000000001000000010111000100000001000000010111001100000001000000010101000000000001000000010110110000000001000000010110010100000001000000010110100100000001000000010000000100000001000000010000000100000001000000010110101000000001000000010101101000000001000000010110100100000001000000010111001000000001000000010110100000000001000000010101111000000001000000010101100000000001000000010101111100000001000000010110110100000001000000010110111000000001000000010110000100000001000000010101110000000001000000010110000000000001000000010111100000000001000000010111101000000001000000010111110000000001000000010111001100000001000000010101110100000001000000010101011000000001000000010101101100000001000000010111001000000001000000010111010100000001000000010111000100000001000000010111000000000001000000010111000100000001000000010110101100000001000000010111111000000001000000010110110100000001000000010110111000000001000000010111110000000001000000010000000100000001000000010000000100000001000000010101101100000001000000010100010100000001011111110110101000000001000000010110111000000001000000010111100100000001000000010111101100000001000000010110110100000001000000010111000100000001000000010111111100000001000000010000000100000001000000010000000100000001000000010000000100000001000000010000000100000001000000010000000100000001000000010000000100000001000000010000000100000001000000010000000100000001000000010000000100000001000000010000000100000001000000010000000100000001000000010000000100000001000000010000000100000001000000010000000100000001000000010111111100000001000000010000000100000001000000010000000100000001000000010000000100000001000000010000000100000001000000010000000100000001000000010000000100000001000000010000000100000001000000010000000100000001000000010000000100000001000000010000000100000001000000010000000100000001000000010000000100000001000000010000000100000001000000010000000100000001000000010000000100000001000000010000000100000001000000010000000100000001000000010000000100000001000000010000000100000001000000010000000100000001000000010000000100000001000000010000000100000001000000010000000100000001000000010000000100000001000000010000000100000001000000010000000100000001000000010000000100000001000000010000000100000001000000010000000100000001000000010000000100000001000000010000000100000001000000010000000100000001000000010000000100000001000000010000000100000001000000010000000100000001000000010000000100000001000000010000000100000001000000010000000100000001000000010000000100000001000000010000000100000001000000010000000100000001000000010000000100000001000000010000000100000001011111100000000100000001000000010000000100000001000000010000000100000001000000010000000100000001011110010000000100000001011111010000000100000001000000010000000100000001000000010000000100000001000000010000000100000001011110110000000100000001000000010000000100000001000000010000000100000001000000010000000100000001000000010000000100000001000000010000000100000001000000010000000100000001000000010000000100000001000000010000000100000001000000010000000100000001000000010000000100000001000000010000000000000001000000010000000100000001000000010000000100000001000000010000000100000001000000010000000100000001000000010000000100000001000000010000000100000001000000010000000100000001000000010000000100000001000000010000000100000001000000010000000100000001000000010000000100000001000000010000000100000001000000010000000100000001000000010000000101101111000000010000000101011110000000010000000100000001000000010000000100000001000000010000000101000110000000010000000100110000000000010000000101000001000000010000000101100000000000010000000100000001000000010000000100000001000000010000000101001110000000010000000101100010000000010000000100000001000000010000000100000001000000010000000100000001000000010000000100000001000000010000000100000001000000010000000100000001000000010000000100000001000000010000000100000001000000010000000100000001000000010000000100000001000000010000000100000001000000010000000100000001000000010000000100000001000000010000000100000001000000010000000100000001000000010000000100000001000000010000000100000001000000010000000100000001000000010000000100000001000000010000000100000001000000010111001101100111011101100011110101100000011100010011000100000001000000010100110100000001000000010111100100000001000000010000000101110011000000010011100101110001000000010011010100000001000000010101111000000001000000010100111000000001000000010111100000000001000000010111011100000001000000010101010101111101000000010011101001100101011110110010001001101000011111100010010100000001000000010111111000000001000000010111010000000001000000010101100100000001000000010101000001110111000000010011000100000001000000010100101000000001000000010111001100000001000000010111101001110110000000010011000100000001000000010101011101110110000000010011000101110010000000010010111100000001000000010111111000000001000000010111010100000001000000010100000000000001000000010100001100000001000000010011111000000001000000010100000100000001000000010111100000000001000000010111110000000001000000010101101001110010000000010011010000000001000000010110001001100100011101110010001000000001000000010111100000000001000000010111011001100100011110010001110100000001000000010011101001101100000000010010010101110010000000010010110100000001000000010111110100000001000000010111110001101101000000010010110101101110000000010010111101101101000000010011011101101111000000010100100000000001000000010000000100000001000000010000000101010111000000010100111000000001000000010000000100000001000000010000000101011010000000010111011001001110000000010111011000000001000000010000000101100001000000010000000101100010000000010000000101110101000000010000000101110010000000010000000101110000000000010000000101110101000000010000000101110001000000010000000101111001000000010000000101011111000000010000000101101101000000010000000101101000000000010000000101101001000000010000000101011011000000010000000101011100000000010000000101011111000000010000000101101111000000010000000100000001000000010000000100000001000000010000000101111011000000010000000101100011000000010000000101010000000000010000000101100100000000010000000101100011000000010000000101000110000000010000000101101110000000010000000101101011000000010000000101101111000000010000000100000001000000010000000100000001000000010000000101101010000000010000000101100010000000010000000101111010000000010000000100000001000000010000000100000001000000010000000100000001000000010000000101110111000000010000000101110001000000010000000100011000011000000011000100100111011001000011100000101010010110010011001000101110010101110011001000111101011000110011111100101101010100000010111000110101010101010011011000111001010101110011101000110010010011010011001100101000010000000010100000101100010000100010101000100011001110000010001000011101001100000001101100011100001011110001101000100010001100100010000000100011001100110010000100100100001101000010001000100100001101110010010000011000001010110001101000010010001010000001011000010111001010100001100100011000001011100001110000011100001011110001111000010101001010110001100000011010001011100001101100011110001101010001111100010110001011010001011100011000001100100001101000011000001100110001100100011000001101100001100100100010010000010010001000100101010001100010010000100101010001100010010000100101010010010010010100101001010011110010101100101101010100110010111100101110010101010010111100101111010101100011000000110010010110010011001100110010010110010011001100110000010101110011000100110010010110010011001100110010010110010011001100110010010110010011001100110010010110100011000100110010010110100011000100110010010110100011000100110010010110100011000100110000010110110011000000110000010110110011000000110010010110100011000100110010010110100011000100110010010110100011000100110010010110100011000100110010010110100011000100110010010110100011000100110010010110100011000100110010010110100011000100110010010110100011000100110010010110100011000100110010010110100011000100110010010110100011000100110010010110100011000100110010010110100011000100110010010110100011000100110010010110100011000100110000010110100011000100110000010110100011000100110000010110010011001100110000010110100011000100110000010110010011001100110000010110100011000100110010010110010011001100110010010110010011001100110010010110010011001100110010010110010011001100110100010110010011001100110100010110010011001100110100010110010011001100110100010110010011001100110100010110010011001100110101010110100011010000110100010110010011000100110100010110010011000100110010010110100011000100110010010110100011000100110010010110010011001100110100010110010011001100110110010110000011001100110110010110000011001100111001010110100011010100111010010111000011011100101100010101000010101100101101010110110011000100101011011000010011011000100000010111010011000100110000011101000100010100000001000000010000000101101111000000010000000101101000000000010000000101110110000000010000000101101011000000010000000101100110000000010000000101100011000000010000000101011011000000010000000101010011000000010000000101111010000000010000000100000001000000010000000100000001000000010000000101110110000000010000000101100001000000010000000101010101000000010000000101100010000000010000000101101000000000010000000101001111000000010000000101110110000000010000000101110001000000010000000101101101000000010000000100000001000000010000000101111101000000010000000101101001000000010000000101100100000000010000000100000001000000010000000100000001000000010000000100000001000000010000000101110110000000010000000101110000000000010000000101101110000000010000000101101011000000010000000101100100000000010000000101011101000000010000000101100110000000010000000101011000000000010000000101011100000000010000000101100110000000010000000101101110000000010000000101101110000000010000000101110101000000010000000101111101000000010000000101111010000000010000000100000001000000010000000101111101000000010000000101110010000000010000000101101111000000010000000101110100000000010000000101011110000000010000000101100111000000010000000101100000000000010000000101100110000000010000000101111000000000010000000100000001000000010000000100000001000000010000000101010010000000010000000101000111000000010111111101110111000000010000000101100100000000010000000101010111000000010000000101101111000000010000000101111000000000010000000101101000000000010000000101101011000000010000000101110011000000010000000101110111000000010000000101110110000000010000000100000001000000010000000100000001000000010000000100000001000000010000000100000001000000010000000100000001000000010000000100000001000000010000000100000001000000010000000100000001000000010000000100000001000000010000000100000001000000010000000101111011000000010000000101110001000000010000000101110111000000010000000100000001000000010000000100000001000000010000000100000001000000010000000100000001000000010000000100000001000000010000000100000001000000010000000100000001000000010000000100000001000000010000000100000001000000010000000100000001000000010000000100000001000000010000000100000001000000010000000100000001000000010000000100000001000000010000000100000001000000010000000100000001000000010000000100000001000000010000000100000001000000010000000100000001000000010000000100000001000000010000000100000001000000010000000100000001000000010000000100000001000000010000000100000001000000010000000100000001000000010000000100000001000000010000000100000001000000010000000100000001000000010000000100000001000000010000000100000001000000010000000100000001000000010000000100000001000000010000000100000001000000010000000100000001000000010000000100000001000000010000000100000001000000010000000100000001000000010000000100000001000000010000000100000001000000010000000100000001000000010000000100000001000000010000000100000001000000010000000100000001000000010000000100000001000000010000000100000001000000010000000100000001000000010000000100000001000000010000000100000001000000010000000100000001000000010000000100000001000000010000000100000001000000010000000100000001000000010000000100000001000000010000000100000001000000010000000100000001000000010000000100000001000000010000000100000001000000010000000100000001000000010000000100000001000000010000000100000001000000010000000100000001000000010000000100000001000000010000000100000000000000010000000100000001000000010000000100000001000000010000000100000001000000010000000100000001000000010000000100000001000000010000000100000001000000010000000100000001000000010000000100000001000000010000000100000001000000010000000100000001000000010000000100000001000000010000000100000001000000010000000100000001000000010000000100000001000000010000000100000001000000010000000100000001000000010000000100000001000000010000000100000001010110100000000100000001010000000000000100000001010011110000000100000001011100110000000100000001000000010000000100000001000000010000000100000001011010010000000100000001011101110000000100000001000000010000000100000001000000010000000100000001000000010000000100000001000000010000000100000001000000010000000100000001000000010000000100000001000000010000000100000001000000010000000100000001000000010000000100000001000000010000000100000001000000010000000100000001000000010000000100000001000000010000000100000001000000010000000100000001000000010000000100000001000000010000000100000001000000010000000100000001000000010000000100000001000000010000000100000001000000010000000100000001000000010000000101101011000000010000000101011100011101010000000100111100011001010111101100101001011001010111101100101001000000010000000101101000000000010000000100000001010111000111001100011110011100110000000100110011000000010000000101100010010110000110111000010110011000110111100100100001000000010000000101110101011111010000000100111010011110000000000100110101000000010000000100000001000000010000000101110100000000010000000100000001000000010000000100000001011101110000000100110001011000100111101000011100000000010000000100111100010110100111001000010100000000010000000100000001000000010000000100000001011100010000000100101100011110110000000100111000000000010000000101011011000000010000000101000000000000010000000101001101000000010000000101111110011101110000000100110101011110000000000100110110011100100000000100110010000000010000000100000001011001110111101100101000000000010000000101000001000000010000000101010000011111000000000100111000000000010000000100000001011010100111111000100101000000010000000100000001000000010000000100000001011100110000000100101100000000010000000101010010000000010000000100000001000000010000000101100010000000010000000100111111000000010000000100000001000000010000000101010011010110010111100100101010000000010000000101101110000000010000000100000001000000010000000100000001000000010000000100000001000000010000000100000001000000010000000100000001010110110000000101110110010111100000000100000001010111000000000100000001010110000000000100000001011010100000000100000001011101000000000100000001010111000000000100000001010110000000000100000001011100010000000100000001011001110000000100000001010100000000000100000001010111010000000100000001010110110000000100000001010011110000000100000001010010100000000101111101010101010000000100000001010101010000000100000001011001010000000100000001011011100000000100000001000000010000000100000001011111000000000100000001011000110000000100000001010101000000000100000001010110000000000100000001011000100000000100000001010111010000000100000001011010000000000100000001011110000000000100000001011010100000000100000001011010100000000100000001011111100000000100000001011011110000000100000001011010010000000100000001000000010000000100000001000000010000000100000001000000010000000100000001000000010000000100000001000000010000000100000001001010010111011001000011001000000110000100110011000111010101010100101010001100010101110000110111001101100101100100110111001010000100100100100111001011100100111000101111001101000101001000110101001011010100100000101110001011000100010000101100001001110011110000100110001000000011000000011110001100100100001000110000010001000101000101000001010011000101100101001001010110010110001101010110011010000111001001100101011011010111011101101010011010000111010101100111011011000111101001101110011001100111011101101010010111110111000001100011010001110101100001001011001101010100011000111000001000000011000100100011000110100010110000011011000100110010011000010101000111010011000100011110000100110010101000010100000101100010111000010110000111000011011100011101000110110011011100011010000101100011010100010110000111100011110100011110001001110100100000100110001001100100100100100111001010010100111100101011001011000101001000101110001011100101010100101111001100100101100100110011001100100101100100110011001100000101011100110001001100100101100100110011001100100101100100110011001100100101100100110011001100100101101000110001001100100101101000110001001100100101101000110001001100100101101000110001001100000101101100110000001100000101101100110000001100100101101000110001001100100101101000110001001100100101101000110001001100100101101000110001001100100101101000110001001100100101101000110001001100100101101000110001001100100101101000110001001100100101101000110001001100100101101000110001001100100101101000110001001100100101101000110001001100100101101000110001001100100101101000110001001100100101101000110001001100100101101000110001001100000101101000110001001100000101101100110000001100000101101000110001001100000101101000110001001100000101101000110001001100000101101000110001001100100101101000110001001100100101101000110001001100100101100100110011001100100101100100110011001101000101100100110011001101000101100100110011001101000101100100110011001100110101100000110010001100110101100000110010001100110101100000110010001100100101011100101111001100100101011100101111001100110101100000110000001100010101100000110010001100010101100000110010001100110101100000110010001100110101100000110010001101000101011000110001001100110101010100110000001111010101111100111010001010110101001000101100001011000101100000101111001000100101011100101100001001000101111100110011000111100101111000110000011000110000000101111101011111010000000100000001010110100000000100000001011000110000000100000001011000100000000100000001010011100000000101111111010010100000000101111101010101000000000100000001010101100000000100000001011000100000000100000001011101100000000100000001000000010000000100000001000000010000000100000001011010010000000100000001010100110000000100000001010110110000000100000001010111110000000100000001011001000000000100000001011011100000000100000001011111000000000100000001011011000000000100000001011010100000000100000001011110100000000100000001011100010000000100000001011100100000000100000001000000010000000100000001000000010000000100000001000000010000000100000001000000010000000100000001011111010000000100000001011101000000000100000001011010010000000100000001011001100000000100000001011000010000000100000001011001000000000100000001011010110000000100000001011101010000000100000001010111100000000100000001010110100000000100000001011001010000000100000001011001110000000100000001011011110000000100000001011100000000000100000001011010100000000100000001011011110000000100000001011010110000000100000001011011010000000100000001011011100000000100000001010110010000000100000001010110000000000100000001011010110000000100000001011010010000000100000001010100110000000100000001011000100000000100000001000000010000000100000001011000100000000100000001010001000000000101111010010111000000000100000001010101100000000100000001010101000000000100000001011100010000000100000001000000010000000100000001010111100000000100000001010011110000000100000001011011000000000100000001011100110000000100000001010110110000000100000001011110100000000100000001000000010000000100000001000000010000000100000001000000010000000100000001000000010000000100000001000000010000000100000001000000010000000100000001000000010000000100000001000000010000000100000001000000010000000100000001000000010000000100000001011011110000000100000001011010000000000100000001011110100000000100000001000000010000000100000001000000010000000100000001000000010000000100000001000000010000000100000001000000010000000100000001000000010000000100000001000000010000000100000001000000010000000100000001000000010000000100000001000000010000000100000001000000010000000100000001000000010000000100000001000000010000000100000001000000010000000100000001000000010000000100000001000000010000000100000001000000010000000100000001000000010000000100000001000000010000000100000001000000010000000100000001000000010000000100000001000000010000000100000001000000010000000100000001000000010000000100000001000000010000000100000001000000010000000100000001000000010000000100000001000000010000000100000001000000010000000100000001000000010000000100000001000000010000000100000001000000010000000100000001000000010000000100000001000000010000000100000001000000010000000100000001000000010000000100000001000000010000000100000001000000010000000100000001000000010000000100000001000000010000000100000001000000010000000100000001000000010000000100000001000000010000000100000001000000010000000100000001000000010000000100000001000000010000000100000001000000010000000100000001000000010000000100000001000000010000000100000001000000010000000100000001000000010000000100000001000000010000000100000001000000010000000100000001000000010000000100000001000000010000000100000001000000010000000100000001000000010000000100000001000000010000000100000001000000010000000100000001000000010000000100000001000000010000000100000001000000000000000100000001000000010000000100000001000000010000000100000001000000010000000100000001000000010000000100000001000000010000000100000001000000010000000100000001000000010000000100000001000000010000000100000001000000010000000100000001000000010000000100000001000000010000000100000001000000010000000100000001000000010000000100000001000000010101010000000001000000010100000100000001000000010111011100000001000000010110110100000001000000010100000000000001000000010010000000000001000000010010101000000001000000010101000100000001000000010111110100000001000000010111110100000001000000010011000100000001000000010100110100000001000000010000000100000001000000010000000100000001000000010000000100000001000000010000000100000001000000010000000100000001000000010000000100000001000000010000000100000001000000010000000100000001000000010000000100000001000000010000000100000001000000010000000100000001000000010000000100000001000000010000000100000001000000010000000100000001000000010000000100000001000000010000000100000001000000010000000100000001000000010000000100000001010111000000000100000001011010110000000100000001011000000111111000000001010010010111111000000001010001110111011000000001001111000000000100000001000000010000000100000001010101110000000100000001000000010000000100000001000000010000000100000001011000100111100000000001001110100000000100000001011011110110111100000001001100010101001001100101000101000101110001101111000111100111000100000001001100100000000100000001011000000000000100000001011111100000000100000001000000010110111000000001001011100000000100000001000000010000000100000001010011010000000100000001010000010000000100000001000000010000000100000001000000010000000100000001011000010000000100000001000000010000000100000001010101100111000000000001001100000000000100000001011101000000000100000001000000010111110100000001001111010000000100000001011100000000000100000001010011000111100100000001001110100000000100000001011111110000000100000001000000010000000100000001000000010111101100000001001111110000000100000001010001100000000100000001010101010101110101110000000110110000000100000001010011010000000100000001011010000000000100000001001111010000000100000001010100010110100101111111001001110000000100000001001111100000000100000001000000010110110000000001001011100000000100000001010111000111000000000001001101000110110100000001001101100101101101111000001010000100010101100101000110000000000100000001000000010000000100000001000000010101111000000001010011110111101100000001011110110110011000000001011101010110100100000001000000010100111000000001011101100011111000000001011100000101000100000001000000010110001100000001000000010101111100000001000000010101111100000001000000010110000100000001000000010101111000000001000000010110010000000001000000010101110100000001000000010100111100000001000000010100111000000001000000010110100000000001000000010111000000000001000000010110111000000001000000010111000000000001000000010110001000000001000000010111110100000001000000010000000100000001000000010110111100000001000000010110100000000001000000010101110100000001000000010110000100000001000000010111101000000001000000010110101100000001000000010111001000000001000000010110010000000001000000010110010100000001000000010111110000000001000000010111001100000001000000010110000100000001000000010110110000000001000000010110000100000001000000010101111000000001000000010111100000000001000000010011111000000001010110100001101001100001001011110010110001100111001110100010011101011001001011110010101101010001001011010011100101011001001110100011000101010000001100010011011101010011001101100011100001010000001110000010110101000010001011000011001101000110001100110011101101001011001110100111000001111010011011010000000100000001000000010000000100000001000000010000000100000001000000010000000100000001000000010000000100000001000000010000000100000001000000010000000100000001000000010000000100000001000000010000000100000001000000010000000100000001000000010000000100000001000000010000000100000001000000010000000100000001000000010110110001111010011011100011101101001001001111010001100000100111000110010010000000110010001000010001110000101111000111000001010000101001000100110001100000110000000110000001110100111000000111100001111000111001000111110001111100111101001000000010000101000010001000000010010101001000001001100010100101001100001010100010110001010000001011000011001001010110001100100011001001010110001100100011000101010110001100000011010001011001001100110011001001011001001100110011001001011001001100110011001001011010001100010011001001011010001100010011001001011010001100010011001001011010001100010011001001011010001100010011001001011010001100010011001001011010001100010011001001011010001100010011001001011010001100010011001001011010001100010011001001011010001100010011001001011010001100010011001001011010001100010011001001011010001100010011001001011010001100010011001001011010001100010011001001011010001100010011001001011010001100010011001001011010001100010011001001011010001100010011001001011010001100010011001001011010001100010011000001011011001100000010111001011100001011100010111001011011001100000010111001011011001100000011000001011011001100000011000001011011001100000011001001011010001100000011001001011010001100000011000101011001001100000011000101011001001100000011001101011000001100000011001101011000001100000011001001010111001011110011001001010111001011110011001101010101001100000011001101010101001100000011001001010100001011110011001001010100001011110011001101010101001100000011001001010110001100100011001001010110001100100011000101010101001100010011000001010100001100000011000001010100001100000011000001010100001100000011001001010111001100010011011101011110001110000010110001011000001100010010110101011101001100110010000101010111001011000010010001011111001100100010111101110101010001100111010100000001000000010110001000000001000000010101110100000001000000010101100100000001000000010101010000000001000000010110010100000001000000010111000000000001000000010110111100000001000000010110101100000001000000010110011100000001000000010000000100000001000000010000000100000001000000010111011000000001000000010110011100000001000000010101111100000001000000010101111100000001000000010111101000000001000000010110111100000001000000010111101000000001000000010110110000000001000000010110001100000001000000010111011100000001000000010111001100000001000000010110100100000001000000010110001100000001000000010110010100000001000000010101111000000001000000010101111000000001000000010110100000000001000000010110011100000001000000010110001000000001000000010110101000000001000000010110000000000001000000010101011000000001000000010101100100000001000000010110111100000001000000010110000000000001000000010101011000000001000000010101101100000001000000010101111100000001000000010101011000000001000000010111000000000001000000010110001000000001000000010110000000000001000000010101101000000001000000010110011000000001000000010110011000000001000000010110001100000001000000010101111100000001000000010110001000000001000000010110010000000001000000010101010000000001000000010101010000000001000000010111000100000001000000010101101100000001000000010100010000000001011110000100111000000001000000010100110000000001011111110101001000000001000000010100111000000001000000010101101000000001000000010110010000000001000000010101110000000001000000010110010100000001000000010110000000000001000000010110101000000001000000010110111100000001000000010111101000000001000000010000000100000001000000010000000100000001000000010000000100000001000000010000000100000001000000010000000100000001000000010000000100000001000000010000000100000001000000010000000100000001000000010000000100000001000000010111010100000001000000010111001100000001000000010111001000000001000000010000000100000001000000010000000100000001000000010000000100000001000000010000000100000001000000010000000100000001000000010000000100000001000000010000000100000001000000010000000100000001000000010000000100000001000000010000000100000001000000010000000100000001000000010000000100000001000000010000000100000001000000010000000100000001000000010000000100000001000000010000000100000001000000010000000100000001000000010000000100000001000000010000000100000001000000010000000100000001000000010000000100000001000000010000000100000001000000010000000100000001000000010000000100000001000000010000000100000001000000010000000100000001000000010000000100000001000000010000000100000001000000010000000100000001000000010000000100000001000000010000000100000001000000010000000100000001000000010000000100000001000000010000000100000001000000010000000100000001000000010000000100000001000000010000000100000001000000010000000100000001000000010000000100000001000000010000000100000001000000010000000100000001000000010000000100000001000000010000000100000001000000010000000100000001000000010000000100000001000000010000000100000001000000010000000100000001000000010000000100000001000000010000000100000001000000010000000100000001000000010000000100000001000000010000000100000001000000010000000100000001000000010000000100000001000000010000000100000001000000010000000100000001000000010000000100000001000000010000000100000001000000010000000100000001000000010000000100000001000000010000000100000001000000010000000000000001000000010000000100000001000000010000000100000001000000010000000100000001000000010000000100000001000000010000000100000001000000010000000100000001000000010000000100000001000000010000000100000001000000010000000100000001000000010000000101110010000000010000000101011111000000010000000100000001000000010000000101111000000000010000000100111000000000010000000100110100000000010000000101001101000000010000000101100000000000010000000100101110000000010000000100100010000000010000000100101000000000010000000100111001000000010000000101101110000000010000000101010011000000010000000100101000000000010000000101000110000000010000000100000001000000010000000100000001000000010000000100000001000000010000000100000001000000010000000100000001000000010000000100000001000000010000000100000001000000010000000100000001000000010000000100000001000000010000000100000001000000010000000100000001000000010000000100000001000000010000000100000001000000010000000100000001000000010000000100000001000000010000000100000001000000010000000100000001000000010000000100000001000000010000000100000001000000010111001100000001000000010101101100000001000000010101011000000001000000010110000100000001000000010100111000000001000000010100110000000001000000010111011000000001000000010111011100000001000000010110010000000001000000010110011100000001000000010101000101111010000000010100000100000001000000010111110000000001000000010111000100000001000000010111000000000001000000010000000100000001000000010101010100000001000000010101110000000001000000010110000000000001000000010110110000000001000000010111011100000001000000010101000100000001000000010100110000000001000000010110001100000001000000010111100100000001000000010110011000000001000000010111010100000001000000010110000001111100000000010011110100000001000000010101110000000001000000010110010100000001000000010110110000000001000000010101111100000001000000010100011100000001000000010110111100000001000000010100011000000001000000010101010100000001000000010101100100000001000000010101111000000001000000010111001100000001000000010100110100000001000000010110000100000001000000010101101100000001000000010110001000000001000000010100100000000001000000010101101100000001000000010101000000000001000000010101001100000001000000010101110000000001000000010100011000000001000000010110011000000001000000010100101100000001000000010111001100000001000000010100110100000001000000010111010100000001000000010101001000000001000000010101111000000001000000010110101100000001000000010111110100000001000000010000000101110100000000010000000101110110000000010000000101101111000000010000000101001110000000010000000101000111000000010111110001100110000000010000000101110011000000010000000101011010000000010000000101001100000000010000000101100100000000010000000101001011000000010000000101000110000000010111110001100000000000010000000101111000000000010000000101101010000000010000000101110011000000010000000101101010000000010000000101100000000000010000000101110010000000010000000100000001000000010000000101110100000000010000000101100101000000010000000101011111000000010000000101010111000000010000000101110010000000010000000101111010000000010000000101110110000000010000000101101001000000010000000101101001000000010000000101100101000000010000000101101010000000010000000101100111000000010000000101110110000000010000000101011010000000010000000101111000000000010000000101010101000000010111010100010011010111000010101000011110010111100011000000100000010101010010100100110001010111100011011100111101010111100011110000101000010001000010011101000001010111000100001000111000010100000011100000100101001110100010010000111011010011100011101100000001000000010111111100000001000000010000000100000001000000010000000100000001000000010000000100000001000000010000000100000001000000010000000100000001000000010000000100000001000000010000000100000001000000010000000100000001000000010000000100000001000000010000000100000001000000010000000100000001000000010000000100000001000000010000000100000001000000010000000100000001000000010000000100000001000000010000000100000001000000010000000101111101000000010111110101000000010011110100000100011010001010010001101100011010001011010001101000011100001100000001110100011000001011110001100100011010001100100001101000011100001101110001110100011101001111000001110100100010010000110010000100100110010001100010011100101001010011000010101000110000010100110011000100110010010101100011001000110010010101100011001000110101010110100011010000110010010110010011001100110010010110010011001100110010010110100011000100110010010110100011000100110010010110100011000100110010010110100011000100110010010110100011000100110010010110100011000100110010010110100011000100110010010110100011000100110010010110100011000100110010010110100011000100110010010110100011000100110010010110100011000100110010010110100011000100110010010110100011000100110010010110100011000100110010010110100011000100110010010110100011000100110010010110100011000100110010010110100011000100110010010110100011000100110010010110100011000100110000010110110011000000110000010110110010111000101110010111000010111000101110010111000010111000101110010111000010111000110000010110110011000000110000010110110011000000110010010110100011000000110010010110100011000000110001010110010011000000110001010110010011000000110011010110000011000000110011010110000011000000110011010110000011000000110010010101110011000100110011010101010011000000110011010101000010111100101111010011110010110000110000010100000010110100110000010100000010110100110000010100010010111000110000010100010010111100101101010100010010110100101100010011110010110100101100010100000010110000110000010101000011000000101011010011110010101100101111010101010011000100110010010110110011010100101100010110010011001000100100010101100010110000101011011000000011010100011111010111110011000101001111000000010111000001101110000000010000000101011100000000010000000101010101000000010000000101110000000000010000000101111100000000010000000101110100000000010000000101110010000000010000000101101111000000010000000101100001000000010000000101110001000000010000000100000001000000010000000101110010000000010000000101101111000000010000000101011101000000010000000101011010000000010000000101111010000000010000000101111110000000010000000101110110000000010000000101101101000000010000000101100110000000010000000101100100000000010000000101101001000000010000000101100011000000010000000101101101000000010000000101100010000000010000000101011101000000010000000101100101000000010000000101110101000000010000000101110110000000010000000101101010000000010000000101101101000000010000000101100111000000010000000101110100000000010000000101100111000000010000000101100111000000010000000101101011000000010000000101101100000000010000000101100100000000010000000101100101000000010000000101010111000000010000000101110011000000010000000101110001000000010000000101110101000000010000000101101010000000010000000101011100000000010000000101000110000000010111101101001010000000010111111101011111000000010000000101001100000000010111111101011010000000010000000101110100000000010000000101101010000000010000000101010101000000010000000101010100000000010000000101101010000000010000000101100110000000010000000101011010000000010000000101101010000000010000000101010100000000010000000101001100000000010111110001110100000000010000000101111000000000010000000101100111000000010000000101000110000000010111110001100101000000010000000101010010000000010000000101011100000000010000000100000001000000010000000100000001000000010000000100000001000000010000000100000001000000010000000100000001000000010000000100000001000000010000000100000001000000010000000100000001000000010000000100000001000000010000000100000001000000010000000101110010000000010000000101100111000000010000000100000001000000010000000100000001000000010000000100000001000000010000000100000001000000010000000100000001000000010000000100000001000000010000000100000001000000010000000100000001000000010000000100000001000000010000000100000001000000010000000100000001000000010000000100000001000000010000000100000001000000010000000100000001000000010000000100000001000000010000000100000001000000010000000100000001000000010000000100000001000000010000000100000001000000010000000100000001000000010000000100000001000000010000000100000001000000010000000100000001000000010000000100000001000000010000000100000001000000010000000100000001000000010000000100000001000000010000000100000001000000010000000100000001000000010000000100000001000000010000000100000001000000010000000100000001000000010000000100000001000000010000000100000001000000010000000100000001000000010000000100000001000000010000000100000001000000010000000100000001000000010000000100000001000000010000000100000001000000010000000100000001000000010000000100000001000000010000000100000001000000010000000100000001000000010000000100000001000000010000000100000001000000010000000100000001000000010000000100000001000000010000000100000001000000010000000100000001000000010111111000000001000000010000000100000001000000010000000100000001000000010000000100000001000000010000000100000001000000010000000100000001000000010000000100000001000000010000000100000001000000010000000100000001000000010000000100000001000000010000000100000001000000010000000100000000000000010000000100000001000000010000000100000001000000010000000100000001000000010000000100000001000000010000000100000001000000010000000100000001000000010000000100000001000000010000000100000001000000010000000100000001000000010000000100000001011101100000000100000001011011000000000100000001000000010000000100000001011111110000000100000001001111010000000100000001001101100000000100000001010101110000000100000001011001000000000100000001001010010000000100000001000110010000000100000001001000100000000100000001001101100000000100000001011011100000000100000001010101110000000100000001001011010000000100000001010001110000000100000001000000010000000100000001000000010000000100000001000000010000000100000001000000010000000100000001000000010000000100000001000000010000000100000001000000010000000100000001000000010000000100000001000000010000000100000001000000010000000100000001000000010000000100000001000000010000000100000001000000010000000100000001000000010000000100000001000000010000000100000001011110000000000101010000000000010000000101101110000000010000000101100110000000010000000101010111000000010000000101000010000000010000000101100110000000010000000101011000000000010000000101011000000000010000000101010011000000010000000101001101000000010000000101000111000000010000000101101011000000010000000101001011011110110000000101000011000000010000000101010000011110110000000101000100000000010000000101100110000000010000000101010010011101000000000100111011000000010000000100000001011110110000000100111111000000010000000101110010000000010000000101001000000000010000000101100100000000010000000101100000000000010000000101010001000000010000000101100101000000010000000101110010000000010000000101000010000000010000000101101111000000010000000101010010000000010000000101100000011111010000000100111111000000010000000101100001000000010000000101100010000000010000000101101011000000010000000101111110000000010000000101111010000000010000000101100010000000010000000101011110011111010000000101000100011110110000000101000010000000010000000101000111011111000000000100111110000000010000000101110111000000010000000101001010000000010000000101000100000000010000000101110110000000010000000101001110000000010000000101110010000000010000000101000011011111100000000101000000000000010000000101110100000000010000000101111100000000010000000101001010000000010000000101001001000000010000000101010010000000010000000101111100000000010000000101101010011101010000000101000001000000010000000101100100000000010000000100000001000000010000000101111011000000010000000100000001011100110000000100000001000000010000000100000001011111000000000100000001010111100000000100000001011101000000000100000001011110110000000100000001010101100000000100000001010110100000000100000001010111110000000100000001010001000000000101111011010010010000000100000001011000000000000100000001011000100000000100000001010011110000000100000001010110000000000100000001011111110000000100000001011100110000000100000001011100010000000100000001011110110000000100000001011100010000000100000001011001010000000100000001011000010000000100000001010010100000000100000001011000000000000100000001011101000000000100000001011110100000000100000001011011010000000100000001011010100000000100000001010110000000000100000001011001010000000100000001011101110000000100000001011101100000000100000001011100110000000100000001010101110000000101111001001000100111000000111011001001010110011100110110000111110101100000101011001100100110000000110110001011110101010100110001001011000100101000101101010000010101100101000001001100000100011100110001001001110011101100101000011110110000000101111100000000010000000100000001000000010000000100000001000000010000000100000001000000010000000100000001000000010000000100000001000000010000000100000001000000010000000100000001000000010000000100000001000000010000000100000001000000010000000100000001000000010000000100000001000000010000000100000001000000010000000100000001000000010000000100000001000000010000000100000001000000010000000100000001000000010000000100000001000000010000000100000001000000010000000100000001000000010000000100000001000000010000000100000001011011000111011101101101001000000010111100100001001000010011000000100010001000010011001100100010000100100010010100010010000110100011000000011000000110110011011100011010000111110011111000011111001001000100001000100101001010000100100000101001001100000101000100101111001100110101010000110001001100100101011000110010001101100101101000110110001100100101100100110011001100100101100100110011001100100101101000110001001100100101101000110001001100100101101000110001001100100101101000110001001100100101101000110001001100010101100100110000001100100101101000110001001100100101101000110001001100100101101000110001001100100101101000110001001100100101101000110001001100100101101000110001001100100101101000110001001100100101101000110001001100100101101000110001001100100101101000110001001100100101101000110001001100100101101000110001001100100101101000110001001100100101101000110001001100100101101000110001001100000101101100110000001100000101101100101110001011100101110000101101001011100101110000101101001011100101110000101101001100000101101100101110001100000101101100101110001100100101101000110000001100100101101000110000001100110101100000110000001100110101100000110000001101010101011100110010001101000101011000110001001100100101010000101111001100000101000100101110001100000101000000101101001011110100111100101100001011000100100100101000001010110100100000100111001010110100100000100111001010000100011100100110001001110100011100101000001001110100100000100110001001100100100000101001001001100100100100100111001010000100101100101001001010010100110100101001001000100100100000100100001011010101011000110000001001010100111000101000001011110101101100110010001010110101100100101111001010000110000000110101001100100111111001001110011100110000000100000001010110010000000100000001010010110000000101111001011000100000000100000001010111110000000100000001010100100000000100000001010100010000000100000001011111000000000100000001011100100000000100000001011011110000000100000001000000010000000100000001011011100000000100000001011100010000000100000001010110000000000100000001010001100000000100000001011011100000000100000001011110010000000100000001011101010000000100000001011011100000000100000001011001100000000100000001010111100000000100000001011001000000000100000001011011000000000100000001011011010000000100000001010111100000000100000001010111010000000100000001011000110000000100000001011011110000000100000001011100000000000100000001010111100000000100000001010101110000000100000001010110110000000100000001011011000000000100000001011011100000000100000001011000110000000100000001010100110000000100000001011010110000000100000001000000010000000100000001011101110000000100000001011000000000000100000001011000010000000100000001011001010000000100000001011010010000000100000001011010010000000100000001010101110000000100000001010010000000000101111101010100100000000100000001010110110000000100000001010111100000000100000001011010000000000100000001011101110000000100000001011101000000000100000001011000100000000100000001011011100000000100000001000000010000000100000001011000110000000100000001011001110000000100000001000000010000000100000001011110000000000100000001011000110000000100000001011100000000000100000001011011100000000100000001011000010000000100000001010111010000000100000001011001010000000100000001010010010000000101111110010110010000000100000001000000010000000100000001000000010000000100000001000000010000000100000001000000010000000100000001000000010000000100000001000000010000000100000001000000010000000100000001000000010000000100000001000000010000000100000001000000010000000100000001011101100000000100000001010110100000000100000001000000010000000100000001000000010000000100000001000000010000000100000001000000010000000100000001000000010000000100000001000000010000000100000001000000010000000100000001000000010000000100000001000000010000000100000001000000010000000100000001000000010000000100000001000000010000000100000001000000010000000100000001000000010000000100000001000000010000000100000001000000010000000100000001000000010000000100000001000000010000000100000001000000010000000100000001000000010000000100000001000000010000000100000001000000010000000100000001000000010000000100000001000000010000000100000001000000010000000100000001000000010000000100000001000000010000000100000001000000010000000100000001000000010000000100000001000000010000000100000001000000010000000100000001000000010000000100000001000000010000000100000001000000010000000100000001000000010000000100000001000000010000000100000001000000010000000100000001000000010000000100000001000000010000000100000001000000010000000100000001000000010000000100000001000000010000000100000001000000010000000100000001000000010000000100000001000000010000000100000001000000010000000101111111000000010000000100000001000000010000000100000001000000010000000100000001000000010000000100000001000000010000000100000001000000010000000100000001000000010000000100000001000000010000000100000001000000010000000100000001000000010000000100000001000000010000000100000001000000010000000100000001000000010000000100000001000000010000000100000001000000010000000100000001000000000000000100000001000000010000000100000001000000010000000100000001000000010000000100000001000000010000000100000001000000010000000100000001000000010000000100000001000000010000000100000001000000010000000100000001000000010000000100000001000000010000000100000001000000010000000100000001000000010000000100000001000000010000000100000001000000010101101000000001000000010100011100000001000000010111111000000001000000010111010100000001000000010100000100000001000000010010001100000001000000010011000000000001000000010101011000000001000000010000000100000001000000010111111000000001000000010100000100000001000000010101100000000001000000010000000100000001000000010000000100000001000000010000000100000001000000010000000100000001000000010000000100000001000000010000000100000001000000010000000100000001000000010000000100000001000000010000000100000001000000010000000100000001000000010000000100000001000000010000000100000001000000010000000100000001000000010000000100000001000000010000000100000001011100110000000100000001011000110000000100000001011000110000000100000001011101100000000100000001011111010000000100000001010010010101110101110011000110110111000100000001001011110111000100000001001011100000000100000001011111100000000100000001000000010000000100000001010001010000000100000001011000100111100100000001001111100000000100000001010110110000000100000001000000010000000100000001011111110110111100000001001101110000000100000001010110100000000100000001010101000111110000000001010000000000000100000001000000010000000100000001011110100000000100000001010101110110101001111110001010110000000100000001010000100111110100000001001111100000000100000001000000010000000100000001011100100111110000000001001111010000000100000001010011010110111000000001001011110110110001111111001011100000000100000001011110100000000100000001011110100000000100000001010010000000000100000001010010010000000100000001010000100000000100000001010001110000000100000001000000010000000100000001011110000000000100000001010110000111101100000001001111110111101000000001001111100000000100000001010001110000000100000001000000010000000100000001011111000000000100000001010110010000000100000001010011100110111000000001001011000000000100000001010001110000000100000001011101110000000100000001000000010000000100000001010001010110100101111111001011010000000100000001010011000000000100000001010010010000000100000001011110000000000100000001011110110110100001111000001010100000000100000001011001000111101100000001010010110111000100000001010011010000000100000001000000010000000100000001000000010000000100000001000000010000000100000001000000010111000100000001000000010111010100000001000000010111110100000001000000010110011100000001000000010110100000000001000000010000000100000001000000010111010000000001000000010110001100000001000000010110001000000001000000010110010100000001000000010110100000000001000000010110110000000001000000010110010100000001000000010111000100000001000000010101001100000001000000010100001100000001011110010100011100000001011111010101011000000001000000010110110000000001000000010110100000000001000000010100111000000001000000010000000100000001000000010111011000000001000000010000000100000001000000010111010100000001000000010111010000000001000000010110111000000001000000010110011100000001000000010111010100000001000000010111011000000001000000010111011000000001000000010011000000000001010010110000101101010010001000000010010101100000001100110010010101010101001010110011100101100010001111000010111001001111001011010011111101011010010000000010110001000011001011010100001001010110010000110000000100000001000000010000000100000001000000010000000100000001000000010000000100000001000000010000000100000001000000010000000100000001000000010000000100000001000000010000000100000001000000010000000100000001000000010000000100000001000000010000000100000001000000010000000100000001000000010000000100000001000000010000000100000001000000010000000100000001000000010000000100000001000000010000000100000001000000010000000100000001000000010000000100000001000000010000000100000001000000010000000100000001000000010000000100000001000000010000000100000001000000010000000100000001000000010000000100000001000000010011000000111100001100000000111100011110000100000010011100110111001001100001100000101011000110000001100000110000000110000001110000110111000111010010000100111100001000100010010101000011001001100010110101001100001011010011000001010001001011110011001001010011001100010011010001011000001101000011010001011001001100110011001001011001001100110011001001011010001100010011001001011010001100010011001001011010001100010011001001011010001100010011001001011010001100010011000101011001001100000011001001011010001100010011001001011010001100010011001001011010001100010011001001011010001100010011001001011010001100010011001001011010001100010011001001011010001100010011001001011010001100010011001001011010001100010011001001011010001100010011001001011010001100010011001001011010001100010011001001011010001100010011001001011010001100010011001001011010001100010011001001011010001100000011000001011011001011100010111001011100001011010010111001011100001011010010111001011100001011010011000001011011001011100011000001011011001100000011001001011010001100000011010001011001001100010011001001010111001011110011001101010101001100000011001001010011001100000011000101010001001011100010111001001101001011000010101101001010001010010010100001000111001001100010100001000101001001000010100101000010001001100010100001000001001001010010011000111111001000110010001100111111001000100010000000111110001000010010000000111111001000100010001001000001001001000010001101000011001001000001111001000000001000010010011101001010001010000010101101001110001011000010001001001000001001000010110001010010001011100011000101011000001100100010100001001111001010010010100001011010001100000001001101011011001011010111100000000001000000010111010000000001000000010110101100000001000000010111001100000001000000010111010000000001000000010111000000000001000000010110000100000001000000010110101000000001000000010101100000000001000000010011100100000001011100110100110100000001000000010100110100000001000000010110101100000001000000010110010100000001000000010100110100000001000000010000000100000001000000010111101000000001000000010000000100000001000000010111111100000001000000010111000100000001000000010110111100000001000000010110010000000001000000010110101100000001000000010111010000000001000000010110000100000001000000010101110100000001000000010101101100000001000000010110001100000001000000010110110100000001000000010110011100000001000000010110010100000001000000010110000100000001000000010111111000000001000000010111101100000001000000010110111100000001000000010101110000000001000000010101000100000001000000010101001000000001000000010110001000000001000000010110100100000001000000010110011000000001000000010111101000000001000000010110111100000001000000010111010000000001000000010110011100000001000000010110000000000001000000010101101100000001000000010111010000000001000000010111110100000001000000010111000000000001000000010110111100000001000000010111111100000001000000010111010000000001000000010111100100000001000000010111011100000001000000010111001100000001000000010111100100000001000000010111010100000001000000010111000000000001000000010111111000000001000000010000000100000001000000010111010100000001000000010110101000000001000000010000000100000001000000010111011000000001000000010110001100000001000000010110011000000001000000010000000100000001000000010000000100000001000000010000000100000001000000010000000100000001000000010000000100000001000000010000000100000001000000010000000100000001000000010000000100000001000000010000000100000001000000010000000100000001000000010000000100000001000000010110101000000001000000010000000100000001000000010000000100000001000000010000000100000001000000010000000100000001000000010000000100000001000000010000000100000001000000010000000100000001000000010000000100000001000000010000000100000001000000010000000100000001000000010000000100000001000000010000000100000001000000010000000100000001000000010000000100000001000000010000000100000001000000010000000100000001000000010000000100000001000000010000000100000001000000010000000100000001000000010000000100000001000000010000000100000001000000010000000100000001000000010000000100000001000000010000000100000001000000010000000100000001000000010000000100000001000000010000000100000001000000010000000100000001000000010000000100000001000000010000000100000001000000010000000100000001000000010000000100000001000000010000000100000001000000010000000100000001000000010000000100000001000000010000000100000001000000010000000100000001000000010000000100000001000000010000000100000001000000010000000100000001000000010000000100000001000000010000000100000001000000010000000100000001000000010000000100000001000000010000000100000001000000010000000100000001000000010000000100000001000000010000000100000001000000010000000100000001000000010000000100000001000000010000000100000001000000010000000100000001000000010000000100000001000000010000000100000001000000010000000100000001000000010000000100000001000000010000000100000001000000010000000100000001000000010000000100000001000000010000000100000001000000010000000100000001000000010000000000000001000000010000000100000001000000010000000100000001000000010000000100000001000000010000000100000001000000010000000100000001000000010000000100000001000000010000000100000001000000010000000100000001000000010000000100000001000000010000000100000001000000010000000100000001000000010000000100000001000000010000000100000001000000010000000100000001000000010000000101111101000000010000000100000001000000010000000100000001000000010000000101010011000000010000000101000011000000010000000101001110000000010000000101110100000000010000000100000001000000010000000100000001000000010000000101101011000000010000000101111110000000010000000100000001000000010000000100000001000000010000000100000001000000010000000100000001000000010000000100000001000000010000000100000001000000010000000100000001000000010000000100000001000000010000000100000001000000010000000100000001000000010000000100000001000000010000000100000001000000010000000100000001000000010000000101110000011110100100111100000001000000010101110100000001000000010110110000000001000000010100010100000001000000010111111100000001000000010111101000000001000000010101110100000001000000010100110001110010000000010010110101101010000000010010010000000001000000010111010100000001000000010110001001101010000000010010010100000001000000010100011100000001000000010100101100000001000000010100011000000001000000010111011000000001000000010000000101110001000000010011010101110111000000010011100100000001000000010100011101111100000000010011110000000001000000010110110100000001000000010111100000000001000000010101010101110011000000010011000000000001000000010011101101111000000000010011010100000001000000010111010000000001000000010110111101111000000000010011010101110110000000010011001100000001000000010101111000000001000000010101101000000001000000010111001100000001000000010000000101101010000000010010011101101111000000010010110101110110000000010011010000000001000000010110001100000001000000010111010000000001000000010000000100000001000000010101000001111111000000010011111100000001000000010100011000000001000000010100001100000001000000010111010100000001000000010000000100000001000000010100110000000001000000010011110100000001000000010100100001100011011101110001111000000001000000010111110100000001000000010111010100000001000000010011110100000001000000010100111100000001000000010101001000000001000000010100011100000001000000010111111000000001000000010111101101110111000000010011010100000001000000010101010000000001000000010100111000000001000000010101101000000001000000010000000100000001000000010000000100000001000000010000000100000001000000010000000101101001000000010000000101110000000000010000000100000001000000010000000101110110000000010000000101101101000000010000000100000001000000010000000101101011000000010000000101101110000000010000000101101010000000010000000101100011000000010000000101100101000000010000000101100010000000010000000101100110000000010000000101101100000000010000000101011111000000010000000101001110000000010000000101000101000000010111101101000111000000010111111101110010000000010000000101111010000000010000000101011110000000010000000101100101000000010000000101011110000000010000000101101001000000010000000101011100000000010000000101100110000000010000000101101000000000010000000101011101000000010000000101010100000000010111111001100011000000010000000100111110000000010101110000010100010111010010101100110000011011100011111000100010010101000010101000110010010110110011010100101100010011010010101000111111010110110011110100110100010010110011010100111100010100100100000000000001000000010000000100000001000000010000000100000001000000010000000100000001000000010000000100000001000000010000000100000001000000010000000100000001000000010000000100000001000000010000000100000001000000010000000100000001000000010000000100000001000000010000000100000001000000010000000100000001000000010000000100000001000000010000000100000001000000010000000100000001000000010000000100000001000000010000000100000001000000010000000100000001000000010000000100000001000000010000000100000001000000010000000100000001000000010000000100000001000000010000000100000001000000010000000100000001000000010000000100000001000000010000000100000001000000010000000100111011010001110011101100011010001001100001101000100000001100000001111100011101001100100001110000010111001011110001011100101000010000000010100000100000001110110010000100100111010001010010100000100111010001110010100000110100010101010011001100110001010101010011000100110100010110010011001100110011010110000011001000110001010110010011000000110010010110100011000100110011010110110011001000110010010110100011000100110100010110010011000100110011010110000011000000110010010110100011000100110010010110100011000100110010010110100011000100110010010110100011000100110010010110100011000100110010010110100011000100110010010110100011000100110010010110100011000100110010010110100011000100110010010110100011000100110010010110100011000100110010010110100011000100110010010110100011000100110010010110100011000100110010010110100011000100110010010110100011000000110010010111010011000000101101010110010010101000110100010111110011001000101011010101100010100100110001010110010010111100110000010110000010111000110101010110100011001000110101010110100011010000110010010100110011000000110001010100010010111000101101010011000010101100101110010010110010101000101110010010100010110000101001010001010010011100100100010000000010001100100111010000000010010000101010010000000010100000100100001110100010001000100111001111010010010100011100001101000001110000101010010000100010101000011101001101110001111100100000001110110010000100011010001101110001110100011111001111100010001100100000001111110010001000100000001111110010001000101100010011000010110100100000010000000010000100101001010010100010100000110100010101010011001100100100010011110010101000010110010101100010110001000001000000010110000000000001000000010000000101110110000000010000000101101010000000010000000101110000000000010000000101100001000000010000000101100111000000010000000101101010000000010000000101011001000000010000000101001101000000010000000101000011000000010111111101000011000000010000000101101010000000010000000101111111000000010000000101011101000000010000000101100100000000010000000101101010000000010000000101100100000000010000000101100011000000010000000101011101000000010000000101100000000000010000000101011000000000010000000101010001000000010000000101000111000000010111111001100000000000010000000101010111000000010000000101100000000000010000000101010110000000010000000101100111000000010000000101110011000000010000000101101110000000010000000101110110000000010000000101100110000000010000000101101011000000010000000101011100000000010000000101011000000000010000000101100000000000010000000101101000000000010000000101100110000000010000000101010111000000010000000101101001000000010000000101100100000000010000000101011010000000010000000101100010000000010000000101110000000000010000000101100101000000010000000101101000000000010000000101111110000000010000000100000001000000010000000101101110000000010000000101110000000000010000000101111011000000010000000101110000000000010000000101011001000000010000000101100101000000010000000101111011000000010000000101111110000000010000000101011111000000010000000101010110000000010000000101101101000000010000000101111000000000010000000101101110000000010000000101101000000000010000000100000001000000010000000101110011000000010000000101110001000000010000000101100000000000010000000101110111000000010000000101111010000000010000000100000001000000010000000100000001000000010000000100000001000000010000000100000001000000010000000100000001000000010000000100000001000000010000000100000001000000010000000100000001000000010000000100000001000000010000000100000001000000010000000101111101000000010000000101111100000000010000000100000001000000010000000100000001000000010000000100000001000000010000000100000001000000010000000100000001000000010000000100000001000000010000000100000001000000010000000100000001000000010000000100000001000000010000000100000001000000010000000100000001000000010000000100000001000000010000000100000001000000010000000100000001000000010000000100000001000000010000000100000001000000010000000100000001000000010000000100000001000000010000000100000001000000010000000100000001000000010000000100000001000000010000000100000001000000010000000100000001000000010000000100000001000000010000000100000001000000010000000100000001000000010000000100000001000000010000000100000001000000010000000100000001000000010000000100000001000000010000000100000001000000010000000100000001000000010000000100000001000000010000000100000001000000010000000100000001000000010000000100000001000000010000000100000001000000010000000100000001000000010000000100000001000000010000000100000001000000010000000100000001000000010000000100000001000000010000000100000001000000010000000100000001000000010000000100000001000000010000000100000001000000010000000100000001000000010000000100000001000000010000000100000001000000010000000100000001000000010000000100000001000000010000000100000001000000010000000100000001000000010000000100000001000000010000000100000001000000010000000100000001000000010000000100000001000000010000000100000001000000010000000100000001000000010000000100000000000000010000000100000001000000010000000100000001000000010000000100000001000000010000000100000001000000010000000100000001000000010000000100000001000000010000000100000001000000010000000100000001000000010000000100000001000000010000000100000001000000010000000100000001000000010000000100000001000000010000000100000001000000010000000100000001011010110000000100000001010101110000000100000001000000010000000100000001000000010000000100000001010010010000000100000001001101100000000100000001001111100000000100000001011000100000000100000001000000010000000100000001000000010000000100000001010001110000000100000001010111100000000100000001000000010000000100000001000000010000000100000001000000010000000100000001000000010000000100000001000000010000000100000001000000010000000100000001000000010000000100000001000000010000000100000001000000010000000100000001000000010000000100000001000000010000000100000001000000010000000100000001000000010000000100000001000000010000000100000001000000010000000100000001011011110000000100111001011010010111110000101011000000010000000101100001011010110111111000100111000000010000000101010101000000010000000101001000011010000111110000100011000000010000000101001101000000010000000101101011000000010000000100000001000000010000000100000001000000010000000100000001000000010000000101100001000000010000000101000001011100100000000100110011000000010000000100000001000000010000000100000001000000010000000101101001000000010000000101000101000000010000000101000000000000010000000100000001010111010111010000011000000000010000000101000011000000010000000100000001011110110000000100110110011001110111111000100010000000010000000100000001000000010000000101100011000000010000000100111101011001010111101100100010011011110000000100101010000000010000000101000011000000010000000101001110000000010000000101110000000000010000000100000001000000010000000100000001000000010000000101011101011110000000000100110101000000010000000100000001000000010000000101111000000000010000000101110101000000010000000101101101000000010000000101001000000000010000000101000011000000010000000100000001000000010000000101011111000000010000000101101110000000010000000100000001000000010000000101000101011100110000000100101100000000010000000100000001011110100000000100110011000000010000000100000001000000010000000100000001011010100000000100100111011011100000000100101110000000010000000101110011000000010000000101101111000000010000000101101001000000010000000100000001011001010111101000101011011000010111111000101111000000010000000101011011000000010000000100000001011001100000000101100010000000010000000100000001011100000000000100000001011001110000000100000001011110010000000100000001011111010000000100000001011010000000000100000001011001110000000100000001011110110000000100000001011110110000000100000001011101000000000100000001011010100000000100000001011010010000000100000001011001010000000100000001011010110000000100000001011100000000000100000001011010010000000100000001011001010000000100000001011011010000000100000001010110100000000100000001011000110000000100000001011100010000000100000001010111110000000100000001010100110000000100000001011010110000000100000001010111010000000100000001011011000000000100000001011001100000000100000001011011000000000100000001011101010000000100000001011001110000000100000001010100110000000101110011000011110101100000100110000011010100111000011101000111100101010100101000001011010101100100110010001110100101101100111000001110010101011000110101001111010101010000111000001101010100100100110110000000010000000100000001000000010000000100000001000000010000000100000001000000010000000100000001000000010000000100000001000000010000000100000001000000010000000100000001000000010000000100000001000000010000000100000001000000010000000100000001000000010000000100000001000000010000000100000001000000010000000100000001000000010000000100000001000000010000000100000001000000010000000100000001000000010000000100000001000000010000000100000001000000010000000100000001000000010000000100000001000000010000000100000001000000010000000100000001000000010000000100000001000000010000000100000001000000010000000100000001000000010000000100000001000000010000000100000001000000010000000100000001000000010000000100000001001100100011101100110001000110100010011100011001001000010011001100100010000100110010100000010010001000100011011100100001000110100011001000011010001001100100000100100111001010100100100000101011001101010101010100110110001100100101001100110000001101000101100000110100001100110101100000110010001100010101100100110000001100100101101000110001001100100101101000110001001100100101101000110001001101000101100100110001001101000101100100110001001100100101101000110001001100100101101000110001001100100101101000110001001100100101101000110001001100100101101000110001001100100101101000110001001100100101101000110001001100100101101000110001001100100101101000110001001100100101101000110001001100100101101000110001001100100101101000110001001100100101101000110001001100100101101000110001001100100101101000110001001100100101101000110001001110000110000100110100001010110101011000101001001100110101101100110001001101010101110100110011001011000101010000101011001100100101011100101111001100000101010100101111001011110101000000101101001011010100110000101101001011010100100100101011001010000100010000100111001001110100000000100100001010000011111000100101001001000011101000100001001000010011011100011111001001000011100100100011001000010011010000100001000111000010111100011100000111010011000000011101001000000011001100100000000111010011000100011110000101110010101100011000000110110011001000011100001000110011110100100110000110000011010100011100000101010011001000011001000110110011100000011110001000000011111000100001001001000100001000100101001001000100000000100010001001110100000100100011001001000100100100100111001000010101101000110011000111100110010100111010011101100000000100000001000000010000000100000001011110010000000100000001011011010000000100000001011010100000000100000001010111100000000100000001010111010000000100000001011001010000000100000001011001110000000100000001011001010000000100000001010110010000000100000001011001110000000100000001011010000000000100000001011000100000000100000001010110100000000100000001011001000000000100000001011000100000000100000001011001010000000100000001011000100000000100000001011010010000000100000001011000010000000100000001010101110000000100000001010001100000000101111110010101010000000100000001011000010000000100000001011001100000000100000001011000010000000100000001011001000000000100000001011010100000000100000001011001110000000100000001011011000000000100000001010110110000000100000001010101110000000100000001010101010000000100000001011010010000000100000001000000010000000100000001000000010000000100000001000000010000000100000001011001010000000100000001011101010000000100000001011000000000000100000001011001110000000100000001011001010000000100000001011100110000000100000001011111010000000100000001011101010000000100000001011101100000000100000001011000000000000100000001011010010000000100000001011111000000000100000001011010100000000100000001010111010000000100000001010100100000000100000001010111010000000100000001011111000000000100000001011111010000000100000001011010100000000100000001010001010000000100000001010100100000000100000001011010110000000100000001011101110000000100000001011010110000000100000001011000000000000100000001000000010000000100000001011101010000000100000001011011100000000100000001011111100000000100000001011111000000000100000001000000010000000100000001000000010000000100000001000000010000000100000001000000010000000100000001000000010000000100000001000000010000000100000001000000010000000100000001000000010000000100000001000000010000000100000001000000010000000100000001011011110000000100000001011100110000000100000001011111100000000100000001000000010000000100000001000000010000000100000001000000010000000100000001000000010000000100000001000000010000000100000001000000010000000100000001000000010000000100000001000000010000000100000001000000010000000100000001000000010000000100000001000000010000000100000001000000010000000100000001000000010000000100000001000000010000000100000001000000010000000100000001000000010000000100000001000000010000000100000001000000010000000100000001000000010000000100000001000000010000000100000001000000010000000100000001000000010000000100000001000000010000000100000001000000010000000100000001000000010000000100000001000000010000000100000001000000010000000100000001000000010000000100000001000000010000000100000001000000010000000100000001000000010000000100000001000000010000000100000001000000010000000100000001000000010000000100000001000000010000000100000001000000010000000100000001000000010000000100000001000000010000000100000001000000010000000100000001000000010000000100000001000000010000000100000001000000010000000100000001000000010000000100000001000000010000000100000001000000010000000100000001000000010000000100000001000000010000000100000001000000010000000100000001000000010000000100000001000000010000000100000001000000010000000100000001000000010000000100000001000000010000000100000001000000010000000100000001000000010000000100000001000000010000000100000001000000010000000100000001000000010000000100000001000000000000000100000001000000010000000100000001000000010000000100000001000000010000000100000001000000010000000100000001000000010000000100000001000000010000000100000001000000010000000100000001000000010000000100000001000000010000000100000001000000010110011100000001000000010110010100000001000000010000000100000001000000010000000100000001000000010011111100000001000000010011110000000001000000010100111100000001000000010101111000000001000000010010100000000001000000010001110100000001000000010001111000000001000000010011011100000001000000010110001100000001000000010100111000000001000000010010101000000001000000010100001000000001000000010000000100000001000000010000000100000001000000010000000100000001000000010000000100000001000000010000000100000001000000010000000100000001000000010000000100000001000000010000000100000001000000010000000100000001000000010000000100000001000000010000000100000001000000010000000100000001000000010000000100000001011110010000000100000001000000010000000100000001011010100000000100000001010011010111110100000001001111110000000100000001000000010000000100000001011111110110101101111110001001110000000100000001010001010110110100000001001010010110110000000001001001110000000100000001011100000000000100000001011110110000000100000001010110010000000100000001000000010110111100000001001011110000000100000001010011100000000100000001011001000000000100000001011001000000000100000001010111110111100100000001001111000111010000000001001101100000000100000001010001000000000100000001011110100110000001111001000111110000000100000001011111110000000100000001010001010111001100000001001100000000000100000001010001000101100101101111000101100000000100000001010010100000000100000001000000010000000100000001000000010000000100000001010001110111010100000001001100110000000100000001000000010000000100000001011010100000000100000001000000010000000100000001000000010110100001111110001001010111011000000001001101000000000100000001000000010000000100000001010101110000000100000001000000010000000100000001010101010000000100000001010001010111101000000001001101100000000100000001000000010000000100000001000000010000000100000001000000010000000100000001000000010111101100000001001101000000000100000001010101010000000100000001010110110000000100000001011001110000000100000001000000010000000100000001000000010111100100000001001101110111000100000001001100100000000100000001010100100000000100000001000000010000000100000001000000010000000100000001011111010000000100000001010001010111001000000001001110110000000100000001010101110101001101111111001100100101001000000001010000000111011100000001011101100111111100000001000000010110100000000001000000010111011000000001000000010111100100000001000000010110110000000001000000010101001000000001000000010111101000000001000000010110110100000001000000010111010000000001000000010111100000000001000000010111000000000001000000010101110000000001000000010101101100000001000000010111000000000001000000010111100000000001000000010111100000000001000000010000000100000001000000010000000100000001000000010110000000000001000000010101010100000001000000010110000100000001000000010111101000000001000000010111000000000001000000010110111100000001000000010111101000000001000000010111001100000001000000010000000100000001000000010000000100000001000000010111111100000001000000010001011001011110001011110010011101100111001110010011101101110010010001010010100001010110001011000011100001011100001110000011011001010011001100100011011101001110001100100100000101010101001111100000000100000001000000010000000100000001000000010000000100000001000000010000000100000001000000010000000100000001000000010000000100000001000000010000000100000001000000010000000100000001000000010000000100000001000000010000000100000001000000010000000100000001000000010000000100000001000000010000000100000001000000010000000100000001000000010000000100000001000000010000000100000001000000010000000100000001000000010000000100000001000000010000000100000001000000010000000100000001000000010000000100000001000000010000000100000001000000010000000100000001000000010000000100000001000000010000000100000001000000010000000100000001000000010000000100000001000000010000000100000001000000010000000100000001000000010000000100000001000000010000000100000001000000010001111000101000000111000001111100101110001000000001101000101101000110100001100100101110000110000001111000110110000111100010100001000011001010010010010001000010001001010010110101001101001011100011010001010101001100100011001101010111001100110011001101011000001100100011001101011000001100000011001101011000001100000011001101011000001100000011010001011001001100010011010001011001001100010011010001011001001100010011001001011001001100110011001001011001001100110011001001011001001100110011001001011001001100110011001001011001001100110011001001011001001100110011001001011001001100110011001001011001001100110011001001011001001100110011001001011001001100110011001001011001001100110011001001011001001100110011001001011001001100110011001001011001001100110011001001011001001100110011001001011010001100010011000001011000001011110010101101010011001010010011011101011100001101000011100001011101001101010010111001010011001011010011101001011011001110000011100101011000001101110010111101001011001011010010110001000111001011010010100101000010001010000010001100111001001000010010000000110101000111110010001100110110001000110010000000110011001000000001101100101101000111000001101000101100000110110010000000101111001000010001111100101110001000000001111000101101000111110010100000110111001010010001101000100111000110010001101100101010000111000001100000101010000110010001110100110000000111110001100100101111000111000001010100101110000110100010000100111011001001000000111000101000000100000010000100111001001000010010010100111110001001000001100100101111000101100010011101000110001010010001110001001111001010100000110001001010001000100101001100000001011100010000000100000001000000010111101100000001000000010110110000000001000000010110001100000001000000010101101000000001000000010110110000000001000000010111011100000001000000010110111100000001000000010000000100000001000000010111111100000001000000010101110000000001000000010100111100000001000000010101111100000001000000010111001100000001000000010111010100000001000000010110110100000001000000010111011000000001000000010111011000000001000000010111101100000001000000010111011100000001000000010110111000000001000000010110111000000001000000010110010000000001000000010111010000000001000000010110111100000001000000010111000000000001000000010110111100000001000000010111010000000001000000010110110000000001000000010101111000000001000000010101110100000001000000010110100100000001000000010111011000000001000000010111100000000001000000010111100000000001000000010111000000000001000000010111001100000001000000010111101100000001000000010111000000000001000000010101100100000001000000010110100100000001000000010110111100000001000000010111011000000001000000010111111100000001000000010110110000000001000000010110111000000001000000010100101000000001000000010110111100000001000000010111010000000001000000010110001000000001000000010100111000000001000000010101010100000001000000010101110100000001000000010111010000000001000000010110001100000001000000010110010000000001000000010101011100000001000000010101011000000001000000010111000100000001000000010110110000000001000000010110100100000001000000010101011100000001000000010000000100000001000000010111001000000001000000010111001100000001000000010000000100000001000000010111100000000001000000010110110000000001000000010000000100000001000000010000000100000001000000010000000100000001000000010000000100000001000000010000000100000001000000010000000100000001000000010000000100000001000000010000000100000001000000010000000100000001000000010000000100000001000000010000000100000001000000010000000100000001000000010000000100000001000000010000000100000001000000010000000100000001000000010000000100000001000000010000000100000001000000010000000100000001000000010000000100000001000000010000000100000001000000010000000100000001000000010000000100000001000000010000000100000001000000010000000100000001000000010000000100000001000000010000000100000001000000010000000100000001000000010000000100000001000000010000000100000001000000010000000100000001000000010000000100000001000000010000000100000001000000010000000100000001000000010000000100000001000000010000000100000001000000010000000100000001000000010000000100000001000000010000000100000001000000010000000100000001000000010000000100000001000000010000000100000001000000010000000100000001000000010000000100000001000000010000000100000001000000010000000100000001000000010000000100000001000000010000000100000001000000010000000100000001000000010000000100000001000000010000000100000001000000010000000100000001000000010000000100000001000000010000000100000001000000010000000100000001000000010000000100000001000000010000000100000001000000010000000100000001000000010000000100000001000000010000000100000001000000010000000100000001000000010000000100000001000000010000000100000001000000010000000100000001000000010000000100000001000000010000000100000001000000010000000100000001000000010000000100000001000000010000000100000001000000010000000100000001000000010000000100000001000000010000000000000001000000010000000100000001000000010000000100000001000000010000000100000001000000010000000100000001000000010000000100000001000000010000000100000001000000010000000100000001000000010000000100000001000000010000000100000001000000010000000101110010000000010000000101100111000000010000000100000001000000010000000100000001000000010000000101000011000000010000000100101111000000010000000101010111000000010000000101011111000000010000000100101011000000010000000100011100000000010000000100011110000000010000000100111010000000010000000101100110000000010000000101010110000000010000000100100101000000010000000101000010000000010000000100000001000000010000000100000001000000010000000100000001000000010000000100000001000000010000000100000001000000010000000100000001000000010000000100000001000000010000000100000001000000010000000100000001000000010000000100000001000000010000000100000001000000010000000100000001000000010000000100000001000000010111111100000001000000010111010000000001000000010111010000000001000000010100101100000001000000010101101000000001000000010110010000000001000000010101010100000001000000010111001001111111000000010011110100000001000000010101101100000001000000010110010100000001000000010101111100000001000000010101100100000001000000010100000000000001000000010100001000000001000000010101000000000001000000010110011000000001000000010110111000000001000000010101111000000001000000010101101100000001000000010110001000000001000000010100011001111011000000010011110100000001000000010100001100000001000000010110011000000001000000010110000000000001000000010110111000000001000000010110101000000001000000010100000000000001000000010110011000000001000000010100100100000001000000010101111100000001000000010100101001110101000000010011010100000001000000010101100100000001000000010101111000000001000000010100111001111100000000010011110000000001000000010101001000000001000000010101111000000001000000010110011100000001000000010101111101110101000000010011010100000001000000010100001000000001000000010101111100000001000000010100101101111001000000010011011100000001000000010111100100000001000000010111000000000001000000010100010000000001000000010111001000000001000000010111000100000001000000010101000000000001000000010101111000000001000000010111101000000001000000010110010000000001000000010111010000000001000000010110001101111101000000010011111000000001000000010100011100000001000000010111010100000001000000010111000000000001000000010110111000000001000000010100011100000001000000010101010000000001000000010101100000000001000000010101110101100111000000010100100101010110000000010100100101111100000000010000000100000001000000010000000100000001000000010000000101111011000000010000000101100111000000010000000101010001000000010000000101100010000000010000000101001101000000010000000101100001000000010000000101110101000000010000000101101011000000010000000101001111000000010000000101001101000000010000000101101101000000010000000101111101000000010000000100000001000000010000000100000001000000010000000101111000000000010000000101010001000000010000000101010011000000010000000101110111000000010000000101101100000000010000000101100110000000010000000101110010000000010000000101101110000000010000000100000001000000010000000101110010000000010000000101111100000000010000000100111011000000010101011000011110010111010011000100100010010110000010110100101001010101110010110100110010010110010011001100110110010101010011010000111011010100100011011000111101010100100011100101111101000000010111101100000001000000010000000100000001000000010000000100000001000000010000000100000001000000010000000100000001000000010000000100000001000000010000000100000001000000010000000100000001000000010000000100000001000000010000000100000001000000010000000100000001000000010000000100000001000000010000000100000001000000010000000100000001000000010000000100000001000000010000000100000001000000010000000100000001000000010000000100000001000000010000000100000001000000010000000100000001000000010000000100000001000000010000000101111110011110100111111101000010001111100100001100100110001000100010011100001100000010010000101100100011001000000010001001000010010000100100001000000001000000010000000100000001000000010000000100000001000000010000000100000001000000010000000100000001000000010000000100011100001010010001101100100010001100100010000100011001001011000001100100100010001101110010000100100110001111100010011000100011001111110010001000101010010010010010101000110010010100110011000100110001010101010011000100110011010110000011001000110011010110000011000000110011010110000011000000110011010110000011000000110100010110010011000100110101010110100011001000110100010110010011000100110010010110010011001100110010010110010011001100110010010110010011001100110010010110010011001100110010010110010011001100110010010110010011001100110010010110010011001100110010010110010011001100110010010110010011001100110010010110010011001100110010010110010011001100110010010110010011001100110010010110010011001100110010010110010011001100110010010110010011001100110010010110010011001100110111010111000011011000110100010110010011001100110110010101110011010000101110010011110010110000110110010101110011010100110101010101000011010100101111010010110010111000101110010001110010110100100011001110100010010000101010001111100010101100110000010000100011000100111010010010010011101101001011010110000100101001011001011001010101100101100110011100100110011001110010011111010111001101101110011111000111000101101101011110000110111001100011011011100110010001100000011010010101111101000101010011010100001101000010010010110100000100101110001110000010110000010100001000100001011000001110000111110001000100100110001110010010100000010111001011010001101000010110001011010001011100011011001100000001101000011000001011000001010100110011010001110011000000100100001111110010010100011000010000010010000100010010010010000010001100011111010111000011011001101110000000010000000101111010000000010000000101111011000000010000000101001110000000010000000101010000000000010000000101100110000000010000000101111011000000010000000101101010000000010000000100000001000000010000000100000001000000010000000101010000000000010000000101011101000000010000000101111011000000010000000101110000000000010000000101110001000000010000000101101001000000010000000101110101000000010000000101101110000000010000000101100110000000010000000101100101000000010000000101100100000000010000000101101111000000010000000101011101000000010000000101100001000000010000000101011001000000010000000101100010000000010000000101101110000000010000000101111011000000010000000101101001000000010000000101100000000000010000000101101110000000010000000101110000000000010000000101101001000000010000000101010010000000010000000101010001000000010000000101011111000000010000000101111101000000010000000100000001000000010000000101011111000000010000000101010001000000010000000101010111000000010000000101110000000000010000000101110010000000010000000101100011000000010000000101010101000000010000000101100110000000010000000101010001000000010000000101100001000000010000000101100000000000010000000101101011000000010000000101101101000000010000000101101000000000010000000101100010000000010000000101110110000000010000000101101100000000010000000101011111000000010000000101101111000000010000000101101111000000010000000101101001000000010000000101110111000000010000000101101100000000010000000101101100000000010000000101110001000000010000000101011100000000010000000101011110000000010000000101111100000000010000000101110001000000010000000101101000000000010000000100000001000000010000000100000001000000010000000100000001000000010000000100000001000000010000000100000001000000010000000100000001000000010000000100000001000000010000000100000001000000010000000100000001000000010000000100000001000000010000000100000001000000010000000100000001000000010000000100000001000000010000000100000001000000010000000100000001000000010000000100000001000000010000000100000001000000010000000100000001000000010000000100000001000000010000000100000001000000010000000100000001000000010000000100000001000000010000000100000001000000010000000100000001000000010000000100000001000000010000000100000001000000010000000100000001000000010000000100000001000000010000000100000001000000010000000100000001000000010000000100000001000000010000000100000001000000010000000100000001000000010000000100000001000000010000000100000001000000010000000100000001000000010000000100000001000000010000000100000001000000010000000100000001000000010000000100000001000000010000000100000001000000010000000100000001000000010000000100000001000000010000000100000001000000010000000100000001000000010000000100000001000000010000000100000001000000010000000100000001000000010000000100000001000000010000000100000001000000010000000100000001000000010000000100000001000000010000000100000001000000010000000100000001000000010000000100000001000000010000000100000001000000010000000100000001000000010000000100000001000000010000000100000001000000010000000100000001000000010000000100000001000000010000000100000001000000010000000100000001000000010000000100000001000000010000000100000001000000010000000100000001000000010000000100000001000000010000000100000001000000010000000100000001000000010000000100000001000000010000000100000000000000010000000100000001000000010000000100000001000000010000000100000001000000010000000100000001000000010000000100000001000000010000000100000001000000010000000100000001000000010000000100000001000000010000000100000001000000010000000100000001000000010000000100000001000000010000000100000001000000010000000100000001000000010000000100000001011111000000000100000001011001110000000100000001000000010000000100000001000000010000000100000001010010110000000100000001001101110000000100000001010001000000000100000001011010110000000100000001000000010000000100000001000000010000000100000001010110100000000100000001011100100000000100000001000000010000000100000001000000010000000100000001000000010000000100000001000000010000000100000001000000010000000100000001000000010000000100000001000000010000000100000001000000010000000100000001000000010000000100000001000000010000000100000001000000010000000101011101000000010000000100000001000000010000000101010010011111110000000101001000000000010000000101100100000000010000000101001100000000010000000101010010000000010000000101001100000000010000000101001000000000010000000101101111000000010000000101101010000000010000000101101100000000010000000101011111011011110000000100101111000000010000000101110010000000010000000101110101000000010000000101010001000000010000000101011010000000010000000101011000000000010000000101010001000000010000000101000101000000010000000101101001000000010000000101010001000000010000000101111111000000010000000101001000000000010000000101100010000000010000000101001111000000010000000101100001000000010000000101100011000000010000000101010001000000010000000101000011000000010000000101101001000000010000000101100000000000010000000101001001000000010000000101101111000000010000000101111111000000010000000101011100000000010000000101110111000000010000000101010011000000010000000101101110000000010000000101111001000000010000000101000110000000010000000101000111000000010000000101011111000000010000000101100001000000010000000101010001000000010000000101110110000000010000000101001010000000010000000101111001000000010000000101110111000000010000000101110111000000010000000101101111000000010000000101000100000000010000000101001010000000010000000101000011000000010000000101011110000000010000000101100101000000010000000101101010000000010000000101111010000000010000000101001000000000010000000101011110000000010000000101100010011110100000000100111001000000010000000101001000000000010000000100000001000000010000000101100000011111100000000100111110000000010000000101001100000000010000000101011110011111110000000101010100011011010000000101010010011101010000000101101110000000010000000100000001000000010000000100000001011100010000000100000001011010000000000100000001011010000000000100000001011000110000000100000001010101010000000100000001010111100000000100000001011101100000000100000001011100110000000100000001011000110000000100000001011001100000000100000001011011110000000100000001010111010000000100000001011000000000000100000001010100100000000100000001010001110000000100000001010111110000000100000001011101100000000100000001011111000000000100000001010101000000000100000001011101000000000100000001011011100000000100000001011100000000000100000001011011000000000100000001011100110000000100000001010001110000000101100110000101010101100000101011001010000110000000110101001010100101101000110000001101000101101100110101001110100101101000110111001111110101011100111001001101100100101100110010010110100110101101010110000000010000000100000001000000010000000100000001000000010000000100000001000000010000000100000001000000010000000100000001000000010000000100000001000000010000000100000001000000010000000100000001000000010000000100000001000000010000000100000001000000010000000100000001000000010000000100000001000000010000000100000001000000010000000100000001000000010000000100000001000000010000000100000001000000010000000100000001000000010000000100000001000000010000000100000001000000010000000100000001000000010000000100000001000101000001001100010101000000000000000000000001000011010000110000000010000000000000000100001001000001100000100000000010000000000000000100000001000000010000000100000000000000000000000000100111001010000010011000000001000000010000000100000001000000010000000100000001000000010000000101001011010101010100100100010111001001100001100000011111001100010010000000011000001011000001100100011110001101100001111000100101010000000010011000101110010011000010111100101011010011000010101000101111010100110010111100110010010101110011000100110100010110010011000100110011010110000011000000110011010110000011000000110100010110010011000100110111010110100011001000110100010110010011000100110010010110010011001100110010010110010011001100110010010110010011001100110010010110010011001100110010010110010011001100110010010110010011001100110010010110010011001100110010010110010011001100110010010110010011001100110010010110010011001100110010010110010011001100110010010110010011001100110010010110010011001100110010010110010011001100110010010110010011001100110100010110010011001100110100010101010011001000111100010111010011101000111101010111000011101100110100010100110011010000101111010010110010111000110010010010110011000100100111001111110010011100101001001111100010100001000110010110000100011101100010011100010110001100000001000000010000000100000001000000010000000100000001000000010000000100000001000000010000000100000001000000010000000100000001000000010000000100000001000000010000000100000001000000010000000100000001000000010000000100000001000000010000000100000001000000010000000100000001000000010000000100000001000000010000000101101111011101110111000001000101010100000100011000010001001000100001010100001011000111100000111100100100001101110010011000011101001100000001111100011100001011110001110000011101001011010001101100011001001011110001011100011001001110110001110100011111010010100010100100010100010010100010011101001001000000010110001100000001000000010000000100000001000000010000000101011011000000010000000101100110000000010000000101100111000000010000000101100101000000010000000101010001000000010000000101001110000000010000000101010110000000010000000101010011000000010000000101110011000000010000000101111101000000010000000101011010000000010000000101101001000000010000000101100111000000010000000101101111000000010000000101100000000000010000000101010110000000010000000101011010000000010000000101011010000000010000000101010010000000010000000101010111000000010000000101010000000000010000000101001010000000010000000101000111000000010000000101011001000000010000000101101111000000010000000101011001000000010000000101010000000000010000000101101000000000010000000101100010000000010000000101001101000000010000000101000011000000010111111001100000000000010000000101111001000000010000000100000001000000010000000101111001000000010000000101110011000000010000000101100001000000010000000101100001000000010000000101111000000000010000000101111011000000010000000101100000000000010000000101011011000000010000000101100100000000010000000101101111000000010000000101101001000000010000000101101110000000010000000101101011000000010000000101111011000000010000000101110100000000010000000101101100000000010000000101101101000000010000000101110000000000010000000100000001000000010000000101111001000000010000000100000001000000010000000101111110000000010000000100000001000000010000000100000001000000010000000100000001000000010000000101111110000000010000000101110111000000010000000101110100000000010000000100000001000000010000000100000001000000010000000100000001000000010000000101111011000000010000000100000001000000010000000100000001000000010000000100000001000000010000000100000001000000010000000100000001000000010000000100000001000000010000000100000001000000010000000100000001000000010000000100000001000000010000000100000001000000010000000100000001000000010000000100000001000000010000000100000001000000010000000100000001000000010000000100000001000000010000000100000001000000010000000100000001000000010000000100000001000000010000000100000001000000010000000100000001000000010000000100000001000000010000000100000001000000010000000100000001000000010000000100000001000000010000000100000001000000010000000100000001000000010000000100000001000000010000000100000001000000010000000100000001000000010000000100000001000000010000000100000001000000010000000100000001000000010000000100000001000000010000000100000001000000010000000100000001000000010000000100000001000000010000000100000001000000010000000100000001000000010000000100000001000000010000000100000001000000010000000100000001000000010000000100000001000000010000000100000001000000010000000100000001000000010000000100000001000000010000000100000001000000010000000100000001000000010000000100000001000000010000000100000001000000010000000100000001000000010000000100000001000000010000000100000001000000010000000100000001000000010000000100000001000000010000000100000001000000010000000100000001000000010000000100000001000000010000000100000001000000010000000100000001000000010000000100000001000000010000000100000001000000010000000100000001000000010000000100000001000000010000000100000001000000010000000100000001000000010000000100000001000000010000000100000001000000010000000100000001000000010000000100000001000000010000000100000000000000010000000100000001000000010000000100000001000000010000000100000001000000010000000100000001000000010000000100000001000000010000000100000001000000010000000100000001000000010000000100000001000000010000000100000001000000010000000100000001000000010000000100000001000000010000000100000001000000010000000100000001000000010000000100000001000000010000000100000001000000010000000100000001000000010000000100000001000000010000000100000001010110000000000100000001010001110000000100000001010101000000000100000001011110110000000100000001000000010000000100000001000000010000000100000001011100000000000100000001000000010000000100000001000000010000000100000001000000010000000100000001000000010000000100000001000000010000000100000001000000010000000100000001000000010000000100000001000000010000000100000001000000010000000100000001000000010000000100000001000000010000000100000001011101110000000101001011000000010000000100000001000000010000000101111101000000010000000101011001000000010000000101011011000000010000000101000110011100100000000100110110000000010000000100000001000000010000000101111001011101000000000100110110011101100000000100110111011110010000000100111010000000010000000101000010000000010000000100000001000000010000000101111100011111110000000101000011011011110000000100110011000000010000000101100001011100100000000100110110000000010000000101110110000000010000000101111100011010010111110000101011000000010000000101010001011010100000000100101101011101000000000100110111000000010000000101110100000000010000000100000001000000010000000101011000000000010000000101000111011101100000000100111000011111100000000101000000000000010000000101110110000000010000000100000001000000010000000101101011011100100000000100110100000000010000000101001110011010100111110100101100000000010000000101111101000000010000000100000001011111100000000101000000000000010000000101001011000000010000000101000111000000010000000101011001000000010000000101110111000000010000000101111100011010110000000100101101011100110000000100110100000000010000000101001100000000010000000101001001000000010000000100000001000000010000000101110110000000010000000100111101000000010000000101001000000000010000000100111110011101100000000100110100000000010000000101111010000000010000000101111010000000010000000101001011000000010000000101001100000000010000000101011101000000010000000101001110000000010000000101111101000000010000000101111011011100100000000100101110011111110000000100111011000000010000000100111011011101100000000100110000000000010000000101111110000000010000000101111101010111110111100100101011011110000000000101010100011000000000000101010000000000010000000100000001011101000000000100000001011110110000000100000001011110100000000100000001011101100000000100000001011100110000000100000001011010010000000100000001011001010000000100000001011111000000000100000001000000010000000100000001011110100000000100000001011101000000000100000001000000010000000100000001010110110000000100000001011000010000000100000001011000110000000100000001011100010000000100000001000000010000000100000001011011110000000100000001010100110000000100000001010111000000000100000001011100000000000100000001011001110000000100000001011000010000000100000001011010000000000100000001011001000000000100000001000110010110000000110101001000000101110000110011001011010101111100110101001010010101001000101100001110000101100000110101001111100101011000110110001101110100110100110001001111010100111100111000000000010000000100000001000000010000000100000001000000010000000100000001000000010000000100000001000000010000000100000001000000010000000100000001000000010000000100000001000000010000000100000001000000010000000100000001000000010000000100000001000000010000000100000001000000010000000100000001000000010000000100000001000000010000000100000001000000010000000100000001000000010000000100000001000000010000000100000001000000010000000100000001000000010000000100000001000000010000000100000001011101010111010101110101000001000000010000000100000000000000000000000001000000110000001000000100000001110000010000000110000001010000001000000100000000110000000000000010000011100000101100001101000001110000011100000111000000000000000000000000000000110000010000000010000010000000100100000111011011110111001101101110000000010000000100000001000000010000000100000001000110110010011100011011001000000010111100100001000110000010101100011000001000110011100000100010001000100011110100100011001010000100011000101001001010100100101100101001001011010101000100101101001100100101011100110001001101000101100100110001001100110101100000110000001100110101100000110000001101010101101000110010001101110101101000110010001100110101100000110000001101000101100100110011001100100101100100110011001100100101100100110011001100100101100100110011001100100101100100110011001100100101100100110011001100100101100100110011001100100101100100110011001100100101100100110011001100100101100100110011001100100101100100110011001100100101100100110011001100100101100100110011001100100101100100110011001100100101100100110011001101000101100000110100001100000101000100101111001110110101101000111011001011100100110100101110001110000101010000110111001011110100100000101110001101010100101100110011001111110101001101000000000000010000000100000001000000010000000100000001000000010000000100000001000000010000000100000001000000010000000100000001000000010000000100000001000000010000000100000001000000010000000100000001000000010000000100000001000000010000000100000001000000010000000100000001000000010000000100000001000000010000000100000001000000010000000100000001000000010000000100000001000000010000000100000001000000010000000100000001000000010000000100000001000000010000000100000001001111000100110101000000000101010010100000011001000111000010110100011111000111000010110000011011000101000010000100010001001101010100011000110001000110010011010000011010000011100011001000010100000101010100000100100010001001010101111100111100000000010000000100000001000000010000000100000001011110100000000100000001011110110000000100000001011111000000000100000001010111000000000100000001011001010000000100000001010111100000000100000001011101110000000100000001000000010000000100000001011111010000000100000001011010100000000100000001010110010000000100000001011010100000000100000001010111010000000100000001010111010000000100000001010110100000000100000001011000100000000100000001011010100000000100000001010110110000000100000001010100010000000100000001011011100000000100000001011011010000000100000001011010010000000100000001010101100000000100000001011001100000000100000001000000010000000100000001011111010000000100000001011001000000000100000001011101000000000100000001011011110000000100000001011001110000000100000001011001110000000100000001011110010000000100000001000000010000000100000001011100100000000100000001010110010000000100000001000000010000000100000001011100110000000100000001011110110000000100000001011111100000000100000001000000010000000100000001011010010000000100000001011010100000000100000001011111010000000100000001011111110000000100000001000000010000000100000001000000010000000100000001011101100000000100000001011101000000000100000001000000010000000100000001000000010000000100000001011110000000000100000001011111100000000100000001000000010000000100000001000000010000000100000001000000010000000100000001000000010000000100000001000000010000000100000001000000010000000100000001000000010000000100000001000000010000000100000001000000010000000100000001000000010000000100000001000000010000000100000001000000010000000100000001000000010000000100000001000000010000000100000001000000010000000100000001000000010000000100000001000000010000000100000001000000010000000100000001000000010000000100000001000000010000000100000001000000010000000100000001000000010000000100000001000000010000000100000001000000010000000100000001000000010000000100000001011110100000000100000001011101110000000100000001000000010000000100000001000000010000000100000001000000010000000100000001000000010000000100000001000000010000000100000001000000010000000100000001000000010000000100000001000000010000000100000001000000010000000100000001000000010000000100000001000000010000000100000001000000010000000100000001000000010000000100000001000000010000000100000001000000010000000100000001000000010000000100000001000000010000000100000001000000010000000100000001000000010000000100000001000000010000000100000001000000010000000100000001000000010000000100000001000000010000000100000001000000010000000100000001000000010000000100000001000000010000000100000001000000010000000100000001000000010000000100000001000000010000000100000001000000010000000100000001000000010000000100000001000000010000000100000001000000010000000100000001000000010000000100000001000000010000000100000001000000010000000100000001000000010000000100000001000000010000000100000001000000010000000100000001000000010000000100000001000000010000000100000001000000010000000100000001000000010000000100000001000000010000000100000001000000010000000100000001000000010000000100000001000000010000000100000001000000010000000100000001000000010000000100000001000000010000000100000001000000010000000100000001000000010000000100000001000000010000000100000001000000010000000100000001000000010000000100000001000000010000000100000001000000000000000100000001000000010000000100000001000000010000000100000001000000010000000100000001000000010000000100000001000000010000000100000001000000010000000100000001000000010000000100000001000000010000000100000001000000010000000100000001000000010000000100000001000000010000000100000001000000010000000100000001000000010000000100000001000000010101101000000001000000010100111100000001000000010000000100000001000000010000000100000001000000010100101100000001000000010011011000000001000000010011110000000001000000010101111000000001000000010000000100000001000000010111111000000001000000010011110100000001000000010101010100000001000000010000000100000001000000010000000100000001000000010000000100000001000000010000000100000001000000010000000100000001000000010000000100000001000000010000000100000001000000010000000100000001000000010000000100000001000000010111010100000001010011100111100100000001010001110000000100000001000000010000000100000001011111010111100100000001001110010111101000000001001110100000000100000001010010100111010000000001001110000000000100000001011111100000000100000001000000010110110100000001001100010000000100000001010101010111110100000001001111100111100100000001001110000000000100000001011111000000000100000001000000010000000100000001010010110110111100000001001011110000000100000001010100000101101001101111000110100000000100000001000000010000000100000001000000010111011000000001001101000110010001111100001001000110011001111111001001010111000000000001001011110000000100000001011101110000000100000001011110010111101000000001001110010110001101111001001000010111100000000001001101100000000100000001010011000000000100000001011111000000000100000001011100110000000100000001010001110110101000000001001010000111110000000001001110100000000100000001010000010000000100000001011100110000000100000001011101000000000100000001010011010111100000000001001101100000000100000001010110010101111001110100000111000000000100000001011111100000000100000001011100110110110000000001001010010110101000000001001001110000000100000001010110010000000100000001010001110000000100000001011101000000000100000001000000010000000100000001001111010111101100000001001101010000000100000001001110010000000100000001010100100000000100000001011101000000000100000001011110010000000100000001010101110000000100000001001111100000000100000001010010010110111101111011001010010000000100000001011110010000000100000001000000010000000100000001010001100000000100000001001111000000000100000001010010110111100100000001001100010000000100000001011111100000000100000001011110000111110000000001001111100111111100000001010100100000000100000001011010100100110000000001010011000000000100000001000000010000000100000001000000010000000100000001000000010000000100000001000000010000000100000001000000010111000100000001000000010110101000000001000000010111101000000001000000010000000100000001000000010111111000000001000000010111010100000001000000010111001000000001000000010101010000000001000000010100111000000001000000010101000100000001000000010110011000000001000000010110110000000001000000010110100100000001000000010110111000000001000000010110011000000001000000010110010000000001000000010110010100000001000000010101101000000001000000010111010000000001000000010010001101110010010001110001111001100011001110000001110001010100001010110011001001011111001110000011100101011110001110000011001001001101001010110011110001010010001101010100010001010111001111100110010001110011010111100000000100000001000000010000000100000001000000010000000100000001000000010000000100000001000000010000000100000001000000010000000100000001000000010000000100000001000000010000000100000001000000010000000100000001000000010000000100000001000000010000000100000001000000010000000100000001000000010000000100000001000000010000000100000001000000010000000100000001000000010000000100000001000000010000000100000001000000010000000100000001000000010000000100000001000000010000000100000001000000010000000000000011000000010000000000000001000000000000011000000110000001100000000000000000000000000000001000000000000000000000111000001100000011000000001000000000000000000000010100000011000000110000001000000000000000000000010100000011000000110000010000000101000000110000011100001000000001100000001100000100000000100000000100000001000000010000000100000001000000010101010001100000010101000001101100101010000111000001110100101111000111100010010100111010001001000001111000111001000111110010000100111111001000100010110001001101001010110010101101001111001010110011000101010110001100000011010101011010001100100011010001011001001100010011001101011000001100000011010101011010001100100011011101011010001100100011001101011000001100000011010001011001001100110011001001011001001100110011001001011001001100110011001001011001001100110011001001011001001100110011001001011001001100110011001001011001001100110011001001011001001100110011001001011001001100110011001001011001001100110011001001011001001100110011001001011001001100110011001001011001001100110011001001011001001100110011001001011001001100110011010001011000001101000011011101010110001101110011001101001111001100100011110101011000001111100011001001001010001100100010011000111101001001110111011100000001011110000000000100000001000000010000000100000001000000010000000100000001000000010000000100000001000000010000000100000001000000010000000100000001000000010000000100000001000000010000000100000001000000010000000100000001000000010000000100000001000000010000000100000001000000010000000100000001000000010000000100000001000000010000000100000001000000010000000100000001000000010000000100000001000000010000000100000001000000010000000100000001000000010000000100000001000000010000000100000001000000010000000100000001000000010110100101111010011011010010010100110011001001110010010000110011001001010001111000101011000111010001011100100101000100110010011100111011001001000001010100110010000110000001001000111010000111100001011101001001001010010110001100000001000000010000000100000001000000010000000100000001000000010111011000000001000000010111001000000001000000010100111100000001000000010101101000000001000000010101100000000001000000010110010100000001000000010111001000000001000000010111000100000001000000010111000100000001000000010110110000000001000000010111000000000001000000010101011000000001000000010101100100000001000000010110000100000001000000010111000000000001000000010111011100000001000000010110000000000001000000010110010100000001000000010111101000000001000000010111101100000001000000010111000100000001000000010101011000000001000000010101001000000001000000010101111000000001000000010101111100000001000000010110010000000001000000010111000000000001000000010000000100000001000000010000000100000001000000010000000100000001000000010111100100000001000000010111000100000001000000010101111000000001000000010101111000000001000000010000000100000001000000010111110000000001000000010111111100000001000000010000000100000001000000010111100100000001000000010110101100000001000000010111101000000001000000010000000100000001000000010000000100000001000000010000000100000001000000010000000100000001000000010000000100000001000000010000000100000001000000010000000100000001000000010000000100000001000000010000000100000001000000010000000100000001000000010110011000000001011000100000000100000001000000010000000100000001011110010110011100000001010110010000000100000001000000010000000100000001011101000111000000000001011001110111111000000001011101010000000100000001011111000110110000000001010111100101110100000001010101000000000100000001011111110000000100000001000000010000000100000001000000010000000100000001000000010000000100000001000000010000000100000001000000010000000100000001000000010000000100000001000000010000000100000001000000010000000100000001000000010000000100000001000000010000000100000001000000010000000100000001000000010111110100000001000000010110110000000001000000010111011000000001000000010000000100000001000000010000000100000001000000010000000100000001000000010000000100000001000000010000000100000001000000010000000100000001000000010000000100000001000000010000000100000001000000010000000100000001000000010000000100000001000000010000000100000001000000010000000100000001000000010000000100000001000000010000000100000001000000010000000100000001000000010000000100000001000000010000000100000001000000010000000100000001000000010000000100000001000000010000000100000001000000010000000100000001000000010000000100000001000000010000000100000001000000010000000100000001000000010000000100000001000000010000000100000001000000010000000100000001000000010000000100000001000000010000000100000001000000010000000100000001000000010000000100000001000000010000000100000001000000010000000100000001000000010000000100000001000000010000000100000001000000010000000100000001000000010000000100000001000000010000000100000001000000010000000100000001000000010000000100000001000000010000000100000001000000010000000100000001000000010000000100000001000000010000000100000001000000010000000100000001000000010000000100000001000000010000000100000001000000010000000100000001000000010000000100000001000000010000000100000001000000010000000100000001000000010000000100000001000000010000000100000001000000010000000100000001000000010000000100000001000000010000000100000001000000010000000000000001000000010000000100000001000000010000000100000001000000010000000100000001000000010000000100000001000000010000000100000001000000010000000100000001000000010000000100000001000000010000000100000001000000010000000100000001000000010000000101111000000000010000000101101110000000010000000100000001000000010000000100000001000000010000000101001010000000010000000101000001000000010000000101100110000000010000000101110100000000010000000100111101000000010000000100101110000000010000000100101101000000010000000101000101000000010000000101110001000000010000000101011101000000010000000100110010000000010000000101000110000000010000000100000001000000010000000100000001000000010000000100000001000000010000000100000001000000010000000100000001000000010000000100000001000000010000000100000001000000010000000100000001000000010000000100000001000000010000000101101100011110010100000101111110000000010100011100000001000000010000000100000001000000010000000100000001000000010111111001111101000000010011110100000001000000010101110000000001000000010101001101110101000000010011101000000001000000010100111000000001000000010000000101111111000000010100000100000001000000010110011101110010000000010011001000000001000000010101001000000001000000010110111100000001000000010000000101100001011101100010000100000001000000010101010001101100000000010010101001010101011010110001001100000001000000010110101101100010011110000010000000000001000000010111100001110010000000010011000101111010000000010011100100000001000000010000000100000001000000010100101000000001000000010000000101101010000000010010100000000001000000010100010001111100000000010011110000000001000000010000000100000001000000010000000100000001000000010000000101111001000000010011011101111001000000010011011101101100000000010010101000000001000000010101010000000001000000010000000100000001000000010110101100000001000000010000000101110000000000010011000000000001000000010101101101101001011111110010011100000001000000010101001100000001000000010100111000000001000000010000000101101110000000010010101100000001000000010100101001110000000000010010110000000001000000010000000100000001000000010110001000000001000000010100101000000001000000010101001000000001000000010100010100000001000000010000000100000001000000010000000100000001000000010000000100000001000000010110111001110011000000010010110100000001000000010100011101101011011101000010001100000001000000010101101100000001000000010100110000000001000000010111000100000001000000010100011000000001000000010011111000000001000000010111011000000001000000010111100100000001000000010000000100000001000000010110100101110010000000010101001001011111000000010101011100000001000000010000000101110011000000010000000101101111000000010000000101110011000000010000000100000001000000010000000101010111000000010000000101001101000000010000000101001111000000010000000101010100000000010000000101011100000000010000000101100011000000010000000101101010000000010000000101011100000000010000000101100010000000010000000101100010000000010000000101100111000000010000000101101010000000010000000101110001000000010000000101100011000000010000000101101111000000010000000101101011000000010000000101100111000000010000000101110001000000010000000100110010000000010101011100011011011000100011011100011100010110000010111100100111010110010011000100110001010110100011010000110100010101000011000100111111010110100011100100111111010101010011100100110111010010010011001000000001000000010000000100000001000000010000000100000001000000010000000100000001000000010000000100000001000000010000000100000001000000010000000100000001000000010000000100000001000000010000000100000001000000010000000100000001000000010000000100000001000000010000000100000001000000010000000100000001000000010000000100000001000000010000000100000001000000010000000100000001000000010000000100000001000000010000000100000001000000010000000100000001000000010000000100000001000000010000000100000110000010010000011100001001000011000000000100000100000000100000000000000000000000000000100000001000000010000000110000000011000000010000000100000111000001010000010100000011000000010000000100000001000000010000000100000001000000010000000100000001000000010000000101111100011111010111101100010010000100110001000100010101000110000001011000000001000000010000000100000001000000010000000100011010001001100001101000011010001011000001101100011010001100010001101100100100001111110010010100100101010000110010011000101000010010010010011100101100010011010010101000110001010101100011000000110101010110100011010000110100010110010011000100110100010110010011000100110101010110100011001000110111010110100011001000110010010101110010111100110010010110010011001100110010010110010011001100110010010110010011001100110010010110010011001100110010010110010011001100110010010110010011001100110010010110010011001100110010010110100011000100110010010110100011000100110000010110100011000100110010010110100011000100110010010110100011000100110010010110100011000100110010010110010011001100110010010110010011001100110100010110000011010000110100010100100011010100110100010011110011010100110011010010110011001100111100010100010011101100000001000000010000000100000001000000010000000100000001000000010000000100000001000000010000000100000001000000010000000100000001000000010000000100000001000000010000000100000001000000010000000100000001000000010000000100000001000000010000000100000001000000010000000100000001000000010000000100000001000000010000000100000001000000010000000100000001000000010000000100000001000000010000000100000001000000010000000100000001000000010000000100000001000000010000000100000001000000010000000100000001000000010000000100000001000000010000000100000001000000010000000100000001000000010000000100000001000000010000000100110000001111000011000000011100001010000001110000100100001100010010001100001011000111100000100100100011001110110010001100010101001110000001111000001110001111000001111100011010010101100011010001011100000000010111110101011100000000010000000101100010000000010000000101101101000000010000000101100010000000010000000101011011000000010000000101100100000000010000000101101011000000010000000101110000000000010000000101111010000000010000000101101111000000010000000101100111000000010000000101101001000000010000000101010011000000010000000101011111000000010000000101100001000000010000000101100001000000010000000101100110000000010000000101010111000000010000000101100011000000010000000101100110000000010000000101110011000000010000000101110011000000010000000101101001000000010000000101011110000000010000000101010100000000010000000101010110000000010000000101001000000000010000000101001011000000010000000101010100000000010000000101011010000000010000000101011011000000010000000101011111000000010000000100000001000000010000000100000001000000010000000101101101000000010000000101110000000000010000000101100100000000010000000101010101000000010000000101101010000000010000000101011011000000010000000101010110000000010000000101110100000000010000000100000001000000010000000100000001000000010000000100000001000000010000000100000001000000010000000101101001000000010111000001101010000000010110101101010011000000010101000001100010000000010101100100000001000000010000000101111100000000010110100000000001000000010000000100000001000000010000000100000001000000010000000101101011000000010100011100000001000000010111011000000001000000010110010100000001000000010110010100000001000000010110001100000001000000010000000100000001000000010110101001101001000000010100101100000001000000010110010001111111000000010110010100000001000000010000000101111110000000010101110001111000000000010101010001110110000000010101011000000001000000010000000100000001000000010000000100000001000000010000000100000001000000010000000100000001000000010000000100000001000000010000000100000001000000010000000100000001000000010000000101111001000000010000000100000001000000010000000100000001000000010000000100000001000000010000000100000001000000010000000100000001000000010000000100000001000000010000000100000001000000010000000100000001000000010000000100000001000000010000000100000001000000010000000100000001000000010000000100000001000000010000000100000001000000010000000100000001000000010000000100000001000000010000000100000001000000010000000100000001000000010000000100000001000000010000000100000001000000010000000100000001000000010000000100000001000000010000000100000001000000010000000100000001000000010000000100000001000000010000000100000001000000010000000100000001000000010000000100000001000000010000000100000001000000010000000100000001000000010000000100000001000000010000000100000001000000010000000100000001000000010000000100000001000000010000000100000001000000010000000100000001000000010000000100000001000000010000000100000001000000010000000100000001000000010000000100000001000000010000000100000001000000010000000100000001000000010000000100000001000000010000000100000001000000010000000100000001000000010000000100000001000000010000000100000001000000010000000100000001000000010000000100000001000000010000000100000001000000010000000100000001000000010000000100000001000000010000000100000001000000010000000100000001000000010000000100000001000000010000000100000001000000010000000100000001000000010000000100000001000000010000000100000000000000010000000100000001000000010000000100000001000000010000000100000001000000010000000100000001000000010000000100000001000000010000000100000001000000010000000100000001000000010000000100000001000000010000000100000001000000010000000100000001000000010000000100000001011110100000000100000001000000010000000100000001000000010000000100000001010100100000000100000001010001110000000100000001011000100000000100000001011100100000000100000001010001000000000100000001001100100000000100000001001011110000000100000001010010000000000100000001011100110000000100000001011000100000000100000001001101000000000100000001010011100000000100000001000000010000000100000001000000010000000100000001000000010000000100000001000000010000000100000001000000010000000100000001000000010000000100000001000000010000000100000001000000010000000100000001000000010000000101101000011110010000000101001101000000010000000101011110000000010000000101100101000000010000000100000001000000010000000100000001000000010000000101010100000000010000000101010100011010000111110100101110010100100110011000011001000000010000000100000001000000010000000101011000000000010000000101001111000000010000000101011100011011100000000100110000000000010000000100000001011110110000000100111110000000010000000100000001010111000111001100011111011011100000000100110001000000010000000101011100000000010000000101010111011100000000000100110010011101010000000100110111000000010000000101001101000000010000000101011001000000010000000101001111000000010000000101110000000000010000000100000001000000010000000101010000000000010000000101110010000000010000000101011001000000010000000101000100000000010000000100000001011100110000000100110101000000010000000100000001000000010000000101111001011010010111110000101011000000010000000101011010000000010000000100000001000000010000000101001010000000010000000100000001000000010000000101101100011100010000000100110101011010110111111000101111010101110110101000011011000000010000000101000110000000010000000100000001000000010000000100000001011101110000000100111011000000010000000101001001000000010000000100000001000000010000000100000001000000010000000101010000000000010000000100000001011110100000000100111100000000010000000101001001000000010000000100000001000000010000000101101010000000010000000100000001000000010000000101010100011111010000000100111101011110100000000100110111000000010000000100000001000000010000000100000001000000010000000100000001000000010000000101011110000000010000000101010010000000010000000101011110000000010000000100000001000000010000000100000001000000010000000100000001010111100111001100101000000000010000000101011011010100010000000100111110000000010000000100000001011100110000000100000001011101000000000100000001011101000000000100000001011011010000000100000001011001100000000100000001011000010000000100000001010101100000000100000001010101100000000100000001011010010000000100000001011100010000000100000001011111100000000100000001011011100000000100000001011101000000000100000001010111000000000100000001010101100000000100000001011011110000000100000001011001110000000100000001011000000000000100000001011011100000000100000001011010110000000100000001000000010000000100000001010111010000000101111100000110000101101000110000001001110110001000110110001001000101011000101100001100100101111000110101001100000101010100101111010000000110000000111101001101110101000100110011001111010101001100111010010010000101110001001001000000010000000100000001000000010000000100000001000000010000000100000001000000010000000100000001000000010000000100000001000000010000000100000001000000010000000100000001000000010000000100000001000000010000000100000001000000010000000100000001000000010000000100000001000000010000000100000001000000010000000100000001000000010000000100000001000000010000000100000001000000010000000100000001000000010000000100000001000000010000000100000001000000010000000100000001000000010000000100000001000001100000011000000110000000000000000000000000000000010000000100000001000010010000100100001001000000100000001000000010000000010000000100000001000001000000010000000100000001010000010100000101000000010000000100000001000000010000000100000001000000010000000100000001000000010000000100000001000000010000000100000001000000010000000100000001000000000000000100000000000000010000000100000001000000010000000100000001001101010100000100110101000100000010001000010001001000100011101000100010001000000011111000100001000110110011101100011100001010110100110000101010001011100100111100101100001101010101011000110011001101100101011100110100001101010101011100110010001101100101100000110011001101100101100000110011001100110101100000110000001101010101101000110010001100100101101000110001001100000101101000110001001100100101100100110011001100100101100100110011001101000101100100110011001101000101100100110011001100100101101000110001001100100101101000110000001100000101101100101110001100010101111100110001001101000101111100110010001011010101100000101011001100110101101100110001001100000101100000101111001101100101101100110101001011010100111000101100010000010101110001000010001011000100001100101101010001000101100001000101000000010000000100000001000000010000000100000001000000010000000100000001000000010000000100000001000000010000000100000001000000010000000100000001000000010000000100000001000000010000000100000001000000010000000100000001000000010000000100000001000000010000000100000001000000010000000100000001000000010000000100000001000000010000000100000001000000010000000100000001000000010000000100000001000000010000000100000001000000010000000100000001000000010000000100000001000000010000000100000001000000010000000100000001000000010000000100000001000000010000000100000001000000010000000100000001000000010000000100000001000000010000000100000001000000010000000100000001001101100100000100111001000100000001111000010010001000100011001100100101001000010011011100100100000100010010111000010111000101000011110100100010000001110011110000011011010101000000000101110000011001000000000100000001011111000000000100000001011110010000000100000001011000010000000100000001011110010000000100000001011010000000000100000001010111010000000100000001011101100000000100000001011101000000000100000001011010000000000100000001010111000000000100000001011010100000000100000001011011110000000100000001011100010000000100000001011001110000000100000001011010000000000100000001011010000000000100000001011000110000000100000001011111000000000100000001011000010000000100000001011101110000000100000001000000010000000100000001000000010000000100000001011111100000000100000001011101100000000100000001011011100000000100000001011000000000000100000001010101110000000100000001011010010000000100000001010100100000000100000001010111110000000100000001010111110000000100000001011101100000000100000001000000010000000100000001011111010000000100000001011101110000000100000001011100000000000100000001011100010000000100000001011001100000000100000001011110100000000100000001011101000000000100000001000000010000000100000001000000010000000100000001011011110000000101100100010110000000000101001001010100100000000101000000011100000000000101011010000000010000000101111111000000010000000100000001011000000000000100111100010110000111101100110001011010110000000100111111011010110000000100111110000000010000000100000001000000010000000101110111000000010000000101010010011100110000000100111101000000010000000101010000011111010000000101001111000000010000000101111110000000010000000101110111010111000111110100101100011110010000000101001011011001000000000100110100011110010000000101001011000000010000000100000001000000010000000101111000011101100000000101000100000000010000000101011011011100000000000101000100011010110111110101000000000000010000000100000001000000010000000100000001000000010000000100000001000000010000000100000001000000010000000100000001000000010000000100000001000000010000000100000001000000010000000100000001000000010000000100000001000000010000000100000001000000010000000100000001000000010000000100000001000000010000000100000001000000010000000100000001000000010000000100000001000000010000000100000001000000010000000100000001000000010000000100000001000000010000000100000001000000010000000100000001000000010000000100000001000000010000000100000001000000010000000100000001000000010000000100000001000000010000000100000001000000010000000100000001000000010000000100000001000000010000000100000001000000010000000100000001000000010000000100000001000000010000000100000001000000010000000100000001000000010000000100000001000000010000000100000001000000010000000100000001000000010000000100000001000000010000000100000001000000010000000100000001000000010000000100000001000000010000000100000001000000010000000100000001000000010000000100000001000000010000000100000001000000010000000100000001000000010000000100000001000000010000000100000001000000010000000100000001000000010000000100000001000000010000000100000001000000010000000100000001000000010000000100000001000000010000000100000001000000010000000100000001000000010000000100000001000000010000000100000001000000010000000100000001000000010000000100000001000000010000000100000001000000010000000100000001000000010000000100000001000000010000000100000001000000010000000100000001000000010000000100000001000000010000000100000001000000000000000100000001000000010000000100000001000000010000000100000001000000010000000100000001000000010000000100000001000000010000000100000001000000010000000100000001000000010000000100000001000000010000000100000001000000010000000100000001000000010000000100000001000000010000000100000001000000010000000100000001000000010000000100000001000000010111000000000001000000010110000000000001000000010000000100000001000000010000000100000001000000010101000100000001000000010100001000000001000000010100010000000001000000010110001000000001000000010000000100000001000000010000000100000001000000010100110100000001000000010110010000000001000000010000000100000001000000010000000100000001000000010000000100000001000000010000000100000001000000010000000100000001000000010000000100000001000000010000000100000001000000010000000100000001000000010000000100000001011111010000000100000001011010100000000100000001010111010000000100000001010101010000000100000001010001110111101100000001001110110000000100000001010101000000000100000001010010000000000100000001010110010000000100000001011100100000000100000001010011000111100000000001001111100000000100000001011100110111111000000001010000010000000100000001011011000000000100000001011000100000000100000001010010010111111000000001010000010000000100000001011101110000000100000001010011000111111000000001010001000000000100000001010010000000000100000001011000110000000100000001011011000000000100000001011010110000000100000001010101110000000100000001010001010000000100000001011011100111000100000001001100110000000100000001010011010000000100000001011001110000000100000001010011010000000100000001011010000000000100000001011001100000000100000001010111100000000100000001011101110000000100000001011101100000000100000001010010010000000100000001011011010000000100000001010100100000000100000001011010110000000100000001011110100111001100000001001101110000000100000001010101110000000100000001010101110000000100000001010001100000000100000001010011110000000100000001011111010000000100000001010010110111101100000001010000010000000100000001000000010000000100000001010100110000000100000001011001010000000100000001010011010000000100000001010010000000000100000001011110000000000100000001010100110000000100000001010100110111111100000001010000110000000100000001011110010000000100000001011000000000000100000001010100100111101100000001001110100000000100000001010111010000000100000001011010010000000100000001010110110000000100000001010101000000000100000001011101110111111000000001010000110000000100000001000000010111111000000001010000000000000100000001010110100000000100000001010110010000000100000001011110010000000100000001000000010110010000000001010110010000000100000001000000010000000100000001000000010110110000000001000000010111011100000001000000010111100100000001000000010111011100000001000000010111101100000001000000010111111000000001000000010111111000000001000000010111001100000001000000010111000000000001000000010101011100000001000000010110100100000001000000010101100000000001000000010101011100000001000000010101100000000001000000010100110000000001000000010110011100000001000000010110000100000001000000010111001100000001000000010110101100000001000000010010101001101111010000100001111101011010001011100010000101010110001010110011010101100001001110000010011101001111001001100011101001011100001101110011101101011011001110000011011001010000001100100011110001010100001111000110101001111101011011000000000100000001000000010000000100000001000000010000000100000001000000010000000100000001000000010000000100000001000000010000000100000001000000010000000100000001000000010000000100000001000000010000000100000001000000010000000100000001000000010000000100000001000000010000000100000001000000010000000100000001000000010000000100000001000000010000000100000001000000010000000100000001000000010000000100000001000000010000000100000001000000010000000100000001000000010100100101001001010010010000001100000011000000110000100000001000000010000000000100000001000000010000000000000000000000000000000000000000000000000000011000000110000001100000011000000110000001100000010100000101000001010000000100000001000000010000000100000001000000010000000100000001000000010000000100000001000000010000000100000001000000010000000100000001000000010000010100000110000001000100110101010000010011100000000100000001000000010110001001101110011000100010000100110011001000100001011100110001000110010001110000111010000111010010001001000010001000110010000001000011001000010010111001001111001011000011010101010110001100110011011001010111001101000011010101010110001100110011011001011000001100110011011001011000001100110011001101011000001100000011001101011011001100100011001001011010001100010011000001011010001100010011001001011001001100110011001001011001001100110011010001011001001100110011010001011001001100010011001001011010001100010011000001011011001100000011000001011011001011100011000101011111001100000010101001011000001010010011000101011111001100010010111101010111001011010011010001011100001100110100001001100011010000000010111001001101001011100011000101001011001101000101000001100110010101000000000100000001000000010000000100000001000000010000000100000001000000010000000100000001000000010000000100000001000000010000000100000001000000010000000100000001000000010000000100000001000000010000000100000001000000010000000100000001000000010000000100000001000000010000000100000001000000010000000100000001000000010000000100000001000000010000000100000001000000010000000100000001000000010000000100000001000000010000000100000001000000010000000100000001000000010000000100000001000000010000000100000001000000010000000100000001000000010000000100000001000000010000000100000001000000010000000100000001000000010000000100000001000000010000000100000001000000010000000100000001000000010000000100000001000000010010110100111011001100000001101100101100000111110001011000101100000110100000101100100110000100100001101101000000001001100001000101000010001000100011001001101111010010010111001000000001000000010110111100000001000000010111000000000001000000010110011000000001000000010110110000000001000000010110010000000001000000010101100100000001000000010101100100000001000000010101110000000001000000010101110100000001000000010101011100000001000000010101000000000001000000010110110000000001000000010111000100000001000000010110101000000001000000010111001100000001000000010111110100000001000000010110001100000001000000010111000000000001000000010111010100000001000000010111001000000001000000010110111100000001000000010111100100000001000000010000000100000001000000010000000100000001000000010111111000000001000000010110100100000001000000010111000100000001000000010110100000000001000000010111001100000001000000010110111100000001000000010111000000000001000000010000000100000001000000010110101100000001000000010101010100000001000000010111011000000001000000010000000100000001000000010000000100000001000000010110101100000001011110110000000100000001000000010111110000000001011110110000000100000001000000010000000100000001000000010101110100000001001111100111101100000001010110100101000101111000001011000111001100000001010011010000000100000001000000010000000100000001011111110000000100000001010011100111101000000001010001000000000100000001010010100110010101111010001010110000000100000001000000010000000100000001000000010111010100000001001101100101111101110011001000000111011100000001001110100110101100000001001100100000000100000001011110100000000100000001000000010110011000000001001011100110011100000001001011100000000100000001010110010000000100000001011000010000000100000001011011100000000100000001000000010000000100000001010110010110101000000001001100110110111000000001001101100000000100000001010110100000000100000001000000010000000100000001000000010000000100000001010110010000000100000001011010000110110100000001010110000000000100000001000000010000000100000001000000010000000100000001000000010000000100000001000000010000000100000001000000010000000100000001000000010000000100000001000000010000000100000001000000010000000100000001000000010000000100000001000000010000000100000001000000010000000100000001000000010000000100000001000000010000000100000001000000010000000100000001000000010000000100000001000000010000000100000001000000010000000100000001000000010000000100000001000000010000000100000001000000010000000100000001000000010000000100000001000000010000000100000001000000010000000100000001000000010000000100000001000000010000000100000001000000010000000100000001000000010000000100000001000000010000000100000001000000010000000100000001000000010000000100000001000000010000000100000001000000010000000100000001000000010000000100000001000000010000000100000001000000010000000100000001000000010000000100000001000000010000000100000001000000010000000100000001000000010000000100000001000000010000000100000001000000010000000100000001000000010000000100000001000000010000000100000001000000010000000100000001000000010000000100000001000000010000000100000001000000010000000100000001000000010000000100000001000000010000000100000001000000010000000100000001000000010000000100000001000000010000000100000001000000010000000100000001000000010000000100000001000000010000000100000001000000010000000100000001000000010000000100000001000000010000000100000001000000010000000000000001000000010000000100000001000000010000000100000001000000010000000100000001000000010000000100000001000000010000000100000001000000010000000100000001000000010000000100000001000000010000000100000001000000010000000100000001000000010000000100000001000000010000000100000001000000010000000100000001000000010000000100000001000000010000000100000001000000010000000100000001000000010000000100000001000000010000000100000001000000010000000101100001000000010000000101010001000000010000000101011110000000010000000100000001000000010000000100000001000000010000000100000001000000010000000101111110000000010000000100000001000000010000000100000001000000010000000100000001000000010000000100000001000000010000000100000001000000010000000100000001000000010000000100000001000000010000000100000001000000010000000100000001000000010000000101111000000000010100111100000001000000010110010000000001000000010111001000000001000000010110100000000001000000010101010001111010000000010011101000000001000000010000000100000001000000010100001100000001000000010101101100000001000000010101000101110110000000010011110001110111000000010011110100000001000000010110101000000001000000010111001100000001000000010101111000000001000000010110100101111111000000010100001000000001000000010110110000000001000000010100011100000001000000010101011100000001000000010100101000000001000000010101000000000001000000010110110100000001000000010100100100000001000000010100100000000001000000010101001000000001000000010111111000000001000000010101111100000001000000010100101101111010000000010011101100000001000000010110110000000001000000010101111100000001000000010101100100000001000000010110110100000001000000010101011000000001000000010111001101111010000000010011100000000001000000010101010100000001000000010100010100000001000000010100111000000001000000010110010100000001000000010110001100000001000000010110110000000001000000010100011100000001000000010101100100000001000000010101000100000001000000010110011000000001000000010110011100000001000000010100101100000001000000010111101100000001000000010110100000000001000000010101011000000001000000010111011100000001000000010101011100000001000000010110011100000001000000010100011000000001000000010100111000000001000000010110110000000001000000010101101100000001000000010101100000000001000000010110011000000001000000010100110000000001000000010110001100000001000000010110000100000001000000010100110100000001000000010100010101110010000000010011010000000001000000010110101000000001000000010110101000000001000000010110100000000001000000010100001000000001000000010100110100000001000000010110001000000001000000010110101100000001000000010101111101010001000000010011110100000001000000010000000100000001000000010000000101101110000000010000000101111011000000010000000100000001000000010000000100000001000000010000000101110010000000010000000101101000000000010000000101100101000000010000000101100011000000010000000101100000000000010000000101101010000000010000000101001111000000010000000101110000000000010000000101101100000000010000000100111011000000010111000001010110000000010000000101110001000000010000000101110011000000010000000101100110000000010000000100101111011101110100100100011101010111000011000000011111010101110010110000101011010110110011000100110011011000000011010100110010010101110010111100110111010110010011010000110110010101100011001100111001010100110011010100111001010100010011100100000001000000010000000100000001000000010000000100000001000000010000000100000001000000010000000100000001000000010000000100000001000000010000000100000001000000010000000100000001000000010000000100000001000000010000000100000001000000010000000100000001000000010000000100000001000000010000000100000001000000010000000100000001000000010000000100000001000000010000000100000001000000010000000100000001000000010000000100000001000000010000000100000001000000010000000100000001000000010000000100001000000010000000100000000000000000000000000000001100000011000000110000000010000000100000001000000000000000000000000000000010000000100000001000000111000001110000011100000010000000100000001000000000000000000000000000000001000000010000000100000001000000010000000100000001000000010000000100000001000000010000000100000001000000010000000100000001000000010000000100000011000001000000001000000101000010000000011000000001000000010000000100000001000000010000000100011100001011100001110100011011001100110001101100011101001110110001111000011111001111110010000000100110010010010010011100101100010100000010110000110011010101110011001100110110010101110011010000110101010101100011001100110100010110010011001100110100010110010011001100110011010110000011000000110011010110110011001000110010010110100011000100110000010110100011000100110010010110010011001100110010010110010011001100110100010110010011001100110100010110010011000100110010010110100011000100110000010110110011000000101111010110100010110100101010010110000010101000110000010111100011000000110010011000000011001000110011010110110011001000110011010110100011010000110000010100010010111000111001010110000011100101000011010110100100010000000001000000010000000100000001000000010000000100000001000000010000000100000001000000010000000100000001000000010000000100000001000000010000000100000001000000010000000100000001000000010000000100000001000000010000000100000001000000010000000100000001000000010000000100000001000000010000000100000001000000010000000100000001000000010000000100000001000000010000000100000001000000010000000100000001000000010000000100000001000000010000000100000001000000010000000100000001000000010000000100000001000000010000000100000001000000010000000100000001000000010000000100000001000000010000000100000001000000010000000100000001000000010000000100000001000000010000000100000001000000010000000100000001000000010000000100000001000000010000000100000001000000010000000100010111001001110001110000010111001011000001110100011001001100110010000100001011001011010001010100000000001011100001000100010011010011010010101001011011000000010111100001011010000000010111110001101000000000010000000101100000000000010000000101011100000000010000000101110001000000010000000101101101000000010000000101000111000000010111010101001011000000010111100101100111000000010000000101101101000000010000000101000110000000010111110101101000000000010000000101111000000000010000000101110101000000010000000101110111000000010000000100000001000000010000000101110101000000010000000101100101000000010000000100000001000000010000000101110100000000010000000101101000000000010000000101011110000000010000000101101011000000010000000101101111000000010000000101101100000000010000000101101001000000010000000101100110000000010000000101110000000000010000000101101111000000010000000101011100000000010000000101011001000000010000000101011100000000010000000101110110000000010000000101101100000000010000000101111000000000010000000100000001000000010000000100000001000000010000000100000001000000010000000101100111000000010101110101110100000000010101111001110000000000010101001100000001000000010000000100000001000000010110100001101100000000010100001101101000000000010011101100000001000000010110010001100011000000010011000100000001000000010110100100000001000000010110111100000001000000010110100001110111000000010011101101101000011111100010110000000001000000010000000101100001011110000010010000000001000000010110100000000001000000010111100001110010000000010011011001101001000000010010111000000001000000010110111100000001000000010000000101100111000000010010110100000001000000010110001000000001000000010101010101111010000000010011111101110111000000010011110000000001000000010111111101100100011110110010100101101011000000010011001000000001000000010101111101100011011101110010110000000001000000010000000100000001000000010000000100000001000000010000000100000001000000010111011001110101000000010101100001010101011111110011111001110001000000010110001100000001000000010000000100000001000000010000000100000001000000010000000100000001000000010000000100000001000000010000000100000001000000010000000100000001000000010000000100000001000000010000000100000001000000010000000100000001000000010000000100000001000000010000000100000001000000010000000100000001000000010000000100000001000000010000000100000001000000010000000100000001000000010000000100000001000000010000000100000001000000010000000100000001000000010000000100000001000000010000000100000001000000010000000100000001000000010000000100000001000000010000000100000001000000010000000100000001000000010000000100000001000000010000000100000001000000010000000100000001000000010000000100000001000000010000000100000001000000010000000100000001000000010000000100000001000000010000000100000001000000010000000100000001000000010000000100000001000000010000000100000001000000010000000100000001000000010000000100000001000000010000000100000001000000010000000100000001000000010000000100000001000000010000000100000001000000010000000100000001000000010000000100000001000000010000000100000001000000010000000100000001000000010000000100000001000000010000000100000001000000010000000100000001000000010000000100000001000000010000000100000001000000010000000100000001000000010000000100000001000000010000000100000001000000010000000100000001000000010000000100000001000000010000000100000001000000010000000100000000000000010000000100000001000000010000000100000001000000010000000100000001000000010000000100000001000000010000000100000001000000010000000100000001000000010000000100000001000000010000000100000001000000010000000100000001000000010000000100000001000000010000000100000001000000010000000100000001000000010000000100000001000000010000000100000001011011110000000100000001011010100000000100000001000000010000000100000001000000010000000100000001010111000000000100000001010010000000000100000001010100100000000100000001011110000000000100000001000000010000000100000001000000010000000100000001011001000000000100000001011101010000000100000001000000010000000100000001000000010000000100000001000000010000000100000001000000010000000100000001000000010000000100000001000000010000000100000001000000010000000100000001000000010000000101100100011111000000000101010000011010000111100100110110011000110111011100101010000000010000000101111100000000010000000100000001000000010000000101000000011001100111111000100110011111010000000100111111000000010000000101011001000000010000000100000001000000010000000100000001011010000111111000101100011010100000000100101101011101110000000100111010000000010000000101010000000000010000000101111000000000010000000101111110011010110000000100101110000000010000000101010011000000010000000101000111000000010000000101100000000000010000000100000001000000010000000100000001011011100000000100110000000000010000000101010000000000010000000101001011011101110000000100111001000000010000000100000001000000010000000100000001000000010000000101000010000000010000000100111111011101010000000100110010011110100000000100110111000000010000000101110111000000010000000101110101000000010000000101010111000000010000000101000100000000010000000101010000011000100111100000011111000000010000000101111101000000010000000101110011000000010000000101000101000000010000000101010100000000010000000101000110011110000000000100111000000000010000000101111110000000010000000101111111011001110111111100100111011010110000000100101011011101100000000100110110011100110000000100110011000000010000000101111100000000010000000101110100000000010000000101011000000000010000000101011001000000010000000101010011000000010000000101001110000000010000000101111101000000010000000101110110000000010000000101011010011100100000000100110000000000010000000101010000000000010000000101010001000000010000000100000001000000010000000101110010000000010000000101000010011101100000000100110111000000010000000101000111011001010000000100100101000000010000000101111000000000010000000101110011000000010000000101001110011010000111011100100011011001110111101000101001011011000000000100111101000000010000000100000001000000010000000100000001011111110000000100000001000000010000000100000001011101010000000100000001000000010000000100000001011100110000000100000001011000110000000100000001011001110000000100000001010111000000000100000001010110110000000100000001011000100000000100000001011001010000000100000001010110100000000100000001011100110000000100000001011001110000000100000001010100010000000100000001010110100000000100000001000000010000000100000001000000010000000100000001010000000000000101011000000101100101011100101010001010110110011000111010001000100101011100101100001101010110001100111001001011000101011100101100001110100110000000110110001011100101000000101011001110000101100000110101010000000101101000111100001110010100111100110111000000010000000100000001000000010000000100000001000000010000000100000001000000010000000100000001000000010000000100000001000000010000000100000001000000010000000100000001000000010000000100000001000000010000000100000001000000010000000100000001000000010000000100000001000000010000000100000001000000010000000100000001000000010000000100000001000000010000000100000001000000010000000100000001000000010000000100000001000000010000000100000001000000010000000100000001000000010000000100000001000000010000000100000001000000100000001000000010000001010000010100000101000000010000000100000001000001010000010100000101000000110000001100000011000001000000010000000100000000000000000000000000000011010000110100001101000000010000000100000001000000010000000100000001000000010000000100000001000000010000000100000001000000010000000100000001000000010000000100000001000000100000001100000001000001000000011100000101000000010000000100000001000000010000000100000001000110110010110100011100001000110011101100100011000111110011110100100000000111000011110000011101001001100100100100100111001011000101000000101100001100110101011100110011001101100101011100110100001100110101011100110011001101000101100100110011001101000101100100110011001100110101100000110000001100110101101100110010001100000101101000110001001100000101101000110001001100100101100100110011001100100101100100110011001101000101100100110011001101000101100100110011001100100101101000110001001100100101101000110000001100000101101100110000001010000101011000101000001101000110001000110100001100100101110100110010001101000101101100110101001100000101010000110000001011100100111100101101001101110101010000111010000000010000000100000001000000010000000100000001000000010000000100000001000000010000000100000001000000010000000100000001000000010000000100000001000000010000000100000001000000010000000100000001000000010000000100000001000000010000000100000001000000010000000100000001000000010000000100000001000000010000000100000001000000010000000100000001000000010000000100000001000000010000000100000001000000010000000100000001000000010000000100000001000000010000000100000001000000010000000100000001000000010000000100000001000000010000000100000001000000010000000100000001000000010000000100000001000000010000000100000001000000010000000100000001000000010000000100000001000000010000000100000001000000010000000100000001000000010000000100000001000000010000000100000001000000010000000100000001000000010000000100000001000101110010100100011100000110010011000100011111000011010010110100010101000101000011110100100001010000000001110100110000011100100100100101010011000000010111011001100011000000010000000101100011000000010000000101100010000000010000000101111011000000010000000101111100000000010000000101010110000000010000000101011010000000010000000101110100000000010000000101110110000000010000000101011110000000010000000101110110000000010000000100000001000000010000000100000001000000010000000100000001000000010000000100000001000000010000000101111001000000010000000101101000000000010000000101111110000000010000000101111011000000010000000101111101000000010000000101101110000000010000000101100111000000010000000101011101000000010000000101011101000000010000000101100111000000010000000101110000000000010000000101111110000000010000000101111001000000010000000101100000000000010000000101010000000000010000000101100101000000010000000101100010000000010000000101110001000000010000000100000001000000010000000100000001000000010000000100000001000000010000000100000001000000010111100101110111000000010101101101110000000000010100100000000001000000010000000100000001000000010000000100000001000000010111011000000001000000010000000100000001000000010110010001100101000000010011000000000001000000010111111100000001000000010000000100000001000000010000000101100010011110000010011000000001000000010100101000000001000000010100101001101001000000010010110001110001000000010011010000000001000000010101010000000001000000010000000101101100000000010010111100000001000000010101011001011100011100110010000101111010000000010011110100000001000000010000000100000001000000010111001000000001000000010101000101100101011111000010011100000001000000010000000101111001000000010011110001111011000000010011111000000001000000010000000101101100011111110011000000000001000000010101101000000001000000010000000100000001000000010000000100000001000000010110110000000001000000010110100100000001000000010110001001011011000000010011101000000001000000010000000101100101000000010101010001101010000000010101110100000001000000010000000100000001000000010000000100000001000000010000000100000001000000010000000100000001000000010000000100000001000000010000000100000001000000010000000100000001000000010000000100000001000000010000000100000001000000010000000100000001000000010000000100000001000000010000000100000001000000010000000100000001000000010000000100000001000000010000000100000001000000010000000100000001000000010000000100000001000000010000000100000001000000010000000100000001000000010000000100000001000000010000000100000001000000010000000100000001000000010000000100000001000000010000000100000001000000010000000100000001000000010000000100000001000000010000000100000001000000010000000100000001000000010000000100000001000000010000000100000001000000010000000100000001000000010000000100000001000000010000000100000001000000010000000100000001000000010000000100000001000000010000000100000001000000010000000100000001000000010000000100000001000000010000000100000001000000010000000100000001000000010000000100000001000000010000000100000001000000010000000100000001000000010000000100000001000000010000000100000001000000010000000100000001000000010000000100000001000000010000000100000001000000010000000100000001000000010000000100000001000000010000000100000001000000010000000100000001000000010000000100000001000000010000000100000001000000010000000100000000000000010000000100000001000000010000000100000001000000010000000100000001000000010000000100000001000000010000000100000001000000010000000100000001000000010000000100000001000000010000000100000001000000010000000100000001000000010000000100000001011110010000000100000001011011010000000100000001000000010000000100000001000000010000000100000001010011000000000100000001010000100000000100000001011001000000000100000001011110010000000100000001010011000000000100000001001110100000000100000001001110000000000100000001010101000000000100000001011110010000000100000001011000110000000100000001001101100000000100000001010100100000000100000001000000010000000100000001000000010000000100000001000000010000000100000001000000010000000100000001000000010000000100000001000000010000000100000001000000010000000100000001011101000000000101001011000000010000000101100110011110100000000101000101011000100111011100101000000000010000000101111110000000010000000101110001000000010000000101010100011110010000000100111001011011000000000100101110011110110000000100111111000000010000000101111111000000010000000101111010011000000111011000100100000000010000000101011001000000010000000101000011011101110000000100111010000000010000000100000001000000010000000100000001011001010111110000101000011000100111100100100101011010110000000100101110011001100111110000101010000000010000000101110010000000010000000101111010000000010000000101011110000000010000000101011001011111100000000100111111000000010000000101001110000000010000000101110101000000010000000101110100000000010000000101001011000000010000000101000010011101000000000100110001011100110000000100101110000000010000000101101110000000010000000101111110000000010000000101000010000000010000000101010101011010110000000100100110011100100000000100101101000000010000000100000001000000010000000101101011011100100000000100101111011110100000000100111000011101000000000100110010000000010000000101011101000000010000000101110100000000010000000101111111000000010000000101010010011010000000000100100111000000010000000101000110000000010000000101000001000000010000000101110111000000010000000101110100000000010000000101000101011101110000000100110100011011100000000100101011000000010000000100111111000000010000000101111000000000010000000101110001000000010000000101001000011100100000000100101111011110010000000100111000011100100000000100110001000000010000000101111110000000010000000101111010000000010000000101000001000000010000000101001000010111010111100100011111011101010000000100110101000000010000000101110110000000010000000101111001000000010000000101001010011111110000000100110110000000010000000101011111011011000000000100110111000000010000000101111110000000010000000100000001000000010000000100000001011111110000000100000001011000010000000100000001011100110000000100000001010111010000000100000001010101010000000100000001011101000000000100000001011001010000000100000001010101100000000100000001011001010000000100000001010110100000000100000001011010100000000100000001010111010000000100000001010101110000000100000001011011110000000100000001011011110000000100000001000000010000000100000001011011110000000100000001001000010101111100110001001010110110010000110111001000000101010100101001001100010110001000110110001010000101010100101010001101010101110100110011001011100101010000101010001100000101001000101101001110110101101100111000010000000101101000111100001111010101001100111011000000010000000100000001000000010000000100000001000000010000000100000001000000010000000100000001000000010000000100000001000000010000000100000001000000010000000100000001000000010000000100000001000000010000000100000001000000010000000100000001000000010000000100000001000000010000000100000001000000010000000100000001000000010000000100000001000000010000000100000001000000010000000100000001000000010000000100000001000000010000000100000001000000010000000100000001000000010000000100000001000111010001110100011101000001010000010100000101000000010000000100000001000000000000000000000000000000110000001100000011000000000000000000000000000000100000001000000010000000110000001100000011000001100000011000000110000000010000000100000001000000010000000100000001000000010000000100000001000000010000000100000001000000110000010000000010000011100000111100001101000000010000000100000001000000010000000100000001000110110010101100011010000101110010111100010111000111100011110000011111001010010100100100101010001001000100011100100101001011000100111100101101001100110101011000110100001101000101100000110100001100110101011100110011001101000101100100110011001100100101100100110011001100010101100100110000001100010101101100110010001100000101101100110000001100000101101100110000001100100101101000110001001100100101101000110001001101000101100100110011001101000101100100110011001100100101101000110001001100100101101000110000001100000101101100110000001100000101101100110000001100000101101100110000001100110101110100110100001011000101001000101110001100100101010000110101010000000101111001000001010010000110001001001011000000010000000100000001000000010000000100000001000000010000000100000001000000010000000100000001000000010000000100000001000000010000000100000001000000010000000100000001000000010000000100000001000000010000000100000001000000010000000100000001000000010000000100000001000000010000000100000001000000010000000100000001000000010000000100000001000000010000000100000001000000010000000100000001000000010000000100000001000000010000000100000001000000010000000100000001000000010000000100000001001110000011010100110111000111000001100100011011000011010000110000010001000011100001000000111110001111100011111000000001000000010000000100000001000000010000000100000001000000010000000100000001000000010000000100000001000000010000000100000001000000010000000100000001000000010000000100000001000000010000000100111111010011110100010000010000001001010001011000010100001100000001110000010111001111000010001000000000001011000000110000010001010011100010100001000111000000010110011001011100000000010000000101100101000000010000000101101100000000010000000101100101000000010000000101100010000000010000000101100110000000010000000101100111000000010000000101100101000000010000000101101000000000010000000101111101000000010000000101110110000000010000000101110111000000010000000101111001000000010000000101111001000000010000000100000001000000010000000101101111000000010000000101110100000000010000000101100111000000010000000101101111000000010000000101111110000000010000000101111000000000010000000101101011000000010000000101010101000000010000000101001111000000010000000101100011000000010000000101111011000000010000000101111100000000010000000100000001000000010000000100000001000000010000000101100111000000010000000101100110000000010000000101111110000000010000000100000001000000010000000101101010000000010111010001101010000000010110011001011001000000010100100000000001000000010110000001111111000000010100111100000001000000010111101100000001000000010101100101101111000000010011010100000001000000010110101101110011000000010011100001110100000000010011100000000001000000010110111100000001000000010110010000000001000000010101011100000001000000010101111000000001000000010111010000000001000000010110011000000001000000010100011000000001000000010100101000000001000000010101011100000001000000010110101000000001000000010110101000000001000000010111000100000001000000010111111101111010000000010011111000000001000000010100001000000001000000010100010100000001000000010110001100000001000000010100100000000001000000010110101100000001000000010100001100000001000000010100011001111100000000010011110100000001000000010111000100000001000000010111001000000001000000010111010100000001000000010100100100000001000000010110001100000001000000010101010000000001000000010110010100000001000000010110011001110101000000010100100000000001000000010000000101111011000000010101110000000001000000010110111001101101000000010101010000000001000000010000000100000001000000010000000100000001000000010000000100000001000000010000000100000001000000010000000100000001000000010000000100000001000000010000000100000001000000010000000100000001000000010000000100000001000000010000000100000001000000010000000100000001000000010000000100000001000000010000000100000001000000010000000100000001000000010000000100000001000000010000000100000001000000010000000100000001000000010000000100000001000000010000000100000001000000010000000100000001000000010000000100000001000000010000000100000001000000010000000100000001000000010000000100000001000000010000000100000001000000010000000100000001000000010000000100000001000000010000000100000001000000010000000100000001000000010000000100000001000000010000000100000001000000010000000101110101000000010000000101110111000000010000000101111100000000010000000100000001000000010000000100000001000000010000000101111001000000010000000100000001000000010000000100000001000000010000000100000001000000010000000100000001000000010000000100000001000000010000000100000001000000010000000100000001000000010000000100000001000000010000000100000001000000010000000100000001000000010000000100000001000000010000000100000001000000010000000100000001000000010000000100000001000000010000000100000001000000010000000100000001000000010000000100000000000000010000000100000001000000010000000100000001000000010000000100000001000000010000000100000001000000010000000100000001000000010000000100000001000000010000000100000001000000010000000100000001000000010000000100000001000000010000000100000001011110000000000100000001011101110000000100000001000000010000000100000001000000010000000100000001010011110000000100000001010100010000000100000001011000110000000100000001011110110000000100000001010100010000000100000001010000000000000100000001001110100000000100000001010100100000000100000001011110110000000100000001011000100000000100000001010000000000000100000001010110000000000100000001000000010000000100000001000000010000000100000001000000010000000100000001000000010000000100000001000000010000000100000001000000010000000100000001000000010000000100000001011111010000000101010001010111110110111100101111000000010000000101010111011000000111011000100100000000010000000100000001000000010000000101000101000000010000000100000001000000010000000100000001000000010000000101000101011001100111110100101001010110000110111000011100000000010000000100000001000000010000000101000111000000010000000100000001011101000000000100110111011100110000000100110110011111000000000100111111000000010000000100000001000000010000000100000001000000010000000100000001000000010000000101011010011110110000000100111111000000010000000100000001000000010000000100000001000000010000000101100001000000010000000100000001000000010000000101010010000000010000000101100001000000010000000100000001000000010000000100000001000000010000000101100110000000010000000101000110000000010000000101000101000000010000000101011010000000010000000100000001000000010000000101100111000000010000000100000001000000010000000101011110011110100000000100110111000000010000000100111101000000010000000101001101000000010000000100000001000000010000000101000100000000010000000101101001011001000111100100100100000000010000000101010011000000010000000101000101011001110111111000101001011111010000000100111101000000010000000101001101000000010000000101001100011011000000000100101100000000010000000100000001000000010000000100000001000000010000000100000001000000010000000100000001011001110111110100100101011111110000000100111101000000010000000101111011011010010111111100100111000000010000000100000001000000010000000100000001011111100000000100111110011101010000000100110110000000010000000100000001000000010000000101010000000000010000000101011100000000010000000101000100011010100000000100101101011001110000000100101010000000010000000100000001000000010000000101111001000000010000000101011001000000010000000101000001011100110111111100101101011111100000000101000101000000010000000101010110010001110111010100101100000000010000000100000001011111110000000100000001011000010000000100000001011011000000000100000001011000000000000100000001011000010000000100000001011110100000000100000001011011100000000100000001011001100000000100000001010111100000000100000001011000000000000100000001010101110000000100000001010010110000000100000001010110010000000100000001011001010000000100000001000000010000000100000001011001010000000101111100001011000110101000111010001010110110001000110101000111110101010000101000001101000110010100111001001001010101001100101000001101110110001000110111001011110101011100101101001101000101101000110000001110000101101100110011001101110101011100110100001101010101000100110011001111110101011100111111000000010000000100000001000000010000000100000001000000010000000100000001000000010000000100000001000000010000000100000001000000010000000100000001000000010000000100000001000000010000000100000001000000010000000100000001000000010000000100000001000000010000000100000001000000010000000100000001000000010000000100000001000000010000000100000001000000010000000100000001000000010000000100000001000000010000000100000001000000010000000100000001000000010000000100000001000000010000000100000001001111100011111000111110000000000000000000000000000000010000000100000001000001000000010000000100000000010000000100000001000000010000000100000001000001000000010000000100000001000000010000000100000000000000000000000000000000000000000000000000000001110000011100000111000010010000100100001001000000000000000000000000000001000000010000000100000001100000011000000110000000000000000100000000010000010100001001000000000000010000000100000001000000010000000100000001001000000011000000011111000110110011001100011011000111100011110000011111001001010100010100100110001000010100010000100010001011000100111100101101001100110101011000110100001101000101100000110100001100110101011100110011001100100101100100110011001100100101100100110011001011110101100100110000001100010101101100110010001100000101101100110000001100000101101100110000001100100101101000110001001100100101101000110001001101000101100100110011001101000101100100110011001100100101101000110001001100100101101000110001001011010101100000101101001100010101101100110010001100110101110100110100001100010101100000110010001011110101000100110010001111000101101100111110001110010101001100111011000000010000000100000001000000010000000100000001000000010000000100000001000000010000000100000001000000010000000100000001000000010000000100000001000000010000000100000001000000010000000100000001000000010000000100000001000000010000000100000001000000010000000100000001000000010000000100000001000000010000000100000001000000010000000100000001000000010000000100000001000000010000000100000001000000010000000100000001000000010000000100000001000000010000000100000001000011100000110100001111000000010000000000000010000010110000100000000010000000000000000100000101000000100000010000000111000010010000011000000110000001100000000100000001000000010000100100001011000010110000000100000001000000010000000100000001000000010000000100000001000000010000000100000001000000010000000100000001000000010000000100000001000000010000000100000001000000010010001000110011001001100001100100110001000111110000111000101110000101100000111100111011000111000001001001001011001001010011111000000001010110100110000000000001000000010110010100000001000000010110110100000001000000010101011000000001000000010101001100000001000000010110110000000001000000010110101000000001000000010101111100000001000000010110011100000001000000010000000100000001000000010110011100000001000000010110001000000001000000010110010100000001000000010110101100000001000000010111010000000001000000010111001000000001000000010111111000000001000000010110100100000001000000010111010100000001000000010111001000000001000000010110110000000001000000010110011000000001000000010101110100000001000000010101110100000001000000010101101100000001000000010000000100000001000000010111111100000001000000010000000100000001000000010000000100000001000000010000000100000001000000010000000100000001000000010111010000000001011111100110000100000001010111110000000100000001000000010000000100000001011011000111111100000001010110110000000100000001010101110000000100000001011110000000000100000001010111100000000100000001011110110000000100000001010110100000000100000001010010110000000100000001011011010000000100000001010011000000000100000001011101000000000100000001010011010000000100000001010101000000000100000001010011000000000100000001010011110000000100000001010111000000000100000001010001110000000100000001010110110000000100000001011100010000000100000001011000110000000100000001010011110110110100000001001100010000000100000001010010010000000100000001011000000000000100000001010000010000000100000001010001000000000100000001011010000000000100000001010010100000000100000001010010100111111100000001001111110000000100000001011001100000000100000001011110100000000100000001010001110000000100000001010011010000000100000001010101010000000100000001011100100000000100000001011001010000000100000001010000000000000100000001000000010111101000000001001111100000000100000001010101110111011000000001010001000000000100000001011100000111101000000001010100100000000100000001010111110111111100000001010110110000000100000001000000010000000100000001000000010000000100000001000000010000000100000001000000010000000100000001000000010000000100000001000000010000000100000001000000010000000100000001000000010000000100000001000000010000000100000001000000010000000100000001000000010000000100000001000000010000000100000001000000010000000100000001000000010000000100000001000000010000000100000001000000010000000100000001000000010000000100000001000000010000000100000001000000010000000100000001000000010000000100000001000000010000000100000001000000010000000100000001000000010000000100000001000000010000000100000001000000010000000100000001000000010000000100000001000000010000000100000001000000010000000100000001000000010000000100000001000000010000000100000001000000010111010000000001000000010110111100000001000000010000000100000001000000010000000100000001000000010000000100000001000000010000000100000001000000010000000100000001000000010000000100000001000000010000000100000001000000010000000100000001000000010000000100000001000000010000000100000001000000010000000100000001000000010000000100000001000000010000000100000001000000010000000100000001000000010000000100000001000000010000000100000001000000010000000100000001000000010000000100000001000000010000000100000001000000010000000100000001000000010000000000000001000000010000000100000001000000010000000100000001000000010000000100000001000000010000000100000001000000010000000100000001000000010000000100000001000000010000000100000001000000010000000100000001000000010000000100000001000000010000000100000001000000010000000100000001000000010000000100000001000000010000000100000001000000010000000100000001000000010000000101110101000000010000000100000001000000010000000100000001000000010000000101100100000000010000000101010100000000010000000101011001000000010000000101111010000000010000000100000001000000010000000100000001000000010000000101011111000000010000000101110010000000010000000100000001000000010000000100000001000000010000000100000001000000010000000100000001000000010000000100000001000000010000000100000001000000010000000100000001000000010000000100000001000000010101010000000001000000010110101100000001000000010101000101111001000000010011101000000001000000010000000100000001000000010101001000000001000000010110110100000001000000010110110100000001000000010100100001111110000000010011111001100000011101000010000100000001000000010000000100000001000000010000000100000001000000010110101101101001011111010010101000000001000000010100111100000001000000010110011101100111011111100010101001011000011011110001101100000001000000010100010000000001000000010100101001011111011101100010001000000001000000010110100100000001000000010000000100000001000000010000000100000001000000010000000100000001000000010101011000000001000000010100100000000001000000010000000100000001000000010101001000000001000000010100000101110011000000010011010000000001000000010100100000000001000000010100111000000001000000010101010100000001000000010000000100000001000000010000000101111011000000010011101101110111000000010011011100000001000000010100100001101011000000010010101100000001000000010000000100000001000000010000000100000001000000010000000101110110000000010011100000000001000000010100111100000001000000010000000101111110000000010100001000000001000000010000000100000001000000010111010101100011011110010010011101101001011111000010101100000001000000010111001100000001000000010000000100000001000000010110010000000001000000010000000101110010000000010011010001111110000000010100000000000001000000010000000100000001000000010110110000000001000000010100111000000001000000010100000001100111011110100010100100000001000000010101100100000001000000010100011000000001000000010000000100000001000000010100101001111000000000010011110101110110000000010011101000000001000000010101101000000001000000010110011000000001000000010011111000000001000000010111001001011100011000100001001100000001000000010100110101111011000000010100001000000001000000010000000100000001000000010000000101011010000000010100111100000001000000010000000100000001000000010000000101110011000000010000000101110101000000010000000100000001000000010000000100000001000000010000000101111100000000010000000101111100000000010000000101101111000000010000000101101101000000010000000101100011000000010000000101100000000000010000000101110000000000010000000101111110000000010000000101111110000000010000000101001001000000010101100100011100010100110010010000101100010111010010111100101011010110010010111000101011010110010010111000110111011001000011100100101011010101100010101100110110010111100011010000111001011000010011011100110101010110100011001000110001010101100011000000110001010100000011000100111011010101010011110100000001000000010000000100000001000000010000000100000001000000010000000100000001000000010000000100000001000000010000000100000001000000010000000100000001000000010000000100000001000000010000000100000001000000010000000100000001000000010000000100000001000000010000000100000001000000010000000100000001000000010000000100000001000000010000000100000001000000010000000100000001000000010000000100000001000000010000000100000001000000010000000100000001000000010000000100000001000000010000000100000001000000010000000100000000000000000000000000000000000000000000000000000111000001110000011100000010000000100000001000000100000001000000010000000110000001100000011000000101000001010000010100000011000000110000001100001001000010010000100100000011000000110000001100000001000000010000000100001011000010110000101100000000000000000000000000001001000010010000100100001011000010010000000100000001000000010000000100000001000000010000000100000001000000010001011100100111000101100010000000111000001000000001111100111101001000000010001001000010001000110010101001001101001010110010110001001111001011010011001101010110001101000011010001011000001101000011001101010111001100110011001001011001001100110011001001011001001100110010111101011001001100000011000101011011001100100011000001011011001100000011000001011011001100000011001001011010001100010011001001011010001100010011010001011001001100110011010001011001001100110011001001011010001100010011001001011010001100010010110101010111001011100010110101010111001011100011101001100001001110110010111101010101001100010011011101011001001110110011100101011000001111010101000001101010010100110000000100000001000000010000000100000001000000010000000100000001000000010000000100000001000000010000000100000001000000010000000100000001000000010000000100000001000000010000000100000001000000010000000100000001000000010000000100000001000000010000000100000001000000010000000100000001000000010000000100000001000000010000000100000001000000010000000100000001000000010000000100000001000000010000000100000001000000010111111100000001000000010000000100000011000001000000011100000110000010000000110100001100000011100000000000000000000000010000100100001000000000100000000000000000000000110000000100000001000000000000000000000000000001100000011000000110000000000000000100000001000001100000100000001000011011100111001101110001000000010000000100000001000000010000000100000001000000010000000100000001000000010000000100000001000000010000000100000001010001010101001101001000000101000010011100011000000101110011001000011110000101100011111000100010000010010011110000011010001000010110000000111000011001100000000100000001011010010000000100000001011100110000000100000001011010000000000100000001011001100000000100000001011100000000000100000001011010100000000100000001011010100000000100000001010110010000000100000001011001000000000100000001010111000000000100000001011001110000000100000001011010000000000100000001011001110000000100000001010110110000000100000001010111110000000100000001011000110000000100000001011010110000000100000001011100110000000100000001011000110000000100000001010101110000000100000001010101010000000100000001011000100000000100000001011011100000000100000001011001010000000100000001011010110000000100000001011110010000000100000001000000010000000100000001000000010000000100000001000000010000000100000001011010100000000101100100010101100000000101000111010111100000000101000011000000010000000100000001000000010000000100000001011100010000000100111111011101010000000100111010010111110111001100100000011111010000000100111001000000010000000101111110000000010000000101111000011011100000000100101100000000010000000101001001011110110000000100110111011011010111110100101001000000010000000100000001000000010000000101111000000000010000000101001101011010000111101100100110000000010000000101001000000000010000000101010001000000010000000101111110000000010000000101110110000000010000000101100001011011100000000100110100011011010000000100110001000000010000000101011100000000010000000101111111000000010000000101111011000000010000000101000010011111000000000100111100000000010000000101010100011101000000000100110010000000010000000100000001000000010000000101111001011010100111110100100110000000010000000100111111000000010000000101011111000000010000000101000110000000010000000101110101000000010000000101110110011111100000000100111011011100100000000100110001000000010000000101010101011110000000000100111011000000010000000100000001000000010000000100000001011101110000000101000101000000010000000101011001011010110000000100111011000000010000000101100011000000010000000100000001000000010000000100000001000000010000000100000001000000010000000100000001000000010000000100000001000000010000000100000001000000010000000100000001000000010000000100000001000000010000000100000001000000010000000100000001000000010000000100000001000000010000000100000001000000010000000100000001000000010000000100000001000000010000000100000001000000010000000100000001000000010000000100000001000000010000000100000001000000010000000100000001000000010000000100000001000000010000000100000001000000010000000100000001000000010000000100000001000000010000000100000001000000010000000100000001000000010000000100000001000000010000000100000001000000010000000100000001000000010000000100000001000000010000000100000001000000010000000100000001000000010000000100000001000000010000000100000001000000010000000100000001000000010000000100000001000000010000000100000001000000010000000100000001000000010000000100000001000000010000000100000001000000010000000100000001000000010000000100000001000000010000000100000001000000010000000100000001000000010000000100000001000000010000000100000001000000010000000100000001000000010000000100000001000000010000000100000001000000010000000100000001000000010000000100000001000000010000000100000001000000010000000100000001000000000000000100000001000000010000000100000001000000010000000100000001000000010000000100000001000000010000000100000001000000010000000100000001000000010000000100000001000000010000000100000001000000010000000100000001000000010000000100000001000000010000000100000001000000010000000100000001000000010000000100000001000000010000000100000001000000010000000100000001000000010000000100000001000000010000000100000001000000010000000100000001000000010110100100000001000000010110001000000001000000010110111000000001000000010000000100000001000000010000000100000001000000010000000100000001000000010000000100000001000000010000000100000001000000010000000100000001000000010000000100000001000000010000000100000001000000010000000100000001000000010000000100000001000000010000000100000001000000010000000100000001010110100000000100000001011000110000000100000001000000010000000100000001010111110000000100000001010011000000000100000001011010110000000100000001011000110000000100000001010001110000000100000001011101110111110000000001001110010000000100000001011101010000000100000001010010100000000100000001011100100000000100000001011000100000000100000001011000000000000100000001010110110000000100000001011000100000000100000001010100000000000100000001010101100000000100000001010000110000000100000001010110010000000100000001011011010000000100000001011001110000000100000001010100100000000100000001011000110111011100000001001110010111110100000001001111110000000100000001011001100000000100000001010110010000000100000001010100110000000100000001010001100000000100000001010001010000000100000001010010010000000100000001010100000111111100000001010000010000000100000001010101000000000100000001011100010000000100000001011001000000000100000001010101000000000100000001010010110000000100000001011000010000000100000001010000110111110100000001001111110000000100000001011100110000000100000001010001010000000100000001011000100000000100000001010111010111111100000001010001000000000100000001010100010000000100000001010010110000000100000001011101010000000100000001011011100000000100000001011011100000000100000001011010100000000100000001010011100000000100000001011101010000000100000001010100100000000100000001011111000111111000000001010000100000000100000001010011100000000100000001011010110000000100000001010100010000000100000001011000000000000100000001011101110000000100000001011001110000000100000001010001110000000100000001010010110000000100000001011111110000000100000001011000100000000100000001011000010000000100000001011111010000000100000001011001000111101000000001001110100000000100000001011110100000000100000001010000010000000100000001010110010111110100000001010000110111000000000001010000000000000100000001000000010111010000000001011001000000000100000001000000010000000100000001000000010000000100000001000000010111011100000001000000010111101000000001000000010101111100000001000000010101111000000001000000010110001100000001000000010111001000000001000000010110100100000001000000010110000100000001000000010110111100000001000000010111001100000001000000010000000100000001000000010101010000000001011010100010001101011111001011110010111001100010001100110011010001100010001101000010110001011001001011100010101001010111001011000010111101011010001011110010111001011001001011100010110101011000001011010011000101011100001100010010110101010101001011000011001001011001001100110011100101011001001110100011011001010011001110100000000100000001000000010000000100000001000000010000000100000001000000010000000100000001000000010000000100000001000000010000000100000001000000010000000100000001000000010000000100000001000000010000000100000001000000010000000100000001000000010000000100000001000000010000000100000001000000010000000100000001000000010000000100000001000000010000000100000001000000010000000100000001000000010000000100000001000000010000000100000001000000010000000100000001000000010000000100000001000000010000000100000001000000010001001100010011000100110000000000000000000000000000001100000011000000110000000000000000000000000000010000000100000001000000011100000111000001110000100000001000000010000000011100000111000001110000001100000011000000110000000000000000000000000000010100000101000001010000001000000010000000100000010100000101000001010000001100000011000000110000001000000011000000010000000100000001000000010000000100000001000000010000000100000001000000010001111000101110000111010010000000111000001000000001111100111101001000000010101001001010001010110010100101001100001010100010110001001111001011010011001101010110001101000011010001011000001101000011000101010111001100110011001001011001001100110011000001011001001100110010111101011001001100000011000101011011001100100011000001011011001100000011000001011011001100000011001001011010001100010011001001011010001100010011010001011001001100110011010001011001001100110011001001011010001100010011001001011010001100010011000001011010001100010010111101011000001100100011001001011000001101000011011001011001001101110011100101011000001110110010111001001011001100100000000100000001000000010000000100000001000000010000000100000001000000010000000100000001000000010000000100000001000000010000000100000001000000010000000100000001000000010000000100000001000000010000000100000001000000010000000100000001000000010000000100000001000000010000000100000001000000010000000100000001000000010000000100000001000000010000000100000001000000010000000100000001000000010000000100000001000000010000000100000001000000010000000000000010000000110000100000001011000000000000000000000001000000010000000000000010000101000001001100010101000001000000001100000101000010000000011000000110000001110000010100000101000000010000000100000001000000100000001000000010000000000000001000000010000000000000000000000000000001010000100000000110000000010000000100000001000000010000000100000001000000010000000100000001000000010000000100000001000000010000000100000001000000010000000100000001000101010010011000011001001000110011101100101001001010100001000100011001010001100010010100000110010000100001101001010101000000010110111101101010000000010000000101110101000000010000000101101111000000010000000101110000000000010000000101101111000000010000000101011111000000010000000101011100000000010000000101101001000000010000000101100000000000010000000101101110000000010000000101110111000000010000000101110101000000010000000101111111000000010000000101101010000000010000000101100000000000010000000101011101000000010000000101111010000000010000000101111001000000010000000101101000000000010000000101011010000000010000000101010101000000010000000101100101000000010000000101110100000000010000000101101100000000010000000101110001000000010000000101111101000000010000000100000001000000010000000100000001000000010000000101101000000000010101110100000001000000010110110001100000000000010011101101101001000000010011110000000001000000010111101100000001000000010111111001111100000000010011111100000001000000010101100000000001000000010100010101111100000000010011100100000001000000010111011000000001000000010111010100000001000000010101011101101110000000010010110000000001000000010101110101100111011110100010010100000001000000010111100100000001000000010111001101101101000000010010101100000001000000010100110101100101011110000010001101101111000000010011000000000001000000010000000100000001000000010111001001101110000000010011001001111000000000010011110001110101000000010011100101101010000000010010111000000001000000010000000100000001000000010111010001111011000000010011110001100111011111000010011100000001000000010101011001111001000000010011011100000001000000010111110000000001000000010000000101111110000000010011101001111111000000010011110100000001000000010101001100000001000000010100101000000001000000010000000100000001000000010000000101110011000000010011000001110101000000010011001000000001000000010011111001111110000000010011110100000001000000010110110000000001000000010000000100000001000000010100110000000001000000010101101100000001000000010100110101110111000000010011111100000001000000010000000100000001000000010000000101111000000000010101010000000001000000010000000100000001000000010000000100000001000000010000000100000001000000010000000100000001000000010000000100000001000000010000000100000001000000010000000100000001000000010000000100000001000000010000000100000001000000010000000100000001000000010000000100000001000000010000000100000001000000010000000100000001000000010000000100000001000000010000000100000001000000010000000100000001000000010000000100000001000000010000000100000001000000010000000100000001000000010000000100000001000000010000000100000001000000010000000100000001000000010000000100000001000000010000000100000001000000010000000100000001000000010000000100000001000000010000000100000001000000010000000100000001000000010000000100000001000000010000000100000001000000010000000100000001000000010000000100000001000000010000000100000001000000010000000100000001000000010000000100000001000000010000000100000001000000010000000100000001000000010000000100000001000000010000000100000001000000010000000100000001000000010000000100000001000000010000000100000001000000010000000100000001000000010000000100000001000000010000000100000001000000010000000100000001000000010000000100000001000000010000000100000001000000010000000100000000000000010000000100000001000000010000000100000001000000010000000100000001000000010000000100000001000000010000000100000001000000010000000100000001000000010000000100000001000000010000000100000001000000010000000100000001000000010000000100000001000000010000000100000001000000010000000100000001000000010000000100000001000000010000000100000001011010010000000100000001011001100000000100000001000000010000000100000001000000010000000100000001010110110000000100000001010001100000000100000001010011000000000100000001011100010000000100000001000000010000000100000001000000010000000100000001010101100000000100000001011001100000000100000001000000010000000100000001000000010000000100000001000000010000000100000001000000010000000100000001000000010000000100000001000000010000000100000001000000010000000100000001011110010000000101000001000000010000000101111010000000010000000101101111000000010000000101011100000000010000000101011101000000010000000101100110000000010000000100111111000000010000000101011001011111110000000100111100011111010000000100111101000000010000000101101010000000010000000101100001000000010000000101101111000000010000000101010000000000010000000101101111000000010000000101000001000000010000000101000110000000010000000101101000000000010000000101000010000000010000000100000001000000010000000101000101011111010000000100111111000000010000000101101100000000010000000101010011011111100000000100111110000000010000000101000101000000010000000101001110000000010000000101010010000000010000000101010001000000010000000101000100000000010000000101010100000000010000000101000110011111110000000101000001000000010000000101010011000000010000000101110100000000010000000101010101000000010000000101010110000000010000000101100011000000010000000101010001000000010000000101101111000000010000000100000001000000010000000101011010000000010000000101110010000000010000000101011101000000010000000101100000000000010000000101000110000000010000000101110000000000010000000101010011000000010000000101111101000000010000000101101110000000010000000101001001000000010000000101111010000000010000000101110010000000010000000101110110000000010000000101111001000000010000000101011110000000010000000101110001000000010000000101100010000000010000000101010110011110100000000100111100000000010000000101111101000000010000000101000110000000010000000101001000000000010000000101011001000000010000000101011001000000010000000101100000000000010000000101101110011110000000000100111101000000010000000101000111000000010000000101010000011110000000000100111111000000010000000101001100000000010000000101010101000000010000000101011100000000010000000101110010000000010000000101110000000000010000000101011010000000010000000101101111000000010000000101110001011110000000000101110100000000010000000100000001011110010000000100000001011011010000000100000001011110100000000100000001011001100000000100000001011000000000000100000001011010100000000100000001011100100000000100000001011011010000000100000001011001000000000100000001011100110000000100000001011100100000000100000001011100100000000100000001001000110110010100110100001001010101110000101101001010010101100000101010001011100101100100101100001100000101101100110000001100010101110000110001001100000101101100110000001011110101101000101111001011110101101000101111001011100101101100110000001100000101101000110001001011000101010100101111001100000101010100110101001111000101101001000001000000010000000100000001000000010000000100000001000000010000000100000001000000010000000100000001000000010000000100000001000000010000000100000001000000010000000100000001000000010000000100000001000000010000000100000001000000010000000100000001000000010000000100000001000000010000000100000001000000010000000100000001000000010000000100000001000000010000000100000001000000010000000100000001000000010000000100000001000000010000000100000001000000010000000100000001000000010000000100000001000000010000000100000001000000010000000100000001000001000000010000000100000001000000010000000100000000100000001000000010000000000000000000000000000000100000001000000010000000000000000000000000000001100000011000000110000001000000010000000100000010000000100000001000000000100000001000000010000000010000000100000001000000010000000100000001000000010000000100000001000000010000000100000001000000010000000100000001000111010010110100011100000111010011010100011101001001010100001100100110001001110100011100101000001011000100111100101101001100000101011000110010001100000101011000110010001100010101011100110011001100010101011100110011001100100101100100110011001100000101100100110011001100010101101100110010001011110101101100110010001100000101101100110000001100000101101100110000001100100101101000110001001100100101101000110001001101000101100100110001001101000101100100110001001100100101101000110001001100100101101000110001001100110101110100110100001011100101011100110001001011110101010100110001001101110101100100111010001100100100111100110101010001010101111101001000000000010000000100000001000000010000000100000001000000010000000100000001000000010000000100000001000000010000000100000001000000010000000100000001000000010000000100000001000000010000000100000001000000010000000100000001000000010000000100000001000000010000000100000001000000010000000100000001000000010000000100000001000000010000000100000001000000010000000100000001000000010000000100000001000000010000000100000001000100110001010100010101000000010000000000000010000000000000000000000001000010010000100100001001000000110000001100000011000000100000001000000010000000010000000100000001000011100000111000001110000001000000010000000100000000000000000000000000000000000000000000000000000001000000010000000100000100010001001100010011000000010000001100000011000101100001100000011000000000010000000100000001000000010000000100000001000000010000000100000001000000010000000100000001000000010000000100000001001100010011111100110011000110010010110000011011000111000011100100100000000011000011010100010101000100010100011000011111001010010110101000111101011010010000000100000001011100100000000100000001011101000000000100000001011001100000000100000001011110000000000100000001010111110000000100000001011010010000000100000001011110100000000100000001000000010000000100000001011001010000000100000001011011010000000100000001011010000000000100000001000000010000000100000001011011000000000100000001011111000000000100000001011100100000000100000001011010110000000100000001011010100000000100000001010101100000000100000001011001010000000100000001010101110000000100000001011010010000000100000001010111000000000100000001011111000000000100000001000000010000000100000001000000010000000100000001000000010000000100000001010011110000000101001000000000010000000100000001000000010000000100000001011011010000000100110111011010100111110100101100000000010000000101110010000000010000000101000100000000010000000101000010000000010000000101110011011101010000000100110011011110010000000100111000011011100000000100101110000000010000000100000001010111110111001100100000000000010000000101010011000000010000000101010001011100110000000100110100000000010000000100000001011100110000000100110010000000010000000100000001000000010000000101111101011110000000000100111001000000010000000101010000000000010000000100000001000000010000000101101101000000010000000101000110000000010000000100000001000000010000000101011000011101010000000100111001000000010000000101100001000000010000000100000001000000010000000101111100000000010000000101110101000000010000000101001101000000010000000101010001011011100000000100101110000000010000000100000001000000010000000100000001000000010000000101011011000000010000000101010010000000010000000101010101011011100000000100101110010101110110101000010101000000010000000101110001000000010000000100000001000000010000000101000011011110100000000100111001000000010000000100000001000000010000000101111110010001110101111000001001000000010000000100000001000000010000000101001110000000010000000101000110011000000111000100100111011010000111100100110110000000010000000101111111000000010000000100000001000000010000000100000001000000010000000100000001000000010000000100000001000000010000000100000001000000010000000100000001000000010000000100000001000000010000000100000001000000010000000100000001000000010000000100000001000000010000000100000001000000010000000100000001000000010000000100000001000000010000000100000001000000010000000100000001000000010000000100000001000000010000000100000001000000010000000100000001000000010000000100000001000000010000000100000001000000010000000100000001000000010000000100000001000000010000000100000001000000010000000100000001000000010000000100000001000000010000000100000001000000010000000100000001000000010000000100000001000000010000000100000001000000010000000100000001000000010000000100000001000000010000000100000001000000010000000100000001000000010000000100000001000000010000000100000001000000010000000100000001000000010000000100000001000000010000000100000001000000010000000100000001000000010000000100000001000000010000000100000001000000010000000100000001000000010000000100000001000000010000000100000001000000010000000100000001000000010000000100000001000000010000000100000001000000010000000100000001000000010000000100000001000000000000000100000001000000010000000100000001000000010000000100000001000000010000000100000001000000010000000100000001000000010000000100000001000000010000000100000001000000010000000100000001000000010000000100000001000000010000000100000001000000010000000100000001000000010000000100000001000000010000000100000001000000010000000100000001000000010101111000000001000000010101010100000001000000010110101000000001000000010000000100000001000000010100111100000001000000010100001000000001000000010100001000000001000000010101011100000001000000010000000100000001000000010110101000000001000000010100100000000001000000010101101000000001000000010000000100000001000000010000000100000001000000010000000100000001000000010000000100000001000000010000000100000001000000010000000100000001000000010000000100000001000000010110101101111100001100100000000100000001010100110000000100000001010100110000000100000001010001000000000100000001011110010000000100000001000000010000000100000001010010010110111000000001001010110110111000000001001011000000000100000001010111010000000100000001011110010000000100000001011100000110010001111001001001000111110100000001001111100000000100000001010010100110101001111110001010110000000100000001011101110000000100000001011100000000000100000001010000100111011000000001001110000110100001111111001010100111110100000001001111110000000100000001000000010000000100000001011111000110010001111100001001000111010100000001001101010111010100000001001101010000000100000001010001010000000100000001011100000000000100000001000000010110100100000001001010110110101101111111001011000110000101110101001000100000000100000001010010100000000100000001011111100000000100000001011100110000000100000001010101000111111100000001001111110111010000000001001101000000000100000001010101000000000100000001011111100000000100000001011011110110010001111000001001010110100101111100001010110000000100000001010010010000000100000001010101110000000100000001000000010000000100000001000000010101001101100110000101010000000100000001010010110000000100000001010000110110111000000001001100000000000100000001011110110000000100000001000000010110101101111110001011010111100000000001001110100110010001110111001001100111111000000001001111100000000100000001011100000000000100000001011111100000000100000001010000000000000100000001010000000000000100000001010111100000000100000001010110100000000100000001000000010000000100000001011110110110111001111101001011000111101000000001001111000000000100000001010010110110010101111100001010100000000100000001000000010000000100000001011100100111101000000001001110010000000100000001010011010000000100000001010011000000000100000001010011110000000100000001011110110000000100000001000000010111100000000001010110110100000001111101001100110111100000000001011110010000000100000001000000010000000100000001000000010111001000000001000000010101111100000001000000010110011000000001000000010110001100000001000000010101010000000001000000010100111100000001011111110101100100000001000000010110001100000001000000010100111100000001011100000010110001110100010001010010010001011111001100100010101001011101001100010011000101011110001100110011001001011101001100000011000001011011001100000010111101011010001011110010111101011010001011110010111101011010001011110010111001011011001100000010111001011011001100000010111101011011001100100010110101011001001100100011010101011010001110100011001101010100001110010000000100000001000000010000000100000001000000010000000100000001000000010000000100000001000000010000000100000001000000010000000100000001000000010000000100000001000000010000000100000001000000010000000100000001000000010000000100000001000000010000000100000001000000010000000100000001000000010000000100000001000000010000000100000001000000010000000100000001000000010000000100000001000000010000000100000001000000010000000100000001000000010000000100000001000000010000000100000001000000010000000100000001000000010000000100000001000000010111100001111000011110000000000000000000000000000000011000000110000001100000001000000010000000100000111100001111000011110000000000000000000000000000011000000110000001100000011000000110000001100000000000000000000000000000000000000000000000000000110000001100000011000000000000000000000000000111010001110100011101000000000100000001000000010000000100000001000000010000000100000001000000010000000100000001000000010001100000101011000110000010010100111101001001010010011101000101001010000011000101010001001100100010111101010011001011110011000101010111001100110011000101010111001100110011000101010111001100110011000101011000001100100011000001011001001100110011000001011010001100010011000001011010001100010010111001011010001100010011000001011011001100000011000001011011001100000011001001011010001100010011001001011010001100010011010001011001001100010011010001011001001100010011001001011010001100010011001001011010001100010010110001010110001011010011000001011001001100110011001001011000001101000011010101010111001110000011010101010010001110010110001101111001011001100000000100000001000000010000000100000001000000010000000100000001000000010000000100000001000000010000000100000001000000010000000100000001000000010000000100000001000000010000000100000001000000010000000100000001000000010000000100000001000000010000000100000001000000010000000100000001000000010000000100000001000000010000000100000001000000010000000100000001000000010000000100000001000000010000000100000001000000010000000000000001000000010000000000000000000000010000000000000000000000010000001000000010000000100000010000000100000001000000000000000000000000000000000100000001000000010000001000000010000000100000000000000000000000000000000100000001000000010000000100000001000000010000000100000001000000010111011101110111011101110000000100000011000000110000000000000001000000010000000100000001000000010000000100000001000000010000000100000001000000010000000100000001000000010000000100000001000000010101100001100011010110010001101000101010000110010001111000110101000111110001101100111111001000010001011001000111001000010001000001001101001000010100110100000001011001100101111000000001011111110110011000000001000000010100111000000001011110110110011000000001000000010110100000000001000000010101111000000001000000010110111100000001000000010111110000000001000000010110111000000001000000010110000000000001000000010101010000000001000000010110100100000001000000010111000000000001000000010111101100000001000000010000000100000001000000010101110100000001000000010101111100000001000000010110010100000001000000010110011000000001000000010111011000000001000000010101010100000001000000010111010000000001000000010000000100000001000000010000000100000001000000010110111000000001000000010000000100000001000000010000000100000001000000010000000100000001011010010000000100000001000000010000000100000001010111100000000100000001001111000000000100000001011010000000000100000001000000010000000100000001010001010000000100000001011100010111110000000001001110100110101000000001001010110000000100000001011101110000000100000001000000010000000100000001000000010110110000000001001100000000000100000001010010100000000100000001010111000110010101111001001001100000000100000001010101100000000100000001011010110000000100000001010010100000000100000001010100110110110100000001001011110000000100000001010001100000000100000001000000010111011100000001001110010111110100000001001111110111100100000001001110110101011001101100000110100110011101111101001010110101101101110010000111100000000100000001000000010000000100000001000000010111010100000001001101110000000100000001010011110000000100000001000000010000000100000001000000010000000100000001000000010000000100000001011100100111100100000001001110010000000100000001010101110000000100000001010100100000000100000001011111010000000100000001011110010110010001110011001000100111111100000001001111010110010001110101001001000000000100000001000000010000000100000001000000010000000100000001000000010111001100000001001100000000000100000001010000100000000100000001010011010000000100000001000000010000000100000001011111010000000100000001000000010000000100000001000000010110111101111110010010110000000100000001000000010000000100000001000000010000000100000001000000010000000100000001000000010000000100000001000000010000000100000001000000010000000100000001000000010000000100000001000000010000000100000001000000010000000100000001000000010000000100000001000000010000000100000001000000010000000100000001000000010000000100000001000000010000000100000001000000010000000100000001000000010000000100000001000000010000000100000001000000010000000100000001000000010000000100000001000000010000000100000001000000010000000100000001000000010000000100000001000000010000000100000001000000010000000100000001000000010111100100000001000000010111100000000001000000010000000100000001000000010000000100000001000000010000000100000001000000010111110000000001000000010111111100000001000000010000000100000001000000010000000100000001000000010000000100000001000000010000000100000001000000010000000100000001000000010000000100000001000000010000000100000001000000010000000100000001000000010000000100000001000000010000000100000001000000010000000100000001000000010000000100000001000000010000000100000001000000010000000100000001000000010000000100000001000000010000000000000001000000010000000100000001000000010000000100000001000000010000000100000001000000010000000100000001000000010000000100000001000000010000000100000001000000010000000100000001000000010000000100000001000000010000000100000001000000010000000101111001000000010000000101111000000000010000000100000001000000010000000100000001000000010000000101011000000000010000000101010010000000010000000101101101000000010000000100000001000000010000000101011001000000010000000101001100000000010000000101000111000000010000000101011101000000010000000100000001000000010000000101110011000000010000000101000111000000010000000101011001000000010000000100000001000000010000000100000001000000010000000100000001000000010000000100000001000000010000000100000001000000010000000100000001000000010000000100000001000000010000000100000001000000010101110101100111011110100010101101111000000000010011101001110010000000010011001100000001000000010111010100000001000000010111000000000001000000010101101001111100000000010011101001110010000000010011000001111110000000010011110000000001000000010111001000000001000000010000000101101000011111010010100000000001000000010101010101111100000000010011110100000001000000010100010000000001000000010000000100000001000000010000000101111001000000010011101000000001000000010100010000000001000000010101010001111101000000010011111100000001000000010111100000000001000000010111110101111101000000010011110101100111011111100010100101100000011101110010001000000001000000010100110000000001000000010000000100000001000000010111100000000001000000010110000000000001000000010100110001111011000000010011100101100010011110000001111100000001000000010000000100000001000000010111101101100100011110100010000101111110000000010011101100000001000000010100011001110110000000010011001100000001000000010111100000000001000000010111111100000001000000010101000100000001000000010100110100000001000000010100110000000001000000010100011000000001000000010111011000000001000000010111010000000001000000010101101101101110000000010010110000000001000000010100010101110100000000010011001000000001000000010111111000000001000000010111011101101000011111100010011001101101000000010010100101101011011111100010011101110100000000010011000000000001000000010000000100000001000000010111010100000001000000010101011101101100011111110010100000000001000000010100111000000001000000010100101100000001000000010111001100000001000000010000000100000001000000010101001000000001000000010101010100000001000000010100111101110000000000010011010100000001000000010111101000000001000000010111101101111111000000010011110001101100011111100010010100000001000000010101011101101011000000010010101100000001000000010000000100000001000000010111110001100100000000010100000001100011000000010100110001011011000000010101001001100011000000010110100001110001000000010000000101101101000000010000000101100111000000010000000101110110000000010000000101111000000000010000000101101001000000010000000101101001000000010000000101110101000000010000000101111000000000010000000100111111000000010101101100011101010111000011000000101001010111100011001100101011010110010010111100110010010111110011010000110000010111010011001000101111010110100010111100101111010110100010111100101111010110100010111100110000010110110011000000101111010110100010111100101110010110010010111000110001010111010011010000101100010110000011000100101111010101000011001000111000010110010011111000000001000000010000000100000001000000010000000100000001000000010000000100000001000000010000000100000001000000010000000100000001000000010000000100000001000000010000000100000001000000010000000100000001000000010000000100000001000000010000000100000001000000010000000100000001000000010000000100000001000000010000000100000001000000010000000100000001000000010000000100000001000000010000000100000001000000010000000100000001000000010000000100000001000000010000000100000001000000010000000100000001000000010000000100000001000000010000000100000001000000010000000100000001000000010000000100001110000011100000111000000000000000000000000000000000000000000000000000000000000000000000000000000101000001010000010100000110000001100000011000000000000000000000000000011011000110110001101100000001000000010000000100000001000000010000000100000001000000010000000100000001000000010000000100000001000000010000000100000001000000010000000100100111001110100010011100100001001110010010000100100111010001100010011100101010010010110010100100101100010100000010110000110010010110000011010000110010010110010011001100110010010110010011001100110010010110010011001100110010010110010011001100110000010110100011000100110000010110100011000100110000010110110011000000110010010110100011000000110010010110100011000000110010010110100011000100110010010110100011000100110100010110010011000100110100010110010011000100110010010110100011000000110010010110100011000000101110010110000010111100110011010111000011011000110011010110010011010100110100010101000011010100111011010101010011110100000001000000010000000100000001000000010000000100000001000000010000000100000001000000010000000100000001000000010000000100000001000000010000000100000001000000010000000100000001000000010000000100000001000000010000000100000001000000010000000100000001000000010000000100000001000000010000000100000001000000010000000100000001000000010000000100000001000000010000000100000001000000010000000100000001000000010000000101000101010001010100010100000010000000100000001000000010000000010000001100001001000010000000000000000000000000000000010000000100000001000000101100001011000010110000000000000000000000000000000000000001000000000000000100000001000000010000000100000001000000010000000100000001000000010000000100000001000000010000000100000001000000010000000100000001000000010000011100000111000001110100011001000101010001110000000100000001000000010000000100000001000000010000000100000001000000010000000100000001000000010000000100000001000000010010001100110000001000000001111000110011000111010001110000111010000111010001101001000100001000010001110101010010001010100011001101110111010010000111101100000001000000010111001100000001000000010101101100000001000000010000000100000001000000010101110100000001000000010110000000000001000000010110011100000001000000010111000100000001000000010110111100000001000000010101101100000001000000010110001000000001000000010101111000000001000000010101110100000001000000010101011100000001000000010000000100000001000000010110011000000001000000010110100100000001000000010110100100000001000000010111011000000001000000010110001100000001000000010110010100000001000000010110101100000001000000010000000100000001000000010000000100000001000000010110111100000001011011100000000100000001011111000000000100000001000000010000000100000001011010110000000100000001011011000000000100000001010110010000000100000001001111110000000100000001010101100000000100000001011001010000000100000001011000100000000100000001010101000000000100000001010000100000000100000001011010110111011000000001001101100000000100000001010111010111111100000001010001010000000100000001011000010000000100000001011000100000000100000001010100100000000100000001010110000000000100000001010010010000000100000001011101010111111000000001001111110000000100000001011000010000000100000001010100110000000100000001010101000000000100000001010011110000000100000001010011100000000100000001011011110000000100000001010011100000000100000001000000010111101100000001001111110000000100000001011100000000000100000001010101010000000100000001010011110000000100000001011000000000000100000001011011110000000100000001011110110111011000000001001110000000000100000001010011110111111100000001010000010000000100000001010011000111000100000001001100110000000100000001010000110000000100000001011010100000000100000001010110000000000100000001010100010000000100000001011111010000000100000001010100000111101100000001001110100000000100000001011000110000000100000001001111110000000100000001010000100111111000000001001110110111100100000001001101100000000100000001010000000000000100000001011010000000000100000001011101110000000100000001011101000000000100000001000000010000000100000001011010100000000100000001000000010000000100000001000000010000000100000001000000010000000100000001000000010000000100000001000000010000000100000001000000010000000100000001000000010000000100000001000000010000000100000001000000010000000100000001000000010000000100000001000000010000000100000001000000010000000100000001000000010000000100000001000000010000000100000001000000010000000100000001000000010000000100000001000000010000000100000001000000010000000100000001000000010000000100000001000000010000000100000001000000010000000100000001000000010000000100000001000000010111101000000001000000010111001000000001000000010111001100000001000000010111000000000001000000010000000100000001000000010000000100000001000000010111100100000001000000010000000100000001000000010000000100000001000000010000000100000001000000010000000100000001000000010000000100000001000000010000000100000001000000010000000100000001000000010000000100000001000000010000000100000001000000010000000100000001000000010000000100000001000000010000000100000001000000010000000100000001000000010000000100000001000000010000000100000001000000010000000100000001000000010000000000000001000000010000000100000001000000010000000100000001000000010000000100000001000000010000000100000001000000010000000100000001000000010000000100000001000000010000000100000001000000010000000100000001000000010000000100000001000000010000000100000001000000010000000100000001000000010000000100000001000000010000000100000001000000010000000101110100000000010000000101100011000000010000000100000001000000010000000100000001000000010000000101100110000000010000000101010011000000010000000101010110000000010000000101111001000000010000000100000001000000010000000100000001000000010000000101011011000000010000000101110001000000010000000100000001000000010000000100000001000000010000000100000001000000010000000100000001000000010000000100000001000000010000000100000001000000010000000100000001000000010000000100000001000000010000000100000001000000010000000100000001000000010101000101101111000000010011000100000001000000010000000100000001000000010000000100000001000000010111101100000001000000010000000101110001000000010010111100000001000000010100100001100111011111010010010100000001000000010100011000000001000000010000000100000001000000010110110000000001000000010101110001100010011101100010001100000001000000010000000100000001000000010110010000000001000000010101011100000001000000010101111100000001000000010100001000000001000000010100101001001011011000100000110100000001000000010111111001110100000000010011010000000001000000010000000101111000000000010011101000000001000000010100010101011010011100010001110000000001000000010111100000000001000000010100010000000001000000010111100101111011000000010011100001110011000000010010111000000001000000010000000100000001000000010100000000000001000000010000000100000001000000010000000100000001000000010011110101101000011111110010001100000001000000010111000001100111011111010010010000000001000000010000000100000001000000010000000100000001000000010101100000000001000000010101010000000001000000010110100000000001000000010000000101101111000000010010110000000001000000010000000100000001000000010101010101111101000000010011101000000001000000010110101001100111011111010010010000000001000000010101110000000001000000010101111001110111000000010011001000000001000000010011111000000001000000010000000100000001000000010000000100000001000000010000000100000001000000010000000100000001000000010101010100000001000000010101010000000001000000010110111100000001000000010101101100000001000000010110111001100110011110010010010001110000000000010011001001111011000000010100000000000001000000010111000000000001000000010000000100000001000000010110111100000001000000010000000100000001000000010101100101110110000000010011001100000001000000010000000101011111000000010010101101000101011011100001100100000001000000010000000101111010000000010110011001111110000000010111110101111010000000010000000101101011000000010000000101011000000000010000000101001100000000010111111001100010000000010000000101101100000000010000000101110011000000010000000101110010000000010000000101010100000000010111000000011000010110110010111000100001010110010010111000101100010110110011010000110001010111010011011000101101010110010011000000101101010110100010111100101111010110100010111100110000010110110011000000110001010111000011000100110001010111000011000100110001010110010010111100101101010110000010110100110001010110110011001000101100010101010010111100101110010100110011000100110011010101010011011101101100000000010111000100000001000000010000000100000001000000010000000100000001000000010000000100000001000000010000000100000001000000010000000100000001000000010000000100000001000000010000000100000001000000010000000100000001000000010000000100000001000000010000000100000001000000010000000100000001000000010000000100000001000000010000000100000001000000010000000100000001000000010000000100000001000000010000000100000001000000010000000100000001000000010000000100000001000000010000000100000001000000010000000100000001000000010000000100000001000000010000000100000001000000010000000100000001000000010000000100000001000000010000000100111011001110110011101100001101000011010000110100000111000001110000011100000101000001010000010100110011001100110011001100000001000000010000000100000001000000010000000100000001000000010000000100000001000000010000000100000001000000010000000100000001000000010000000100000001000000010000000101101001011101100110100000101001001111000010011100100000001110110010000100101110010011100010111100101101010100000010111000110110010110110011010100110010010110010011001100110010010110010011001100110010010110010011001100110010010110100011000100110010010110100011000100110010010110100011000000110000010110110011000000110000010110110011000000110010010110100011000000110010010110100011000000110010010110100011000100110010010110100011000100110100010110010011000100110100010110010011000100110010010110100011000000110010010110100011000000110001010110110011001000110010010110010011001100110001010101010011000100110010010100100011001100111101010101110011111100000001000000010000000100000001000000010000000100000001000000010000000100000001000000010000000100000001000000010000000100000001000000010000000100000001000000010000000100000001000000010000000100000001000000010000000100000001000000010000000100000001000000010000000100000001000000010000000100000001000000010000000100000001000000010000000100000001000000010000000100000001000000010000000100000001000000010000000100011000000110000001100000000010000000100000001000000111000001100000100000000000000000000000000100000100000001000000010000000010000000100000001000000000000000000000000000001011000010110000101100001000000010010000011100000001000000010000000100000001000000010000000100000001000000010000000100000001000000010000000100000001000000010000000100000001000000010000000100000000000000000000000000011001000110000001101000000001000000010000000100000001000000010000000100000001000000010000000100000001000000010000000100000001000000010000000100011101001010000001100000100000001100010001110000100110010000100010010100010001001101100001010000011001010010110010001100100000011000000011001001100101000000010111111101111011000000010000000101101010000000010000000101111110000000010000000101001011000000010111111001001110000000010000000101110001000000010000000101101101000000010000000101100101000000010000000101100001000000010000000100000001000000010000000101100111000000010000000101010100000000010000000101001010000000010000000101110011000000010000000101100110000000010000000100000001000000010000000100000001000000010000000101110110000000010000000101111010000000010000000100000001000000010000000100000001000000010000000100000001000000010000000100000001000000010000000101100100000000010101001100000001000000010110101000000001000000010111111101110000000000010011110100000001000000010110110000000001000000010110011000000001000000010101111001111111000000010011100100000001000000010100011000000001000000010111000000000001000000010101100000000001000000010111111100000001000000010111001000000001000000010101011100000001000000010101010001111111000000010100010100000001000000010100011101111000000000010011111001110101000000010011100100000001000000010111110100000001000000010101001001111110000000010100000000000001000000010111010100000001000000010100101100000001000000010111011101111101000000010011111000000001000000010100101000000001000000010111010000000001000000010111101101111001000000010011101000000001000000010100010100000001000000010101100100000001000000010111011000000001000000010101011101111111000000010100001000000001000000010101110000000001000000010111010100000001000000010101110100000001000000010100010100000001000000010110110000000001000000010100011000000001000000010101001000000001000000010110111000000001000000010101101101111100000000010011111100000001000000010101011000000001000000010000000100000001000000010110101000000001000000010110011000000001000000010110111000000001000000010100101100000001000000010100110000000001000000010101011100000001000000010111000100000001000000010101001000000001000000010110111100000001000000010101001100000001000000010111000001111111000000010100100100000001000000010101011000000001000000010000000100000001000000010000000100000001000000010000000100000001000000010000000100000001000000010000000100000001000000010000000100000001000000010000000100000001000000010000000100000001000000010000000100000001000000010000000100000001000000010000000100000001000000010000000100000001000000010000000100000001000000010000000100000001000000010000000100000001000000010000000100000001000000010000000100000001000000010000000100000001000000010000000100000001000000010000000100000001000000010000000100000001000000010000000100000001000000010000000100000001000000010000000100000001000000010000000101111000000000010000000101111001000000010000000100000001000000010000000100000001000000010000000100000001000000010000000100000001000000010000000100000001000000010000000100000001000000010000000100000001000000010000000100000001000000010000000100000001000000010000000100000001000000010000000100000001000000010000000100000001000000010000000100000001000000010000000100000001000000010000000100000001000000010000000100000001000000010000000100000001000000010000000100000001000000010000000100000001000000010000000100000001000000010000000100000000000000010000000100000001000000010000000100000001000000010000000100000001000000010000000100000001000000010000000100000001000000010000000100000001000000010000000100000001000000010000000100000001000000010000000100000001000000010000000100000001000000010000000100000001000000010000000100000001000000010000000100000001000000010000000100000001000000010000000100000001000000010000000100000001000000010000000100000001000000010000000100000001011101110000000100000001011001010000000100000001011100100000000100000001000000010000000100000001000000010000000100000001000000010000000100000001000000010000000100000001000000010000000100000001000000010000000100000001000000010000000100000001000000010000000100000001000000010000000100000001000000010000000100000001000000010000000100000001000000010000000101010100011001110111101000101011000000010000000100000001000000010000000101010010000000010000000101001110000000010000000100000001000000010000000100000001000000010000000101000011000000010000000100000001000000010000000101001110000000010000000101011000010101010110101000010101000000010000000101111011000000010000000100000001000000010000000100000001010101010110100100010110000000010000000101010110000000010000000101111010000000010000000101111110000000010000000101111111000000010000000100000001011100000000000100110000011100010000000100110001000000010000000100000001000000010000000101110011010111100111010100100000000000010000000100000001011110000000000100111010011110000000000100111011000000010000000100000001000000010000000100000001000000010000000101000100000000010000000101101011011010100000000100100111000000010000000101001000000000010000000100000001000000010000000100000001000000010000000100000001000000010000000101110111011110000000000100110011011011000000000100101001000000010000000100000001000000010000000100000001000000010000000100000001000000010000000101111100000000010000000101000010011100100000000100110010000000010000000100000001000000010000000101000011000000010000000100000001000000010000000101000101000000010000000100111110000000010000000101000100000000010000000101000000011101010000000100101110000000010000000101111101000000010000000100000001011101110000000100110000000000010000000101000000000000010000000100000001000000010000000101110110000000010000000101100101000000010000000100000001011101100000000100101111011011000000000100100111000000010000000100000001000000010000000100000001000000010000000100000001011100110000000100110011000000010000000101011001011001010000000100101100011101100000000100111101000000010000000101011011000000010000000100000001000000010000000100000001011011100000000100100101011111100000000100111001000000010000000100000001000000010000000101101000000000010000000101111100000000010000000101110001011110110000000101011101000000010000000100000001011111000000000100000001011011010000000100000001011101010000000100000001010111010000000100000001011001100000000100000001011110000000000100000001000000010000000100000001011011010000000100000001001100100111010101001000000110010101001100101010001001100101101000110010001100110101111100111000001101010101111000111000001010110101011100101110001011000101100000101111001100000101101000110001001100010101101100110010001100100101101000110001001100100101101000110001001100110101100100101111001100100101101000110000001011110101011100101101001101000101100100110001001110000101110000111000001010010100100000101011010010110110010101001110000000010000000100000001000000010000000100000001000000010000000100000001000000010000000100000001000000010000000100000001000000010000000100000001000000010000000100000001000000010000000100000001000000010000000100000001000000010000000100000001000000010000000100000001000000010000000100000001000000010000000100000001000000010000000100000001000000010000000100000001000000010000000100000001000000010000000100000001000000010000000100000001000000010000000100000001000000010000000100000001000000010000000100000001000000010000000100000001000000010000000100000001000000010000000100000001000000010000000100000001000000010000000100000001000000010000000100000001000000010000000100000001000000010000000100000001000000010000000100000001000000010000000100000001000000010000000100000001000000010000000100000001000000010000000100000001000000010000000100000001000000010000000100000001000000010000000100000001001101110100011100110110000111110011010000011110001010000100001100101001001010110100110000101010001011000101000000101100001010110101001000101100001100010101100000110010001100010101100100110000001101000101100100110001001101000101100100110001001100100101101000110001001100100101101000110000001100000101101100110000001100010101110000101111001100100101101000110000001100100101101000110000001100100101101000110001001100100101101000110001001101000101100100110001001101000101100100110001001100100101101000110000001100100101101000110000001011010101100000101101001100000101100000101111001100100101011000110010001100100101000100110010001111100101011000111110000000010000000100000001000000010000000100000001000000010000000100000001000000010000000100000001000000010000000100000001000000010000000100000001000000010000000100000001000000010000000100000001000000010000000100000001000000010000000100000001000000010000000100000001000000010000000100000001000000010000000100000001000000010000000100000001000000010000000100000001000000010000000100000001000000010000000100000001000011000000010000000010000000100000100100001000000000000000000000000001000001110000011100000111000001000000010000000100000000000000000000000000000001110000100000000110000000010000000100000001000000010000000100000001000000010000000100000001000000010000000100000001000000010000000100000001000000010000000100000001000010000000011100001001000000010000000000000010000000010000000100000001000000010000000100000001000000010000000100000001000000010000000100000001000000010000000100000001001000110010110100011101001001110011011000100001001001000011101100011111000110100011101100011001001001010101001000101011000101110101001000100101010000010000000101011000011111110000000100000001011011000000000100000001011100010000000100000001011000000000000100000001011000100000000100000001011100000000000100000001011001110000000100000001011001100000000100000001011011100000000100000001011110110000000100000001011010010000000100000001011011110000000100000001011011010000000100000001011100010000000100000001011000100000000100000001011110110000000100000001000000010000000100000001011100100000000100000001011100000000000100000001000000010000000100000001000000010000000100000001011111010000000101110000011000000000000101000110011100100000000101010000000000010000000100000001000000010000000101111000011110110000000101000100000000010000000101010000011010000111110100101000011001010111101000100101000000010000000100000001000000010000000101110010011111000000000100111100000000010000000101001000000000010000000101000110000000010000000101000011000000010000000100000001000000010000000101111011000000010000000101001101011111100000000101000001011100010000000100110100000000010000000101010100000000010000000101101101000000010000000101111101000000010000000101100000000000010000000101010000011011000000000100101010011110000000000100111000000000010000000101111110000000010000000101110010011110100000000100111000011101110000000100110101000000010000000101001010000000010000000101001010000000010000000100000001000000010000000101101010011101010000000100111000000000010000000101011101000000010000000101001011000000010000000101001010000000010000000101111110000000010000000101111011000000010000000101000111011111000000000100111101000000010000000101001011011111000000000100111111000000010000000100000001000000010000000101110110000000010000000101001001000000010000000101001110000000010000000101011000000000010000000101011111000000010000000101110010000000010000000101111111000000010000000101010001000000010000000101000110000000010000000101001000000000010000000101000010000000010000000101101111000000010000000101111011000000010000000101000011011101100000000100111100011110110000000101000100000000010000000101010110000000010000000100000001000000010000000100000001000000010000000100000001000000010000000100000001000000010000000100000001000000010000000100000001000000010000000100000001000000010000000100000001000000010000000100000001000000010000000100000001000000010000000100000001000000010000000100000001000000010000000100000001000000010000000100000001000000010000000100000001000000010000000100000001000000010000000100000001000000010000000100000001000000010000000100000001000000010000000100000001000000010000000100000001000000010000000100000001000000010000000100000001000000010000000100000001000000010000000100000001000000010000000100000001000000010000000100000001000000010000000100000001000000010000000100000001000000010000000100000001000000010000000100000001000000010000000100000001000000010000000100000001000000010000000100000001000000010000000100000001000000010000000100000001000000010000000100000001000000010000000100000001000000010000000100000001000000010000000100000001000000010000000100000001000000010000000100000001000000010000000100000001000000010000000100000001000000010000000100000001000000010000000100000001000000000000000100000001000000010000000100000001000000010000000100000001000000010000000100000001000000010000000100000001000000010000000100000001000000010000000100000001000000010000000100000001000000010000000100000001000000010000000100000001000000010000000100000001000000010000000100000001000000010000000100000001000000010000000100000001000000010000000100000001000000010111101100000001000000010000000100000001000000010000000100000001000000010110100100000001000000010101001100000001000000010101101100000001000000010000000100000001000000010000000100000001000000010000000100000001000000010110111100000001000000010111111000000001000000010000000100000001000000010000000100000001000000010000000100000001000000010000000100000001000000010000000100000001000000010000000100000001010111010000000100000001011101100000000100000001010011110000000100000001010110000111100100000001001111010000000100000001000000010000000100000001011100110000000100000001011100100000000100000001011000110000000100000001010001010000000100000001010001110111110000000001001111000000000100000001011101100000000100000001011010110000000100000001010011100000000100000001011100010000000100000001000000010000000100000001011000000000000100000001011001010000000100000001010100110000000100000001010100000000000100000001011010100000000100000001010000110000000100000001011100000000000100000001010100110000000100000001011010000000000100000001010101000000000100000001010101100110101100000001001011010000000100000001011101100000000100000001011000010000000100000001010110010000000100000001011001100000000100000001011100110000000100000001011010010111110000000001001111000000000100000001010110010000000100000001010100110000000100000001010111000000000100000001011010010000000100000001011011100000000100000001010001000000000100000001011000010000000100000001011000000111110000000001001111000111111000000001001111100000000100000001011101100000000100000001011100010000000100000001010010010000000100000001010111010111111000000001001110110000000100000001011010100000000100000001010111110000000100000001010001010000000100000001010110100000000100000001011000100000000100000001010110100000000100000001010100000000000100000001011100010000000100000001011001100111111100000001001110100000000100000001010001100000000100000001010000010000000100000001001111000000000100000001011100000000000100000001011001000000000100000001010000110000000100000001010010100000000100000001011001100000000100000001011000110000000100000001011010010000000100000001011000110111001000000001001111100000000100000001010111100000000100000001010011010000000100000001011010010000000100000001010000110000000100000001010011110111111000000001001111000000000100000001010011100000000100000001010110100000000100000001010101010111100100000001010101000000000100000001000000010000000100000001000000010111000100000001000000010000000100000001000000010111000100000001000000010110110100000001000000010110100100000001000000010110010000000001000000010011010001111001010011000010000001011101001100010010000101010101001011010010110101011100001101010011000101011010001101000010111001010101001011110010111101011011001100100011000001011100001100110011001001011100001100110011001001011010001100010011001101011000001100000011001001010111001011110011010001011010001100000011011101011101001100110011000001010100001010100011101101011110001101100011011001010111001101000011011101010110001101110011010001001100001101000000000100000001000000010000000100000001000000010000000100000001000000010000000100000001000000010000000100000001000000010000000100000001000000010000000100000001000000010000000100000001000000010000000100000001000000010000000100000001000000010000000100000001000000010000000100000001000000010000000100000001000000010000000100000001000000010000000100000001000000010000000100000001000000010000000100000001000000010000000100000001000000010000000100000001000000010000000100000001000000010000000100000001000000010000000100000001000000010000000100000001000000010000000100000001000000010000000100000001000000010000000100000001000000010000000100000001000000010000000100000001000000010000000100000001000000010000000100000001000000010000000100000001000000010000000100000001000000010000000100000001000000010000000100000001000000010000000100000001000000010000000100000001000000010000000100000001000000010010001100110011001000100010011000111100001001000010111101001011001011100011010101010110001101000011001001010110001100100011010101011101001101000011000101011001001100000011000101011001001100000011010001011001001100010011010001011010001100000011001001011010001100000011001101011100001011110011001101011100001011110011000101011100001011110011001001011010001100000011001001011010001100000011001001011010001100010011001001011010001100010011010001011001001100010011010001011010001100000011001001011010001100000011001001011010001100000010110001010111001011000011010001011100001100110011101101011111001110110011001101010010001100110011101101010011001110110000000100000001000000010000000100000001000000010000000100000001000000010000000100000001000000010000000100000001000000010000000100000001000000010000000100000001000000010000000100000001000000010000000100000001000000010000000100000001000000010000000100000001000000010000000100000001000000010000000100000001000000010000000100000001000000010000000100000001000000010000000100000001000000010000000100000001000000010000111100001101000011010000010000000010000000100000001000000001000000110000101100001100000000000000000000000000000001100000011000000110000011000000110000001100000000010000000100000001000000000000000100000000000000010000000100000001000000010000000100000001000000010000000100000001000000010000000100000001000000010000000100000001000000010000000100000001000000100000000100000011000110000001011100011001000000010000000100000001000000010000000100000001000000010000000100000001000000010000000100000001000000010000000100000001001010000011001000100010001010010011010100100001000110110011000100010101001001010100010000100011001010110101011100110000000100010100100100011110001010000110110000111101011100100000000100000001011010000000000100000001011010000000000100000001011111010000000100000001011110100000000100000001010011010000000101111110010101000000000100000001011011000000000100000001011101000000000100000001010101110000000100000001010110000000000100000001011111110000000100000001011110110000000100000001011010100000000100000001011001110000000100000001011110110000000100000001000000010000000100000001000000010000000100000001000000010000000100000001000000010000000100000001000000010000000100000001011001000000000101001110011001010000000100111111011001010000000100111010000000010000000100000001000000010000000101111100011010010000000100101100011111100000000101000000000000010000000101010000000000010000000101011010000000010000000101111001000000010000000100000001011110010000000100111000011100000111111100101101000000010000000100111101000000010000000101011000000000010000000101111101000000010000000100000001000000010000000101010101011100000000000100110010000000010000000101010000011110010000000100111011000000010000000101111001000000010000000100000001000000010000000101000110000000010000000101000100000000010000000101001000011011110000000100101101000000010000000101101011000000010000000100000001000000010000000101001111000000010000000101000101000000010000000101010100011111110000000101000001000000010000000101110011000000010000000100000001011100000000000100110011000000010000000101000011000000010000000101001100000000010000000101001111000000010000000101111110000000010000000101111001011100010000000100110010011101000000000100110101010111100111001000011111011011100000000100101111000000010000000101111111000000010000000101110110000000010000000101010100000000010000000101100011011111100000000101000001000000010000000101001000000000010000000101111111000000010000000101110111011011010111110000101010011101000000000100110000000000010000000101011001011001110111101000100011000000010000000101111100000000010000000101111010011110000000000100111010011101100000000100111000000000010000000101010001011010100111101100110001000000010000000100000001000000010000000101111001011010000111011100111110000000010000000100000001000000010000000100000001000000010000000100000001000000010000000100000001000000010000000100000001000000010000000100000001000000010000000100000001000000010000000100000001000000010000000100000001000000010000000100000001000000010000000100000001000000010000000100000001000000010000000100000001000000010000000100000001000000010000000100000001000000010000000100000001000000010000000100000001000000010000000100000001000000010000000100000001000000010000000100000001000000010000000100000001000000010000000100000001000000010000000100000001000000010000000100000001000000010000000100000001000000010000000100000001000000010000000100000001000000010000000100000001000000010000000100000001000000010000000100000001000000010000000100000001000000010000000100000001000000010000000100000001000000010000000100000001000000010000000100000001000000010000000100000001000000010000000100000001000000010000000100000001000000010000000100000001000000010000000100000001000000010000000100000001000000010000000100000001000000010000000100000001000000000000000100000001000000010000000100000001000000010000000100000001000000010000000100000001000000010000000100000001000000010000000100000001000000010000000100000001000000010000000100000001000000010000000100000001000000010000000100000001000000010000000100000001000000010000000100000001000000010000000100000001000000010000000100000001000000010110010000000001000000010101100100000001000000010111000100000001000000010000000100000001000000010101010000000001000000010100011100000001000000010100100100000001000000010101111100000001000000010000000100000001000000010111001100000001000000010100100100000001000000010101011100000001000000010000000100000001000000010000000100000001000000010000000100000001000000010000000100000001000000010000000100000001000000010110100101111100010010010000000100000001000000010000000100000001010100010000000100000001010011000000000100000001011110000000000100000001011110110000000100000001010010110000000100000001011111110000000100000001010011010000000100000001010001010000000100000001010000010000000100000001011010010000000100000001010111010000000100000001011101000000000100000001011011100000000100000001010011000000000100000001000000010000000100000001010001110000000100000001010001100000000100000001010111000000000100000001011011100000000100000001010110010000000100000001010111110000000100000001000000010000000100000001010001100000000100000001011010010000000100000001011101110000000100000001011100100000000100000001011001000000000100000001011011010000000100000001010100010000000100000001011010010000000100000001011101000000000100000001010110100000000100000001011011110000000100000001011101000000000100000001011010110000000100000001011101000000000100000001011011100000000100000001000000010000000100000001011111110000000100000001011010100000000100000001011000110000000100000001010100000000000100000001010110000000000100000001011010110000000100000001010100110000000100000001010111000000000100000001011000010000000100000001011011010000000100000001010110000111110000000001001111010000000100000001010011000000000100000001010111110000000100000001011111000000000100000001011100110000000100000001011011110000000100000001010110110000000100000001010011000000000100000001011111100111101000000001001110010000000100000001011001110000000100000001011001110000000100000001011000100000000100000001010010100000000100000001011010110000000100000001010011100000000100000001010010110111111000000001010001010000000100000001011100110111100100000001010001110000000100000001011001110000000100000001011000110000000100000001011111110000000100000001011001100000000100000001010111110000000100000001011001100000000100000001011001010000000100000001011010110111111000000001010001010110110100000001001101100000000100000001011110100000000100000001011010110111110000000001011010110000000100000001000000010111101100000001000000010000000100000001000000010000000100000001000000010000000100000001000000010000000100000001000000010101000000000001011010100001110101011100001100000010101001100000001101010010100101011001001011110011001101011111001101100011000101011000001100100011001001011001001100110011000001011100001101010011000001011100001101010011000101011010001101000011001001011001001100110011001101011000001100000011010101011000001100000011011001011010001100000011011101011011001100010011001101010101001011000011101101011101001101010011000001010001001011000100010001100000010000100011011001001100001101000110011101111010011001110000000100000001000000010000000100000001000000010000000100000001000000010000000100000001000000010000000100000001000000010000000100000001000000010000000100000001000000010000000100000001000000010000000100000001000000010000000100000001000000010000000100000001000000010000000100000001000000010000000100000001000000010000000100000001000000010000000100000001000000010000000100000001000000010000000100000001000000010000000100000001000000010000000100000001000000010000000100000001000000010000000100000001000000010000000100000001000000010000000100000001000000010000000100000001000000010000000100000001000000010000000100000001000000010000000100000001000000010000000100000001000000010000000100000001000000010000000100000001000000010000000100000001000000010000000100000001000000010000000100000001000000010000000100000001000000010000000100000001000000010110000001101101010111110010110101000000001011010011001001001010001100100010110101001011001011100011010001010101001100100010101101010000001010100011000001011000001011110011001001011010001100010011001001011010001100000011010001011010001100000011010001011010001100000011010001011010001100000011001001011011001011100011001001011011001011100011001001011011001011100011001001011010001100000011001001011010001100000011001001011010001100010011001001011010001100010011010001011010001100000011010001011010001100000011001001011010001100000011001001011011001011100011001101011011001100010011010001011100001100110011110001100001001110110011010101010100001101010011110001010010001110100000000100000001000000010000000100000001000000010000000100000001000000010000000100000001000000010000000100000001000000010000000100000001000000010000000100000001000000010000000100000001000000010000000100000001000000010000000100000001000000010000000100000001000000010000000100000001000000010000000100000001000000010000000100000001000000010000000100000001000000010000000100000001000000010000000100000001000000010100010101000000010000010000111100001101000011010000000000000000000000010000000000000000000000010000000100000001000000010000010000000100000001000000000000000001000000000000010100000110000001000000011100001000000001100000010100000110000001000000000100000001000000010000000100000001000000010000000100000001000000010000000100000001000000010000101100001000000000100000000000000001001110000011010100110111000000010000000100000001000000010000000100000001000000010000000100000001000000010000000100000001000000010000000100000001000111110010011000010111001001010011000100011101001010110011111000100011001000110100000000011111001001000100110100101000001001010101101100110000000101100101011100101001010101010000000101110001011100100000000100000001011000000000000100000001000000010000000100000001011011010000000100000001001111100000000101110001010011100000000100000001011000010000000100000001011001100000000100000001010011100000000100000001010101000000000100000001011101100000000100000001011010010000000100000001010001110000000100000001011010000000000100000001011100010000000100000001000000010000000100000001000000010000000100000001000000010000000100000001011111010000000100000001011001110000000101100101000000010000000100000001011110100000000101001101011011000000000100111011000000010000000100000001000000010000000101100101000000010000000101010000010111010111000000011011000000010000000101000101000000010000000101010100000000010000000101001101000000010000000101111110000000010000000100000001000000010000000100000001000000010000000101011010000000010000000100111011000000010000000100000001000000010000000100000001000000010000000101100000000000010000000101110000000000010000000101001010000000010000000101000000000000010000000100000001000000010000000101101011000000010000000101111001000000010000000100000001000000010000000101001110011000010111011100011110000000010000000100000001011101110000000100110100000000010000000100000001000000010000000100000001011011010000000100101010011011100000000100101110000000010000000101111101000000010000000101110001000000010000000101100010000000010000000100000001011001110111100100100110011110100000000100111010000000010000000101010111000000010000000100000001000000010000000101010001000000010000000100000001000000010000000101010101000000010000000101010110000000010000000101010110000000010000000100000001000000010000000100000001000000010000000101110101011100000000000100110010000000010000000101010111000000010000000101111100000000010000000101110001000000010000000100000001000000010000000100000001000000010000000101001011011011000111110000101000000000010000000101011000011001010111100000100011000000010000000100000001000000010000000100000001011101110000000100111001000000010000000101001001000000010000000100000001000000010000000100000001000000010000000101111101010110000110010000110010000000010000000100000001000000010000000100000001000000010000000100000001000000010000000100000001000000010000000100000001000000010000000100000001000000010000000100000001000000010000000100000001000000010000000100000001000000010000000100000001000000010000000100000001000000010000000100000001000000010000000100000001000000010000000100000001000000010000000100000001000000010000000100000001000000010000000100000001000000010000000100000001000000010000000100000001000000010000000100000001011100100000000100000001011100100000000100000001011011000000000100000001000000010000000100000001000000010000000100000001011100110000000100000001000000010000000100000001000000010000000100000001000000010000000100000001000000010000000100000001000000010000000100000001000000010000000100000001000000010000000100000001000000010000000100000001000000010000000100000001000000010000000100000001000000010000000100000001000000010000000100000001000000010000000100000001000000010000000100000001000000010000000100000001000000010000000100000001000000000000000100000001000000010000000100000001000000010000000100000001000000010000000100000001000000010000000100000001000000010000000100000001000000010000000100000001000000010000000100000001000000010000000100000001000000010000000100000001000000010000000100000001000000010000000100000001000000010000000100000001000000010000000100000001000000010110011000000001000000010101111000000001000000010111011000000001000000010000000100000001000000010101010100000001000000010100101000000001000000010100101100000001000000010110001000000001000000010000000100000001000000010111010000000001000000010100110100000001000000010110010000000001000000010000000100000001000000010000000100000001000000010000000100000001000000010000000100000001000000010000000100000001000000010000000100000001000000010000000100000001011110010000000100000001010100110111110000000001010000000000000100000001010010100110101101111101001100000000000100000001000000010000000100000001011110100000000100000001010110000000000100000001010100010111010000000001001101000000000100000001010011000000000100000001011110110000000100000001011101010000000100000001010000100110111000000001001011110000000100000001010100000000000100000001010000110000000100000001000000010000000100000001000000010101111101110100000111110000000100000001010001000000000100000001010000110000000100000001010001010000000100000001000000010000000100000001011111110111111000000001010000000110000101111000001001000111111100000001010000100000000100000001010101100000000100000001011110000000000100000001011110010111111100000001010000110111101100000001001111110111001000000001001101000000000100000001011000010000000100000001011010110000000100000001000000010111001000000001001101000110111000000001001011110000000100000001010101100111101000000001001110110000000100000001011111100000000100000001000000010101000101100100000101010000000100000001011010000000000100000001010100010110100001111100001100010000000100000001000000010000000100000001000000010110100001111110001011000111111000000001010000100110010001111010001010000000000100000001010011110000000100000001011110100000000100000001011110100111100100000001001110010000000100000001010010010000000100000001010101100110010001111011001001110000000100000001000000010000000100000001011110110110110100000001001100100000000100000001010010010111100100000001010000100111000100000001010001000000000100000001011111000000000100000001011111110111111000000001010100110111100100000001010011100111000100000001010010000000000100000001010111100000000100000001011111100000000100000001000000010110000000000001001100110110101000000001001101100111000000000001001110000110111000000001001101010000000100000001011111000000000100000001000000010111000000000001001111000110111100000001001110010111111100000001010100110101011000000001010000100111101000000001011111010111100000000001000000010111000000000001000000010111010000000001000000010000000100000001000000010111011100000001000000010001101101011110001100010010001001011010001100010010110001011011001101000011010001011101001101110010111101010111001011100011001001010111001011110011011101011100001101000011000001011010001100010010110101011001001100000011000101011001001100000011010001011001001100010011011001011011001100110011011101011010001100100011010101011001001011110011001101010111001011010011011001011010001100000011011001011001001100010011010101010110001100010011010001010001001100000100010001011101010000010011111101010010001111010000000100000001000000010000000100000001000000010000000100000001000000010000000100000001000000010000000100000001000000010000000100000001000000010000000100000001000000010000000100000001000000010000000100000001000000010000000100000001000000010000000100000001000000010000000100000001000000010000000100000001000000010000000100000001000000010000000100000001000000010000000100000001000000010000000100000001000000010000000100000001000000010000000100000001000000010000000100000001000000010000000100000001000000010000000100000001000000010000000100000001000000010000000100000001000000010000000100000001000000010000000100000001000000010000000100000001000000010000000100000001000000010000000100000001000000010000000100000001000000010000000100000001000000010000000100000001000000010000000100000001000000010000000100000001000000010000000100000001000000010010101000111100001010110010100100111110001010000010101001000101001010110011010001010011001101000011000001010011001100010011001101011010001101000011000001011000001011110011001101011011001100100011001101011011001100010011010101011011001100010011010001011010001100000011010001011011001011100011010001011011001011100011001001011011001011100011001001011011001011100011001001011010001100000011001001011010001100000011001001011010001100010011001001011010001100010011010001011010001100000011010001011010001100000011001001011010001100000011001001011010001100000011011001011110001101000010110001010100001010110011011001010111001101000011010101010100001101010011110001010010001110100000000100000001000000010000000100000001000000010000000100000001000000010000000100000001000000010000000100000001000000010000000100000001000000010000000100000001000000010000000100000001000000010000000100000001000000010000000100000001000000010000000100000001000000010000000100000001000000010000000100000001000000010000000100000001000000010000000100000001000000010000000100000001000000010000000100000001000000010000000100000001000000010000010100000010000001000000111000001101000011110000010000000011000001010000100000001000000010000000001000000010000000100000001100000100000000100000001000000011000000010000101100001100000000000000000100000000000001100000011100000101000000000000000000000000000000110000001100000011000001100000010100000111000010000000010100000111000001000000000100000011000000010000000100000001000000010000000100000001000000010000000100000001000000010000000100000001000000010000000100000001000000010000000100000001001010000011001100100011001011000011101100100110001000100011100000011100001011000100100100101000001001000100101000100110001010000101100000101110001000100110000000110010001010100111001101000001011110100000000100000001011110000000000100000001010110110000000100000001010111110000000100000001010101100000000100000001010111000000000100000001010011000000000100000001010011000000000100000001010111100000000100000001011010010000000100000001011100100000000100000001011001010000000100000001011001110000000100000001011110100000000100000001011001000000000100000001011100010000000100000001011101100000000100000001000000010000000100000001011100100000000101110110000000010000000100000001011111110000000101011010010111100111111100101011011110010000000101000001011011010000000100110011000000010000000101001010000000010000000100000001000000010000000100000001000000010000000101000011011010010111101000101001000000010000000100000001000000010000000101101010000000010000000100000001000000010000000100000001000000010000000100111110011100110000000100110000000000010000000101111011000000010000000101100100000000010000000100000001000000010000000101011011000000010000000101000011011101100000000100110010000000010000000100000001000000010000000100000001000000010000000100000001000000010000000101111111011011000000000100101001000000010000000101010110000000010000000101011101000000010000000101110011000000010000000100000001000000010000000100000001011011100000000100101011011011100000000100101110000000010000000101001000000000010000000100000001000000010000000100000001000000010000000101110011000000010000000101001111010110110110110000011011000000010000000101010100011010100111100100101000011111010000000100111101000000010000000101000100000000010000000101010110000000010000000101010011000000010000000100000001000000010000000101110100000000010000000100000001000000010000000100000001000000010000000101011000000000010000000101001001000000010000000101100101000000010000000101000001000000010000000100000001011000010111000000011110000000010000000101011011000000010000000101010100000000010000000101010010000000010000000101111011000000010000000101011010000000010000000100000001011011100111111100101110000000010000000101000101000000010000000101110110011001010111011000101100000000010000000100000001000000010000000101111001000000010000000101101101000000010000000100000001000000010000000100000001000000010000000100000001000000010000000100000001000000010000000100000001000000010000000100000001000000010000000100000001000000010000000100000001000000010000000100000001000000010000000100000001000000010000000100000001000000010000000100000001000000010000000100000001000000010000000100000001000000010000000100000001000000010000000100000001000000010000000100000001000000010000000100000001011111010000000100000001011010100000000100000001011010000000000100000001011011110000000100000001000000010000000100000001011111010000000100000001011100110000000100000001011111100000000100000001000000010000000100000001000000010000000100000001000000010000000100000001000000010000000100000001000000010000000100000001000000010000000100000001000000010000000100000001000000010000000100000001000000010000000100000001000000010000000100000001000000010000000100000001000000010000000100000001000000010000000100000001000000010000000100000001000000010000000100000001000000000000000100000001000000010000000100000001000000010000000100000001000000010000000100000001000000010000000100000001000000010000000100000001000000010000000100000001000000010000000100000001000000010000000100000001000000010000000100000001000000010000000100000001000000010000000100000001000000010000000100000001000000010000000100000001000000010000000100000001000000010000000100000001000000010000000100000001000000010000000100000001000000010111100000000001000000010110100000000001000000010110110000000001000000010000000100000001000000010000000100000001000000010000000100000001000000010110100100000001000000010111101000000001000000010000000100000001000000010000000100000001000000010000000100000001000000010000000100000001000000010000000100000001000000010000000100000001000000010000000100000001000000010000000100000001010001100111101000000001001110110110010001111000001001010110111100000001001100000000000100000001000000010000000100000001011101010000000100000001010010000111011000000001001101100000000100000001010110100110110100000001001010110000000100000001011110000000000100000001000000010111101000000001001101110111001000000001001011110000000100000001010100110000000100000001001111100000000100000001011110100000000100000001011110110110011101111101001001010000000100000001010000010000000100000001010011000000000100000001010100010000000100000001011011010000000100000001011110100000000100000001010011010000000100000001010100110110001101111000001000110000000100000001010110010000000100000001000000010000000100000001011101000111110100000001001111100111101000000001001110000111101000000001001101110111100000000001001101110000000100000001011110010000000100000001000000010000000100000001010000110111101000000001001110010000000100000001010000100000000100000001010011010000000100000001011111010000000100000001011011110111011100000001001110000111100100000001001111010110101100000001001100010000000100000001010110110000000100000001000000010000000100000001000000010111100000000001010000010110111000000001001101010111001000000001001101110111101000000001001111100000000100000001011111110000000100000001000000010111110000000001001111010110111100000001001100010000000100000001010010010000000100000001010100110000000100000001011110100000000100000001000000010110111100000001001111110110000000000001001100110111010100000001010100000100110001111101001100110000000100000001011111100000000100000001000000010110000100000001010011010110010100000001010100010110101000000001010101100101001000000001001111100000000100000001000000010000000100000001000000010111001100000001010110000110000100000001010000110110111100000001010010100000000100000001010101110000000100000001011111010000000100000001000000010110111100000001010000010000000100000001011011100110111000000001010011000111110100000001011001110000000100000001011110110000000100000001000000010000000100000001000000010111000000000001000000010110101100000001000000010010010001101001001111100001110101011001001100010010010001010100001100000011000101011011001110000011011101011011001101110011011001011000001100110011011101011001001100000011010001011000001011100011001101011011001100010011001001011010001100000011000101011001001011110011001101011000001100000011001101011000001100000011001101011000001100000011010001011001001100010011010101011010001100100011011001011110001101000010111001010110001011000011100101011110001101100011000101010011001011100011011001010101001101000011011101010000001101000110110000000001011010100000000100000001000000010000000100000001000000010000000100000001000000010000000100000001000000010000000100000001000000010000000100000001000000010000000100000001000000010000000100000001000000010000000100000001000000010000000100000001000000010000000100000001000000010000000100000001000000010000000100000001000000010000000100000001000000010000000100000001000000010000000100000001000000010000000100000001000000010000000100000001000000010000000100000001000000010000000100000001000000010000000100000001000000010000000100000001000000010000000100000001000000010000000100000001000000010000000100000001000000010000000100000001000000010000000100000001000000010000000100000001000000010000000100000001000000010000000100000001000000010000000100000001000000010000000100000001000000010000000100000001000000010101101001101101010111000010010000111110001001110010011101000100001010110011001101010000001101100011001001010010001100110011010101011000001101100010111001010100001100000011010101011100001101100011000101011001001100000011000101011001001100000011001001011010001100000011001001011010001100000011010001011010001100000011010001011010001100000011010001011010001100000011001001011010001100000011000001011011001100000011000001011011001100000011001001011010001100010011001001011010001100010011001001011010001100010011001001011010001100010011001001011010001100010011001001011010001100010011001001011010001100010010111001010110001011010011110101011110001110110011110001011011001111000011101001010010001110100000000100000001000000010000000100000001000000010000000100000001000000010000000100000001000000010000000100000001000000010000000100000001000000010000000100000001000000010000000100000001000000010000000100000001000000010000000100000001000000010000000100000001000000010000000100000001000000010000000100000001000000010000000100000001000000010000000100000001000000010000000100000001000000010000000100000001000000010000000100000001000000010000011000000101000001110000001100000010000001000000010100000100000001100000010100000101000001010000000000000000000000000000000000000011000000010000000000000011000000000000000000000001000000000000011000001001000001110000001100000011000000110000010000000011000001010000110000001011000011010000001100000010000001000000001100000010000001000001100100011000000110100000000100000001000000010000000100000001000000010000000100000001000000010000000100000001000000010000000100000001000000010000000100000001000000010001100000101010000110010001111100110110001000000010011101000000001001000010111101001110001011010011001001010011001100000011000001011010001100010010011101011010001011100010000101011111001100010110100100000001000000010111010000000001000000010110100100000001000000010110001100000001000000010111010100000001000000010110100100000001000000010110001100000001000000010110001000000001000000010111001000000001000000010110111000000001000000010101001000000001000000010101010000000001000000010101011100000001000000010110011000000001000000010110101100000001000000010000000100000001000000010000000100000001000000010111110100000001000000010111100000000001011010010111110000000001010111100000000100000001011110000000000100000001011110010111011100000001001111010000000100000001011001100000000100000001010001110000000100000001011000010000000100000001010100000111011100000001001110010000000100000001010101010000000100000001011010100000000100000001010100010000000100000001010011000000000100000001010111100000000100000001010010100000000100000001011011010000000100000001011011000111010100000001001101000111111100000001001111110000000100000001010101100000000100000001010101000111011100000001001101110000000100000001011101110000000100000001011101110111110000000001001111000000000100000001011111000000000100000001000000010000000100000001010010110000000100000001010101010000000100000001011101010000000100000001011010100000000100000001010111110000000100000001011011110000000100000001010000100000000100000001010011010000000100000001011110000000000100000001011101110000000100000001011100000000000100000001010010010000000100000001011000000000000100000001010010110000000100000001010111110000000100000001010000010000000100000001010001000000000100000001010000100000000100000001010001010000000100000001011110000000000100000001011010100000000100000001011011010000000100000001010000100000000100000001010110110000000100000001010010100000000100000001010100010000000100000001011100000000000100000001010001100000000100000001000000010000000100000001010001110000000100000001010010000000000100000001010001100000000100000001011100010000000100000001011010110000000100000001010011100000000100000001011100100000000100000001011011100000000100000001011100000111111100000001010000010000000100000001011010110000000100000001011000000000000100000001000000010000000100000001000000010000000100000001000000010000000100000001000000010000000100000001000000010000000100000001000000010000000100000001000000010000000100000001000000010000000100000001000000010000000100000001000000010000000100000001000000010000000100000001000000010000000100000001000000010000000100000001000000010000000100000001000000010000000100000001000000010000000100000001000000010000000100000001000000010000000100000001000000010000000100000001000000010000000100000001000000010111101000000001000000010000000100000001000000010000000100000001000000010000000100000001000000010000000100000001000000010000000100000001000000010000000100000001000000010000000100000001000000010000000100000001000000010000000100000001000000010000000100000001000000010000000100000001000000010000000100000001000000010000000100000001000000010000000100000001000000010000000100000001000000010000000100000001000000010000000100000001000000010000000100000001000000010000000100000001000000010000000100000001000000010000000000000001000000010000000100000001000000010000000100000001000000010000000100000001000000010000000100000001000000010000000100000001000000010000000100000001000000010000000100000001000000010000000100000001000000010000000100000001000000010000000100000001000000010000000100000001000000010000000100000001000000010000000100000001000000010000000100000001000000010000000100000001000000010000000100000001000000010000000100000001000000010000000100000001000000010000000101111011000000010000000100000001000000010000000100000001000000010000000100000001000000010000000100000001000000010000000100000001000000010000000100000001000000010000000100000001000000010000000100000001000000010000000100000001000000010000000100000001000000010000000100000001000000010000000100000001000000010000000100000001000000010101011100000001000000010101001001110110000000010011011100000001000000010101011100000001000000010100101100000001000000010110100000000001000000010000000100000001000000010100110100000001000000010111000100000001000000010100100100000001000000010101011000000001000000010000000101011100011100100001100100000001000000010111010000000001000000010000000101110011000000010011000000000001000000010101010100000001000000010100000100000001000000010100011100000001000000010000000100000001000000010000000100000001000000010101000100000001000000010100110100000001000000010000000100000001000000010101100000000001000000010000000100000001000000010110101001111110000000010011111000000001000000010101000001011101011100100001110100000001000000010110110101110010000000010011000000000001000000010000000100000001000000010110001001111001000000010011011100000001000000010101111101100100011111000010010000000001000000010111000100000001000000010110111001110001000000010010111100000001000000010100010001110010000000010010111100000001000000010111110100000001000000010100010000000001000000010111100000000001000000010101111001101000011111110010110101010000011010100001011101100000011111000010100101110111000000010011111100000001000000010110111100000001000000010101111001100110011110010010100001101110000000010011000000000001000000010000000100000001000000010110001101111100000000010100010001110000000000010011110101111100000000010101000000000001000000010110100000000001000000010000000100000001000000010000000100000001000000010000000101100100000000010101001101010110000000010101000100000001000000010000000100000001000000010000000100000001000000010000000100000001000000010000000101011011000000010101011101100100000000010110001001101011000000010110011101011111000000010101100101000101000000010011110100111110011101110011001001111101000000010110110101111011000000010110010100000001000000010000000101111000000000010101100100000001000000010110000000000001000000010000000101110110000000010101111001000000011100110011000000000001000000010000000100000001000000010000000101111100000000010000000101110100000000010000000100111110000000010101000100100100011000000011011100101001010111010011100000101100010110010011100000101101010101000011010000101110010100010010111100110101010101110011001000111010010111000011001100110111010110110010111100110100010110110010111000110100010110110010111000110011010110010010111100110011010110010010111100110101010110000011000000110100010110010011000100110101010110100011001000110011010110110011001000101100010101000010101000110010010110100011000000101111010101110010111000111010010111110011100100101111010011110010110000111001010101100011010101001000010111110100001100000001000000010000000100000001000000010000000100000001000000010000000100000001000000010000000100000001000000010000000100000001000000010000000100000001000000010000000100000001000000010000000100000001000000010000000100000001000000010000000100000001000000010000000100000001000000010000000100000001000000010000000100000001000000010000000100000001000000010000000100000001000000010000000100000001000000010000000100000001000000010000000100000001000000010000000100000001000000010000000100000001000000010000000100000001000000010000000100000001000000010000000100000001000000010000000100000001000000010000000100000001000000010000000100000001000000010000000100000001000000010000000100000001000000010000000100000001000000010000000100000001000000010000000100000001000000010000000100000001000000010000000100110011010011010011011000101001010001100010110000111010010110010011111000111001010110000011101100101101010011110011000000110100010101110011010100110010010110000011010000110010010110010011001100110001010110010011000000110010010110100011000100110010010110100011000000110010010110100011000000110100010110100011000000110100010110100011000000110100010110100011000000110010010110100011000000110000010110110011000000101110010110110011000000110010010110100011000100110010010110100011000100110010010110100011000100110010010110100011000100110010010110100011000100110010010110100011000100110111010111110011011000101111010101100011000000110011010101000011000100111011010110100011101100110111010011110011011100000001000000010000000100000001000000010000000100000001000000010000000100000001000000010000000100000001000000010000000100000001000000010000000100000001000000010000000100000001000000010000000100000001000000010000000100000001000000010000000100000001000000010000000100000001000000010000000100000001000000010000000100000001000000010000000100000001000000010000000100000001000000010000000100000001000000010000000100000001000000010000000100000001000000010000000100000011000000100000010000000010000000010000001100000111000001110000011100000110000001110000010100000011000001100000010000001100000100000000101100000000000000010000000000000110000010010000011100000000000000000000000100001000000001110000100100000000000000000000001100000110000001010000100100001001000010000000000100000001000000010000000100000001000000010000000100000001000000010000000100000001000000010000000100000001000000010000000100000001000000010000000100000001000000010001111000110100001000100001101100110111001000000010000100111111001000100010111101001110001011010010110101001101001010100011000001010101001011010010110101011001001100000001111101011000001010110011100000000001010011110111001100000001000000010111010100000001000000010100101000000001000000010110000000000001000000010110111100000001000000010110111100000001000000010110101000000001000000010110110000000001000000010101110100000001000000010101100100000001000000010101011100000001000000010101001100000001000000010101101000000001000000010110000000000001000000010111100100000001000000010000000100000001000000010000000100000001011111100000000100000001011010100000000100000001011100100000000100000001010110000000000100000001010011110000000100000001010001100000000100000001010111110000000100000001011010000000000100000001010010010000000100000001011101010000000100000001011111100000000100000001011001000000000100000001011101110000000100000001010100000000000100000001011011100000000100000001011011110000000100000001010011000000000100000001010000110000000100000001011001000000000100000001010110100000000100000001010111000000000100000001011001010000000100000001010101000000000100000001011101010000000100000001011100010000000100000001000000010000000100000001011000110000000100000001010001010110110100000001001011010000000100000001010001000000000100000001011000010000000100000001010111110000000100000001011001010000000100000001000000010000000100000001010011000000000100000001010101000000000100000001011000000111011000000001001101110000000100000001010010000000000100000001011111100000000100000001010111010110111100000001001100000000000100000001011010100000000100000001010011110000000100000001010001100000000100000001010001000000000100000001010000010000000100000001010001110000000100000001010101110000000100000001010111110111000100000001001100100000000100000001010011000000000100000001011000110000000100000001010011000000000100000001011100110111101100000001001111000000000100000001010000100000000100000001010000110111111100000001010000000000000100000001011001100000000100000001010100000000000100000001011111010000000100000001011011110000000100000001011011010000000100000001011110010000000100000001010001010000000100000001011000000000000100000001010000110000000100000001011010100000000100000001011011100000000100000001011100100111101100000001010101100000000100000001000000010000000100000001000000010000000100000001000000010000000100000001000000010000000100000001000000010000000100000001000000010000000100000001000000010000000100000001000000010000000100000001000000010000000100000001000000010000000100000001000000010000000100000001000000010000000100000001000000010000000100000001000000010000000100000001000000010000000100000001000000010000000100000001000000010000000100000001000000010000000100000001000000010000000100000001000000010000000100000001000000010000000100000001000000010000000100000001000000010000000100000001000000010000000100000001000000010000000100000001000000010000000100000001000000010000000100000001000000010000000100000001000000010000000100000001000000010000000100000001000000010000000100000001000000010000000100000001000000010000000100000001000000010000000100000001000000010000000100000001000000010000000100000001000000010000000100000001000000010000000100000001000000010000000100000001000000010000000000000001000000010000000100000001000000010000000100000001000000010000000100000001000000010000000100000001000000010000000100000001000000010000000100000001000000010000000100000001000000010000000100000001000000010000000100000001000000010000000100000001000000010000000100000001000000010000000100000001000000010000000100000001000000010000000101111110000000010000000101110101000000010000000100000001000000010000000100000001000000010000000101111000000000010000000101101001000000010000000101110000000000010000000100000001000000010000000100000001000000010000000100000001000000010000000101101010000000010000000101111110000000010000000100000001000000010000000100000001000000010000000100000001000000010000000100000001000000010000000100000001000000010000000100000001000000010000000101110000000000010011101101100110011110100010011101110111000000010011100101111001000000010011101001100000011101000010000100000001000000010111100000000001000000010000000100000001000000010000000100000001000000010110001101101001011111100010100101111000000000010011100000000001000000010000000100000001000000010100001100000001000000010111111100000001000000010110011000000001000000010101000000000001000000010101000101011100011100100001101000000001000000010110101000000001000000010111100000000001000000010000000101111011000000010011101101111011000000010011101100000001000000010000000100000001000000010111010001011001011011010001101000000001000000010000000100000001000000010100010101111011000000010011110000000001000000010110000100000001000000010101000000000001000000010101101100000001000000010101010001110101000000010011010101110010000000010011001000000001000000010000000100000001000000010000000100000001000000010000000100000001000000010110100001110101000000010011100001100001011110000010001101101100000000010010111000000001000000010100110100000001000000010100010000000001000000010111110001110111000000010011011101111101000000010011111000000001000000010101000100000001000000010110010000000001000000010110001000000001000000010100011000000001000000010100101100000001000000010100101100000001000000010000000100000001000000010101111000000001000000010000000100000001000000010000000101011111000000010011101101001110000000010011010000000001000000010000000101001111000000010100011100000001000000010000000100000001000000010000000100000001000000010000000101110001000000010111110101111111000000010000000100000001000000010000000100000001000000010000000100000001000000010000000101110011000000010000000101101100000000010111101101110010000000010000000100000001000000010000000100000001000000010000000100000001000000010000000101101100000000010111000101101101000000010110110100000001000000010111110100000001000000010000000101110100000000010110100100000001000000010000000101010010000000010100100101011111000000010101101100000001000000010000000101111101000000010000000101100010000000010110101101011001000000010110011000100001011000100011000100011110010101100010110100101001010111000011011100110000010110110011101000101111010101110011010000110001010101110011001100110110010110110011001100110110010111000011001000110100010110110010111000110100010110110010111000110110010110100010111000110101010110010010111100110101010110000011000000110110010101110011001000110110010110000011001100110111010110100011001000110101010110100011001000110110010111000011001000110101010110110011000100110010010101110010111100110101010101110011001001000010011000000011110100111110010110010011100000110101010011000011000001000100010110000100000100000001000000010000000100000001000000010000000100000001000000010000000100000001000000010000000100000001000000010000000100000001000000010000000100000001000000010000000100000001000000010000000100000001000000010000000100000001000000010000000100000001000000010000000100000001000000010000000100000001000000010000000100000001000000010000000100000001000000010000000100000001000000010000000100000001000000010000000100000001000000010000000100000001000000010000000100000001000000010000000100000001000000010000000100000001000000010000000100000001000000010000000100000001000000010000000100000001000000010000000100000001000000010000000100000001000000010000000100000001000000010000000100000001000000010000000100000001000000010000000100000001000000010000000100110101010010010011011000101100010001100010111000101110010011000010111100110110010101010011100000111000010110000011100100110000010100100011001100110010010101010011001100110100010110100011011000110010010110010011001100110010010110100011000100110010010110100011000100110010010110100011000000110010010110100011000000110100010110100011000000110100010110100011000000110100010110010011000100110010010110100011000100110000010110110011000000101110010110110011000000110010010110100011000100110010010110100011000100110010010110100011000100110010010110100011000100110010010110100011000100110010010110100011000100110000010110000010111100101110010101010010111100110111010110000011010100111011010110100011101100111011010101010011110100000001000000010000000100000001000000010000000100000001000000010000000100000001000000010000000100000001000000010000000100000001000000010000000100000001000000010000000100000001000000010000000100000001000000010000000100000001000000010000000100000001000000010000000100000001000000010000000100000001000000010000000100000001000000010000000100000001000000010000000100000001000000010000000100000001000000010000000100000001000000010000000100000001000000010000000101110100011100110111010100000000000000000000000100000111000010000000011000000000000000010000000000000101000001100000001000000000000000010000000000000111000010000000011000000010000000010000001100000111000001100000100000000001000000000000010000000000000000000000001101111011011110000111101000000001000000010000000100000001000000010000000100000001000000010000000100000001000000010000000100000001000000010000000100000001000000010000000100000001000000010000000100100110001111110010101100100000001111010010010000100111010001010010100000100111010010000010011000110011010101000011000100110000010101010010110100101101010110010011000000101010011000010011010000010011010110100010100001100100000000010000000101100110000000010000000101101101000000010000000101110010000000010000000101100000000000010000000101101010000000010000000101100111000000010000000101100000000000010000000101011111000000010000000101101000000000010000000101111101000000010000000101101111000000010000000101100000000000010000000101011001000000010000000101101000000000010000000101111110000000010000000100000001000000010000000100000001000000010000000101110100000000010100011000000001000000010100111001110001000000010011001101110101000000010011100000000001000000010111111000000001000000010111100100000001000000010101100001111010000000010011111000000001000000010100100101100101011110000010011100000001000000010000000100000001000000010000000101111001000000010011101100000001000000010100110100000001000000010100101100000001000000010100110100000001000000010000000100000001000000010111010001101000011111000010100100000001000000010100110000000001000000010100000100000001000000010100111000000001000000010000000100000001000000010111101101110010000000010011001100000001000000010100001100000001000000010100011101101000011111010010100000000001000000010111110100000001000000010111101000000001000000010100111000000001000000010100011100000001000000010101000000000001000000010101100000000001000000010000000100000001000000010000000101101011011111110010110000000001000000010100100001110101000000010011011001111101000000010011111000000001000000010111011100000001000000010111100001110010000000010011001100000001000000010100011100000001000000010101011000000001000000010100100100000001000000010111000100000001000000010111111000000001000000010100010101101011011111110010110000000001000000010100000100000001000000010101001100000001000000010000000100000001000000010000000100000001000000010100101100000001000000010101101001111010000000010011101101101110000000010010111100000001000000010111000000000001000000010000000101111001000000010011101001100111011110110010100000000001000000010100000100000001000000010100110000000001000000010111101100000001000000010111010101111100000000010011111001101011011111000011001101111010000000010100100000000001000000010110110000000001000000010000000100000001000000010000000100000001000000010000000100000001000000010000000100000001000000010000000100000001000000010000000100000001000000010000000100000001000000010000000100000001000000010000000100000001000000010000000100000001000000010000000100000001000000010000000100000001000000010000000100000001000000010000000100000001000000010000000100000001000000010000000100000001000000010000000100000001000000010000000101111011000000010000000101111100000000010000000100000001000000010000000100000001000000010000000100000001000000010000000101111110000000010000000101111101000000010000000100000001000000010000000100000001000000010000000100000001000000010000000100000001000000010000000100000001000000010000000100000001000000010000000100000001000000010000000100000001000000010000000100000001000000010000000100000001000000010000000100000001000000010000000100000001000000010000000100000001000000010000000100000001000000010000000100000001000000010000000100000000000000010000000100000001000000010000000100000001000000010000000100000001000000010000000100000001000000010000000100000001000000010000000100000001000000010000000100000001000000010000000100000001000000010000000100000001000000010000000100000001000000010000000100000001000000010000000100000001000000010000000100000001000000010000000100000001011011110000000100000001011010110000000100000001011111100000000100000001000000010000000100000001011010000000000100000001011000100000000100000001011000100000000100000001011101000000000100000001000000010000000100000001000000010000000100000001011001010000000100000001011011110000000100000001000000010000000100000001000000010000000100000001000000010000000100000001000000010000000100000001000000010000000100000001011110100000000101011000000000010000000101011000000000010000000101000110000000010000000101101001011010000111101100101010000000010000000101111111000000010000000101001011000000010000000101010011000000010000000101001010000000010000000101000010000000010000000101101000000000010000000101001010011101010000000100110101000000010000000101100000000000010000000101101101011100100000000100110010000000010000000101011111011101100000000100110111000000010000000101110100000000010000000101010010011111110000000100111111011101010000000100110110000000010000000100000001000000010000000101011001000000010000000101101011000000010000000101000100000000010000000101010001000000010000000101010011000000010000000101000001000000010000000101001011000000010000000101011001000000010000000101011011011111110000000101000000000000010000000101100101000000010000000101001100000000010000000101001010000000010000000101000111000000010000000101010111000000010000000101010100000000010000000101011111011111110000000101000100000000010000000101011000011101000000000100110111000000010000000101100001011111110000000100111101000000010000000101111001011110110000000100111000011101110000000100110100000000010000000101011001011110100000000100111000000000010000000101000011000000010000000101101011011111010000000100111111000000010000000101101100000000010000000101001110000000010000000101011000000000010000000101110111011011000000000101010001000000010000000101110000000000010000000100000001000000010000000100000001000000010000000100000001000000010000000100000001011110100000000100000001011100110000000100000001011001000000000100000001011110000000000100000001011100110000000100000001011010000000000100000001000000010000000100000001011100010000000100000001010110010000000101111000011010000000000100000001000000010000000100000001011111100000000100000001000000010000000100000001000000010000000100000001000000010000000100000001000000010000000100000001000000010000000100000001000000010000000100000001000000010000000100000001000000010000000100000001010010010000000101001111011101010000000101111011000000010000000100000001011101000000000101111010001001100110010000101110001000000101101100101001001001100101101100110000001011000101101100110101001011010101011100110100001100010101100100110110001110000110000100111011001100110101110100110100001011110101011100101101001100010101101000101101001101010101110000101111001101100101101000110000001101110101100100110001001101100101100000110000001101100101011100110010001101100101100000110011001101100101100100110001001101000101100100110001001011110101010100101011001101100101111000110100001010110101001100101010001011110101010000101100001011100100111100101010001111110101101000111000010000010101100100111011010001100101101101000010010101000110010001010010000000010000000100000001000000010000000100000001000000010000000100000001000000010000000100000001000000010000000100000001000000010000000100000001000000010000000100000001000000010000000100000001000000010000000100000001000000010000000100000001000000010000000100000001000000010000000100000001000000010000000100000001000000010000000100000001000000010000000100000001000000010000000100000001000000010000000100000001000000010000000100000001000000010000000100000001000000010000000100000001000000010000000100000001000000010000000100000001000000010000000100000001000000010000000100000001000000010000000100000001000000010000000100000001000000010000000100000001000000010000000100000001000000010000000100000001010010010101110001001001001110000101000000111000001101000101000000110011001101000101010000110101001011100100111000101111001100100101001100110001001101000101011100110101001100110101011100110011001101010101110000110110001100000101011100110001001100100101101000110001001100100101101000110001001100100101101000110000001100100101101000110000001101000101101000110000001101000101101000110000001101000101100100110001001100100101101000110001001100000101101100110000001100000101101100110000001100100101101000110001001100100101101000110001001100100101101000110001001100100101101000110001001100100101101000110001001100100101101000110001001100000101100000101111001100000101011100110001001111100110001000111110001011000100110000101101001110100101010100111011011100000000000101101111000000010000000100000001000000010000000100000001000000010000000100000001000000010000000100000001000000010000000100000001000000010000000100000001000000010000000100000001000000010000000100000001000000010000000100000001000000010000000100000001000000010000000100000001000000010000000100000001000000010000000100000001000000010000000100000001000000010000000100000001000000010000000100000001000000010000000100000001000000010000000100000001000000010000000100000001000000010000000100000001000001010000011000000100000100100001001100010001000000000000000100000000000000110000010000000010000010000000100000001000000000000000000000000001000000110000001000000100000000010000000000000100000000010000000100000001000000010000000100000001000000010000000100000001000000010000000100000001000000010000000100000001000000010000000100000001000000010000000100000001000000010000000100000001011000110111010001100110000111110011100000100100001000100100000000100111001101110101011000111001001100000101000100101111001101010101011000110011001100100101101000110001001011110101101100110010001011010110010000110111000101000101100100100111001111010000000101011001011000010000000100000001011111110000000100000001011111000000000100000001011011110000000100000001011001000000000100000001011000110000000100000001011010000000000100000001011001010000000100000001011000010000000100000001000000010000000100000001011110110000000100000001011000110000000100000001011011010000000100000001000000010000000100000001011010110000000101110010000000010000000100000001000000010000000100000001011011100000000100111101011001100111111000101010011100010000000100110011000000010000000101010110000000010000000101110110000000010000000100000001000000010000000101001110011001010111101100101001000000010000000101001010011111000000000100111110000000010000000101111110000000010000000101110011000000010000000101001100011110000000000100111001000000010000000101010100011000110111100000100011000000010000000101110101000000010000000100000001011011000000000100101101011001100111101000100111000000010000000101010111000000010000000101001011000000010000000100000001000000010000000101111010000000010000000101001000011111100000000100111110011100110000000100110011000000010000000101001001000000010000000101111001000000010000000101110111000000010000000101011010000000010000000101001011000000010000000101001000011011010000000100101110000000010000000101110101000000010000000101111000000000010000000101000010000000010000000101001010000000010000000101001101011011100000000100101111000000010000000100000001000000010000000101111100011111000000000100111101000000010000000101001011000000010000000101011000011011100000000100101111000000010000000101111110000000010000000101111011000000010000000101010011000000010000000101011000011101010000000100110110000000010000000101011010000000010000000101101100000000010000000101110111000000010000000101010011011101110000000100111000011101010000000100110110000000010000000101010000000000010000000100000001000000010000000101101011000000010000000101011110000000010000000101000110011000000111010000100001011001100111101000100111000000010000000101111110000000010000000101111011000000010000000101000011011110100000000100111111011011100111111000110111011111000000000101001110000000010000000100000001000000010000000100000001000000010000000100000001000000010000000100000001000000010000000100000001000000010000000100000001000000010000000100000001000000010000000100000001000000010000000100000001000000010000000100000001000000010000000100000001000000010000000100000001000000010000000100000001000000010000000100000001000000010000000100000001000000010000000100000001000000010000000100000001011111110000000100000001011011100000000100000001011010110000000100000001011100100000000100000001000000010000000100000001000000010000000100000001011011110000000100000001011111010000000100000001000000010000000100000001000000010000000100000001000000010000000100000001000000010000000100000001000000010000000100000001000000010000000100000001000000010000000100000001000000010000000100000001000000010000000100000001000000010000000100000001000000010000000100000001000000010000000100000001000000010000000100000001000000010000000100000001000000010000000100000001000000000000000100000001000000010000000100000001000000010000000100000001000000010000000100000001000000010000000100000001000000010000000100000001000000010000000100000001000000010000000100000001000000010000000100000001000000010000000100000001000000010000000100000001000000010000000100000001000000010000000100000001000000010000000100000001000000010111100100000001000000010111011000000001000000010000000100000001000000010000000100000001000000010110110000000001000000010110000100000001000000010110001000000001000000010111010000000001000000010000000100000001000000010000000100000001000000010110010100000001000000010110111000000001000000010000000100000001000000010000000100000001000000010000000100000001000000010000000100000001000000010000000100000001000000010111100100000001010011000000000100000001010100000000000100000001011001110000000100000001011100000000000100000001010110010000000100000001011110000000000100000001010110110000000100000001011000010000000100000001000000010000000100000001010101100000000100000001011101010000000100000001010011010000000100000001010001000000000100000001010010110000000100000001010011000000000100000001011000000000000100000001010011110000000100000001010110100000000100000001010111110000000100000001011101100000000100000001010111100000000100000001011001000000000100000001011001110000000100000001010001110000000100000001010011100000000100000001010101110000000100000001010111010000000100000001011011010000000100000001010100100000000100000001010101010000000100000001010010110000000100000001010101100000000100000001011000100000000100000001011010100000000100000001011011100000000100000001011001100000000100000001011001110111100100000001001111100000000100000001011101000000000100000001011100110000000100000001011000110111110000000001010000000000000100000001010011010000000100000001000000010000000100000001010100110000000100000001010100100000000100000001010010000000000100000001010111010000000100000001010101010000000100000001010001110000000100000001010011100000000100000001011010100000000100000001011011000000000100000001011011100000000100000001011101000111111100000001011000000000000100000001011011110000000100000001000000010000000100000001000000010000000100000001000000010000000100000001000000010111100100000001000000010110000000000001000000010110110100000001000000010110011000000001000000010110100100000001000000010111110000000001000000010101110100000001000000010101000000000001011110010111010000000001000000010110111100000001000000010110101000000001000000010111011100000001000000010110110000000001000000010110111000000001000000010110110000000001000000010000000100000001000000010111110000000001000000010111111000000001000000010111011100000001000000010111101100000001000000010111110100000001000000010000000100000001000000010000000100000001000000010000000100000001000000010111100100000001000000010011000001101101001100110010001101011010001000110010111001100001001011110011010101100010001101110011010101011111001101100010110101010110001100000010110001010101001011110011001001011011001101010010110101011001001100000010110001010111001011000011000101011100001100010011010101011011001100010011010101011011001100010011011001011001001100010011011001011001001100010011010101010111001100100011010101010111001100100011001101011000001100100011000101011001001100000010101001010101001010100011010101100000001101010011100001100011001110000011100101100001001110000011010101011010001101000011010001010100001100010011011001010011001100100010110101000110001010100100010101011010010001000110010001110110011001010000000100000001000000010000000100000001000000010000000100000001000000010000000100000001000000010000000100000001000000010000000100000001000000010000000100000001000000010000000100000001000000010000000100000001000000010000000100000001000000010000000100000001000000010000000100000001000000010000000100000001000000010000000100000001000000010000000100000001000000010000000100000001000000010000000100000001000000010000000100000001000000010000000100000001000000010000000100000001000000010000000100000001000000010000000100000001000000010000000100000001000000010000000100000001000000010000000100000001000000010000000100000001000000010000000100000001000000010100110101100010010011000011010001001100001101000011111101011010010000000010110001001011001011000011110001011101001110110011011001010111001101010011001001010110001100100011010001011000001101000011010001011001001100110011011001011101001101110010110001010100001010110011001001011010001100010011001001011010001100010011001001011010001100010011001001011010001100010011001001011010001100010011001001011010001100010011010001011001001100010011001001011010001100010011000001011011001100000011000001011011001100000011001001011010001100010011001001011010001100010011010001011001001100010011010001011001001100010011001001011010001100010011001001011010001100010011001101011011001100100011000101011000001100100011111001100010001111100010110101001110001011000011011101010011001101100100101001100010010010100000000100000001000000010000000100000001000000010000000100000001000000010000000100000001000000010000000100000001000000010000000100000001000000010000000100000001000000010000000100000001000000010000000100000001000000010000000100000001000000010000000100000001000000010000000100000001000000010000000100000001000000010000000100000001000000010000000100000001000000010000000100000001000000010000000100000001000000010000000100000001000000010000000100000001000000010000000100000001000000010000000100000001000000010000000100000001000000010011010000110101001100110000111000001111000011010000010000000100000001000000010100000101000001010011100100110110001110000000000100000001000000010000000100000001000000010000000100000001000000010000000100000001000000010000000100000001000000010000000100000001000000010000000100000001000000010000000100000001000000010000000100000001000000010000000100000001000000010011101101001101001111000001101100110101000111100001110000111011001000000010101101001101001011100011000001010011001100010010101101001111001010110011000001011000001011110011000101011101001101000010000001010101001010010010000001100001001100000001011001011111001011010110110100000001000000010110001100000001000000010101101100000001000000010000000100000001000000010101001100000001000000010101100000000001000000010110100100000001000000010101100100000001000000010101111000000001000000010111000100000001000000010111011100000001000000010111110000000001000000010110010100000001000000010000000100000001000000010110001100000001010111110000000100000001000000010111111000000001010100010000000100000001000000010101100101110000000111000000000100000001010101110111010100000001001101010000000100000001000000010000000100000001000000010000000100000001000000010111101100000001001111000110111000000001001011110110110100000001001011100000000100000001010101110000000100000001000000010000000100000001011110110000000100000001000000010110101100000001001011010000000100000001010111110110011001111101001010000000000100000001010100110000000100000001010100010000000100000001000000010110110000000001001011010000000100000001010011100110110000000001001011010000000100000001000000010000000100000001011001100000000100000001010011000000000100000001010100100000000100000001011000010000000100000001000000010000000100000001000000010000000100000001000000010000000100000001011001100111010100000001001101010111110100000001001111100110000101110101001000100000000100000001011000010000000100000001010111110000000100000001011101100000000100000001010001000000000100000001010000010000000100000001011101100000000100000001000000010000000100000001000000010000000100000001010111100000000100000001010100110000000100000001010011000000000100000001011111000000000100000001000000010000000100000001011100000000000100000001000000010110101101111111001011000111001000000001001100110000000100000001000000010000000100000001011011010000000100000001000000010000000100000001011011000111111100000001010000000111011100000001001110000000000100000001000000010111010000000001001101010000000100000001000000010000000100000001011111100110100101111101001010100110111100000001001100000000000100000001000000010000000100000001010111110000000100000001000000010000000100000001000000010000000100000001010011000000000100000001010100100110111001111101010000000000000100000001000000010000000100000001000000010000000100000001000000010000000100000001000000010000000100000001000000010000000100000001000000010000000100000001000000010000000100000001000000010000000100000001000000010000000100000001000000010000000100000001000000010000000100000001000000010000000100000001000000010000000100000001000000010000000100000001000000010000000100000001000000010111011100000001000000010110010100000001000000010110010000000001000000010110101000000001000000010000000100000001000000010111110100000001000000010110111100000001000000010111111000000001000000010000000100000001000000010000000100000001000000010000000100000001000000010000000100000001000000010000000100000001000000010000000100000001000000010000000100000001000000010000000100000001000000010000000100000001000000010000000100000001000000010000000100000001000000010000000100000001000000010000000100000001000000010000000100000001000000010000000100000001000000010000000000000001000000010000000100000001000000010000000100000001000000010000000100000001000000010000000100000001000000010000000100000001000000010000000100000001000000010000000100000001000000010000000100000001000000010000000100000001000000010000000100000001000000010000000100000001000000010000000100000001000000010000000100000001000000010000000100000001000000010000000100000001000000010000000100000001000000010000000100000001000000010000000101111101000000010000000101101101000000010000000101110100000000010000000100000001000000010000000100000001000000010000000100000001000000010000000101101010000000010000000100000001000000010000000100000001000000010000000100000001000000010000000100000001000000010000000100000001000000010000000100000001000000010000000100000001000000010000000100000001000000010000000101100101011110000010011101110110000000010011100000000001000000010101000100000001000000010100111100000001000000010000000100000001000000010111101101100010011101010010010001111101000000010011111100000001000000010100101001101100011111110010111000000001000000010000000100000001000000010000000101101110000000010011000001101111000000010011000100000001000000010101111100000001000000010101010000000001000000010110111100000001000000010000000100000001000000010101001001110111000000010011100101110100000000010011011000000001000000010100001100000001000000010111110100000001000000010111010000000001000000010101110001111010000000010011110000000001000000010100010001111101000000010011111100000001000000010111111000000001000000010111110101011101011101000010000000000001000000010100001101111011000000010011111000000001000000010100110000000001000000010111101000000001000000010111111001100100011110010010101001111001000000010100000001110100000000010011100100000001000000010100110100000001000000010000000100000001000000010111101000000001000000010101010001111001000000010011011001101000011111110010001101110111000000010011000100000001000000010000000100000001000000010111000100000001000000010101011101111100000000010100001001111100000000010100101001100011011111010011110100000001000000010000000100000001000000010000000101111110000000010111111100000001000000010000000100000001000000010000000100000001000000010000000101111111000000010000000101011100000000010000000101101101000000010000000101101001000000010000000101111100000000010000000101111001000000010000000101101111000000010000000101101010000000010000000101110101000000010000000101110010000000010000000101111100000000010000000101100010000000010000000101011001000000010000000101010010000000010000000101111110000000010000000101110111000000010000000100000001000000010000000100000001000000010000000101111000000000010000000101111011000000010000000101111010000000010000000100000001000000010000000100000001000000010000000100000001000000010000000101110101000000010000000101100000000000010110010001001000011111010100010000110011011000010010110000110111011000000010110100110010010110010010101100110110010111010011000000110011010110110011001000101100010101100010110100101101010101110010111000101111010110100010111100110001010111000011000100110011010111100011001100110011010110110011000100110011010110110011000100110100010110010011000100110100010110010011000100110100010110010011001100110001010110000011001000110001010110000011001000101111010110010011000000110011010111110011011000100110010101000010100100101110010110110011000000100000010011010010001000110111011000010011100000101110010101010010111101000010011000110100000000110101010101000011010100111111010101110011111100110100010010010011001101011111011100100110000100000001000000010000000100000001000000010000000100000001000000010000000100000001000000010000000100000001000000010000000100000001000000010000000100000001000000010000000100000001000000010000000100000001000000010000000100000001000000010000000100000001000000010000000100000001000000010000000100000001000000010000000100000001000000010000000100000001000000010000000100000001000000010000000100000001000000010000000100000001000000010000000100000001000000010000000100000001000000010000000100000001000000010000000100000001000000010000000100000001000000010000000100000001000000010000000100000001000000010000000101010000011001100100111000111110010101110011110100101111010010110010111000101111010011100010111100110011010101000011001000111010010110110011100000110010010101100011001000110101010110100011010000110111010111000011011000110010010101110011000100110100010111000011001100110001010110010011000000110010010110100011000100110010010110100011000100110010010110100011000100110010010110100011000100110010010110100011000100110010010110100011000100110100010110010011000100110010010110100011000100110000010110110011000000110000010110110011000000110010010110100011000100110010010110100011000100110100010110010011000100110100010110010011000100110010010110100011000100110010010110100011000100110011010110110011001000110000010110000010111100110100010110010011001100111010010111010011101100110110010101000011011100111000010100100011101000000001000000010000000100000001000000010000000100000001000000010000000100000001000000010000000100000001000000010000000100000001000000010000000100000001000000010000000100000001000000010000000100000001000000010000000100000001000000010000000100000001000000010000000100000001000000010000000100000001000000010000000100000001000000010000000100000001000000010000000100000001000000010000000100000001000000010000000100000001000000010000000100000001000000010000000100000001000000010000000100000001000000010000000100000001000000010000000100000001000000010000000100000001000000010000000100000001000000010000000100000001000000010000000100000001000000010000000100000001000000010000000100000001000000010000000100000001000000010000000100000001000000010000000100000001000000010000000100000001000000010000000100000001000000010000000100000001000000010000000100000001000000010000000100000001000000010000000100011111001100110010000000101000010001010010110000101100010011010011001000101001010011100010111000110111010111010011100100110100010110000011010000101101010101010010110000110010010111100011010100100100010101110010101100101000011001000011010000010111010111000010101001001010000000010110001001110111000000010000000101101100000000010000000100000001000000010000000101100101000000010000000101111000000000010000000101111010000000010000000101110010000000010000000101111100000000010000000101111100000000010000000101111110000000010000000100000001000000010000000101110001000000010000000101100010000000010110101001101110000000010110000000000001000000010000000100000001000000010000000100000001000000010101001100000001000000010111100000000001000000010100100100000001000000010100001000000001000000010000000101100101011110010010011000000001000000010000000100000001000000010110101001110100000000010011010100000001000000010101000000000001000000010000000100000001000000010101001100000001000000010000000100000001000000010101100101101100000000010010111001100100011110110010011001011011011100100001110100000001000000010100011000000001000000010000000100000001000000010000000101110110000000010011011100000001000000010100010000000001000000010000000100000001000000010000000100000001000000010101011000000001000000010000000101111001000000010011100101101101000000010010110100000001000000010000000100000001000000010110011000000001000000010000000100000001000000010110000001111111000000010011111101110010000000010011001100000001000000010111011000000001000000010000000100000001000000010000000100000001000000010100111000000001000000010110011000000001000000010101101100000001000000010000000100000001000000010000000100000001000000010000000101100001011101010010001000000001000000010100111101101011011111110010110000000001000000010000000100000001000000010000000101010100011010000001010100000001000000010000000100000001000000010100011100000001000000010100001100000001000000010000000100000001000000010101111001101001011111010010101000000001000000010111111100000001000000010101001100000001000000010100010000000001000000010000000100000001000000010000000101011000011011000001100101100111011110110010100001110111000000010011100001100011011101110010010000000001000000010101110000000001000000010000000100000001000000010011111100000001000000010110101100000001000000010100101100000001000000010101010100000001000000010000000101101110011110110100010100000001000000010000000100000001000000010000000100000001000000010000000100000001000000010000000100000001000000010000000100000001000000010000000100000001000000010000000100000001000000010000000100000001000000010000000100000001000000010000000100000001000000010000000100000001000000010000000100000001000000010000000100000001000000010000000100000001000000010000000100000001000000010000000101110001000000010000000101101111000000010000000100000001000000010000000100000001000000010000000100000001000000010000000101111011000000010000000101111101000000010000000100000001000000010000000100000001000000010000000100000001000000010000000100000001000000010000000100000001000000010000000100000001000000010000000100000001000000010000000100000001000000010000000100000001000000010000000100000001000000010000000100000001000000010000000100000001000000010000000100000001000000010000000100000001000000010000000100000001000000010000000100000000000000010000000100000001000000010000000100000001000000010000000100000001000000010000000100000001000000010000000100000001000000010000000100000001000000010000000100000001000000010000000100000001000000010000000100000001000000010000000100000001000000010000000100000001000000010000000100000001000000010000000100000001000000010000000100000001000000010000000100000001000000010000000100000001000000010000000100000001000000010000000100000001000000010000000100000001000000010000000100000001000000010000000100000001000000010000000100000001000000010000000100000001000000010000000100000001000000010000000100000001000000010000000100000001000000010000000100000001000000010000000100000001000000010000000100000001000000010000000100000001000000010000000100000001000000010000000100000001000000010000000100000001000000010000000101010010000000010000000101011000010111110111001100100000000000010000000101001001000000010000000101111011000000010000000101111100000000010000000101000101011001100111101000100111011110100000000100111011000000010000000101010100000000010000000101110000000000010000000101111101000000010000000101001101011011100000000100110010000000010000000101010010011010010111110000101101000000010000000100000001000000010000000100000001011110000000000100111100011011010000000100101111000000010000000101000111011000100111010100100100000000010000000101110011000000010000000100000001000000010000000101010001011000100111011000100011000000010000000101011101000000010000000101011001000000010000000101110110000000010000000100000001000000010000000101000010011010100000000100101101000000010000000101011000011111000000000100111111000000010000000101111111000000010000000101110100011110100000000100111100000000010000000101001010000000010000000101001101011111010000000101000001000000010000000100000001000000010000000101110000011010110111111100101100000000010000000101011001000000010000000101001101000000010000000101000010000000010000000101111101000000010000000100000001000000010000000101010000000000010000000101011001000000010000000101100011000000010000000100000001000000010000000100000001000000010000000100000001011111010000000100000001011100110000000100000001000000010000000100000001011101110000000100000001011010000000000100000001011001000000000100000001010110000000000100000001011010100000000100000001011110110000000100000001011001110000000100000001011100110000000100000001011011000000000100000001011010110000000100000001000000010000000100000001011010100000000100000001011000110000000100000001010101100000000100000001010100100000000100000001010111110000000100000001010101110000000100000001010110100000000100000001010110100000000100000001010111100000000100000001011010010000000100000001000000010000000100000001000000010000000100000001000000010000000100000001011110000000000100000001011011100000000101111010011000110000000101100001010111010000000101010010010101010111110001000101001110000101100100100110001110000101100000100111001101100101100000101001001101100101101000101110001101110101111000110001001100110101110000101111001101000101110000110010001101010101110100110011001100110101101100110001001011110101101000101111001011100101101100110000001100000101101000110001001100000101100100110011001100000101100100110100001011100101100100110100001011100101101000110011001011010101101100110001001010100101101000110000001011000101110100110001001011000110000000110001001100010110001000110110001010100101100000101110001011000101100000110001001011000101010100110000001101000101011100110101001111000101101000111101001100100100110100110011001111110101011001000000001101100100101000110111000000010000000100000001000000010000000100000001000000010000000100000001000000010000000100000001000000010000000100000001000000010000000100000001000000010000000100000001000000010000000100000001000000010000000100000001000000010000000100000001000000010000000100000001000000010000000100000001000000010000000100000001000000010000000100000001000000010000000100000001000000010000000100000001000000010000000100000001000000010000000100000001000000010000000100000001000000010000000100000001000000010000000100000001000000010000000100000001000000010000000100000001010000110101110001000010001011000100100000101011001110110101101000111011001110000101100100110111001100000101000100101110001111000110000100111011001100110101100000110010001011000101000100101011001101000101100100110001001101100101111000110101001100000101100000101111001100100101101000110001001101010101110100110100001100100101101000110001001100100101101000110001001100100101101000110001001100100101101000110001001100100101101000110001001100100101101000110001001100100101101000110001001100010101100100110000001100000101101100110000001100000101101100110000001100100101101000110001001100100101101000110001001101000101100100110001001101000101100100110001001100100101101000110001001100100101101000110001001101000101111100110100001100000101101000110001001010100101000100101011001110100101111000111010001101100101010100110110001111000101011100111101011101010000000101110110000000010000000100000001000000010000000100000001000000010000000100000001000000010000000100000001000000010000000100000001000000010000000100000001000000010000000100000001000000010000000100000001000000010000000100000001000000010000000100000001000000010000000100000001000000010000000100000001000000010000000100000001000000010000000100000001000000010000000100000001000000010000000100000001000000010000000100000001000000010000000100000001000000010000000100000001000000010000000100000001000000010000000100000001000000010000000100000001000000010000000100000001000000010000000100000001000000010000000100000001000000010000000100000001000000010000000100000001000000010000000100000001000000010000000100000001000000010000000100000001000000010000000100000001000000010000000100000001000000010000000100000001000000010000000100000001000000010000000100000001011001000111001001100000000111110011010000011110001010110100100000101111001011110101000100110011001001010100101000101010001001110101000000101011001110100110000000111100001011110101011100101110001011110101101100110010001100000110000100110101001010100110000100110010001001010110001100110011001000100110011100110101000000010000000100000001000000010000000100000001010110010000000100000001010100110000000100000001010100100000000100000001010001010000000101111101010100110000000100000001011010100000000100000001011100000000000100000001011101010000000100000001011101110000000100000001011101110000000100000001011011110000000101101011010110100000000101000000000000010000000101101001011111100000000101000011000000010000000101000110000000010000000101100000000000010000000101010001000000010000000101100001000000010000000101100011000000010000000101011100000000010000000101011001000000010000000101111001000000010000000101000000000000010000000101111000000000010000000101001110000000010000000101100011000000010000000101100100011111110000000101000001000000010000000101011010000000010000000101001110011110110000000100111101000000010000000101011010000000010000000101110011000000010000000101001001000000010000000101000011000000010000000101110101000000010000000101001100000000010000000101011111011110010000000100111010011111110000000100111111000000010000000101111000000000010000000101100000000000010000000101010111011110100000000100111010000000010000000101110111000000010000000101010111011110010000000100111001011111100000000100111110000000010000000101011011000000010000000101011100000000010000000101010111000000010000000101011100000000010000000101100011000000010000000101001101000000010000000101110101000000010000000101001010000000010000000101011111000000010000000101010101000000010000000101100011000000010000000101111011000000010000000101010000000000010000000101011111000000010000000101111011000000010000000101100101000000010000000101110111011101100000000100110110000000010000000101101011000000010000000101101111000000010000000101010010000000010000000101100100000000010000000101111101000000010000000101000110000000010000000101110010000000010000000101011001000000010000000101101011000000010000000101110011000000010000000101100010000000010000000101100110000000010000000101101000000000010000000101001001000000010000000101000010000000010000000101001001000000010000000100111111011101110000000100111000000000010000000101110011000000010000000101010111000000010000000100000001000000010000000100000001000000010000000100000001000000010000000100000001000000010000000100000001000000010000000100000001000000010000000100000001000000010000000100000001000000010000000100000001000000010000000100000001000000010000000100000001000000010000000100000001000000010000000100000001000000010000000100000001000000010000000100000001000000010000000100000001000000010000000100000001000000010000000100000001000000010000000100000001000000010000000100000001000000010000000100000001000000010000000100000001000000010000000100000001000000010000000100000001000000010000000100000001000000010000000100000001000000010000000100000001000000010000000100000001000000010000000100000001000000010000000100000001000000010000000100000001000000010000000100000001000000010000000100000001000000010000000100000001000000010000000100000001000000010000000100000001000000010000000100000001000000010000000100000001000000000000000100000001000000010000000100000001000000010000000100000001000000010000000100000001000000010000000100000001000000010000000100000001000000010000000100000001000000010000000100000001000000010000000100000001000000010000000100000001000000010000000100000001000000010000000100000001000000010000000100000001000000010000000100000001000000010000000100000001000000010000000100000001000000010000000100000001000000010000000100000001000000010000000100000001000000010111010000000001000000010111100100000001000000010000000100000001000000010000000100000001000000010000000100000001000000010111001100000001000000010000000100000001000000010000000100000001000000010000000100000001000000010000000100000001000000010000000100000001000000010000000100000001000000010110000001110000001110100110111100000001001110010000000100000001000000010000000100000001011111100000000100000001011001110000000100000001010010000000000100000001000000010000000100000001000000010000000100000001000000010101111101110011001000000000000100000001010010100000000100000001010001000000000100000001000000010000000100000001011110010000000100000001000000010000000100000001000000010000000100000001010110100110100001111011001011000000000100000001000000010110111100000001001100110110110100000001001011110000000100000001010001100111000000000001001100100111100100000001001110110000000100000001000000010000000100000001010010010000000100000001000000010111011100000001001110000111000100000001001100010110001001110110001000110000000100000001011000010000000100000001010101100111010100000001001101110000000100000001000000010000000100000001010010010000000100000001010101010000000100000001000000010111100000000001001110000000000100000001000000010000000100000001000000010111100100000001001110000000000100000001010000100000000100000001011110010000000100000001000000010000000100000001011001110000000100000001010100110000000100000001010100000000000100000001010011100000000100000001000000010111100001111110010001010000000100000001011110110000000100000001000000010000000100000001000000010000000100000001000000010000000100000001000000010111110000000001000000010000000100000001000000010111100000000001000000010111011000000001000000010011101000000001011101100100001000000001011111010111001000000001000000010110111000000001000000010110001100000001000000010111010000000001000000010111000000000001000000010111110100000001000000010111001000000001000000010110100100000001000000010101111000000001000000010101110000000001000000010101100000000001000000010101000100000001000000010101010000000001000000010110000100000001000000010101101100000001000000010101110000000001000000010110101100000001000000010110011100000001000000010000000100000001000000010110011000000001000000010111011100000001000000010000000100000001000000010111000000000001000000010010010001100000001010100110100100000001011000100000000100000001000000010000000100000001011111100111101100000001011000100101000101101101001110000011110001011011001010000011010101011000001001100011110101100001001100100011101101100000001100100011001101011010001011010011010101011001001011110011010001011010001100000010111001011001001011100010110001011010001011110010110101011001001100100010111001011010001100110010111101011010001101010010111101011010001101010010111001011011001101000010110001011100001100100010110001011100001100100010001101010110001010100010101001011110001011110010011001011010001010110010110101011110001100100010111001011100001100100010110101011001001100100010111101011000001100110011010001010111001101010011001101010010001100110011101001010110001110010011111101011010010000000011010101001101001101010110011101111100011001100000000100000001000000010000000100000001000000010000000100000001000000010000000100000001000000010000000100000001000000010000000100000001000000010000000100000001000000010000000100000001000000010000000100000001000000010000000100000001000000010000000100000001000000010000000100000001000000010000000100000001000000010000000100000001000000010000000100000001000000010000000100000001000000010000000100000001000000010000000100000001000000010000000100000001000000010111000000000001011011100011111101011000001111100011101001010110001110010011010101010101001101100011011101011010001110000010101001001110001010100011010101011010001101000011010101011010001100100011011001011011001100110011011101011100001101000011001101011000001100000011000001011000001011110011010001011100001100110011010001011100001100110011000001011000001011110011001001011010001100010011001001011010001100010011001001011010001100010011001001011010001100010011001001011010001100010011001001011010001100010011001001011010001100010011000101011001001011110011000001011011001100000011000001011011001011100011001001011010001100000011001001011010001100010011010001011001001100010011010001011001001100010011001001011010001100010011001001011010001100010010111001011001001011100011001101011110001100110011001001011010001100010011011001011100001110000011100001011000001110010011010101010011001101100011001001001100001101000000000100000001000000010000000100000001000000010000000100000001000000010000000100000001000000010000000100000001000000010000000100000001000000010000000100000001000000010000000100000001000000010000000100000001000000010000000100000001000000010000000100000001000000010000000100000001000000010000000100000001000000010000000100000001000000010000000100000001000000010000000100000001000000010000000100000001000000010000000100000001000000010000000100000001000000010000000100000001000000010000000100000001000000010000000100000001000000010000000100000001000000010000000100000001000000010000000100000001000000010000000100000001000000010000000100000001000000010000000100000001000000010000000100000001000000010000000100000001000000010000000100000001000000010000000100000001000000010000000100000001000000010000000100000001000000010000000100000001000000010011000001000001001011000011001101001011001100110010011001000101001010100010110001010000001100100011010101011101001110100011000001011001001101000010111101010110001100000011001001011100001100110010111001011000001011110010110101011011001100000010010101011001001010100010001101011010001010110011000101101101001111010101100000000001011011110111101100000001000000010110010100000001000000010110011000000001000000010101110100000001000000010110001000000001000000010101010000000001000000010101110100000001000000010101100100000001000000010110110100000001000000010111011000000001000000010110001100000001011010000111101100000001011011000000000100000001000000010000000100000001011001000000000100000001010100010000000100000001010010000000000100000001010101010000000100000001011011100000000100000001010100000000000100000001011000110000000100000001011010100000000100000001011110100111111100000001001111110000000100000001010111010000000100000001010011000000000100000001010010000000000100000001011100010000000100000001011000000000000100000001011101010111000100000001001100110000000100000001010110010000000100000001010101000000000100000001010101000000000100000001011100110000000100000001010100010000000100000001011100100000000100000001011100000000000100000001010111000000000100000001011011100000000100000001011100010000000100000001011100000000000100000001010001000000000100000001010011010000000100000001011000010000000100000001010110110000000100000001010111000000000100000001011001110000000100000001010100110000000100000001010101010000000100000001011101000000000100000001010011110111101100000001001110110000000100000001010000000000000100000001011100110000000100000001011000100000000100000001011010100111110100000001001111010000000100000001010000010000000100000001011011010000000100000001011100010000000100000001010011100111010000000001001101000000000100000001011010100000000100000001010100110000000100000001010111100000000100000001010110110000000100000001010101000111011000000001001101100000000100000001010001010000000100000001010000000000000100000001010010100000000100000001011000010000000100000001011010100111001100000001001100110000000100000001010000010000000100000001011011000000000100000001011100010000000100000001010100110000000100000001011101100000000100000001010011110000000100000001010110110000000100000001011010010000000100000001010000010000000100000001011011110000000100000001010010000000000100000001011000100000000100000001000000010000000100000001011010000000000100000001000000010000000100000001000000010000000100000001000000010000000100000001000000010000000100000001000000010000000100000001000000010000000100000001000000010000000100000001000000010000000100000001000000010000000100000001000000010000000100000001000000010000000100000001000000010000000100000001000000010000000100000001000000010000000100000001000000010111110100000001000000010111010000000001000000010000000100000001000000010000000100000001000000010000000100000001000000010111010100000001000000010111111000000001000000010000000100000001000000010000000100000001000000010000000100000001000000010000000100000001000000010000000100000001000000010000000100000001000000010000000100000001000000010000000100000001000000010000000100000001000000010000000100000001000000010000000100000001000000010000000100000001000000010000000100000001000000010000000100000001000000010000000100000001000000010000000000000001000000010000000100000001000000010000000100000001000000010000000100000001000000010000000100000001000000010000000100000001000000010000000100000001000000010000000100000001000000010000000100000001000000010000000100000001000000010000000100000001000000010000000100000001000000010000000100000001000000010000000100000001000000010000000101110011000000010000000101101010000000010000000100000001000000010000000100000001000000010000000101101010000000010000000101100011000000010000000101100100000000010000000101110110000000010000000100000001000000010000000101111100000000010000000101100010000000010000000101101111000000010000000100000001000000010000000100000001000000010000000100000001000000010000000100000001000000010000000100000001000000010000000100000001000000010000000100000001000000010000000100000001000000010000000100000001000000010111111100000001000000010101111001011110011100110001111000000001000000010000000100000001000000010111100001101000011111100010011000000001000000010000000100000001000000010101011000000001000000010101001100000001000000010110101101111110000000010011111100000001000000010000000101110110000000010011100000000001000000010101110100000001000000010101010100000001000000010101010000000001000000010111000100000001000000010000000101101001011111010010101000000001000000010100001101110100000000010011010100000001000000010111000000000001000000010111011000000001000000010000000100000001000000010000000101110010000000010011000000000001000000010100110101100101011110110010001100000001000000010101011100000001000000010000000100000001000000010000000100000001000000010101000100000001000000010100100000000001000000010000000100000001000000010000000100000001000000010101001100000001000000010101000001101111000000010010100100000001000000010101111001100000011101100010010000000001000000010111000100000001000000010111001100000001000000010110011001110101000000010100100101101000011101110011110100000001000000010000000100000001000000010000000100000001000000010000000100000001000000010000000100000001000000010000000100000001000000010000000100000001000000010000000100000001000000010000000101111011000000010000000101111100000000010000000101010011000000010000000100111000000000010111010101011000000000010000000100000001000000010000000101110100000000010000000101110111000000010000000101110110000000010000000101110100000000010000000101111110000000010000000101111000000000010000000101100111000000010000000101100000000000010000000101100011000000010000000101011110000000010000000101010111000000010000000101011101000000010000000101100011000000010000000101011100000000010000000101010011000000010000000101010100000000010000000101100100000000010000000101100101000000010000000100000001000000010000000101110101000000010000000101111000000000010000000101000000000000010100110000101010010111100010100101000001011001110011001101101011000000010101001100000001000000010000000100000001000000010110011000000001000000010110110001000011010111100010011000111110010111100010100000110010010100110010000000111011010111010010111001000000011000010011010000101110010011000010000100111101010111110011011000110101010111010011001100101100010110010010111000101111010110000011001000110010010110110011010100110001010110100011010100110000010110010011010000110000010110010011001100101100010110000010111100101111010111010011001100101001010110100010111000101100010111010010111100101011010111000010111000101110010111000011000100110000010111000011001100101101010101110010111000110001010110000011001000111000010111110011100100110000010101000011000000111011010111000011100100110101010101000011001100111010010101100011100000111010010101100011100100111111010101110011111101111011000000010111101000000001000000010000000100000001000000010000000100000001000000010000000100000001000000010000000100000001000000010000000100000001000000010000000100000001000000010000000100000001000000010000000100000001000000010000000100000001000000010000000100000001000000010000000100000001000000010000000100000001000000010000000100000001000000010000000100000001000000010000000101111001000000010111100000111010010100100011101000111110010110100011110100101110010011010010111000111001010110100011100000111010010111100011101000101111010101100011000000111011011000100011110000110011010110110011001000101101010101010010101100110000010110000010111000110010010110100011000000110011010110110011000100110010010110100011000000110001010110010010111100110001010110010011000000110010010110100011000100110000010110000010111100110001010110010011000000110010010110100011000100110011010110110011001000110011010110110011001000110011010110110011001000110010010110100011000100110010010110100011000000110000010110110011000000110000010110110010111000110010010110100011000000110010010110100011000000110100010110010011000100110100010110010011000100110010010110100011000000110010010110100011000000101101010110000010110100101111010110100010111100101011010101010010110000101111010101100011000000110001010101000011001000110011010100110011010000111101010110110011111001110101000000010111011000000001000000010000000100000001000000010000000100000001000000010000000100000001000000010000000100000001000000010000000100000001000000010000000100000001000000010000000100000001000000010000000100000001000000010000000100000001000000010000000100000001000000010000000100000001000000010000000100000001000000010000000100000001000000010000000100000001000000010000000100000001000000010000000100000001000000010000000100000001000000010000000100000001000000010000000100000001000000010000000100000001000000010000000100000001000000010000000100000001000000010000000100000001000000010000000100000001000000010000000100000001000000010000000100000001000000010000000100000001000000010000000100000001000000010000000100000001000000010000000100000001000000010000000100000001000000010000000100000001000000010000000101011111011011110101100000100000001101000001110100110111010100100011100000110101010101000011011100101010010011110010111100101111010101110011010000110001010110100011010100101101010101100011000000110000010110100011000100110001010110110011001000110011011000000011010100101101010110110011000000100100010101110010101100101110011001010011011000110001011100110100001001100000000000010111111101111101000000010000000101101111000000010000000101100000000000010000000101010000000000010000000101001011000000010000000101010000000000010000000101011001000000010000000101100011000000010111111001111110000000010000000101101110000000010110011101100101000000010100101101111110000000010101000100000001000000010111100000000001000000010110100100000001000000010011111100000001000000010101101001101111000000010010110100000001000000010100000000000001000000010111111100000001000000010111100000000001000000010101010000000001000000010100010000000001000000010101011001100101011110100010010100000001000000010111101000000001000000010111110000000001000000010100100000000001000000010100001000000001000000010101010000000001000000010100101000000001000000010000000100000001000000010000000101100010011101100010001101101111000000010011000000000001000000010100100001110110000000010011011100000001000000010111111000000001000000010111011000000001000000010101101000000001000000010100010100000001000000010101100100000001000000010100100100000001000000010000000100000001000000010111011100000001000000010101111001101001011111100010100100000001000000010101101100000001000000010101001000000001000000010111110000000001000000010111011100000001000000010100100001101001011111100010100100000001000000010100011001111011000000010011101100000001000000010111100000000001000000010000000100000001000000010101001001101011000000010010101101101000011111010010100001111100000000010011110000000001000000010111011100000001000000010000000101100110011110110010011001101011000000010010101100000001000000010101101101110011000000010011001100000001000000010111000000000001000000010000000101101111000000010010111101110111000000010011011100000001000000010100000101100100011110010010010000000001000000010000000100000001000000010111001100000001000000010100101100000001000000010101001100000001000000010101000100000001000000010101101000000001000000010111110000000001000000010111000000000001000000010100110000000001000000010101111000000001000000010011110101100110011111000010001100000001000000010111100100000001000000010111111000000001000000010111011100000001000000010000000100000001000000010000000100000001000000010000000100000001000000010000000100000001000000010000000100000001000000010000000100000001000000010000000100000001000000010000000100000001000000010000000100000001000000010000000100000001000000010000000100000001000000010000000100000001000000010000000100000001000000010000000101101011000000010000000101011100000000010000000101011010000000010000000101100100000000010000000101111100000000010000000101111000000000010000000101101100000000010000000101101101000000010000000100000001000000010000000100000001000000010000000100000001000000010000000100000001000000010000000100000001000000010000000100000001000000010000000100000001000000010000000100000001000000010000000100000001000000010000000100000001000000010000000100000001000000010000000100000001000000010000000100000001000000010000000100000001000000010000000100000001000000010000000100000000000000010000000100000001000000010000000100000001000000010000000100000001000000010000000100000001000000010000000100000001000000010000000100000001000000010000000100000001000000010000000100000001000000010000000100000001000000010000000100000001000000010000000100000001000000010000000100000001000000010000000100000001000000010000000100000001011101010000000100000001011101000000000100000001000000010000000100000001000000010000000100000001011011010000000100000001011001110000000100000001011010000000000100000001011101110000000100000001000000010000000100000001011111010000000100000001011001100000000100000001011011000000000100000001000000010000000100000001000000010000000100000001000000010000000100000001000000010000000100000001000000010000000100000001000000010000000100000001000000010000000100000001011100100000000100110011000000010000000101010010000000010000000101110100000000010000000101110010000000010000000101110000000000010000000101000100000000010000000101001000000000010000000101010010000000010000000101101011000000010000000101011100000000010000000101101111000000010000000101110011011100000000000100110001000000010000000101110000000000010000000101110111011110010000000100111010000000010000000101000011000000010000000101001111000000010000000101110011000000010000000101100001000000010000000101111010000000010000000101001011000000010000000101100010011110110000000100111011000000010000000101110100000000010000000101100010000000010000000101100011000000010000000100111111000000010000000101000100000000010000000101010111000000010000000101001001000000010000000101001000000000010000000100000001000000010000000101000101000000010000000101100100000000010000000101100001000000010000000101110000000000010000000101010111000000010000000101110011000000010000000101011011000000010000000101101100000000010000000101010010000000010000000101100100000000010000000101101000000000010000000100000001000000010000000101101100000000010000000100000001000000010000000100000001000000010000000100000001000000010000000100000001000000010000000100000001000000010000000100000001000000010000000100000001000000010000000100000001000000010000000100000001010111000000000100000001010010000000000101111110011010010000000100000001011100110000000100000001011000010000000100000001010101000000000100000001011001110000000100000001000000010000000100000001011000100000000100000001010101110000000100000001010100010000000100000001010110110000000100000001011011000000000100000001011011010000000100000001011001000000000100000001010111000000000100000001010110100000000100000001011100000000000100000001011000010000000100000001010101000000000100000001010011100000000100000001011010100000000100000001011001110000000100000001011101110000000100000001011100010000000100000001010101000000000101100011001000010101100100101000001011000101101000100110010010110110110100110111011110100000000101011110000000010000000101110011000000010000000101100101011100100000000101001011011100000000000101001011010110110111100100111110001101000101001100011100001110010101100000100101001110010101100100101010001111100101110000110001001101100101011000101101001100100101101000110000001011110101101000101111001100100101101000110001001100010101100000110010001100000101010000110000001100110101011100110011001101000101101100110101001011100101100000101111001011110101100100110000001010110101100000101101001011100101110100101111001011100101110000101110001100010101110000110001001100110101111000110011001100110101100000110000001101000101100100110001001101010101110100110100001100000101100000101111001111010110001000111010001101010101101000110100001101010101011000110011001110000101011100110110001011100100101000101100001111100101011100111011001101110100110100110100010101110110110101010101000000010000000101111110000000010000000100000001000000010000000100000001000000010000000100000001000000010000000100000001000000010000000100000001000000010000000100000001000000010000000100000001000000010000000100000001000000010000000100000001011110000000000101110111010011100110010001001100001110000101000100110111001101010100111000110100001110110101011100111010001100100101000100110010001110010101101000111000001100100101011000110010001011110101011000110000001100110101101100110010001010000101001000101001001011110101101000101111001100010101101000101101001100110101110000101111001101000101110000110010001101000101110000110010001100100101101000110000001100010101100100101111001100010101100100110000001100010101100100110000001100010101100100110000001100010101100100110000001100100101101000110001001100100101101000110001001100110101101100110010001100100101101000110001001100100101101000110001001100100101101000110000001100000101101100110000001100000101101100101110001100100101101000110000001100100101101000110000001101000101100100110001001101000101100100110001001100100101101000110000001100100101101000110000001100100101110100110010001101000101111100110100001101010110000000110101001010000101001000101001001101110101110100111001001101000101011100110101001011110100111100110000001110010101010000111010000000010000000100000001000000010000000100000001000000010000000100000001000000010000000100000001000000010000000100000001000000010000000100000001000000010000000100000001000000010000000100000001000000010000000100000001000000010000000100000001000000010000000100000001000000010000000100000001000000010000000100000001000000010000000100000001000000010000000100000001000000010000000100000001000000010000000100000001000000010000000100000001000000010000000100000001000000010000000100000001000000010000000100000001000000010000000100000001000000010000000100000001000000010000000100000001000000010000000100000001000000010000000100000001000000010000000100000001000000010000000100000001000000010000000100000001000000010000000100000001000000010000000100000001000000010000000100000001000000010000000100000001001100000100010100101100001110100101001100111001001010100100100000101011001101110101100100111010001010100100111100101101001110000110000100111100001001100100111100101010001100000101100100110011001100100101110000110011001100010101101100110010001100110101111000110011001011100101101100110000001001110101010100101010001010100101111000101111001010000110010000110100010100100000000101101100011101000000000100000001011100010000000100000001011011110000000100000001011010100000000100000001011011110000000100000001011101100000000100000001000000010000000100000001011110110000000100000001000000010000000100000001011110110000000101101001011000000000000100111100000000010000000101010010000000010000000101111111000000010000000100000001000000010000000101000100011110110000000100110111011100010000000100101111011100110000000100110001000000010000000101110100000000010000000101110110000000010000000101001011000000010000000101011100011101000000000100110100011001010111101000100101000000010000000100000001000000010000000101111001011011110000000100101111000000010000000101000101011011000000000100101110000000010000000101010011000000010000000101110101000000010000000101111011000000010000000101011100011110000000000100111001011100110000000100110100000000010000000101001010000000010000000101110111000000010000000100000001000000010000000101001011000000010000000101000110011010100111111100101010000000010000000101001001000000010000000101111000000000010000000101111101000000010000000101010001011101100000000100110110011011010000000100101101000000010000000101001000000000010000000101101100000000010000000100000001011111000000000100111100000000010000000101010010011011100000000100101110010111110111010000011111000000010000000101111000000000010000000101111011000000010000000101001100011010010111111000101001000000010000000101100000011001110111110000100111000000010000000101111100000000010000000101111010000000010000000101001100000000010000000101000100000000010000000101000001011000110111100000100011000000010000000100000001000000010000000101101110000000010000000101001011011011010000000100101101000000010000000101000110000000010000000101000101000000010000000101111110000000010000000101111001000000010000000101000100011010110000000100101011011110110000000100111011000000010000000101001111000000010000000101110101000000010000000100000001011101100000000100110110011101110000000100110111011010000111111000100101000000010000000101000100000000010000000100000001000000010000000100000001000000010000000101100100000000010000000100000001000000010000000100000001000000010000000100000001000000010000000100000001000000010000000100000001000000010000000100000001000000010000000100000001000000010000000100000001000000010000000100000001000000010000000100000001000000010000000100000001000000010000000100000001000000010000000100000001000000010000000100000001011100000000000100000001010101000000000100000001010110100000000100000001010111000000000100000001000000010000000100000001011110110000000100000001011000110000000100000001011100000000000100000001000000010000000100000001000000010000000100000001000000010000000100000001000000010000000100000001000000010000000100000001000000010000000100000001000000010000000100000001000000010000000100000001000000010000000100000001000000010000000100000001000000010000000100000001000000010000000100000001000000010000000100000001000000010000000100000001000000010000000100000001000000000000000100000001000000010000000100000001000000010000000100000001000000010000000100000001000000010000000100000001000000010000000100000001000000010000000100000001000000010000000100000001000000010000000100000001000000010000000100000001000000010000000100000001000000010000000100000001000000010000000100000001000000010000000100000001000000010000000100000001000000010000000100000001000000010000000100000001000000010000000100000001000000010000000100000001000000010111110100000001000000010000000100000001000000010000000100000001000000010000000100000001000000010000000100000001000000010111110100000001000000010000000100000001000000010000000100000001000000010000000100000001000000010000000100000001000000010000000100000001000000010000000100000001000000010000000100000001000000010000000100000001010011000000000100000001010001000000000100000001011110010000000100000001011101000000000100000001011101100111111000000001001111000000000100000001011001100111111000000001001110110000000100000001010000000000000100000001010011000000000100000001010110110000000100000001010100110000000100000001010101000000000100000001010010000000000100000001010001000000000100000001011010000000000100000001011100010000000100000001010110000000000100000001010100010000000100000001011000100000000100000001011001100111001000000001001100100000000100000001011110100000000100000001011000000000000100000001010011010000000100000001011001100000000100000001010110010000000100000001010000010000000100000001010110110000000100000001011100100000000100000001011011110000000100000001010010100000000100000001010001010000000100000001011100100000000100000001011010010111111100000001001110110000000100000001010010100000000100000001011001100000000100000001001101110000000100000001001110110111101000000001001111010111110100000001010010100000000100000001010111010000000100000001011010000000000100000001011111000000000100000001000000010000000100000001000000010000000100000001000000010000000100000001000000010000000100000001000000010000000100000001000000010000000100000001000000010000000100000001000000010000000100000001000000010000000100000001000000010000000100000001000000010000000100000001000000010111000000000001000000010111101000000001000000010000000100000001000000010111100100000001000000010110000000000001000000010110000000000001000000010101100100000001000000010101000000000001000000010100011100000001000000010100100100000001000000010101010100000001000000010101101000000001000000010101010100000001000000010101011100000001000000010110000000000001000000010110000100000001000000010101011100000001000000010101000100000001000000010101011000000001000000010100111000000001000000010110100100000001000000010111101100000001000000010111010100000001000000010110001100000001011110100001011101010100001000100011000001100100001101000011101001101000001101000011011001011000001000100111000000000001010100010111111000000001010101110000000100000001010110100000000100000001010101000000000100000001011110010111100100000001010101000100101101101010001011010100000101100000001010010011101001011010001010010011101001011011001011110011010101010111001011100011001001011001001011000011010101011011001100010011101001011101001101010011011001011000001100110011010001010100001100010011101001011010001101110011110001011110001110010011010001011001001100010011100001011101001101010011010001011100001100100011010101011110001100010011000001011001001011000011001001011000001011100011011101011101001100110011011001011000001100000011010001010111001011110011001101011011001100010010101001010101001010100010111001011001001011100010101101010011001010010010110101010010001010100011100001011101001101110011101001011011001110000011010101010100001100110011110001011000001110100011011001010010001101010011010001001101001100010011011101010000001101100011110001010101001110110011110001010101001110110011110101010101001111010100000101011001010000010100001001011010010000100011010001001100001101000011100101010001001110010100010001011101010000110011010001001111001101010011000001001100001011110011101101011010001110110011010101010100001101010011011101011000001101100010110001010000001011000011101101011111001110110011000001010111001100010010111001010101001011110011010001011110001101010010011101010001001010000011001101011110001100110011001001011101001100000011001001011101001100000011000101011100001100010011000101011100001100010011001001011010001100010011001001011010001100010011000101011001001100000011000101011001001100000011010001011001001100110011010001011001001100110011001001011001001100110011001001011001001100110011001001011010001100010011001001011010001100010011001001011010001100010011001001011010001100000011000001011011001100000011000001011011001011100011001001011010001100000011001001011010001100000011010001011001001100010011010001011001001100010011010001011010001100000011001001011010001100000010110101011000001010110010110101011000001010110011000101011111001100010010110101011000001011010011011001011111001110010011010001011010001101100011001001010101001100110011011101010101001110000100010101011100010001100000000100000001000000010000000100000001000000010000000100000001000000010000000100000001000000010000000100000001000000010000000100000001000000010000000100000001000000010000000100000001000000010000000100000001000000010000000100000001000000010000000100000001000000010000000100000001000000010000000100000001000000010000000100000001000000010000000100000001000000010000000100000001000000010000000100000001000000010000000100000001000000010000000100000001000000010000000100000001000000010000000100000001000000010000000100000001000000010000000100000001000000010000000100000001000000010000000100000001000000010000000100000001000000010000000100000001000000010000000100000001000000010000000100000001000000010000000100000001000000010000000100000001000000010011100101001110001101010011011101010000001101000011001101001111001100100010110101001100001011010011001001010100001101010011101001011111001111010010100101010010001011010011010001011101001110000011000001010111001100010011001101011011001100100011000001011000001011110011000101011011001100100010111101011100001100010010101101011001001011100010110101011011001100000010001101011010001011010011001001111001010001110111010000000001000000010111000000000001000000010110101100000001000000010111100000000001000000010110111100000001000000010111100000000001000000010000000100000001000000010000000100000001000000010000000100000001000000010000000100000001000000010000000100000001010110000000000100000001010110010000000100000001000000010000000100000001000000010000000100000001011100000000000100000001010001110000000100000001010100100000000100000001011000010000000100000001000000010000000100000001011100000000000100000001000000010000000100000001010111010111110100000001001110110000000100000001010000010000000100000001011001000000000100000001000000010000000100000001010100100000000100000001010111110110101001111110001010110000000100000001010110100000000100000001010000100110110100000001001011100000000100000001010001000000000100000001010010010000000100000001010010100111011000000001001101110000000100000001000000010000000100000001000000010000000100000001000000010000000100000001000000010110011001111011001001100000000100000001010001100000000100000001011101000110100101111110001010010000000100000001000000010000000100000001000000010000000100000001010001010111100000000001001110010000000100000001000000010000000100000001010101000000000100000001010111000000000100000001010001010111001100000001001101000111011000000001001101110000000100000001000000010000000100000001011110100000000100000001011001000000000100000001010001000110111100000001001100000000000100000001010110000000000100000001010010010110001101110111001001000000000100000001011110100000000100000001000000010111010100000001001101100111011000000001001101110000000100000001000000010000000100000001011101000000000100000001010001000000000100000001010011110000000100000001010001110111001100000001001101000000000100000001010111100000000100000001000000010000000100000001000000010000000100000001011011010111111000000001001111110111100000000001001110010000000100000001000000010000000100000001011101110000000100000001010001010000000100000001011101110000000100000001010000000000000100000001010111100000000100000001011101110000000100000001000000010000000100000001000000010000000100000001011100100000000100000001000000010000000100000001000000010000000100000001000000010000000100000001000000010000000100000001000000010000000100000001000000010000000100000001000000010000000100000001000000010000000100000001000000010000000100000001000000010000000100000001000000010000000100000001000000010000000100000001000000010000000100000001000000010111111000000001000000010111011000000001000000010000000100000001000000010000000100000001000000010000000100000001000000010111111000000001000000010000000100000001000000010000000100000001000000010000000100000001000000010000000100000001000000010000000100000001000000010000000100000001000000010000000100000001000000010000000100000001000000010000000100000001000000010000000100000001000000010000000100000001000000010000000100000001000000010000000100000001000000010000000100000001000000010000000100000001000000010000000100000001000000010000000000000001000000010000000100000001000000010000000100000001000000010000000100000001000000010000000100000001000000010000000100000001000000010000000100000001000000010000000100000001000000010000000100000001000000010000000100000001000000010000000100000001000000010000000100000001000000010000000100000001000000010000000100000001000000010000000100000001000000010000000100000001000000010000000100000001000000010000000100000001000000010000000100000001000000010000000100000001000000010000000100000001000000010000000100000001000000010000000100000001000000010000000100000001000000010000000100000001000000010000000100000001000000010000000100000001000000010000000100000001000000010000000100000001000000010000000100000001000000010000000100000001000000010000000100000001000000010000000100000001000000010000000100000001000000010101000000000001000000010100010100000001000000010101001001101000011111010010100000000001000000010111100000000001000000010000000101111111000000010011110001111100000000010011100101100101011110110010001000000001000000010101010100000001000000010111011100000001000000010111000100000001000000010100110000000001000000010100011100000001000000010101001100000001000000010100101000000001000000010111111100000001000000010111111001101101000000010010110100000001000000010100100100000001000000010100010101110000000000010011000000000001000000010111101000000001000000010111100101110100000000010011010000000001000000010100100000000001000000010100100001110010000000010011001000000001000000010111101000000001000000010111110000000001000000010100001101111111000000010100010000000001000000010100100000000001000000010110011000000001000000010111100000000001000000010111001000000001000000010100000100000001000000010100010101110101000000010011010101111011000000010100010100000001000000010000000100000001000000010000000101110010000000010101110001111011000000010110111000000001000000010000000100000001000000010000000100000001000000010000000100000001000000010000000100000001000000010000000100000001000000010000000100000001000000010000000100000001000000010000000100000001000000010000000100000001000000010000000100000001000000010000000100000001000000010000000100000001000000010000000100000001000000010000000101111110000000010000000101111010000000010000000101100110000000010000000101100010000000010000000101100010000000010000000101100000000000010000000101011000000000010000000101010101000000010000000101011001000000010000000101011101000000010000000101011110000000010000000101011110000000010000000101011100000000010000000101100011000000010000000101100001000000010000000101100010000000010000000101011001000000010000000101011110000000010000000101011010000000010000000101110101000000010000000101110110000000010000000100011010011001010011001000011101010111110010110000101110011001110011010000101010010110110010010100111010011000010010100101110111000000010101100101110000000000010100100101100101011110100011010100000001000000010101000000000001000000010000000100000001000000010111110101001011011010010010100000111110010111110010011000110010010101100010001000111000010111010010111100110010010110100011000000101111010110000010101100110001010110100010110100110110010111000011001000110111010110100011001000110100010101100011000100110111010110000011010100110111010110010011010000101110010100110010110100110101010111010011010000110011010110110011000100110011010110110011000100101101010101100010100100110001010101110010110100111001010111110011010100111011010111010011010100111010010111100011010000101110010110010010111000101010010110000010101000101101010110110010110100110101011000000011001100110011010111100011001100110011010110110011001000110111010111000011010000110100010110010011001100110111010110000011010100110110010101110011010000111001010110000011011100111001010110000011011100110110010101010011011000110110010101010011011000110111010101100011011100110110010101010011011000110101010100110011011000110101010100110011011000101111010011100010111100110110010101010011011000111101010111100011110000111011010111000011101000111000010111000011100000110101010110010011010100110010010101100011001000110011010110100011010000110010010110010011001100110100010111000011001100110001010110110011001000101111010110010011000000110011010111100011001100110010010111010011001000110001010111000010111100110000010110110010111000101111010110100010111100101111010110100010111100110010010110100011000100110010010110100011000100110010010110100011000100110010010110100011000100110101010110100011010000110100010110010011001100110010010110010011001100110010010110010011001100110001010110010011000000110010010110100011000100110010010110100011000100110010010110100011000000110000010110110011000000110000010110110010111000110010010110100011000000110010010110100011000000110100010110010011000100110100010110010011000100110100010110100011000000110010010110100011000000110000010110110010111000101111010111010010111100101111010111010010111100110011011000010011001100101011010101010010110000101111010110000011001000110010010110000011010000111111010111110100000000101000010001010010101101010110011011100101011000000001000000010000000100000001000000010000000100000001000000010000000100000001000000010000000100000001000000010000000100000001000000010000000100000001000000010000000100000001000000010000000100000001000000010000000100000001000000010000000100000001000000010000000100000001000000010000000100000001000000010000000100000001000000010000000100000001000000010000000100000001000000010000000100000001000000010000000100000001000000010000000100000001000000010000000100000001000000010000000100000001000000010000000100000001000000010000000100000001000000010000000100000001000000010000000100000001000000010000000100000001000000010000000100000001000000010000000100000001000000010000000100000001000000010000000101001100011000010100101100101101010001100010101000111000010101010011010000110000010011110011000000110111010110000011011000110110010110010011011100101100010100100010111000111011011000010011110100110010010110010011001100101110010101100010110100110011010110110011001000110000010110000010111100110011010110110011001000110011010111100011001100110000010111010011001000101111010111010011001000100010010101110010101100101100011011010011110001001111000000010110100101011100000000010111110001100100000000010000000101110010000000010000000101100111000000010000000101111011000000010000000101110110000000010000000100000001000000010000000100000001000000010000000100000001000000010000000100000001000000010110101100000001000000010100111100000001000000010000000100000001000000010101111000000001000000010011110101110011000000010011001000000001000000010100010000000001000000010101000100000001000000010100010000000001000000010000000100000001000000010000000101111101000000010011101101111101000000010011101101110110000000010011011001111000000000010011100000000001000000010000000100000001000000010000000100000001000000010000000101100100011110000010010100000001000000010100110000000001000000010000000101110100000000010011010100000001000000010000000100000001000000010111010001111001000000010011101001101101000000010010111000000001000000010111000100000001000000010000000100000001000000010110101100000001000000010000000101101110000000010010111001111111000000010011111100000001000000010000000100000001000000010111001100000001000000010100011100000001000000010100010101100111011111000010011100000001000000010101100000000001000000010100010000000001000000010000000100000001000000010100111101111001000000010011101001110001000000010011001000000001000000010101100000000001000000010110100001110100000000010011010100000001000000010111000001010100011010000001010101111111000000010100000001111000000000010011100100000001000000010000000100000001000000010000000100000001000000010100111000000001000000010110010100000001000000010100001000000001000000010100000100000001000000010000000100000001000000010000000101111000000000010011100100000001000000010111101000000001000000010101001000000001000000010100000100000001000000010000000101111010000000010011101100000001000000010100100100000001000000010000000101101110000000010010111101111010000000010011101101111111000000010100000100000001000000010110110000000001000000010000000100000001000000010111111000000001000000010100111000000001000000010100010100000001000000010000000100000001000000010110110100000001000000010111111100000001000000010110110000000001000000010000000100000001000000010000000100000001000000010000000100000001000000010000000100000001000000010000000100000001000000010000000100000001000000010000000100000001000000010000000100000001000000010000000100000001000000010000000100000001000000010000000100000001000000010000000100000001000000010000000100000001000000010000000100000001000000010000000100000001000000010000000100000001000000010000000100000001000000010000000100000001000000010000000100000001000000010000000100000001000000010000000100000001000000010000000100000001000000010000000100000001000000010000000100000001000000010000000100000001000000010000000100000001000000010000000100000001000000010000000100000001000000010000000100000001000000010000000100000001000000010000000100000001000000010000000100000001000000010000000100000001000000010000000100000001000000010000000100000001000000010000000100000000000000010000000100000001000000010000000100000001000000010000000100000001000000010000000100000001000000010000000100000001000000010000000100000001000000010000000100000001000000010000000100000001000000010000000100000001000000010000000100000001000000010000000100000001000000010000000100000001000000010000000100000001000000010000000100000001000000010000000100000001000000010000000100000001000000010000000100000001000000010000000100000001000000010000000100000001011110100000000100000001011111110000000100000001000000010000000100000001000000010000000100000001000000010000000100000001011100110000000100000001000000010000000100000001000000010000000100000001000000010000000100000001000000010000000100000001000000010000000100000001000000010000000100000001000000010000000100000001000000010000000100000001000000010000000101000110000000010000000101011001011111000000000100111110011110000000000100111001000000010000000101111101000000010000000101111101011110000000000100110110010110110111000100011001000000010000000101101000011010000111110100101000000000010000000101111100000000010000000100000001011101000000000100110101000000010000000101011100011000000111010000100001011111100000000100111111000000010000000101110110000000010000000101110100000000010000000101010100011110000000000100111001000000010000000101001111000000010000000101010000000000010000000101110011000000010000000100000001011011100000000100101111011100110000000100110100000000010000000101010011000000010000000101000110000000010000000100000001000000010000000101111000000000010000000101011001000000010000000101010010011000010111101000101010011110100000000100111100000000010000000100000001000000010000000101111010011010010111101000100011011100100000000100110000000000010000000101011111011011100000000100111111000000010000000100000001000000010000000100000001000000010000000100000001000000010000000100000001000000010000000100000001000000010000000100000001000000010000000100000001000000010000000100000001000000010000000100000001000000010000000100000001000000010000000100000001000000010000000100000001000000010000000100000001000000010000000100000001000000010000000100000001000000010000000100000001000000010000000100000001000000010000000100000001011001000000000100000001011010100000000100000001011101110000000100000001010110100000000100000001010101010000000100000001011100110000000100000001011011000000000100000001011010110000000100000001011011110000000100000001011100100000000100000001011101000000000100000001011011010000000100000001010111110000000100000001011010000000000100000001011001100000000100000001011011110000000100000001010110000000000100000001010100110000000100000001011001000000000100000001011100010000000100000001001011010000000101010111000100100110011000110000000110000110001000101110000100110101010100100001001000010101101100100100001101000110010000101001010111110000000101000110011010100000000101000100011010110000000100111010000000010000000101011001000000010000000101111011000000010000000100000001011010000000000101000010001101110101110000011110001110100110010000101101001010100101101000101010001100000110000100110101001011110110000000110010001011010101110000101110001011100101101100110000001100110101110100110100001100100101101100110101001100110101110000110110001100010101101000110100001011010101011000110000001101000110000000110111001100010101111000110011001100000101111000110011001010110101100000101101001011100101100100101110001100110101111000110011001100100101011100101111001011110101011100101101001101000110000100110110001100100110000100110011001010010101100000101010001011000101101000101100001011010101101100101101001001110101001000100111001011010101100000101101001101110101111100110110001100010101011000101110001100000101010100101111001101010101011100110010001101100101100000110011001100110101010000110001001101000101010100110010001101110101100000110101001110010101101000110111001101010101100100110101001110100101111000111010001101010101100100110101001100010101010100110001001011000101001100101101001010000100111100101001001011100101010100101111001100000101011100110001001100010101100000110010001101110110000100111000001010110101010100101100001100010101110000110001001100010101110000110001001010100101010100101010001101010110000000110101001011010101100000101101001011100101101100110000001011010101101000101111001011100101100100101110001011110101101000101111001100100101101000110001001100110101101100110010001100110101101000110100001100110101101000110100001101010101101000110100001101000101100100110011001101000101100100110011001101000101100100110011001100010101100100110000001100100101101000110001001100100101101000110001001100100101101000110000001100000101101100110000001100000101101100101110001100100101101000110000001101000101101000110000001101100101100100110001001101100101100100110001001101000101101000110000001100100101101000110000001100000101101100101110001100010101111100110001001011010101101100101100001011100101110100101111001001110101010000101001001100110101110100110100001100100101100100110011001011000101000000101100001111010101110100111110001101100101010000110111011000000111101101100001000000010000000100000001000000010000000100000001000000010000000100000001000000010000000100000001000000010000000100000001000000010000000100000001000000010000000100000001000000010000000100000001000000010000000100000001000000010000000100000001000000010000000100000001000000010000000100000001000000010000000100000001000000010000000100000001000000010000000100000001000000010000000100000001000000010000000100000001000000010000000100000001000000010000000100000001000000010000000100000001000000010000000100000001000000010000000100000001000000010000000100000001000000010000000100000001000000010000000100000001000000010000000100000001000000010000000100000001010101000110100101010011001010100100001100101001001101100101010100110110001100100101001100110000001101000101010100110011001101100101101000110110010000000110010001000000001001010100100100100101001111010110000100111101001011010101001000101100001100100101011100101111001110000101110100110101001100110101101100110010001100110101101100110010001100010101110000110001001011100101101100110000001011100101110000110001001000100101010100101001000111100101101000101010010000000000000101010010011011110000000100000001011011010000000100000001011111000000000100000001011011010000000100000001011101100000000100000001000000010000000100000001000000010000000100000001011001110000000101001100011011110000000101000011000000010000000101011111000000010000000101010100000000010000000101100110000000010000000101000001000000010000000101010111000000010000000101000010000000010000000101011000000000010000000101000111000000010000000101011011000000010000000101100010000000010000000101100100000000010000000101010111000000010000000101000100000000010000000101100010011111110000000100111101000000010000000101000011000000010000000101110101000000010000000101000111000000010000000101011101000000010000000101011010000000010000000101000110000000010000000101000111000000010000000101010000000000010000000101110111000000010000000101011100000000010000000101100011000000010000000101100011000000010000000101010001000000010000000101111010000000010000000101000100000000010000000100000001011110010000000100111001000000010000000101001101000000010000000101100100000000010000000101000010000000010000000101101000000000010000000101100111000000010000000101101111011100100000000100110011000000010000000101001010000000010000000101111011000000010000000101100001000000010000000101011101000000010000000100000001000000010000000101011100011110100000000100111011000000010000000101111001000000010000000101000001000000010000000101011110011100110000000100110100000000010000000101001111000000010000000101111110000000010000000101010001000000010000000101101101000000010000000101111000000000010000000101100010011111110000000101000000000000010000000101010110000000010000000101010000000000010000000101110000000000010000000101001101000000010000000101110000000000010000000101001110000000010000000101000011000000010000000101101000000000010000000101010011000000010000000101110011000000010000000101000010000000010000000101001011000000010000000101111110000000010000000101100110000000010000000101000000000000010000000101000111000000010000000101011110000000010000000101111001000000010000000101011000000000010000000101101010000000010000000101011001000000010000000100000001000000010000000100000001000000010000000100000001000000010000000100000001000000010000000100000001000000010000000100000001000000010000000100000001000000010000000100000001000000010000000100000001000000010000000100000001000000010000000100000001000000010000000100000001000000010000000100000001000000010000000100000001011000100000000100000001010110100000000100000001011101100000000100000001011111000000000100000001000000010000000100000001011101110000000100000001011101010000000100000001000000010000000100000001000000010000000100000001000000010000000100000001000000010000000100000001000000010000000100000001000000010000000100000001000000010000000100000001000000010000000100000001000000010000000100000001000000010000000100000001000000010000000100000001000000010000000100000001000000010000000100000001000000010000000100000001000000010000000100000001000000000000000100000001000000010000000100000001000000010000000100000001000000010000000100000001000000010000000100000001000000010000000100000001000000010000000100000001000000010000000100000001000000010000000100000001000000010000000100000001000000010000000100000001000000010000000100000001000000010000000100000001000000010000000100000001000000010000000100000001000000010000000100000001000000010000000100000001000000010000000100000001000000010111100100000001000000010111000100000001000000010111000100000001000000010000000100000001000000010000000100000001000000010000000100000001000000010110111000000001000000010000000100000001000000010000000100000001000000010000000100000001000000010000000100000001000000010000000100000001000000010000000100000001000000010000000100000001000000010000000100000001000000010000000100000001000000010101010101100111000110100000000100000001010011000000000100000001010110110000000100000001000000010000000100000001000000010110011101111100001001110000000100000001000000010111111000000001001111100110110000000001001011000000000100000001000000010000000100000001011010000000000100000001000000010000000100000001000000010111101100000001001111010000000100000001010011010000000100000001000000010000000100000001000000010000000100000001000000010101110101110001000111100000000100000001010010000000000100000001010100000000000100000001000000010000000100000001010010010000000100000001000000010110001101110110001001010000000100000001010001000111010100000001001101110000000100000001000000010000000100000001011010100000000100000001010100010000000100000001000000010000000100000001010110100000000100000001010000110000000100000001010011110000000100000001010101110000000100000001000000010000000100000001000000010110000001111010001011000111100000000001010100110000000100000001000000010111000100000001011001100000000100000001000000010111111000000001000000010000000100000001000000010000000100000001000000010000000100000001000000010000000100000001000000010000000100000001000000010000000100000001000000010000000100000001000000010000000100000001000000010000000100000001000000010000000100000001000000010000000100000001000000010000000100000001000000010000000100000001000000010000000100000001000000010111011000000001000000010110010100000001000000010111011100000001000000010110000100000001000000010100010000000001011111110101101000000001000000010101100100000001000000010110011100000001000000010111001000000001000000010111001000000001000000010111001100000001000000010111100100000001000000010111110000000001000000010000000100000001000000010111010000000001000000010110100100000001000000010110001000000001000000010101010000000001000000010101000100000001000000010110100000000001000000010111100100000001000000010110111100000001000000010101100100000001011101100101101100000001011011110101100000000001011000100101001000000001010011000110100000000001010100110000000100000001000000010111100000000001010001100000000100000001010001010000000100000001000000010000000100000001010100110000000100000001011111100011101101100101001001000010010001010101000111010010010101011101001011000001111001011010001010100010100001100011001100010010001001011010001010010010000101010111001010000010011101011010001011100010100101011011001100110010101101011101001101010010111001011101001101100010101001011100001101000010110001011110001101000010011001011011001100000010100001011101001100010010011101011100001100000010101001011101001100010010111001011111001100110010100101010111001011010010100001010110001011000010011001010111001010110010110101011110001100000010110001011011001011010010111001011101001011110011010001100010001101000011000101011111001100010010111101011010001011110010111001011001001011100011100101100001001110000011001101011011001100100011001101011011001100100011100101100001001110000011110001100001001110110011001001011001001100110010111001010101001011110011000001010111001100010011001101011011001100100010011101010001001010000010110101010111001011100011101101100101001111000011001001011100001100110011001001011101001100100011101001100100001110110010110101011000001011010011000001011010001100010011000001011011001100000010111101011010001011110010111101011010001011110010111101011010001011110011000001011011001100000011000101011100001100010010111101011010001011110010111101011100001100010010111101011100001100010011000001011011001100000011000001011011001100000011001001011010001100010011001001011010001100010011001101011010001101000011001101011010001101000011010001011001001100110011010001011001001100110011010001011001001100110011010001011001001100110011001001011010001100010011001001011010001100010011001001011010001100010011001001011010001100000011000001011011001100000011000001011011001011100011010001011010001100000011010001011010001100000011011001011001001100010011011001011001001100010011010001011010001100000011001001011010001100000010111101011010001011010010100101010111001010010010101101011011001010110010110001011100001011000011001101100000001101010010110101011010001011110011010101011110001110000010111001010100001100000010100101001100001010100011111001011110001111110010110101001011001011100101001101101110010101000000000100000001000000010000000100000001000000010000000100000001000000010000000100000001000000010000000100000001000000010000000100000001000000010000000100000001000000010000000100000001000000010000000100000001000000010000000100000001000000010000000100000001000000010000000100000001000000010000000100000001000000010000000100000001000000010000000100000001000000010000000100000001000000010000000100000001000000010000000100000001000000010000000100000001000000010000000100000001000000010000000100000001000000010000000100000001000000010000000100000001000000010000000100000001000000010000000100000001000000010100101001100001010010110011100001010000001110000011100101010111001110100011001101010100001100100011010101011001001101010010111101010011001011110011010101011001001101010011001101010111001100110011011001011010001101100010110101010010001011000011011101011100001101100011000101010110001011100011011101011100001101000011001001011010001100010011001001011010001100010010111101011010001011110010110001011001001011100010110101011011001100000010011101011000001010100011001101101010001110110001111101100001001011100110111100000001000000010111101100000001000000010111100000000001000000010111110000000001000000010111100000000001000000010000000100000001000000010000000100000001011110100110011000000001010001000000000100000001010111010000000100000001010110110000000100000001010111010000000100000001010000100000000100000001010011110000000100000001010000110000000100000001010010000111011000000001001110000000000100000001010101000000000100000001011100010000000100000001010100100000000100000001010111110000000100000001010111110000000100000001010100100000000100000001011101000000000100000001011110000000000100000001010111000000000100000001011100110000000100000001010010110000000100000001011010100111111100000001001111110000000100000001011010010000000100000001010110100000000100000001011100010000000100000001011100000000000100000001010101100000000100000001011011010000000100000001011101100000000100000001011101110000000100000001011010100000000100000001010111110000000100000001011010010000000100000001010111010000000100000001010100000111100100000001001110010000000100000001011111000111111000000001001111100000000100000001010011010000000100000001010100010000000100000001011010010000000100000001010110010000000100000001010111110000000100000001010001000111010100000001001101100000000100000001010101010111110000000001001111010000000100000001010010010000000100000001010101100000000100000001011000100000000100000001011010110000000100000001011100000111101100000001001111000000000100000001011010100000000100000001011010010000000100000001010110010000000100000001010100010000000100000001011111100111110000000001001111010000000100000001010011100000000100000001010011000000000100000001010100110000000100000001010101000000000100000001010111110000000100000001010001110000000100000001011000110000000100000001011110100000000100000001010101110000000100000001010101010000000100000001010111000000000100000001011000100000000100000001010101110111111000000001001111110000000100000001010011000000000100000001010101100000000100000001010011110000000100000001010010000000000100000001011011110000000100000001011111010000000100000001000000010000000100000001000000010000000100000001000000010000000100000001000000010000000100000001000000010000000100000001000000010000000100000001000000010000000100000001000000010000000100000001000000010000000100000001000000010000000100000001000000010000000100000001000000010000000100000001000000010000000100000001000000010111000000000001000000010101110000000001000000010101010000000001000000010101010000000001000000010111010000000001000000010110101000000001000000010110000000000001000000010111001100000001000000010000000100000001000000010000000100000001000000010000000100000001000000010000000100000001000000010000000100000001000000010000000100000001000000010000000100000001000000010000000100000001000000010000000100000001000000010000000100000001000000010000000100000001000000010000000100000001000000010000000100000001000000010000000100000001000000010000000100000001000000010000000000000001000000010000000100000001000000010000000100000001000000010000000100000001000000010000000100000001000000010000000100000001000000010000000100000001000000010000000100000001000000010000000100000001000000010000000100000001000000010000000100000001000000010000000100000001000000010000000100000001000000010000000100000001000000010000000100000001000000010000000101111110000000010000000100000001000000010000000100000001000000010000000101111111000000010000000101111001000000010000000101111000000000010000000100000001000000010000000100000001000000010000000100000001000000010000000101100110000000010000000101111111000000010000000100000001000000010000000100000001000000010000000100000001000000010000000100000001000000010000000100000001000000010000000100000001000000010000000100000001000000010000000100000001000000010000000100000001000000010101011000000001000000010100011100000001000000010100010100000001000000010101100000000001000000010111011100000001000000010000000100000001000000010000000100000001000000010100110100000001000000010101011000000001000000010000000100000001000000010000000101100011011101100010010101011110011100010010001001110111000000010011100101111000000000010011101000000001000000010000000100000001000000010111110100000001000000010000000100000001000000010000000101111111000000010100000101110011000000010011010100000001000000010100100000000001000000010000000100000001000000010100110100000001000000010111010100000001000000010101101000000001000000010101001000000001000000010000000100000001000000010000000101011100011100010010001000000001000000010000000100000001000000010101101000000001000000010100110100000001000000010110001100000001000000010110001100000001000000010000000100000001000000010110010000000001000000010101110001110000000000010101001100000001000000010000000100000001000000010000000100000001000000010000000100000001000000010000000100000001000000010000000100000001000000010000000100000001000000010000000100000001000000010000000100000001000000010000000100000001000000010000000100000001000000010000000100000001000000010000000100000001000000010000000100000001000000010000000100000001000000010000000100000001000000010000000100000001000000010000000100000001000000010000000100000001000000010000000101110101000000010000000100000001000000010000000100000001000000010000000101100000000000010000000101101111000000010000000101100110000000010000000101101100000000010000000101110101000000010000000101110000000000010000000101101100000000010000000101101110000000010000000101101100000000010000000101101100000000010000000101100001000000010000000101100111000000010000000101101001000000010000000101011111000000010000000101101101000000010000000101111001000000010000000101110110000000010000000100000001000000010000000101111100000000010000000101100100000000010000000101111011000000010000000100000001000000010000000101010111000000010100011100000001000000010000000101100101000000010011010000000001000000010101000000000001000000010100011000000001000000010000000100000001000000010110000001010010011111010011110001010010000000010100111100111110000000010100110100101010011100010011111100100000011010000011010000011101011000100010111100011101010111110010111000011100010111000010111000011100010110000010111100011101010110010011000000011110010110000010111100010111010100110010101000100011011000000011010000011001010110000010110000011011010110110010110100011111010111010010111100100101011000000011001100101010011000110011011000100110010111100011001100101011011000010011011000110001011001000011100000101011010111100011001000101011010111000011000000101000010110010010110100101001010101110010110000110000010111100011001100110010010111110011010000101110010110110011000000110000010110110011000000101111010110100010111100101000010100110010100000101000010100110010100000110010010110100011000100110000010110100011000100101111010110010011000000110010010111100011010100101010010101110010110000110001010111100011001100101001010101100010101100101100010110010010111000110011011000000011010100101100010110100010110000101010010101110010110000110000010111100011000000101011010110000010110100101011010110000010110100110100010111110011010000110000010110110011000000110001010110010010111100110110010111100011010000110001010110010011000000110010010111000011001100101110010110110011000000101110010111000011000100101111010110110011001000110001010110110011001000110001010110000011001000110001010110000011001000110100010110000011010000110101010110010011010100110011010101110011001100110011010101110011001100110100010110010011001100110100010110010011001100110011010110110011001000110010010110100011000100110000010110100011000100110000010110110011000000110000010110110011000000110000010110110010111000110100010110100011000000110100010110100011000000110110010110010011000100110110010110010011000100110100010110100011000000110010010110100011000000110011010111100011000100101110010111000010110100101101010111010010110100101111010111110010111100110100011000010011011000100110010100110010100000110010010110110011010100110110010111010011011100111111011001010100000100110010010101010011001100110001010100010011001000101101010010110010111001010001011010010101000100000001000000010000000100000001000000010000000100000001000000010000000100000001000000010000000100000001000000010000000100000001000000010000000100000001000000010000000100000001000000010000000100000001000000010000000100000001000000010000000100000001000000010000000100000001000000010000000100000001000000010000000100000001000000010000000100000001000000010000000100000001000000010000000100000001000000010000000100000001000000010000000100000001000000010000000100000001000000010000000100000001000000010000000100000001000000010000000100000001000000010000000100111111010100100100000101000101010111010100010100110011010011100011010000111100010111000011110100110101010110010011010100100111010011100010100000110110010111010011011100110101010111000011011000101001010011100010100000110011010110000011001000111101010111110011101000110111010110010011010000110000010101010010110100110100010110010011000100110000010110000010111100110010010110100011000100110000010110110011000000101100010110010010111000101111010111010011001000101011010111000010111000100111010110110010110000100000010111010010101101001011000000010101111101110001000000010000000101101100000000010000000101101000000000010000000101100011000000010111100001111010000000010111111100000001000000010000000101001111011101000010101001110001000000010011110101110100000000010011011000000001000000010100001100000001000000010000000100000001000000010000000101110000000000010011010101101010011111110011000001101110000000010011001001110111000000010011100100000001000000010000000100000001000000010111110100000001000000010100000100000001000000010100111001111010000000010011100100000001000000010101100100000001000000010111001000000001000000010111110101101101011111110010110001100110011101010010010000000001000000010100100000000001000000010101110100000001000000010111100100000001000000010111110101101110000000010010111100000001000000010100011101110011000000010011010000000001000000010100000100000001000000010111011000000001000000010111110101111001000000010011101001110101000000010011010101101100000000010010110001101100000000010010110000000001000000010000000100000001000000010000000101110000000000010011000000000001000000010100100100000001000000010101100100000001000000010101001000000001000000010000000100000001000000010111110101101101000000010010111001111111000000010100000000000001000000010100110001100101011110010010011000000001000000010000000100000001000000010111010101101001011111010010101000000001000000010101000000000001000000010100111000000001000000010100101000000001000000010000000100000001000000010111100000000001000000010101011101110011000000010011010001100101011110010010011000000001000000010100001000000001000000010000000100000001000000010000000101110011000000010011010001111101000000010011111001111100000000010011110100000001000000010100001000000001000000010111100000000001000000010111001000000001000000010101100100000001000000010101111000000001000000010100011001111111000000010100000000000001000000010111100000000001000000010111101001110001000000010011000100000001000000010101010001110100000000010011001001101001011110110010100000000001000000010111111100000001000000010000000101110001011111110011011101110000011111100011111000000001000000010101101100000001000000010000000100000001000000010000000100000001000000010000000100000001000000010000000100000001000000010000000100000001000000010000000100000001000000010000000100000001000000010000000100000001000000010000000100000001000000010000000100000001000000010000000100000001000000010000000101101111000000010000000101011100000000010000000101010010000000010000000101100000000000010000000101110101000000010000000101110001000000010000000101100000000000010000000101100110000000010000000100000001000000010000000100000001000000010000000100000001000000010000000101111110000000010000000100000001000000010000000100000001000000010000000100000001000000010000000100000001000000010000000100000001000000010000000100000001000000010000000100000001000000010000000100000001000000010000000100000001000000010000000100000001000000010000000100000001000000010000000100000000000000010000000100000001000000010000000100000001000000010000000100000001000000010000000100000001000000010000000100000001000000010000000100000001000000010000000100000001000000010000000100000001000000010000000100000001000000010000000100000001000000010000000100000001000000010000000100000001000000010000000100000001000000010000000100000001000000010000000100000001000000010000000100000001000000010000000100000001000000010000000100000001000000010000000100000001000000010000000100000001000000010000000100000001000000010000000100000001000000010000000100000001000000010000000100000001000000010000000100000001000000010000000100000001000000010000000100000001000000010000000100000001000000010000000100000001000000010000000100000001000000010000000100000001000000010000000100000001000000010000000101010011000000010000000101100000011111100000000101000101000000010000000101101011000000010000000101101010000000010000000101010011000000010000000101111011000000010000000101001001000000010000000101101110000000010000000101111101000000010000000101010001000000010000000101101101000000010000000101001101000000010000000101101100000000010000000101001000000000010000000101110010000000010000000101110010000000010000000101101110000000010000000101000010000000010000000101001110000000010000000101010001000000010000000101101001011111110000000101000011000000010000000101011100011101010000000100111001000000010000000101011000000000010000000101101000000000010000000101100011000000010000000101001001011111110000000101000100000000010000000101110000011111100000000101000100000000010000000101011010011111100000000101000101000000010000000101000110000000010000000101111101000000010000000101101111000000010000000101110011000000010000000101100101000000010000000101110000000000010000000100000001000000010000000100000001000000010000000100000001000000010000000100000001011111110000000100000001000000010000000100000001011111100000000100000001000000010000000100000001000000010000000100000001000000010000000100000001000000010000000100000001000000010000000100000001000000010000000100000001000000010000000100000001000000010000000100000001000000010000000100000001000000010000000100000001000000010000000100000001000000010000000100000001000000010000000100000001000000010000000100000001000000010000000100000001000000010000000100000001000000010000000100000001011100110000000100000001011011010000000100000001011110110000000100000001000000010000000100000001011111100000000100000001011111110000000100000001000000010000000100000001011101010000000100000001011100110000000100000001010101110000000100000001010110000000000100000001011000010000000100000001011100100000000100000001011001110000000100000001011000100000000100000001011011100000000100000001011011110000000100000001011100110000000100000001011111100000000100000001000000010000000100000001000000010000000100000001011100000000000101100001000000010000000101101010000000010000000101011111000000010000000101001010000000010000000101111111000000010000000101111111000000010000000101110010000000010000000100000001000000010000000100000001011101000000000100000001011011010000000100000001011001010000000100000001011001010000000100000001011000010000000101111111010110010000000101110101010100010000000101101101010011110000000101101001010010010000000101100011001111010000000101010111001100110111101101001101001001010110110100111110000111100110011000110111000110110110000100110010000110100101111000101111000110010101101000101100000101000101010100101000000111000101100100101101001001000101110100110000000110010101000000100011001010000101110100110001001011110110010000111000001001100101101100101111001010110101111000110010001010100101110100110001001000110101010000101000001001100101010000101010001101010110001100111001001100010101111100110101001001110101010100101011001011010101101100110001001100110110000100110111001011110101110000110101001010110101101100110001001010110101101100110001001010110101110000110000001011000101110100110001001011010101111000110010001001110101100000101100001010100101101100101111001100110110000100110110001001100101010000101001001010100101011100101100001100000101110100110010001101010101111100110110001100110101110100110100001100010101100100110000001011110101011100101110001011110101011100101110001011100101011000101101001010110101011100101110001011010101100100110000001011110101101100110010001100000101101000110001001011100101100000101111001011110101011000110000001100110101100000110010001101000101100100110011001100100101011100110001001100110101100000110010001101000101100100110011001101010101101000110010001101010101101000110010001100110101101100110010001100100101101000110001001100100101101000110001001100100101101000110000001100100101101100101110001101000101101000110000001101000101101000110000001101100101100100110001001101100101100100110001001101000101101000110000001101000101101000110000001010110101010000100111001101100110001000110011001010110101011000101001001011100101100100101100001010110101011000101011001101000101110000110010001101010101110100110100001011110101011000110000001011010101010000101110001100110101011100110011001110100101110100111011001110000101100000111001001011010100100000101110001110110101001100111011011100110000000101110011000000010000000100000001000000010000000100000001000000010000000100000001000000010000000100000001000000010000000100000001000000010000000100000001000000010000000100000001000000010000000100000001000000010000000100000001000000010000000100000001000000010000000100000001000000010000000100000001000000010000000100000001000000010000000100000001000000010000000100000001000000010000000100000001000000010000000100000001000000010000000100000001000000010000000100000001011010110111101101101010001111000101000000111101001110100101001000111010001011100100100100101111001110000101011100111000001100100101001100110000001011000101000100101011001101110101111100110110001100010101100100110000001100100101101000110001001101000101101100110101001011100101010100101111001101000101100100110011001100110101100000110010001100110101100000110000001101010101101000110010001100100101011100101111001101000101110000110011001100100101110000110011001011010101100100110000001100000101110000110011001011010101101100110001001011110101110100110010001001110101111000110001000111000110000100101111011100010000000100000001011100010000000100000001011011100000000100000001000000010000000100000001011111000000000101111100000000010000000100000001011110010000000101010011010111000111010000100110011010100111110100101100000000010000000101010000000000010000000101110011000000010000000100000001000000010000000101010101000000010000000101010011011011000000000100101101011100110000000100110110000000010000000101111100000000010000000100000001011100010000000100110011011110110000000100111101000000010000000101001110011000010111011000100001000000010000000100000001000000010000000101110010000000010000000101011100000000010000000101010011000000010000000101011011000000010000000101000110000000010000000101111111000000010000000101110100000000010000000101001010011011000000000100101110000000010000000101001010011011110000000100110000000000010000000101111100000000010000000101111110011010000111101000100111011001110111101000100101011010110111111000101001011111000000000100111010000000010000000101111001000000010000000101110110000000010000000101011111011001110111110000100111000000010000000101001100000000010000000101010110000000010000000101110111000000010000000101111000000000010000000101010101000000010000000101010010000000010000000101010010011100000000000100110001000000010000000101111011000000010000000100000001011110110000000100111100011011010000000100101110000000010000000101010011011001010111100100100110000000010000000101111110000000010000000101110111011100100000000100110011011001000111100000100101000000010000000101001110000000010000000101011000000000010000000101110010000000010000000100000001011100110000000100110100011100110000000100110100011010110111111100101100011100000000000100110001000000010000000100000001000000010000000100000001011000110111011100100100011110110000000100111100000000010000000101010001011011110000000100110000000000010000000101111011000000010000000100000001000000010000000101011100011010010111110000100111011011110000000100101110011111010000000100111100000000010000000101111110000000010000000100000001000000010000000101010011011100100000000100111110011110100000000101001111000000010000000100000001000000010000000100000001000000010000000100000001000000010000000100000001000000010000000100000001000000010000000100000001000000010000000100000001000000010000000100000001000000010000000100000001000000010000000100000001000000010000000100000001000000010000000100000001000000010000000100000001011010100000000100000001011001010000000100000001011110000000000100000001000000010000000100000001000000010000000100000001011100110000000100000001011110010000000100000001000000010000000100000001000000010000000100000001000000010000000100000001000000010000000100000001000000010000000100000001000000010000000100000001000000010000000100000001000000010000000100000001000000010000000100000001000000010000000100000001000000010000000100000001000000010000000100000001000000010000000100000001000000010000000100000001000000010000000100000001000000000000000100000001000000010000000100000001000000010000000100000001000000010000000100000001000000010000000100000001000000010000000100000001000000010000000100000001000000010000000100000001000000010000000100000001000000010000000100000001000000010000000100000001000000010000000100000001000000010000000100000001000000010000000100000001000000010000000100000001000000010000000100000001000000010000000100000001000000010000000100000001000000010000000100000001000000010000000100000001000000010000000100000001000000010000000100000001000000010000000100000001000000010000000100000001000000010000000100000001000000010000000100000001000000010000000100000001000000010000000100000001000000010000000100000001000000010000000100000001000000010000000100000001000000010000000100000001000000010000000100000001010110110000000100000001011000000000000100000001011010000000000100000001010101010000000100000001000000010000000100000001010111100000000100000001011000100000000100000001010100100000000100000001010010000000000100000001011100110000000100000001011010110000000100000001010010010000000100000001010001110000000100000001010110000000000100000001011011100000000100000001010101110000000100000001011111000000000100000001010110100000000100000001010110010000000100000001010101010000000100000001011011110000000100000001010010110000000100000001011101100111100100000001001111010000000100000001010011110000000100000001010100010000000100000001010110000111111100000001010001000000000100000001010111000000000100000001010100110000000100000001011111100000000100000001010100000000000100000001010110100000000100000001011011100000000100000001010111010000000100000001010100100000000100000001010111010111111100000001010000110000000100000001011101010000000100000001000000010000000100000001000000010000000100000001000000010000000100000001000000010111011100000001000000010111111000000001000000010111000100000001000000010110101100000001000000010111001100000001000000010000000100000001000000010000000100000001000000010000000100000001000000010000000100000001000000010000000100000001000000010000000100000001000000010000000100000001000000010000000100000001000000010000000100000001000000010000000100000001000000010000000100000001000000010000000100000001000000010000000100000001000000010000000100000001000000010000000100000001000000010000000100000001000000010111011100000001000000010110000000000001000000010000000100000001000000010000000100000001000000010000000100000001000000010111010100000001000000010110011100000001000000010111011000000001000000010111111100000001000000010101101000000001000000010110000000000001000000010110101100000001000000010111100100000001000000010111100000000001000000010110000000000001000000010111001000000001000000010101111100000001000000010110001100000001000000010110110100000001000000010110011100000001011111000000000100000001000000010000000100000001000000010111000100000001010100010110100100000001001111000000000100000001011110110000000100000001010110110000000100000001011100110000000100000001000000010000000100000001000000010000000100000001000000010110111000000001000000010101011000000001000000010101101000000001000000010110001000000001000000010111011100000001000000010000000100000001000000010000000100000001000000010000000100000001000000010000000100000001000000010000000100000001000000010111011100000001000000010111111100000001000000010111000100000001000000010110111100000001000000010111001100000001000000010110101100000001000000010110001000000001011101110101010100000001011010000101001000000001011001010011111100000001010100110010101101101010001111100011000001101111010000110001101101011010001011100001111101011100001100000001110101011000001011000010011101100010001101100010000101011001001100000001111101010111001011100010011001011011001100110010100001011101001101010010001001010110001011100010010001011000001100000010100101011100001101100010001101010110001100000010011001011011001101000010010101011010001100110010100101011110001101100010001101011000001100000010010101011001001100010010111001100010001110100011000001100010001110100010110001011011001101000010100101010110001011110011001001011110001101110010111001010111001100010010110101010110001100000010110101010100001011100011000001010101001011110011100101011110001110000011010101011010001101000011001001011011001101010011010001011110001101010010111001011000001011110010110001010110001011010011010001011110001101010011010101011111001101100011001001011010001100010011000101011001001100000011101101100000001110000011001101011000001100000011100001011101001101010011011101011100001101000010111001010011001010110011000101010110001011100011010101011010001101000011000101010110001011100011000001010110001011000011011001011100001100100011010101011011001100010011000001010110001011000011011001011010001100000011100001011100001100100011001101010111001011010011010001011000001011100011010001011000001011100011101001011110001100100011011101011011001100010011001101010111001011010011011101011011001100010011011101011001001100000011010101010111001011100011011101011001001100010010111101010100001011000011110001100001001110110011100001011101001101110011010001010101001100100011101101011100001110100011100101011000001110010011010001010000001100110011110001010100001111000111100100000001011110000000000100000001000000010000000100000001000000010000000100000001000000010000000100000001000000010000000100000001000000010000000100000001000000010000000100000001000000010000000100000001000000010000000100000001000000010000000100000001000000010000000100000001000000010000000100000001000000010000000100000001000000010000000100000001000000010000000100000001000000010111001100000001011011110100100001011100010001010011100001001110001101010011000001001100001011110011110001011011001111000011110101011110001111000011011001011010001101100011010001011001001100110011100001011011001100110011100001011110001101000011010101011101001100110010111101011010001011110010110001011000001011110010111001011100001100100010111101011011001100100010111101011001001100000011000101011001001100000011010001011001001100010011010001011001001100110011010001011001001100110011010001011001001100110011001001011001001100110010111001011001001101000010111001011001001101000011000101011010001101010010100001011001001100110001100101011001001011110110100000000001000000010000000100000001000000010000000100000001000000010000000100000001000000010110000000000001010110100000000100000001000000010110001100000001001111010000000100000001000000010111011100000001001111010000000100000001010110010101100001101111000110100000000100000001011010000000000100000001010010100000000100000001011100010111101100000001001110100111010100000001001101010000000100000001000000010111110000000001010000010000000100000001011110100000000100000001000000010111010000000001001110010111010100000001001110000000000100000001011110000101110001110001000111000000000100000001000000010000000100000001000000010000000100000001010010000000000100000001010110010000000100000001011010100000000100000001000000010111001000000001001110010000000100000001000000010000000100000001010111000111010100000001001100110000000100000001011010100111010000000001001100000000000100000001010110010000000100000001011000110000000100000001010000010000000100000001010001010000000100000001000000010000000100000001000000010000000100000001000000010000000100000001000000010000000100000001010110110000000100000001010100000000000100000001011100000000000100000001011001110000000100000001011110000101110101110001000111100111000000000001001100010000000100000001010001010000000100000001011100100000000100000001000000010000000100000001000000010000000100000001000000010000000100000001011010000110111100000001001100010000000100000001000000010110110000000001001011100101100101110000000110110000000100000001000000010111100000000001001110000000000100000001010010110000000100000001010011100000000100000001000000010000000100000001011110010000000100000001010010010110001001110111001000100000000100000001010100000000000100000001000000010000000100000001011100010000000100000001011010010000000100000001011011000000000100000001010100110000000100000001010010100111111000000001001111100000000100000001000000010000000100000001011101100000000100000001011110010000000100000001010001010000000100000001010000110000000100000001011110000000000100000001010100100000000100000001000000010000000100000001011100110110101101111000010000100000000100000001000000010000000100000001000000010000000100000001000000010000000100000001000000010000000100000001000000010000000100000001000000010000000100000001000000010000000100000001000000010000000100000001000000010000000100000001000000010000000100000001000000010000000100000001000000010000000100000001000000010000000100000001000000010000000100000001000000010000000100000001000000010000000100000001000000010000000100000001000000010000000100000001000000010000000100000001000000010000000100000001000000010000000100000001000000010000000100000001000000010000000100000001000000010000000100000001000000010000000100000001000000010000000100000001000000010000000100000001000000010000000100000001000000010000000100000001000000010000000100000001000000010000000100000001000000010000000100000001000000010000000100000001000000010000000100000001000000010000000000000001000000010000000100000001000000010000000100000001000000010000000100000001000000010000000100000001000000010000000100000001000000010000000100000001000000010000000100000001000000010000000100000001000000010000000100000001000000010000000100000001000000010000000100000001000000010000000100000001000000010000000100000001000000010000000100000001000000010000000100000001000000010000000100000001000000010000000100000001000000010000000100000001000000010000000100000001000000010000000100000001000000010000000100000001000000010000000100000001000000010000000100000001000000010000000100000001000000010000000100000001000000010000000100000001000000010000000100000001000000010000000100000001000000010000000100000001000000010000000100000001000000010000000100000001000000010000000100000001000000010000000101111011000000010100101001101100000000010011001101101100000000010010111001110011000000010010111000000001000000010111100000000001000000010000000100000001000000010101010000000001000000010101010000000001000000010101100101101100000000010010110000000001000000010111100100000001000000010111010000000001000000010101010001100111011111000010011100000001000000010100010000000001000000010100101000000001000000010111011000000001000000010000000100000001000000010100010100000001000000010100111100000001000000010100100000000001000000010100001100000001000000010111110100000001000000010111110101111000000000010011101001101011011111100010111100000001000000010100110001111010000000010011110000000001000000010110111100000001000000010111111001101000011110110010101001111101000000010011111100000001000000010101101101101110011111100011000100000001000000010000000100000001000000010000000100000001000000010101011101111101000000010101001100000001000000010000000100000001000000010000000100000001000000010000000100000001000000010000000100000001000000010000000100000001000000010000000101101001000000010000000101010100000000010000000101110100000000010000000100000001000000010000000100000001000000010000000100000001000000010000000100000001000000010000000100000001000000010000000100000001000000010000000100000001000000010000000100000001000000010000000100000001000000010000000100000001000000010000000100000001000000010000000100000001000000010000000100000001000000010000000100000001000000010000000101110100000000010000000101111001000000010000000101100111000000010000000101011111000000010000000101111001000000010000000100000001000000010000000100000001000000010000000101011100000000010000000101010011000000010000000101100010000000010000000101110011000000010000000101011000000000010000000101011010000000010000000101100101000000010000000101101011000000010000000101101001000000010000000101011100000000010000000101011110000000010000000101100000000000010000000101101111000000010000000101101110000000010000000101111110000000010000000101111111000000010111111101001110000000010011111001110110000000010101001101111011000000010100110001110010000000010011111100000001000000010000000100000001000000010111111001000000011111000010111001111001000000010000000100000001000000010000000101101110000000010000000101100110000000010000000101001111000000010000000101101011000000010000000101110010000000010000000101110110000000010000000101111001000000010000000101111001000000010000000101111010000000010000000101111110000000010000000100000001000000010000000100000001000000010000000100000001000000010000000101111100000000010000000101110110000000010000000101101000000000010000000101101000000000010000000101110001000000010000000101111110000000010000000100000001000000010000000100000001000000010000000100000001000000010000000101101111000000010000000101100001000000010111110001101111000000010000000101110100000000010000000101011000000000010111001001000001000000010101100100111111000000010101100000111001011110110101001000100110011001010011110100100011011000100011101000100101011000110011101100011011010110010011000100011100010110100011001000011101010110110011001100011101010110110011001100100001010111110011011100011111010110110011001100100011010111000011010100100100010110110011010000100001010101100010111100100011010101100011000000101011010111000011011000101110010111010011011100101111010111100011100000101111010110110011011000101101010110000011001100110010010110110011011000101101010110010011001000100110010100110010110000101101010110100011001100110000010111100011010000101110010111000011001000101100010110100010111100101010010110000010110100101100010110010010111000110001010111100011001100101010010101010010101000101010010101010010101000101011010101100010101100110100010111000011001000110100010111000011001100101110010101100010110100110100010110110011010100111001011000010011100000110000010110000010111000111000011000000011011000110011010110110011000100101110010101100010110000111001010111110011010100101101010100110010100100111010011000000011011000110000010101100010110000111011010111110011010100110011010101110010110100110010010101000010101100110110010110000010111100111010010111000011001100111011010111010011010000111010010110100011000100110100010101100010110100111001010111000011010000110011010110000011000000101101010100100010101000110001010101100011000000111100010111100011100100110110010101110011010000110000010011110010111000111000010101110011100000111001010101000011101000111001010100110011101101001011011001010100111001110110000000010111100100000001000000010000000100000001000000010000000100000001000000010000000100000001000000010000000100000001000000010000000100000001000000010000000100000001000000010000000100000001000000010000000100000001000000010000000100000001000000010111111101010001011001110100111100110011010010010011000000111011010101000011100000101110010010000010101001000101011000100100000100110000010100000010110100111110010111110011110000100110010010110010010100110000010101110011000100101100010101000010101100110101010110010010111100110101010110010010110100110001010110010010111100101110010110010010111000101100010110100010111100101110010111000011000100101101010110110011000100101100010110000010111100110010010110100011000100110100010110010011000100110110010110000011001100110101010101110011001000110011010101110011001100110010010110000011010000110001010110010011011000101111010110010011011000110100010110110011101100101000010101100011001000100101011001000011101000110100011111100100111001111110000000010000000100000001000000010000000100000001000000010000000100000001000000010000000100000001000000010111100001010011011111000010101100000001000000010000000101011110011111010010100001101011000000010011000000000001000000010000000100000001000000010000000101111000000000010011011000000001000000010111000001110101000000010011001001110111000000010011011000000001000000010000000100000001000000010000000100000001000000010000000100000001000000010000000101110000000000010011010101100100000000010010011100000001000000010000000100000001000000010000000100000001000000010000000100000001000000010000000100000001000000010100111001110001000000010011000000000001000000010000000100000001000000010100011000000001000000010000000100000001000000010100001100000001000000010100100000000001000000010101011100000001000000010011111000000001000000010011101000000001000000010111110100000001000000010000000101110011000000010010111100000001000000010011111100000001000000010000000100000001000000010000000100000001000000010110001100000001000000010000000100000001000000010100001001111010000000010011101100000001000000010000000100000001000000010000000100000001000000010111100001101101000000010010111000000001000000010110010101100111011110110010100001111100000000010011110100000001000000010110011100000001000000010000000100000001000000010000000101101001000000010010101101111000000000010011101000000001000000010000000100000001000000010100110100000001000000010111110000000001000000010110100100000001000000010101100101101101000000010010111000000001000000010000000101111011000000010011110000000001000000010111100101011001011011010001101000000001000000010101010001101111000000010011000001101001011111100010100100000001000000010000000100000001000000010000000101101011011111110010110000000001000000010100100100000001000000010100000100000001000000010000000101110111000000010011011100000001000000010101010100000001000000010000000100000001000000010110010000000001000000010100110000000001000000010000000101111111000000010100000000000001000000010100110000000001000000010000000101110000011111010100011100000001000000010000000100000001000000010000000100000001000000010000000100000001000000010000000100000001000000010000000100000001000000010000000100000001000000010000000100000001000000010000000100000001000000010000000100000001000000010000000100000001000000010000000100000001000000010000000100000001000000010000000101101110000000010000000101100111000000010000000101111101000000010000000100000001000000010000000100000001000000010000000101110011000000010000000101110101000000010000000100000001000000010000000100000001000000010000000100000001000000010000000100000001000000010000000100000001000000010000000100000001000000010000000100000001000000010000000100000001000000010000000100000001000000010000000100000001000000010000000100000001000000010000000100000001000000010000000100000001000000010000000100000001000000010000000100000001000000010000000100000000000000010000000100000001000000010000000100000001000000010000000100000001000000010000000100000001000000010000000100000001000000010000000100000001000000010000000100000001000000010000000100000001000000010000000100000001000000010000000100000001000000010000000100000001000000010000000100000001000000010000000100000001000000010000000100000001000000010000000100000001000000010000000100000001000000010000000100000001000000010000000100000001000000010000000100000001000000010000000100000001011111110000000100000001000000010000000100000001000000010000000100000001000000010000000100000001000000010000000100000001000000010000000100000001000000010000000100000001000000010000000100000001000000010000000100000001000000010000000100000001000000010000000100000001000000010000000100000001000000010000000100000001011110110000000101001001000000010000000101001001000000010000000101000100000000010000000101001111000000010000000101111011000000010000000101101101000000010000000101000001011111010000000100111011000000010000000101000110000000010000000101011100000000010000000101101000000000010000000101111111011101000000000100101111011110000000000100110101000000010000000101010000011101100000000100110000000000010000000101110011000000010000000101110111011100010000000100101100000000010000000101001110000000010000000101000010000000010000000101011001000000010000000101111110000000010000000101110110000000010000000101010010011100110000000100110011011100110000000100110001000000010000000101000010000000010000000100000001000000010000000101111010000000010000000101001100011011100000000100110001000000010000000101011110011100100000000100110101000000010000000100000001000000010000000101111010011111010000000101000100000000010000000100000001000000010000000100000001000000010000000100000001000000010000000100000001000000010000000100000001000000010000000100000001000000010000000100000001011100010000000100000001010110100000000100000001011010010000000100000001011110100000000100000001000000010000000100000001000000010000000100000001000000010000000100000001000000010000000100000001000000010000000100000001000000010000000100000001000000010000000100000001000000010000000100000001000000010000000100000001000000010000000100000001000000010000000100000001000000010000000100000001000000010000000100000001000000010000000100000001011111000000000100000001011011110000000100000001011110010000000100000001011100110000000100000001011101010000000100000001011011000000000100000001011000010000000100000001011011000000000100000001011001110000000100000001010110010000000100000001010010110000000100000001010011100000000100000001010111110000000100000001011010000000000100000001011010000000000100000001011001100000000100000001010111000000000100000001011001110000000100000001011000010000000100000001011011010000000100000001000000010000000100000001000000010000000100000001011100110000000101011101011000100000000100111011011011000000000100111001000000010000000101001011000000010000000101111001000000010000000100000001010001100000000100110110000000010000000100000001000000010000000100000001011001110000000100000001011010100000000100000001010011000000000100000001000000010000000100000001011001010000000100000001010111010000000100000001010110110000000100000001010111100000000100000001011101110000000100000001011101110000000100000001011101110000000100000001000000010000000100000001000000010000000100000001011101010000000100000001011101100000000100000001011011110000000100000001011011000000000100000001011100010000000100000001011010010000000100000001011011110000000100000001000000010000000100000001011100100000000100000001010111100000000100000001010110010000000101111111011011010000000100000001011011110000000100000001011000110000000100000001010100110000000101110111011011010000000100000001000000010000000100000001011111010000000100000001011111100000000100000001011110010000000100000001011011010000000100000001010111000000000101111011011000010000000101111110010010100000000101100111010001110000000101100100001101110111111001010011001010100111000101000110001001000110100100111110001001100110100000111110000110010101100100101111000110000101011100101101000111110101101100110010001000000101110000110011001000100101110000110011001000100101110000110011001000000101100000101111001000110101101100110010001010000101110100110101001001010101101100110000001001010101101100110000001001110101110100110010001001110101110000110000001001110101110000110000001010010101110100101110001001100101101000101011001011010101111000110000001101000110010100110111001010110101110000110000001011010101101100110000001100000101111000110100001010100101100000101110001010110101100100101111001010110101100100101111001001100101010000101001001010110101100100101110001011100101101100110000001011100101101100110000001100000101110100110010001011000101100100101110001101010110000000110101001011000101011100101100001100100101101000110000001011110101011100101101001101010101101100110001001101100101110000110010001101000101100000101110001101110101101100110001001110100101111000110100001101000101100000101110001100110101100100101111001110000110000000110110001110110110000100110111001101100101101100110011001100110101100000110000001100110101100000110010001101110101100000110101001110000101100100110111001101000101001100110100001101010101001100110110001101100101000100110111001110010101010000111010010000110101101101000011010001010101110101000101010000010101100001000010010000000101011101000001001111010101011101000000001100010100101100110100001101100101000000111001001111100101100001000001001011110100100100110001001100010100110000110010001110110101011100111010001111000101100000111010001101010101010000110101001111000101101100111010001101100101011100110100001111010110001000111100001001010100110000100110001110000110001000111001001100010101101100110010001111010110010100111011001101000101100000101110001100100101011000101100001100010101011100101101001011110101101000101111001011110101101100110010001011100101101000110001001011010101100100110000001011100101100000101111001101010101101000110100001101100101100000110011001101010101011000110011001101010101011000110011001100110101011100110011001100100101100000110100001100000101100100110100001011110101101000110101001011110101011100110100001010010101100000110010000110110101100000101100000100100101101100101001011010010000000101111110000000010000000100000001000000010000000100000001011010100000000101011000000000010000000101101010000000010000000101010111011110100000000101001000011110100000000101000100000000010000000101110101000000010000000101010101000000010000000101001101000000010000000101101010000000010000000101100110000000010000000101101111000000010000000100111111000000010000000101011111000000010000000101010101000000010000000101010010000000010000000101101010000000010000000101111111011110010000000100111100000000010000000101011011000000010000000101101001000000010000000101000111011010110000000100101110000000010000000100000001000000010000000101100100000000010000000101001010000000010000000101101110011111110000000100111111000000010000000101101000000000010000000101100001000000010000000101000110000000010000000101100101000000010000000101011110000000010000000101100111000000010000000101011011000000010000000101110100000000010000000101101100000000010000000101010000000000010000000101000010000000010000000101000000000000010000000101000101000000010000000101101111000000010000000101010011000000010000000101010101000000010000000101000101000000010000000101101010000000010000000101101010000000010000000101101100000000010000000101011000000000010000000101000001000000010000000101101010000000010000000101000111000000010000000101100011000000010000000101000101000000010000000101010000011111110000000101000001000000010000000101011111000000010000000101010111000000010000000101001000000000010000000101010100000000010000000101101101000000010000000101100100011111110000000101000001000000010000000101111010000000010000000101000011000000010000000101101011000000010000000101000010000000010000000101001000000000010000000101100011000000010000000101000100000000010000000101001100000000010000000101000101000000010000000101101011000000010000000101100011000000010000000100000001000000010000000101011111011111100000000101000000000000010000000101100011000000010000000101100111000000010000000101110011000000010000000101111010000000010000000101110101000000010000000101010010000000010000000101100011000000010000000100000001000000010000000100000001000000010000000100000001000000010000000100000001000000010000000100000001000000010000000100000001000000010000000100000001000000010000000100000001000000010000000100000001000000010000000100000001011111110000000100000001000000010000000100000001010111010000000100000001010100100000000100000001010011000000000100000001010100110000000100000001011100100000000100000001011001000000000100000001010100110000000100000001011000010000000100000001000000010000000100000001000000010000000100000001000000010000000100000001000000010000000100000001000000010000000100000001000000010000000100000001000000010000000100000001000000010000000100000001000000010000000100000001000000010000000100000001000000010000000100000001000000010000000100000001000000010000000100000001000000010000000100000001000000010000000100000001000000000000000100000001000000010000000100000001000000010000000100000001000000010000000100000001000000010000000100000001000000010000000100000001000000010000000100000001000000010000000100000001000000010000000100000001000000010000000100000001000000010000000100000001000000010000000100000001000000010000000100000001000000010000000100000001000000010000000100000001000000010000000100000001000000010000000100000001000000010000000100000001000000010000000100000001000000010000000100000001000000010000000100000001000000010000000100000001000000010000000100000001000000010000000100000001000000010000000100000001000000010000000100000001000000010000000100000001000000010000000100000001000000010000000100000001000000010000000100000001000000010000000100000001000000010000000100000001000000010000000100000001000000010000000100000001000000010000000100000001011100000000000100000001010001110000000100000001010001000000000100000001000000010000000100000001000000010000000100000001000000010110111000000001001011000000000100000001011000100110001001111000000111110000000100000001011111010000000100000001010111110000000100000001011010110000000100000001011000110111010000000001001100010110110100000001001001110000000100000001010001110000000100000001000000010000000100000001001111100000000100000001011111010000000100000001010000010000000100000001010000110000000100000001010001010000000100000001010111000000000100000001010101100000000100000001011110110110111000000001001011000000000100000001010011100000000100000001010111110000000100000001011110010000000100000001011100110000000100000001010111000000000100000001010111100000000100000001011000100000000100000001000000010000000100000001000000010000000100000001000000010000000100000001000000010000000100000001000000010000000100000001000000010000000100000001000000010000000100000001000000010000000100000001000000010000000100000001000000010000000100000001000000010000000100000001000000010111100100000001000000010000000100000001000000010111011000000001000000010000000100000001000000010000000100000001000000010000000100000001000000010000000100000001000000010000000100000001000000010000000100000001000000010000000100000001000000010000000100000001000000010000000100000001000000010000000100000001000000010000000100000001000000010000000100000001000000010000000100000001000000010000000100000001000000010000000100000001000000010000000100000001000000010000000100000001000000010110111100000001000000010111011000000001000000010111111000000001000000010111111000000001000000010110010100000001000000010101001000000001000000010100110000000001000000010101000000000001000000010110001000000001000000010111010000000001000000010111100000000001000000010111010000000001000000010111000100000001000000010111011000000001000000010100100100000001011110110110011100000001000000010000000100000001000000010000000100000001000000010000000100000001000000010000000100000001000000010000000100000001010100110111111100000001010000110000000100000001010011110110000000000001001111000111101100000001011011010111110100000001000000010111100000000001000000010101010100000001000000010110001000000001000000010110110100000001000000010100110000000001000000010101011000000001000000010110111100000001000000010111100000000001000000010000000100000001000000010111000100000001000000010111000000000001000000010110111100000001000000010000000100000001000000010000000100000001000000010000000100000001000000010000000100000001000000010111110100000001000000010111001100000001000000010110111100000001000000010110111100000001000000010110110000000001000000010110000000000001000000010110010000000001000000010101101000000001000000010110001100000001000000010110000000000001000000010110100000000001000000010110100000000001000000010101110000000001000000010110111100000001000000010111000100000001000000010110010000000001000000010110001100000001000000010110010000000001000000010110110100000001000000010110100100000001000000010000000100000001000000010111110000000001000000010110111100000001000000010111100000000001000000010000000100000001000000010000000100000001000000010111010000000001000000010110110000000001000000010101110000000001011111010101110000000001011110110101010100000001011101000101001000000001011011110100100000000001011001010011010101111100010100010011010101111010010011110010101001101101010000000001110001011101001100000001011001010111001010100001101101011100001011100001111101011111001100010010000101100001001100110010000101011111001011110001100101010111001001110001111101011011001010110010000001011100001011000001111101011000001010110001111101011000001010110010011001011110001100110010101001100000001101010010100001011110001100110010100001011110001100110010101001011111001100110010001001010111001010110010110001011111001100110010101101011110001100100001110101010000001001000011001101100110001110100010011001010111001010110010111101100000001101000010010101010011001010000010111101011101001100100011010001100001001101100010110101011010001011110010101101010110001010110011000101011100001100010011010001011111001101000011000001011011001100000010111001011001001011100010111101011010001011110011000101011001001011110010111001010110001011000011000101011001001100000011110001100100001110110011110001100001001110110010110001010000001011000011100001011001001101110011011101011000001101100011011101010110001101110011100101011000001110010011101001010110001110010011001001001110001100010011000101001101001100000011100001010101001110110011010101010100001110010011100001011001001111100011101001011001001111100011000101010000001100110011111001011101010000000011011001010110001101110011010101010110001101000011100001011001001101110011110001011101001110100011001101010100001100010011011001011011001101010010101101010000001010000011010101011101001101000011000101011011001100100011010001011111001101000010100101010001001001110011011101011011001100010011010101011001001011110011001101011001001011110011010001011100001100100011000101011011001100100010111001011000001011110010111101010111001011100011001001011010001100010011011101011001001101000011011001010111001100100011011001010110001100110011011001010111001101000011010001011000001101000011000101010111001100110011000001011001001101000011000101011010001101010011011001011011001110010011001001011101001110000010011101011101001100100010100101101011001110000011100001111110010000100000000100000001000000010000000100000001000000010110011000000001010010100000000100000001000000010000000100000001011101100000000100000001011000010000000100000001010101110000000100000001011101010000000100000001010100010000000100000001011101110000000100000001011101000000000100000001011000100000000100000001011010010000000100000001011101100000000100000001011000110000000100000001011110100000000100000001011111010000000100000001011101100000000100000001011101110000000100000001011011100000000100000001010111110000000100000001010101010000000100000001010011100000000100000001011100110000000100000001010101000000000100000001010101000000000100000001010111110000000100000001011000110000000100000001010100110111111100000001001110110000000100000001010100100000000100000001011000000000000100000001011110100000000100000001011100100000000100000001011011010000000100000001010101000111111100000001010000100000000100000001011101110111011000000001001110010000000100000001011010000000000100000001011000000000000100000001011010010000000100000001010110000000000100000001011011000111110100000001001111110000000100000001010101110111100100000001001110100000000100000001011010100000000100000001010001000000000100000001011000010000000100000001011000010000000100000001011100110000000100000001011100010000000100000001011010100000000100000001011010000000000100000001010111010000000100000001011000110110110100000001001011110111110000000001001111110000000100000001011110010000000100000001010101100000000100000001010011100000000100000001011110000000000100000001010000100000000100000001010011010000000100000001011000000111110000000001001111100000000100000001010110110000000100000001010101110000000100000001010001110000000100000001010011110000000100000001010110100000000100000001011010010000000100000001010100100000000100000001011001000000000100000001011011110000000100000001010000100000000100000001010011110000000100000001010100000000000100000001010010110000000100000001010001110000000100000001010010100000000100000001011001110111100100000001010001100000000100000001011111110000000100000001000000010000000100000001000000010000000100000001000000010000000100000001000000010000000100000001000000010000000100000001000000010000000100000001000000010000000100000001000000010000000100000001000000010111010100000001000000010000000100000001000000010000000100000001000000010110100100000001000000010100110100000001000000010100011000000001000000010101101100000001000000010110110100000001000000010110100000000001000000010101000100000001000000010101001000000001000000010000000100000001000000010000000100000001000000010000000100000001000000010111010000000001000000010000000100000001000000010000000100000001000000010000000100000001000000010000000100000001000000010000000100000001000000010000000100000001000000010000000100000001000000010000000100000001000000010000000100000001000000010000000100000001000000010000000100000001000000010000000000000001000000010000000100000001000000010000000100000001000000010000000100000001000000010000000100000001000000010000000100000001000000010000000100000001000000010000000100000001000000010000000100000001000000010000000100000001000000010000000100000001000000010000000100000001000000010000000100000001000000010000000100000001000000010000000100000001000000010000000100000001000000010000000100000001000000010000000100000001000000010000000100000001000000010000000100000001000000010000000100000001000000010000000100000001000000010000000100000001000000010000000100000001000000010000000100000001000000010000000100000001000000010000000100000001000000010000000100000001000000010000000100000001000000010000000100000001000000010000000100000001000000010000000100000001000000010000000100000001000000010000000100000001000000010000000100000001000000010000000100000001000000010100111101111010000000010011101000000001000000010000000100000001000000010000000100000001000000010000000100000001000000010000000100000001000000010100111000000001000000010101010100000001000000010111101000000001000000010101110101111100000000010011110000000001000000010000000100000001000000010101111000000001000000010100001100000001000000010111000100000001000000010000000100000001000000010100010000000001000000010000000101110010000000010011000001110001000000010011000100000001000000010000000101101101000000010010111000000001000000010000000100000001000000010111110001110100000000010011010101111011000000010011110000000001000000010110010001101100000000010010110000000001000000010000000101111101000000010100000001011001011011110001110101101010011111000010111100000001000000010101110100000001000000010000000100000001000000010110111100000001000000010000000100000001000000010000000100000001000000010000000100000001000000010000000100000001000000010000000100000001000000010000000100000001000000010000000100000001000000010000000100000001000000010000000101111000000000010000000101110110000000010000000100000001000000010000000101111011000000010000000101111100000000010000000100000001000000010000000100000001000000010000000100000001000000010000000100000001000000010000000100000001000000010000000100000001000000010000000100000001000000010000000100000001000000010000000100000001000000010000000100000001000000010000000100000001000000010000000100000001000000010000000100000001000000010000000100000001000000010000000100000001000000010000000100000001000000010000000100000001000000010000000100000001000000010000000101110001000000010000000101100100000000010000000101100010000000010000000101010111000000010000000101010111000000010000000101011110000000010000000101110100000000010000000101110100000000010000000101100110000000010000000101110001000000010000000101110100000000010000000101101111000000010000000101110111000000010000000101110111000000010000000101111000000000010111000001100010000000010100010000000001000000010000000101111111000000010100001000000001000000010100110100000001000000010000000101001011011101100010010100000001000000010000000100000001000000010000000101101111000000010000000101011011000000010000000101001111000000010000000101011000000000010000000101011011000000010000000101001011000000010000000101010100000000010000000101100000000000010000000101101000000000010000000101100011000000010000000101100011000000010000000101100111000000010000000101100001000000010000000101101101000000010000000101110011000000010000000101101111000000010000000101110000000000010000000101101110000000010000000101100110000000010000000101100010000000010000000101101101000000010000000101011100000000010000000101100110000000010000000101100101000000010000000101101011000000010000000101010110000000010000000101100000000000010000000101101101000000010000000101100100000000010000000101011011000000010000000101001100000000010000000101000110000000010111111001000000000000010111011100110111000000010110111101000010000000010111011101001010000000010111110100000001000000010000000100000001000000010000000101111010000000010000000101111100000000010000000101111110000000010000000101110000000000010000000101110101000000010000000101101111000000010000000101100100000000010000000101101101000000010000000101111010000000010000000100000001000000010000000100000001000000010000000100000001000000010000000100000001000000010000000100000001000000010000000101111011000000010000000101110001000000010000000101101000000000010000000101011000000000010111001001001000000000010110000000111111000000010101011000111000000000010100111100110000011101110100010100100011011010100011100000100011011010000011011000011011011000000010111000010101010110010010101000011001010110100010110000010110010101110010100100011101010111100011000000100001011000010011001100011010010110000010101000100011011000010011001100100100011000100011010000011000010100110010011000101110011010010011110000011110010101110010101000100110010111110011001000100100010110110010111000101010011000010011010000100111010111000011000000100100010101110010101100101001010111000011000000101010010111010011000100101000010110000010111000101001010110100010111000101100010110100010111100101010010110010010101100110010011000000011010100110011011000010011011000100111010101000010100100100011010011110010011000101101010101110010111000110001010110100011010000111010011000010011101100110101010111000011011000101111010100110010111100101110010100100010111000110101010101100011001100110111010110000011010100111001010110010011011000111100010111010011101100110011010101100011010000101010010011110010110100110001010101100011010000101110010101000011000000110000010101000011000000110100010110000011010000111011011000000011101000101110010100110010110100110100010110010011001100110110010110110011001100101110010100110010101100111011011000010011011100101100010101000010101000110101010111010011001100101100010101000010101000101011010100110010100100111000010110110011001100110111010110100011001000110101010110100011001000110110010110110011001100110010010110100011000100101110010101100010110100110010010101110011000100111000010110100011010100110111010110000011001100110110010101110011001000110110010101110011001000110111010110010011010000110101010110010011010100110001010101110011001100101111010110000011001100110010010110000011010000111010010101110011011000110011010100110011000000101111010110100010111100101000010110110010100100101111011001110010110000000001000000010111101100000001000000010111011000000001000000010110111100000001000000010000000101111010000000010100000101111101000000010100010001101010000000010011010100000001000000010101110100000001000000010111011100000001000000010000000101100101011111010011010100000001000000010100110001011111011100000010011000000001000000010110000000000001000000010000000100000001000000010111101101101010000000010011100001110101000000010100001100000001000000010101001001110110000000010100010100000001000000010111100000000001000000010111101001011100011110000010010100000001000000010110001101111001000000010100000001101100000000010011001100000001000000010000000100000001000000010111111001110101011111100010111000000001000000010011110001110101000000010011000000000001000000010100100100000001000000010111110000000001000000010111100001111011000000010011110100000001000000010101000100000001000000010101011001101110000000010011010000000001000000010111101100000001000000010111111001110100000000010011100001110101000000010011011101111000000000010011101000000001000000010100011100000001000000010111100000000001000000010111001000000001000000010100110001111101000000010011111000000001000000010100111000000001000000010101001000000001000000010111101100000001000000010111110001101001011111100010100101100100011110110010011001110100000000010011011001101010000000010010110000000001000000010111111000000001000000010000000101101111000000010011001001110110000000010011100000000001000000010101010001110000000000010011010000000001000000010111101000000001000000010111011100000001000000010100010100000001000000010100011000000001000000010101000000000001000000010101101100000001000000010111101100000001000000010000000100000001000000010101000000000001000000010100100000000001000000010101010100000001000000010101101000000001000000010000000100000001000000010111111001100101011110100010010100000001000000010100101001111101000000010011111101101010011111000010100100000001000000010111100000000001000000010111111101111011000000010011110101110101000000010100001000000001000000010110100000000001000000010000000100000001000000010000000100000001000000010000000100000001000000010000000100000001000000010000000100000001000000010000000100000001000000010000000100000001000000010000000100000001000000010000000100000001000000010000000100000001000000010000000100000001000000010000000100000001000000010000000101111010000000010000000101101110000000010000000101111000000000010000000101111101000000010000000100000001000000010000000101101110000000010000000101111001000000010000000100000001000000010000000100000001000000010000000100000001000000010000000100000001000000010000000100000001000000010000000100000001000000010000000100000001000000010000000100000001000000010000000100000001000000010000000100000001000000010000000100000001000000010000000100000001000000010000000100000001000000010000000100000001000000010000000100000001000000010000000100000000000000010000000100000001000000010000000100000001000000010000000100000001000000010000000100000001000000010000000100000001000000010000000100000001000000010000000100000001000000010000000100000001000000010000000100000001000000010000000100000001000000010000000100000001000000010000000100000001000000010000000100000001000000010000000100000001000000010000000100000001000000010000000100000001000000010000000100000001000000010000000100000001000000010000000100000001000000010000000100000001000000010000000100000001000000010000000100000001000000010000000100000001000000010000000100000001000000010000000100000001000000010000000100000001000000010000000100000001000000010000000100000001000000010000000100000001000000010000000100000001000000010000000100000001000000010000000100000001000000010000000100000001000000010000000101101101011111110000000101010000000000010000000101110111000000010000000101010011000000010000000101010110000000010000000101100011011111010000000101000010000000010000000101111011011110100000000100111101000000010000000101110111011101110000000100111001000000010000000101010110000000010000000101011000000000010000000101101001011111000000000101000000000000010000000101100100000000010000000101000100000000010000000101001001000000010000000101010111000000010000000101000101011110000000000100111001000000010000000101101011000000010000000101000011000000010000000101110010000000010000000101100001000000010000000101001010000000010000000101100001000000010000000101101011000000010000000101001100000000010000000101011010011110000000000100111011000000010000000101000100000000010000000101101001000000010000000101010010000000010000000101101111000000010000000101010100000000010000000100000001000000010000000100000001000000010000000100000001000000010000000100000001000000010000000100000001000000010000000100000001000000010000000100000001000000010000000100000001000000010000000100000001000000010000000100000001000000010000000100000001010111010000000100000001011101000000000100000001011101000000000100000001011110010000000100000001000000010000000100000001000000010000000100000001000000010000000100000001000000010000000100000001000000010000000100000001000000010000000100000001000000010000000100000001000000010000000100000001000000010000000100000001000000010000000100000001000000010000000100000001000000010000000100000001000000010000000100000001000000010000000100000001000000010000000100000001000000010000000100000001000000010000000100000001011111110000000100000001011000110000000100000001011001010000000100000001011100110000000100000001011001000000000100000001010111010000000100000001010111100000000100000001011011010000000100000001011011000000000100000001010111000000000100000001011100000000000100000001011110100000000100000001011110110000000100000001000000010000000100000001000000010000000100000001000000010000000100000001011000000000000100111101000000010000000101011101000000010000000101101000000000010000000101011010000000010000000101010110011011110000000101001001010110010000000101001010000000010000000100000001011101000000000100000001011000010000000100000001010110110000000100000001011001100000000100000001011010100000000100000001010101110000000100000001010101000000000100000001011000000000000100000001010110000000000100000001010011110000000100000001010100110000000100000001011100010000000100000001010010010000000100000001010011000000000100000001011000000000000100000001011000110000000100000001011001100000000100000001011001110000000100000001011000000000000100000001010100000000000100000001011000010000000100000001010111010000000100000001010110010000000100000001011010110000000100000001011011100000000100000001011001000000000100000001011001010000000100000001011010110000000100000001011101000000000100000001011010000000000100000001010110010000000100000001010101100000000100000001010010110000000100000001010010010000000100000001010110110000000100000001010100000000000100000001011100100000000100000001011011000000000100000001011101100000000100000001011101110000000100000001011001010000000100000001010100110000000100000001011000110000000100000001011100010000000100000001011001000000000100000001011001100000000100000001011011110000000100000001011110110000000100000001011111000000000100000001011101100000000100000001011101110000000100000001000000010000000100000001000000010000000100000001000000010000000100000001000000010000000100000001011111110000000100000001011101000000000100000001011100010000000100000001011100110000000100000001011110010000000100000001000000010000000100000001000000010000000100000001000000010000000100000001011100110000000100000001011010100000000100000001010101010000000101110001010001000000000101100000001111010000000101010110001100110111101101001100001001000110110000111101000110110110000100110010000110000101111000101111000101110101101100101100001000100110011000110111001000000110000100110011001000010110001000110100000111110101111100110001000111100101110000101110001000110101111000110001001001100110000100110100001000000101101100101110000111100101100100101101001010100110001000110111001100000110011100111010001001110101110000110000001001100101101100101111001010010101111000110010001010100101110100110001001011100110000100110101001100110110001100111001001011100101111000110100001001000101001000101000001100000101111000110100001101000110000000110111001011100101101000110001001011100101100000101111001011110101100100110000001011110101100100110000001011110101100100110000001011100101011100110001001110000110010000111101001011000101100000110001001100100101111000110101001101010101111000111000001101110101111100110110001010000101000000100111001101100101101100110011001101110101110000110100001101110101110000110100001100010101011100101101001110100110000000110110001011110101010100101011001100010101100100101111001110010101111100110101001111110110010100111011001101000101100100110001001101000101100100110001001101010101101000110010001101010101101000110010001100100101011100101111001100010101011000101110001101010101011100110010001110010101101100110110001110000101100100110100001101100101011100110010001101100101011100110010001101110101100100110100001100110101101000110100001011110101100000110010001011000101011100110010001100110101100100110101010001000101110100111011001101110100111100101100001110110101111000110010001110000110000100101110001011110101110100100010011001100000000101001111011101000000000101010001000000010000000100000001000000010000000101110011000000010000000101010000011111010000000101001001011001100000000100111000000000010000000101100010000000010000000100000001000000010000000100000001011101100000000101010111010111110000000100111101011110010000000101010101011001110000000101000011000000010000000100000001000000010000000100000001011110010000000101010101011010100000000101001000011110000000000101010101011110100000000101010111000000010000000100000001000000010000000100000001010110110000000100110000011010000000000100111010011101110000000101000111000000010000000101010001000000010000000100000001000000010000000101111110000000010000000101001010000000010000000101000000011001100111001100100011000000010000000101000101000000010000000101111011000000010000000101111101011110100000000100111101011000010111110000100110011111000000000101000011000000010000000101001111000000010000000101110111000000010000000100000001011111110000000101000011011011100111111000110000000000010000000101010101010111110111000100011110000000010000000101111101000000010000000100000001000000010000000101000011000000010000000101000111000000010000000101000100011111010000000100111110000000010000000101110010000000010000000100000001000000010000000101001000011111010000000100111111011111010000000100111111000000010000000101001100000000010000000101111011000000010000000101110000011101100000000100111001000000010000000101001011000000010000000101001110000000010000000101001101000000010000000101111110000000010000000100000001000000010000000101001101011011000111111100110000000000010000000101011001011010000111101100101100000000010000000101111111000000010000000101110010000000010000000101100000011110010000000100111101000000010000000101010100011011100000000100110010000000010000000101111000000000010000000101110111000000010000000101001100000000010000000101011101000000010000000101001110011001010111100000100011000000010000000101111001000000010000000101110111000000010000000101001110011111110000000101001010011001110111010000111100000000010000000100000001000000010000000100000001000000010000000100000001000000010000000100000001000000010000000100000001000000010000000100000001000000010000000100000001000000010000000100000001000000010000000100000001000000010000000100000001000000010000000100000001000000010000000100000001000000010000000100000001000000010000000100000001000000010000000100000001011110100000000100000001000000010000000100000001000000010000000100000001011110100000000100000001000000010000000100000001000000010000000100000001000000010000000100000001000000010000000100000001000000010000000100000001000000010000000100000001000000010000000100000001000000010000000100000001000000010000000100000001000000010000000100000001000000010000000100000001000000010000000100000001000000010000000100000001000000010000000100000001000000010000000100000001000000010000000100000001000000000000000100000001000000010000000100000001000000010000000100000001000000010000000100000001000000010000000100000001000000010000000100000001000000010000000100000001000000010000000100000001000000010000000100000001000000010000000100000001000000010000000100000001000000010000000100000001000000010000000100000001000000010000000100000001000000010000000100000001000000010000000100000001000000010000000100000001000000010000000100000001000000010000000100000001000000010000000100000001000000010000000100000001000000010000000100000001000000010000000100000001000000010000000100000001000000010000000100000001000000010000000100000001000000010000000100000001000000010000000100000001000000010000000100000001000000010000000100000001000000010000000100000001000000010000000100000001000000010000000100000001000000010111110100000001010111000000000100000001011100110000000100000001011100000000000100000001011010010000000100000001011111000000000100000001011110000000000100000001010110100000000100000001010010110000000100000001011010110000000100000001011000000110111100000001001100110000000100000001011100000000000100000001010100110000000100000001010110010000000100000001011111110000000100000001010101010000000100000001010010010000000100000001010011110000000100000001011011110000000100000001011010010000000100000001010111110000000100000001010101100000000100000001010111100000000100000001010010000000000100000001011110010000000100000001010111110000000100000001010100010111110000000001010000000000000100000001011100110000000100000001010110000000000100000001011111110000000100000001011100100000000100000001010100110000000100000001011101110000000100000001010011100000000100000001011001100000000100000001000000010000000100000001000000010000000100000001000000010000000100000001000000010000000100000001000000010000000100000001000000010000000100000001000000010000000100000001000000010000000100000001000000010000000100000001000000010000000100000001000000010110101100000001000000010110000000000001000000010101111000000001000000010110111100000001000000010000000100000001000000010000000100000001000000010000000100000001000000010000000100000001000000010000000100000001000000010000000100000001000000010000000100000001000000010000000100000001000000010000000100000001000000010000000100000001000000010000000100000001000000010000000100000001000000010000000100000001000000010000000100000001000000010000000100000001000000010000000100000001000000010000000100000001000000010000000100000001000000010000000100000001000000010111110100000001000000010111110000000001000000010111000000000001000000010110101000000001000000010110111100000001000000010111001000000001000000010110110000000001000000010110110000000001000000010111001100000001000000010000000100000001000000010101100100000001000000010110011100000001000000010000000100000001000000010000000100000001011101110111101100000001010101100111111100000001010010100000000100000001011010000000000100000001010000110000000100000001010110110111010100000001010100010000000100000001011110110000000100000001000000010000000100000001000000010110100000000001000000010101111000000001000000010110010100000001000000010111110000000001000000010111000100000001000000010111001000000001000000010110100100000001000000010110110000000001000000010000000100000001000000010101100100000001000000010110010100000001000000010101001000000001000000010110000000000001000000010110110000000001000000010110010000000001000000010110000000000001000000010110000100000001000000010110000000000001000000010101000000000001000000010101000000000001000000010101010100000001000000010100111100000001000000010110101000000001000000010110100100000001000000010110110000000001000000010110001000000001000000010110011000000001000000010110100100000001000000010101101100000001000000010110110000000001000000010000000100000001000000010111010100000001000000010110100100000001000000010110001000000001000000010110100000000001000000010110001100000001000000010101110000000001000000010110000000000001000000010110110100000001000000010111101000000001000000010111000000000001000000010110000100000001000000010110111100000001000000010110101100000001000000010110011100000001000000010110111000000001000000010111000100000001000000010110110100000001000000010111000000000001000000010111010100000001000000010111011000000001000000010110100000000001000000010110001000000001000000010111000100000001000000010000000100000001000000010000000100000001000000010000000100000001000000010000000100000001000000010111100100000001000000010000000100000001000000010000000100000001000000010111110000000001000000010000000100000001000000010000000100000001000000010000000100000001000000010111001000000001000000010111100000000001000000010111110100000001000000010111010100000001000000010111001100000001000000010111010000000001000000010101100100000001011101110101001100000001011100100100000000000001010111010100010100000001011000100011101000000001010101010011011101111111010100010011010001111001010011000010001101101000001110110001101001011111001100100001101001011111001100100001011001011001001011000001110001011101001100000001111001011101001100010010000001011111001100110001110001011011001011110001101001010111001010110001111001011011001011110010010001011111001100100010000101011100001011110010011001011111001100100010001101011100001011110010010101011100001011110010101101100010001101010010110001100001001101010010001101011000001011000010001001010111001010110011000001100011001101110010111101011111001101010011000001011110001101000010100001010110001011000011001101100001001101100010100101010101001011000011000001011101001100100011000001011011001100000011110101100101001110110010101101010011001010010010101101010011001010010010110101010011001010010011010001011010001100000011010001011001001100010010111101010100001011000011100001011011001100110011000101010110001011100011001001011010001100010011001001011010001100010011001001011001001100110011000101011000001100100011000101011000001100100011001101011010001101000011010101011010001101000011011001011000001100110011100101011011001101100011010101010111001100100011010001010110001100010011010001011001001100110011001001011001001100110010111001011000001011110010110101011001001100100011010001011011001101010011011101010000001011100100010001011010001101110011101001011000001011010011011001011011001010010011011001011110001001000011101001011111000111110000000100000001011000010000000100000001000000010000000100000001011111000000000100000001000000010000000100000001011111100110010100000001010001000110010100000001010011100100110001111011001111000000000100000001011110000101110100000001010101000000000100000001000000010110100100000001011001000101110100000001010110000111110100000001011101100000000100000001011101110000000100000001000000010111111100000001011101000111000100000001011001000110000100000001010100100100111000000001001111000000000100000001000000010110101000000001010011100000000100000001000000010000000100000001011000100100110001110100001001100101100001111010001011010101010001101110001000100111110100000001010001010000000100000001011000000000000100000001011001110111010100000001001110000110110000000001001011110000000100000001000000010000000100000001011001000000000100000001010001000111001100000001001101100000000100000001010010110000000100000001011011000000000100000001000000010000000100000001000000010000000100000001000000010111101000000001001110100000000100000001010000010000000100000001000000010000000100000001011011110000000100000001000000010000000100000001000000010110111100000001001011110110001101111000001000110000000100000001010011100110110100000001001011010111000100000001001100010101011001101011000101100000000100000001010111110000000100000001010110100000000100000001011100100000000100000001010100000000000100000001010101110000000100000001000000010000000100000001010010110111000000000001001100100000000100000001000000010000000100000001010001100000000100000001000000010000000100000001000000010000000100000001010110010000000100000001010110010000000100000001000000010000000100000001000000010000000100000001000000010000000100000001011111100111011100000001001110010111001100000001001101010111101000000001001110110000000100000001011110100000000100000001010000100101100101101101000110100000000100000001010010100111011100000001001101010000000100000001011101110000000100000001000000010000000100000001000000010000000100000001000000010110111001111011010000110000000100000001000000010000000100000001000000010000000100000001000000010000000100000001000000010000000100000001000000010000000100000001000000010000000100000001000000010000000100000001000000010000000100000001000000010000000100000001000000010000000100000001000000010000000100000001000000010000000100000001000000010110000000000001000000010101101100000001000000010111000100000001000000010111011100000001000000010111111100000001000000010110011100000001000000010110101100000001000000010000000100000001000000010000000100000001000000010000000100000001000000010000000100000001000000010000000100000001000000010000000100000001000000010000000100000001000000010000000100000001000000010000000100000001000000010000000100000001000000010000000100000001000000010000000100000001000000010000000100000001000000010000000100000001000000010000000100000001000000010000000000000001000000010000000100000001000000010000000100000001000000010000000100000001000000010000000100000001000000010000000100000001000000010000000100000001000000010000000100000001000000010000000100000001000000010000000100000001000000010000000100000001000000010000000100000001000000010000000100000001000000010000000100000001000000010000000100000001000000010000000100000001000000010000000100000001000000010000000100000001000000010000000100000001000000010000000100000001000000010000000100000001000000010000000100000001000000010000000100000001000000010000000100000001000000010000000100000001000000010000000100000001000000010000000100000001000000010000000100000001000000010000000100000001000000010000000100000001000000010000000100000001000000010000000100000001000000010000000100000001000000010000000100000001000000010111001100000001000000010110001000000001000000010110010101111111000000010100010000000001000000010111100100000001000000010000000100000001000000010101111001011110011011100010000100000001000000010100101000000001000000010101100000000001000000010000000100000001000000010111110000000001000000010101001100000001000000010101001101101101011111110011001001100001011101000010001100000001000000010111010100000001000000010000000101100110011110110010011000000001000000010100101000000001000000010100010001100001011101010010001000000001000000010111101000000001000000010000000101110000000000010011000101110110000000010011100000000001000000010101001100000001000000010101011000000001000000010111101100000001000000010111111101101011000000010010111000000001000000010100001101110001000000010011010000000001000000010100101100000001000000010111010100000001000000010000000100000001000000010000000100000001000000010000000100000001000000010000000100000001000000010000000100000001000000010000000100000001000000010000000100000001000000010000000100000001000000010000000100000001000000010000000100000001000000010000000100000001000000010000000101111111000000010000000101101000000000010000000101101001000000010000000101110101000000010000000100000001000000010000000100000001000000010000000101110101000000010000000100000001000000010000000100000001000000010000000100000001000000010000000100000001000000010000000100000001000000010000000100000001000000010000000100000001000000010000000100000001000000010000000100000001000000010000000100000001000000010000000100000001000000010000000100000001000000010000000100000001000000010000000100000001000000010000000100000001000000010000000100000001000000010000000100000001000000010000000100000001000000010000000101111000000000010000000101110110000000010000000100000001000000010000000101110100000000010000000101101001000000010000000101110110000000010000000101101010000000010000000100000001000000010000000100000001000000010000000101111101000000010000000100000001000000010000000100000001000000010000000101111111000000010101100000000001000000010101000001101011011111100010110100000001000000010100110000000001000000010111101000000001000000010000000101100010000000010101010000000001000000010000000100000001000000010000000101110100000000010000000101111111000000010000000101100101000000010000000100000001000000010000000101111110000000010000000100000001000000010000000100000001000000010000000100000001000000010000000100000001000000010000000101011101000000010000000101011001000000010000000101010001000000010000000101010101000000010000000101001101000000010000000101010010000000010000000101101001000000010000000101110110000000010000000101111100000000010000000101100111000000010000000101011010000000010000000101101000000000010000000101101111000000010000000101111001000000010000000101101011000000010000000101101001000000010000000101011000000000010000000101101100000000010000000101110011000000010000000101100111000000010000000101100111000000010000000101011001000000010000000101001011000000010000000101101110000000010000000100000001000000010000000101101111000000010000000101001111000000010000000101011010000000010000000101100111000000010000000101010100000000010000000101001001000000010000000101011010000000010000000101101001000000010000000101010101000000010000000101011111000000010000000101100011000000010000000101101111000000010000000101101110000000010000000101100011000000010000000101101001000000010000000101101011000000010000000100000001000000010000000101101110000000010000000101011100000000010000000101100110000000010000000101110110000000010000000101110101000000010000000101101100000000010000000101110010000000010000000101100100000000010000000100000001000000010000000101100000000000010000000101110010000000010000000100000001000000010000000101111010000000010000000101110001000000010000000101110001000000010000000101101101000000010000000101101100000000010000000101101000000000010000000101100111000000010000000101110000000000010000000101101101000000010000000101100101000000010000000101100011000000010000000101110001000000010000000101100001000000010000000101101001000000010000000101101110000000010000000101101000000000010000000100000001000000010000000100000001000000010000000101101110000000010000000101011111000000010111110001001110000000010110101101000100000000010110000101000011000000010101111000111011000000010101010100101001011100010100001100011101011000100011010100011000010111100010111100010110010110100010101100100010011001100011011100100011011001000011011000011001010110110010101000011010010110110010101000100000011000010011000000100000011000010011000000011110010111000010110000011111010110000010101100100111010111100011000100100010010110010010110000100000010101010010100100100111010111000011000000101001010111000011000000100111010110000010110000101110010111000011000100101111010111010011001000110010010111110011010000101101010110100010111100110101010111110011011000110000010110100011000100110010010110100011000100110110010111100011010100101101010101110010111000101111010110110011001000101111010111010011001100101101010110100011001100101101010110010011001000101111010110110011010000110101010111100011100000110010010110110011010100101110010101010010111100110111010111100011100000110010010110010011001100110000010101110011000100101111010110010011000000101101010110010011000000101011010101110010111000101100010110100011000000110100010111100011010100111010010101100011001001000101011000000011100100101111010100100010011000110101010110110010100100110111010111100010011001010110011111010011111101110011000000010101001000000001000000010000000100000001000000010110111101001100011100010010101100000001000000010000000101110100000000010110011101110110000000010111010100000001000000010000000100000001000000010000000100000001000000010000000100000001000000010000000101101100000000010000000100000001000000010000000100000001000000010000000100000001000000010000000100000001000000010000000101111011000000010000000100000001000000010000000100000001000000010000000100000001000000010000000100000001000000010000000101100110000000010101111000000001000000010000000101010000000000010100000001101100000000010101100101101111000000010101010000000001000000010110110000000001000000010111100001111111000000010101001001110010000000010100000101111000000000010100000100000001000000010000000100000001000000010101001100000001000000010000000100000001000000010111110100000001000000010100000001100111000000010010011100000001000000010111000101111101000000010011110100000001000000010000000101101100011111100010101100000001000000010101010000000001000000010100010100000001000000010111111100000001000000010111111000000001000000010000000100000001000000010100110001011011011100000001101100000001000000010110010000000001000000010000000100000001000000010000000100000001000000010110001100000001000000010000000101101111000000010010111101110111000000010011011100000001000000010111111000000001000000010000000100000001000000010100110100000001000000010000000101110110000000010011011101111001000000010011101100000001000000010111110000000001000000010000000100000001000000010000000100000001000000010100001001111100000000010011110100000001000000010101001000000001000000010000000100000001000000010110000100000001000000010111100000000001000000010101011101111101000000010011111000000001000000010100101100000001000000010000000100000001000000010000000100000001000000010000000100000001000000010100111000000001000000010100100001111101000000010011101100000001000000010000000100000001000000010000000101110010000000010011001100000001000000010000000100000001000000010110000100000001000000010111101000000001000000010000000100000001000000010000000100000001000000010000000100000001000000010000000100000001000000010000000100000001000000010000000100000001000000010000000100000001000000010000000101111110000000010000000100000001000000010000000100000001000000010000000101101000000000010000000101010011000000010000000101001011000000010000000101011000000000010000000101110000000000010000000101100110000000010000000101010100000000010000000101011101000000010000000100000001000000010000000100000001000000010000000101111101000000010000000101110101000000010000000100000001000000010000000100000001000000010000000100000001000000010000000100000001000000010000000100000001000000010000000100000001000000010000000100000001000000010000000100000001000000010000000100000001000000010000000100000001000000010000000100000001000000010000000100000000000000010000000100000001000000010000000100000001000000010000000100000001000000010000000100000001000000010000000100000001000000010000000100000001000000010000000100000001000000010000000100000001000000010000000100000001000000010000000100000001000000010000000100000001000000010000000100000001000000010000000100000001000000010000000100000001000000010000000100000001000000010000000100000001000000010000000100000001000000010000000100000001000000010000000100000001000000010000000100000001000000010000000100000001000000010000000100000001000000010000000100000001000000010000000100000001000000010000000100000001000000010000000100000001000000010000000100000001000000010000000100000001000000010000000100000001000000010000000100000001000000010000000100000001000000010000000100000001000000010000000100000001000000010000000100000001000000010000000101010101000000010000000101011101011011010000000100101111000000010000000101111011000000010000000101110011000000010000000101001000000000010000000101000011011101100000000100110010011100010000000100101110000000010000000101101110000000010000000101110010000000010000000101001001011101100000000100110110011110100000000100111010000000010000000101001011000000010000000101111000000000010000000101110111000000010000000100111011000000010000000101010000011001010111101100100010000000010000000101010001000000010000000101111010000000010000000101110011000000010000000101010001011110100000000100111000000000010000000101001001011100010000000100101111000000010000000101110010000000010000000101111000011111110000000100111111000000010000000101010011000000010000000101010111000000010000000101100001000000010000000100000001000000010000000101111110000000010000000100000001000000010000000100000001000000010000000100000001000000010000000100000001000000010000000100000001000000010000000100000001000000010000000100000001000000010000000100000001000000010000000100000001000000010000000100000001000000010000000100000001000000010000000100000001011000110000000100000001011001110000000100000001010110000000000100000001010111110000000100000001000000010000000100000001000000010000000100000001011111110000000100000001000000010000000100000001000000010000000100000001000000010000000100000001000000010000000100000001000000010000000100000001000000010000000100000001000000010000000100000001000000010000000100000001000000010000000100000001000000010000000100000001000000010000000100000001000000010000000100000001000000010000000100000001000000010000000100000001000000010000000100000001000000010000000100000001000000010000000100000001000000010000000100000001011111110000000100000001000000010000000100000001000000010000000100000001000000010000000100000001000000010000000100000001000000010000000100000001000000010000000100000001000000010000000100000001011111010000000100000001000000010000000101111111000000010000000100000001010110100111111000110001000000010000000101010111011011110000000100110110011111000000000101000100000000010000000100000001000000010000000100000001011111010000000101101111000000010000000100000001000000010000000100000001000000010000000100000001011111010000000100000001000000010000000100000001000000010000000100000001000000010000000100000001000000010000000100000001000000010000000100000001000000010000000100000001000000010000000100000001000000010000000100000001011101000000000100000001010110010000000100000001011001100000000100000001010101010000000100000001010110000000000100000001011010110000000100000001011100110000000100000001011110000000000100000001011001010000000100000001010110000000000100000001010100100000000100000001010110010000000100000001011000100000000100000001011110100000000100000001011100000000000100000001011011010000000100000001010110110000000100000001011001010000000100000001011010100000000100000001011100010000000100000001011010010000000100000001011001100000000100000001011110110000000100000001011100110000000100000001010110110000000100000001011000010000000100000001011100010000000100000001011010010000000100000001010101110000000100000001010010110000000100000001010010000000000100000001010101110000000100000001010110100000000100000001010011110000000100000001010110000000000100000001011000010000000100000001011100010000000100000001011001100000000100000001011100000000000100000001011001010000000100000001011111100000000100000001011011000000000100000001010111100000000100000001010101000000000100000001011001100000000100000001011100000000000100000001011101010000000100000001011110100000000100000001010111110000000100000001011100110000000100000001010000100000000101110101010101010000000100000001011100110000000100000001011001010000000100000001011010000000000100000001011110010000000100000001011000010000000100000001010101100000000100000001011011100000000100000001011000100000000100000001011000110000000100000001011011100000000100000001011101010000000100000001011111110000000100000001011110100000000100000001011011010000000100000001011001010000000100000001011000110000000100000001010110000000000100000001011011110000000100000001000000010000000100000001011101010000000100000001011101110000000100000001011010110000000100000001011010000000000100000001010111110000000100000001011111000000000100000001000000010000000100000001000000010000000100000001011111010000000100000001010111110000000100000001010111010000000101111101010100110000000101110001010101010000000101110011010010010000000101100101001100000111111101001100001011100111101101001000001000100110110100111010000110110101111100110000000110110101110000101110001000000110000100110011001000000110000000110010000111110101111100110001001000110110000100110011000111100101101100101111000111110101101000101110001001100101111000110011001000000101011000101011001000110101100100101110001001000101100000110000001001000101011000101110001010100101110000110100001011010101110000110101001001100101100000110000001000010101010100101101001011110110010000111100001001100101101000110010001010100101110000110100001010010101101100110011001010000101011100110000001001110101011000110000001011010101100100110100001011000101100100110010001011110101110000110101001100010101111100110101001011000101110000110010001011100101111000110100001011100101111100110011001010000101100100101101001010110101100100101110001100110101100000110000001101000101100100110001001101100110000100110100001101010110010000110011001001000101001100011011011111100000000101110001011111110000000101101011000000010000000100000001000000010000000101111010000000010000000100000001011101010000000101111010011100000000000100000001011100000000000100000001011100010000000100000001011110100000000100000001011101000000000100000001011010110000000100000001011000110000000100000001010100100000000101111110010111000000000100000001011100110000000100000001000000010000000100000001000000010000000100000001011100010000000100000001010111000000000101111100011110000000000100000001011111100000000100000001000000010000000100000001000000010000000100000001011111010000000100000001011010110000000101101101011110100000000101110110010111000000000101001101010101000000000100111011000000010000000100000001011011010000000101000111000000010000000101101001000000010000000101001100000000010000000101011100000000010000000101100000000000010000000101000011000000010000000101011100000000010000000101110100000000010000000101110110000000010000000101011110000000010000000101100110000000010000000101011000000000010000000101110111000000010000000101010011000000010000000101011011000000010000000101011111000000010000000101111001000000010000000101011100000000010000000101110000000000010000000101001001000000010000000101000110000000010000000101000101011011100000000100101110011111000000000100111100000000010000000101101110000000010000000101001101000000010000000101001010000000010000000101111001000000010000000101000010000000010000000101101100000000010000000101111001011111010000000100111110000000010000000101011110000000010000000101111110011101110000000100110111000000010000000101000101000000010000000101010011000000010000000100000001000000010000000101010111000000010000000101000010000000010000000101011011000000010000000101101011000000010000000101011101000000010000000101000100000000010000000101100010000000010000000101000010000000010000000101011000000000010000000101100001000000010000000101100100000000010000000101111000000000010000000101001010000000010000000101101110000000010000000101011010000000010000000101101001000000010000000101111011000000010000000100000001000000010000000100000001000000010000000100000001000000010000000100000001000000010000000100000001000000010000000100000001000000010000000100000001000000010000000100000001000000010000000100000001011111110000000100000001000000010000000100000001000000010000000100000001011001010000000100000001010100100000000100000001010011010000000100000001010101100000000100000001011011000000000100000001011001010000000100000001010101010000000100000001011000010000000100000001000000010000000100000001000000010000000100000001011110110000000100000001011101000000000100000001000000010000000100000001000000010000000100000001000000010000000100000001000000010000000100000001000000010000000100000001000000010000000100000001000000010000000100000001000000010000000100000001000000010000000100000001000000010000000100000001000000010000000100000001000000000000000100000001000000010000000100000001000000010000000100000001000000010000000100000001000000010000000100000001000000010000000100000001000000010000000100000001000000010000000100000001000000010000000100000001000000010000000100000001000000010000000100000001000000010000000100000001000000010000000100000001000000010000000100000001000000010000000100000001000000010000000100000001000000010000000100000001000000010000000100000001000000010000000100000001000000010000000100000001000000010000000100000001000000010000000100000001000000010000000100000001000000010000000100000001000000010000000100000001000000010000000100000001000000010000000100000001000000010000000100000001000000010000000100000001000000010000000100000001000000010000000100000001000000010000000100000001000000010000000100000001000000010000000100000001000000010000000100000001000000010111101100000001010001100000000100000001010000100000000100000001000000010000000100000001000000010000000100000001000000010000000100000001000000010000000100000001010001010111000100000001001010110000000100000001000000010000000100000001011110000000000100000001000000010000000100000001010101000000000100000001001111100000000100000001010001100101011001101101000100010000000100000001000000010000000100000001011010000000000100000001011001100111111100000001001110010110110000000001001001110000000100000001000000010000000100000001000000010000000100000001011101000000000100000001011110110111101000000001001101010110111000000001001010110000000100000001001111010000000100000001000000010110000101110111000111100000000100000001010111100000000100000001010101100110101100000001001100010000000100000001000000010000000100000001000000010000000100000001000000010000000100000001000000010000000100000001000000010000000100000001000000010000000100000001000000010000000100000001000000010000000100000001000000010000000100000001000000010000000100000001000000010000000100000001000000010000000100000001000000010000000100000001000000010000000100000001000000010111100000000001000000010111110000000001000000010111001000000001000000010111000100000001000000010110010100000001000000010110000100000001000000010100101000000001011101000110111000000001000000010000000100000001000000010000000100000001000000010000000100000001000000010000000100000001000000010000000100000001000000010000000100000001000000010000000100000001000000010000000100000001000000010000000100000001000000010000000100000001000000010000000100000001000000010000000100000001000000010000000100000001000000010000000100000001000000010000000100000001000000010000000100000001000000010000000100000001000000010000000100000001000000010000000100000001000000010000000100000001000000010000000100000001000000010000000100000001000000010000000100000001000000010111110000000001000000010000000100000001000000010000000100000001000000010000000100000001000000010111000100000001010001100000000100000001000000010000000100000001010011000110110000000001001110000101100101110101001100000101001101110011001110000000000100000001000000010000000100000001000000010000000100000001000000010000000100000001000000010000000100000001000000010000000100000001000000010000000100000001000000010000000100000001000000010000000100000001000000010000000100000001000000010000000100000001000000010000000100000001000000010000000100000001000000010111010000000001000000010111000100000001000000010110111100000001000000010110011100000001000000010110000100000001000000010110000000000001000000010101100000000001000000010101111000000001000000010101001100000001000000010101100100000001000000010101111100000001000000010110010000000001000000010110010100000001000000010110111100000001000000010110001000000001000000010101001100000001000000010011101000000001011100010011101100000001011101000101111100000001000000010111110000000001000000010110110000000001000000010101110100000001000000010101111100000001000000010110100000000001000000010111110000000001000000010000000100000001000000010110101000000001000000010101101000000001000000010101110000000001000000010100110100000001000000010011111100000001011110110100011100000001000000010110010000000001000000010101011000000001000000010101101100000001000000010101111100000001000000010110110100000001000000010110011100000001000000010110111000000001000000010110110000000001000000010110000100000001000000010101000100000001000000010101010100000001000000010100110100000001000000010101110000000001000000010111000100000001000000010110110100000001000000010110011000000001000000010111001000000001000000010111111000000001000000010110010100000001000000010101011100000001000000010101010000000001000000010101010100000001000000010111001100000001000000010111110100000001000000010101110000000001000000010110110100000001000000010111111000000001000000010111011000000001000000010110100100000001000000010110011000000001000000010000000100000001000000010000000100000001000000010111010100000001000000010110110100000001000000010110100100000001000000010110101100000001000000010110010100000001000000010110001000000001000000010110100100000001000000010110011100000001000000010101010000000001000000010101111100000001000000010110111100000001000000010110100000000001000000010110110100000001000000010110111100000001000000010110110000000001000000010110000100000001000000010101000000000001011111000101011000000001000000010111000000000001000000010000000100000001000000010111011100000001000000010111011000000001000000010111101100000001000000010000000100000001000000010000000100000001000000010000000100000001000000010111000000000001000000010101101000000001011110000101000100000001011011010011111100000001010111000011010001111101010011110010110001110101010001110010101101110000010000110001111001100011001101100001111001100000001101100001111101100001001101110001111001011101001100110001110101011100001100100010001001011110001101010010001101011111001101100001110001011011001100010010000001011111001101010001100101010101001011000010100001100010001110010010001101011101001101000010000101011001001100000010100101100000001110010010100001100000001101110010011001011011001100110010010001011010001011110010001101011001001011100001111101010110001010010010011001011011001011110010101101100001001100100010010001011010001010110011001101100100001101100010101101010110001010010011001101011100001011110010100101010111001010000010111101100000001011100011100001101010001101000100101001111011010000110100001101110011001110010000000100000001000000010000000100000001000000010000000100000001000000010000000100000001000000010111000100000001000000010110100000000001000000010110101100000001000000010110101100000001000000010101001100000001000000010101001100000001000000010101010000000001000000010101011100000001000000010110001100000001000000010110111100000001000000010110000100000001000000010110001100000001000000010100111000000001000000010100110100000001011111100011101100000001011010100110100100000001000000010111110100000001000000010111010000000001000000010111001100000001000000010000000100000001000000010000000100000001000000010000000100000001000000010111100000000001011100000111001000000001011000100000000100000001000000010000000100000001011000000000000100000001011011000000000100000001010101010000000100000001010100110000000100000001011011100000000100000001010111010000000100000001010011110000000100000001010110000000000100000001010110110111111000000001001110010000000100000001010101010000000100000001010111100000000100000001010011100000000100000001011100010111111100000001001111110000000100000001011101110111111100000001001111110000000100000001010111010000000100000001011110100000000100000001010100100000000100000001010100110000000100000001000000010000000100000001010110000000000100000001011000000000000100000001010111010110110100000001001011010000000100000001010010100000000100000001011100100000000100000001011001110111100000000001001110000000000100000001011111010000000100000001000000010000000100000001010000110000000100000001011001000000000100000001010010000000000100000001010101110111100100000001001110010000000100000001010010110000000100000001011001100000000100000001010110100000000100000001010101000000000100000001011110010000000100000001010001010000000100000001010110100000000100000001011011100000000100000001010011000000000100000001010111110000000100000001011011000000000100000001011000100000000100000001010100000000000100000001011000000000000100000001010100000000000100000001011101000000000100000001011111100000000100000001000000010000000100000001000000010000000100000001000000010000000100000001000000010000000100000001000000010000000100000001000000010000000100000001000000010000000100000001000000010000000100000001000000010000000100000001000000010000000100000001000000010000000100000001000000010000000100000001000000010101110100000001000000010101010100000001000000010110111000000001000000010111011100000001000000010111111100000001000000010110001100000001000000010110010100000001000000010000000100000001000000010000000100000001000000010000000100000001000000010000000100000001000000010000000100000001000000010000000100000001000000010000000100000001000000010000000100000001000000010000000100000001000000010000000100000001000000010000000100000001000000010000000100000001000000010000000100000001000000010000000100000001000000010000000100000001000000010000000000000001000000010000000100000001000000010000000100000001000000010000000100000001000000010000000100000001000000010000000100000001000000010000000100000001000000010000000100000001000000010000000100000001000000010000000100000001000000010000000100000001000000010000000100000001000000010000000100000001000000010000000100000001000000010000000100000001000000010000000100000001000000010000000100000001000000010000000100000001000000010000000100000001000000010000000100000001000000010000000100000001000000010000000100000001000000010000000100000001000000010000000100000001000000010000000100000001000000010000000100000001000000010000000100000001000000010000000100000001000000010000000100000001000000010000000100000001000000010000000100000001000000010000000100000001000000010000000100000001000000010000000100000001000000010000000101101101011110010100010100000001000000010110101100000001000000010101001000000001000000010110010001110011000000010011001100000001000000010000000100000001000000010110100000000001000000010100000101110110000000010011000000000001000000010100000100000001000000010000000100000001000000010111100000000001000000010000000100000001000000010101011000000001000000010100100000000001000000010101110100000001000000010000000100000001000000010000000100000001000000010000000101110100000000010010111101110001000000010010111000000001000000010111111000000001000000010110111000000001000000010000000100000001000000010111100101011101011100110001101000000001000000010100010000000001000000010101010000000001000000010111001100000001000000010000000100000001000000010000000101110001000000010011001101111010000000010011111000000001000000010000000100000001000000010110100001100000011011100011010000000001000000010000000100000001000000010000000100000001000000010000000100000001000000010000000100000001000000010000000100000001000000010000000100000001000000010000000100000001000000010000000100000001000000010000000100000001000000010000000100000001000000010000000100000001000000010000000100000001000000010000000100000001000000010000000100000001000000010000000101100011000000010000000101101001000000010000000101101010000000010000000101100110000000010000000101011111000000010000000100000001000000010000000100000001000000010000000100000001000000010000000100000001000000010000000100000001000000010000000100000001000000010000000100000001000000010000000100000001000000010000000100000001000000010000000100000001000000010000000100000001000000010000000100000001000000010000000100000001000000010000000100000001000000010000000100000001000000010000000100000001000000010000000100000001000000010000000100000001000000010000000100000001000000010000000100000001000000010000000100000001000000010000000100000001000000010000000100000001000000010000000100000001000000010000000100000001000000010000000101000010011010110010110100000001000000010000000101111011000000010100101100000001000000010110000001111111000000010100100001110000000000010100000101110111000000010101000101101011000000010101001000000001000000010000000100000001000000010000000100000001000000010000000100000001000000010000000100000001000000010000000100000001000000010000000100000001000000010000000100000001000000010000000100000001000000010000000100000001000000010000000100000001000000010000000100000001000000010000000101110010000000010000000101100010000000010000000101101010000000010000000101011111000000010000000101100111000000010000000101101000000000010000000101100000000000010000000101010000000000010000000101010011000000010000000101101001000000010000000101110110000000010000000100000001000000010000000100000001000000010000000101110011000000010000000101011011000000010000000101011100000000010000000101100110000000010000000101010011000000010000000101010010000000010000000101110000000000010000000101110001000000010000000101011001000000010000000101011111000000010000000101010100000000010000000101011101000000010000000100000001000000010000000101101100000000010000000101010000000000010000000101010100000000010000000101010010000000010000000101000001000000010111101101000110000000010000000101001100000000010000000101100101000000010000000101101100000000010000000101111000000000010000000101110101000000010000000101110100000000010000000101101101000000010000000101100011000000010000000101011111000000010000000101011010000000010000000101010111000000010000000101110110000000010000000101110010000000010000000101100111000000010000000101110000000000010000000101011101000000010000000101010101000000010000000100000001000000010000000101111011000000010000000100000001000000010000000101111010000000010000000101011110000000010000000101010101000000010000000101101010000000010000000101101010000000010000000101011010000000010000000101100100000000010000000101100001000000010000000101100010000000010000000101100001000000010000000101011010000000010000000101101011000000010000000101100001000000010000000101100111000000010000000101100100000000010000000101011111000000010000000101011111000000010000000101100111000000010000000101011011000000010000000101001100000000010000000101010111000000010000000101110100000000010000000101110010000000010000000101111110000000010000000100000001000000010000000101111011000000010000000101100000000000010000000101100100000000010000000101101001000000010000000101010101000000010000000101010111000000010000000101110111000000010000000101111000000000010000000101100001000000010000000101110001000000010000000101100110000000010000000101101000000000010000000100000001000000010000000100000001000000010000000101100011000000010000000101100011000000010000000101101000000000010000000101010001000000010111111001010110000000010000000101100010000000010000000101111101000000010000000101111110000000010000000100000001000000010000000101111011000000010000000101101000000000010000000101010100000000010111100001001001000000010110101100111111000000010110000000110100011111110101001100101110011101110100100100100101011011000100000100011001010111100011001100001101010100100010011100100011011001010011101100100000011000100011100000001111010100010010011100011011010110110011000100100010011000110011011000011111011000000011001100100100011001000011011000101000011001000011010000011100010101110010010100100000010110000010011100100110010110110010100100111000011000100011001000101011010101000010000100111010011001110011011001000010011100100011111001000100011101000100000000111100011010100011011000101101010110100010100101000000011100000100000000000001000000010000000100000001000000010000000101111101000000010000000101100110000000010000000101110000000000010000000101001110000000010000000101011000000000010000000101011110000000010000000101011100000000010000000101110000000000010000000100000001000000010000000101111100000000010000000101110001000000010000000101011011000000010000000101100100000000010000000101010111000000010000000101011110000000010000000101001001000000010000000101110000000000010000000101101110000000010000000101100011000000010000000101101010000000010000000101101100000000010000000101110011000000010000000100000001000000010000000100000001000000010000000101110110000000010111001001100000000000010101001101101011000000010101000000000001000000010000000100000001000000010000000100000001000000010101110001111001000000010011101000000001000000010100000100000001000000010101010100000001000000010111000000000001000000010000000100000001000000010101101001100011011110100001111000000001000000010011111001111100000000010011101000000001000000010110110100000001000000010000000100000001000000010100010101011100011100100001101000000001000000010101010101111111000000010011111100000001000000010111101100000001000000010111011000000001000000010101010001111010000000010011100001111110000000010011110000000001000000010100101100000001000000010111010000000001000000010000000100000001000000010100100001101101000000010010110100000001000000010100100101110010000000010011001000000001000000010111001000000001000000010000000100000001000000010101000000000001000000010100101001101111000000010010111101101111000000010010111100000001000000010111111000000001000000010111100000000001000000010101011100000001000000010100110000000001000000010100101000000001000000010100100000000001000000010111110100000001000000010111101001110100000000010011010101101111000000010011000101110000000000010011000100000001000000010100000100000001000000010111101100000001000000010111011100000001000000010100100101111100000000010100011000000001000000010110100000000001000000010000000100000001000000010000000100000001000000010000000100000001000000010000000100000001000000010000000100000001000000010000000100000001000000010000000100000001000000010000000100000001000000010000000100000001000000010000000100000001000000010000000100000001000000010000000100000001000000010000000100000001000000010000000101111101000000010000000101110011000000010000000101111110000000010000000100000001000000010000000101110111000000010000000100000001000000010000000100000001000000010000000100000001000000010000000100000001000000010000000100000001000000010000000100000001000000010000000100000001000000010000000100000001000000010000000100000001000000010000000100000001000000010000000100000001000000010000000100000001000000010000000100000001000000010000000100000001000000010000000100000001000000010000000100000001000000010000000100000000000000010000000100000001000000010000000100000001000000010000000100000001000000010000000100000001000000010000000100000001000000010000000100000001000000010000000100000001000000010000000100000001000000010000000100000001000000010000000100000001000000010000000100000001000000010000000100000001000000010000000100000001000000010000000100000001000000010000000100000001000000010000000100000001000000010000000100000001000000010000000100000001000000010000000100000001000000010000000100000001000000010000000100000001000000010000000100000001000000010000000100000001000000010000000100000001000000010000000100000001000000010000000100000001000000010000000100000001000000010000000100000001000000010000000100000001000000010000000100000001000000010000000100000001000000010000000100000001000000010000000100000001000000010000000100000001000000010000000100000001011110110000000101001111000000010000000101111111000000010000000100000001000000010000000101010110000000010000000101000100000000010000000101110110000000010000000101101010000000010000000101000110000000010000000101101001000000010000000101011101000000010000000101000011000000010000000101001101000000010000000101000111000000010000000101110100000000010000000101011001000000010000000101100011000000010000000101100101000000010000000101101011000000010000000101110001000000010000000101101000000000010000000101000111000000010000000101001000000000010000000101100111000000010000000101111101000000010000000101010000000000010000000101100100000000010000000101000101000000010000000101000011000000010000000101000110000000010000000101100010000000010000000101010011000000010000000101110110000000010000000101111010000000010000000101001101000000010000000100000001000000010000000100000001000000010000000100000001000000010000000100000001000000010000000100000001000000010000000100000001000000010000000100000001000000010000000100000001000000010000000100000001000000010000000100000001000000010000000100000001000000010000000100000001000000010000000100000001000000010000000100000001000000010000000100000001000000010000000100000001000000010000000100000001000000010000000100000001000000010000000100000001000000010000000100000001000000010000000100000001000000010000000100000001000000010000000100000001000000010000000100000001000000010000000100000001000000010000000100000001000000010000000100000001000000010000000100000001000000010000000100000001000000010000000100000001000000010000000100000001000000010000000100000001000000010000000100000001000000010000000100000001000000010000000100000001000000010000000100000001000000010000000100000001000000010000000100000001000000010000000100000001000000010000000100000001000000010000000100000001000000010000000100000001000000010000000100000001000000010000000100000001000000010000000100000001000000010000000100000001011111000000000101011110000000010000000101110000000000010000000101010010000000010000000101100110011011110000000100110110000000010000000101010110011100100000000101001111000000010000000101111011000000010000000100000001000000010000000100000001000000010000000100000001000000010000000100000001000000010000000100000001000000010000000100000001000000010000000100000001000000010000000100000001000000010000000100000001000000010000000100000001000000010000000100000001011111110000000100000001011010000000000100000001011001110000000100000001011000000000000100000001010100000000000100000001010111000000000100000001011010110000000100000001011011000000000100000001011000100000000100000001011000100000000100000001011001110000000100000001000000010000000100000001000000010000000100000001011110010000000100000001011001110000000100000001011001000000000100000001011110100000000100000001000000010000000100000001011111000000000100000001000000010000000100000001000000010000000100000001011100110000000100000001011001000000000100000001011101010000000100000001010011110000000100000001010000000000000101111110011101100000000100000001011001010000000100000001010110010000000100000001010110100000000100000001010101110000000100000001010110000000000100000001011000100000000100000001010110100000000100000001011011000000000100000001011111000000000100000001000000010000000100000001000000010000000100000001011100010000000100000001011001100000000100000001010110110000000100000001011001100000000100000001011010010000000100000001011110100000000100000001000000010000000100000001011101110000000100000001011000110000000100000001011100010000000100000001011001000000000100000001010111100000000100000001011111110000000100000001010100100000000100000001011101000000000100000001011111110000000100000001011001110000000100000001011001100000000100000001011010010000000100000001011001010000000100000001011001000000000100000001010110010000000100000001010001110000000100000001010011010000000100000001011100000000000100000001011101000000000100000001010111000000000100000001010011110000000100000001011001110000000100000001010111100000000100000001010101000000000100000001010101000000000100000001011011100000000100000001011101000000000100000001011001000000000100000001011010110000000100000001011100000000000100000001011111010000000100000001000000010000000100000001011101110000000100000001011010010000000100000001011001000000000100000001000000010000000100000001000000010000000100000001011111100000000100000001000000010000000100000001000000010000000100000001000000010000000100000001011010010000000100000001011110110000000100000001010111000000000100000001010011110000000100000001011100110000000100000001011100100000000100000001010111000000000100000001010111000000000100000001011001000000000100000001010111100000000100000001011000100000000100000001011000000000000100000001011110000000000100000001000000010000000100000001000000010000000100000001000000010000000100000001000000010000000100000001011101000000000100000001011100110000000100000001011101010000000100000001000000010000000100000001000000010000000100000001000000010000000100000001000000010000000100000001011101010000000100000001011110010000000100000001010110000000000101111001010100110000000101110100010100010000000101110000001101110000000101010101001100110111111101001111001000110110110000111010001000110110011000110011000111000101110000101000001010000110001100110000001100000110011100110000001100010101101100100100001110000101110000100110011110010000000101101100010001000110110100111010010010110111000101000001001101100101110100101111001100100101100000101110001110000110000100111011000000010000000100000001000000010000000100000001011101100000000100000001011011000000000100000001011111000000000100000001000000010000000100000001011011010000000100000001011101110000000100000001011110000000000100000001000000010000000100000001000000010000000100000001000000010000000100000001011110010000000100000001011110000000000100000001000000010000000100000001000000010000000100000001011110000000000100000001000000010000000100000001000000010000000100000001011111100000000100000001011110110000000100000001000000010000000100000001011000100000000100000001011100010000000100000001000000010000000100000001000000010000000100000001000000010000000100000001000000010000000100000001000000010000000100000001000000010000000100000001000000010000000100000001011101100000000101000101011001010111000100101111000000010000000101001011011101000000000100110101000000010000000101110000000000010000000101111101000000010000000100111101000000010000000101000111000000010000000101001110000000010000000101000111000000010000000101111010000000010000000101110110011010110000000100101001000000010000000101000001000000010000000101000001011101100000000100110110000000010000000101111111000000010000000101111100000000010000000101011001000000010000000101001101000000010000000101000100000000010000000101011111000000010000000100000001000000010000000101111101000000010000000101001011011001100111101100100110011110100000000100111010000000010000000101001110000000010000000101101110000000010000000100000001011110000000000100111000011001110111110000100111000000010000000101000011000000010000000101010100000000010000000101110100000000010000000101111111011011000000000100101100011100010000000100110001011100000000000100110000011110010000000100111001000000010000000100000001000000010000000101101011000000010000000101100001000000010000000101011011000000010000000101010110000000010000000101010010000000010000000101111000000000010000000101111100011011000000000100101101000000010000000101100111011111110000000101010011000000010000000100000001000000010000000100000001000000010000000100000001000000010000000100000001000000010000000100000001000000010000000100000001000000010000000100000001000000010000000100000001000000010000000100000001000000010000000100000001000000010000000100000001000000010000000100000001000000010000000100000001011100010000000100000001011000010000000100000001011100010000000100000001011111000000000100000001011111100000000100000001011001000000000100000001011011100000000100000001000000010000000100000001000000010000000100000001000000010000000100000001000000010000000100000001000000010000000100000001000000010000000100000001000000010000000100000001000000010000000100000001000000010000000100000001000000010000000100000001000000010000000100000001000000010000000100000001000000010000000100000001000000010000000100000001000000010000000100000001000000000000000100000001000000010000000100000001000000010000000100000001000000010000000100000001000000010000000100000001000000010000000100000001000000010000000100000001000000010000000100000001000000010000000100000001000000010000000100000001000000010000000100000001000000010000000100000001000000010000000100000001000000010000000100000001000000010000000100000001000000010000000100000001000000010000000100000001000000010000000100000001000000010000000100000001000000010000000100000001011111000000000100000001000000010000000100000001000000010000000100000001000000010000000100000001000000010000000100000001000000010000000100000001000000010000000100000001000000010000000100000001000000010000000100000001000000010000000100000001000000010000000100000001000000010000000100000001000000010000000100000001000000010000000100000001000000010000000100000001000000010000000100000001011100000111001001111111010000010000000100000001011110010000000100000001010111110000000100000001010010000000000100000001011101000111100000000001001110000000000100000001011011010000000100000001011101100000000100000001011010110111010000000001001101000000000100000001010110110000000100000001010011000000000100000001000000010000000100000001011111100000000100000001010111010000000100000001011000110000000100000001011111110000000100000001010001010000000100000001010111100000000100000001011010110000000100000001011011110000000100000001011101110000000100000001010101000000000100000001010001010000000100000001010010100000000100000001010101110000000100000001011100110000000100000001010111010000000100000001010110100000000100000001000000010000000100000001011000000000000100000001010100000000000100000001011110000000000100000001011000000000000100000001011000100000000100000001000000010000000100000001000000010000000100000001000000010000000100000001000000010000000100000001000000010000000100000001000000010000000100000001000000010000000100000001000000010000000100000001000000010000000100000001000000010000000100000001000000010000000100000001000000010000000100000001000000010000000100000001000000010000000100000001000000010000000100000001000000010000000100000001000000010000000100000001000000010000000100000001000000010000000100000001000000010110111100000001000000010110110000000001000000010000000100000001000000010000000100000001000000010000000100000001000000010000000100000001000000010000000100000001000000010000000100000001000000010000000100000001000000010000000100000001000000010000000100000001000000010000000100000001000000010000000100000001000000010000000100000001000000010000000100000001000000010000000100000001000000010000000100000001000000010000000100000001000000010000000100000001000000010000000100000001000000010000000100000001000000010000000100000001000000010000000100000001000000010000000100000001011110000000000100000001010111010000000100000001010011000000000100000001010010100000000100000001011010010000000100000001010101000110101000000001001110110000000100000001000000010000000100000001011100100000000100000001000000010000000100000001000000010000000100000001000000010000000100000001000000010000000100000001000000010000000100000001000000010000000100000001000000010000000100000001000000010000000100000001000000010000000100000001000000010000000100000001000000010111001100000001000000010110001100000001000000010110001100000001000000010101000100000001000000010101110000000001000000010110101100000001000000010000000100000001000000010000000100000001000000010111001000000001000000010110001000000001000000010101110100000001000000010111001100000001000000010111100000000001000000010111100100000001000000010111011000000001000000010110100100000001000000010110101100000001000000010110100100000001000000010111011100000001000000010000000100000001000000010000000100000001000000010110111100000001000000010110010000000001000000010110011000000001000000010101000000000001000000010101110100000001000000010000000100000001000000010111100000000001000000010110111100000001000000010110111100000001000000010111110000000001000000010111100000000001000000010110100000000001000000010110111000000001000000010111001000000001000000010111101100000001000000010000000100000001000000010000000100000001000000010111100100000001000000010110110100000001000000010110011100000001000000010111110100000001000000010111010100000001000000010000000100000001000000010111011100000001000000010101101000000001000000010101100100000001000000010111000000000001000000010110100000000001000000010101100000000001000000010101011100000001000000010100010100000001011111110110110100000001000000010111011100000001000000010110100000000001000000010000000100000001000000010111000100000001000000010110000100000001000000010110110000000001000000010111010100000001000000010101101100000001000000010101100100000001000000010000000100000001000000010000000100000001000000010101110100000001000000010101001100000001000000010110001100000001000000010101011100000001000000010101101100000001000000010110011100000001000000010111101000000001000000010111111000000001000000010110100100000001000000010110001000000001000000010101111000000001000000010110111100000001000000010111101000000001000000010111100100000001000000010111000100000001000000010110001100000001000000010110111100000001000000010110110000000001000000010111010100000001000000010000000100000001000000010000000100000001000000010110110100000001000000010110000000000001000000010111000000000001000000010101111000000001000000010110001000000001000000010000000100000001000000010111000100000001000000010110111000000001000000010111011100000001000000010111101000000001000000010111100100000001000000010111010000000001000000010110101100000001000000010111000100000001000000010111111000000001000000010000000100000001000000010000000100000001000000010000000100000001000000010110111000000001000000010111010100000001000000010000000100000001000000010000000100000001000000010000000100000001000000010000000100000001000000010110001100000001000000010110001100000001000000010000000100000001000000010111010100000001000000010110110100000001000000010111011000000001000000010100110000000001011100110111111100000001000000010000000100000001000000010000000100000001000000010000000100000001000000010111011100000001000000010111101000000001011101010000000100000001011100110000000100000001000000010101101101111011010000100101110101111101010001110111011100000001011001010101000001101011010000110011100101010010001100000011101101010111001110010110101000000001011101000000000100000001000000010000000100000001000000010000000100000001000000010000000100000001000000010000000100000001000000010000000100000001000000010111100100000001000000010111101000000001000000010000000100000001000000010000000100000001000000010000000100000001000000010000000100000001000000010110111000000001000000010111011000000001000000010000000100000001000000010000000100000001000000010000000100000001000000010000000100000001000000010111101000000001000000010111001100000001000000010000000100000001000000010111101100000001000000010000000100000001000000010000000100000001000000010000000100000001000000010000000100000001000000010000000100000001000000010000000100000001000000010000000100000001000000010000000100000001000000010000000100000001000000010000000100000001000000010000000100000001010110000000000100000001010101010000000100000001000000010000000100000001010001110000000100000001010100110000000100000001011110010110101100000001001010110000000100000001010001100000000100000001000000010101110001110010000110100000000100000001000000010000000100000001000000010000000100000001010101100000000100000001010100000000000100000001000000010000000100000001011010110000000100000001010100110000000100000001000000010000000100000001010100100101111101110010000111010000000100000001000000010000000100000001000000010000000100000001000000010101100001101100000110010101101101101111000111000000000100000001010101010000000100000001000000010000000100000001000000010000000100000001000000010000000100000001011100010000000100000001010010010000000100000001010011000000000100000001000000010000000100000001011101110000000100000001011110000000000100000001000000010000000100000001010000010000000100000001011001000111010100000001001101100000000100000001010101000101101001101101000111000111111000000001010000100000000100000001010101000000000100000001010011010000000100000001011110110000000100000001011101110000000100000001011111110111111100000001010010010111011100000001010010110000000100000001000000010000000100000001000000010000000100000001000000010000000100000001000000010000000100000001000000010000000100000001000000010000000100000001000000010000000100000001000000010000000100000001000000010111000000000001000000010111110100000001000000010000000100000001000000010110000100000001000000010100000000000001000000010100001000000001000000010101000000000001000000010101111000000001000000010101111000000001000000010100110100000001000000010101001100000001000000010000000100000001000000010000000100000001000000010111111000000001000000010111010000000001000000010000000100000001000000010000000100000001000000010000000100000001000000010000000100000001000000010000000100000001000000010000000100000001000000010000000100000001000000010000000100000001000000010000000100000001000000010000000100000001000000010000000100000001000000010000000000000001000000010000000100000001000000010000000100000001000000010000000100000001000000010000000100000001000000010000000100000001000000010000000100000001000000010000000100000001000000010000000100000001000000010000000100000001000000010000000100000001000000010000000100000001000000010000000100000001000000010000000100000001000000010000000100000001000000010000000100000001000000010000000100000001000000010000000100000001000000010000000100000001000000010111110100000001000000010111100100000001000000010000000100000001000000010000000100000001000000010000000100000001000000010000000100000001000000010000000100000001000000010000000100000001000000010000000100000001000000010000000100000001000000010000000100000001000000010000000100000001000000010000000100000001000000010000000100000001000000010000000100000001000000010000000100000001000000010000000100000001000000010111101101101110011110100100000000000001000000010111101100000001000000010000000100000001000000010110010001111011000000010011110101101110011111110010111000000001000000010100010000000001000000010110100000000001000000010111110101110001000000010011000101101100011111110011000001101110000000010011001001111101000000010100000100000001000000010000000100000001000000010111110100000001000000010101100001100111011110110010100000000001000000010100011000000001000000010101000000000001000000010111100000000001000000010000000101110011000000010011010001110111000000010011100000000001000000010101111101101100000000010010110100000001000000010111101100000001000000010000000100000001000000010101101100000001000000010011111101100100011101110010001001111101000000010011110000000001000000010000000100000001000000010110100000000001000000010110100100000001000000010110001000000001000000010000000100000001000000010000000100000001000000010000000100000001000000010000000100000001000000010000000100000001000000010000000100000001000000010000000100000001000000010000000100000001000000010000000100000001000000010000000100000001000000010000000100000001000000010000000100000001000000010000000100000001000000010000000100000001000000010000000101111000000000010000000101110001000000010000000101110111000000010000000100000001000000010000000101011110000000010000000101110000000000010000000101111001000000010000000101101001000000010000000101110101000000010000000100000001000000010000000100000001000000010000000100000001000000010000000100000001000000010000000100000001000000010000000100000001000000010000000100000001000000010000000100000001000000010000000100000001000000010000000100000001000000010000000100000001000000010000000100000001000000010000000100000001000000010000000100000001000000010000000100000001000000010000000100000001000000010000000100000001000000010000000100000001000000010000000100000001000000010111011001101001011111110100010100000001000000010000000100000001000000010111110100000001000000010101000001100000011100110001110001111111000000010100001001111100000000010100101000000001000000010000000100000001000000010000000100000001000000010000000100000001000000010000000100000001000000010000000100000001000000010000000100000001000000010000000100000001000000010000000100000001000000010000000100000001000000010000000100000001000000010000000100000001000000010000000100000001000000010000000100000001000000010000000101100100000000010000000101101100000000010000000101010111000000010000000101101110000000010000000101110111000000010000000101111011000000010000000101110101000000010000000101101001000000010000000101010010000000010000000101001011000000010000000101011010000000010000000101110000000000010000000100000001000000010000000101111001000000010000000101001101000000010000000101000110000000010000000101011000000000010000000101011101000000010000000101110010000000010000000101100101000000010000000101100001000000010000000101100011000000010000000101011101000000010000000101011010000000010000000101111001000000010000000101110101000000010000000101101010000000010000000101110101000000010000000101111010000000010000000101111101000000010000000101111110000000010000000101110110000000010000000101111010000000010000000101100110000000010000000101110101000000010000000101110011000000010000000101111000000000010000000101110011000000010000000101110111000000010000000101111001000000010000000101111011000000010000000101111001000000010000000101111110000000010000000101011101000000010000000101011001000000010000000101100111000000010000000101100110000000010000000101100011000000010000000101100110000000010000000101011011000000010000000101010111000000010000000101101011000000010000000101100101000000010000000101100100000000010000000101111111000000010000000101100101000000010000000101001110000000010000000101101011000000010000000100000001000000010000000101110110000000010000000101101000000000010000000100000001000000010000000101111110000000010000000101101000000000010000000101011011000000010000000101101000000000010000000101011100000000010000000101101001000000010000000101111011000000010000000101111101000000010000000101110111000000010000000101101011000000010000000101100011000000010000000101001011000000010000000101010111000000010000000101101110000000010000000101111101000000010000000101111000000000010000000101010001000000010000000101001000000000010000000101001111000000010000000101100011000000010000000101110010000000010000000101100010000000010000000101100101000000010000000101101100000000010000000101101001000000010000000101011101000000010000000101110011000000010000000101111010000000010000000101101001000000010000000101110101000000010000000101111011000000010000000101110111000000010000000101111010000000010000000101111011000000010000000101110111000000010000000101100110000000010000000101111010000000010000000101110111000000010000000101110101000000010000000101110111000000010000000101111000000000010000000100000001000000010000000101111101000000010000000101110111000000010000000100000001000000010000000101100111000000010000000101100111000000010000000101101011000000010000000101101010000000010000000101101100000000010000000101100100000000010000000101011000000000010000000101100010000000010000000101111111000000010000000101110001000000010000000101111110000000010000000100000001000000010000000100000001000000010000000101110101000000010110111101110110000000010101100000000001000000010111010100000001000000010111110000000001000000010000000100000001000000010111110100000001000000010000000100000001000000010000000100000001000000010000000100000001000000010000000100000001000000010000000100000001000000010000000100000001000000010000000100000001000000010000000100000001000000010000000100000001000000010000000100000001000000010000000100000001000000010000000101111101000000010000000100000001000000010000000100000001000000010000000100000001000000010000000100000001000000010000000101110011000000010000000101101000000000010000000100000001000000010000000100000001000000010000000100000001000000010000000100000001000000010000000100000001000000010000000100000001000000010000000100000001000000010000000100000001000000010000000100000001000000010000000100000001000000010000000100000001000000010000000100000001000000010000000100000001000000010000000100000001000000010000000100000001000000010000000100000001000000010000000100000001000000010000000101111010000000010101001101101101011111010100000000000001000000010110101100000001000000010111001100000001000000010000000100000001000000010000000101111111000000010100000000000001000000010100101100000001000000010111101100000001000000010000000100000001000000010000000100000001000000010100110101110010000000010011000000000001000000010100000100000001000000010000000100000001000000010101101100000001000000010000000100000001000000010000000100000001000000010011111001111100000000010011101000000001000000010111101100000001000000010110100001110000000000010010111000000001000000010000000100000001000000010101000000000001000000010101100100000001000000010000000100000001000000010110011001101100000000010010110100000001000000010000000100000001000000010101011100000001000000010100111001100101011110010010011001110010000000010011010000000001000000010110110000000001000000010000000101110010000000010011001101110010000000010011010000000001000000010111110100000001000000010111011100000001000000010000000100000001000000010000000101100010011101010010010000000001000000010100000000000001000000010101000100000001000000010000000100000001000000010000000100000001000000010000000100000001000000010101100000000001000000010000000100000001000000010000000100000001000000010000000100000001000000010000000100000001000000010000000100000001000000010000000100000001000000010000000100000001000000010000000100000001000000010000000101111111000000010000000101110111000000010000000100000001000000010000000101010100000000010000000101001101000000010000000101000000000000010000000101001010000000010000000101101011000000010000000101011110000000010000000101001011000000010000000101011001000000010000000101111110000000010000000100000001000000010000000101111110000000010000000101111011000000010000000100000001000000010000000100000001000000010000000100000001000000010000000100000001000000010000000100000001000000010000000100000001000000010000000100000001000000010000000100000001000000010000000100000001000000010000000100000001000000010000000100000001000000010000000100000000000000010000000100000001000000010000000100000001000000010000000100000001000000010000000100000001000000010000000100000001000000010000000100000001000000010000000100000001000000010000000100000001000000010000000100000001000000010000000100000001000000010000000100000001000000010000000100000001000000010000000100000001000000010000000100000001000000010000000100000001000000010000000100000001000000010000000100000001000000010000000100000001000000010000000100000001000000010000000100000001000000010000000100000001000000010000000100000001000000010000000100000001000000010000000100000001000000010000000100000001000000010000000100000001000000010000000100000001000000010000000100000001000000010000000100000001000000010000000100000001000000010000000100000001000000010000000100000001000000010000000100000001000000010000000100000001000000010000000100000001000000010000000100000001000000010000000101001111000000010000000100000001000000010000000101110101000000010000000101001010011101110000000100110110000000010000000101001100000000010000000101000100000000010000000101101010000000010000000101111100000000010000000101000010000000010000000101011010011010100111111000101011011110010000000100111010000000010000000101111000000000010000000101110101011000100111100000100000000000010000000101000100000000010000000101011001011111100000000100111011000000010000000101110111000000010000000101111000000000010000000101001110000000010000000101000101011000010111011100011110011011110000000100101100000000010000000101110010000000010000000101110000000000010000000101001101000000010000000101010111011011000111111000101011000000010000000101011010000000010000000100000001000000010000000100000001011001000111100100101010011010100111101000111101011101010000000101010110000000010000000100000001000000010000000100000001000000010000000100000001000000010000000100000001000000010000000100000001000000010000000100000001000000010000000100000001000000010000000100000001000000010000000100000001000000010000000100000001000000010000000100000001000000010000000100000001000000010000000100000001000000010000000100000001000000010000000100000001000000010000000100000001011011110000000100000001011101110000000100000001011011000000000100000001011100100000000100000001011111000000000100000001011101000000000100000001011011100000000100000001011111010000000100000001011110000000000100000001011001000000000100000001011100100000000100000001011101000000000100000001011101010000000100000001000000010000000100000001000000010000000100000001000000010000000100000001000000010000000100000001000000010000000100000001000000010000000100000001000000010000000100000001000000010000000100000001000000010000000100000001000000010000000100000001000000010000000100000001000000010000000100000001011110010000000101011110010110010110101100110000000000010000000100000001000000010000000100000001000000010000000100111010000000010000000101001001011011110000000100101101011110100000000101000110000000010000000100000001000000010000000100000001000000010000000100000001011111000000000100000001000000010000000100000001000000010000000100000001000000010000000100000001000000010000000100000001000000010000000100000001000000010000000100000001000000010000000100000001000000010000000100000001000000010000000100000001000000010000000100000001011010110000000100000001011010010000000100000001010111100000000100000001011000110000000100000001011010000000000100000001011001110000000100000001011011100000000100000001011111010000000100000001011101110000000100000001011010000000000100000001010111110000000100000001010110000000000100000001010110010000000100000001011110100000000100000001000000010000000100000001011101010000000100000001011010010000000100000001011001100000000100000001011010010000000100000001011000110000000100000001011011110000000100000001011110110000000100000001011011100000000100000001010111110000000100000001011010010000000100000001010011110000000100000001010011000000000100000001010110100000000100000001010110100000000100000001010100010000000100000001011000010000000100000001011011100000000100000001010111100000000100000001010111110000000100000001011011010000000100000001011000000000000100000001010111000000000100000001010110010000000100000001011001000000000100000001011101000000000100000001011010010000000100000001010110010000000100000001010110010000000100000001011001100000000100000001000000010000000100000001000000010000000100000001011011100000000100000001010111000000000100000001011011100000000100000001011101000000000100000001011001000000000100000001010111000000000100000001010100010000000100000001011000000000000100000001011100110000000100000001011001100000000100000001010101100000000100000001011001000000000100000001011111100000000100000001011010110000000100000001010111000000000100000001011010000000000100000001011100000000000100000001011001100000000100000001010111110000000100000001011011100000000100000001011001010000000100000001011001010000000100000001011010010000000100000001011000100000000100000001011001110000000100000001011110100000000100000001011110100000000100000001011000010000000100000001010111110000000100000001010110000000000100000001010101110000000100000001011110010000000100000001000000010000000100000001011100110000000100000001011001110000000100000001011001010000000100000001011010000000000100000001011001010000000100000001011101010000000100000001011110100000000100000001011000110000000100000001010110000000000100000001011101000000000100000001010100100000000100000001010101110000000100000001010110110000000100000001010110000000000100000001010101110000000100000001011000100000000100000001011011010000000100000001011001000000000100000001010111100000000100000001011100010000000100000001011000110000000100000001010110010000000100000001011000010000000100000001011011010000000100000001011111100000000100000001011101010000000100000001011000010000000100000001010100010000000100000001010100100000000100000001000000010000000100000001000000010000000100000001011010110000000100000001010111110000000100000001011011100000000100000001011011010000000100000001011011100000000100000001010101110000000100000001011000100000000100000001011011010000000100000001000000010000000100000001000000010000000100000001000000010000000100000001011100110000000101010010011010100000000101000000011111100000000101011001000000010000000100000001000000010000000100000001000000010000000100000001000000010000000100000001000000010000000100000001000000010000000100000001000000010000000100000001000000010000000100000001000000010000000100000001000000010000000100000001000000010000000100000001000000010000000100000001000000010000000100000001000000010000000100000001000000010000000100000001000000010000000100000001000000010000000100000001000000010000000100000001000000010000000100000001000000010000000100000001000000010000000100000001000000010000000100000001000000010000000100000001000000010000000100000001000000010000000100000001000000010000000100000001000000010000000100000001000000010000000100000001000000010000000100000001000000010000000100000001000000010000000100000001000000010000000100000001000000010000000100000001000000010000000100000001000000010000000100000001000000010000000100000001000000010000000100000001000000010000000100000001000000010000000100000001000000010000000100000001000000010000000101011100000000010000000101110001000000010000000101110110000000010000000101100110000000010000000101100111000000010000000101001001000000010000000101100111000000010000000101101010011110110000000100111001011111100000000100111100000000010000000101011011000000010000000101010100000000010000000101000011000000010000000101100110000000010000000101001100000000010000000101110011000000010000000101101100000000010000000101111100000000010000000101100001000000010000000101000001000000010000000100000001011111110000000100111111000000010000000101100111000000010000000101011011000000010000000101100110000000010000000101111101000000010000000101001011000000010000000101011011000000010000000101011001000000010000000101000100011111100000000101000000000000010000000101111111000000010000000101011000011111010000000101000001000000010000000101011110000000010000000101010011011111100000000101000000000000010000000101000100000000010000000101000101011100110000000100110111000000010000000101011000000000010000000101011011000000010000000101110000000000010000000101001111000000010000000101011101000000010000000101011001000000010000000100000001000000010000000100000001000000010000000100000001000000010000000100000001000000010000000100000001000000010000000100000001000000010000000100000001000000010000000100000001000000010000000100000001000000010000000100000001000000010000000100000001000000010000000100000001000000010000000100000001000000010000000100000001011010100000000100000001011000100000000100000001011101000000000100000001011101110000000100000001011111110000000100000001011011100000000100000001011100110000000100000001000000010000000100000001000000010000000100000001000000010000000100000001000000010000000100000001000000010000000100000001000000010000000100000001000000010000000100000001000000010000000100000001000000010000000100000001000000010000000100000001000000010000000100000001000000010000000100000001000000010000000100000001000000010000000100000001000000010000000100000001000000000000000100000001000000010000000100000001000000010000000100000001000000010000000100000001000000010000000100000001000000010000000100000001000000010000000100000001000000010000000100000001000000010000000100000001000000010000000100000001000000010000000100000001000000010000000100000001000000010000000100000001000000010000000100000001000000010000000100000001000000010000000100000001000000010000000100000001000000010000000100000001000000010000000100000001000000010000000100000001000000010000000100000001000000010000000100000001000000010000000100000001000000010000000100000001000000010000000100000001000000010000000100000001000000010000000100000001000000010000000100000001000000010000000100000001000000010000000100000001000000010000000100000001000000010000000100000001000000010000000100000001000000010000000100000001000000010000000100000001000000010000000100000001000000010110101001111000001111100000000100000001000000010000000100000001000000010000000100000001011010000000000100000001000000010110010001111000000111110110001101111000000111000000000100000001000000010101011001101100000100110111000100000001001011110000000100000001000000010000000100000001010010010111010100000001001101010000000100000001000000010000000100000001011101100000000100000001000000010000000100000001011010010110101000000001001001110000000100000001010101010000000100000001000000010111100000000001001101010000000100000001000000010000000100000001000000010000000100000001010010110111011000000001001101000000000100000001000000010000000100000001010111100000000100000001011101110000000100000001011011110111100100000001001110000000000100000001010010110000000100000001000000010000000100000001011010110000000100000001010011110000000100000001010100100000000100000001011001000111011100000001010110100000000100000001000000010000000100000001000000010000000100000001000000010000000100000001000000010000000100000001000000010000000100000001000000010000000100000001000000010000000100000001000000010000000100000001000000010000000100000001000000010000000100000001000000010000000100000001000000010000000100000001000000010000000100000001000000010000000100000001000000010000000100000001000000010000000100000001000000010000000100000001000000010111101100000001000000010111011000000001000000010101011000000001000000010111000000000001000000010000000100000001000000010000000100000001000000010110011100000001000000010111000000000001000000010111100000000001000000010111101100000001000000010000000100000001000000010000000100000001000000010000000100000001000000010000000100000001000000010000000100000001000000010000000100000001000000010000000100000001000000010000000100000001000000010000000100000001000000010000000100000001000000010000000100000001000000010000000100000001000000010111011000000001010100000000000100000001011000100000000100000001000000010111010100000001001011110000000100000001010100100000000100000001011001110111001000000001001100010000000100000001010110100000000100000001000000010000000100000001000000010000000100000001000000010000000100000001000000010000000100000001000000010000000100000001000000010000000100000001000000010000000100000001000000010000000100000001000000010000000100000001000000010000000100000001000000010000000100000001000000010000000100000001000000010000000100000001000000010111000000000001000000010111011000000001000000010111101000000001000000010111000000000001000000010111110000000001000000010110111000000001000000010110110100000001000000010111100000000001000000010111000000000001000000010110100000000001000000010111001100000001000000010111110100000001000000010110010100000001000000010110100100000001000000010110100100000001000000010111000000000001000000010000000100000001000000010000000100000001000000010000000100000001000000010111110100000001000000010111011000000001000000010110000100000001000000010100101100000001000000010101110100000001000000010000000100000001000000010000000100000001000000010110001000000001000000010101001000000001000000010111000000000001000000010111011000000001000000010101101100000001000000010101111000000001000000010111000100000001000000010110000100000001000000010110100000000001000000010110000000000001000000010111000000000001000000010110100000000001000000010101011100000001000000010110011100000001000000010101111100000001000000010110111100000001000000010101110000000001000000010110111100000001000000010000000100000001000000010000000100000001000000010110011100000001000000010110010000000001000000010111111000000001000000010000000100000001000000010111111100000001000000010111011100000001000000010110101100000001000000010111111100000001000000010000000100000001000000010000000100000001000000010110111000000001000000010000000100000001000000010111101000000001000000010111010000000001000000010110000100000001000000010101110000000001000000010111000100000001000000010110000100000001000000010110101000000001000000010111100000000001000000010000000100000001000000010111110000000001000000010111001100000001000000010110011100000001000000010110110100000001000000010111111000000001000000010111010100000001000000010110000100000001000000010111001000000001000000010111011000000001000000010101111000000001000000010110011000000001000000010110101000000001000000010110110100000001000000010000000100000001000000010000000100000001000000010000000100000001000000010111110100000001000000010111001000000001000000010110010000000001000000010100111100000001000000010101110100000001000000010000000100000001000000010000000100000001000000010110100000000001000000010101000000000001000000010111001000000001000000010111101100000001000000010101110100000001000000010110001100000001000000010111001100000001000000010110010000000001000000010110101100000001000000010110010000000001000000010110110100000001000000010110110100000001000000010101100000000001000000010101111100000001000000010110010100000001000000010110011000000001000000010101011000000001000000010111000000000001000000010000000100000001000000010111000100000001000000010101101000000001000000010101100100000001000000010111111000000001000000010111101100000001000000010111110100000001000000010111011000000001000000010111010000000001000000010000000100000001000000010000000100000001000000010111000100000001011101000111110000000001011010110000000100000001011100100000000100000001011010010000000100000001010101110000000100000001011010010000000100000001000000010000000100000001000000010000000100000001000000010000000100000001000000010000000100000001000000010000000100000001000000010000000100000001000000010000000100000001000000010000000100000001000000010000000100000001000000010000000100000001000000010000000100000001000000010000000100000001000000010000000100000001000000010000000100000001000000010000000100000001000000010000000100000001000000010000000100000001000000010000000100000001000000010000000100000001000000010000000100000001000000010000000100000001000000010000000100000001000000010000000100000001000000010000000100000001000000010000000100000001000000010000000100000001000000010000000100000001000000010000000100000001000000010000000100000001000000010000000100000001000000010000000100000001000000010000000100000001000000010000000100000001000000010000000100000001000000010000000100000001000000010000000100000001000000010000000100000001000000010000000100000001000000010000000100000001000000010000000100000001000000010000000100000001011000100111001100000001010001100000000100000001011111000000000100000001011101000000000100000001011000010000000100000001010011100000000100000001011010110000000100000001011010010000000100000001010100010000000100000001010001110000000100000001011111000000000100000001010110000000000100000001010111010000000100000001011101010000000100000001010010010000000100000001011101110000000100000001010000010000000100000001010100100000000100000001010110010000000100000001010000110000000100000001011000000000000100000001010110110000000100000001010001100000000100000001011101010000000100000001010010000111111100000001010000010000000100000001010010100000000100000001010010010000000100000001011101100000000100000001010111000000000100000001010101000000000100000001011101110000000100000001011100010000000100000001011110010000000100000001011010000000000100000001010100000000000100000001011111000000000100000001011000010000000100000001010101100000000100000001010011000000000100000001011101000110111100000001001011110000000100000001010110010111101100000001010001100000000100000001000000010000000100000001000000010000000100000001000000010000000100000001000000010000000100000001000000010000000100000001000000010000000100000001000000010000000100000001000000010000000100000001000000010000000100000001000000010000000100000001000000010000000100000001000000010000000100000001000000010000000100000001000000010000000100000001000000010111001100000001000000010111010000000001000000010000000100000001000000010000000100000001000000010111011100000001000000010000000100000001000000010000000100000001000000010000000100000001000000010000000100000001000000010000000100000001000000010000000100000001000000010000000100000001000000010000000100000001000000010000000100000001000000010000000100000001000000010000000100000001000000010000000100000001000000010000000100000001000000010000000100000001000000010000000100000001000000010000000100000001000000010000000000000001000000010000000100000001000000010000000100000001000000010000000100000001000000010000000100000001000000010000000100000001000000010000000100000001000000010000000100000001000000010000000100000001000000010000000100000001000000010000000100000001000000010000000100000001000000010000000100000001000000010000000100000001000000010000000100000001000000010000000100000001000000010111110000000001000000010000000100000001000000010000000100000001000000010000000100000001000000010111010100000001000000010111110000000001000000010000000100000001000000010000000100000001000000010000000100000001000000010000000100000001000000010000000100000001000000010000000100000001000000010000000100000001000000010000000100000001000000010000000100000001000000010000000100000001000000010000000100000001000000010000000100000001000000010000000100000001000000010000000100000001000000010000000100000001000000010000000100000001000000010000000100000001000000010110100100000001000000010000000100000001000000010110010100000001000000010101000101101100000000010010100100000001000000010000000100000001000000010000000101111011000000010100000101100100011110000010101101101110000000010011010100000001000000010101101000000001000000010100011000000001000000010000000100000001000000010000000100000001000000010000000101101011000000010010111001110010000000010011010100000001000000010000000100000001000000010000000101100000011101110010001101011111011101010010001101110101000000010011100100000001000000010100111100000001000000010110010000000001000000010000000100000001000000010000000100000001000000010000000100000001000000010100011000000001000000010100010100000001000000010101110001101100011111110010111000000001000000010000000101110010000000010011110100000001000000010101110001111110000000010101001100000001000000010000000100000001000000010000000100000001000000010000000100000001000000010000000100000001000000010000000100000001000000010000000100000001000000010000000100000001000000010000000100000001000000010000000100000001000000010000000100000001000000010000000100000001000000010000000100000001000000010000000100000001000000010000000100000001000000010000000100000001000000010000000100000001000000010000000100000001000000010000000100000001000000010000000101110101000000010000000101110010000000010000000100000001000000010000000100000001000000010000000100000001000000010000000100000001000000010000000101101101000000010000000101111001000000010000000100000001000000010000000101111001000000010000000101110100000000010000000101100110000000010000000101011111000000010000000101110001000000010000000100000001000000010000000100000001000000010000000100000001000000010000000100000001000000010000000100000001000000010000000101101001000000010101000000000001000000010000000101111100000000010100011100000001000000010101011100000001000000010101101000000001000000010101110100000001000000010111010000000001000000010100110000000001000000010100111001111110000000010100110101001101011000110010100100000001000000010000000100000001000000010000000100000001000000010000000100000001000000010000000100000001000000010000000100000001000000010000000100000001000000010000000100000001000000010000000100000001000000010000000100000001000000010000000100000001000000010000000100000001000000010000000101111110000000010000000101100110000000010000000101110100000000010000000101111010000000010000000101111111000000010000000101111101000000010000000101110100000000010000000101101011000000010000000100000001000000010000000100000001000000010000000101110110000000010000000101111110000000010000000101100001000000010000000101011101000000010000000101100011000000010000000101100101000000010000000101110001000000010000000101111100000000010000000101111010000000010000000101101100000000010000000101001111000000010000000101100100000000010000000101100001000000010000000101100011000000010000000101011011000000010000000101110111000000010000000100000001000000010000000101101111000000010000000101100101000000010000000101100101000000010000000101111000000000010000000101110110000000010000000101101110000000010000000101101000000000010000000101010100000000010000000101100111000000010000000100000001000000010000000101111110000000010000000101101000000000010000000101100100000000010000000101110010000000010000000101111001000000010000000101111111000000010000000101110010000000010000000101110110000000010000000101110100000000010000000101100001000000010000000101101011000000010000000101110001000000010000000101110001000000010000000101110011000000010000000101111100000000010000000101111110000000010000000101101110000000010000000101110111000000010000000100000001000000010000000101101100000000010000000101110111000000010000000101110101000000010000000101101010000000010000000101110011000000010000000101101000000000010000000101101010000000010000000101111100000000010000000101101100000000010000000101011010000000010000000101101101000000010000000101111011000000010000000101111101000000010000000101111011000000010000000101110001000000010000000101110001000000010000000100000001000000010000000100000001000000010000000101110000000000010000000101111111000000010000000101011010000000010000000101011010000000010000000101100010000000010000000101100101000000010000000101111000000000010000000101111111000000010000000101111100000000010000000101101101000000010000000101010010000000010000000101100101000000010000000101100010000000010000000101100011000000010000000101011011000000010000000101110111000000010000000100000001000000010000000101101111000000010000000101100100000000010000000101100101000000010000000101111000000000010000000101110110000000010000000101101111000000010000000101101001000000010000000101011001000000010000000101100111000000010000000100000001000000010000000100000001000000010000000101100111000000010000000101101101000000010000000100000001000000010000000101110010000000010000000101111100000000010000000101110000000000010000000101110010000000010000000101111000000000010000000101011000000000010000000101100101000000010000000100000001000000010000000101110010000000010000000101100110000000010000000101101110000000010000000100000001000000010000000101110110000000010000000100000001000000010000000100000001000000010000000101100110000000010101101100000001000000010101111000000001000000010100101000000001000000010000000100000001000000010000000101110001000000010100111100000001000000010000000100000001000000010000000100000001000000010000000100000001000000010000000100000001000000010000000100000001000000010000000100000001000000010000000100000001000000010000000100000001000000010000000100000001000000010000000100000001000000010000000100000001000000010000000100000001000000010000000100000001000000010000000100000001000000010000000100000001000000010000000100000001000000010000000100000001000000010000000100000001000000010000000100000001000000010000000100000001000000010000000100000001000000010000000100000001000000010000000100000001000000010000000100000001000000010000000100000001000000010000000100000001000000010000000100000001000000010000000100000001000000010000000100000001000000010000000100000001000000010000000100000001000000010000000100000001000000010000000100000001000000010000000100000001000000010000000100000001000000010000000100000001000000010000000100000001000000010000000100000001000000010000000100000001000000010000000100000001000000010000000101110000000000010101111101100010000000010100100101011111000000010011100100000001000000010101110000000001000000010110111000000001000000010111100000000001000000010101111001100110011111010010100100000001000000010100100000000001000000010100001100000001000000010000000100000001000000010111011101101010000000010010011100000001000000010100110100000001000000010100100101110000000000010010111000000001000000010111110100000001000000010000000101110111000000010011100000000001000000010100011100000001000000010100001000000001000000010101010100000001000000010111011100000001000000010000000100000001000000010100000101101111000000010010110101110000000000010010110100000001000000010101001100000001000000010110101100000001000000010111110100000001000000010100110100000001000000010011111000000001000000010101001000000001000000010100010100000001000000010111111000000001000000010111010001100011011110010010011101111110000000010100001001100110011111000010101001110011000000010011011000000001000000010111110100000001000000010000000101110001000000010011011101100000011100100010110101111110000000010101011000000001000000010000000100000001000000010000000100000001000000010000000100000001000000010000000100000001000000010000000100000001000000010000000100000001000000010000000100000001000000010000000100000001000000010000000100000001000000010000000100000001000000010000000100000001000000010000000100000001000000010000000101011000000000010000000101010000000000010000000101011111000000010000000101110000000000010000000101101111000000010000000101011001000000010000000101100010000000010000000100000001000000010000000100000001000000010000000100000001000000010000000100000001000000010000000100000001000000010000000100000001000000010000000100000001000000010000000100000001000000010000000100000001000000010000000100000001000000010000000100000001000000010000000100000001000000010000000100000001000000010000000100000001000000010000000100000001000000010000000100000000000000010000000100000001000000010000000100000001000000010000000100000001000000010000000100000001000000010000000100000001000000010000000100000001000000010000000100000001000000010000000100000001000000010000000100000001000000010000000100000001000000010000000101111110000000010000000100000001000000010000000100000001000000010000000100000001000000010000000101101111000000010000000101110100000000010000000100000001000000010000000100000001000000010000000101111111000000010000000101110000000000010000000101110000000000010000000100000001000000010000000100000001000000010000000100000001000000010000000101111100000000010000000100000001000000010000000100000001000000010000000100000001000000010000000100000001000000010000000100000001000000010000000100000001000000010000000100000001000000010000000100000001000000010000000100000001000000010000000100000001000000010000000100000001000000010000000100000001000000010000000100000001000000010000000101110001000000010000000101111010000000010000000101111100000000010000000101100111011101110000000100110111000000010000000101001111000000010000000101101101000000010000000101011000000000010000000101011111000000010000000101001111000000010000000101110110000000010000000101110010011111110000000101000010000000010000000101110100011110010000000100111100000000010000000100000001000000010000000101001000000000010000000101011111000000010000000101111010011111100000000101000010000000010000000101100110000000010000000101101111000000010000000101101011000000010000000101110001000000010000000101011001000000010000000101110101000000010000000101000111000000010000000101000100000000010000000101010000011110110000000101000000000000010000000101011001000000010000000101000101000000010000000101011010000000010000000101010111000000010000000101110101000000010000000101101111000000010000000101100111000000010000000100000001000000010000000100000001000000010000000100000001000000010000000100000001000000010000000100000001000000010000000100000001000000010000000100000001000000010000000100000001000000010000000100000001000000010000000100000001000000010000000100000001000000010000000100000001000000010000000100000001000000010000000100000001000000010000000100000001000000010000000100000001000000010000000100000001000000010000000100000001000000010000000100000001000000010000000100000001000000010000000100000001000000010000000100000001011101010000000100000001011101100000000100000001000000010000000100000001000000010000000100000001000000010000000100000001011010110000000100000001010011100000000101111111011100010000000100000001011101110000000100000001000000010000000100000001000000010000000100000001000000010000000100000001000000010000000100000001000000010000000100000001000000010000000101101000011110110000000101000111000000010000000101010111000000010000000101011001000000010000000101000001000000010000000101010001000000010000000101100011000000010000000101001110000000010000000101101110011110110000000101001100000000010000000100000001000000010000000100000001000000010000000100000001000000010000000100000001000000010000000100000001000000010000000100000001000000010000000100000001000000010000000100000001000000010000000100000001000000010000000100000001000000010000000100000001000000010000000100000001000000010000000100000001011111000000000100000001010111110000000100000001011000010000000100000001011100100000000100000001011010000000000100000001011000000000000100000001010111000000000100000001010111010000000100000001011001100000000100000001011001000000000100000001011000100000000100000001010111000000000100000001010110110000000100000001011101110000000100000001011110100000000100000001011111000000000100000001011110000000000100000001011001000000000100000001010110000000000100000001010011100000000100000001011111100000000100000001011100100000000100000001011100000000000100000001011010010000000100000001011100010000000100000001011011010000000100000001011110010000000100000001011011010000000100000001011011100000000100000001011111100000000100000001000000010000000100000001000000010000000100000001010101010000000100000001010000010000000101111010011000100000000100000001011011110000000100000001011100110000000100000001000000010000000100000001011011110000000100000001011111100000000100000001011011110000000100000001000000010000000100000001000000010000000100000001011111110000000100000001011111110000000100000001011100110000000100000001011010110000000100000001011011100000000100000001011011110000000100000001011010100000000100000001011010010000000100000001000000010000000100000001011100100000000100000001011011010000000100000001011100010000000100000001011100100000000100000001011110100000000100000001011110110000000100000001010011100000000100000001011010000000000100000001011000010000000100000001011001010000000100000001000000010000000100000001000000010000000100000001011010000000000100000001010110000000000100000001011001110000000100000001011100000000000100000001011001100000000100000001010111000000000100000001010110000000000100000001010111110000000100000001011011010000000100000001011011100000000100000001010111110000000100000001010111100000000100000001010111000000000100000001011110010000000100000001011111010000000100000001011110100000000100000001011101110000000100000001010111100000000100000001010110110000000100000001010100010000000100000001000000010000000100000001011101010000000100000001011100010000000100000001011010100000000100000001011100010000000100000001011011010000000100000001011101100000000100000001011010100000000100000001011010110000000100000001011110110000000100000001000000010000000100000001000000010000000100000001010101010000000100000001010000010000000101111010011001100000000100000001011001100000000100000001011111010000000100000001011111110000000100000001011101100000000100000001011011010000000100000001011101110000000100000001000000010000000100000001000000010000000100000001000000010000000100000001000000010000000100000001011110100000000100000001011010110000000100000001011011010000000100000001011001110000000100000001010111000000000100000001011011110000000100000001000000010000000100000001011100110000000100000001011110100000000100000001011110000000000100000001011111000000000100000001011010100000000101011000010110000111101000101101011110010000000100111001000000010000000101111010000000010000000100000001011100100000000101010000000000010000000100000001000000010000000100000001000000010000000100000001000000010000000100000001000000010000000100000001011111110000000100000001000000010000000100000001000000010000000100000001000000010000000100000001000000010000000100000001000000010000000100000001000000010000000100000001000000010000000100000001000000010000000100000001000000010000000100000001000000010000000100000001000000010000000100000001000000010000000100000001000000010000000100000001000000010000000100000001000000010000000100000001000000010000000100000001000000010000000100000001000000010000000100000001000000010000000100000001000000010000000100000001000000010000000100000001000000010000000100000001000000010000000100000001000000010000000100000001000000010000000100000001000000010000000100000001000000010000000100000001000000010000000100000001000000010000000100000001000000010000000100000001000000010000000100000001000000010000000100000001000000010000000100000001000000010000000100000001000000010000000100000001000000010000000100000001010110000000000101001100000000010000000101100111011000110000000100110111000000010000000101111110000000010000000100000001011010010000000100101110000000010000000101011000000000010000000101010001000000010000000101001010000000010000000101110111000000010000000101111000011011000000000100100111000000010000000101001011000000010000000101001001011011100000000100101100000000010000000101110101000000010000000101111101000000010000000101010101000000010000000101010110011011000000000100101001011101100000000100110011000000010000000101111101000000010000000101110001011101010000000100110010011111010000000100111010011100010000000100101110000000010000000101000101000000010000000101111000000000010000000101111011000000010000000101000111011111100000000100111011011011000000000100101001000000010000000101010010000000010000000101110111000000010000000100000001000000010000000101001000011110100000000100111110000000010000000101000101010101100110110100011001000000010000000100000001000000010000000101110101011011010000000100110011000000010000000101001111011001000110111100111101000000010000000100000001000000010000000100000001000000010000000100000001000000010000000100000001000000010000000100000001000000010000000100000001000000010000000100000001000000010000000100000001000000010000000100000001011100110000000100000001000000010000000100000001000000010000000100000001011000010000000100000001010001010000000100000001010000000000000100000001010011000000000100000001011001010000000100000001010111010000000100000001010001010000000100000001010100010000000100000001000000010000000100000001000000010000000100000001011111010000000100000001011010100000000100000001011111100000000100000001000000010000000100000001000000010000000100000001000000010000000100000001000000010000000100000001000000010000000100000001000000010000000100000001000000010000000100000001000000010000000100000001000000010000000100000001000000010000000100000001000000000000000100000001000000010000000100000001000000010000000100000001000000010000000100000001000000010000000100000001000000010000000100000001000000010000000100000001000000010000000100000001000000010000000100000001000000010000000100000001000000010000000100000001000000010000000100000001000000010000000100000001000000010000000100000001000000010000000100000001011101000000000100000001011011110000000100000001000000010000000100000001000000010000000100000001011100000000000100000001011100100000000100000001011100100000000100000001011111010000000100000001000000010000000100000001000000010000000100000001011110010000000100000001000000010000000100000001000000010000000100000001000000010000000100000001000000010000000100000001000000010000000100000001000000010000000100000001000000010000000100000001000000010000000100000001000000010000000100000001000000010000000100000001000000010000000100000001000000010000000100000001000000010000000100000001011010000000000100000001010111100000000100000001011100000000000100000001011111010000000100000001011101100111011100000001001110100000000100000001010100110000000100000001011010110111010100000001001111110000000100000001011100100000000100000001010110110000000100000001011100110000000100000001011000110000000100000001011101100000000100000001010110110111101100000001001110010000000100000001011100100000000100000001010001000000000100000001010011000000000100000001011000000000000100000001010000100110011101111100001001110000000100000001011001000000000100000001011011010111110000000001001111000000000100000001010111100000000100000001010110100000000100000001011000000000000100000001011000100000000100000001011010110000000100000001010111100000000100000001010011010000000100000001010111010111101100000001010001000000000100000001010111000000000100000001010111010000000100000001010101000000000100000001000000010000000100000001010111110000000100000001000000010000000100000001000000010000000100000001000000010000000100000001000000010000000100000001000000010000000100000001000000010000000100000001000000010000000100000001000000010000000100000001000000010000000100000001000000010000000100000001000000010000000100000001000000010000000100000001000000010000000100000001000000010000000100000001000000010000000100000001000000010000000100000001000000010000000100000001000000010000000100000001000000010000000100000001000000010111010000000001000000010000000100000001000000010000000100000001000000010000000100000001000000010000000100000001000000010101111000000001000000010110100100000001000000010000000100000001000000010000000100000001000000010000000100000001000000010000000100000001000000010000000100000001000000010110000000000001010011110000000100000001011110000000000100000001010101110000000100000001010110010000000100000001010101110000000100000001010001000000000100000001011011000111111000000001001111110000000100000001011000000000000100000001011011010111101000000001010001100000000100000001011111000000000100000001000000010000000100000001000000010000000100000001000000010000000100000001000000010000000100000001000000010000000100000001000000010000000100000001000000010000000100000001000000010000000100000001000000010000000100000001000000010000000100000001000000010000000100000001000000010000000100000001000000010000000100000001000000010110101000000001000000010111010100000001000000010000000100000001000000010000000100000001000000010111010100000001000000010111000100000001000000010111001100000001000000010110101100000001000000010110011000000001000000010110001000000001000000010110001100000001000000010101111100000001000000010110011000000001000000010110011000000001000000010110111000000001000000010110110100000001000000010110110000000001000000010000000100000001000000010110111100000001000000010000000100000001000000010111111100000001000000010110110100000001000000010111010000000001000000010110111000000001000000010101110100000001000000010110100100000001000000010110001000000001000000010110010000000001000000010111100000000001000000010000000100000001000000010000000100000001000000010101001100000001000000010100100100000001000000010111010000000001000000010110010000000001000000010110011100000001000000010110001100000001000000010111100000000001000000010111010000000001000000010111100100000001000000010110111000000001000000010111001000000001000000010110000100000001000000010110110000000001000000010110101000000001000000010110010100000001000000010101101000000001000000010101110000000001000000010101110000000001000000010111000000000001000000010000000100000001000000010000000100000001000000010111110000000001000000010110011100000001000000010101010000000001000000010110100000000001000000010110011100000001000000010100110100000001000000010111001000000001000000010110110100000001000000010110100100000001000000010000000100000001000000010111101100000001000000010110011100000001000000010110001000000001000000010000000100000001000000010000000100000001000000010000000100000001000000010111010000000001000000010111000000000001000000010110111000000001000000010110101100000001000000010110010000000001000000010101111000000001000000010110000100000001000000010101100100000001000000010110000000000001000000010110010100000001000000010110111100000001000000010111010100000001000000010111010000000001000000010000000100000001000000010111000100000001000000010000000100000001000000010000000100000001000000010110111000000001000000010111010100000001000000010110111100000001000000010101111000000001000000010110011100000001000000010110000000000001000000010110010000000001000000010111100000000001000000010000000100000001000000010000000100000001000000010101010000000001000000010100101000000001000000010111100100000001000000010110010000000001000000010110010000000001000000010110011000000001000000010111000100000001000000010111000100000001000000010110111000000001000000010110101000000001000000010110111000000001000000010110100100000001000000010111001000000001000000010110110000000001000000010110100100000001000000010101111000000001000000010101001000000001000000010101110000000001000000010110110100000001000000010000000100000001000000010000000100000001000000010111010100000001000000010111010000000001000000010000000100000001000000010000000100000001000000010110100000000001001110010000000100000001010001100000000100000001000000010000000100000001000000010000000100000001000000010000000100000001000000010000000100000001000000010000000100000001000000010000000100000001000000010000000100000001000000010000000100000001000000010000000100000001000000010000000100000001000000010000000100000001000000010000000100000001000000010000000100000001000000010000000100000001000000010111101100000001000000010111101100000001000000010000000100000001000000010000000100000001000000010000000100000001000000010000000100000001000000010000000100000001000000010000000100000001000000010000000100000001000000010000000100000001000000010000000100000001000000010000000100000001000000010000000100000001000000010000000100000001000000010000000100000001000000010000000100000001000000010000000100000001000000010000000100000001000000010000000100000001000000010000000100000001000000010000000100000001000000010000000100000001000000010111111100000001000000010101100100000001000000010000000100000001000000010000000100000001000000010111011100000001000000010111001100000001000000010000000100000001000000010000000100000001000000010000000100000001000000010110100000000001010101100110110100000001010010000000000100000001000000010000000100000001010110000000000100000001000000010000000100000001000000010000000100000001010110010000000100000001010011010110001101110110000111110000000100000001000000010000000100000001000000010000000100000001010000000111010100000001001101000110101100000001001010010000000100000001011000010000000100000001000000010000000100000001011101000000000100000001000000010000000100000001010110100000000100000001010001100000000100000001000000010000000100000001011001010000000100000001010101100000000100000001000000010000000100000001010001010000000100000001010011000000000100000001000000010000000100000001010010110000000100000001000000010000000100000001000000010111100000000001001110010111010000000001001101010000000100000001010111000101111001110101001000010110001101111010001001100000000100000001011110100111010000000001001101110000000100000001010110000000000100000001000000010000000100000001011010110000000100000001011010010000000100000001000000010111110100000001010101100000000100000001000000010000000100000001000000010000000100000001000000010000000100000001000000010000000100000001000000010000000100000001000000010000000100000001000000010000000100000001000000010000000100000001000000010000000100000001000000010111110000000001000000010000000100000001000000010110000000000001000000010100110100000001000000010100100100000001000000010100001100000001000000010110010100000001000000010101001100000001000000010100010100000001000000010101110000000001000000010111100000000001000000010000000100000001000000010111110100000001000000010111100000000001000000010000000100000001000000010000000100000001000000010000000100000001000000010000000100000001000000010000000100000001000000010000000100000001000000010000000100000001000000010000000100000001000000010000000100000001000000010000000100000001000000010000000100000001000000010000000000000001000000010000000100000001000000010000000100000001000000010000000100000001000000010000000100000001000000010000000100000001000000010000000100000001000000010000000100000001000000010000000100000001000000010000000100000001000000010000000100000001000000010000000100000001000000010000000100000001000000010000000100000001000000010000000100000001000000010000000100000001000000010000000100000001000000010000000100000001000000010000000100000001000000010000000100000001000000010111100000000001000000010111111100000001000000010000000100000001000000010000000100000001000000010000000100000001000000010000000100000001000000010000000100000001000000010000000100000001000000010000000100000001000000010000000100000001000000010000000100000001000000010000000100000001000000010000000100000001000000010000000100000001000000010000000100000001000000010000000100000001000000010000000100000001000000010000000100000001000000010000000100000001000000010000000100000001000000010101011101101100011111110011011001011101011100100010001101110101000000010011100000000001000000010111111100000001000000010111111100000001000000010100110001111110000000010100011100000001000000010101110101110110000000010011010000000001000000010111100000000001000000010111100101100101011111000010000001101000011111100010010101110000000000010010110100000001000000010101110100000001000000010000000100000001000000010110111101101111000000010010110000000001000000010100110001101110000000010010101100000001000000010100000000000001000000010111111100000001000000010111010001111100000000010011110000000001000000010100100000000001000000010100011101101101000000010010111100000001000000010111011000000001000000010111110100000001000000010101001101110011000000010011011101110111000000010011101100000001000000010101000100000001000000010000000100000001000000010000000100000001000000010101101101100011011101010011100001011111011100000011011100000001000000010000000100000001000000010000000100000001000000010000000100000001000000010000000100000001000000010000000100000001000000010000000100000001000000010000000100000001000000010000000100000001000000010000000100000001000000010000000100000001000000010000000100000001000000010000000100000001000000010000000100000001000000010000000100000001000000010000000100000001000000010000000100000001000000010000000100000001000000010000000100000001000000010000000100000001000000010000000100000001000000010000000100000001000000010000000100000001000000010000000100000001000000010000000100000001000000010000000101100011000000010111001101111000000000010000000101111001000000010000000101100111000000010110100001110001000000010110101001101101000000010101101000000001000000010000000100000001000000010000000101110010000000010100000101100001011101010010100001111010000000010011110000000001000000010110010100000001000000010000000100000001000000010111111101010111011010100001101100000001000000010101010001111111000000010100111000000001000000010110010000000001000000010000000100000001000000010000000100000001000000010000000100000001000000010000000100000001000000010000000100000001000000010000000100000001000000010000000100000001000000010000000100000001000000010000000100000001000000010000000100000001000000010000000100000001000000010000000100000001000000010000000100000001000000010000000101110110000000010000000100000001000000010000000100000001000000010000000100000001000000010000000100000001000000010000000101111000000000010000000101110101000000010000000101101100000000010000000101100110000000010000000101100111000000010000000101101011000000010000000101101100000000010000000101101011000000010000000101011111000000010000000101011101000000010000000101011101000000010000000101110000000000010000000101110001000000010000000101110010000000010000000101100111000000010000000101101000000000010000000101110010000000010000000101101111000000010000000101101010000000010000000101010111000000010000000101011100000000010000000101101010000000010000000101101001000000010000000101010001000000010000000101011110000000010000000100000001000000010000000101101001000000010000000101001000000000010111111001011110000000010000000101001111000000010000000101010100000000010000000101101110000000010000000101111001000000010000000101011010000000010000000101011001000000010000000101101010000000010000000101100011000000010000000101010000000000010000000101011101000000010000000101011011000000010000000101001011000000010000000101000111000000010111111001010011000000010000000101010011000000010000000101100101000000010000000101101101000000010000000100000001000000010000000101111101000000010000000101100101000000010000000101010111000000010000000101011101000000010000000101100110000000010000000101100010000000010000000101101010000000010000000101111000000000010000000101101000000000010000000101101000000000010000000101111000000000010000000101101111000000010000000101110000000000010000000100000001000000010000000100000001000000010000000100000001000000010000000100000001000000010000000101111101000000010000000101110100000000010000000101101001000000010000000101100110000000010000000101011101000000010000000101100111000000010000000101101100000000010000000101101110000000010000000101100101000000010000000101100000000000010000000101011110000000010000000101101110000000010000000101110011000000010000000101110100000000010000000101101001000000010000000101101010000000010000000101110101000000010000000101110000000000010000000101101011000000010000000101010111000000010000000101011100000000010000000101101000000000010000000101101001000000010000000101010001000000010000000101011110000000010000000100000001000000010000000101101010000000010000000101001001000000010111111001011100000000010000000101001111000000010000000101010111000000010000000101101010000000010000000101111100000000010000000101100111000000010000000101011110000000010000000101110011000000010000000101011111000000010000000101010111000000010000000101100011000000010000000101011001000000010000000101001111000000010000000101000111000000010111101101010001000000010000000101011110000000010000000101110000000000010000000101101010000000010000000100000001000000010000000100000001000000010000000100000001000000010000000101000101000000010100100001000100011100100010101001101111000000010011111101111000000000010011100000000001000000010000000100000001000000010000000100000001000000010000000100000001000000010000000100000001000000010000000100000001000000010000000100000001000000010000000100000001000000010000000100000001000000010000000100000001000000010000000100000001000000010000000100000001000000010000000100000001000000010000000100000001000000010000000100000001000000010000000100000001000000010000000101111000000000010000000101111101000000010000000100000001000000010000000100000001000000010000000101111111000000010000000100000001000000010000000100000001000000010000000100000001000000010000000100000001000000010000000100000001000000010000000100000001000000010000000100000001000000010000000100000001000000010000000100000001000000010000000100000001000000010000000100000001000000010000000100000001000000010000000100000001000000010000000101100001000000010000000101110000000000010000000100000001000000010000000100000001000000010000000101010100000000010000000101101000000000010000000101100011000000010000000101010111000000010000000100000001000000010000000100000001000000010000000100000001000000010000000101111101000000010000000100000001000000010000000100000001000000010110010100000001000000010000000100000001000000010000000100000001000000010110100000000001000000010000000101101101000000010010110101110100000000010011000001111100000000010011011100000001000000010000000100000001000000010000000100000001000000010111100101110111000000010011011101111011000000010011101100000001000000010000000100000001000000010000000101010111011010010001011000000001000000010110011101111101000000010011111101111111000000010100000101110000000000010011001000000001000000010100010101101111000000010011000100000001000000010000000101101101000000010010111100000001000000010101010100000001000000010100001100000001000000010000000100000001000000010101101100000001000000010000000101100100011101110010011001110101000000010011011100000001000000010000000100000001000000010111100001100111011111100010101000000001000000010110011000000001000000010101110001101011000000010010110100000001000000010000000100000001000000010000000101110010000000010011100100000001000000010101110100000001000000010110001100000001000000010000000100000001000000010000000100000001000000010000000100000001000000010000000100000001000000010000000100000001000000010000000100000001000000010000000100000001000000010000000100000001000000010000000100000001000000010000000100000001000000010000000100000001000000010000000100000001000000010000000101011011000000010000000101001110000000010000000101101000000000010000000101101011000000010000000101110011000000010000000101011101000000010000000101011101000000010000000100000001000000010000000100000001000000010000000100000001000000010000000100000001000000010000000100000001000000010000000100000001000000010000000100000001000000010000000100000001000000010000000100000001000000010000000100000001000000010000000100000001000000010000000100000001000000010000000100000001000000010000000100000001000000010000000100000001000000010000000100000000000000010000000100000001000000010000000100000001000000010000000100000001000000010000000100000001000000010000000100000001000000010000000100000001000000010000000100000001000000010000000100000001000000010000000100000001000000010000000100000001000000010000000100000001000000010000000100000001000000010000000100000001000000010000000100000001000000010000000100000001000000010000000100000001000000010000000100000001000000010000000100000001000000010000000100000001000000010000000100000001000000010000000100000001000000010000000100000001000000010000000100000001000000010000000100000001000000010000000100000001000000010000000100000001000000010000000100000001000000010000000100000001000000010000000100000001000000010000000100000001000000010000000100000001000000010000000100000001000000010000000100000001000000010000000100000001000000010000000100000001000000010000000100000001000000010000000100000001000000010000000100000001000000010000000100000001011111110000000101010111011111010000000101001101011110000000000101000001011110000000000100111100000000010000000100000001000000010000000101111010011100110000000100110111011010110111111100110010011011110000000100110101011111010000000100111011000000010000000101110111000000010000000101110100011110100000000100110111000000010000000101001010011001000111101000100001000000010000000101001111000000010000000101110100000000010000000101110001011110110000000100111000011100010000000100101110011100100000000100101111011101010000000100110010000000010000000101110001000000010000000101111101000000010000000101001000000000010000000100111101011110000000000100110101000000010000000101000010000000010000000101111110000000010000000101101101000000010000000101011011011011100000000100101101011000010111101000100000000000010000000101011010000000010000000101110110000000010000000101110001011100100000000100110101011010100000000100101111011100100000000100111010000000010000000101010101000000010000000100000001000000010000000100000001000000010000000100000001000000010000000100000001000000010000000100000001000000010000000100000001000000010000000100000001000000010000000100000001000000010000000100000001000000010000000100000001000000010000000100000001000000010000000100000001000000010000000100000001000000010000000100000001000000010000000100000001000000010000000100000001000000010000000100000001000000010000000100000001000000010000000100000001000000010000000100000001000000010000000100000001000000010000000100000001000000010000000100000001000000010000000100000001000000010000000100000001000000010000000100000001011011010000000101100001001110110110111000101010000000010000000101101110010111000000000100111010000000010000000100000001000000010000000100000001000000010000000101010101000000010000000101010011000000010000000101000111011101100000000100110110000000010000000101111101000000010000000101110101011111110000000101000011000000010000000101010000011001000111000000110110000000010000000101110110000000010000000100000001000000010000000100000001000000010000000100000001000000010000000100000001000000010000000100000001011111010000000100000001000000010000000100000001000000010000000100000001000000010000000100000001000000010000000100000001000000010000000100000001000000010000000100000001000000010000000100000001000000010000000100000001011100000000000100000001011011110000000100000001011000110000000100000001011000100000000100000001011000100000000100000001011001100000000100000001011000000000000100000001011001010000000100000001011000010000000100000001010111110000000100000001010011110000000100000001010111110000000100000001011101000000000100000001011000110000000100000001010111100000000100000001010111010000000100000001011000000000000100000001010100100000000100000001011101100000000100000001011001010000000100000001010110100000000100000001010111000000000100000001011001000000000100000001011001010000000100000001011001000000000100000001011000010000000100000001010111110000000100000001011010010000000100000001010100110000000100000001010101100000000100000001011011000000000100000001010111100000000100000001001111110000000101110011010011100000000100000001010101000000000100000001010001010000000101111011010111000000000100000001011000010000000100000001011000110000000100000001010101110000000100000001011001110000000100000001010111110000000100000001011001100000000100000001011000010000000100000001010100010000000100000001010011010000000100000001011001110000000100000001011011010000000100000001011011000000000100000001011100000000000100000001011000100000000100000001011111010000000100000001000000010000000100000001011100100000000100000001011010110000000100000001010111110000000100000001011001000000000100000001011110000000000100000001011011010000000100000001011110000000000100000001011010100000000100000001011000010000000100000001011101010000000100000001011100010000000100000001011001110000000100000001011000010000000100000001011000110000000100000001010111100000000100000001010111100000000100000001011010000000000100000001011001110000000100000001011000100000000100000001011010100000000100000001011001000000000100000001010100010000000100000001010111110000000100000001011100010000000100000001011000010000000100000001010111010000000100000001010111100000000100000001011001000000000100000001010101100000000100000001011110100000000100000001011010010000000100000001010111000000000100000001010111100000000100000001011001100000000100000001011001110000000100000001011001100000000100000001011000010000000100000001010111110000000100000001011010010000000100000001010100110000000100000001010101110000000100000001011011010000000100000001010111110000000100000001010000000000000101110011010011100000000100000001010101000000000100000001010100110000000100000001010011100000000100000001011000100000000100000001010110010000000100000001010100010000000100000001011000110000000100000001011000000000000100000001011010100000000100000001011001010000000100000001010100110000000100000001010101100000000100000001011000010000000100000001011100100000000100000001011010010000000100000001011100100000000100000001011000100000000100000001000000010000000100000001000000010000000100000001000000010000000100000001000000010000000100000001011001110000000101001011000000010000000100000001000000010000000101101001000000010000000101100111011111110000000101001111000000010000000101100011000000010000000100000001000000010000000100000001000000010000000100000001000000010000000100000001000000010000000100000001000000010000000100000001000000010000000100000001000000010000000100000001000000010000000100000001000000010000000100000001000000010000000100000001000000010000000100000001000000010000000100000001000000010000000100000001000000010000000100000001000000010000000100000001000000010000000100000001011111100000000100000001011110110000000100000001000000010000000100000001000000010000000100000001000000010000000100000001000000010000000100000001011101110000000100000001011110100000000100000001000000010000000100000001000000010000000100000001011110100000000100000001011111000000000100000001011110110000000100000001011110010000000100000001011000010000000100000001011010100000000100000001011100000000000100000001010111100000000100000001010001110000000100000001010010010000000100000001010100100000000100000001010100000000000100000001011010010000000100000001011110000000000100000001000000010000000100000001000000010000000100000001000000010000000100000001000000010000000100000001000000010000000101110010000000010000000101111100000000010000000101010010000000010000000101001000000000010000000101010001000000010000000101010101000000010000000101100000000000010000000101001011000000010000000101110101000000010000000101101011000000010000000101010110000000010000000101101111000000010000000101011111000000010000000101011100000000010000000101010010011111110000000101000001000000010000000101101111000000010000000101010111000000010000000101010100000000010000000101101011000000010000000101010010000000010000000101100100000000010000000101011111000000010000000101010010000000010000000101111000000000010000000101111001000000010000000101110000000000010000000101011111000000010000000101100010000000010000000101001011000000010000000101000111000000010000000101100100000000010000000101110000000000010000000101001010000000010000000101101101000000010000000101101000000000010000000101001110000000010000000101011101000000010000000101100010000000010000000101100101000000010000000100000001000000010000000100000001000000010000000100000001000000010000000100000001000000010000000100000001000000010000000100000001000000010000000100000001000000010000000100000001000000010000000100000001000000010000000100000001000000010000000100000001000000010000000100000001000000010000000100000001000000010000000100000001011111110000000100000001011100010000000100000001011100010000000100000001011110000000000100000001000000010000000100000001011101000000000100000001000000010000000100000001000000010000000100000001000000010000000100000001000000010000000100000001000000010000000100000001000000010000000100000001000000010000000100000001000000010000000100000001000000010000000100000001000000010000000100000001000000010000000100000001000000010000000100000001000000010000000100000001000000010000000100000001000000010000000100000001000000010000000100000001000000000000000100000001000000010000000100000001000000010000000100000001000000010000000100000001000000010000000100000001000000010000000100000001000000010000000100000001000000010000000100000001000000010000000100000001000000010000000100000001000000010000000100000001000000010000000100000001000000010000000100000001000000010000000100000001000000010000000100000001000000010000000100000001000000010000000100000001000000010000000100000001000000010000000100000001000000010000000100000001011100000000000100000001011101010000000100000001000000010000000100000001000000010000000100000001000000010000000100000001000000010000000100000001000000010000000100000001000000010000000100000001000000010000000100000001000000010000000100000001000000010000000100000001000000010000000100000001000000010000000100000001000000010000000100000001000000010000000100000001000000010000000100000001000000010000000100000001000000010000000100000001000000010000000100000001000000010110010101101111010001000000000100000001000000010000000100000001010011000000000100000001010110000000000100000001011110110000000100000001010010000000000100000001011011110000000100000001010101000000000100000001010100000000000100000001010011100000000100000001011001110111011000000001001101000000000100000001010111110000000100000001000000010000000100000001010111000000000100000001010001010000000100000001011111100000000100000001011101110101101101110001000110010000000100000001000000010110110000000001001010100110001001111000001000000111011100000001001101010000000100000001000000010000000100000001000000010110101100000001001010010000000100000001010000010000000100000001010010110000000100000001011111010000000100000001010000010000000100000001000000010000000100000001011001110000000100000001010000010111000100000001001011100000000100000001000000010110101100000001001010000111010100000001001100110000000100000001000000010110000101111010001000100110100000000001001011000000000100000001000000010000000100000001000000010000000100000001000000010000000100000001011000000000000100000001011101010000000100000001000000010000000100000001000000010000000100000001000000010000000100000001000000010000000100000001000000010000000100000001000000010000000100000001000000010000000100000001000000010000000100000001000000010000000100000001000000010000000100000001000000010000000100000001000000010000000100000001000000010000000100000001000000010000000100000001000000010000000100000001000000010000000100000001000000010000000100000001000000010000000100000001000000010000000100000001000000010110110000000001010011110000000100000001000000010000000100000001000000010110011100000001001111110110111000000001010000000000000100000001011010010110010001110110001010010000000100000001011010010000000100000001000000010000000100000001010001010000000100000001011000010000000100000001011001110000000100000001000000010000000100000001011001110000000100000001011010110110110101111001010001010000000100000001011011100000000100000001000000010000000100000001000000010000000100000001000000010000000100000001000000010000000100000001000000010111110100000001000000010111100100000001000000010000000100000001000000010000000100000001000000010000000100000001000000010000000100000001000000010000000100000001000000010000000100000001000000010000000100000001000000010111000100000001000000010111011000000001000000010101110000000001000000010101111000000001000000010110100000000001000000010111011100000001000000010111000000000001000000010111000100000001000000010110011100000001000000010111010100000001000000010111001100000001000000010110110000000001000000010110101000000001000000010110001000000001000000010110101100000001000000010110101100000001000000010110010000000001000000010101101000000001000000010110111000000001000000010111011000000001000000010111011000000001000000010110001100000001000000010110000000000001000000010100011100000001011111010100100000000001011111100110001100000001000000010100101000000001011111110101111000000001000000010111001000000001000000010110111000000001000000010101001000000001000000010101100000000001000000010110101100000001000000010101111100000001000000010101111000000001000000010110100000000001000000010100110000000001000000010100110000000001011111110110111100000001000000010000000100000001000000010101000000000001000000010101000100000001000000010110010100000001000000010101000100000001000000010100011000000001011110100110001000000001000000010111101000000001000000010110100100000001000000010111001000000001000000010110101000000001000000010110001000000001000000010111000000000001000000010000000100000001000000010111010100000001000000010110101000000001000000010110000000000001000000010101100100000001000000010111100000000001000000010111110000000001000000010111010000000001000000010110101100000001000000010110010000000001000000010110001000000001000000010110011100000001000000010110000100000001000000010110101100000001000000010110000000000001000000010101110100000001000000010110010100000001000000010111010100000001000000010111011000000001000000010110101000000001000000010110110100000001000000010110111000000001000000010110110100000001000000010110110100000001000000010110110100000001000000010110100000000001000000010111000100000001000000010110110000000001000000010110011000000001000000010101111000000001000000010111001000000001000000010111101000000001000000010111101000000001000000010110010100000001000000010110001000000001000000010100100100000001011111010100101000000001011111100110001100000001000000010100101000000001011111110101111000000001000000010111001100000001000000010110111100000001000000010101001100000001000000010101100100000001000000010110110000000001000000010101111100000001000000010101111000000001000000010110011000000001000000010100111000000001000000010101000000000001000000010111010000000001000000010111111100000001000000010101101100000001000000010101010000000001000000010110001100000001000000010100110100000001011111000100100100000001011110010110101100000001000000010111010100000001000000010111001100000001000000010110101100000001000000010111000000000001000000010111010100000001000000010111011100000001000000010000000100000001000000010000000100000001000000010111101100000001011110010000000100000001011100110000000100000001010100100000000100000001011010010000000100000001011001010000000100000001011000000000000100000001011100110000000100000001000000010000000100000001000000010000000100000001000000010000000100000001000000010000000100000001000000010000000100000001000000010000000100000001000000010000000100000001000000010000000100000001000000010000000100000001000000010000000100000001000000010000000100000001000000010000000100000001000000010000000100000001000000010000000100000001000000010000000100000001000000010000000100000001000000010000000100000001000000010000000100000001000000010111101100000001000000010000000100000001000000010000000100000001000000010000000100000001000000010000000100000001000000010111111000000001000000010110010100000001000000010101001100000001000000010101001100000001000000010110001000000001000000010101101100000001000000010110110100000001000000010111101000000001000000010111111000000001000000010101100000000001000000010101010100000001000000010110011100000001000000010110110100000001000000010110100000000001000000010110110100000001000000010110100100000001000000010111100100000001000000010000000100000001000000010000000100000001000000010000000100000001000000010000000100000001000000010000000100000001000000010000000100000001010111110000000100000001011111110000000100000001011011110000000100000001010100110000000100000001011100010000000100000001010100000000000100000001011011000000000100000001010101110000000100000001011011010111111000000001010000100000000100000001011010100111111100000001001111110000000100000001010110000000000100000001010011000000000100000001010111000111110100000001001111110000000100000001010010110000000100000001010100000000000100000001010100010000000100000001011011110000000100000001010010110000000100000001010000100000000100000001011011010000000100000001010111110000000100000001011111000000000100000001011100110000000100000001011010000000000100000001011000110000000100000001010011010000000100000001010001010000000100000001011001100111100100000001001110110000000100000001011100110000000100000001011110110000000100000001011110010000000100000001010010110000000100000001011010010000000100000001011001000000000100000001011001010000000100000001000000010000000100000001000000010000000100000001000000010000000100000001000000010000000100000001000000010000000100000001000000010000000100000001000000010000000100000001000000010000000100000001000000010000000100000001000000010000000100000001000000010000000100000001000000010000000100000001000000010000000100000001000000010101111000000001000000010101001000000001000000010110010100000001000000010111011100000001000000010111110100000001000000010101110100000001000000010110100100000001000000010000000100000001000000010000000100000001000000010000000100000001000000010000000100000001000000010000000100000001000000010000000100000001000000010000000100000001000000010000000100000001000000010000000100000001000000010000000100000001000000010000000100000001000000010000000100000001000000010000000100000001000000010000000100000001000000010000000100000001000000010000000000000001000000010000000100000001000000010000000100000001000000010000000100000001000000010000000100000001000000010000000100000001000000010000000100000001000000010000000100000001000000010000000100000001000000010000000100000001000000010000000100000001000000010111111000000001000000010000000100000001000000010000000100000001000000010000000100000001000000010110011100000001000000010110010100000001000000010111000000000001000000010000000100000001000000010101111100000001000000010101110000000001000000010101111000000001000000010110111100000001000000010000000100000001000000010000000100000001000000010111010100000001000000010111111100000001000000010000000100000001000000010000000100000001000000010000000100000001000000010000000100000001000000010000000100000001000000010000000100000001000000010000000100000001000000010000000100000001000000010000000100000001000000010000000100000001000000010000000100000001000000010000000100000001000000010000000100000001000000010000000100000001000000010000000101100000011100010011000100000001000000010101011101111011000000010011111101011100011100110001111100000001000000010000000101110110000000010011100101101100000000010011000000000001000000010100110100000001000000010101011100000001000000010000000101110011000000010011010100000001000000010000000101110010000000010011010000000001000000010100111101011100011011110001111000000001000000010000000100000001000000010000000100000001000000010100111101111011000000010011110101101011011111100010110100000001000000010110100100000001000000010000000100000001000000010111001101110000000000010011001001110101000000010011011101101000011110110010110000000001000000010111111101101001011111010011000000000001000000010111111000000001000000010000000100000001000000010101000001111010000000010011110101010111011011100001100100000001000000010000000101110001000000010011000100000001000000010000000100000001000000010100011000000001000000010101101000000001000000010111101101111111000000010100101100000001000000010000000100000001000000010000000100000001000000010101011100000001000000010101110000000001000000010111111100000001000000010000000100000001000000010111011100000001000000010000000100000001000000010000000100000001000000010000000100000001000000010000000100000001000000010000000100000001000000010000000100000001000000010000000100000001000000010000000100000001000000010000000100000001000000010000000100000001000000010000000100000001000000010000000100000001000000010000000100000001000000010110111000000001000000010110000100000001000000010000000101111101000000010100111100000001000000010101101000000001000000010110111000000001000000010100111000000001000000010110011000000001000000010000000100000001000000010111100000000001000000010111010100000001000000010110100101101000011110100010011101101110000000010010110001101100000000010010101000000001000000010000000101101000011111010010111000000001000000010000000101101111011110010100101000000001000000010000000100000001000000010000000100000001000000010000000100000001000000010000000100000001000000010000000101111011000000010000000101111011000000010000000101101010000000010000000100000001000000010000000100000001000000010000000100000001000000010000000100000001000000010000000100000001000000010000000100000001000000010000000100000001000000010000000101111001000000010000000101111011000000010000000101101000000000010000000101100001000000010000000101100100000000010000000101101111000000010000000101101010000000010000000101011101000000010000000101010100000000010000000101010000000000010000000101110111000000010000000101101011000000010000000101011101000000010000000101100001000000010000000101110001000000010000000101111001000000010000000101111010000000010000000101101001000000010000000101011001000000010000000101101001000000010000000101101001000000010000000101110000000000010000000101010010000000010000000101001111000000010000000101001110000000010000000101011101000000010000000101011111000000010000000101100101000000010000000101110100000000010000000101110100000000010000000101100000000000010000000101101110000000010000000100000001000000010000000101101000000000010000000101100000000000010000000100000001000000010000000101111010000000010000000101011010000000010000000101101111000000010000000101111010000000010000000101011000000000010000000101011111000000010000000101011100000000010000000101001010000000010111111001001000000000010111110001100101000000010000000101100110000000010000000101010000000000010000000101011010000000010000000101111011000000010000000101110100000000010000000101101100000000010000000100000001000000010000000101101100000000010000000101101010000000010000000101011110000000010000000101001100000000010000000101101100000000010000000101110111000000010000000101110011000000010000000101101100000000010000000101100100000000010000000101011100000000010000000101100010000000010000000101101010000000010000000101101101000000010000000101011110000000010000000101011101000000010000000101100011000000010000000101101111000000010000000101110000000000010000000101011110000000010000000101010111000000010000000101010111000000010000000101110111000000010000000101101111000000010000000101011100000000010000000101011111000000010000000101110010000000010000000101111001000000010000000100000001000000010000000101101101000000010000000101011101000000010000000101101011000000010000000101101011000000010000000101110010000000010000000101010100000000010000000101010001000000010000000101010000000000010000000101011101000000010000000101011111000000010000000101100110000000010000000101110101000000010000000101110100000000010000000101100010000000010000000101110000000000010000000100000001000000010000000101101101000000010000000101100001000000010000000101111110000000010000000101111000000000010000000101100001000000010000000101101101000000010000000101111000000000010000000101010101000000010000000101100011000000010000000101011010000000010000000101000100000000010111010101001110000000010111111001100101000000010000000101100101000000010000000101010101000000010000000101011110000000010000000101111100000000010000000101111010000000010000000101110011000000010000000100000001000000010000000100000001000000010000000101110110000000010111010101011001000000010011101000000001000000010101010000000001000000010101000100000001000000010111001000000001000000010000000100000001000000010110000100000001000000010000000100000001000000010000000100000001000000010000000100000001000000010000000100000001000000010000000100000001000000010000000100000001000000010000000100000001000000010000000100000001000000010000000100000001000000010000000100000001000000010000000100000001000000010000000100000001000000010000000100000001000000010000000100000001000000010000000100000001000000010000000100000001000000010000000100000001000000010000000100000001000000010000000100000001000000010000000100000001000000010000000100000001000000010000000101111111000000010000000100000001000000010000000101111010000000010000000101011101000000010000000101001111000000010000000101011111000000010000000101100101000000010000000101110100000000010000000101111011000000010000000100000001000000010000000100000001000000010000000101110100000000010000000100000001000000010000000100000001000000010000000101110101000000010000000101111110000000010000000100000001000000010000000100000001000000010000000100000001000000010000000100000001000000010000000100000001000000010000000100000001000000010000000100000001000000010000000100000001000000010000000100000001000000010000000101101100011111000011111100000001000000010101100101100101011110100010010101110010000000010010101100000001000000010111110000000001000000010111100000000001000000010101000001111110000000010100010001111101000000010100010001101100011111110010111000000001000000010111110000000001000000010111000001110111000000010011000001110100000000010011001001101001011111100010100101101110000000010010111000000001000000010111101100000001000000010000000101111010000000010011101000000001000000010100010000000001000000010100101000000001000000010100010100000001000000010000000100000001000000010111011001110000000000010011000001011110011100110001111001110000000000010011000001101101000000010010110100000001000000010111101100000001000000010111011100000001000000010101010101101111000000010011000100000001000000010100110001100001011110000010010000000001000000010000000100000001000000010111110001111101000000010100100001100111011101010011101100000001000000010000000100000001000000010000000100000001000000010000000100000001000000010000000100000001000000010000000100000001000000010000000100000001000000010000000100000001000000010000000100000001000000010000000100000001000000010000000101111000000000010000000101101100000000010000000100000001000000010000000101000100000000010000000100110000000000010000000100101101000000010000000100110100000000010000000101011100000000010000000101010011000000010000000100111111000000010000000101010100000000010000000101111101000000010000000100000001000000010000000101101111000000010000000101011011000000010000000101110111000000010000000100000001000000010000000100000001000000010000000100000001000000010000000100000001000000010000000100000001000000010000000100000001000000010000000100000001000000010000000100000001000000010000000100000001000000010000000100000001000000010000000100000000000000010000000100000001000000010000000100000001000000010000000100000001000000010000000100000001000000010000000100000001000000010000000100000001000000010000000100000001000000010000000100000001000000010000000100000001000000010000000100000001000000010000000101111010000000010000000100000001000000010000000100000001000000010000000100000001000000010000000101100001000000010000000101011111000000010000000101110100000000010000000100000001000000010000000101011101000000010000000101011010000000010000000101011011000000010000000101101110000000010000000100000001000000010000000100000001000000010000000101110000000000010000000101110101000000010000000100000001000000010000000100000001000000010000000100000001000000010000000100000001000000010000000100000001000000010000000100000001000000010000000100000001000000010000000100000001000000010000000100000001000000010000000100000001000000010000000100000001000000010000000100000001000000010000000100000001000000010000000100000001000000010000000101110010000000010000000101100000011111000000000101000111011100100000000100111000000000010000000101010101000000010000000101001011000000010000000101001000000000010000000101110001000000010000000101001001000000010000000101110100011111100000000101000010000000010000000101000111000000010000000101001110000000010000000101111001000000010000000101001111000000010000000101010001000000010000000101100100000000010000000100000001000000010000000101101111011100110000000100110111000000010000000101101100000000010000000101111111000000010000000101000101000000010000000101001101000000010000000101010101000000010000000101100101000000010000000101010110000000010000000101111110011111100000000101001000000000010000000101100110000000010000000101101011000000010000000101011010000000010000000101010010000000010000000101100001000000010000000101100111000000010000000101110110000000010000000101110011000000010000000101101001011011110000000100110011000000010000000101100101000000010000000101011010000000010000000100000001000000010000000101100010000000010000000100000001000000010000000101110110011110100000000101001101011111100000000101010100000000010000000100000001000000010000000101110001000000010000000100000001000000010000000101101000000000010000000100000001011101110111101101010010000000010000000101011010000000010000000100000001000000010000000101011101000000010000000101100001000000010000000101110001000000010000000101111111000000010000000101111010000000010000000101100101000000010000000101011111000000010000000101101001000000010000000101001010000000010000000100000001000000010000000101011101000000010000000101110111000000010000000101011111011111110000000101000001000000010000000101010100000000010000000101101101000000010000000101001110000000010000000101000111000000010000000101101110000000010000000101100111000000010000000101010110011110010000000100111011000000010000000101110011000000010000000100000001000000010000000101110110000000010000000100000001000000010000000100000001000000010000000100000001000000010000000100000001000000010000000100000001000000010000000100000001000000010000000100000001011010100000000100000001000000010000000100000001000000010000000100000001000000010000000100000001000000010000000100000001000000010000000100000001000000010000000100000001000000010000000100000001011110010000000100000001011101000000000100000001011100010000000100000001011000000000000100000001010110110000000100000001011001000000000100000001011011110000000100000001011001000000000100000001011010010000000100000001011000100000000100000001011111010000000100000001011110100000000100000001011101010000000100000001010110110000000100000001010100000000000100000001010111000000000100000001010111000000000100000001011000110000000100000001011101000000000100000001011010110000000100000001000000010000000100000001011110000000000100000001010111100000000100000001010111010000000100000001011000010000000100000001011100000000000100000001011111110000000100000001011010100000000100000001011100110000000100000001011110110000000100000001011101000000000100000001011011110000000100000001011101100000000100000001011100100000000100000001011100000000000100000001011101100000000100000001011011110000000100000001011110010000000100000001000000010000000100000001011011110000000100000001011011010000000100000001000000010000000100000001011011110000000100000001011001100000000100000001010111100000000100000001011010010000000100000001011011010000000100000001011011000000000100000001011001010000000100000001011011010000000100000001010101000000000100000001001111000000000101110100010011100000000100000001010011110000000100000001011100100000000100000001011000110000000100000001010011110000000100000001011111110000000100000001011110000000000100000001000000010000000100000001011111010000000100000001011011110000000100000001011011010000000100000001011000100000000100000001011010010000000100000001011101000000000100000001011000010000000100000001010111010000000100000001010110110000000100000001011000110000000100000001011011010000000100000001011001110000000100000001011001010000000100000001011001010000000100000001011110110000000100000001011111110000000100000001011101110000000100000001010111010000000100000001010100110000000100000001010111000000000100000001011000100000000100000001011001110000000100000001011110000000000100000001011011010000000100000001000000010000000100000001011110100000000100000001011000000000000100000001010111110000000100000001011000110000000100000001011100000000000100000001000000010000000100000001011010110000000100000001011100110000000100000001011111010000000100000001011101100000000100000001011100010000000100000001011110000000000100000001011011100000000100000001011101100000000100000001011111000000000100000001011100000000000100000001011111000000000100000001011111100000000100000001011101010000000100000001011011000000000100000001000000010000000100000001011100100000000100000001011010010000000100000001011010100000000100000001011000010000000100000001011010000000000100000001010111110000000100000001011010110000000100000001011100100000000100000001011000110000000100000001010010110000000101111010010011110000000101111000011011010000000100000001011000100000000101100011011000100000000101000101011111010000000101001011011010100000000100101010000000010000000100000001000000010000000100000001010111000111001000111000000000010000000100000001000000010000000100000001000000010000000100000001000000010000000100000001000000010000000100000001000000010000000100000001011111100000000100000001011111100000000100000001000000010000000100000001000000010000000100000001000000010000000100000001000000010000000100000001000000010000000100000001000000010000000100000001000000010000000100000001000000010000000100000001000000010000000100000001000000010000000100000001000000010000000100000001000000010000000100000001000000010000000100000001000000010000000100000001000000010000000100000001000000010000000100000001000000010000000100000001011110010000000100000001011010100000000100000001011110010000000100000001000000010000000100000001000000010000000100000001000000010000000100000001000000010000000100000001000000010000000100000001000000010000000100000001000000010000000100000001000000010000000100000001000000010000000100000001000000010000000100000001000000010000000100000001000000010000000100000001000000010000000100000001000000010000000100000001000000010000000100000001000000010000000100000001000000010000000100000001000000010000000100000001000000010000000100000001011011010111101101000101011011000111111100110110000000010000000101000010000000010000000101001000000000010000000101101111000000010000000101111010000000010000000101010100011110010000000101000000011100010000000100111000011110110000000100111111000000010000000101111010000000010000000101110101011101010000000100101110000000010000000101000110011011010000000100101011000000010000000101011101000000010000000101110111000000010000000101101111000000010000000101000101011111000000000100111010011100110000000100110001000000010000000101000001000000010000000101110110000000010000000101111110011010110000000100101001000000010000000100111110011111000000000100111010011101110000000100110101000000010000000101110000000000010000000100000001011100100000000100110010000000010000000101010110000000010000000101001110011001000111101000101000000000010000000101111110000000010000000100000001000000010000000101010010011100000111110101000111000000010000000100000001000000010000000100000001000000010000000100000001000000010000000100000001000000010000000100000001000000010000000100000001000000010000000100000001000000010000000100000001000000010000000100000001000000010000000100000001011110010000000100000001011100110000000100000001011111010000000100000001010010010000000100000001001101010000000100000001001011100000000100000001001110010000000100000001010010110000000100000001010011000000000100000001010001100000000100000001010011110000000100000001011110010000000100000001000000010000000100000001011100010000000100000001011000100000000100000001011110000000000100000001000000010000000100000001000000010000000100000001000000010000000100000001000000010000000100000001000000010000000100000001000000010000000100000001000000010000000100000001000000010000000100000001000000010000000100000001000000010000000100000001000000000000000100000001000000010000000100000001000000010000000100000001000000010000000100000001000000010000000100000001000000010000000100000001000000010000000100000001000000010000000100000001000000010000000100000001000000010000000100000001000000010000000100000001000000010000000100000001000000010000000100000001000000010000000100000001000000010000000100000001011111100000000100000001000000010000000100000001000000010000000100000001000000010000000100000001000000010000000100000001011011010000000100000001011011100000000100000001000000010000000100000001000000010000000100000001000000010000000100000001011111100000000100000001000000010000000100000001000000010000000100000001000000010000000100000001000000010000000100000001000000010000000100000001000000010000000100000001000000010000000100000001000000010000000100000001000000010000000100000001000000010000000100000001000000010000000100000001000000010000000100000001000000010000000100000001000000010000000100000001000000010000000100000001000000010111101100000001010101100111011100000001010010000000000100000001000000010000000100000001010010000000000100000001011010110000000100000001010100000000000100000001010110010000000100000001000000010000000100000001011000010000000100000001011110000000000100000001011110010111111100000001010000110000000100000001010001000000000100000001011001000000000100000001011100000000000100000001010101110000000100000001011101100000000100000001011111100000000100000001010010010000000100000001011100100000000100000001011001000111100000000001001111000000000100000001011101100000000100000001011011100111011000000001001111000000000100000001010010000000000100000001011110110000000100000001010101000111110000000001010001100000000100000001011000110000000100000001010011110000000100000001011100110000000100000001010001110000000100000001011010100000000100000001010010110000000100000001010001110000000100000001011000010000000100000001011000110000000100000001011100000000000100000001011100000000000100000001010010100000000100000001010111110111011000000001001111010111011100000001010000100000000100000001010011000000000100000001011001110111011000000001010001110111101100000001010011100000000100000001000000010000000100000001010110100000000100000001010110100000000100000001000000010000000100000001011010100000000100000001000000010000000100000001011111110000000100000001010110110000000100000001000000010000000100000001011011010000000100000001010100100110111001111010001100100000000100000001000000010000000100000001011000100000000100000001010000110000000100000001010000110111111100000001001111010110111100000001001011100000000100000001010011110111110100000001001111010000000100000001010100000000000100000001010100000000000100000001011100100000000100000001011011000000000100000001010011110000000100000001011010100111010000000001001100110000000100000001000000010000000100000001011101110000000100000001011010010000000100000001011110100000000100000001000000010000000100000001000000010000000100000001000000010000000100000001000000010000000100000001000000010000000100000001000000010000000100000001000000010111001000000001000000010000000100000001000000010000000100000001000000010000000100000001000000010000000100000001000000010000000100000001000000010000000100000001000000010000000100000001000000010110101000000001000000010100111100000001011111000110100100000001000000010101111100000001000000010101011100000001000000010101110000000001000000010110100100000001000000010110100100000001000000010111000000000001000000010111000000000001000000010110100000000001000000010110111000000001000000010101110100000001000000010101001100000001000000010101101100000001000000010111010000000001000000010110101000000001000000010101010100000001000000010110101100000001000000010101110000000001000000010101111000000001000000010110000100000001000000010110111100000001000000010101111000000001000000010110011100000001000000010000000100000001000000010111110100000001000000010111100100000001000000010111000000000001000000010111101100000001000000010111010000000001000000010101100000000001000000010110011100000001000000010111111100000001000000010111100000000001000000010110100100000001000000010101101100000001000000010111000100000001000000010111110000000001000000010111110000000001000000010110111100000001000000010000000100000001000000010111010100000001000000010110110100000001000000010110100100000001000000010110011100000001000000010110001100000001000000010110000100000001000000010110010100000001000000010111000000000001000000010101011100000001000000010101000000000001000000010100000100000001011111000100011000000001000000010111000000000001000000010111100100000001000000010110001000000001000000010110001000000001000000010110100100000001000000010110001000000001000000010110000000000001000000010101110000000001000000010101111100000001000000010101011000000001000000010101001000000001000000010100011100000001011111100110000000000001000000010101011000000001000000010101111100000001000000010101011000000001000000010110011100000001000000010111001100000001000000010110111000000001000000010111010000000001000000010110011100000001000000010111000100000001000000010101110100000001000000010101011000000001000000010101101000000001000000010111100100000001000000010110110100000001000000010101011100000001000000010110110100000001000000010101111000000001000000010110000000000001000000010110001100000001000000010111000100000001000000010110000000000001000000010110100100000001000000010000000100000001000000010111111000000001000000010111100100000001000000010111001000000001000000010111110100000001000000010111010000000001000000010101101000000001000000010110100100000001000000010000000100000001000000010111101000000001000000010110100100000001000000010101101100000001000000010111001100000001000000010111111000000001000000010111110100000001000000010110111100000001000000010000000100000001000000010110110100000001000000010110101000000001000000010110101100000001000000010110001100000001000000010110011100000001000000010110000000000001000000010110011100000001000000010110101000000001000000010101111000000001000000010101010100000001000000010101100000000001000000010101110000000001011110000000000100000001000000010000000100000001011101110110110100000001001111010111001000000001001101000000000100000001010101010000000100000001000000010000000100000001011000010000000100000001000000010000000100000001000000010000000100000001000000010000000100000001000000010000000100000001000000010000000100000001000000010000000100000001000000010110111000000001000000010111111000000001000000010000000100000001000000010000000100000001000000010000000100000001000000010000000100000001000000010000000100000001000000010000000100000001000000010000000100000001000000010000000100000001000000010000000100000001000000010000000100000001000000010000000100000001000000010000000100000001000000010000000100000001000000010000000100000001000000010000000100000001000000010000000100000001000000010000000100000001000000010000000100000001000000010000000100000001000000010000000100000001000000010000000100000001000000010000000100000001000000010000000100000001000000010000000100000001000000010000000100000001000000010000000100000001000000010000000100000001000000010000000100000001000000010000000100000001000000010000000100000001000000010000000100000001000000010000000100000001000000010000000100000001000000010000000100000001000000010000000100000001000000010000000100000001000000010000000100000001000000010000000100000001000000010000000100000001000000010000000100000001010011110111111100000001010000000000000100000001010110000000000100000001000000010000000100000001011011000000000100000001000000010000000100000001011110000000000100000001010010110111110100000001010000010000000100000001011001000000000100000001000000010000000100000001010010010000000100000001011010100111001000000001001100000000000100000001001111100000000100000001010001110000000100000001000000010000000100000001000000010000000100000001000000010000000100000001010001110000000100000001010001000000000100000001010011110111101000000001001110000000000100000001010101100101110101110011000110110000000100000001010101010000000100000001010011100000000100000001011101010101110101110110000111000000000100000001011111110000000100000001010000110111001000000001001101100111000100000001001101110111101100000001010000100000000100000001011001110000000100000001011010110000000100000001011000110000000100000001000000010000000100000001000000010000000100000001000000010000000100000001000000010000000100000001000000010000000100000001000000010000000100000001000000010000000100000001000000010000000100000001000000010000000100000001000000010000000100000001000000010000000100000001000000010000000100000001000000010000000100000001000000010110010100000001000000010101011000000001000000010110000000000001000000010110111000000001000000010110111100000001000000010101100000000001000000010110100100000001000000010000000100000001000000010000000100000001000000010000000100000001000000010000000100000001000000010000000100000001000000010000000100000001000000010000000100000001000000010000000100000001000000010000000100000001000000010000000100000001000000010000000100000001000000010000000100000001000000010000000100000001000000010000000100000001000000010000000100000001000000010000000000000001000000010000000100000001000000010000000100000001000000010000000100000001000000010000000100000001000000010000000100000001000000010000000100000001000000010000000100000001000000010000000100000001000000010000000100000001000000010000000100000001000000010000000100000001000000010000000100000001000000010000000100000001000000010000000100000001000000010000000100000001000000010000000100000001000000010000000100000001000000010000000100000001000000010000000100000001000000010000000100000001000000010000000100000001000000010000000100000001000000010000000100000001000000010000000100000001000000010000000100000001000000010000000100000001000000010000000100000001000000010000000100000001000000010000000100000001000000010000000100000001000000010000000100000001000000010000000100000001000000010000000100000001000000010000000100000001000000010000000100000001000000010000000100000001000000010000000100000001000000010000000100000001000000010000000100000001000000010000000100000001000000010000000100000001000000010000000100000001000000010110000100000001000000010000000100000001000000010111011000000001000000010100010001110001000000010011001100000001000000010100100000000001000000010110000000000001000000010111100100000001000000010111100001110100000000010011011000000001000000010101001000000001000000010100001000000001000000010101100100000001000000010000000100000001000000010111011100000001000000010100110001111101000000010011111101111111000000010100000101101011011111100010110100000001000000010000000100000001000000010111100000000001000000010101110001101110000000010011000001101110000000010011000001111111000000010100001000000001000000010111110000000001000000010111110001101101000000010011010001110001000000010011100000000001000000010101100000000001000000010101000100000001000000010111100000000001000000010000000100000001000000010100011100000001000000010100011101111100000000010011110001011101011100010001111000000001000000010000000100000001000000010110101100000001000000010100111000000001000000010101000000000001000000010100011100000001000000010110010000000001000000010000000100000001000000010000000101100011011111010010111100000001000000010101000101100101011111000011000101110010000000010011111000000001000000010111111000000001000000010111011101100010011101100010100101101110000000010011001100000001000000010100100100000001000000010101110100000001000000010000000100000001000000010111101101110000011111010011000101110111000000010011010100000001000000010101010000000001000000010011110100000001000000010111001100000001000000010111000100000001000000010101001101100101011111100010001001110110000000010011010101101100000000010010110000000001000000010000000100000001000000010000000100000001000000010100011000000001000000010011110000000001000000010011111101111110000000010011101100000001000000010000000100000001000000010110110000000001000000010110100101101110011110100100011000000001000000010000000100000001000000010000000100000001000000010000000100000001000000010000000100000001000000010000000100000001000000010000000100000001000000010000000101111110000000010000000101110000000000010000000100000001000000010000000100000001000000010000000100000001000000010000000100000001000000010000000100000001000000010000000100000001000000010000000100000001000000010000000101101110000000010000000101010100000000010000000101011110000000010000000101101001000000010000000101100101000000010000000101100100000000010000000101011101000000010000000101100111000000010000000101100011000000010000000101101110000000010000000101010011000000010000000101001100000000010000000101010101000000010000000101101101000000010000000100000001000000010000000100000001000000010000000101111111000000010000000101101001000000010000000101111000000000010000000101101001000000010000000101011111000000010000000101100010000000010000000101110010000000010000000101111100000000010000000101110111000000010000000100000001000000010000000101100011000000010000000101110000000000010000000101111100000000010000000101101010000000010000000101011001000000010000000101010010000000010000000101011011000000010000000101110111000000010000000101111010000000010000000101101000000000010000000101010010000000010000000101011001000000010000000101110100000000010000000101111011000000010000000101101111000000010000000101100101000000010000000101111110000000010000000101111001000000010000000101111010000000010000000101101010000000010000000101101001000000010000000101100110000000010000000101100111000000010000000101100001000000010000000101101110000000010000000101101010000000010000000101101001000000010000000101011110000000010000000101101001000000010000000101101110000000010000000101100100000000010000000101011001000000010000000101100101000000010000000101100001000000010000000101100001000000010000000101100001000000010000000101100110000000010000000101011111000000010000000101010111000000010000000101000110000000010111110101010101000000010000000101100011000000010000000101100111000000010000000101100000000000010000000101100010000000010000000101101001000000010000000101100111000000010000000101110000000000010000000101010001000000010000000101010000000000010000000101011000000000010000000101110001000000010000000100000001000000010000000100000001000000010000000101111111000000010000000101101011000000010000000101111010000000010000000101101001000000010000000101100001000000010000000101100010000000010000000101110100000000010000000101111110000000010000000101111001000000010000000100000001000000010000000101100011000000010000000101110010000000010000000101111100000000010000000101101010000000010000000101011011000000010000000101010100000000010000000101011011000000010000000101111001000000010000000101111100000000010000000101101000000000010000000101010010000000010000000101011011000000010000000101110110000000010000000101111100000000010000000101101111000000010000000101100111000000010000000101111000000000010000000101111100000000010000000101110111000000010000000101100111000000010000000101100100000000010000000101011111000000010000000101011111000000010000000101101100000000010000000101110000000000010000000101101101000000010000000101100110000000010000000101101011000000010000000101110101000000010111110100000001000000010000000100000001000000010101101100000001000000010100001100000001000000010110011100000001000000010000000100000001000000010110110000000001000000010000000100000001000000010000000100000001000000010000000100000001000000010000000100000001000000010000000100000001000000010000000101111011000000010000000101101101000000010000000101111001000000010000000100000001000000010000000100000001000000010000000100000001000000010000000100000001000000010000000100000001000000010000000100000001000000010000000100000001000000010000000100000001000000010000000100000001000000010000000100000001000000010000000100000001000000010000000100000001000000010000000100000001000000010000000100000001000000010000000100000001000000010000000100000001000000010000000100000001000000010000000100000001000000010000000100000001000000010000000100000001000000010000000100000001000000010000000100000001000000010000000100000001000000010000000100000001000000010000000100000001000000010000000100000001000000010000000100000001000000010000000100000001000000010000000100000001000000010000000100000001000000010000000100000001000000010000000100000001000000010000000100000001000000010000000100000001000000010000000100000001000000010000000100000001000000010000000100000001000000010000000100000001000000010000000100000001000000010000000100000001000000010000000100000001000000010101100001101011000000010010100000000001000000010111101101101000011111110010101000000001000000010000000101110101000000010011111000000001000000010101000001110110000000010011101000000001000000010100011000000001000000010000000101011100011100010001010000000001000000010000000100000001000000010101010000000001000000010100110100000001000000010000000100000001000000010100100101110101000000010011010100000001000000010000000100000001000000010101000000000001000000010101010000000001000000010000000101100110011110110010011000000001000000010110101001101101000000010010110100000001000000010100011101101010011111110010101000000001000000010100110100000001000000010111100000000001000000010100111101111010000000010011110001110111000000010011101100000001000000010100100000000001000000010101010001100001011100110010110000000001000000010110011000000001000000010111110000000001000000010000000100000001000000010000000100000001000000010000000100000001000000010000000100000001000000010000000100000001000000010000000100000001000000010000000100000001000000010000000100000001000000010000000100000001000000010000000100000001000000010000000100000001000000010000000100000001000000010000000100000001000000010000000100000001000000010000000101101101000000010000000101101000000000010000000101110001000000010000000101110011000000010000000101101001000000010000000100000001000000010000000100000001000000010000000100000001000000010000000100000001000000010000000100000001000000010000000100000001000000010000000100000001000000010000000100000001000000010000000100000001000000010000000100000001000000010000000100000001000000010000000100000001000000010000000100000001000000010000000100000001000000010000000100000001000000010000000100000001000000010000000100000000000000010000000100000001000000010000000100000001000000010000000100000001000000010000000100000001000000010000000100000001000000010000000100000001000000010000000100000001000000010000000100000001000000010000000100000001000000010000000100000001000000010000000100000001000000010000000100000001000000010000000100000001000000010000000100000001000000010000000101110110000000010000000101101010000000010000000100000001000000010000000100000001000000010000000100000001000000010000000101011101000000010000000101101000000000010000000100000001000000010000000100000001000000010000000100000001000000010000000101110110000000010000000100000001000000010000000100000001000000010000000100000001000000010000000100000001000000010000000100000001000000010000000100000001000000010000000100000001000000010000000100000001000000010000000100000001000000010000000100000001000000010000000100000001000000010000000100000001000000010000000100000001000000010000000100000001000000010000000100000001000000010000000100000001000000010000000100000001011010000111001101000101000000010000000100000001000000010000000100000001011010010111110100110000011011010000000100110001011100010000000100110011011111010000000100111101000000010000000100000001000000010000000101111000000000010000000101010101000000010000000101001000000000010000000100111101000000010000000101000000000000010000000101111000000000010000000101110110011111100000000100111010000000010000000101100000000000010000000100111110011110100000000100110110000000010000000101110111000000010000000101111110000000010000000101000110011101010000000100110001011011000000000100101000000000010000000101000101000000010000000100000001000000010000000101101111011110000000000100111000000000010000000101010110011010100000000100101000011110010000000100110110000000010000000101110011000000010000000101101101000000010000000101010101000000010000000101000111011111010000000100110110000000010000000101010111000000010000000101110111000000010000000100000001000000010000000101000001011111000000000100111100000000010000000101001000011111000000000101000000000000010000000101111001000000010000000101111110010111000111100100100100000000010000000101001000000000010000000101011000010110000111010100011111000000010000000101111001000000010000000100000001011011100000000100101110000000010000000101001100011110010000000100111001000000010000000101010100000000010000000101111100000000010000000100000001000000010000000101000110000000010000000101010010000000010000000100111111000000010000000100111111000000010000000101111001000000010000000101110010000000010000000101000111011001100111111100100011000000010000000101001000010110010111001000011010000000010000000101111010000000010000000101111111011101010000000100110111000000010000000101000011011111000000000100110110000000010000000101000101000000010000000100000001000000010000000100000001000000010000000101010110000000010000000100000001000000010000000100000001000000010000000100000001000000010000000100000001000000010000000100000001000000010000000100000001000000010000000100000001011101010000000100000001011001000000000100000001011100000000000100000001000000010000000100000001000000010000000100000001000000010000000100000001000000010000000100000001000000010000000100000001000000010000000100000001000000010000000100000001000000010000000100000001000000010000000100000001011011010000000100000001011100100000000100000001011101110000000100000001011011110000000100000001011010110000000100000001011101110000000100000001011001000000000100000001010110100000000100000001011000000000000100000001011011000000000100000001011101100000000100000001011011110000000100000001011100010000000100000001011110010000000100000001011111110000000100000001011111000000000100000001011001110000000100000001011001000000000100000001010111010000000100000001011100110000000100000001011110100000000100000001011111000000000100000001011010000000000100000001011101010000000100000001010011110000000100000001011010010000000100000001011111110000000100000001011001010000000100000001010110000000000100000001010111000000000100000001010111010000000100000001011100010000000100000001011101100000000100000001011010000000000100000001010110000000000100000001010101010000000100000001011100010000000100000001011101010000000100000001011011000000000100000001010100110000000100000001011111100000000100000001011011100000000100000001011110100000000100000001011011110000000100000001011011100000000100000001010111010000000100000001010101110000000100000001011011100000000100000001000000010000000100000001011101110000000100000001000000010000000100000001000000010000000100000001010111010000000100000001010100110000000100000001010111000000000100000001011100000000000100000001011101000000000100000001011010110000000100000001011100100000000100000001011101110000000100000001011111000000000100000001011101100000000100000001011100000000000100000001011011010000000100000001011000110000000100000001011101000000000100000001011011100000000100000001011100010000000100000001011011110000000100000001011101000000000100000001011011010000000100000001010111110000000100000001011000000000000100000001011100000000000100000001011110000000000100000001011100110000000100000001011100000000000100000001011110100000000100000001011111010000000100000001011110100000000100000001011001110000000100000001011001000000000100000001010111110000000100000001011100110000000100000001011110100000000100000001011111100000000100000001011010100000000100000001011101100000000100000001010100010000000100000001011010110000000100000001011111110000000100000001011001110000000100000001010110000000000100000001010111000000000100000001010111010000000100000001011100110000000100000001011110000000000100000001011010000000000100000001010110000000000100000001010101010000000100000001011100010000000100000001011101110000000100000001011010100000000100000001010011100000000100000001011100100000000100000001011100010000000100000001011100010000000100000001011100010000000100000001011010100000000100000001010111010000000100000001010101000000000100000001011010000000000100000001011111010000000100000001011101000000000100000001000000010000000100000001000000010000000100000001011010010000000101110011000000010000000100000001011010000000000100111100000000010000000101110100000000010000000101000111000000010000000101001011000000010000000101100101000000010000000101110110000000010000000100000001000000010000000100000001000000010000000100000001000000010000000100000001000000010000000100000001000000010000000100000001000000010000000100000001000000010000000100000001000000010000000100000001000000010000000100000001000000010000000100000001000000010000000100000001000000010000000100000001000000010000000100000001000000010000000100000001000000010000000100000001000000010000000100000001000000010000000100000001000000010000000100000001000000010000000100000001000000010000000100000001000000010000000100000001000000010000000100000001000000010000000100000001000000010000000100000001000000010000000100000001000000010000000100000001000000010000000100000001000000010000000100000001000000010000000100000001000000010000000100000001000000010000000100000001000000010000000100000001000000010000000100000001000000010000000100000001000000010000000100000001000000010000000100000001000000010000000100000001000000010000000100000001000000010000000100000001000000010000000100000001000000010000000100000001000000010000000100000001000000010000000100000001000000010000000100000001000000010000000100000001000000010000000100000001000000010000000101010011000000010000000101101010000000010000000101001101000000010000000101110010000000010000000101101011000000010000000101001000000000010000000101101100000000010000000101101000000000010000000101111011000000010000000101100001000000010000000101010100000000010000000101100010000000010000000101100000000000010000000101010001000000010000000101111001000000010000000101111010000000010000000101110110000000010000000101001000000000010000000101010010000000010000000101011100000000010000000101010001000000010000000101101011000000010000000101000110011111100000000101000100000000010000000101000111011101110000000100111101011110100000000101000000000000010000000101010100000000010000000101011001000000010000000101011000000000010000000101110111011110100000000101000000000000010000000101101000000000010000000101011111000000010000000101100000000000010000000101100001000000010000000100000001000000010000000100000001000000010000000100000001000000010000000100000001000000010000000100000001000000010000000100000001000000010000000100000001000000010000000100000001000000010000000100000001000000010000000100000001000000010000000100000001000000010000000100000001000000010000000100000001000000010000000100000001000000010000000100000001010011100000000100000001010001000000000100000001010110010000000100000001010110100000000100000001011001110000000100000001010101010000000100000001010110000000000100000001000000010000000100000001000000010000000100000001000000010000000100000001000000010000000100000001000000010000000100000001000000010000000100000001000000010000000100000001000000010000000100000001000000010000000100000001000000010000000100000001000000010000000100000001000000010000000100000001000000010000000100000001000000010000000100000001000000010000000100000001000000000000000100000001000000010000000100000001000000010000000100000001000000010000000100000001000000010000000100000001000000010000000100000001000000010000000100000001000000010000000100000001000000010000000100000001000000010000000100000001000000010000000100000001011101100000000100000001011110100000000100000001000000010000000100000001000000010000000100000001011000000000000100000001010110110000000100000001011100100000000100000001000000010000000100000001010111110000000100000001010110000000000100000001011000000000000100000001011010010000000100000001000000010000000100000001000000010000000100000001011011110000000100000001011100110000000100000001000000010000000100000001000000010000000100000001000000010000000100000001000000010000000100000001000000010000000100000001000000010000000100000001000000010000000100000001000000010000000100000001000000010000000100000001000000010000000100000001000000010000000100000001000000010000000100000001000000010000000100000001000000010000000100000001000000010000000100000001000000010000000100000001000000010000000100000001000000010101011001100100001010100000000100000001000000010000000100000001000000010000000100000001010100000000000100000001010100000000000100000001011100110000000100000001011011010000000100000001001111100000000100000001000000010111100100000001001101000000000100000001010101000000000100000001011111010000000100000001010011000000000100000001011001010111100100000001001101000000000100000001010001010110111100000001001010100000000100000001000000010000000100000001011111000111011100000001001100100111111000000001001110100110000001111010000111000111011000000001001100110101010001101101000100010000000100000001000000010000000100000001000000010000000100000001000000010111111000000001001110110110101100000001001001100000000100000001000000010000000100000001000000010110110100000001001001110000000100000001011010110000000100000001001110100111111000000001001110100000000100000001010001010000000100000001011011010000000100000001011010110000000100000001000000010110111100000001001011110000000100000001010000100101101001110011000111010000000100000001000000010111001000000001001110010101110101111010001001000110111000000001001100110000000100000001010001000101100001110101000110000000000100000001010101100111011100000001001101110000000100000001000000010110111000000001001010110000000100000001010101100101010001101001000101000000000100000001011001110000000100000001000000010000000100000001011001100111110100000001001110100000000100000001010011100000000100000001010011100000000100000001010101000000000100000001000000010110110000000001001010100110100000000001001010000000000100000001010110100000000100000001000000010110011101111110001011000000000100000001000000010000000100000001010011010000000100000001010000100000000100000001010011000000000100000001000000010000000100000001011010100000000100000001000000010000000100000001000000010000000100000001000000010000000100000001000000010000000100000001000000010000000100000001000000010000000100000001000000010000000100000001000000010110111100000001000000010110010100000001000000010000000100000001000000010000000100000001000000010000000100000001000000010000000100000001000000010000000100000001000000010000000100000001000000010000000100000001000000010000000100000001000000010000000100000001000000010111101100000001000000010110011100000001000000010110000100000001000000010110101100000001000000010101100000000001000000010110100100000001000000010111100100000001000000010110110000000001000000010101001100000001000000010110101000000001000000010111000000000001000000010110101000000001000000010100111100000001000000010101001100000001000000010110001100000001000000010111101100000001000000010000000100000001000000010110010100000001000000010101001100000001000000010101111100000001000000010101111000000001000000010111010000000001000000010101110100000001000000010110010100000001000000010110001100000001000000010101011100000001000000010110010100000001000000010110110000000001000000010110101100000001000000010110110000000001000000010110011000000001000000010110010000000001000000010110011100000001000000010110001000000001000000010110001000000001000000010110011000000001000000010110010100000001000000010110111000000001000000010110110100000001000000010110010100000001000000010101000100000001000000010110101000000001000000010101000100000001000000010110010000000001000000010110110000000001000000010110100100000001000000010100110000000001000000010100110000000001000000010110110000000001000000010111100100000001000000010111011100000001000000010000000100000001000000010111111000000001000000010101010000000001000000010101101100000001000000010111100000000001000000010110110000000001000000010110111100000001000000010110011000000001000000010111000100000001000000010110111100000001000000010110011100000001000000010110010000000001000000010110011000000001000000010111000000000001000000010101101100000001000000010101110100000001000000010101011100000001000000010110010100000001000000010111001000000001000000010111110100000001000000010110100000000001000000010101101100000001000000010110110000000001000000010111001100000001000000010110100100000001000000010101000000000001000000010101000100000001000000010110010100000001000000010111110000000001000000010000000100000001000000010110001100000001000000010101001100000001000000010101110100000001000000010101111000000001000000010111010000000001000000010101111100000001000000010110011000000001000000010110010100000001000000010101011100000001000000010110010100000001000000010110110000000001000000010110101100000001000000010110101000000001000000010110011000000001000000010110001100000001000000010110011100000001000000010110001000000001000000010110000000000001000000010110011000000001000000010110010100000001000000010110111000000001000000010110111100000001000000010110010100000001000000010101001000000001000000010110011000000001000000010101011100000001000000010101101100000001000000010110110000000001000000010110001100000001000000010100011000000001000000010100001100000001011111110110101000000001000000010000000100000001000000010111010100000001000000010000000100000001000000010000000100000001000000010111001000000001011111100110111100000001010111110000000100000001011111100000000100000001010011000000000100000001010001110000000100000001010100000000000100000001011101100000000100000001011110100000000100000001000000010000000100000001000000010000000100000001000000010000000100000001000000010000000100000001000000010111111000000001000000010111001000000001000000010110110000000001000000010000000100000001000000010000000100000001000000010000000100000001000000010000000100000001000000010000000100000001000000010000000100000001000000010000000100000001000000010000000100000001000000010000000100000001000000010000000100000001000000010000000100000001000000010000000100000001000000010000000100000001000000010000000100000001000000010000000100000001000000010000000100000001000000010000000100000001000000010000000100000001000000010000000100000001000000010000000100000001000000010000000100000001000000010000000100000001000000010000000100000001000000010000000100000001000000010000000100000001000000010000000100000001000000010000000100000001000000010000000100000001000000010000000100000001000000010000000100000001000000010000000100000001000000010000000100000001000000010000000100000001000000010000000100000001000000010000000100000001000000010000000100000001000000010000000100000001000000010000000100000001000000010000000100000001000000010000000100000001000000010000000100000001011110010000000100000001010000100000000100000001011011000000000100000001010001000000000100000001011011010000000100000001010110110000000100000001010110010000000100000001011111010111110000000001001110100000000100000001010110100000000100000001010001110000000100000001010010010000000100000001011100110000000100000001010011110000000100000001010101000000000100000001010111000000000100000001010110110111100100000001010000000000000100000001000000010111011000000001001111010000000100000001010111100000000100000001010011010000000100000001010110100000000100000001011110000000000100000001011001000111110000000001010000110111110100000001010000010000000100000001011000010000000100000001011010000000000100000001010111110000000100000001010011100111101000000001010000110000000100000001011010000000000100000001010110000000000100000001011111000000000100000001000000010000000100000001000000010000000100000001000000010000000100000001000000010000000100000001000000010000000100000001000000010000000100000001000000010000000100000001000000010000000100000001000000010000000100000001000000010000000100000001000000010111110100000001000000010000000100000001000000010000000100000001000000010101100100000001000000010100000100000001000000010011100100000001000000010011101000000001000000010101101100000001000000010101000000000001000000010011111100000001000000010101010000000001000000010111111000000001000000010000000100000001000000010111100100000001000000010110111100000001000000010111100000000001000000010000000100000001000000010000000100000001000000010000000100000001000000010000000100000001000000010000000100000001000000010000000100000001000000010000000100000001000000010000000100000001000000010000000100000001000000010000000100000001000000010000000000000001000000010000000100000001000000010000000100000001000000010000000100000001000000010000000100000001000000010000000100000001000000010000000100000001000000010000000100000001000000010000000100000001000000010000000100000001000000010000000100000001000000010111011100000001000000010111101100000001000000010000000100000001000000010000000100000001000000010101110100000001000000010101101000000001000000010111000000000001000000010000000100000001000000010101110000000001000000010101010100000001000000010101110000000001000000010110011100000001000000010000000100000001000000010111111000000001000000010110110100000001000000010111000100000001000000010000000100000001000000010000000100000001000000010000000100000001000000010000000100000001000000010000000100000001000000010000000100000001000000010000000100000001000000010000000100000001000000010000000100000001000000010000000100000001000000010000000100000001000000010000000100000001000000010000000100000001000000010000000100000001000000010000000100000001000000010000000100000001000000010000000100000001000000010000000100000001000000010000000100000001000000010000000100000001000000010111100101011111011101000010010100000001000000010101101100000001000000010101011000000001000000010000000100000001000000010000000100000001000000010000000100000001000000010100001101111011000000010011011000000001000000010000000100000001000000010000000100000001000000010111010100000001000000010000000101100010011101100001110101111001000000010011001000000001000000010000000100000001000000010000000100000001000000010110110100000001000000010111111100000001000000010100011101101010000000010010110101100001011110000010010000000001000000010000000100000001000000010000000100000001000000010100111000000001000000010100001101111001000000010011100100000001000000010000000100000001000000010000000100000001000000010100011100000001000000010000000101110000000000010010111101111100000000010011110000000001000000010000000100000001000000010101010100000001000000010000000100000001000000010000000100000001000000010100010100000001000000010101011001100000011101110010001100000001000000010000000100000001000000010000000101011000011100000001110000000001000000010100101001101100000000010011000100000001000000010100100000000001000000010000000100000001000000010101011000000001000000010110111000000001000000010100010100000001000000010100001100000001000000010000000100000001000000010000000100000001000000010000000100000001000000010100000001101001000000010010100100000001000000010100010000000001000000010111010100000001000000010110100000000001000000010000000100000001000000010110011101101110000000010010111101110001000000010011001100000001000000010111100000000001000000010000000101101001011111100010111100000001000000010111010100000001000000010100001000000001000000010110010100000001000000010000000100000001000000010000000100000001000000010000000100000001000000010000000100000001000000010000000100000001000000010000000100000001000000010000000100000001000000010000000100000001000000010000000100000001000000010000000101110010000000010000000101110010000000010000000101111111000000010000000100000001000000010000000100000001000000010000000100000001000000010000000100000001000000010000000100000001000000010000000100000001000000010000000100000001000000010000000101111100000000010000000101100111000000010000000101100010000000010000000101010101000000010000000101010011000000010000000101000111000000010000000101011101000000010000000101101001000000010000000101011101000000010000000101001110000000010000000101100000000000010000000101010110000000010000000101001110000000010000000101001000000000010000000101100110000000010000000101110101000000010000000100000001000000010000000101110100000000010000000101111001000000010000000101101010000000010000000101100110000000010000000101110100000000010000000100000001000000010000000101100010000000010000000101010000000000010000000101100110000000010000000101101001000000010000000101101010000000010000000101100100000000010000000101101001000000010000000101101110000000010000000101101000000000010000000101100001000000010000000101100000000000010000000101011010000000010000000101100100000000010000000101101100000000010000000101110001000000010000000101101100000000010000000101110010000000010000000101110010000000010000000101011111000000010000000101101000000000010000000101011001000000010000000101100001000000010000000101110110000000010000000101110100000000010000000101011100000000010000000101100101000000010000000101101111000000010000000101100000000000010000000101011000000000010000000101010001000000010000000101010011000000010000000101010110000000010000000101101101000000010000000101111010000000010000000101011001000000010000000101101100000000010000000101100111000000010000000101101101000000010000000101100001000000010000000101010110000000010000000101011000000000010000000101011010000000010000000101010011000000010000000101010111000000010000000101010010000000010000000101001100000000010000000101001011000000010000000101011101000000010000000101110011000000010000000101011011000000010000000101010100000000010000000101011111000000010000000101010111000000010000000101001100000000010000000101000111000000010000000101100010000000010000000101110101000000010000000100000001000000010000000101110000000000010000000101110101000000010000000101101000000000010000000101100100000000010000000101110100000000010000000101111111000000010000000101100010000000010000000101010001000000010000000101101000000000010000000101101011000000010000000101101100000000010000000101100100000000010000000101101001000000010000000101101110000000010000000101100111000000010000000101011110000000010000000101011111000000010000000101011001000000010000000101100100000000010000000101101100000000010000000101110001000000010000000101101100000000010000000101110100000000010000000101110010000000010000000101011000000000010000000101100010000000010000000101011000000000010000000101011100000000010000000101110111000000010000000101111000000000010000000101011010000000010000000101100110000000010000000101110000000000010000000101010110000000010000000101011000000000010000000101010001000000010000000101100000000000010000000101101001000000010111011001110000000000010110000101011001011111000011001001100100011110000010101100000001000000010111000000000001000000010000000101011110011101110010011100000001000000010101011000000001000000010000000100000001000000010000000100000001000000010000000100000001000000010000000100000001000000010000000101100100000000010000000101011011000000010000000101011000000000010000000101110100000000010000000100000001000000010000000100000001000000010000000100000001000000010000000100000001000000010000000100000001000000010000000100000001000000010000000100000001000000010000000100000001000000010000000100000001000000010000000100000001000000010000000100000001000000010000000100000001000000010000000100000001000000010000000100000001000000010000000100000001000000010000000100000001000000010000000100000001000000010000000100000001000000010000000100000001000000010000000100000001000000010000000100000001000000010000000100000001000000010000000100000001000000010000000100000001000000010000000100000001000000010000000100000001000000010000000100000001000000010000000100000001000000010000000100000001000000010000000100000001000000010000000100000001000000010000000100000001000000010000000100000001000000010000000100000001000000010000000100000001000000010000000100000001000000010000000100000001000000010000000100000001000000010000000100000001000000010101111100000001000000010100101101101010000000010010111000000001000000010111101100000001000000010000000100000001000000010100110001011111011101010010001100000001000000010101011101101111000000010011000000000001000000010111101100000001000000010111010101101001011110100010001101110001000000010011001100000001000000010110110101100110011110100010110100000001000000010111101100000001000000010000000100000001000000010101100100000001000000010100110001101101000000010011010000000001000000010100101000000001000000010111100000000001000000010000000101100000011101000010011101101111000000010011011000000001000000010100111101101001011111010011000000000001000000010000000100000001000000010111011000000001000000010101001101110110000000010011100101110101000000010011110000000001000000010101001100000001000000010000000100000001000000010111110100000001000000010110111100000001000000010000000100000001000000010000000100000001000000010000000100000001000000010000000100000001000000010000000100000001000000010000000100000001000000010000000100000001000000010000000100000001000000010000000100000001000000010000000100000001000000010000000100000001000000010000000100000001000000010000000100000001000000010000000101100010000000010000000101001010000000010000000101000010000000010000000101000010000000010000000101100000000000010000000101010100000000010000000101000100000000010000000101011000000000010000000100000001000000010000000100000001000000010000000101111100000000010000000101110000000000010000000101111001000000010000000100000001000000010000000100000001000000010000000100000001000000010000000100000001000000010000000100000001000000010000000100000001000000010000000100000001000000010000000100000001000000010000000100000001000000010000000100000001000000010000000100000000000000010000000100000001000000010000000100000001000000010000000100000001000000010000000100000001000000010000000100000001000000010000000100000001000000010000000100000001000000010000000100000001000000010000000100000001000000010000000100000001000000010000000100000001000000010000000100000001000000010000000100000001000000010000000100000001000000010000000101110001000000010000000101101001000000010000000100000001000000010000000100000001000000010000000101111001000000010000000101010110000000010000000101011111000000010000000100000001000000010000000100000001000000010000000100000001000000010000000101110011000000010000000101111111000000010000000100000001000000010000000100000001000000010000000100000001000000010000000100000001000000010000000100000001000000010000000100000001000000010000000100000001000000010000000100000001000000010000000100000001000000010000000100000001000000010000000100000001000000010000000100000001000000010000000100000001000000010000000100000001000000010000000100000001000000010000000100000001000000010000000100000001000000010000000100000001000000010000000100000001000000010000000101011100011110010000000101000111000000010000000101100110000000010000000101001100000000010000000101001100000000010000000101011110000000010000000101011111000000010000000101001000000000010000000101011111000000010000000101001010000000010000000101010000000000010000000101000111000000010000000101011000000000010000000101110100000000010000000101010110000000010000000101101010000000010000000101000100000000010000000100111110000000010000000101110000000000010000000101110011011111100000000101000101000000010000000101111000000000010000000101011001000000010000000101101000000000010000000101100101000000010000000101110001000000010000000101010010000000010000000101010011000000010000000101001000000000010000000101101100000000010000000101001100000000010000000101100011011111000000000100111110000000010000000101001111011111000000000100111101000000010000000101000111000000010000000100000001000000010000000101001101000000010000000101001010000000010000000101101111000000010000000101010000000000010000000101001100000000010000000101011110000000010000000101011111011111110000000101000011000000010000000101011101011100010000000100110101000000010000000101010000000000010000000101111101000000010000000101000110000000010000000101001111000000010000000101110101000000010000000101100111000000010000000101010001000000010000000101110100011110100000000100111101011111000000000100111111000000010000000101100111000000010000000101101010000000010000000101010101000000010000000101110111000000010000000101000011000000010000000101101001000000010000000101000110000000010000000101100110011111000000000101000011000000010000000101011110000000010000000101001011000000010000000101010101000000010000000101100100000000010000000101101000000000010000000101011101000000010000000100000001000000010000000100000001000000010000000100000001000000010000000100000001000000010000000100000001000000010000000100000001000000010000000100000001000000010000000100000001000000010000000100000001011111110000000100000001011010010000000100000001011110100000000100000001000000010000000100000001000000010000000100000001000000010000000100000001000000010000000100000001000000010000000100000001000000010000000100000001000000010000000100000001011011010000000100000001011110000000000100000001011101100000000100000001011000110000000100000001011000010000000100000001011010010000000100000001011111000000000100000001011110010000000100000001011001100000000100000001011101100000000100000001011011010000000100000001011001100000000100000001011000010000000100000001011111000000000100000001000000010000000100000001000000010000000100000001011010110000000100000001000000010000000100000001011011000000000100000001011110110000000100000001000000010000000100000001011100100000000100000001011010110000000100000001011010100000000100000001011101000000000100000001011100010000000100000001011101000000000100000001011011100000000100000001011000000000000100000001011000110000000100000001011010000000000100000001011000100000000100000001010111000000000100000001010111010000000100000001011001100000000100000001011000000000000100000001011000100000000100000001010111110000000100000001011011010000000100000001011101000000000100000001011101000000000100000001011101100000000100000001011011100000000100000001011001100000000100000001011111100000000100000001000000010000000100000001011101000000000100000001011101000000000100000001011111110000000100000001010111000000000100000001011000100000000100000001011000000000000100000001011101100000000100000001000000010000000100000001011110000000000100000001011001000000000100000001010101010000000100000001011010100000000100000001010111000000000100000001010110110000000100000001010110110000000100000001011000110000000100000001011010100000000100000001010111010000000100000001010011100000000100000001011011110000000100000001011100110000000100000001011011010000000100000001010101100000000100000001011000110000000100000001000000010000000100000001000000010000000100000001011010010000000100000001011101010000000100000001011011110000000100000001011001100000000100000001011000110000000100000001011101110000000100000001011111010000000100000001011110110000000100000001011001110000000100000001011111010000000100000001011010100000000100000001011110010000000100000001000000010000000100000001011100000000000100000001011010110000000100000001011010100000000100000001011101000000000100000001011100010000000100000001011101000000000100000001011011000000000100000001011000000000000100000001011000100000000100000001011001010000000100000001010111110000000100000001010110010000000100000001010110100000000100000001011001010000000100000001011000000000000100000001011000100000000100000001010111110000000100000001011011110000000100000001011101000000000100000001011100100000000100000001011110100000000100000001011100000000000100000001011010010000000100000001011111000000000100000001000000010000000100000001011010000000000100000001011100110000000100000001000000010000000100000001011000000000000100000001011011000000000100000001011000100000000100000001011110110000000100000001000000010000000100000001010101100000000101000110011001000000000100111100000000010000000101001110000000010000000100000001000000010000000101110110011111100000000101000110000000010000000101001011000000010000000101111001000000010000000100000001000000010000000100000001000000010000000100000001000000010000000100000001000000010000000100000001011110000000000100000001011001000000000100000001011110010000000100000001000000010000000100000001000000010000000100000001000000010000000100000001000000010000000100000001000000010000000100000001000000010000000100000001000000010000000100000001000000010000000100000001000000010000000100000001000000010000000100000001000000010000000100000001000000010000000100000001000000010000000100000001000000010000000100000001000000010000000100000001000000010000000100000001000000010000000100000001000000010000000100000001000000010000000100000001000000010000000100000001000000010000000100000001000000010000000100000001000000010000000100000001000000010000000100000001000000010000000100000001000000010000000100000001000000010000000100000001000000010000000100000001000000010000000100000001000000010000000100000001000000010000000100000001000000010000000100000001000000010000000100000001000000010000000100000001000000010000000100000001000000010000000100000001000000010000000100000001000000010000000100000001000000010000000101011111011100000000000100111101000000010000000101000111000000010000000101110101000000010000000101111010000000010000000101100000011101100000000100111001011101000000000100110111010111110111001000011101000000010000000101111100000000010000000101111100000000010000000101000100000000010000000101001010011001100111110000101010011110010000000100111111000000010000000100000001000000010000000101111111010111010111001100100001000000010000000101100000011011010000000100110001000000010000000101001100000000010000000100000001000000010000000101111100011100100000000100110110000000010000000101001001011100010000000100110101000000010000000101001010000000010000000101110111000000010000000101111001000000010000000101011011011110000000000100111100000000010000000101010111000000010000000101011101000000010000000100000001000000010000000100000001000000010000000101101100000000010000000100000001000000010000000100000001000000010000000100000001000000010000000100000001000000010000000100000001000000010000000100000001000000010000000100000001000000010000000100000001000000010000000100000001000000010000000100000001000000010000000100000001000000010000000100000001000000010000000100000001000000010000000100000001000000010000000100000001010110000000000100000001010011010000000100000001011000100000000100000001011001010000000100000001011011100000000100000001010110100000000100000001010111100000000100000001000000010000000100000001000000010000000100000001000000010000000100000001000000010000000100000001000000010000000100000001000000010000000100000001000000010000000100000001000000010000000100000001000000010000000100000001000000010000000100000001000000010000000100000001000000010000000100000001000000010000000100000001000000010000000100000001000000010000000100000001000000000000000100000001000000010000000100000001000000010000000100000001000000010000000100000001000000010000000100000001000000010000000100000001000000010000000100000001000000010000000100000001000000010000000100000001000000010000000100000001000000010000000100000001000000010000000100000001000000010000000100000001000000010000000100000001000000010000000100000001000000010000000100000001000000010000000100000001000000010000000100000001000000010000000100000001011111000000000100000001011111000000000100000001000000010000000100000001000000010000000100000001000000010000000100000001000000010000000100000001000000010000000100000001000000010000000100000001000000010000000100000001000000010000000100000001000000010000000100000001000000010000000100000001000000010000000100000001000000010000000100000001000000010000000100000001000000010000000100000001000000010000000100000001000000010000000100000001000000010000000100000001000000010000000100000001000000010000000100000001000000010000000100000001000000010000000100000001000000010000000100000001000000010000000100000001000000010000000100000001000000010000000100000001000000010000000100000001010110000110101001111100001101010000000100000001011010110000000100000001011100000000000100000001010111000000000100000001011000110000000100000001010101010000000100000001011100110111100100000001001110010000000100000001010101100000000100000001011101110000000100000001011011010000000100000001011110010000000100000001010110110000000100000001000000010000000100000001011011100000000100000001010010000000000100000001011000110000000100000001011100010110101000000001001100100000000100000001010111100000000100000001000000010000000100000001010101110000000100000001011010110000000100000001011001010000000100000001011110110000000100000001010101000000000100000001010001000000000100000001010011010000000100000001011101010000000100000001011000000000000100000001011011110000000100000001010011110000000100000001000000010000000100000001010111110000000100000001010011000000000100000001010001010000000100000001010101100000000100000001010110010000000100000001010111110000000100000001010100100000000100000001010111010000000100000001011001110000000100000001010101100000000100000001011001000000000100000001010101010000000100000001010010100000000100000001010101100000000100000001010110010000000100000001010011010000000100000001010110100000000100000001010111000111110100000001010000100000000100000001011000110000000100000001011000100000000100000001010011110000000100000001011001000000000100000001011101010000000100000001011101110000000100000001011001110000000100000001011100000000000100000001011010110000000100000001010111000000000100000001010011010000000100000001010110000000000100000001011000110111111100000001001111100000000100000001011110110000000100000001011100010000000100000001000000010000000100000001000000010000000100000001000000010000000100000001000000010000000100000001000000010000000100000001000000010000000100000001000000010000000100000001000000010000000100000001000000010000000100000001000000010111110100000001000000010110110100000001000000010111011000000001000000010000000100000001000000010000000100000001000000010000000100000001000000010000000100000001000000010000000100000001000000010000000100000001000000010000000100000001000000010000000100000001000000010111010100000001000000010000000100000001000000010000000100000001000000010111001000000001000000010101100100000001000000010100100100000001000000010101100100000001000000010110000100000001000000010101100000000001000000010111000000000001000000010111111100000001000000010000000100000001000000010000000100000001000000010000000100000001000000010110110100000001000000010110000000000001000000010101011100000001000000010000000100000001000000010000000100000001000000010000000100000001000000010111010000000001000000010000000100000001000000010111000000000001000000010111001000000001000000010000000100000001000000010000000100000001000000010000000100000001000000010000000100000001000000010111000100000001000000010110111100000001000000010111110000000001000000010111111000000001000000010111110000000001000000010000000100000001000000010000000100000001000000010111100100000001000000010111010100000001000000010111011100000001000000010000000100000001000000010000000100000001000000010000000100000001000000010000000100000001000000010111100000000001000000010110101100000001000000010111100000000001000000010111111100000001000000010000000100000001000000010111011000000001000000010110101100000001000000010100111000000001000000010101011000000001000000010101010100000001000000010110001000000001000000010110101000000001000000010110101000000001000000010110101000000001000000010110011100000001000000010111000000000001000000010101010000000001000000010101011100000001000000010110001000000001000000010111001000000001000000010111100000000001000000010110010000000001000000010110000100000001000000010111100000000001000000010111110100000001000000010111001100000001000000010101010100000001000000010101000100000001000000010101111000000001000000010110001000000001000000010101110000000001000000010110110000000001000000010000000100000001000000010000000100000001000000010000000100000001000000010111111000000001000000010110101100000001000000010101101000000001000000010101001100000001000000010000000100000001000000010000000100000001000000010000000100000001000000010111001000000001000000010000000100000001000000010110111100000001000000010111001000000001000000010000000100000001000000010000000100000001000000010000000100000001000000010000000100000001000000010111000100000001000000010110111000000001000000010111100100000001000000010111101100000001000000010111100100000001000000010000000100000001000000010000000100000001000000010111100000000001000000010111001100000001000000010111010100000001000000010000000100000001000000010000000100000001000000010000000100000001000000010000000100000001000000010111100000000001000000010111000000000001000000010111100100000001000000010000000100000001000000010111100100000001000000010111110100000001000000010110100000000001000000010100110000000001000000010100110000000001000000010110001100000001000000010111101000000001000000010000000100000001000000010111001000000001011000000111101100000001010100110000000100000001010100100101110001110001001000100000000100000001000000010000000100000001011011110000000100000001000000010000000100000001010100100000000100000001000000010000000100000001000000010000000100000001000000010000000100000001000000010000000100000001000000010000000100000001000000010110000100000001000000010110110000000001000000010000000100000001000000010000000100000001000000010000000100000001000000010000000100000001000000010000000100000001000000010000000100000001000000010000000100000001000000010000000100000001000000010000000100000001000000010000000100000001000000010000000100000001000000010000000100000001000000010000000100000001000000010000000100000001000000010000000100000001000000010000000100000001000000010000000100000001000000010000000100000001000000010000000100000001000000010000000100000001000000010000000100000001000000010000000100000001000000010000000100000001000000010000000100000001000000010000000100000001000000010000000100000001000000010000000100000001000000010000000100000001000000010000000100000001000000010000000100000001000000010000000100000001000000010000000100000001000000010000000100000001000000010000000100000001000000010000000100000001000000010000000100000001000000010000000100000001000000010000000100000001000000010000000100000001000000010000000100000001010101110000000100000001010100010000000100000001000000010000000100000001010100100000000100000001011110110000000100000001000000010000000100000001010001100000000100000001010010010000000100000001000000010000000100000001000000010000000100000001000000010110001101111001001000010000000100000001010011010110100100000001001010110000000100000001011100110000000100000001000000010000000100000001010011010000000100000001000000010000000100000001010000010111011000000001001110000101111001110110000111100111010100000001001101110000000100000001011001000000000100000001010101010000000100000001010111010111000000000001001100100000000100000001000000010000000100000001000000010000000100000001000000010000000100000001000000010000000100000001010100100110111100000001001111000000000100000001000000010000000100000001000000010000000100000001000000010000000100000001000000010000000100000001000000010000000100000001000000010000000100000001000000010000000100000001000000010000000100000001000000010000000100000001000000010000000100000001000000010000000100000001000000010000000100000001000000010000000100000001000000010000000100000001000000010000000100000001000000010000000100000001000000010000000100000001000000010000000100000001000000010110111000000001000000010110110100000001000000010111011100000001000000010111100100000001000000010110110000000001000000010000000100000001000000010000000100000001000000010000000100000001000000010000000100000001000000010000000100000001000000010000000100000001000000010000000100000001000000010000000100000001000000010000000100000001000000010000000100000001000000010000000100000001000000010000000100000001000000010000000100000001000000010000000100000001000000010000000100000001000000010000000100000001000000010000000000000001000000010000000100000001000000010000000100000001000000010000000100000001000000010000000100000001000000010000000100000001000000010000000100000001000000010000000100000001000000010000000100000001000000010000000100000001000000010000000100000001000000010000000100000001000000010000000100000001000000010000000100000001000000010000000100000001000000010111000000000001000000010110101000000001000000010000000100000001000000010000000100000001000000010111100000000001000000010110000100000001000000010110010000000001000000010000000100000001000000010000000100000001000000010000000100000001000000010111010100000001000000010000000100000001000000010000000100000001000000010000000100000001000000010000000100000001000000010000000100000001000000010000000100000001000000010000000100000001000000010000000100000001000000010000000100000001000000010000000100000001000000010000000100000001000000010000000100000001000000010000000100000001000000010000000100000001000000010000000100000001000000010000000100000001000000010000000100000001000000010000000100000001000000010000000100000001000000010000000100000001000000010000000101110101000000010100111001101111011111100100000000000001000000010101110000000001000000010000000100000001000000010000000100000001000000010100011001111000000000010011101100000001000000010100111001111010000000010011110000000001000000010000000100000001000000010000000100000001000000010101010000000001000000010101011000000001000000010100110101110011000000010011010100000001000000010000000100000001000000010000000100000001000000010101010001100101011110100010101100000001000000010110100001100010011110000010100100000001000000010111010100000001000000010000000100000001000000010101000001111100000000010011111001100110011110100010011101111101000000010011111000000001000000010000000100000001000000010111000000000001000000010100100000000001000000010101011101111010000000010011110000000001000000010110000000000001000000010111101100000001000000010000000100000001000000010100000100000001000000010101110001110101000000010011010000000001000000010100010100000001000000010111011000000001000000010000000101100111011101110010101001111100000000010011111100000001000000010101001000000001000000010100011100000001000000010111110100000001000000010000000100000001000000010100111101111111000000010100010000000001000000010101010000000001000000010100010000000001000000010000000100000001000000010111111000000001000000010100101001111101000000010100001100000001000000010100101000000001000000010100111000000001000000010111101100000001000000010000000101111111000000010100000000000001000000010100101000000001000000010101000100000001000000010110001000000001000000010111010000000001000000010111111100000001000000010100111100000001000000010110000100000001000000010100100101111001000000010100011100000001000000010000000100000001000000010000000100000001000000010000000100000001000000010000000100000001000000010000000100000001000000010000000100000001000000010000000100000001000000010000000100000001000000010000000100000001000000010000000100000001000000010000000101101011000000010000000101110010000000010000000101111001000000010000000100000001000000010000000100000001000000010000000100000001000000010000000100000001000000010000000100000001000000010000000100000001000000010000000100000001000000010000000101111100000000010000000101111010000000010000000101110010000000010000000101111000000000010000000101101100000000010000000101100101000000010000000101011100000000010000000101010100000000010000000101000111000000010000000101001011000000010000000101010011000000010000000101011101000000010000000101011001000000010000000101100010000000010000000101111000000000010000000100000001000000010000000101111010000000010000000101100100000000010000000101100010000000010000000101001100000000010000000101011111000000010000000101010110000000010000000101000111000000010000000101010111000000010000000101110001000000010000000101101111000000010000000101101100000000010000000101101100000000010000000101100101000000010000000101100010000000010000000101101100000000010000000101110110000000010000000101101001000000010000000101110001000000010000000101101011000000010000000101101010000000010000000101100110000000010000000101101000000000010000000101100110000000010000000101110010000000010000000101111010000000010000000101110101000000010000000101011101000000010000000101010001000000010000000101001101000000010000000101010000000000010000000101100100000000010000000101011111000000010000000101100100000000010000000101011101000000010000000101100010000000010000000101011111000000010000000101100101000000010000000101110000000000010000000101101100000000010000000101101011000000010000000101101000000000010000000101101111000000010000000101010110000000010000000101100010000000010000000101100011000000010000000101100001000000010000000101100010000000010000000101010100000000010000000101011111000000010000000101100001000000010000000101101110000000010000000101110100000000010000000101101110000000010000000101100101000000010000000101011000000000010000000101010101000000010000000101001001000000010000000101001001000000010000000101010100000000010000000101011100000000010000000101011001000000010000000101100000000000010000000101111000000000010000000100000001000000010000000101111000000000010000000101100010000000010000000101100000000000010000000101001010000000010000000101011101000000010000000101010110000000010000000101000110000000010000000101010111000000010000000101110001000000010000000101101111000000010000000101101100000000010000000101101010000000010000000101100101000000010000000101100001000000010000000101101011000000010000000101110011000000010000000101101000000000010000000101110000000000010000000101101010000000010000000101101010000000010000000101100100000000010000000101100110000000010000000101100110000000010000000101110010000000010000000101111001000000010000000101111011000000010000000101100001000000010000000101011000000000010000000101001111000000010000000101001110000000010000000101010110000000010000000101100010000000010000000101101011000000010000000101101000000000010000000101011110000000010000000101101000000000010000000101101101000000010000000100000001000000010000000100000001000000010000000100000001000000010110000100000001000000010101010000000001000000010101110000000001000000010000000100000001000000010000000100000001000000010000000101101100011110010011101100000001000000010000000100000001000000010000000100000001000000010000000100000001000000010000000100000001000000010000000100000001000000010000000101110100000000010000000101101101000000010000000100000001000000010000000100000001000000010000000100000001000000010000000100000001000000010000000100000001000000010000000100000001000000010000000100000001000000010000000100000001000000010000000100000001000000010000000100000001000000010000000100000001000000010000000100000001000000010000000100000001000000010000000100000001000000010000000100000001000000010000000100000001000000010000000100000001000000010000000100000001000000010000000100000001000000010000000100000001000000010000000100000001000000010000000100000001000000010000000100000001000000010000000100000001000000010000000100000001000000010000000100000001000000010000000100000001000000010000000100000001000000010000000100000001000000010000000100000001000000010000000100000001000000010000000100000001000000010000000100000001000000010000000100000001000000010000000100000001000000010000000100000001000000010000000100000001000000010000000100000001000000010111111100000001000000010000000100000001000000010110000100000001000000010100100000000001000000010000000100000001000000010000000100000001000000010000000101011100011100110001111000000001000000010100111000000001000000010101001100000001000000010111001000000001000000010000000101010000011001000000101100000001000000010000000101100101011111100010010000000001000000010100101001101001000000010010100100000001000000010000000101110110000000010011011000000001000000010101100100000001000000010101010101101010000000010010101000000001000000010100001001110000000000010011000000000001000000010000000100000001000000010000000101110110000000010011011000000001000000010101010000000001000000010000000100000001000000010000000100000001000000010111100000000001000000010000000101101001011111010011000001111010000000010100010100000001000000010000000100000001000000010000000100000001000000010000000100000001000000010000000100000001000000010000000100000001000000010000000100000001000000010000000100000001000000010000000100000001000000010000000100000001000000010000000100000001000000010000000100000001000000010000000100000001000000010000000100000001000000010000000100000001000000010000000100000001000000010000000100000001000000010000000100000001000000010000000101101000000000010000000101011100000000010000000101100011000000010000000101110010000000010000000101110010000000010000000101011000000000010000000101101010000000010000000100000001000000010000000100000001000000010000000100000001000000010000000100000001000000010000000100000001000000010000000100000001000000010000000100000001000000010000000100000001000000010000000100000001000000010000000100000001000000010000000100000001000000010000000100000001000000010000000100000001000000010000000100000001000000010000000100000001000000010000000100000000000000010000000100000001000000010000000100000001000000010000000100000001000000010000000100000001000000010000000100000001000000010000000100000001000000010000000100000001000000010000000100000001000000010000000100000001000000010000000100000001000000010000000101100111000000010000000101101001000000010000000100000001000000010000000100000001000000010000000101001001000000010000000101001101000000010000000101100100000000010000000100000001000000010000000101010110000000010000000101010000000000010000000101010000000000010000000101100011000000010000000100000001000000010000000101111011000000010000000101100110000000010000000101101110000000010000000100000001000000010000000100000001000000010000000100000001000000010000000100000001000000010000000100000001000000010000000100000001000000010000000100000001000000010000000100000001000000010000000100000001000000010000000100000001000000010000000100000001000000010000000100000001000000010000000100000001000000010000000100000001000000010000000100000001000000010000000100000001000000010000000100000001000000010000000100000001000000010000000100000001000000010000000100000001000000010000000100000001011011100111101101000111000000010000000101100011000000010000000101111100000000010000000101111110000000010000000101001010000000010000000101000111011101000000000100110110011110000000000100111000000000010000000101110010000000010000000100000001000000010000000101001001000000010000000101000010011111000000000100111110000000010000000101100011000000010000000101111001000000010000000100000001010110000110101100011010011011000000000100101111010110000110111100011010011010110000000100101101000000010000000100000001000000010000000100000001011110000000000100111000011100000000000100110000011010000111111100101010011101100000000100110110000000010000000101110110000000010000000100000001000000010000000101001001000000010000000101010010000000010000000101011111011101110000000100110110000000010000000101110111000000010000000101110110011101100000000100110011000000010000000101000111000000010000000100111110011110010000000100110101000000010000000100000001000000010000000101111000011001010111100100100110011000110111011100100100011110110000000100111100000000010000000101001001000000010000000101111010000000010000000101111001011101100000000100110100011011110000000100101111011001010111101100100011000000010000000101000000000000010000000101111000000000010000000100000001011000010111100000100011000000010000000101001011011111110000000101000000000000010000000101010000000000010000000100000001000000010000000101110000000000010000000101010111000000010000000101010010000000010000000101001000000000010000000101010010000000010000000100000001000000010000000101110110011011100000000100110000000000010000000101010100011101000000000100111011000000010000000101011101000000010000000100000001000000010000000100000001000000010000000100000001000000010000000100000001000000010000000100000001000000010000000100000001000000010000000100000001000000010000000100000001000000010000000100000001000000010000000100000001000000010000000100000001011010100000000100000001011000100000000100000001011110100000000100000001000000010000000100000001000000010000000100000001000000010000000100000001000000010000000100000001000000010000000100000001000000010000000100000001000000010000000100000001000000010000000100000001011111010000000100000001000000010000000100000001000000010000000100000001000000010000000100000001011110010000000100000001011110100000000100000001011100110000000100000001011010110000000100000001010111100000000100000001011000110000000100000001011000110000000100000001010100100000000100000001011010110000000100000001011110110000000100000001011011010000000100000001011101000000000100000001011000100000000100000001011100100000000100000001011001110000000100000001010101110000000100000001010111010000000100000001010111100000000100000001011011110000000100000001011011000000000100000001011001000000000100000001010111110000000100000001010110100000000100000001010111000000000100000001010111000000000100000001011011000000000100000001011100010000000100000001011010000000000100000001011001010000000100000001011011110000000100000001011011110000000100000001011000010000000100000001010101000000000100000001010101010000000100000001010111110000000100000001011000110000000100000001011100000000000100000001011010100000000100000001011000100000000100000001010110110000000100000001010111110000000100000001011010110000000100000001011010000000000100000001011101110000000100000001011010000000000100000001011101010000000100000001011001000000000100000001010110010000000100000001011011000000000100000001011010110000000100000001011001100000000100000001010111000000000100000001011010000000000100000001011101010000000100000001011110110000000100000001011100010000000100000001011011110000000100000001011010110000000100000001010110000000000100000001011101000000000100000001010111010000000100000001011110000000000100000001000000010000000100000001000000010000000100000001000000010000000100000001011011010000000100000001011011000000000100000001011010000000000100000001010110100000000100000001011001110000000100000001011000000000000100000001010101010000000100000001011011100000000100000001011111000000000100000001011100010000000100000001011011100000000100000001011010000000000100000001011011100000000100000001011000110000000100000001010101110000000100000001010110110000000100000001010111110000000100000001011011010000000100000001011011000000000100000001011001000000000100000001010111110000000100000001010110100000000100000001010111100000000100000001010111000000000100000001011011000000000100000001011100000000000100000001011010000000000100000001011001010000000100000001011011110000000100000001011100010000000100000001011000010000000100000001010101000000000100000001010101110000000100000001010111110000000100000001011000010000000100000001011011100000000100000001011100000000000100000001010111110000000100000001010101010000000100000001010111100000000100000001011001100000000100000001011010000000000100000001011101010000000100000001011100110000000100000001000000010000000100000001010111100000000100000001011100000000000100000001000000010000000100000001011011010000000101011101011110010000000101010010000000010000000101110001000000010000000101010110000000010000000101011100000000010000000101110111000000010000000101100101000000010000000100000001000000010000000100000001000000010000000100000001000000010000000100000001000000010000000100000001000000010000000100000001000000010000000100000001000000010000000100000001000000010000000100000001000000010000000100000001000000010000000100000001000000010000000100000001000000010000000100000001000000010000000100000001000000010000000100000001000000010000000100000001000000010000000100000001000000010000000100000001000000010000000100000001000000010000000100000001000000010000000100000001000000010000000100000001000000010000000100000001000000010000000100000001000000010000000100000001000000010000000100000001000000010000000100000001000000010000000100000001000000010000000100000001000000010000000100000001000000010000000100000001000000010000000100000001000000010000000100000001000000010000000100000001000000010000000100000001000000010000000100000001000000010000000100000001000000010000000100000001000000010000000100000001000000010000000100000001000000010000000100000001000000010000000100000001000000010000000100000001000000010000000100000001000000010000000100000001000000010000000100000001000000010000000101101110011111110000000101010001000000010000000101100111000000010000000101100110000000010000000101001101000000010000000101111011000000010000000101010001000000010000000101010000000000010000000101110101000000010000000101110110000000010000000101011001000000010000000101000101000000010000000101001100000000010000000101111100000000010000000101111100000000010000000101011011000000010000000101011010000000010000000101011101000000010000000101011011000000010000000101101001011110100000000100111100000000010000000101001101000000010000000101000010000000010000000101110111011100110000000100110011000000010000000101100100000000010000000101010010000000010000000101101111000000010000000101110001000000010000000101011111000000010000000101011100000000010000000101011010000000010000000101011001000000010000000100000001011101110000000101001011000000010000000100000001000000010000000100000001000000010000000100000001000000010000000100000001000000010000000100000001000000010000000100000001000000010000000100000001000000010000000100000001000000010000000100000001000000010000000100000001000000010000000100000001000000010000000100000001000000010000000100000001000000010000000100000001000000010000000100000001000000010000000100000001010111110000000100000001010011110000000100000001010000100000000100000001010001010000000100000001010101100000000100000001010011010000000100000001010001110000000100000001010100010000000100000001011101010000000100000001000000010000000100000001011101110000000100000001011011010000000100000001011111010000000100000001000000010000000100000001000000010000000100000001000000010000000100000001000000010000000100000001000000010000000100000001000000010000000100000001000000010000000100000001000000010000000100000001000000010000000100000001000000010000000100000001000000000000000100000001000000010000000100000001000000010000000100000001000000010000000100000001000000010000000100000001000000010000000100000001000000010000000100000001000000010000000100000001000000010000000100000001000000010000000100000001000000010000000100000001011001000000000100000001011011010000000100000001000000010000000100000001000000010000000100000001010100100000000100000001010001010000000100000001010111110000000100000001000000010000000100000001010100010000000100000001010011010000000100000001010011110000000100000001011001000000000100000001000000010000000100000001011110100000000100000001011001110000000100000001011100010000000100000001000000010000000100000001000000010000000100000001000000010000000100000001000000010000000100000001000000010000000100000001000000010000000100000001000000010000000100000001000000010000000100000001000000010000000100000001000000010000000100000001000000010000000100000001000000010000000100000001000000010000000100000001000000010000000100000001000000010000000100000001000000010000000100000001000000010000000100000001000000010000000100000001000000010000000100000001000000010000000100000001000000010000000100000001000000010111101100000001010100000000000100000001000000010000000100000001010111110000000100000001000000010000000100000001010111000111100100000001001110110111101100000001001110100000000100000001000000010000000100000001000000010000000100000001000000010000000100000001000000010111101000000001001111000111100000000001001110100000000100000001000000010000000100000001011010100000000100000001000000010110101101111111001011000000000100000001010000100000000100000001010010110000000100000001000000010000000100000001011110100101101101110100000110100000000100000001011011110111011100000001001101110000000100000001010010010000000100000001010011100000000100000001000000010000000100000001000000010000000100000001000000010000000100000001010000000000000100000001010100000000000100000001000000010000000100000001011110110000000100000001011100100000000100000001011011100000000100000001010101100000000100000001010010000000000100000001010011010000000100000001010000010000000100000001000000010000000100000001000000010000000100000001010101100110111000000001001011000000000100000001000000010000000100000001011001100000000100000001010110000000000100000001011111110111001100000001001100000000000100000001010011110000000100000001011010010000000100000001000000010000000100000001000000010000000100000001011010000000000100000001010000110000000100000001010101010111001100000001001011110000000100000001011110110111101100000001001101110000000100000001000000010000000100000001010110100000000100000001010011110000000100000001000000010000000100000001000000010000000100000001000000010000000100000001010011110111110000000001010010100000000100000001011001110000000100000001000000010000000100000001000000010000000100000001000000010000000100000001000000010000000100000001000000010000000100000001000000010000000100000001000000010000000100000001000000010000000100000001000000010000000100000001000000010110110100000001000000010101001000000001000000010101110100000001000000010110100100000001000000010000000100000001000000010000000100000001000000010000000100000001000000010000000100000001000000010000000100000001000000010000000100000001000000010000000100000001000000010000000100000001000000010000000100000001000000010111101100000001000000010111001000000001000000010110110000000001000000010111111100000001000000010000000100000001000000010000000100000001000000010111100100000001000000010110111000000001000000010111010100000001000000010111000100000001000000010110010100000001000000010110100000000001000000010111001000000001000000010110101000000001000000010101000000000001000000010110111000000001000000010111000000000001000000010110100000000001000000010101100000000001000000010101110000000001000000010111101000000001000000010111001000000001000000010101111000000001000000010110011100000001000000010110111100000001000000010110000000000001000000010101100000000001000000010101110000000001000000010111010000000001000000010111101000000001000000010110101000000001000000010110110100000001000000010111101100000001000000010110101100000001000000010110010000000001000000010101110100000001000000010111000000000001000000010110001100000001000000010110010000000001000000010110110100000001000000010111001000000001000000010000000100000001000000010111100000000001000000010111101000000001000000010000000100000001000000010111010100000001000000010110100100000001000000010110000100000001000000010101111000000001000000010101110100000001000000010101110000000001000000010101011000000001000000010101011100000001000000010101100000000001000000010101111100000001000000010101111000000001000000010110111000000001000000010111101000000001000000010111001100000001000000010110110000000001000000010111000000000001000000010110000000000001000000010110111100000001000000010110111100000001000000010110110100000001000000010111001000000001000000010111111000000001000000010000000100000001000000010000000100000001000000010111011100000001000000010111001100000001000000010110111100000001000000010111001000000001000000010111010100000001000000010110000100000001000000010110100100000001000000010111001100000001000000010110110100000001000000010101010000000001000000010110011000000001000000010110111000000001000000010110011100000001000000010101100100000001000000010101110100000001000000010111000100000001000000010111100000000001000000010110000000000001000000010110100100000001000000010111000100000001000000010110000000000001000000010101100000000001000000010101111000000001000000010111010000000001000000010111101000000001000000010110101000000001000000010110110100000001000000010111110100000001000000010110110100000001000000010110010000000001000000010101110100000001000000010111001000000001000000010110001100000001000000010110100100000001000000010110100100000001000000010111000000000001000000010000000100000001000000010111010000000001000000010111100000000001000000010111101100000001000000010111001000000001000000010111101000000001000000010110100000000001000000010110011100000001000000010110101100000001000000010101111000000001011111000111001100000001011111100110011100000001010110100110111000000001010010110000000100000001011101010000000100000001000000010000000100000001010011110000000100000001011100100000000100000001000000010000000100000001010110010000000100000001011100010000000100000001000000010000000100000001000000010000000100000001000000010000000100000001000000010110101100000001000000010000000100000001000000010000000100000001000000010000000100000001000000010000000100000001000000010000000100000001000000010000000100000001000000010000000100000001000000010000000100000001000000010000000100000001000000010000000100000001000000010000000100000001000000010000000100000001000000010000000100000001000000010000000100000001000000010000000100000001000000010000000100000001000000010000000100000001000000010000000100000001000000010000000100000001000000010000000100000001000000010000000100000001000000010000000100000001000000010000000100000001000000010000000100000001000000010000000100000001000000010000000100000001000000010000000100000001000000010000000100000001000000010000000100000001000000010000000100000001000000010000000100000001000000010000000100000001000000010000000100000001000000010000000100000001000000010000000100000001000000010000000100000001000000010000000100000001000000010000000100000001000000010000000100000001000000010111011000000001010011110000000100000001011001000000000100000001010011110000000100000001011111010000000100000001011101000000000100000001001111110000000100000001010010000111101000000001001110110000000100000001011001010000000100000001011111000000000100000001010010110000000100000001011100010000000100000001011001000000000100000001010011000111111000000001010000000000000100000001011011100000000100000001010011010000000100000001010100110000000100000001010101100000000100000001011000000000000100000001010010100111100000000001001110100000000100000001011101110000000100000001011000000000000100000001011010010000000100000001010001010000000100000001010100010000000100000001011101110111110100000001001110110000000100000001010111010000000100000001011010010000000100000001011010000000000100000001011100000000000100000001011011010000000100000001011010110000000100000001000000010000000100000001000000010000000100000001000000010000000100000001000000010000000100000001000000010000000100000001000000010000000100000001000000010000000100000001000000010000000100000001000000010000000100000001000000010000000100000001000000010000000100000001000000010000000100000001000000010111110000000001000000010000000100000001000000010000000100000001000000010110011100000001000000010100110000000001000000010100010000000001000000010100000000000001000000010110000000000001000000010101000100000001000000010011111000000001000000010101100000000001000000010111100100000001000000010000000100000001000000010111110000000001000000010110100100000001000000010000000100000001000000010000000100000001000000010000000100000001000000010000000100000001000000010000000100000001000000010000000100000001000000010000000100000001000000010000000100000001000000010000000100000001000000010000000100000001000000010000000100000001000000010000000000000001000000010000000100000001000000010000000100000001000000010000000100000001000000010000000100000001000000010000000100000001000000010000000100000001000000010000000100000001000000010000000100000001000000010000000100000001000000010000000100000001000000010000000100000001000000010000000100000001000000010000000100000001000000010000000100000001000000010111100100000001000000010111000100000001000000010000000100000001000000010000000100000001000000010111011100000001000000010101110100000001000000010110011000000001000000010000000100000001000000010000000100000001000000010000000100000001000000010000000100000001000000010000000100000001000000010000000100000001000000010000000100000001000000010000000100000001000000010000000100000001000000010000000100000001000000010000000100000001000000010000000100000001000000010000000100000001000000010000000100000001000000010000000100000001000000010000000100000001000000010000000100000001000000010000000100000001000000010000000100000001000000010000000100000001000000010000000100000001000000010000000100000001000000010000000100000001000000010000000100000001000000010000000100000001000000010000000100000001000000010000000100000001000000010000000100000001000000010000000100000001000000010000000101011011011011100010100100000001000000010110001101111110000000010100000001100111011110010010011000000001000000010101110000000001000000010111100100000001000000010111101100000001000000010000000101110111000000010011011001111011000000010011101100000001000000010100110001011100011011010001110001110000000000010011001000000001000000010101011001111110000000010100000001110000000000010011000100000001000000010110011001110010000000010011001001010100011010100001001001101011000000010010101101111011000000010011110000000001000000010100101100000001000000010000000100000001000000010000000100000001000000010000000100000001000000010110110000000001000000010100110101011110011101000001110000000001000000010111111100000001000000010110011100000001000000010100011100000001000000010000000100000001000000010100111100000001000000010100001001101000011111010010100001011000011011010001100000000001000000010101101100000001000000010000000100000001000000010100010001110010000000010011001000000001000000010000000101111100000000010011101001011011011100010001100000000001000000010111101100000001000000010100011101101101000000010011000100000001000000010111100100000001000000010000000100000001000000010101011000000001000000010000000101110101000000010011000000000001000000010100000100000001000000010000000100000001000000010000000100000001000000010000000100000001000000010000000101100000011100110010001000000001000000010100001100000001000000010111011100000001000000010110001100000001000000010111010000000001000000010000000100000001000000010110000000000001000000010000000100000001000000010000000100000001000000010000000100000001000000010000000100000001000000010000000100000001000000010000000100000001000000010000000100000001000000010000000100000001000000010000000100000001000000010000000100000001000000010000000101100000000000010000000101001000000000010111111001101000000000010000000101110000000000010000000101111001000000010000000100000001000000010000000100000001000000010000000100000001000000010000000100000001000000010000000100000001000000010000000100000001000000010000000100000001000000010000000100000001000000010000000100000001000000010000000101101011000000010000000101100110000000010000000101101011000000010000000101101000000000010000000101110001000000010000000101100111000000010000000101100011000000010000000101101101000000010000000101100110000000010000000101100001000000010000000101010111000000010000000101100011000000010000000101101101000000010000000101100000000000010000000101110100000000010000000101100110000000010000000101110000000000010000000101100101000000010000000101010011000000010000000101110101000000010000000101111001000000010000000101100011000000010000000101101001000000010000000101110100000000010000000101101000000000010000000101100110000000010000000101110001000000010000000101111110000000010000000101110010000000010000000101101101000000010000000101101111000000010000000101111010000000010000000101110001000000010000000101101010000000010000000101100101000000010000000101111001000000010000000101101000000000010000000101101011000000010000000101111001000000010000000101111111000000010000000100000001000000010000000101101111000000010000000101101011000000010000000101011110000000010000000101010111000000010000000101100010000000010000000101100000000000010000000101010111000000010000000101110000000000010000000101101111000000010000000101000011000000010111100001001001000000010111101001100100000000010000000101100000000000010000000101001000000000010111111101101111000000010000000100000001000000010000000101110010000000010000000101111101000000010000000100000001000000010000000101101001000000010000000101011111000000010000000101111111000000010000000101101110000000010000000101100011000000010000000101100001000000010000000101101111000000010000000101101111000000010000000101100101000000010000000101011110000000010000000101101000000000010000000101101000000000010000000101101100000000010000000101100010000000010000000101011000000000010000000101101010000000010000000101110000000000010000000101011100000000010000000101110000000000010000000101101001000000010000000101101000000000010000000101011011000000010000000101011000000000010000000101110111000000010000000101111000000000010000000101100101000000010000000101101001000000010000000101110100000000010000000101101010000000010000000101100110000000010000000101110001000000010000000101111110000000010000000101110010000000010000000101101101000000010000000101101111000000010000000101111010000000010000000101110001000000010000000101101010000000010000000101100101000000010000000101111011000000010000000101101000000000010000000101101000000000010000000101101111000000010000000101110111000000010000000100000001000000010000000101101111000000010000000101101000000000010000000101100010000000010000000101011001000000010000000101101001000000010000000101100000000000010000000101011110000000010000000100000001000000010000000101101110000000010000000101100000000000010110111101011101000000010101011001010010000000010011000100000001000000010101011100000001000000010111000000000001000000010000000100000001000000010100111101101111000000010011011101111011000000010100100100000001000000010110011000000001000000010000000100000001000000010000000100000001000000010000000101111111000000010000000101111011000000010000000101101001000000010000000100000001000000010000000100000001000000010000000100000001000000010000000100000001000000010000000100000001000000010000000100000001000000010000000100000001000000010000000100000001000000010000000100000001000000010000000100000001000000010000000100000001000000010000000100000001000000010000000100000001000000010000000100000001000000010000000100000001000000010000000100000001000000010000000100000001000000010000000100000001000000010000000100000001000000010000000100000001000000010000000100000001000000010000000100000001000000010000000100000001000000010000000100000001000000010000000100000001000000010000000100000001000000010000000100000001000000010000000100000001000000010000000100000001000000010000000100000001000000010000000100000001000000010000000100000001000000010000000100000001000000010000000100000001000000010000000100000001000000010000000100000001000000010000000100000001000000010000000100000001000000010000000101110111000000010100101000000001000000010101111101011111011101010010001101100110011110110010011000000001000000010111101100000001000000010111111101101111000000010010111100000001000000010100100000000001000000010100011101101110000000010011001000000001000000010111111000000001000000010111001100000001000000010101001100000001000000010101000101110010000000010011010001100111011111100010101000000001000000010000000100000001000000010111011000000001000000010100111001101011011111100010111100000001000000010100110000000001000000010100110000000001000000010111010000000001000000010111111100000001000000010100110001111000000000010011100001111000000000010011100000000001000000010100000100000001000000010111101100000001000000010000000101111111000000010011101100000001000000010100011100000001000000010100001000000001000000010101001000000001000000010000000100000001000000010000000100000001000000010000000100000001000000010000000100000001000000010000000100000001000000010000000100000001000000010000000100000001000000010000000100000001000000010000000100000001000000010000000100000001000000010000000100000001000000010000000100000001000000010000000100000001000000010000000100000001000000010000000100000001000000010000000100000001000000010000000100000001000000010000000101111000000000010000000101101000000000010000000101110000000000010000000101111100000000010000000101111100000000010000000101100001000000010000000101110001000000010000000100000001000000010000000100000001000000010000000100000001000000010000000100000001000000010000000100000001000000010000000100000001000000010000000100000001000000010000000100000001000000010000000100000001000000010000000100000001000000010000000100000001000000010000000100000001000000010000000100000001000000010000000100000001000000010000000100000001000000010000000100000000000000010000000100000001000000010000000100000001000000010000000100000001000000010000000100000001000000010000000100000001000000010000000100000001000000010000000100000001000000010000000100000001000000010000000100000001000000010000000100000001000000010000000100000001000000010000000100000001000000010000000100000001000000010000000100000001000000010000000100000001000000010000000100000001000000010000000100000001000000010000000100000001000000010000000101111001000000010000000101101111000000010000000101111101000000010000000100000001000000010000000100000001000000010000000100000001000000010000000100000001000000010000000100000001000000010000000100000001000000010000000100000001000000010000000100000001000000010000000100000001000000010000000100000001000000010000000100000001000000010000000100000001000000010000000100000001000000010000000100000001000000010000000100000001000000010000000100000001000000010000000100000001000000010000000100000001000000010000000100000001000000010000000100000001000000010000000100000001000000010000000100000001000000010000000100000001000000010000000100000001000000010000000100000001000000010000000100000001000000010000000100000001000000010000000100000001000000010000000100000001000000010000000101101111000000010000000101101000000000010000000101100011000000010000000101100100000000010000000101100111000000010000000101110101000000010000000101011011000000010000000101100011000000010000000101100111000000010000000101101111000000010000000101101110000000010000000101010101011101100000000100110101000000010000000101011000000000010000000101011000000000010000000100000001000000010000000101101011000000010000000101000100000000010000000101011101000000010000000101100100000000010000000101010000011111010000000100111111000000010000000101001011000000010000000101110010000000010000000101100101000000010000000101011111011111110000000101000001000000010000000101011100000000010000000101010001000000010000000101011010000000010000000101010100000000010000000101001001000000010000000101001011000000010000000101011100000000010000000101010000000000010000000101110001000000010000000101110001000000010000000101000010000000010000000101111000000000010000000101111001000000010000000101010111011100000000000100110000000000010000000101100000000000010000000101100101000000010000000101001011000000010000000101011111000000010000000101011000000000010000000101010000000000010000000101011100000000010000000101001111011101010000000100110010000000010000000101000001000000010000000100111110000000010000000101000110000000010000000101010011011101110000000100110111000000010000000101000101000000010000000101100000000000010000000101101001000000010000000101111111000000010000000101001011000000010000000101100110000000010000000101110010000000010000000100000001000000010000000100000001000000010000000100000001000000010000000100000001000000010000000100000001000000010000000100000001000000010000000100000001000000010000000100000001000000010000000100000001000000010000000100000001000000010000000100000001000000010000000100000001011010110000000100000001010110110000000100000001011110110000000100000001011110000000000100000001011110110000000100000001000000010000000100000001000000010000000100000001000000010000000100000001000000010000000100000001000000010000000100000001000000010000000100000001000000010000000100000001000000010000000100000001000000010000000100000001011110100000000100000001011100010000000100000001011000010000000100000001010111110000000100000001011000100000000100000001011010000000000100000001011100110000000100000001011110110000000100000001011011010000000100000001010111110000000100000001010010100000000100000001010011010000000100000001011000000000000100000001010111100000000100000001000000010000000100000001000000010000000100000001000000010000000100000001011110000000000100000001011011110000000100000001011110000000000100000001011110010000000100000001011011110000000100000001010011010000000100000001010110000000000100000001011011010000000100000001011100010000000100000001011010000000000100000001011101100000000100000001000000010000000100000001011111000000000100000001011101000000000100000001011101010000000100000001000000010000000100000001011101100000000100000001011010110000000100000001011001010000000100000001011010010000000100000001011000110000000100000001011101100000000100000001011111010000000100000001011100000000000100000001011010010000000100000001011011110000000100000001010110100000000100000001010110110000000100000001010111010000000100000001011001000000000100000001010111110000000100000001011101100000000100000001011100110000000100000001010011000000000100000001010101100000000100000001011011110000000100000001011110000000000100000001010101100000000100000001011110010000000100000001000000010000000100000001000000010000000100000001000000010000000100000001000000010000000100000001011100100000000100000001011010010000000100000001000000010000000100000001000000010000000100000001011110110000000100000001011010110000000100000001011000110000000100000001010110110000000100000001010100110000000100000001011001010000000100000001011100000000000100000001011101000000000100000001011010000000000100000001011000110000000100000001010010000000000100000001010100010000000100000001010110100000000100000001010110110000000100000001011111010000000100000001000000010000000100000001000000010000000100000001011101000000000100000001011001110000000100000001011110110000000100000001011110000000000100000001011100000000000100000001010011110000000100000001010110100000000100000001011011010000000100000001011100010000000100000001011010000000000100000001011101100000000100000001000000010000000100000001011111000000000100000001011101000000000100000001011101010000000100000001000000010000000100000001011101100000000100000001011010110000000100000001011001110000000100000001011010110000000100000001011001010000000100000001011101010000000100000001011111010000000100000001011101010000000100000001011000100000000100000001011000110000000100000001010110110000000100000001010110100000000100000001011001010000000100000001011011110000000100000001011001010000000100000001011101100000000100000001011101110000000100000001011001010000000101111000011011000000000101101010010100110000000100111010011001010000000100110101000000010000000100000001000000010000000101111111011011110111111100110010011110010000000100111110000000010000000101100000011110110000000101001001000000010000000100000001000000010000000100000001000000010000000100000001000000010000000100000001000000010000000100000001011110100000000100000001000000010000000100000001000000010000000100000001000000010000000100000001000000010000000100000001000000010000000100000001000000010000000100000001000000010000000100000001000000010000000100000001000000010000000100000001000000010000000100000001000000010000000100000001000000010000000100000001000000010000000100000001000000010000000100000001000000010000000100000001000000010000000100000001000000010000000100000001000000010000000100000001000000010000000100000001000000010000000100000001000000010000000100000001000000010000000100000001000000010000000100000001000000010000000100000001000000010000000100000001000000010000000100000001000000010000000100000001000000010000000100000001000000010000000100000001000000010000000100000001000000010000000100000001000000010000000100000001000000010000000100000001000000010000000100000001000000010000000100000001000000010000000100000001000000010000000100000001000000010000000100000001000000010000000101100111011010100111111100110000000000010000000101011100000000010000000101011100000000010000000101111010000000010000000101111010011000010111011000100001011101010000000100110111011010100111110100101100011110000000000100111100000000010000000100000001000000010000000100000001011100100000000100110100000000010000000101010000000000010000000101001001011010100000000100101110000000010000000100000001000000010000000100000001011110010000000100111111000000010000000101001001011011000111111100101110011111100000000100111111000000010000000100000001000000010000000101111011011010110000000100101011011100100000000100110010011110110000000100111011000000010000000101001000000000010000000101111101000000010000000101110011011010100111110100101000011010110111111100101100011011010111111100110010000000010000000101101010000000010000000100000001000000010000000100000001000000010000000100000001000000010000000100000001000000010000000100000001000000010000000100000001000000010000000100000001000000010000000100000001000000010000000100000001000000010000000100000001000000010000000100000001000000010000000100000001000000010000000100000001000000010000000100000001000000010000000100000001000000010000000100000001000000010000000100000001000000010000000100000001000000010000000100000001000000010000000100000001011110110000000100000001011110100000000100000001000000010000000100000001011110100000000100000001000000010000000100000001000000010000000100000001000000010000000100000001000000010000000100000001000000010000000100000001000000010000000100000001000000010000000100000001000000010000000100000001000000010000000100000001000000010000000100000001000000010000000100000001000000010000000100000001000000010000000100000001000000010000000100000001000000010000000100000001000000010000000100000001000000000000000100000001000000010000000100000001000000010000000100000001000000010000000100000001000000010000000100000001000000010000000100000001000000010000000100000001000000010000000100000001000000010000000100000001000000010000000100000001000000010000000100000001011110010000000100000001000000010000000100000001000000010000000100000001000000010000000100000001011000100000000100000001011000000000000100000001000000010000000100000001000000010000000100000001011011110000000100000001010110100000000100000001011000100000000100000001000000010000000100000001000000010000000100000001000000010000000100000001011011110000000100000001000000010000000100000001000000010000000100000001000000010000000100000001000000010000000100000001000000010000000100000001000000010000000100000001000000010000000100000001000000010000000100000001000000010000000100000001000000010000000100000001000000010000000100000001000000010000000100000001000000010000000100000001000000010000000100000001000000010000000100000001000000010000000100000001000000010000000100000001000000010000000100000001000000010000000100000001000000010000000100000001000000010000000100000001000000010000000100000001000000010000000100000001000000010000000100000001000000010000000100000001000000010000000100000001011100010000000100000001000000010111010000000001001111110000000100000001010010000000000100000001011001100000000100000001011111010000000100000001011000100000000100000001010110100000000100000001011001110000000100000001010010010000000100000001001111000000000100000001011001000000000100000001010110000000000100000001011111100000000100000001010001100000000100000001010100000000000100000001010011100000000100000001010010100000000100000001011101010000000100000001010010110000000100000001011001010000000100000001010110110000000100000001011100100000000100000001011011000000000100000001010101100000000100000001011110000000000100000001011000110000000100000001010000100000000100000001010010100000000100000001011010000000000100000001011000000000000100000001010011100111111000000001001111110000000100000001010100110000000100000001010100010000000100000001011000110000000100000001010001110000000100000001011110110000000100000001011101000000000100000001011000000000000100000001010011100000000100000001010100010000000100000001010000110000000100000001011011100000000100000001011011100000000100000001011011000000000100000001011000010000000100000001011011100000000100000001011011100000000100000001010011010000000100000001011101000000000100000001010110100000000100000001011101000000000100000001010001110000000100000001011111000000000100000001010101110000000100000001011101110000000100000001010010110000000100000001011010010000000100000001010111110000000100000001011010110000000100000001000000010000000100000001000000010000000100000001000000010000000100000001000000010000000100000001000000010000000100000001000000010000000100000001000000010000000100000001000000010000000100000001000000010000000100000001000000010000000100000001000000010000000100000001000000010000000100000001000000010000000100000001000000010110110100000001000000010110101100000001000000010000000100000001000000010000000100000001000000010000000100000001000000010000000100000001000000010000000100000001000000010000000100000001000000010000000100000001000000010000000100000001000000010000000100000001000000010000000100000001000000010000000100000001000000010000000100000001000000010111101000000001000000010110011100000001000000010101101100000001000000010101100100000001000000010101100100000001000000010111001100000001000000010111111000000001000000010111110000000001000000010111001000000001000000010110011100000001000000010110001100000001000000010111001000000001000000010111110000000001000000010000000100000001000000010000000100000001000000010000000100000001000000010111100100000001000000010110111000000001000000010110100100000001000000010111010000000001000000010110000100000001000000010101000000000001000000010110010000000001000000010110111100000001000000010111010000000001000000010111011100000001000000010111110100000001000000010111110000000001000000010111111000000001000000010111100100000001000000010111100100000001000000010000000100000001000000010111110100000001000000010111011100000001000000010110000100000001000000010110110100000001000000010110101000000001000000010101111000000001000000010110101100000001000000010101010100000001000000010101111000000001000000010110111000000001000000010101101100000001000000010101001100000001000000010101101100000001000000010110100100000001000000010110100000000001000000010110000000000001000000010110000100000001000000010110101000000001000000010111001000000001000000010110100000000001000000010110101100000001000000010111100100000001000000010111100000000001000000010110111000000001000000010111010100000001000000010111011000000001000000010111101100000001000000010110111100000001000000010110011000000001000000010101110100000001000000010110100100000001000000010111100100000001000000010111100100000001000000010110010000000001000000010101101000000001000000010101010100000001000000010101111100000001000000010111000100000001000000010000000100000001000000010111100100000001000000010111011100000001000000010110101100000001000000010110000000000001000000010110101100000001000000010111011100000001000000010111111000000001000000010000000100000001000000010000000100000001000000010111010100000001000000010110100100000001000000010110110100000001000000010111001000000001000000010110001000000001000000010101000000000001000000010110010000000001000000010111000100000001000000010111011000000001000000010111011100000001000000010111110100000001000000010111110000000001000000010111111000000001000000010111100100000001000000010111100100000001000000010000000100000001000000010111110100000001000000010111011100000001000000010110001000000001000000010110110100000001000000010110010000000001000000010101101100000001000000010110110000000001000000010101110000000001000000010101101000000001000000010110101100000001000000010110011000000001000000010101101000000001000000010101101100000001000000010111000100000001000000010110110100000001000000010110011000000001000000010110111100000001000000010111011100000001000000010000000100000001000000010101011000000001010001000111000100000001010001110000000100000001011111100000000100000001011110000000000100000001000000010000000100000001011111100110000001110110001001000000000100000001011010010000000100000001000000010101111100000001001110100000000100000001000000010000000100000001000000010000000100000001000000010000000100000001000000010000000100000001000000010000000100000001000000010000000100000001000000010000000100000001000000010000000100000001000000010000000100000001000000010000000100000001000000010000000100000001000000010000000100000001000000010000000100000001000000010000000100000001000000010000000100000001000000010000000100000001000000010000000100000001000000010000000100000001000000010000000100000001000000010000000100000001000000010000000100000001000000010000000100000001000000010000000100000001000000010000000100000001000000010000000100000001000000010000000100000001000000010000000100000001000000010000000100000001000000010000000100000001000000010000000100000001000000010000000100000001000000010000000100000001000000010000000100000001000000010000000100000001000000010000000100000001000000010000000100000001000000010000000100000001000000010000000100000001000000010000000100000001011010100000000100000001010101100000000100000001000000010111101100000001010000100111110100000001010000000000000100000001010101100000000100000001010000010000000100000001010110100000000100000001010001000000000100000001011110000000000100000001011010010110111000000001001100100000000100000001010001110000000100000001000000010000000100000001000000010000000100000001010100100000000100000001000000010111010100000001001101110000000100000001010100100000000100000001000000010111100000000001001111100000000100000001010010010000000100000001011101100000000100000001010001000000000100000001010000110000000100000001000000010111010000000001001101000000000100000001011100100000000100000001000000010111010000000001001101000111010000000001001101010000000100000001011100000000000100000001000000010000000100000001000000010000000100000001000000010111100000000001010000010000000100000001011000100000000100000001000000010000000100000001000000010000000100000001000000010000000100000001000000010000000100000001000000010000000100000001000000010000000100000001000000010000000100000001000000010000000100000001000000010000000100000001000000010000000100000001000000010000000100000001000000010000000100000001000000010000000100000001000000010000000100000001000000010000000100000001000000010000000100000001000000010000000100000001000000010101110100000001000000010101011100000001000000010111000100000001000000010111000100000001000000010111101100000001000000010110011100000001000000010110011000000001000000010000000100000001000000010000000100000001000000010000000100000001000000010111101100000001000000010000000100000001000000010000000100000001000000010000000100000001000000010000000100000001000000010000000100000001000000010000000100000001000000010000000100000001000000010000000100000001000000010000000100000001000000010000000100000001000000010000000100000001000000010000000000000001000000010000000100000001000000010000000100000001000000010000000100000001000000010000000100000001000000010000000100000001000000010000000100000001000000010000000100000001000000010000000100000001000000010000000100000001000000010000000100000001000000010110001000000001000000010110001000000001000000010000000100000001000000010000000100000001000000010101010100000001000000010100110000000001000000010110010100000001000000010000000100000001000000010101010000000001000000010101010100000001000000010101010000000001000000010110000100000001000000010000000100000001000000010111011000000001000000010110010000000001000000010111011000000001000000010000000100000001000000010000000100000001000000010000000100000001000000010000000100000001000000010000000100000001000000010000000100000001000000010000000100000001000000010000000100000001000000010000000100000001000000010000000100000001000000010000000100000001000000010000000100000001000000010000000100000001000000010000000100000001000000010000000100000001000000010000000100000001000000010000000100000001000000010000000100000001000000010000000100000001000000010000000100000001000000010000000100000001000000010000000100000001000000010000000100000001000000010000000100000001000000010000000100000001000000010000000100000001000000010110001101101011011110110011111001101101011111110011100000000001000000010000000100000001000000010111011100000001000000010101010101101111000000010010101100000001000000010100011101111001000000010011010000000001000000010110111100000001000000010111101001111111000000010011110101111100000000010011111101111011000000010100000001101001011110010010110000000001000000010111111100000001000000010000000101110100000000010011001100000001000000010100010101111011000000010011101101110011000000010011010100000001000000010000000100000001000000010111101001111110000000010100001000000001000000010100100100000001000000010101101001110111000000010011011100000001000000010111101100000001000000010111110100000001000000010101011001110100000000010011011001111011000000010011110101111100000000010011111000000001000000010000000100000001000000010111101001100101011110000010011101011101011100000001111100000001000000010100100101110000000000010011000100000001000000010111000000000001000000010000000101110110000000010011011001111000000000010011100000000001000000010100011000000001000000010100110000000001000000010111110100000001000000010111110000000001000000010110001001110110000000010011100000000001000000010101000100000001000000010100000000000001000000010111001100000001000000010111011001110100000000010011010001100010011101010010010001111110000000010100010100000001000000010101101100000001000000010000000100000001000000010000000100000001000000010111101100000001000000010000000100000001000000010000000100000001000000010000000100000001000000010000000100000001000000010000000100000001000000010000000100000001000000010000000100000001000000010000000100000001000000010000000100000001000000010000000100000001000000010000000100000001000000010000000100000001000000010000000100000001000000010000000101110111000000010000000101100111000000010000000101110100000000010000000100000001000000010000000100000001000000010000000100000001000000010000000100000001000000010000000100000001000000010000000100000001000000010000000100000001000000010000000100000001000000010000000100000001000000010000000100000001000000010000000100000001000000010000000101111010000000010000000101100010000000010000000101011111000000010000000101010010000000010000000101100010000000010000000101110101000000010000000101111001000000010000000101111100000000010000000101110011000000010000000101110011000000010000000101101100000000010000000101101101000000010000000101111001000000010000000100000001000000010000000100000001000000010000000100000001000000010000000101111100000000010000000101101111000000010000000101100101000000010000000101011111000000010000000101100110000000010000000101110101000000010000000100000001000000010000000100000001000000010000000101110010000000010000000101110110000000010000000101110111000000010000000101101011000000010000000101011100000000010000000101101001000000010000000101110001000000010000000101101100000000010000000101111001000000010000000100000001000000010000000100000001000000010000000100000001000000010000000101100101000000010000000101000110000000010111101101100001000000010000000101011100000000010000000101100100000000010000000101101110000000010000000101110000000000010000000101100110000000010000000101011011000000010000000101011111000000010000000101100010000000010000000101001101000000010000000101001101000000010111111001101000000000010000000101110000000000010000000101011111000000010000000101100111000000010000000100000001000000010000000101110010000000010000000101010111000000010000000101011110000000010000000101101100000000010000000101110010000000010000000101110101000000010000000100000001000000010000000101100110000000010000000101101011000000010000000101110101000000010000000101110010000000010000000101011100000000010000000101011011000000010000000101011010000000010000000101100101000000010000000101110110000000010000000101111111000000010000000101111111000000010000000101110001000000010000000101111010000000010000000101100101000000010000000101101111000000010000000101110010000000010000000100000001000000010000000100000001000000010000000100000001000000010000000101110010000000010000000101110110000000010000000101101000000000010000000101011101000000010000000101101000000000010000000101110110000000010000000100000001000000010000000100000001000000010000000101110010000000010000000101111000000000010000000101111001000000010000000101101011000000010000000101011100000000010000000101101001000000010000000101110011000000010000000101101100000000010000000101111001000000010000000100000001000000010000000100000001000000010000000100000001000000010000000101101001000000010000000101001010000000010000000101100100000000010000000101100000000000010000000101100000000000010000000101101011000000010000000101110011000000010000000101100010000000010000000101100100000000010000000101101000000000010000000101011100000000010000000101001110000000010000000101000110000000010111000101110000000000010000000100000001000000010000000101011011000000010101000000000001000000010110000100000001000000010101111000000001000000010000000100000001000000010000000100000001000000010000000101111000000000010011011001110000000000010011000000000001000000010000000100000001000000010000000100111111011011100010001001101000000000010110010000000001000000010000000100000001000000010000000100000001000000010000000100000001000000010000000100000001000000010000000100000001000000010000000100000001000000010000000100000001000000010000000100000001000000010000000100000001000000010000000100000001000000010000000100000001000000010000000100000001000000010000000100000001000000010000000100000001000000010000000100000001000000010000000100000001000000010000000100000001000000010000000100000001000000010000000100000001000000010000000100000001000000010000000100000001000000010000000100000001000000010000000100000001000000010000000100000001000000010000000100000001000000010000000100000001000000010000000100000001000000010000000100000001000000010000000100000001000000010000000100000001000000010000000100000001000000010000000100000001000000010000000100000001000000010000000100000001000000010000000100000001000000010000000100000001000000010111011101101001011110100011101000000001000000010000000100000001000000010101110000000001000000010000000100000001000000010000000100000001000000010100010000000001000000010100011100000001000000010011111001101011000000010010101100000001000000010100001100000001000000010111011100000001000000010100011000000001000000010100100000000001000000010100011000000001000000010000000101111100000000010011111100000001000000010110110101111011000000010011110100000001000000010100110100000001000000010110000000000001000000010110001000000001000000010111011000000001000000010101000101110101000000010011011000000001000000010100010001011011011100000001101100000001000000010110111001101011000000010010100100000001000000010000000101110110000000010011011000000001000000010101110001100100011110000010010101110000000000010011000001110100000000010011100000000001000000010000000101101010011110100011101000000001000000010101100100000001000000010000000100000001000000010000000100000001000000010000000100000001000000010000000100000001000000010000000100000001000000010000000100000001000000010000000100000001000000010000000100000001000000010000000100000001000000010000000100000001000000010000000100000001000000010000000100000001000000010000000100000001000000010000000100000001000000010000000100000001000000010000000100000001000000010000000101101001000000010000000101011011000000010000000101010011000000010000000101010010000000010000000101101111000000010000000101100001000000010000000101011000000000010000000101101100000000010000000100000001000000010000000100000001000000010000000101101110000000010000000101101010000000010000000100000001000000010000000100000001000000010000000100000001000000010000000100000001000000010000000100000001000000010000000100000001000000010000000100000001000000010000000100000001000000010000000100000001000000010000000100000001000000010000000100000001000000010000000100000000000000010000000100000001000000010000000100000001000000010000000100000001000000010000000100000001000000010000000100000001000000010000000100000001000000010000000100000001000000010000000100000001000000010000000100000001000000010000000100000001000000010000000101100100000000010000000101101111000000010000000100000001000000010000000101111101000000010000000101001101000000010000000101001110000000010000000101101011000000010000000100000001000000010000000101100000000000010000000101010000000000010000000101010011000000010000000101110011000000010000000100000001000000010000000100000001000000010000000101100111000000010000000101110011000000010000000100000001000000010000000100000001000000010000000100000001000000010000000100000001000000010000000100000001000000010000000100000001000000010000000100000001000000010000000100000001000000010000000100000001000000010000000100000001000000010000000100000001000000010000000100000001000000010000000100000001000000010000000100000001000000010000000100000001000000010000000100000001000000010000000100000001000000010000000100000001000000010000000100000001000000010000000100000001000000010000000100000001000000010000000100000001000000010000000100000001000000010000000100000001000000010000000100000001000000010000000100000001000000010000000100000001000000010000000100000001000000010000000101011111000000010000000100000001000000010000000101111010000000010000000101001111000000010000000101001011000000010000000101010001011100010000000100101101000000010000000101111110000000010000000101110001000000010000000101000010011101100000000100110100011101010000000100110011000000010000000101001101000000010000000101111100000000010000000101110000000000010000000101010001000000010000000101001010000000010000000101000111011101110000000100110010000000010000000100000001000000010000000101101110000000010000000101001000011101110000000100110100011001010111110000100000011111100000000100111001000000010000000101110101000000010000000100000001011011100000000100110000011011000111111100101110000000010000000101010001011110000000000100111010000000010000000101111110000000010000000101110110000000010000000101011000011110100000000100111011011110000000000100111001011110000000000100111001000000010000000100000001000000010000000101111011011011000000000100101100000000010000000101010001011100010000000100101111011111100000000100111101000000010000000101111110000000010000000100000001011111110000000101000101011000010111001000101000000000010000000101011001011110110000000100111101000000010000000101111101000000010000000101111111000000010000000101000000011101100000000100110110000000010000000101011000011011010111110100111101000000010000000100000001000000010000000100000001000000010000000100000001000000010000000100000001000000010000000100000001000000010000000100000001000000010000000100000001000000010000000100000001000000010000000100000001000000010000000100000001000000010000000100000001000000010000000100000001000000010000000100000001000000010000000100000001000000010000000100000001000000010000000100000001000000010000000100000001000000010000000100000001011110000000000100000001010110110000000100000001011101010000000100000001011110100000000100000001000000010000000100000001000000010000000100000001000000010000000100000001000000010000000100000001000000010000000100000001000000010000000100000001000000010000000100000001000000010000000100000001000000010000000100000001011011100000000100000001011000000000000100000001011100110000000100000001011010100000000100000001011010110000000100000001011011100000000100000001011100000000000100000001011011110000000100000001011010100000000100000001011011000000000100000001011011110000000100000001011010100000000100000001011010010000000100000001011000000000000100000001011100010000000100000001000000010000000100000001011011010000000100000001010100100000000100000001010110010000000100000001011101010000000100000001000000010000000100000001011011000000000100000001011010110000000100000001011100110000000100000001000000010000000100000001011110100000000100000001011001010000000100000001010111100000000100000001011011100000000100000001011111000000000100000001011101100000000100000001011011100000000100000001011001000000000100000001011010100000000100000001011110110000000100000001011010100000000100000001011110100000000100000001011100110000000100000001011101100000000100000001011110000000000100000001011111010000000100000001011100100000000100000001011110100000000100000001011110000000000100000001011100000000000100000001011001110000000100000001011010100000000100000001011001100000000100000001011001100000000100000001011010110000000100000001011011100000000100000001011100000000000100000001011100100000000100000001011010010000000100000001010101110000000100000001011001100000000100000001011000000000000100000001010110000000000100000001010110000000000100000001011010100000000100000001011001010000000100000001011100000000000100000001011010100000000100000001011001010000000100000001010110110000000100000001010110000000000100000001011011110000000100000001011100100000000100000001011010010000000100000001011011110000000100000001011100010000000100000001011100110000000100000001011001110000000100000001011011110000000100000001011010010000000100000001011010010000000100000001011010010000000100000001010101010000000100000001011011010000000100000001011111100000000100000001011011100000000100000001010101000000000100000001010101010000000100000001011111010000000100000001000000010000000100000001011011100000000100000001011011010000000100000001011100110000000100000001000000010000000100000001011110100000000100000001011001010000000100000001010111100000000100000001011011100000000100000001011111000000000100000001011101110000000100000001011011100000000100000001011001000000000100000001011011000000000100000001011111010000000100000001011010000000000100000001011101010000000100000001011011100000000100000001011101100000000100000001011110000000000100000001011110110000000100000001011100110000000100000001011111010000000100000001011111000000000100000001011101100000000100000001011011110000000100000001011010100000000100000001011011010000000100000001011001110000000100000001011110010000000100000001000000010000000100000001011011010000000101101000000000010000000101111001000000010000000101111000000000010000000101001000000000010000000101110000000000010000000101000001000000010000000101110111011111110000000100111010000000010000000101011111000000010000000101110101011110100000000101010011000000010000000101110010000000010000000100000001000000010000000100000001000000010000000100000001000000010000000100000001000000010000000100000001000000010000000100000001000000010000000100000001000000010000000100000001000000010000000100000001000000010000000100000001000000010000000100000001000000010000000100000001000000010000000100000001000000010000000100000001000000010000000100000001000000010000000100000001000000010000000100000001000000010000000100000001000000010000000100000001000000010000000100000001000000010000000100000001000000010000000100000001000000010000000100000001000000010000000100000001000000010000000100000001000000010000000100000001000000010000000100000001000000010000000100000001000000010000000100000001000000010000000100000001000000010000000100000001000000010000000100000001000000010000000100000001000000010000000100000001000000010000000100000001011110110000000101001101000000010000000101010011000000010000000101111110000000010000000101100001000000010000000101011000011111000000000100111110000000010000000101010010000000010000000101100101011110100000000100110111000000010000000101001100000000010000000101010111000000010000000101110001000000010000000101011110000000010000000101100111000000010000000101000111000000010000000101010101000000010000000101111001000000010000000101011111000000010000000101000101000000010000000101011001000000010000000101010010000000010000000101001001000000010000000101010110000000010000000101011111000000010000000101010000000000010000000101100101011111110000000100111111000000010000000101101110000000010000000101110001000000010000000101100001000000010000000101100110000000010000000101010011000000010000000101100000000000010000000101110101000000010000000101011101000000010000000101100011000000010000000101011001000000010000000101010110000000010000000100000001000000010000000100000001000000010000000100000001000000010000000100000001000000010000000100000001000000010000000100000001000000010000000100000001000000010000000100000001000000010000000100000001000000010000000100000001000000010000000100000001000000010000000100000001000000010000000100000001000000010000000100000001000000010000000100000001000000010000000100000001000000010000000100000001000000010000000100000001011101010000000100000001011000110000000100000001010101000000000100000001010111100000000100000001011011000000000100000001011001100000000100000001010101100000000100000001010111100000000100000001000000010000000100000001000000010000000100000001000000010000000100000001011101010000000100000001000000010000000100000001000000010000000100000001000000010000000100000001000000010000000100000001000000010000000100000001000000010000000100000001000000010000000100000001000000010000000100000001000000010000000100000001000000010000000100000001000000010000000100000001000000000000000100000001000000010000000100000001000000010000000100000001000000010000000100000001000000010000000100000001000000010000000100000001000000010000000100000001000000010000000100000001000000010000000100000001000000010000000100000001000000010000000100000001000000010000000100000001000000010000000100000001000000010000000100000001000000010000000100000001011010110000000100000001011001110000000100000001000000010000000100000001000000010000000100000001011110000000000100000001010110110000000100000001011001000000000100000001000000010000000100000001000000010000000100000001000000010000000100000001000000010000000100000001000000010000000100000001000000010000000100000001000000010000000100000001000000010000000100000001000000010000000100000001000000010000000100000001000000010000000100000001000000010000000100000001000000010000000100000001000000010000000100000001000000010000000100000001000000010000000100000001000000010000000100000001000000010000000100000001000000010000000100000001000000010000000100000001000000010000000100000001000000010000000100000001000000010000000100000001000000010000000100000001000000010000000100000001000000010000000100000001000000010000000100000001000000010000000100000001000000010000000100000001000000010000000100000001000000010000000100000001000000010000000100000001000000010000000100000001000000010000000100000001000000010110010101110011001110010000000100000001000000010111111000000001010001110000000100000001010110000110010001110101001001000000000100000001000000010000000100000001010101100111001100000001001011000000000100000001010100100110010001111000000111110111110000000001001101010000000100000001011111000000000100000001000000010000000100000001000000010000000100000001010010000000000100000001010011000110110000000001001001010000000100000001000000010000000100000001000000010000000100000001000000010000000100000001000000010000000100000001010010000111111100000001001110100000000100000001000000010000000100000001011110000000000100000001000000010000000100000001011001000000000100000001010010010000000100000001010110010101111001110010000111110000000100000001011000100000000100000001011101100000000100000001011101100111101000000001001110110111111000000001001111110110001101110111001001000000000100000001000000010000000100000001000000010000000100000001011111000000000100000001010100000000000100000001010011000000000100000001000000010101111001110110000111100000000100000001000000010000000100000001011111100111011000000001001111100000000100000001010100100101110101110001000111100101111001110100000110110000000100000001000000010000000100000001000000010111101000000001010001000110111001111101010000110000000100000001000000010000000100000001000000010000000100000001000000010000000100000001000000010000000100000001000000010000000100000001000000010000000100000001000000010000000100000001000000010000000100000001000000010000000100000001000000010000000100000001000000010000000100000001000000010000000100000001000000010000000100000001000000010000000100000001000000010000000100000001000000010000000100000001000000010111110100000001000000010110110000000001000000010110011100000001000000010111010000000001000000010111101000000001000000010000000100000001000000010000000100000001000000010000000100000001000000010000000100000001000000010000000100000001000000010000000100000001000000010000000100000001000000010000000100000001000000010000000100000001000000010110100000000001000000010110011100000001000000010110110000000001000000010110110000000001000000010110011000000001000000010110010000000001000000010110111100000001000000010110101100000001000000010110011000000001000000010110001000000001000000010110101100000001000000010110011000000001000000010110010000000001000000010100110100000001011111110110000100000001000000010110101000000001000000010110101000000001000000010110101100000001000000010101100100000001000000010101110000000001000000010110010000000001000000010101011000000001000000010110110000000001000000010111100000000001000000010000000100000001000000010111011100000001000000010110010000000001000000010110100100000001000000010110000000000001000000010110100000000001000000010101100000000001000000010110111100000001000000010100110100000001000000010100110100000001000000010110111100000001000000010101111100000001000000010111100100000001000000010000000100000001000000010110101000000001000000010110011000000001000000010111100100000001000000010110000000000001000000010101111100000001000000010110001000000001000000010111001000000001000000010110011100000001000000010110001000000001000000010110111000000001000000010111011100000001000000010111000000000001000000010110011000000001000000010110010000000001000000010110011100000001000000010110111100000001000000010101110000000001000000010111001000000001000000010111111000000001000000010000000100000001000000010110110100000001000000010110110100000001000000010101011000000001000000010000000100000001000000010111011000000001000000010101111100000001000000010100110000000001000000010101011100000001000000010111000100000001000000010110100100000001000000010110111100000001000000010110111000000001000000010111010000000001000000010110111100000001000000010111000000000001000000010110001000000001000000010111000000000001000000010110000100000001000000010101101100000001000000010101000000000001000000010101101000000001000000010110011000000001000000010110110000000001000000010110101100000001000000010110000000000001000000010110000000000001000000010110011000000001000000010101011000000001000000010110110000000001000000010111101000000001000000010000000100000001000000010111011100000001000000010110010100000001000000010110100100000001000000010110000000000001000000010110100000000001000000010101100000000001000000010110111100000001000000010100111100000001000000010100111100000001000000010110111100000001000000010101111100000001000000010111100100000001000000010000000100000001000000010111001100000001000000010110111100000001000000010111110000000001000000010101111100000001000000010101101000000001000000010110101000000001000000010111100100000001000000010110100100000001000000010110000000000001000000010110101000000001000000010111110100000001000000010110101100000001000000010111101100000001000000010000000100000001011111100000000100000001011101000000000100000001011101010000000100000001011001110000000100000001000000010000000100000001010011000000000100000001010000100000000100000001011111110111111000000001001110110000000100000001010010100000000100000001011001000111001000000001010100110101011100000001010001100000000100000001011111110000000100000001000000010000000100000001000000010000000100000001000000010000000100000001000000010000000100000001000000010000000100000001000000010000000100000001000000010000000100000001000000010000000100000001000000010000000100000001000000010000000100000001000000010000000100000001000000010000000100000001000000010000000100000001000000010000000100000001000000010000000100000001000000010000000100000001000000010000000100000001000000010000000100000001000000010000000100000001000000010000000100000001000000010000000100000001000000010000000100000001000000010000000100000001000000010000000100000001000000010000000100000001000000010000000100000001000000010000000100000001000000010000000100000001000000010000000100000001000000010000000100000001000000010000000100000001000000010111001000000001001111110000000100000001011110010000000100000001011100000000000100000001011001100000000100000001011001100000000100000001011110110110111100000001001100010000000100000001010001100000000100000001011001010000000100000001010000110000000100000001010111000000000100000001010101110000000100000001010110010000000100000001010101010000000100000001010010100000000100000001011110000111100000000001001110100000000100000001011001100000000100000001010101110000000100000001010100010000000100000001010101000000000100000001010011100000000100000001011010110111010000000001001101100000000100000001010111100000000100000001011001100111111000000001001111100000000100000001011011010111011000000001001101000000000100000001010110110000000100000001011001010000000100000001010001010111110000000001001111010000000100000001010100000000000100000001010010010000000100000001011001110000000100000001011110000000000100000001011111000000000100000001011100100000000100000001000000010000000100000001000000010000000100000001000000010000000100000001000000010000000100000001000000010000000100000001000000010000000100000001000000010000000100000001000000010000000100000001000000010000000100000001000000010000000100000001000000010000000100000001000000010000000100000001000000010000000100000001000000010000000100000001000000010000000100000001000000010000000100000001000000010000000100000001000000010000000100000001000000010111010000000001000000010110101000000001000000010111011000000001000000010111100100000001000000010111110100000001000000010110101000000001000000010111000000000001000000010000000100000001000000010000000100000001000000010000000100000001000000010000000100000001000000010000000100000001000000010000000100000001000000010000000100000001000000010000000100000001000000010000000100000001000000010000000100000001000000010000000100000001000000010000000100000001000000010000000100000001000000010000000100000001000000010000000100000001000000010000000000000001000000010000000100000001000000010000000100000001000000010000000100000001000000010000000100000001000000010000000100000001000000010000000100000001000000010000000100000001000000010000000100000001000000010000000100000001000000010000000100000001000000010000000100000001000000010000000100000001000000010000000100000001000000010000000100000001000000010000000100000001000000010000000100000001000000010000000100000001000000010000000100000001000000010111100100000001000000010111111100000001000000010000000100000001000000010000000100000001000000010000000100000001000000010000000100000001000000010000000100000001000000010000000100000001000000010000000100000001000000010000000100000001000000010000000100000001000000010000000100000001000000010000000100000001000000010000000100000001000000010000000100000001000000010000000100000001000000010000000100000001000000010000000100000001000000010000000100000001000000010000000100000001000000010000000100000001000000010000000100000001000000010000000100000001000000010000000100000001000000010000000100000001000000010000000100000001000000010000000100000001000000010000000100000001000000010000000100000001000000010000000100000001000000010000000100000001000000010000000100000001000000010000000100000001000000010000000100000001000000010000000100000001000000010000000100000001000000010000000100000001000000010000000100000001000000010000000100000001000000010000000100000001000000010110101000000001000000010101101000000001000000010101111100000001000000010000000101110001000000010011000100000001000000010000000100000001000000010000000100000001000000010101101001100010011101010001111000000001000000010000000100000001000000010000000100000001000000010000000101100000011101110001101100000001000000010100001000000001000000010100110100000001000000010111101101111000000000010011100001011000011011000001100100000001000000010110100001111001000000010011100101110101000000010011010100000001000000010101111101100000011101010010000000000001000000010111100100000001000000010000000100000001000000010100011101110001000000010011001000000001000000010000000100000001000000010100110100000001000000010000000100000001000000010000000101111101000000010011110101111011000000010011101101101010011111110010101000000001000000010111010100000001000000010100111000000001000000010000000101100110011111000010001100000001000000010100100100000001000000010101100100000001000000010111010100000001000000010000000100000001000000010110000101100100011101110010111001111101000000010100010000000001000000010101010000000001000000010111110000000001000000010000000100000001000000010000000101101001011111000011011100000001000000010111010000000001000000010000000100000001000000010000000100000001000000010000000100000001000000010000000100000001000000010000000100000001000000010000000100000001000000010000000100000001000000010000000100000001000000010000000100000001000000010000000100000001000000010000000100000001000000010000000100000001000000010000000100000001000000010000000100000001000000010000000100000001000000010000000100000001000000010000000100000001000000010000000101111011000000010000000101111100000000010000000101111111000000010000000101111110000000010000000100000001000000010000000100000001000000010000000100000001000000010000000100000001000000010000000100000001000000010000000100000001000000010000000100000001000000010000000100000001000000010000000100000001000000010000000100000001000000010000000101110001000000010000000101101011000000010000000101110100000000010000000101111011000000010000000101111011000000010000000101101100000000010000000101100000000000010000000101011011000000010000000101001111000000010000000101000100000000010111110001000001000000010111011101001110000000010000000101000001000000010111010101001111000000010000000101011100000000010000000101100011000000010000000101010110000000010000000101010000000000010000000101010001000000010000000101100110000000010000000101011111000000010000000101101010000000010000000101100010000000010000000101110101000000010000000101110011000000010000000101110010000000010000000101110110000000010000000101100011000000010000000101011100000000010000000101000111000000010000000101110001000000010000000101011110000000010000000101011100000000010000000101110001000000010000000101001100000000010000000101101000000000010000000101111111000000010000000101101000000000010000000101011111000000010000000101110011000000010000000101011011000000010000000101011101000000010000000101101000000000010000000101101111000000010000000101101100000000010000000101100010000000010000000101101000000000010000000101100100000000010000000101110110000000010000000101100010000000010000000101111101000000010000000101111000000000010000000100000001000000010000000101101100000000010000000101110010000000010000000101110000000000010000000100000001000000010000000100000001000000010000000100000001000000010000000100000001000000010000000100000001000000010000000101110110000000010000000101011001000000010000000101101100000000010000000101100101000000010000000101011101000000010000000101110110000000010000000100000001000000010000000101111110000000010000000101101111000000010000000101100110000000010000000101100000000000010000000101010101000000010000000101001001000000010000000101001000000000010000000101001011000000010000000100111001000000010110111101010010000000010000000101100000000000010000000101100001000000010000000101011010000000010000000101011010000000010000000101011010000000010000000101100011000000010000000101100111000000010000000101100111000000010000000101100100000000010000000101110100000000010000000101110111000000010000000101101100000000010000000101111000000000010000000101100100000000010000000101100010000000010000000101000011000000010111101001110101000000010000000101011111000000010000000101010101000000010000000101110101000000010000000101000100000000010111101101100010000000010000000100000001000000010000000101101000000000010000000101100101000000010000000101101101000000010000000101011101000000010000000101011010000000010000000101101110000000010000000101110110000000010000000101110001000000010000000101100001000000010000000101100100000000010000000101011100000000010000000100000001000000010000000101111101000000010000000100000001000000010000000101100010000000010100101000000001000000010000000100000001000000010000000101101000011111110010110101100001011110010010000101101100000000010010100100000001000000010101101000000001000000010111011100000001000000010111110101101110000000010011010101111110000000010101010001011100011111000011101101101100000000010101010000000001000000010000000100000001000000010000000100000001000000010000000100000001000000010000000100000001000000010000000100000001000000010000000100000001000000010000000100000001000000010000000100000001000000010000000100000001000000010000000100000001000000010000000100000001000000010000000100000001000000010000000100000001000000010000000100000001000000010000000100000001000000010000000100000001000000010000000100000001000000010000000100000001000000010000000100000001000000010000000100000001000000010000000100000001000000010000000100000001000000010000000100000001000000010000000100000001000000010000000100000001000000010000000100000001000000010000000100000001000000010000000100000001000000010000000100000001000000010000000100000001000000010000000100000001000000010111010000000001000000010101011100000001000000010100010001111101000000010011110100000001000000010100010000000001000000010000000100000001000000010111011000000001000000010101011000000001000000010101010101100101011110100010010101111100000000010011110100000001000000010111110000000001000000010000000100000001000000010101110001100100011101110010100000000001000000010110011101111110000000010100001000000001000000010111100100000001000000010000000101101111000000010010111101101011000000010010101101110110000000010011011000000001000000010101001000000001000000010000000100000001000000010000000101100011011101110010010000000001000000010100110001110001000000010011000100000001000000010100010000000001000000010111011100000001000000010110101100000001000000010100100000000001000000010100010001111100000000010011111001101101000000010011000100000001000000010000000100000001000000010000000100000001000000010101011001110111000000010100111000000001000000010000000100000001000000010000000100000001000000010000000100000001000000010000000100000001000000010000000100000001000000010000000100000001000000010000000100000001000000010000000100000001000000010000000100000001000000010000000100000001000000010000000100000001000000010000000100000001000000010000000100000001000000010000000100000001000000010000000100000001000000010000000100000001000000010000000100000001000000010000000100000001000000010000000100000001000000010000000100000001000000010000000100000001000000010000000100000001000000010000000100000001000000010000000100000001000000010000000100000001000000010000000100000001000000010000000100000001000000010000000100000001000000010000000100000001000000010000000100000001000000010000000100000001000000010000000100000001000000010000000100000001000000010000000100000001000000010000000100000001000000010000000100000001000000010000000100000001000000010000000100000001000000010000000100000001000000010000000100000001000000010000000100000001000000010000000100000000000000010000000100000001000000010000000100000001000000010000000100000001000000010000000100000001000000010000000100000001000000010000000100000001000000010000000100000001000000010000000100000001000000010000000100000001000000010000000100000001000000010000000100000001000000010000000100000001000000010000000100000001000000010000000100000001000000010000000101111000000000010000000101110000000000010000000100000001000000010000000100000001000000010000000101111111000000010000000101100010000000010000000101101010000000010000000100000001000000010000000100000001000000010000000100000001000000010000000101111011000000010000000100000001000000010000000100000001000000010000000100000001000000010000000100000001000000010000000100000001000000010000000100000001000000010000000100000001000000010000000100000001000000010000000100000001000000010000000100000001000000010000000100000001000000010000000100000001000000010000000100000001000000010000000100000001000000010000000100000001000000010000000100000001000000010000000100000001000000010000000100000001000000010000000100000001000000010000000100000001000000010000000100000001000000010000000100000001000000010000000100000001000000010000000100000001000000010000000100000001000000010000000100000001000000010000000100000001000000010000000100000001000000010000000100000001000000010000000100000001000000010000000100000001000000010000000100000001000000010000000100000001000000010000000100000001000000010000000101111100000000010000000101101001011111110000000101000111000000010000000101100101000000010000000100000001000000010000000101010111000000010000000101110011000000010000000101100100000000010000000101110010000000010000000101010000000000010000000101000001000000010000000101111000000000010000000100000001000000010000000101010011000000010000000101100011000000010000000101111100000000010000000101010001000000010000000101010000000000010000000101100111000000010000000101110110000000010000000101101100000000010000000101010000000000010000000101010111011111000000000100111100000000010000000101001100000000010000000101101010000000010000000101100110000000010000000101101011000000010000000101101000000000010000000101100000011111000000000100111100000000010000000101111000000000010000000101010101000000010000000101001001000000010000000101010000011011010000000100101101000000010000000101100110011111110000000100111000000000010000000101100010000000010000000101001000000000010000000101100100011101110000000100111110000000010000000101010111011111000000000101000110000000010000000101100011000000010000000101100110000000010000000101101000000000010000000101101100000000010000000100000001000000010000000100000001000000010000000100000001000000010000000100000001000000010000000100000001000000010000000100000001000000010000000100000001000000010000000100000001000000010000000100000001000000010000000100000001000000010000000100000001000000010000000100000001000000010000000100000001000000010000000100000001000000010000000100000001000000010000000100000001000000010000000100000001000000010000000100000001000000010000000100000001000000010000000100000001011110010000000100000001011110000000000100000001011111100000000100000001011110010000000100000001011111010000000100000001000000010000000100000001000000010000000100000001000000010000000100000001000000010000000100000001000000010000000100000001000000010000000100000001000000010000000100000001000000010000000100000001000000010000000100000001000000010000000100000001011001000000000100000001011010000000000100000001000000010000000100000001011101110000000100000001010111100000000100000001010100100000000100000001010110100000000100000001010110010000000100000001010011100000000100000001010111100000000100000001011011110000000100000001010110110000000100000001010111000000000100000001010110000000000100000001010100110000000100000001010010110000000100000001010101110000000100000001011011000000000100000001011101010000000100000001011010010000000100000001010111110000000100000001010011110000000100000001010111110000000100000001011011010000000100000001011011110000000100000001011000000000000100000001010111000000000100000001010111000000000100000001010011010000000100000001011011010000000100000001010100110000000100000001010000100000000101111100010110010000000100000001001110010000000101101111010111100000000100000001011000110000000100000001011010010000000100000001011101000000000100000001011110100000000100000001011001100000000100000001011001100000000100000001011000000000000100000001010010010000000101110111010101000000000100000001010100100000000100000001010100100000000100000001001111100000000101101100011011010000000100000001011010000000000100000001011011010000000100000001011100000000000100000001000000010000000100000001011100010000000100000001011110000000000100000001010111110000000100000001000000010000000100000001000000010000000100000001000000010000000100000001000000010000000100000001000000010000000100000001011001110000000100000001011100110000000100000001011010000000000100000001011000000000000100000001010110000000000100000001010111110000000100000001000000010000000100000001011110010000000100000001011001010000000100000001011000100000000100000001011010010000000100000001010101110000000100000001010100010000000100000001011000000000000100000001011110010000000100000001010101110000000100000001010110010000000100000001010101110000000100000001010110010000000100000001010101110000000100000001010111110000000100000001011011000000000100000001011100110000000100000001011100000000000100000001010111100000000100000001010011100000000100000001010111010000000100000001011101000000000100000001011011100000000100000001011000100000000100000001010110110000000100000001010110000000000100000001010100110000000100000001011011100000000100000001010100100000000100000001010010110000000100000001010111100000000100000001001111010000000101110011010111000000000100000001011000110000000100000001011010100000000100000001011101100000000100000001011101010000000100000001011010000000000100000001011010010000000100000001010111100000000100000001010001110000000101101111010101100000000100000001010111110000000100000001010110100000000100000001010010100000000101111010011011000000000100000001011111010000000100000001000000010000000100000001011110010000000101100000000000010000000100000001000000010000000100000001011001000111101000101011000000010000000101010011011000110111101100100011000000010000000101010101000000010000000101111000000000010000000101111110011010110111011000101101000000010000000101010001011000100111100100110101011100010000000101001001000000010000000100000001000000010000000100000001000000010000000101110001000000010000000100000001000000010000000100000001000000010000000100000001000000010000000100000001000000010000000100000001000000010000000100000001000000010000000100000001000000010000000100000001000000010000000100000001000000010000000100000001000000010000000100000001000000010000000100000001000000010000000100000001000000010000000100000001000000010000000100000001000000010000000100000001000000010000000100000001000000010000000100000001000000010000000100000001000000010000000100000001000000010000000100000001000000010000000100000001000000010000000100000001000000010000000100000001000000010000000100000001011001110111010000111100000000010000000101100001000000010000000100000001000000010000000100000001011100110000000100110110000000010000000101000111011001000111110100100011000000010000000101000101000000010000000101100010000000010000000100000001011111100000000101000000011111000000000100111110011100110000000100110101000000010000000101011100000000010000000101110101000000010000000100000001010110010110110000011101011001110111101000101011011110100000000100111100000000010000000101010101000000010000000101111110000000010000000101110011000000010000000101010100000000010000000101010111000000010000000101000101000000010000000101010000000000010000000101110011000000010000000101110010011011010000000100101110000000010000000101000011011110110000000100111011000000010000000101001010000000010000000101111101000000010000000100000001000000010000000101010000000000010000000101011011000000010000000101001101000000010000000101000101000000010000000100000001000000010000000100000001000000010000000101011100011111100000000101011010000000010000000100000001000000010000000100000001000000010000000100000001000000010000000100000001000000010000000100000001000000010000000100000001000000010000000100000001000000010000000100000001000000010000000100000001000000010000000100000001000000010000000100000001000000010000000100000001000000010000000100000001000000010000000100000001000000010000000100000001000000010000000100000001000000010000000100000001000000010000000100000001000000010000000100000001000000010000000100000001011101000000000100000001011100110000000100000001000000010000000100000001000000010000000100000001000000010000000100000001011110010000000100000001011111100000000100000001000000010000000100000001000000010000000100000001000000010000000100000001000000010000000100000001000000010000000100000001000000010000000100000001000000010000000100000001000000010000000100000001000000010000000100000001000000010000000100000001000000010000000100000001000000010000000100000001000000010000000100000001000000010000000100000001000000010000000100000001000000000000000100000001000000010000000100000001000000010000000100000001000000010000000100000001000000010000000100000001000000010000000100000001000000010000000100000001000000010000000100000001000000010000000100000001000000010000000100000001000000010000000100000001010111010000000100000001011010000000000100000001000000010000000100000001000000010000000100000001010101010000000100000001010011010000000100000001011001110000000100000001000000010000000100000001010111010000000100000001010011100000000100000001010101010000000100000001011001010000000100000001000000010000000100000001011101100000000100000001011001000000000100000001011010000000000100000001000000010000000100000001000000010000000100000001000000010000000100000001000000010000000100000001000000010000000100000001000000010000000100000001000000010000000100000001000000010000000100000001000000010000000100000001000000010000000100000001000000010000000100000001000000010000000100000001000000010000000100000001000000010000000100000001000000010000000100000001000000010000000100000001000000010000000100000001000000010000000100000001000000010000000100000001000000010000000100000001000000010000000100000001000000010000000100000001000000010000000100000001000000010000000100000001000000010000000100000001000000010000000100000001000000010000000100000001000000010000000100000001000000010000000100000001000000010000000100000001000000010000000100000001000000010000000100000001000000010000000100000001000000010111101100000001010101000000000100000001000000010000000100000001011101100111110100000001010010000000000100000001000000010000000100000001011011010000000100000001011001100000000100000001011110000000000100000001010001000000000100000001010010010000000100000001010100100000000100000001010011010111110000000001010000000000000100000001010001010000000100000001011000010000000100000001011000100000000100000001011110000000000100000001010111110111101100000001010000000000000100000001010100000000000100000001011111000000000100000001010101110000000100000001011001010000000100000001011011010000000100000001010011110000000100000001010110110000000100000001011100010000000100000001011001000000000100000001010011110000000100000001010001110111111000000001001111100000000100000001011000010000000100000001011000010000000100000001011011010000000100000001010100110000000100000001010010110000000100000001011101110000000100000001010001110000000100000001011000110000000100000001011100100000000100000001011010010110111100000001001110000000000100000001011010000000000100000001011101110000000100000001000000010000000100000001000000010000000100000001000000010000000100000001000000010000000100000001000000010000000100000001000000010000000100000001000000010000000100000001000000010000000100000001000000010000000100000001000000010000000100000001000000010000000100000001000000010000000100000001000000010000000100000001000000010000000100000001000000010000000100000001000000010000000100000001000000010000000100000001000000010000000100000001000000010000000100000001000000010000000100000001000000010000000100000001000000010000000100000001000000010111110100000001000000010111000000000001000000010111000100000001000000010111001100000001000000010111000100000001000000010000000100000001000000010000000100000001000000010000000100000001000000010000000100000001000000010000000100000001000000010000000100000001000000010000000100000001000000010000000100000001000000010000000100000001000000010000000100000001000000010111011000000001000000010111010100000001000000010000000100000001000000010110001100000001000000010101110100000001000000010110000100000001000000010110011000000001000000010110010000000001000000010110000100000001000000010111110000000001000000010000000100000001000000010111001000000001000000010110000100000001000000010101000000000001000000010101100000000001000000010110010100000001000000010110110100000001000000010110111000000001000000010110100000000001000000010111000100000001000000010110100000000001000000010101001000000001000000010100101000000001000000010101010100000001000000010110001100000001000000010101110000000001000000010110110100000001000000010101011100000001000000010110100000000001000000010110111000000001000000010101011100000001000000010100100000000001000000010100100100000001000000010101111100000001000000010111100000000001000000010100101100000001000000010100010100000001011101100101101100000001000000010110011000000001000000010110000000000001000000010110111000000001000000010111100100000001000000010101110000000001000000010110010000000001000000010110001100000001000000010110111100000001000000010110001000000001000000010000000100000001000000010110110100000001000000010110011000000001000000010110100100000001000000010110110100000001000000010000000100000001000000010110010000000001000000010000000100000001000000010000000100000001000000010000000100000001000000010000000100000001000000010000000100000001000000010000000100000001000000010111101100000001000000010000000100000001000000010111100000000001000000010110101000000001000000010101101100000001000000010101011000000001000000010000000100000001000000010110111000000001000000010101110000000001000000010101011100000001000000010110001100000001000000010110011000000001000000010111001100000001000000010111011000000001000000010000000100000001000000010111000100000001000000010110010100000001000000010101001000000001000000010101110000000001000000010110101100000001000000010111001100000001000000010111010100000001000000010110101000000001000000010111010000000001000000010110100100000001000000010101010000000001000000010100101000000001000000010101011100000001000000010110010000000001000000010110000000000001000000010111000100000001000000010101100100000001000000010110010100000001000000010111000000000001000000010101011000000001000000010100010000000001011111010100101100000001000000010101100000000001000000010111011100000001000000010100010100000001011110100100010100000001011101100101111100000001000000010110010000000001000000010101100000000001000000010110110100000001000000010111110000000001000000010110111000000001000000010110111100000001000000010110001100000001000000010110010000000001000000010110001000000001000000010000000100000001000000010000000100000001000000010000000100000001000000010000000100000001000000010000000100000001011011100110101000000001001110000000000100000001011101110000000100000001000000010000000100000001010111000111111100000001001111110000000100000001000000010000000100000001011111110101111101101000000111110000000100000001000000010110101001111001001101010110100001111010001101010111001100000001001111100000000100000001000000010000000100000001000000010100111001011010001010000000000100000001011100010000000100000001000000010000000100000001000000010000000100000001000000010000000100000001000000010000000100000001000000010000000100000001000000010000000100000001000000010000000100000001000000010000000100000001000000010000000100000001000000010000000100000001000000010000000100000001000000010000000100000001000000010000000100000001000000010000000100000001000000010000000100000001000000010000000100000001000000010000000100000001000000010000000100000001000000010000000100000001000000010000000100000001000000010111101000000001010011100000000100000001011100110110010001110101001100100110110101111111001110000000000100000001000000010000000100000001010110100000000100000001000000010111011000000001001101100000000100000001011000000110101001111011001010100000000100000001011101110000000100000001011000010000000100000001010011110000000100000001000000010111001000000001001101100000000100000001010010100000000100000001000000010000000100000001010001000000000100000001000000010000000100000001000000010000000100000001010001100110000101110101001000100000000100000001011001010101101001101111000110100000000100000001011011100000000100000001000000010000000100000001010001010000000100000001010100000000000100000001011011000000000100000001000000010000000100000001011011110000000100000001010100010110101100000001001010110110110100000001001010110000000100000001000000010000000100000001010011000000000100000001000000010110101001111111001100000111100100000001010000000000000100000001011011000000000100000001000000010000000100000001011000100000000100000001000000010000000100000001000000010000000100000001000000010000000100000001000000010000000100000001000000010000000100000001000000010000000100000001000000010000000100000001000000010000000100000001000000010000000100000001000000010000000100000001000000010000000100000001000000010000000100000001000000010000000100000001000000010000000100000001000000010000000100000001000000010000000100000001000000010000000100000001000000010000000100000001000000010000000100000001000000010000000100000001000000010110111100000001000000010110000100000001000000010101100000000001000000010101111100000001000000010111100100000001000000010110101100000001000000010101101100000001000000010110100000000001000000010000000100000001000000010000000100000001000000010000000100000001000000010000000100000001000000010000000100000001000000010000000100000001000000010000000100000001000000010000000100000001000000010000000100000001000000010000000100000001000000010000000100000001000000010000000100000001000000010000000100000001000000010000000100000001000000010000000100000001000000010000000000000001000000010000000100000001000000010000000100000001000000010000000100000001000000010000000100000001000000010000000100000001000000010000000100000001000000010000000100000001000000010000000100000001000000010000000100000001000000010000000100000001000000010110000000000001000000010110101000000001000000010000000100000001000000010111110000000001000000010101000000000001000000010100111000000001000000010110100000000001000000010000000100000001000000010101110100000001000000010101000000000001000000010101011000000001000000010110101100000001000000010000000100000001000000010111010000000001000000010110000100000001000000010111000000000001000000010000000100000001000000010000000100000001000000010000000100000001000000010000000100000001000000010000000100000001000000010000000100000001000000010000000100000001000000010000000100000001000000010000000100000001000000010000000100000001000000010000000100000001000000010000000100000001000000010000000100000001000000010000000100000001000000010000000100000001000000010000000100000001000000010000000100000001000000010000000100000001000000010000000100000001000000010000000100000001000000010000000100000001000000010000000100000001000000010000000100000001000000010000000100000001000000010000000100000001000000010000000100000001000000010000000100000001000000010000000100000001000000010000000100000001000000010000000100000001000000010000000100000001000000010000000100000001000000010000000100000001000000010000000100000001000000010000000100000001000000010000000100000001000000010000000100000001000000010110000101111011000000010100110001100111011110010011011000000001000000010101101000000001000000010111001000000001000000010000000101111100000000010100001001101001011111100010111101110111000000010011100101111010000000010011111000000001000000010111101100000001000000010000000100000001000000010101011000000001000000010101001001101111000000010011000100000001000000010100101000000001000000010111100100000001000000010000000101100111011111010010010101111010000000010011100000000001000000010101000000000001000000010100101100000001000000010000000100000001000000010111001101111110000000010011110001100111011111010010010101100110011110110010011000000001000000010100011100000001000000010111101000000001000000010000000100000001000000010100010001011110011100010010001001110111000000010011110100000001000000010100100100000001000000010000000100000001000000010000000101101100000000010011001100000001000000010101010101110100000000010100000100000001000000010110101000000001000000010000000100000001000000010000000100000001000000010000000100000001000000010000000100000001000000010000000100000001000000010000000100000001000000010000000100000001000000010000000100000001000000010000000100000001000000010000000100000001000000010000000100000001000000010000000100000001000000010000000100000001000000010000000100000001000000010000000100000001000000010000000100000001000000010000000100000001000000010000000100000001000000010000000100000001000000010000000100000001000000010000000100000001000000010000000100000001000000010000000100000001000000010000000101101011000000010000000101111100000000010000000101101010000000010000000101110000000000010000000101110100000000010000000100000001000000010000000100000001000000010000000100000001000000010000000100000001000000010000000100000001000000010000000100000001000000010000000100000001000000010000000100000001000000010000000100000001000000010000000100000001000000010000000100000001000000010000000100000001000000010000000101110101000000010000000101011010000000010000000101011101000000010000000101100100000000010000000101100101000000010000000101100001000000010000000101011001000000010000000101101010000000010000000101111101000000010000000101110001000000010000000101110001000000010000000101100011000000010000000101100001000000010000000101011111000000010000000101100010000000010000000101100000000000010000000101100100000000010000000101111011000000010000000101110100000000010000000101101010000000010000000101011110000000010000000101011100000000010000000101100111000000010000000101101011000000010000000101110000000000010000000101010100000000010000000101011111000000010000000101001110000000010000000101011011000000010000000101100001000000010000000101010100000000010000000101111101000000010000000100000001000000010000000101110011000000010000000101100011000000010000000101011110000000010000000101100000000000010000000101011110000000010000000101010110000000010000000101011011000000010000000101100011000000010000000101100101000000010000000101010100000000010000000101100000000000010000000101101010000000010000000101110101000000010000000101010011000000010111111001010111000000010000000101111110000000010000000101110100000000010000000101111110000000010000000100000001000000010000000100000001000000010000000100000001000000010000000100000001000000010000000100000001000000010000000100000001000000010000000100000001000000010000000100000001000000010000000100000001000000010000000101110111000000010000000101101100000000010000000101100110000000010000000101110000000000010000000101101100000000010000000101011010000000010000000101011000000000010000000101100001000000010000000101110001000000010000000101100111000000010000000101100110000000010000000101101010000000010000000101111111000000010000000101110010000000010000000101110011000000010000000101100010000000010000000101100101000000010000000101101000000000010000000101100110000000010000000101100111000000010000000101101000000000010000000101111000000000010000000101110100000000010000000101101111000000010000000101100101000000010000000101011011000000010000000101100110000000010000000101101110000000010000000101110101000000010000000101010101000000010000000101011001000000010000000101010110000000010000000101100000000000010000000101011100000000010000000101011011000000010000000101111101000000010000000100000001000000010000000101110100000000010000000101100100000000010000000101100000000000010000000101011110000000010000000101011010000000010000000101010101000000010000000101011110000000010000000101100010000000010000000101101011000000010000000101100001000000010000000101110111000000010000000101110011000000010000000100000001000000010000000100000001000000010000000100000001000000010000000100000001000000010000000100000001000000010101111100000001000000010000000101101110000000010011100100000001000000010000000101101111000000010011001000000001000000010101010101011111011100010001111000000001000000010000000100000001000000010000000100000001000000010110100001100111011100110010101101110011000000010011100100000001000000010111110100000001000000010000000100000001000000010111101001111001000000010100101101100111011110100100000101101001011110010100001100000001000000010000000101100010011100000100000000000001000000010000000100000001000000010000000100000001000000010000000100000001000000010000000100000001000000010000000100000001000000010000000100000001000000010000000100000001000000010000000100000001000000010000000100000001000000010000000100000001000000010000000100000001000000010000000100000001000000010000000100000001000000010000000100000001000000010101100100000001000000010101011100000001000000010110111000000001000000010111100101011001011010110010010000000001000000010000000100000001000000010110010000000001000000010101111100000001000000010000000100000001000000010111010001101011011111100010110100000001000000010000000101110001000000010011001001101010011110110010101000000001000000010000000100000001000000010111011100000001000000010111011100000001000000010000000100000001000000010100110000000001000000010110000000000001000000010000000100000001000000010100011100000001000000010101010000000001000000010101111000000001000000010101110100000001000000010101010000000001000000010000000100000001000000010111000000000001000000010111000000000001000000010110110001101100000000010010110001101000011111000010100101110101000000010011011000000001000000010000000101101000011111000010100100000001000000010000000101100110011110110010011000000001000000010100100100000001000000010111100000000001000000010000000100000001000000010111001100000001000000010000000100000001000000010110000101110111000000010100010000000001000000010111111100000001000000010000000100000001000000010000000100000001000000010000000100000001000000010000000100000001000000010000000100000001000000010000000100000001000000010000000100000001000000010000000100000001000000010000000100000001000000010000000100000001000000010000000100000001000000010000000100000001000000010000000100000001000000010000000100000001000000010000000100000001000000010000000100000001000000010000000100000001000000010000000100000001000000010000000100000001000000010000000100000001000000010000000100000001000000010000000101111100000000010000000101100000000000010000000101011011000000010000000101101000000000010000000101110001000000010000000101101111000000010000000101100001000000010000000101100111000000010000000100000001000000010000000100000001000000010000000100000001000000010000000101110110000000010000000100000001000000010000000100000001000000010000000100000001000000010000000100000001000000010000000100000001000000010000000100000001000000010000000100000001000000010000000100000001000000010000000100000001000000010000000100000001000000010000000100000001000000010000000100000000000000010000000100000001000000010000000100000001000000010000000100000001000000010000000100000001000000010000000100000001000000010000000100000001000000010000000100000001000000010000000100000001000000010000000100000001000000010000000100000001000000010000000100000001000000010000000100000001000000010000000100000001000000010000000100000001000000010000000100000001000000010000000101101101000000010000000100000001000000010000000100000001000000010000000101110001000000010000000101100000000000010000000101101000000000010000000100000001000000010000000100000001000000010000000100000001000000010000000101111110000000010000000100000001000000010000000100000001000000010000000100000001000000010000000100000001000000010000000100000001000000010000000100000001000000010000000100000001000000010000000100000001000000010000000100000001000000010000000100000001000000010000000100000001000000010000000100000001000000010000000100000001000000010000000100000001000000010000000100000001000000010000000100000001000000010000000100000001000000010000000100000001000000010000000100000001000000010000000100000001000000010000000100000001000000010000000100000001000000010000000100000001000000010000000100000001000000010000000100000001000000010000000100000001000000010000000100000001000000010000000100000001000000010000000100000001000000010000000100000001000000010000000100000001000000010000000100000001000000010000000100000001000000010000000100000001000000010000000100000001000000010000000100000001000000010000000100000001000000010000000100000001011110010000000101010101011001010111010000111011011011010000000101000000010111100111000100101100000000010000000100000001000000010000000101111000011110010000000101000000000000010000000101001000000000010000000101000011011011010000000100101111000000010000000100000001000000010000000101111111011011000000000100101010000000010000000101011000011100000000000100101011011000110111100000011100000000010000000101111010000000010000000101110000000000010000000101010101011100100000000100110000011111000000000100111010011111110000000100111101000000010000000101110111000000010000000100000001010111110111010000011111000000010000000101011011000000010000000101011100000000010000000101000110000000010000000100000001000000010000000101110110000000010000000101010111000000010000000101010110000000010000000101010101011101000000000100111111000000010000000100000001000000010000000100000001011111100000000101001101000000010000000101011001000000010000000101101111000000010000000101101010000000010000000100000001000000010000000100000001000000010000000100000001000000010000000100000001000000010000000100000001000000010000000100000001000000010000000100000001000000010000000100000001000000010000000100000001000000010000000100000001000000010000000100000001000000010000000100000001000000010000000100000001000000010000000100000001000000010000000100000001000000010000000100000001000000010000000100000001000000010000000100000001000000010000000100000001000000010000000100000001000000010000000100000001000000010000000100000001000000010000000100000001000000010000000100000001000000010000000100000001000000010000000100000001011011100000000100000001011101010000000100000001011101100000000100000001000000010000000100000001000000010000000100000001000000010000000100000001000000010000000100000001000000010000000100000001000000010000000100000001000000010000000100000001000000010000000100000001000000010000000100000001000000010000000100000001000000010000000100000001000000010000000100000001011011110000000100000001011100100000000100000001011100100000000100000001011011000000000100000001011100100000000100000001011100110000000100000001011011100000000100000001011011000000000100000001011100000000000100000001011001100000000100000001011110010000000100000001011111100000000100000001011011100000000100000001010011010000000100000001010010010000000100000001010110100000000100000001011101010000000100000001000000010000000100000001000000010000000100000001011110100000000100000001011101100000000100000001011011100000000100000001011011110000000100000001011110010000000100000001011000100000000100000001011010000000000100000001010010100000000100000001001100000000000101101110011001000000000100000001011110000000000100000001011011100000000100000001011010100000000100000001011010000000000100000001011000010000000100000001011011110000000100000001011011110000000100000001011010000000000100000001011010110000000100000001011001000000000100000001011010000000000100000001011010010000000100000001011100110000000100000001011010100000000100000001011000010000000100000001011010010000000100000001011100000000000100000001011001010000000100000001011010010000000100000001011101110000000100000001000000010000000100000001000000010000000100000001000000010000000100000001000000010000000100000001000000010000000100000001000000010000000100000001000000010000000100000001000000010000000100000001000000010000000100000001000000010000000100000001000000010000000100000001000000010000000100000001011111110000000100000001011100010000000100000001011110110000000100000001010100110000000100000001011000100000000100000001011010010000000100000001011001110000000100000001011101000000000100000001011011010000000100000001011001110000000100000001011010100000000100000001011100010000000100000001011001010000000100000001011110100000000100000001011111000000000100000001011100000000000100000001010100010000000100000001010010010000000100000001010111010000000100000001011101110000000100000001000000010000000100000001000000010000000100000001011111010000000100000001011110010000000100000001011011100000000100000001011011110000000100000001011110000000000100000001011001100000000100000001011000010000000100000001010011110000000100000001001100010000000101101111011001000000000100000001011111110000000100000001011010110000000100000001011011010000000100000001010111010000000100000001011010000000000100000001011010000000000100000001011000100000000100000001010111010000000100000001011011100000000100000001010110110000000100000001011000000000000100000001011010000000000100000001011111100000000100000001011010010000000100000001010111010000000100000001011110010000000100000001000000010000000100000001000000010000000100000001000000010000000100000001000000010000000100000001000000010000000100000001000000010000000101011011011110110000000101000111000000010000000101010111000000010000000101101110000000010000000101010000011101100000000100111000000000010000000101110111000000010000000101111110000000010000000101101101011111100000000100111110000000010000000101100100000000010000000101110011000000010000000101000100000000010000000101001110000000010000000101011010000000010000000101011101000000010000000101100100000000010000000101111101000000010000000101011000000000010000000101111010000000010000000101111111000000010000000101101010000000010000000101011100000000010000000101101101000000010000000101101111000000010000000100000001000000010000000100000001000000010000000101110101000000010000000101010111000000010000000100000001000000010000000101011010000000010000000101111110000000010000000101111011000000010000000101110111000000010000000101111100011100100000000100111011011111110000000101001000000000010000000101111010000000010000000101110111000000010000000101110110011111110000000101000100000000010000000101111001000000010000000101001010011110010000000100111011000000010000000101111100011111100000000100111111000000010000000101000000000000010000000101001110000000010000000101100101000000010000000101101001000000010000000101010001000000010000000101101011000000010000000101011101000000010000000101001010000000010000000101111100000000010000000101010110000000010000000101110010000000010000000101100110000000010000000101001001000000010000000101010001000000010000000101110000000000010000000101010100011100100000000100110000000000010000000101110100000000010000000101101101000000010000000101100111011110000000000100111001000000010000000101110100000000010000000101101100000000010000000101010010000000010000000101010010000000010000000101110100011111100000000101000001000000010000000101010011000000010000000101011100000000010000000101110000000000010000000101101000000000010000000101110100000000010000000100000001000000010000000100000001000000010000000100000001000000010000000100000001000000010000000100000001000000010000000100000001000000010000000100000001000000010000000100000001000000010000000100000001000000010000000100000001000000010000000100000001000000010000000100000001000000010000000100000001000000010000000100000001000000010000000100000001000000010000000100000001000000010000000100000001000000010000000100000001000000010000000100000001000000010000000100000001000000010000000100000001000000010000000100000001000000010000000100000001000000010000000100000001011111110000000100000001000000010000000100000001000000010000000100000001000000010000000100000001011111000000000100000001000000010000000100000001000000010000000100000001000000010000000100000001000000010000000100000001000000010000000100000001000000010000000100000001000000010000000100000001000000010000000100000001000000010000000100000001000000010000000100000001000000010000000100000001000000010000000100000001000000010000000100000001000000010000000100000001000000010000000100000001000000010000000100000001000000000000000100000001000000010000000100000001000000010000000100000001000000010000000100000001000000010000000100000001000000010000000100000001000000010000000100000001000000010000000100000001000000010000000100000001000000010000000100000001000000010000000100000001000000010000000100000001000000010000000100000001000000010000000100000001000000010000000100000001000000010000000100000001000000010000000100000001000000010000000100000001000000010000000100000001000000010000000100000001011110110000000100000001000000010000000100000001000000010000000100000001000000010000000100000001000000010000000100000001000000010000000100000001000000010000000100000001000000010000000100000001000000010000000100000001000000010000000100000001000000010000000100000001000000010000000100000001000000010000000100000001000000010000000100000001000000010000000100000001000000010000000100000001000000010000000100000001000000010000000100000001000000010000000100000001000000010000000100000001000000010000000100000001000000010000000100000001000000010000000100000001000000010000000100000001000000010000000100000001000000010000000100000001000000010000000100000001000000010000000100000001000000010000000100000001000000010000000100000001000000010000000100000001000000010000000100000001000000010000000100000001000000010000000100000001000000010000000100000001000000010000000100000001000000010000000100000001000000010000000100000001000000010000000100000001000000010000000100000001000000010000000100000001000000010000000100000001000000010000000100000001000000010000000100000001000000010000000100000001000000010111100100000001010101010111001100000001010011010111010000000001010010010101111101110000001100000111100000000001010001100110101101111111001101100000000100000001010011100111101000000001010000000000000100000001000000010000000100000001000000010000000100000001011011000000000100000001000000010000000100000001010010110110001001110111000110110101111101110011000110100110001101111001001000010000000100000001000000010000000100000001000000010110111100000001001011010111101000000001001110100000000100000001000000010101110001110001000111000110110000000001001011010000000100000001011110100111011000000001001110000000000100000001010100010000000100000001000000010111101100000001010000000000000100000001010010110000000100000001000000010000000100000001011000010000000100000001010100110111110100000001010100100000000100000001011100010000000100000001000000010000000100000001000000010000000100000001000000010000000100000001000000010000000100000001000000010000000100000001000000010000000100000001000000010000000100000001000000010000000100000001000000010000000100000001000000010000000100000001000000010000000100000001000000010000000100000001000000010000000100000001000000010000000100000001000000010000000100000001000000010000000100000001000000010000000100000001000000010000000100000001000000010000000100000001000000010000000100000001000000010000000100000001000000010000000100000001000000010000000100000001000000010000000100000001000000010000000100000001000000010000000100000001000000010000000100000001000000010000000100000001000000010110001100000001000000010110010000000001000000010111100000000001000000010111011100000001000000010111110000000001000000010000000100000001000000010000000100000001000000010000000100000001000000010000000100000001000000010000000100000001000000010000000100000001000000010000000100000001000000010000000100000001000000010000000100000001000000010000000100000001000000010000000100000001000000010000000100000001000000010111010000000001000000010000000100000001000000010000000100000001000000010110111100000001000000010110100000000001000000010111100000000001000000010110111100000001000000010111000100000001000000010101111100000001000000010110110100000001000000010111110000000001000000010111101100000001000000010110010100000001000000010101110000000001000000010110010000000001000000010110010000000001000000010111011100000001000000010110101100000001000000010101111000000001000000010110101100000001000000010110111000000001000000010111000100000001000000010111100000000001000000010110011000000001000000010111101100000001000000010110010100000001000000010100100100000001000000010111011000000001000000010000000100000001000000010111000100000001000000010110010100000001000000010100010100000001011111110101000000000001000000010111001100000001000000010111101000000001000000010110110100000001000000010111111000000001000000010111011000000001000000010110000100000001000000010101010000000001000000010101000000000001000000010101111000000001000000010101111000000001000000010110001100000001000000010111000100000001000000010000000100000001000000010000000100000001000000010110000100000001000000010111101000000001000000010000000100000001000000010000000100000001000000010000000100000001000000010000000100000001000000010000000100000001000000010000000100000001000000010000000100000001000000010000000100000001000000010000000100000001000000010000000100000001000000010000000100000001000000010000000100000001000000010110111000000001000000010110110000000001000000010110101000000001000000010110111000000001000000010111111000000001000000010111111000000001000000010110011100000001000000010110101000000001000000010111100100000001000000010111011100000001000000010110111100000001000000010101110000000001000000010111000000000001000000010111101100000001000000010111100100000001000000010110001000000001000000010101101000000001000000010110010100000001000000010110010000000001000000010111100100000001000000010110111000000001000000010101110100000001000000010110001100000001000000010111001000000001000000010111011000000001000000010111011000000001000000010110010000000001000000010111110100000001000000010110101100000001000000010100001100000001000000010111001000000001000000010000000100000001000000010110110100000001000000010110000000000001000000010100000100000001011111010101100100000001000000010111000100000001000000010111110100000001000000010110100000000001000000010111110000000001000000010110110000000001000000010110011100000001000000010110010100000001000000010101100100000001000000010110100000000001000000010110011100000001000000010111111100000001000000010000000100000001000000010000000100000001000000010000000100000001000000010000000100000001000000010000000100000001000000010000000100000001000000010000000100000001011110110111110100000001010001110000000100000001010010010000000100000001011000000000000100000001011110000000000100000001010111110000000100000001011010000000000100000001011101010000000100000001010011000000000100000001011100000000000100000001011001000000000100000001010000110000000100000001011010000000000100000001011011010000000100000001010001110000000100000001010100110000000100000001011100000111101000000001010001000111110000000001010001110000000100000001011001010000000100000001010011110000000100000001011111010000000100000001010110000000000100000001011111000000000100000001010100100000000100000001010101100000000100000001011010100000000100000001010111000000000100000001000000010000000100000001011011000000000100000001011000110000000100000001010100100000000100000001010001110000000100000001010010000000000100000001010011010000000100000001010111110000000100000001010001000110101101111110001011110000000100000001011100100000000100000001011000000000000100000001010011010000000100000001011000110000000100000001011010100000000100000001011010100000000100000001011110000000000100000001010110010000000100000001011110100000000100000001011000100000000100000001010001000000000100000001010000100000000100000001011011110000000100000001011000110000000100000001010001100111111100000001001111110111101100000001001110110111110000000001001111000000000100000001010001010111111100000001001111110000000100000001010101100000000100000001010010110000000100000001011100010000000100000001011110000000000100000001010011110000000100000001011000010111111000000001001111100000000100000001011011010000000100000001011100110000000100000001010101110111111000000001001111100000000100000001010011000000000100000001010101100000000100000001011101110000000100000001010011000000000100000001010101010000000100000001010101100000000100000001011110100000000100000001011101110000000100000001000000010000000100000001000000010000000100000001000000010000000100000001000000010000000100000001000000010000000100000001000000010000000100000001000000010000000100000001000000010000000100000001000000010000000100000001000000010000000100000001000000010000000100000001000000010000000100000001000000010000000100000001000000010000000100000001000000010000000100000001000000010000000100000001000000010000000100000001000000010000000100000001000000010000000100000001000000010000000100000001000000010000000100000001000000010000000100000001000000010000000100000001000000010000000100000001000000010000000100000001000000010000000100000001000000010000000100000001000000010000000100000001000000010000000100000001000000010000000100000001000000010000000100000001000000010000000100000001000000010000000100000001000000010000000100000001000000010000000100000001000000010000000100000001000000010000000100000001000000010000000100000001000000010000000100000001000000010000000100000001000000010000000100000001000000010000000100000001000000010000000100000001000000010000000100000001000000010000000000000001000000010000000100000001000000010000000100000001000000010000000100000001000000010000000100000001000000010000000100000001000000010000000100000001000000010000000100000001000000010000000100000001000000010000000100000001000000010000000100000001000000010000000100000001000000010000000100000001000000010000000100000001000000010000000100000001000000010110111100000001000000010110001000000001000000010000000100000001000000010000000100000001000000010111100100000001000000010101101000000001000000010110000000000001000000010000000100000001000000010000000100000001000000010000000100000001000000010111010000000001000000010000000100000001000000010000000100000001000000010000000100000001000000010000000100000001000000010000000100000001000000010000000100000001000000010000000100000001000000010000000100000001000000010000000100000001000000010000000100000001000000010000000100000001000000010000000100000001000000010000000100000001000000010000000100000001000000010000000100000001000000010000000100000001000000010000000100000001000000010000000100000001000000010000000100000001000000010000000100000001000000010000000100000001000000010000000100000001000000010000000100000001000000010000000100000001000000010000000100000001000000010000000100000001000000010000000100000001000000010000000100000001000000010000000100000001000000010000000100000001000000010000000100000001000000010000000100000001000000010000000100000001000000010000000100000001000000010000000100000001000000010000000100000001000000010000000100000001000000010000000100000001000000010000000100000001000000010000000100000001000000010000000100000001000000010000000100000001000000010000000100000001000000010000000100000001000000010000000101011111011011010011011101111010000000010100111100000001000000010101010100000001000000010101111000000001000000010000000100000001000000010101101000000001000000010110111100000001000000010110001000000001000000010101001000000001000000010000000100000001000000010100110100000001000000010101001000000001000000010000000101111000000000010011100001110000000000010011000100000001000000010101101100000001000000010000000100000001000000010000000100000001000000010000000101101000011110110010110000000001000000010100100100000001000000010000000100000001000000010000000100000001000000010000000101011111011011110010100000000001000000010110101000000001000000010110011000000001000000010111101100000001000000010000000100000001000000010000000100000001000000010000000100000001000000010000000100000001000000010000000100000001000000010000000100000001000000010000000100000001000000010000000100000001000000010000000100000001000000010000000100000001000000010000000100000001000000010000000100000001000000010000000100000001000000010000000100000001000000010000000100000001000000010000000100000001000000010000000100000001000000010000000100000001000000010000000100000001000000010000000100000001000000010000000100000001000000010000000100000001000000010000000100000001000000010000000100000001000000010000000100000001000000010000000100000001000000010000000100000001000000010000000100000001000000010000000100000001000000010000000101010111000000010111100001011101000000010000000101101001000000010000000101101011000000010000000101110000000000010000000100000001000000010000000100000001000000010000000100000001000000010000000100000001000000010000000100000001000000010000000100000001000000010000000100000001000000010000000100000001000000010000000100000001000000010000000100000001000000010000000100000001000000010000000100000001000000010000000101110100000000010000000100000001000000010000000100000001000000010000000101100011000000010000000101001110000000010000000101010011000000010000000101010011000000010000000101011010000000010000000101001011000000010000000101010001000000010000000101010110000000010000000101100100000000010000000101101000000000010000000101100110000000010000000101100010000000010000000101101001000000010000000101011101000000010000000101011010000000010000000101010111000000010000000101101111000000010000000101111010000000010000000101111101000000010000000101111000000000010000000101101101000000010000000101110101000000010000000100000001000000010000000101101011000000010000000101111001000000010000000101111111000000010000000101101001000000010000000101110010000000010000000101110101000000010000000100000001000000010000000100000001000000010000000101101110000000010000000101101011000000010000000100000001000000010000000100000001000000010000000101110111000000010000000101111101000000010000000101100000000000010000000101011111000000010000000101100110000000010000000101100001000000010000000101100011000000010000000101111011000000010000000100000001000000010000000101101111000000010000000100000001000000010000000100000001000000010000000100000001000000010000000100000001000000010000000100000001000000010000000100000001000000010000000100000001000000010000000100000001000000010000000100000001000000010000000100000001000000010000000100000001000000010000000100000001000000010000000100000001000000010000000101101110000000010000000101010010000000010000000101110101000000010000000101100100000000010000000101101101000000010000000100000001000000010000000101100000000000010000000101001111000000010000000101001110000000010000000101010101000000010000000101011101000000010000000101000011000000010000000101001011000000010000000101010010000000010000000101100011000000010000000101101010000000010000000101100111000000010000000101011100000000010000000101101000000000010000000101011111000000010000000101011001000000010000000101011011000000010000000101101010000000010000000101111111000000010000000100000001000000010000000101111000000000010000000101100101000000010000000101111100000000010000000100000001000000010000000101101011000000010000000101111101000000010000000100000001000000010000000101101111000000010000000101110110000000010000000101110000000000010000000100000001000000010000000100000001000000010000000101110000000000010000000101011111000000010000000100000001000000010000000100000001000000010000000101111010000000010000000101111001000000010000000101100111000000010000000101101110000000010000000101101111000000010000000100000001000000010000000100000001000000010000000100000001000000010000000100000001000000010000000100000001000000010000000100000001000000010000000100000001000000010000000101111010000000010100100000000001000000010101101001110101000000010011101101111100000000010100001000000001000000010111101000000001000000010111001100000001000000010100011101111111000000010011110000000001000000010100011001110000000000010011010000000001000000010111011000000001000000010111111100000001000000010101010001110101000000010011011101110100000000010011011001101110000000010011000000000001000000010111101100000001000000010000000101110010000000010011010101101101000000010010111000000001000000010101011101111110000000010011111100000001000000010000000100000001000000010111111100000001000000010100110100000001000000010101001101110101000000010011011101101001011111000010110100000001000000010000000100000001000000010111011000000001000000010101010100000001000000010100100100000001000000010100100100000001000000010101101000000001000000010111100100000001000000010111100001101100011111110010111000000001000000010101000001110111000000010011110001100011011101100010011100000001000000010111100100000001000000010000000101100101011110100010010101111101000000010011101100000001000000010011110100000001000000010101000100000001000000010111100100000001000000010111010101101011011111100010100101101110000000010010110000000001000000010101011000000001000000010100000000000001000000010111110100000001000000010111100100000001000000010100100001101011000000010010101001110111000000010011011101100010011101110010001000000001000000010111110000000001000000010111111000000001000000010101110101111001000000010011100000000001000000010100000000000001000000010100110000000001000000010000000100000001000000010111100100000001000000010101010101110000000000010011000000000001000000010101001100000001000000010100011100000001000000010110101000000001000000010000000100000001000000010101010000000001000000010101000001101100011111010011101000000001000000010110001000000001000000010000000100000001000000010000000100000001000000010000000100000001000000010000000100000001000000010000000100000001000000010000000100000001000000010000000100000001000000010000000100000001000000010000000100000001000000010000000100000001000000010000000100000001000000010000000100000001000000010000000100000001000000010000000100000001000000010000000100000001000000010000000100000001000000010000000100000001000000010000000100000001000000010000000100000001000000010000000100000001000000010000000100000001000000010000000100000001000000010000000100000001000000010000000101111100000000010000000101110010000000010000000100000001000000010000000100000001000000010000000100000001000000010000000101111000000000010000000101111001000000010000000100000001000000010000000100000001000000010000000100000001000000010000000100000001000000010000000100000001000000010000000100000001000000010000000100000001000000010000000100000001000000010000000100000001000000010000000100000001000000010000000100000001000000010000000100000001000000010000000100000001000000010000000100000001000000010000000100000001000000010000000100000000000000010000000100000001000000010000000100000001000000010000000100000001000000010000000100000001000000010000000100000001000000010000000100000001000000010000000100000001000000010000000100000001000000010000000100000001000000010000000100000001000000010000000101100110000000010000000101101110000000010000000100000001000000010000000100000001000000010000000101011010000000010000000101010101000000010000000101101101000000010000000100000001000000010000000101100010000000010000000101011011000000010000000101100000000000010000000101101001000000010000000100000001000000010000000101111101000000010000000101101101000000010000000101110100000000010000000100000001000000010000000100000001000000010000000100000001000000010000000100000001000000010000000100000001000000010000000100000001000000010000000100000001000000010000000100000001000000010000000100000001000000010000000100000001000000010000000100000001000000010000000100000001000000010000000100000001000000010000000100000001000000010000000100000001000000010000000100000001000000010000000100000001000000010000000100000001000000010000000100000001000000010000000100000001000000010000000100000001000000010000000100000001000000010000000100000001000000010000000100000001000000010000000100000001000000010000000100000001000000010000000100000001000000010000000100000001000000010000000100000001000000010000000100000001000000010000000100000001000000010000000100000001000000010000000100000001000000010000000100000001000000010000000100000001000000010000000100000001000000010000000100000001000000010000000100000001000000010000000100000001000000010000000100000001000000010000000100000001000000010000000100000001000000010000000100000001000000010000000100000001000000010000000100000001000000010000000100000001000000010000000100000001000000010000000100000001000000010000000101110000011111100000000101010011000000010000000100000001000000010000000101011101011110010000000101000110000000010000000101101101000000010000000101111110000000010000000100000001000000010000000101100111000000010000000101110000011111110000000101000110000000010000000101011101000000010000000101001100000000010000000101011101000000010000000101011100000000010000000101110010000000010000000101100000000000010000000101011100000000010000000101101000011011010111110000111111000000010000000101100011000000010000000101101001000000010000000100000001000000010000000100000001000000010000000100000001000000010000000100000001000000010000000100000001000000010000000100000001000000010000000100000001000000010000000100000001000000010000000100000001000000010000000100000001000000010000000100000001000000010000000100000001000000010000000100000001000000010000000100000001000000010000000100000001000000010000000100000001000000010000000100000001000000010000000100000001000000010000000100000001000000010000000100000001000000010000000100000001000000010000000100000001000000010000000100000001000000010000000100000001000000010000000100000001000000010000000100000001000000010000000100000001000000010000000100000001000000010000000100000001000000010000000100000001000000010000000100000001000000010000000100000001000000010000000100000001011010000000000100000001010100110000000100000001010110110000000100000001011100000000000100000001000000010000000100000001000000010000000100000001000000010000000100000001000000010000000100000001000000010000000100000001000000010000000100000001000000010000000100000001000000010000000100000001000000010000000100000001000000010000000100000001000000010000000100000001000000010000000100000001000000010000000100000001000000010000000100000001011111110000000100000001000000010000000100000001011110000000000100000001010100100000000100000001011000000000000100000001011110100000000100000001010110110000000100000001010100110000000100000001010111000000000100000001011110000000000100000001000000010000000100000001011111110000000100000001011101000000000100000001011100010000000100000001010110000000000100000001011010010000000100000001011001010000000100000001011000010000000100000001010100110000000100000001010101110000000100000001010110000000000100000001011010010000000100000001011101010000000100000001011110010000000100000001011101010000000100000001011100100000000100000001011101000000000100000001011101100000000100000001011011110000000100000001011000110000000100000001011010000000000100000001010110000000000100000001010111000000000100000001011011000000000100000001011100110000000100000001011010110000000100000001011100110000000100000001000000010000000100000001011100110000000100000001011011010000000100000001011111100000000100000001011110010000000100000001011100100000000100000001011100100000000100000001000000010000000100000001000000010000000100000001000000010000000100000001000000010000000100000001000000010000000100000001000000010000000100000001000000010000000100000001000000010000000100000001000000010000000100000001000000010000000100000001000000010000000100000001000000010000000100000001000000010000000100000001000000010000000100000001000000010000000100000001000000010000000100000001000000010000000100000001011101100000000100000001000000010000000100000001011111010000000100000001011010110000000100000001011100100000000100000001011101110000000100000001010101010000000100000001010110010000000100000001011110010000000100000001010110000000000100000001010111010000000100000001011001000000000100000001011011110000000100000001011110110000000100000001011110110000000100000001011100010000000100000001011100100000000100000001010100100000000100000001011000110000000100000001011100100000000100000001011000010000000100000001010100110000000100000001010100110000000100000001010111000000000100000001011011000000000100000001011100100000000100000001000000010000000100000001011101010000000100000001011101010000000100000001011101000000000100000001011001110000000100000001011101100000000100000001011010110000000100000001011001100000000100000001010101100000000100000001010101110000000100000001010111100000000100000001011100110000000100000001011100100000000100000001011010100000000100000001000000010000000100000001000000010000000100000001011111000000000100000001000000010000000100000001000000010000000100000001000000010000000100000001000000010000000100000001000000010000000100000001000000010000000100000001000000010000000100000001000000010000000100000001000000010000000101101010000000010000000101001110000000010000000101010100011110010000000101000000000000010000000101111011000000010000000101101111000000010000000101000110000000010000000101010100000000010000000101001111011011010000000100110001000000010000000101111101000000010000000101111111000000010000000101001101011101010000000100110101011011000000000100101011000000010000000101001100000000010000000100000001000000010000000101110010011011110000000100101110000000010000000101011110011011010000000100101010011101110000000100110101000000010000000101110101000000010000000101110010000000010000000101001101000000010000000101010000011101110000000100110101000000010000000101011110000000010000000101110011000000010000000101111011000000010000000101000110011111010000000100111111011110100000000100111100000000010000000101001100000000010000000101110110000000010000000100000001011011100000000100110000011111110000000101000011000000010000000101011001011001010111100000101001000000010000000101111010000000010000000100000001011011000000000100101100000000010000000101000010011111100000000100111001000000010000000101001111000000010000000101111010000000010000000101110110000000010000000101001110000000010000000101001001000000010000000101010011000000010000000101000001000000010000000101101110000000010000000101111110000000010000000101010001011001110111110100100101000000010000000100111111011011000000000100101100000000010000000101110111000000010000000100000001011100000000000100110000000000010000000101011001011011010000000100101011000000010000000100111110000000010000000101111001000000010000000100000001000000010000000101001010000000010000000101001111000000010000000101010011011110100000000100111000000000010000000101111111000000010000000100000001000000010000000101011111000000010000000101010100000000010000000101011000011111000000000101010011000000010000000100000001000000010000000100000001000000010000000100000001000000010000000100000001000000010000000100000001000000010000000100000001000000010000000100000001000000010000000100000001000000010000000100000001000000010000000100000001000000010000000100000001000000010000000100000001000000010000000100000001000000010000000100000001000000010000000100000001000000010000000100000001000000010000000100000001000000010000000100000001000000010000000100000001000000010000000100000001000000010000000100000001000000010000000100000001000000010000000100000001000000010000000100000001011100010000000100000001011010010000000100000001011100100000000100000001000000010000000100000001011110000000000100000001011010010000000100000001011100100000000100000001000000010000000100000001000000010000000100000001000000010000000100000001000000010000000100000001000000010000000100000001000000010000000100000001000000010000000100000001000000010000000100000001000000010000000100000001000000010000000100000001000000010000000100000001000000010000000100000001000000010000000100000001000000010000000100000001000000010000000100000001000000000000000100000001000000010000000100000001000000010000000100000001000000010000000100000001000000010000000100000001000000010000000100000001000000010000000100000001000000010000000100000001000000010000000100000001000000010000000100000001000000010000000100000001011010110000000100000001011100000000000100000001000000010000000100000001000000010000000100000001010110110000000100000001010110110000000100000001011011010000000100000001000000010000000100000001010111110000000100000001010111000000000100000001011000010000000100000001011010010000000100000001000000010000000100000001011111000000000100000001011011100000000100000001011101010000000100000001000000010000000100000001000000010000000100000001000000010000000100000001000000010000000100000001000000010000000100000001000000010000000100000001000000010000000100000001000000010000000100000001000000010000000100000001000000010000000100000001000000010000000100000001000000010000000100000001000000010000000100000001000000010000000100000001000000010000000100000001000000010000000100000001000000010000000100000001000000010000000100000001000000010000000100000001000000010000000100000001000000010000000100000001000000010000000100000001000000010000000100000001000000010000000100000001000000010000000100000001000000010000000100000001000000010000000100000001000000010000000100000001000000010000000100000001000000010000000100000001000000010000000100000001000000010000000100000001000000010000000100000001000000010000000100000001000000010000000100000001000000010000000100000001000000010000000100000001000000010000000100000001000000010000000100000001000000010000000100000001000000010000000100000001000000010000000100000001000000010000000100000001000000010000000100000001000000010000000100000001000000010000000100000001000000010000000100000001000000010000000100000001000000010000000100000001011010000000000100000001011111110000000100000001011111110000000100000001011010100000000100000001011001010000000100000001011110100000000100000001011011110000000100000001000000010000000100000001011110100000000100000001011001100000000100000001000000010000000100000001011110010000000100000001000000010000000100000001011100100000000100000001011011010000000100000001000000010000000100000001011011010000000100000001011110010000000100000001000000010000000100000001000000010000000100000001000000010000000100000001000000010000000100000001000000010000000100000001000000010000000100000001000000010000000100000001000000010000000100000001000000010000000100000001000000010000000100000001000000010000000100000001000000010000000100000001000000010000000100000001000000010000000100000001000000010000000100000001000000010000000100000001000000010000000100000001000000010000000100000001000000010000000100000001000000010000000100000001000000010000000100000001000000010000000100000001000000010000000100000001000000010000000100000001000000010000000100000001000000010000000100000001000000010000000100000001000000010000000100000001000000010000000100000001000000010000000100000001000000010000000100000001000000010000000100000001000000010000000100000001000000010000000100000001000000010000000100000001000000010111110100000001000000010111001100000001000000010111011100000001000000010110111000000001000000010000000100000001000000010111001000000001000000010000000100000001000000010000000100000001000000010000000100000001000000010000000100000001000000010000000100000001000000010000000100000001000000010000000100000001000000010000000100000001000000010000000100000001000000010000000100000001000000010000000100000001000000010000000100000001000000010111010100000001000000010000000100000001000000010111010000000001000000010110110100000001000000010110011000000001000000010111011000000001000000010100011000000001000000010101100000000001000000010101110100000001000000010110001100000001000000010111111100000001000000010000000100000001000000010110101000000001000000010110100000000001000000010110001100000001000000010110101000000001000000010110110100000001000000010101110000000001000000010100010100000001011111100100100000000001000000010101101100000001000000010110011100000001000000010101111000000001000000010110000100000001000000010101110100000001000000010101111100000001000000010101111000000001000000010110100000000001000000010110110100000001000000010101100100000001000000010010110100000001011010010011000000000001011010100110000100000001000000010000000100000001000000010111101100000001000000010101110100000001000000010101110000000001000000010110101000000001000000010110011100000001000000010111110000000001000000010111011000000001000000010111011100000001000000010000000100000001000000010000000100000001000000010000000100000001000000010000000100000001000000010000000100000001000000010000000100000001000000010000000100000001000000010000000100000001000000010000000100000001000000010111101100000001000000010111011100000001000000010000000100000001000000010000000100000001000000010000000100000001000000010000000100000001000000010000000100000001000000010000000100000001000000010000000100000001000000010000000100000001000000010000000100000001000000010000000100000001000000010111101000000001000000010110100000000001000000010110101000000001000000010110100000000001000000010101101000000001000000010110110100000001000000010111101000000001000000010101111100000001000000010101010100000001000000010110010100000001000000010111010000000001000000010111100100000001000000010000000100000001000000010110100000000001000000010101101100000001000000010101011000000001000000010110000000000001000000010110111000000001000000010101110100000001000000010100000000000001011110110100010100000001011111100101100000000001000000010110111100000001000000010101011000000001000000010110011100000001000000010110001100000001000000010101111000000001000000010101111100000001000000010111010100000001000000010110111100000001000000010101010000000001000000010010110100000001011011000011011000000001011101000101011000000001000000010111110000000001000000010111000100000001000000010101000100000001000000010110110100000001000000010111001000000001000000010111010100000001000000010000000100000001000000010000000100000001000000010000000100000001000000010000000100000001000000010000000100000001000000010000000100000001000000010000000100000001000000010000000100000001000000010000000100000001000000010000000100000001011000000000000100000001000000010111101000000001010000110000000100000001010101100000000100000001011101110000000100000001010100000000000100000001011001000000000100000001010000110000000100000001001111010111100000000001001110000000000100000001000000010000000100000001000000010110010001111110001001000111011000000001001101100110101000000001001010100110111000000001001011110101001101101100000101000000000100000001000000010000000100000001000000010000000100000001000000010000000100000001010000100110100001111101001010000000000100000001000000010000000100000001000000010111110100000001001110010000000100000001011010100000000100000001010011010111001000000001001011010000000100000001010001010000000100000001011011110000000100000001011011100000000100000001000000010110111000000001001011100000000100000001010100010101110001110000000111010000000100000001000000010111100000000001001110100110101001111101001011000111101100000001001111010000000100000001010010000101110101110000000111110000000100000001010110000000000100000001010000110000000100000001000000010110000101110111000111110000000100000001010110000110011001111010001000010000000100000001011001010000000100000001000000010000000100000001011100000111001000000001001100110000000100000001010110110000000100000001011000010000000100000001010111100000000100000001000000010111001100000001001100010110111100000001001011010000000100000001010100100000000100000001000000010111011000000001001101000000000100000001000000010000000100000001010010100000000100000001010010110000000100000001010011110000000100000001000000010000000100000001010111110000000100000001000000010000000100000001010010110111010100000001001100100000000100000001010011110000000100000001000000010000000100000001000000010000000100000001010011100000000100000001000000010000000100000001011001000000000100000001000000010000000100000001000000010000000100000001000000010000000100000001000000010000000100000001000000010000000100000001000000010000000100000001000000010000000100000001000000010000000100000001000000010000000100000001000000010000000100000001000000010000000100000001000000010000000100000001000000010000000100000001000000010000000100000001000000010000000100000001000000010000000100000001000000010000000100000001000000010000000100000001000000010000000100000001000000010000000100000001000000010000000100000001000000010000000100000001000000010000000100000001000000010000000100000001000000010111001100000001000000010110111000000001000000010111011100000001000000010000000100000001000000010111111100000001000000010111000000000001000000010111101000000001000000010000000100000001000000010000000100000001000000010000000100000001000000010000000100000001000000010000000100000001000000010000000100000001000000010000000100000001000000010000000100000001000000010000000100000001000000010000000100000001000000010000000100000001000000010000000100000001000000010000000100000001000000010000000100000001000000010000000100000001000000010000000000000001000000010000000100000001000000010000000100000001000000010000000100000001000000010000000100000001000000010000000100000001000000010000000100000001000000010000000100000001000000010000000100000001000000010000000100000001000000010000000100000001000000010000000100000001000000010000000100000001000000010000000100000001000000010000000100000001000000010111100100000001000000010110100000000001000000010000000100000001000000010000000100000001000000010111101100000001000000010101111100000001000000010110010100000001000000010000000100000001000000010000000100000001000000010000000100000001000000010111100100000001000000010000000100000001000000010000000100000001000000010000000100000001000000010000000100000001000000010000000100000001000000010000000100000001000000010000000100000001000000010000000100000001000000010000000100000001000000010000000100000001000000010000000100000001000000010000000100000001000000010000000100000001000000010000000100000001000000010000000100000001000000010000000100000001000000010000000100000001000000010000000100000001000000010000000100000001000000010000000100000001000000010000000100000001000000010000000100000001000000010000000100000001000000010000000100000001000000010000000100000001000000010000000100000001000000010000000100000001000000010000000100000001000000010000000100000001000000010000000100000001000000010000000100000001000000010000000100000001000000010000000100000001000000010000000100000001000000010000000100000001000000010000000100000001000000010000000100000001000000010000000100000001000000010000000100000001000000010000000100000001000000010000000100000001000000010000000100000001000000010000000100000001000000010000000100000001000000010000000100000001000000010000000100000001000000010000000100000001000000010000000100000001000000010000000100000001000000010000000100000001000000010000000100000001000000010000000100000001000000010000000100000001000000010000000100000001000000010000000100000001000000010000000100000001000000010000000100000001000000010000000100000001000000010110110100000001000000010000000100000001000000010000000100000001000000010000000100000001000000010000000100000001000000010000000100000001000000010000000100000001000000010000000100000001000000010000000100000001000000010000000100000001000000010000000100000001000000010000000100000001000000010000000100000001000000010000000100000001000000010000000100000001000000010000000100000001000000010000000100000001000000010000000100000001000000010000000100000001000000010000000100000001000000010000000100000001000000010000000100000001000000010000000100000001000000010000000100000001000000010000000100000001000000010000000100000001000000010000000100000001000000010000000100000001000000010000000100000001000000010000000100000001000000010000000100000001000000010000000100000001000000010000000100000001000000010000000100000001000000010000000100000001000000010000000100000001000000010000000100000001000000010000000100000001000000010000000100000001000000010000000100000001000000010000000100000001000000010000000100000001000000010000000100000001000000010000000100000001000000010000000100000001000000010000000100000001000000010000000100000001000000010000000101110101000000010000000101101110000000010000000101100001000000010000000101101001000000010000000101111100000000010000000100000001000000010000000100000001000000010000000100000001000000010000000100000001000000010000000100000001000000010000000100000001000000010000000100000001000000010000000100000001000000010000000100000001000000010000000100000001000000010000000100000001000000010000000100000001000000010000000101011101000000010000000101101011000000010000000100000001000000010000000100000001000000010000000101011010000000010000000101100101000000010000000101010011000000010000000101010010000000010000000101110111000000010000000100000001000000010000000100000001000000010000000101111110000000010000000101010111000000010000000101100000000000010000000101101010000000010000000101110001000000010000000101100100000000010000000101010101000000010000000101010100000000010000000101011111000000010000000101110010000000010000000101011010000000010000000101010001000000010000000101000110000000010000000100111001000000010111010101001111000000010000000101001101000000010000000100111100000000010111110100101010000000010110101000101101000000010110110100111110000000010111110001101100000000010000000101110010000000010000000101011101000000010000000101011101000000010000000101101001000000010000000101011111000000010000000101010111000000010000000101111001000000010000000101110101000000010000000101110011000000010000000100000001000000010000000100000001000000010000000100000001000000010000000100000001000000010000000100000001000000010000000100000001000000010000000100000001000000010000000100000001000000010000000101111011000000010000000101110111000000010000000101110101000000010000000101111100000000010000000100000001000000010000000100000001000000010000000100000001000000010000000100000001000000010000000100000001000000010000000100000001000000010000000100000001000000010000000101111111000000010000000101100100000000010000000101110101000000010000000101011111000000010000000101010001000000010000000101001110000000010000000101111001000000010000000101111011000000010000000101010111000000010000000101100101000000010000000101011011000000010000000101011011000000010000000100000001000000010000000100000001000000010000000100000001000000010000000101101010000000010000000101010101000000010000000101011110000000010000000101100100000000010000000101100111000000010000000101100001000000010000000101010100000000010000000101010111000000010000000101011101000000010000000101101010000000010000000101100001000000010000000101011100000000010000000101000100000000010111100101000111000000010111111001010001000000010000000101010011000000010000000100111010000000010111010000110101000000010111000100110100000000010111000001000010000000010111111001101010000000010000000101101111000000010000000101010001000000010000000101100101000000010000000101110011000000010000000101110011000000010000000101111001000000010000000100000001000000010000000100000001000000010000000100000001000000010000000100000001000000010000000100000001000000010000000100000001000000010000000100000001000000010000000100000001000000010000000100000001000000010000000100000001000000010000000100000001000000010000000101111001000000010100100000000001000000010100101100000001000000010000000100000001000000010111000000000001000000010111101100000001000000010000000101110001011110000010110100000001000000010011110000000001000000010000000100000001000000010000000100000001000000010111100000000001000000010000000101111010000000010011101101110101000000010011011001011011011101000001110000000001000000010000000100000001000000010000000100000001000000010101010001111000000000010011101001111101000000010011111000000001000000010111111100000001000000010000000100000001000000010100010000000001000000010111100101101010011111010010011001111110000000010011101000000001000000010000000100000001000000010101000100000001000000010000000100000001000000010000000101111101000000010011110100000001000000010100110101100111011110110010100000000001000000010000000100000001000000010000000101010111011010100001100101111011000000010011110100000001000000010100001000000001000000010100111100000001000000010000000100000001000000010101011000000001000000010111100000000001000000010100100100000001000000010100010000000001000000010111101000000001000000010000000100000001000000010000000101110111000000010011100101110011000000010011011101111110000000010100000000000001000000010110110000000001000000010110111000000001000000010000000100000001000000010101111001111110000000010011110101110010000000010010111100000001000000010000000100000001000000010000000101110110000000010011010000000001000000010110111101111011000000010011100100000001000000010101011000000001000000010000000100000001000000010000000100000001000000010000000100000001000000010110100001101000011111100010010100000001000000010101010000000001000000010111010100000001000000010000000100000001000000010000000100000001000000010000000100000001000000010110010100000001000000010000000100000001000000010000000100000001000000010000000100000001000000010000000100000001000000010000000100000001000000010000000100000001000000010000000100000001000000010000000100000001000000010000000100000001000000010000000100000001000000010000000100000001000000010000000100000001000000010000000100000001000000010000000100000001000000010000000100000001000000010000000100000001000000010000000100000001000000010000000100000001000000010000000100000001000000010000000100000001000000010000000100000001000000010000000100000001000000010000000100000001000000010000000100000001000000010000000101111101000000010000000101111111000000010000000100000001000000010000000100000001000000010000000100000001000000010000000100000001000000010000000100000001000000010000000100000001000000010000000100000001000000010000000100000001000000010000000100000001000000010000000100000001000000010000000100000001000000010000000100000001000000010000000100000001000000010000000100000001000000010000000100000001000000010000000100000001000000010000000100000001000000010000000100000001000000010000000100000001000000010000000100000001000000010000000100000000000000010000000100000001000000010000000100000001000000010000000100000001000000010000000100000001000000010000000100000001000000010000000100000001000000010000000100000001000000010000000100000001000000010000000100000001000000010000000100000001000000010000000100000001000000010000000100000001000000010000000100000001000000010000000100000001000000010000000100000001000000010000000100000001000000010000000100000001000000010000000100000001000000010000000101111111000000010000000101111011000000010000000100000001000000010000000100000001000000010000000100000001000000010000000100000001000000010000000100000001000000010000000100000001000000010000000100000001000000010000000100000001000000010000000100000001000000010000000100000001000000010000000100000001000000010000000100000001000000010000000100000001000000010000000100000001000000010000000100000001000000010000000100000001000000010000000100000001000000010000000100000001000000010000000100000001000000010000000100000001000000010000000100000001000000010000000100000001000000010000000100000001000000010000000100000001000000010000000100000001000000010000000100000001000000010000000100000001000000010000000100000001000000010000000100000001000000010000000100000001000000010000000100000001000000010000000100000001000000010000000100000001000000010000000100000001000000010000000100000001000000010000000100000001000000010000000100000001000000010000000100000001000000010000000100000001000000010000000100000001000000010000000100000001000000010000000100000001000000010000000100000001000000010000000100000001000000010000000100000001000000010000000100000001000000010000000100000001000000010000000100000001000000010000000100000001000000010000000100000001000000010000000100000001000000010000000100000001000000010000000100000001000000010000000100000001000000010000000100000001000000010000000100000001000000010000000100000001000000010000000100000001000000010000000100000001000000010000000100000001000000010000000100000001000000010000000100000001000000010000000100000001000000010000000100000001000000010000000100000001000000010000000100000001000000010000000100000001000000010000000100000001000000010000000100000001000000010000000100000001000000010000000100000001000000010000000100000001000000010000000100000001000000010000000100000001000000010000000100000001000000010000000100000001000000010000000100000001000000010000000100000001000000010000000100000001000000010000000100000001000000010000000100000001000000010000000100000001000000010000000100000001000000010000000100000001000000010000000100000001000000010000000100000001000000010000000100000001000000010000000100000001000000010000000100000001000000010000000100000001000000010000000100000001000000010000000100000001000000010000000100000001000000010000000100000001000000010000000100000001000000010000000100000001000000010000000100000001000000010000000100000001000000010000000100000001000000010000000100000001000000010000000100000001000000010000000100000001000000010000000100000001000000010000000100000001000000010000000100000001000000010000000100000001000000010000000100000001000000010000000100000001000000010000000100000001000000010000000100000001000000010000000100000001011101100000000100000001011100100000000100000001011001000000000100000001011100110000000100000001000000010000000100000001000000010000000100000001000000010000000100000001000000010000000100000001000000010000000100000001000000010000000100000001000000010000000100000001000000010000000100000001000000010000000100000001000000010000000100000001000000010000000100000001000000010000000100000001000000010000000100000001011110010000000100000001011010010000000100000001000000010000000100000001011110010000000100000001010111100000000100000001011100010000000100000001010111110000000100000001011001000000000100000001011110010000000100000001000000010000000100000001000000010000000100000001011011110000000100000001010101010000000100000001011001010000000100000001011010100000000100000001011011110000000100000001011000100000000100000001010110110000000100000001010011100000000100000001010100000000000100000001011110000000000100000001011110100000000100000001011010110000000100000001010101010000000100000001010001110000000100000001010011100000000100000001010001110000000100000001010010010000000100000001010000010000000100000001010000100000000100000001001111100000000100000001011001100000000100000001010111010000000100000001010000100000000101111001011000110000000100000001000000010000000100000001011010110000000100000001011010000000000100000001011110110000000100000001011110110000000100000001000000010000000100000001000000010000000100000001000000010000000100000001000000010000000100000001000000010000000100000001000000010000000100000001000000010000000100000001000000010000000100000001000000010000000100000001011110000000000100000001011101110000000100000001000000010000000100000001000000010000000100000001000000010000000100000001000000010000000100000001000000010000000100000001000000010000000100000001000000010000000100000001000000010000000100000001000000010000000100000001000000010000000100000001011111100000000100000001011111100000000100000001011001110000000100000001010101110000000100000001010110010000000100000001011100000000000100000001011001110000000100000001011000000000000100000001011001110000000100000001011011010000000100000001011011010000000100000001011111110000000100000001000000010000000100000001000000010000000100000001011100110000000100000001010100100000000100000001011001100000000100000001011001100000000100000001011001100000000100000001011001110000000100000001010111100000000100000001010100110000000100000001010100000000000100000001011110100000000100000001000000010000000100000001011101000000000100000001010101010000000100000001010011100000000100000001010100000000000100000001010011110000000100000001010010110000000100000001010010010000000100000001010010100000000100000001010010010000000100000001011010110000000100000001010100000000000100000001010011110000000100000001011001000000000100000001000000010000000100000001011111100000000100000001000000010000000100000001000000010000000100000001000000010000000100000001000000010000000100000001000000010000000100000001000000010000000100000001000000010000000100000001000000010000000100000001000000010000000100000001000000010000000100000001000000010000000100000001000000010000000101100101000000010000000101011110000000010000000101010000011111110000000101000101000000010000000101001011000000010000000101010110000000010000000101110111000000010000000101100000000000010000000101110011000000010000000101010011000000010000000101000111000000010000000101101110000000010000000101100000000000010000000101001000000000010000000101110111000000010000000101001101000000010000000101101101000000010000000101001111000000010000000101110001000000010000000101001101000000010000000101010111000000010000000101011100000000010000000101011101000000010000000101011001000000010000000101110000000000010000000101000000000000010000000100111110000000010000000101001010000000010000000101010001000000010000000101110011000000010000000101000100000000010000000101010011000000010000000101110001000000010000000101001011000000010000000101001110000000010000000101101010000000010000000101011110000000010000000101001111000000010000000101010111011101000000000100110110000000010000000101011001000000010000000101110100000000010000000101001000000000010000000101001001000000010000000101101110000000010000000101110001000000010000000101010001000000010000000101110001000000010000000101001001000000010000000101001001000000010000000101101010000000010000000101111101000000010000000101001111000000010000000101110000000000010000000101001100000000010000000101100001011111100000000100111101000000010000000101100111011011000111101100101010000000010000000101011010000000010000000101001100000000010000000101010100000000010000000101100100000000010000000101011110011111000000000100111110000000010000000101101110011011000000000100101110000000010000000101111110000000010000000101000001000000010000000101101001000000010000000101110101000000010000000101010101000000010000000100000001000000010000000100000001000000010000000100000001000000010000000100000001000000010000000100000001000000010000000100000001000000010000000100000001000000010000000100000001000000010000000100000001000000010000000100000001000000010000000100000001000000010000000100000001000000010000000100000001000000010000000100000001000000010000000100000001000000010000000100000001000000010000000100000001000000010000000100000001000000010000000100000001000000010000000100000001000000010000000100000001000000010000000100000001000000010000000100000001000000010000000100000001000000010000000100000001000000010000000100000001000000010000000100000001000000010000000100000001000000010000000100000001000000010000000100000001000000010000000100000001000000010000000100000001000000010000000100000001000000010000000100000001000000010000000100000001000000010000000100000001000000010000000100000001000000010000000100000001000000010000000100000001000000010000000100000001000000010000000100000001000000010000000100000001000000010000000100000001000000010000000100000001000000010000000100000001000000010000000100000001000000010000000100000001000000010000000100000001000000010000000100000001000000000000000100000001000000010000000100000001000000010000000100000001000000010000000100000001000000010000000100000001000000010000000100000001000000010000000100000001000000010000000100000001000000010000000100000001000000010000000100000001000000010000000100000001000000010000000100000001000000010000000100000001000000010000000100000001000000010000000100000001011100110000000100000001011001010000000100000001000000010000000100000001000000010000000100000001011100100000000100000001011000010000000100000001011001100000000100000001000000010000000100000001000000010000000100000001000000010000000100000001011110110000000100000001000000010000000100000001000000010000000100000001000000010000000100000001000000010000000100000001000000010000000100000001000000010000000100000001000000010000000100000001000000010000000100000001000000010000000100000001000000010000000100000001000000010000000100000001000000010000000100000001000000010000000100000001000000010000000100000001000000010000000100000001000000010000000100000001000000010000000100000001000000010000000100000001000000010000000100000001000000010000000100000001000000010000000100000001000000010000000100000001000000010000000100000001000000010000000100000001000000010000000100000001000000010000000100000001000000010000000100000001000000010000000100000001000000010000000100000001000000010000000100000001000000010000000100000001000000010000000100000001000000010000000100000001000000010000000100000001000000010000000100000001000000010000000100000001000000010000000100000001000000010000000100000001000000010000000100000001000000010000000100000001000000010000000100000001000000010000000100000001000000010000000100000001000000010000000100000001000000010000000100000001000000010000000100000001000000010000000100000001000000010000000100000001000000010000000100000001000000010000000100000001000000010000000100000001000000010000000100000001000000010000000100000001000000010000000100000001000000010000000100000001000000010000000100000001000000010000000100000001000000010000000100000001000000010000000100000001000000010000000100000001000000010000000100000001000000010000000100000001000000010000000100000001000000010000000100000001000000010000000100000001000000010000000100000001000000010000000100000001000000010000000100000001000000010000000100000001000000010000000100000001000000010000000100000001000000010000000100000001000000010000000100000001000000010000000100000001000000010000000100000001000000010000000100000001000000010000000100000001000000010000000100000001000000010000000100000001000000010000000100000001000000010000000100000001000000010000000100000001000000010000000100000001000000010000000100000001000000010000000100000001000000010000000100000001000000010000000100000001000000010000000100000001000000010000000100000001000000010000000100000001000000010000000100000001000000010000000100000001000000010000000100000001000000010000000100000001000000010000000100000001000000010000000100000001000000010000000100000001000000010000000100000001000000010000000100000001000000010000000100000001000000010000000100000001000000010000000100000001000000010000000100000001000000010000000100000001000000010000000100000001000000010111101000000001000000010111100000000001000000010110011100000001000000010110110000000001000000010000000100000001000000010000000100000001000000010000000100000001000000010000000100000001000000010000000100000001000000010000000100000001000000010000000100000001000000010000000100000001000000010000000100000001000000010000000100000001000000010000000100000001000000010000000100000001000000010000000100000001000000010000000100000001000000010000000100000001000000010000000100000001000000010111100000000001000000010111011100000001000000010101111100000001000000010110000000000001000000010111010000000001000000010110011000000001000000010110010000000001000000010110001000000001000000010101110100000001000000010101110000000001000000010110010100000001000000010101101000000001000000010101110100000001000000010101101000000001000000010110010000000001000000010101100000000001000000010101101000000001000000010110100000000001000000010111111100000001000000010000000100000001000000010111111000000001000000010000000100000001000000010110100100000001000000010110100000000001000000010111010000000001000000010110101000000001000000010101010000000001000000010011111000000001000000010110001000000001000000010111000100000001000000010101101100000001000000010111010100000001000000010000000100000001000000010110101100000001000000010000000100000001000000010000000100000001000000010000000100000001000000010000000100000001000000010000000100000001000000010000000100000001000000010000000100000001000000010000000100000001000000010000000100000001000000010000000100000001000000010000000100000001000000010000000100000001000000010111001000000001000000010110110000000001000000010000000100000001000000010000000100000001000000010111110000000001000000010000000100000001000000010000000100000001000000010000000100000001000000010000000100000001000000010000000100000001000000010000000100000001000000010000000100000001000000010000000100000001000000010000000100000001000000010111010000000001000000010111001000000001000000010110111100000001000000010110011000000001000000010111001100000001000000010110010100000001000000010101100000000001000000010110000100000001000000010110101100000001000000010110110000000001000000010110101100000001000000010110011100000001000000010110001000000001000000010101001100000001000000010110000000000001000000010101101000000001000000010101110000000001000000010110010100000001000000010101111100000001000000010101100100000001000000010101110100000001000000010111000100000001000000010000000100000001000000010111111000000001000000010000000100000001000000010111101100000001000000010110111000000001000000010110101100000001000000010111110100000001000000010111011100000001000000010110110100000001000000010101000100000001000000010101110100000001000000010110111100000001000000010101011000000001000000010111001000000001000000010000000100000001000000010000000100000001000000010000000100000001000000010000000100000001000000010000000100000001000000010000000100000001000000010000000100000001000000010000000100000001000000010000000100000001000000010000000100000001000000010000000100000001000000010000000100000001000000010000000100000001000000010000000100000001011110110000000100000001000000010110000000000001001101100000000100000001010110000000000100000001011101000000000100000001011100000000000100000001011100110000000100000001010111000000000100000001011110100000000100000001011011010000000100000001010011100000000100000001010110110000000100000001011001100111011000000001001110010000000100000001010111010000000100000001011111000000000100000001010011110000000100000001011011010000000100000001010111100000000100000001011110110000000100000001010011100111101000000001001111000000000100000001010101000000000100000001011010100000000100000001010110010000000100000001011001100000000100000001010100000000000100000001011011000000000100000001010111110000000100000001010011110000000100000001010010000000000100000001010100010000000100000001010111100000000100000001010110000000000100000001010001000000000100000001010101100000000100000001010101100000000100000001010101000000000100000001011000000000000100000001010100100111001100000001001101000000000100000001010101110000000100000001010110000000000100000001010010010000000100000001010100000000000100000001011000100111011000000001001110000000000100000001011110000000000100000001010100110000000100000001010011100000000100000001011100100000000100000001011100100000000100000001011010100000000100000001011100010000000100000001010110100000000100000001011000100000000100000001010110100000000100000001010011110000000100000001010100000000000100000001011000000111000100000001001011110000000100000001011100110000000100000001011000100000000100000001011111110000000100000001011000100000000100000001011110100000000100000001010011110000000100000001011011000000000100000001000000010000000100000001011101000000000100000001011010110000000100000001000000010000000100000001000000010000000100000001000000010000000100000001000000010000000100000001000000010000000100000001000000010000000100000001000000010000000100000001000000010000000100000001000000010000000100000001000000010000000100000001000000010000000100000001000000010000000100000001000000010000000100000001000000010000000100000001000000010000000100000001000000010000000100000001000000010000000100000001000000010000000100000001000000010000000100000001000000010000000100000001000000010000000100000001000000010000000100000001000000010000000100000001000000010000000100000001000000010000000100000001000000010000000100000001000000010000000100000001000000010000000100000001000000010000000100000001000000010000000100000001000000010000000100000001000000010000000100000001000000010000000100000001000000010000000100000001000000010000000100000001000000010000000100000001000000010000000100000001000000010000000100000001000000010000000100000001000000010000000100000001000000010000000100000001000000010000000100000001000000010000000100000001000000010000000100000001000000010000000100000001000000010000000100000001000000010000000100000001000000010000000100000001000000010000000100000001000000010000000000000001000000010000000100000001000000010000000100000001000000010000000100000001000000010000000100000001000000010000000100000001000000010000000100000001000000010000000100000001000000010000000100000001000000010000000100000001000000010000000100000001000000010101111100000001000000010110100100000001000000010000000100000001000000010111101100000001000000010100110000000001000000010101000100000001000000010110101100000001000000010000000100000001000000010110000100000001000000010101010000000001000000010101100000000001000000010110101000000001000000010000000100000001000000010111100100000001000000010110011000000001000000010111000000000001000000010000000100000001000000010000000100000001000000010000000100000001000000010000000100000001000000010000000100000001000000010000000100000001000000010000000100000001000000010000000100000001000000010000000100000001000000010000000100000001000000010000000100000001000000010000000100000001000000010000000100000001000000010000000100000001000000010000000100000001000000010000000100000001000000010000000100000001000000010000000100000001000000010000000100000001000000010000000100000001000000010000000100000001000000010000000100000001000000010000000100000001000000010000000100000001000000010000000100000001000000010000000100000001000000010000000100000001000000010000000100000001000000010000000100000001000000010000000100000001000000010000000100000001000000010000000100000001000000010000000100000001000000010000000100000001000000010000000100000001000000010000000100000001000000010000000100000001000000010000000100000001000000010000000100000001000000010000000100000001000000010000000100000001000000010000000100000001000000010000000100000001000000010000000100000001000000010000000100000001000000010000000100000001000000010000000100000001000000010000000100000001000000010000000100000001000000010000000100000001000000010000000100000001000000010000000100000001000000010000000100000001000000010000000100000001000000010000000100000001000000010000000100000001000000010000000100000001000000010000000100000001000000010000000100000001000000010000000100000001000000010000000100000001000000010000000100000001000000010000000100000001000000010000000100000001000000010000000100000001000000010000000100000001000000010000000100000001000000010000000100000001000000010000000100000001000000010000000100000001000000010000000100000001000000010000000100000001000000010000000100000001000000010000000100000001000000010000000100000001000000010000000100000001000000010000000100000001000000010000000100000001000000010000000100000001000000010000000100000001000000010000000100000001000000010000000100000001000000010000000100000001000000010000000100000001000000010000000100000001000000010000000100000001000000010000000100000001000000010000000100000001000000010000000100000001000000010000000100000001000000010000000100000001000000010000000100000001000000010000000100000001000000010000000100000001000000010000000100000001000000010000000100000001000000010000000100000001000000010000000100000001000000010000000100000001000000010000000100000001000000010000000100000001000000010000000100000001000000010000000100000001000000010000000100000001000000010000000100000001000000010000000101111011000000010000000101100011000000010000000101101101000000010000000101111010000000010000000100000001000000010000000100000001000000010000000100000001000000010000000100000001000000010000000100000001000000010000000100000001000000010000000100000001000000010000000100000001000000010000000100000001000000010000000100000001000000010000000100000001000000010000000100000001000000010000000100000001000000010000000100000001000000010000000100000001000000010000000101111100000000010000000101110001000000010000000101111000000000010000000100000001000000010000000101111101000000010000000101101100000000010000000101101100000000010000000101100101000000010000000101100000000000010000000101100101000000010000000101100011000000010000000101001101000000010000000101010010000000010000000101011001000000010000000101101001000000010000000101011101000000010000000101100010000000010000000101011001000000010000000101100100000000010000000101100101000000010000000101111010000000010000000100000001000000010000000101100100000000010000000101110001000000010000000101100110000000010000000101110111000000010000000101110100000000010000000101101011000000010000000101100010000000010000000101100110000000010000000101011101000000010000000101111101000000010000000100000001000000010000000101111111000000010000000100000001000000010000000100000001000000010000000100000001000000010000000100000001000000010000000100000001000000010000000100000001000000010000000100000001000000010000000100000001000000010000000100000001000000010000000100000001000000010000000101101101000000010000000101111011000000010000000101011100000000010000000101100010000000010000000101111010000000010000000101101100000000010000000100000001000000010000000101110100000000010000000100000001000000010000000100000001000000010000000100000001000000010000000100000001000000010000000100000001000000010000000100000001000000010000000100000001000000010000000100000001000000010000000100000001000000010000000100000001000000010000000100000001000000010000000101111100000000010000000101011111000000010000000101010110000000010000000101100111000000010000000101110000000000010000000101101011000000010000000101101001000000010000000101101000000000010000000101100101000000010000000101110001000000010000000101101001000000010000000101101001000000010000000101010110000000010000000101010111000000010000000101101000000000010000000101100111000000010000000101100110000000010000000101101101000000010000000101101000000000010000000101101010000000010000000101101011000000010000000100000001000000010000000101111110000000010000000101101111000000010000000101100011000000010000000101100100000000010000000101111110000000010000000101111010000000010000000101101000000000010000000101100001000000010000000101011111000000010000000101101101000000010000000100000001000000010000000100000001000000010000000100000001000000010000000100000001000000010000000100000001000000010000000100000001000000010000000100000001000000010000000100000001000000010000000100000001000000010000000100000001000000010000000100000001000000010000000100000001000000010000000100000001000000010000000100000001000000010000000100000001000000010000000101101001000000010101100001100100000000010100001100000001000000010000000100000001000000010111011100000001000000010011110100000001000000010100001000000001000000010101100101110000011111110010110100000001000000010000000100000001000000010000000100000001000000010101010101101111000000010011001100000001000000010101100101100001011101110010010100000001000000010111101000000001000000010111011100000001000000010100111001110111000000010011101101101110000000010011001000000001000000010100111100000001000000010111100000000001000000010000000100000001000000010100111100000001000000010101000100000001000000010100001100000001000000010110010000000001000000010000000100000001000000010111000000000001000000010100000000000001000000010100100001110010000000010011000000000001000000010100000000000001000000010111010100000001000000010000000101011100011100000001110101111010000000010011110000000001000000010101110001110011000000010011010100000001000000010110110100000001000000010000000100000001000000010100110101111011000000010011110100000001000000010101000000000001000000010100111100000001000000010111100000000001000000010000000101101111000000010011010000000001000000010101000000000001000000010101001101110000000000010011010100000001000000010000000100000001000000010111110001111100000000010011101100000001000000010100100100000001000000010101000000000001000000010100110000000001000000010110111100000001000000010000000100000001000000010101000100000001000000010110000100000001000000010100010101111001000000010011101000000001000000010000000100000001000000010111110000000001000000010101011101110110000000010011101001110000000000010011011001100010011110000010101000000001000000010111001100000001000000010000000100000001000000010000000100000001000000010000000100000001000000010000000100000001000000010000000100000001000000010000000100000001000000010000000100000001000000010000000100000001000000010000000100000001000000010000000100000001000000010000000100000001000000010000000100000001000000010000000100000001000000010000000100000001000000010000000100000001000000010000000100000001000000010000000100000001000000010000000100000001000000010000000100000001000000010000000100000001000000010000000100000001000000010000000100000001000000010000000100000001000000010000000100000001000000010000000100000001000000010000000100000001000000010000000100000001000000010000000100000001000000010000000101111000000000010000000101110101000000010000000101111100000000010000000100000001000000010000000100000001000000010000000101110011000000010000000101111001000000010000000100000001000000010000000100000001000000010000000100000001000000010000000100000001000000010000000100000001000000010000000100000001000000010000000100000001000000010000000100000001000000010000000100000001000000010000000100000001000000010000000100000001000000010000000100000001000000010000000100000001000000010000000100000001000000010000000100000001000000010000000100000000000000010000000100000001000000010000000100000001000000010000000100000001000000010000000100000001000000010000000100000001000000010000000100000001000000010000000100000001000000010000000100000001000000010000000100000001000000010000000100000001000000010000000101011111000000010000000101101101000000010000000100000001000000010000000100000001000000010000000101011100000000010000000101010010000000010000000101101000000000010000000100000001000000010000000101011111000000010000000101010011000000010000000101011000000000010000000101100110000000010000000100000001000000010000000101111000000000010000000101100010000000010000000101101011000000010000000100000001000000010000000100000001000000010000000100000001000000010000000100000001000000010000000100000001000000010000000100000001000000010000000100000001000000010000000100000001000000010000000100000001000000010000000100000001000000010000000100000001000000010000000100000001000000010000000100000001000000010000000100000001000000010000000100000001000000010000000100000001000000010000000100000001000000010000000100000001000000010000000100000001000000010000000100000001000000010000000100000001000000010000000100000001000000010000000100000001000000010000000100000001000000010000000100000001000000010000000100000001000000010000000100000001000000010000000100000001000000010000000100000001000000010000000100000001000000010000000100000001000000010000000100000001000000010000000100000001000000010000000100000001000000010000000100000001000000010000000100000001000000010000000100000001000000010000000100000001000000010000000100000001000000010000000100000001000000010000000100000001000000010000000100000001000000010000000100000001000000010000000100000001000000010000000100000001000000010000000100000001000000010000000100000001000000010000000100000001000000010000000100000001000000010000000100000001000000010000000100000001000000010000000100000001000000010000000100000001000000010000000100000001000000010000000100000001000000010000000100000001000000010000000100000001000000010000000100000001000000010000000100000001000000010000000100000001000000010000000100000001000000010000000100000001000000010000000100000001000000010000000100000001000000010000000100000001000000010000000100000001000000010000000100000001000000010000000100000001000000010000000100000001000000010000000100000001000000010000000100000001000000010000000100000001000000010000000100000001000000010000000100000001000000010000000100000001000000010000000100000001000000010000000100000001000000010000000100000001000000010000000100000001000000010000000100000001000000010000000100000001000000010000000100000001000000010000000100000001000000010000000100000001000000010000000100000001000000010000000100000001000000010000000100000001000000010000000100000001000000010000000100000001000000010000000100000001000000010000000100000001000000010000000100000001000000010000000100000001000000010000000100000001000000010000000100000001000000010000000100000001000000010000000100000001000000010000000100000001000000010000000100000001000000010000000100000001000000010000000100000001000000010000000100000001000000010000000100000001000000010000000100000001000000010000000100000001000000010000000100000001000000010000000100000001011111100000000100000001000000010000000100000001000000010000000100000001000000010000000100000001000000010000000100000001011001110000000100000001000000010000000100000001000000010000000100000001000000010000000100000001000000010000000100000001000000010000000100000001000000010000000100000001000000010000000100000001000000010000000100000001000000010000000100000001000000010000000100000001000000010000000100000001000000010000000100000001000000010000000100000001000000010000000100000001000000010000000100000001000000010000000100000001011110110000000100000001011010010000000100000001011000010000000100000001011011010000000100000001011100000000000100000001011100100000000100000001011100110000000100000001011001000000000100000001011010100000000100000001011100100000000100000001011101000000000100000001010111100000000100000001010111000000000100000001011000000000000100000001000000010000000100000001011111000000000100000001000000010000000100000001000000010000000100000001011110110000000100000001011110110000000100000001011101010000000100000001000000010000000100000001000000010000000100000001000000010000000100000001011000100000000100000001010110000000000100000001010111000000000100000001000000010000000100000001000000010000000100000001000000010000000100000001000000010000000100000001000000010000000100000001000000010000000100000001000000010000000100000001000000010000000100000001000000010000000100000001000000010000000100000001000000010000000100000001000000010000000100000001000000010000000100000001000000010000000100000001011100010000000100000001000000010000000100000001011111100000000100000001000000010000000100000001000000010000000100000001000000010000000100000001011010010000000100000001010111000000000100000001000000010000000100000001000000010000000100000001000000010000000100000001000000010000000100000001000000010000000100000001000000010000000100000001000000010000000100000001000000010000000100000001000000010000000100000001000000010000000100000001011110100000000100000001011011110000000100000001011010100000000100000001011110010000000100000001011110000000000100000001011011010000000100000001011000010000000100000001011001100000000100000001011011110000000100000001011111000000000100000001011100000000000100000001011101000000000100000001011001010000000100000001011000100000000100000001011100100000000100000001011100110000000100000001011001100000000100000001010110000000000100000001010110010000000100000001011011110000000100000001011110010000000100000001000000010000000100000001000000010000000100000001000000010000000100000001011111010000000100000001011011110000000100000001000000010000000100000001000000010000000100000001011101110000000100000001011001010000000100000001011001010000000100000001011001110000000100000001000000010000000100000001000000010000000100000001000000010000000100000001000000010000000100000001000000010000000100000001000000010000000100000001000000010000000100000001000000010000000100000001000000010000000100000001000000010000000100000001000000010000000100000001000000010000000100000001000000010000000100000001000000010000000100000001000000010000000100000001000000010000000100000001010001100111111100110000000000010000000101111011000000010000000101111011000000010000000101001110000000010000000101001011011101110000000100110000000000010000000101001101000000010000000100000001000000010000000101110000011000100111011000101001011000010111011000100111011010110000000100101111011010100000000100101110000000010000000101111101000000010000000100000001011111100000000101000100011011010000000100110001011001000111011100101000011100010000000100110101000000010000000100000001000000010000000101111110000000010000000101010000000000010000000101011000000000010000000101011001011100000000000100110000000000010000000101110101000000010000000101111010011110110000000100111000000000010000000101010000011110110000000100111001011111110000000100111111000000010000000100000001000000010000000101101110011100000000000100110001011010100111110100101100011100010000000100110011000000010000000101000110000000010000000100000001000000010000000101111110011100110000000100110101011001100111100100101000011001000111011100100110000000010000000101000100000000010000000100000001000000010000000101111110011010100111110000101111000000010000000101011001011110000000000100111101000000010000000101100001000000010000000101111101000000010000000101111011000000010000000101001001000000010000000101001011000000010000000101000101000000010000000101100000000000010000000101110001000000010000000101111001011010010111110000100111000000010000000101001100011101110000000100111000000000010000000101001110000000010000000101110101000000010000000101111011000000010000000101011111010111010111001000100011011101010000000100111111000000010000000101011010000000010000000100000001000000010000000100000001000000010000000100000001000000010000000100000001000000010000000100000001000000010000000100000001000000010000000100000001000000010000000100000001000000010000000100000001000000010000000100000001000000010000000100000001000000010000000100000001000000010000000100000001000000010000000100000001000000010000000100000001000000010000000100000001000000010000000100000001000000010000000100000001000000010000000100000001000000010000000100000001000000010000000100000001000000010000000100000001000000010000000100000001000000010000000100000001000000010000000100000001000000010000000100000001000000010000000100000001000000010000000100000001000000010000000100000001000000010000000100000001011110110000000100000001011100100000000100000001000000010000000100000001000000010000000100000001000000010000000100000001011101110000000100000001000000010000000100000001000000010000000100000001000000010000000100000001000000010000000100000001000000010000000100000001000000010000000100000001000000010000000100000001000000010000000100000001000000010000000100000001000000010000000100000001000000010000000100000001000000010000000100000001000000010000000100000001000000010000000100000001000000010000000100000001000000010000000100000001000000000000000100000001000000010000000100000001000000010000000100000001000000010000000100000001000000010000000100000001000000010000000100000001000000010000000100000001000000010000000100000001000000010000000100000001000000010000000100000001000000010000000100000001000000010000000100000001000000010000000100000001000000010000000100000001000000010000000100000001000000010000000100000001011110010000000100000001000000010000000100000001000000010000000100000001000000010000000100000001011010010000000100000001011100000000000100000001000000010000000100000001000000010000000100000001000000010000000100000001000000010000000100000001000000010000000100000001000000010000000100000001000000010000000100000001000000010000000100000001000000010000000100000001000000010000000100000001000000010000000100000001000000010000000100000001000000010000000100000001000000010000000100000001000000010000000100000001000000010000000100000001000000010000000100000001000000010000000100000001000000010000000100000001000000010000000100000001000000010000000100000001000000010000000100000001000000010000000100000001000000010000000100000001000000010000000100000001000000010000000100000001000000010000000100000001000000010000000100000001000000010000000100000001000000010000000100000001000000010000000100000001000000010000000100000001000000010000000100000001000000010000000100000001000000010000000100000001000000010000000100000001000000010000000100000001000000010000000100000001000000010000000100000001000000010000000100000001000000010000000100000001000000010000000100000001000000010000000100000001000000010000000100000001000000010000000100000001000000010000000100000001000000010000000100000001000000010000000100000001000000010000000100000001000000010000000100000001000000010000000100000001000000010000000100000001000000010000000100000001000000010000000100000001000000010000000100000001000000010000000100000001000000010000000100000001000000010000000100000001000000010000000100000001000000010000000100000001000000010000000100000001000000010000000100000001000000010000000100000001000000010000000100000001000000010000000100000001000000010000000100000001000000010000000100000001000000010000000100000001000000010000000100000001000000010000000100000001000000010000000100000001000000010000000100000001000000010000000100000001000000010000000100000001000000010000000100000001000000010000000100000001000000010000000100000001000000010000000100000001000000010000000100000001000000010000000100000001000000010000000100000001000000010000000100000001000000010000000100000001000000010000000100000001000000010000000100000001000000010000000100000001000000010000000100000001000000010000000100000001000000010000000100000001000000010000000100000001000000010000000100000001000000010000000100000001000000010000000100000001000000010000000100000001000000010000000100000001000000010000000100000001000000010000000100000001000000010000000100000001000000010000000100000001000000010000000100000001000000010000000100000001000000010000000100000001000000010000000100000001000000010000000100000001000000010000000100000001000000010000000100000001000000010000000100000001000000010000000100000001000000010000000100000001000000010000000100000001000000010000000100000001000000010111111100000001000000010111000000000001000000010110110000000001000000010111001100000001000000010110111100000001000000010101010000000001000000010111010100000001000000010000000100000001000000010000000100000001000000010000000100000001000000010000000100000001000000010000000100000001000000010000000100000001000000010000000100000001000000010000000100000001000000010000000100000001000000010000000100000001000000010000000100000001000000010000000100000001000000010000000100000001000000010000000100000001000000010000000100000001000000010000000100000001000000010111011000000001000000010101111100000001000000010111001100000001000000010000000100000001000000010110011000000001000000010111000000000001000000010110100100000001000000010110100000000001000000010110111100000001000000010110100000000001000000010101001000000001000000010101000000000001000000010100100100000001000000010110100100000001000000010101100100000001000000010101010000000001000000010101100100000001000000010101111100000001000000010110110000000001000000010000000100000001000000010000000100000001000000010000000100000001000000010111011100000001000000010111110000000001000000010000000100000001000000010000000100000001000000010000000100000001000000010000000100000001000000010000000100000001000000010000000100000001000000010000000100000001000000010000000100000001000000010000000100000001000000010000000100000001000000010000000100000001000000010000000100000001000000010000000100000001000000010110110000000001000000010101111000000001000000010110000100000001000000010110101000000001000000010110101100000001000000010110100100000001000000010111011100000001000000010110111000000001000000010111111000000001000000010101011100000001000000010110111000000001000000010110111000000001000000010000000100000001000000010000000100000001000000010000000100000001000000010000000100000001000000010000000100000001000000010000000100000001000000010000000100000001000000010000000100000001000000010000000100000001000000010000000100000001000000010000000100000001000000010111110000000001000000010000000100000001000000010000000100000001000000010111001100000001000000010101101000000001000000010101010000000001000000010110110100000001000000010000000100000001000000010110010000000001000000010110110000000001000000010110100100000001000000010110100000000001000000010110111000000001000000010110101000000001000000010101110000000001000000010100010000000001000000010101010000000001000000010110101000000001000000010110000000000001000000010101100000000001000000010101000000000001000000010101101100000001000000010111010000000001000000010111101000000001000000010000000100000001000000010111111000000001000000010110110100000001000000010000000100000001000000010000000100000001000000010000000100000001000000010000000100000001000000010000000100000001000000010000000100000001000000010000000100000001000000010000000100000001000000010000000100000001000000010000000100000001000000010000000100000001000000010000000100000001000000010000000100000001000000010000000100000001000000010110100000000001000000010110100100000001000000010110011000000001000000010111011000000001000000010111101100000001000000010111101000000001011011110000000100000001000000010000000100000001000000010000000100000001000000010000000100000001000000010111001000000001001011010111110100000001001111000000000100000001000000010000000100000001011101110000000100000001000000010110100001111110001011000110111100000001001100110000000100000001010100110000000100000001000000010000000100000001000000010101110101110011001000010000000100000001011100010111100000000001001110100000000100000001010100110000000100000001010110010000000100000001000000010000000100000001000000010000000100000001000000010111111100000001010000000000000100000001010101010000000100000001000000010000000100000001011111010000000100000001011011100000000100000001011011100000000100000001010100100000000100000001010100110000000100000001010100100111110000000001001111010000000100000001000000010000000100000001000000010000000100000001010100110111001100000001001101010000000100000001000000010000000100000001011100010000000100000001010111110000000100000001000000010111010100000001001101110000000100000001010010100000000100000001011101110000000100000001000000010000000100000001000000010000000100000001011000000000000100000001010101110000000100000001010111010110111000000001001100000000000100000001011111110000000100000001010001010000000100000001000000010000000100000001010101100000000100000001010010000000000100000001000000010000000100000001000000010000000100000001000000010000000100000001010101010111110100000001001111110111101000000001001111000000000100000001000000010000000100000001000000010000000100000001010100010000000100000001011100110000000100000001010110100110110101111001010001110000000100000001000000010000000100000001000000010000000100000001000000010000000100000001000000010000000100000001000000010000000100000001000000010000000100000001000000010000000100000001000000010000000100000001000000010000000100000001000000010000000100000001000000010000000100000001000000010000000100000001000000010000000100000001000000010000000100000001000000010000000100000001000000010000000100000001000000010000000100000001000000010000000100000001000000010000000100000001000000010000000100000001000000010000000100000001000000010000000100000001000000010000000100000001000000010000000100000001000000010000000100000001000000010000000100000001000000010000000100000001000000010000000100000001000000010000000100000001000000010000000100000001000000010000000100000001000000010000000100000001000000010000000100000001000000010000000100000001000000010000000100000001000000010000000100000001000000010000000100000001000000010000000100000001000000010000000100000001000000010000000100000001000000010000000100000001000000010000000100000001000000010000000100000001000000010000000100000001000000010000000100000001000000010000000100000001000000010000000100000001000000010000000100000001000000010000000100000001000000010000000100000001000000010000000100000001000000010000000000000001000000010000000100000001000000010000000100000001000000010000000100000001000000010000000100000001000000010000000100000001000000010000000100000001000000010000000100000001000000010000000100000001000000010000000100000001000000010000000100000001000000010000000100000001000000010000000100000001000000010000000100000001000000010000000100000001000000010000000100000001000000010000000100000001000000010000000100000001000000010000000100000001000000010111110000000001000000010000000100000001000000010000000100000001000000010000000100000001000000010000000100000001000000010000000100000001000000010000000100000001000000010000000100000001000000010000000100000001000000010000000100000001000000010000000100000001000000010000000100000001000000010000000100000001000000010000000100000001000000010000000100000001000000010000000100000001000000010000000100000001000000010000000100000001000000010000000100000001000000010000000100000001000000010000000100000001000000010000000100000001000000010000000100000001000000010000000100000001000000010000000100000001000000010000000100000001000000010000000100000001000000010000000100000001000000010000000100000001000000010000000100000001000000010000000100000001000000010000000100000001000000010000000100000001000000010000000100000001000000010000000100000001000000010000000100000001000000010000000100000001000000010000000100000001000000010000000100000001000000010000000100000001000000010000000100000001000000010000000100000001000000010000000100000001000000010000000100000001000000010000000100000001000000010000000100000001000000010000000100000001000000010000000100000001000000010000000100000001000000010000000100000001000000010000000100000001000000010000000100000001000000010000000100000001000000010000000100000001000000010000000100000001000000010000000100000001000000010000000100000001000000010000000100000001000000010000000100000001000000010000000100000001000000010000000100000001000000010000000100000001000000010000000100000001000000010000000100000001000000010000000100000001000000010000000100000001000000010000000100000001000000010000000100000001000000010000000100000001000000010000000100000001000000010000000100000001000000010000000100000001000000010000000100000001000000010000000100000001000000010000000100000001000000010000000100000001000000010000000100000001000000010000000100000001000000010000000100000001000000010000000100000001000000010000000100000001000000010000000100000001000000010000000100000001000000010000000100000001000000010000000100000001000000010000000100000001000000010000000100000001000000010000000100000001000000010000000100000001000000010000000100000001000000010000000100000001000000010000000100000001000000010000000100000001000000010000000100000001000000010000000100000001000000010000000100000001000000010000000100000001000000010000000100000001000000010000000100000001000000010000000100000001000000010000000100000001000000010000000100000001000000010000000100000001000000010000000100000001000000010000000100000001000000010000000100000001000000010000000100000001000000010000000100000001000000010000000100000001000000010000000100000001000000010000000100000001000000010000000100000001000000010000000100000001000000010000000100000001000000010000000100000001000000010000000101101011000000010000000101101101000000010000000101011001000000010000000101100110000000010000000101011011000000010000000101011000000000010000000100000001000000010000000100000001000000010000000100000001000000010000000100000001000000010000000100000001000000010000000100000001000000010000000100000001000000010000000100000001000000010000000100000001000000010000000100000001000000010000000100000001000000010000000100000001000000010000000100000001000000010000000100000001000000010000000100000001000000010000000100000001000000010000000100000001000000010000000100000001000000010000000101111010000000010000000101101101000000010000000101111011000000010000000100000001000000010000000101110111000000010000000101100111000000010000000101101000000000010000000101100000000000010000000101011001000000010000000101011100000000010000000101011011000000010000000101011010000000010000000101100111000000010000000101100100000000010000000101110011000000010000000101111100000000010000000101111111000000010000000101111111000000010000000100000001000000010000000100000001000000010000000100000001000000010000000100000001000000010000000100000001000000010000000100000001000000010000000100000001000000010000000100000001000000010000000100000001000000010000000100000001000000010000000100000001000000010000000100000001000000010000000100000001000000010000000100000001000000010000000100000001000000010000000100000001000000010000000100000001000000010000000101111110000000010000000101110010000000010000000101100101000000010000000101100001000000010000000101101000000000010000000100000001000000010000000101111010000000010000000101110010000000010000000101101001000000010000000101011101000000010000000101011101000000010000000100000001000000010000000100000001000000010000000100000001000000010000000100000001000000010000000100000001000000010000000100000001000000010000000100000001000000010000000100000001000000010000000100000001000000010000000100000001000000010000000100000001000000010000000100000001000000010000000100000001000000010000000100000001000000010000000101001100000000010111111001001101000000010000000101111110000000010000000100000001000000010000000101101001000000010000000101101100000000010000000101110101000000010000000101110111000000010000000101101111000000010000000101100011000000010000000101010111000000010000000101001111000000010000000101010000000000010000000101001010000000010000000101001101000000010000000101011011000000010000000101010011000000010000000101100000000000010000000101110010000000010000000101110010000000010000000101111010000000010000000101111100000000010000000101111011000000010000000100000001000000010000000100000001000000010000000100000001000000010000000100000001000000010000000100000001000000010000000100000001000000010000000100000001000000010000000100000001000000010000000100000001000000010000000100000001000000010000000100000001000000010000000100000001000000010000000100000001000000010000000100000001000000010000000100000001000000010000000100000001000000010000000101110010000000010000000101111010000000010000000101101000000000010000000101100011000000010000000101111111000000010000000101111101000000010111101100000001000000010000000100000001000000010000000100000001000000010000000100000001000000010000000101111111000000010011110101100111000000010010011100000001000000010100110001011110011101010010000101010110011011000001101000000001000000010101110100000001000000010100110101101001011111110010110100000001000000010110001101101100000000010011000001010001011001110001010101110110000000010011100001101110000000010010111100000001000000010100011100000001000000010000000100000001000000010000000100000001000000010000000100000001000000010111100000000001000000010100110001110000000000010010111100000001000000010111000000000001000000010110010000000001000000010100101100000001000000010000000100000001000000010100100000000001000000010100000001101001011111100010100101101011011111110010110000000001000000010101100000000001000000010000000100000001000000010101001001101111000000010011000100000001000000010000000100000001000000010100100001011010011011010001110000000001000000010111101100000001000000010101001001110101000000010011011100000001000000010110100100000001000000010000000100000001000000010101101100000001000000010000000101111001000000010011110101111011000000010011110100000001000000010000000100000001000000010000000100000001000000010000000100000001000000010111010001100010011110010001110100000001000000010011111000000001000000010110010100000001000000010110010000000001000000010111100000000001000000010111110000000001000000010100101000000001000000010100010100000001000000010000000101011111011101100010000101110111000000010011110100000001000000010000000101111010000000010101001000000001000000010000000100000001000000010000000100000001000000010000000100000001000000010000000100000001000000010000000100000001000000010000000100000001000000010000000100000001000000010000000100000001000000010000000100000001000000010000000100000001000000010000000100000001000000010000000100000001000000010000000100000001000000010000000100000001000000010000000100000001000000010000000100000001000000010000000100000001000000010000000100000001000000010000000100000001000000010000000100000001000000010000000100000001000000010000000100000001000000010000000100000001000000010000000100000001000000010000000100000001000000010000000100000001000000010000000100000001000000010000000100000001000000010000000100000001000000010000000100000001000000010000000100000001000000010000000100000001000000010000000100000001000000010000000100000001000000010000000100000001000000010000000100000001000000010000000100000001000000010000000100000001000000010000000100000001000000010000000100000001000000010000000100000001000000010000000100000001000000010000000100000001000000010000000100000001000000010000000100000001000000010000000100000001000000010000000100000001000000010000000100000001000000010000000100000001000000010000000100000001000000010000000100000001000000010000000100000001000000010000000100000000000000010000000100000001000000010000000100000001000000010000000100000001000000010000000100000001000000010000000100000001000000010000000100000001000000010000000100000001000000010000000100000001000000010000000100000001000000010000000100000001000000010000000100000001000000010000000100000001000000010000000100000001000000010000000100000001000000010000000101101101000000010000000101101001000000010000000100000001000000010000000100000001000000010000000101111000000000010000000101100000000000010000000101101010000000010000000100000001000000010000000100000001000000010000000100000001000000010000000100000001000000010000000101111110000000010000000100000001000000010000000100000001000000010000000100000001000000010000000100000001000000010000000100000001000000010000000100000001000000010000000100000001000000010000000100000001000000010000000100000001000000010000000100000001000000010000000100000001000000010000000100000001000000010000000100000001000000010000000100000001000000010000000100000001000000010000000100000001000000010000000100000001000000010000000100000001000000010000000100000001000000010000000100000001000000010000000100000001000000010000000100000001000000010000000100000001000000010000000100000001000000010000000100000001000000010000000100000001000000010000000100000001000000010000000100000001000000010000000100000001000000010000000100000001000000010000000100000001000000010000000100000001000000010000000100000001000000010000000100000001000000010000000100000001000000010000000100000001000000010000000100000001000000010000000100000001000000010000000100000001000000010000000100000001000000010000000100000001000000010000000100000001000000010000000100000001000000010000000100000001000000010000000100000001000000010000000100000001000000010000000100000001000000010000000100000001000000010000000100000001000000010000000100000001000000010000000100000001000000010000000100000001000000010000000100000001000000010000000100000001000000010000000100000001000000010000000100000001000000010000000100000001000000010000000100000001000000010000000100000001000000010000000100000001000000010000000100000001000000010000000100000001000000010000000100000001000000010000000100000001000000010000000100000001000000010000000100000001000000010000000100000001000000010000000100000001000000010000000100000001000000010000000100000001000000010000000100000001000000010000000100000001000000010000000100000001000000010000000100000001000000010000000100000001000000010000000100000001000000010000000100000001000000010000000100000001000000010000000100000001000000010000000100000001000000010000000100000001000000010000000100000001000000010000000100000001000000010000000100000001000000010000000100000001000000010000000100000001000000010000000100000001000000010000000100000001000000010000000100000001000000010000000100000001000000010000000100000001000000010000000100000001000000010000000100000001000000010000000100000001000000010000000100000001000000010000000100000001000000010000000100000001000000010000000100000001000000010000000100000001000000010000000100000001000000010000000100000001000000010000000100000001000000010000000100000001000000010000000100000001000000010000000100000001000000010000000100000001000000010000000100000001000000010000000100000001000000010000000100000001010101100000000100000001010111110000000100000001010111000000000100000001010111010000000100000001011001010000000100000001011100100000000100000001000000010000000100000001000000010000000100000001000000010000000100000001000000010000000100000001000000010000000100000001000000010000000100000001000000010000000100000001000000010000000100000001000000010000000100000001000000010000000100000001000000010000000100000001000000010000000100000001000000010000000100000001000000010000000100000001000000010000000100000001000000010000000100000001000000010000000100000001000000010000000100000001000000010000000100000001000000010000000100000001000000010000000100000001000000010000000100000001011101110000000100000001011011110000000100000001011001100000000100000001011000110000000100000001011010000000000100000001011001100000000100000001011100110000000100000001011101000000000100000001011011110000000100000001011001110000000100000001011100110000000100000001011111000000000100000001000000010000000100000001000000010000000100000001000000010000000100000001000000010000000100000001000000010000000100000001000000010000000100000001000000010000000100000001000000010000000100000001000000010000000100000001000000010000000100000001000000010000000100000001000000010000000100000001000000010000000100000001000000010000000100000001000000010000000100000001000000010000000100000001011011000000000100000001010111110000000100000001011011100000000100000001011100110000000100000001011100110000000100000001011000000000000100000001011111000000000100000001000000010000000100000001000000010000000100000001011010110000000100000001011011110000000100000001010111000000000100000001011011100000000100000001011100100000000100000001011011110000000100000001000000010000000100000001000000010000000100000001000000010000000100000001000000010000000100000001000000010000000100000001000000010000000100000001000000010000000100000001000000010000000100000001000000010000000100000001000000010000000100000001000000010000000100000001000000010000000100000001010110110000000100000001011110100000000100000001000000010000000100000001011111000000000100000001011101100000000100000001000000010000000100000001000000010000000100000001000000010000000100000001011110110000000100000001011011110000000100000001011001010000000100000001011000000000000100000001010111100000000100000001010110110000000100000001011001100000000100000001011010000000000100000001011001010000000100000001011000110000000100000001011001110000000100000001011100110000000100000001011110010000000100000001011110000000000100000001011111000000000100000001000000010000000100000001000000010000000100000001000000010000000100000001000000010000000100000001000000010000000100000001000000010000000100000001000000010000000100000001000000010000000100000001000000010000000100000001000000010000000100000001000000010000000100000001000000010000000100000001000000010000000100000001000000010000000100000001000000010000000100000001010111000000000101111111011111000000000100000001011011010000000100000001011001010000000100000001011000000000000100000001011011100000000100000001000000010000000100000001000000010000000100000001000000010000000100000001000000010000000101111100000000010000000101110101000000010000000101101010000000010000000101101111000000010000000101001011000000010000000101000110000000010000000101011010000000010000000101010011000000010000000101111010000000010000000101101100000000010000000101001101011111100000000101000001000000010000000101110001000000010000000101000101000000010000000101000001000000010000000101011001000000010000000101101110000000010000000101110001000000010000000101010010011111100000000100111110000000010000000101011000000000010000000101000110000000010000000101100011000000010000000101011100000000010000000100111110011101110000000100110101000000010000000101111000011110100000000100111010000000010000000101110010000000010000000101110000011111000000000100111101000000010000000101111001000000010000000101110101000000010000000101011100000000010000000101000101000000010000000101010010000000010000000101101010000000010000000101010000000000010000000101100011000000010000000101010010000000010000000101011001000000010000000101001111000000010000000101010000000000010000000101000110011100100000000100110011000000010000000101001011000000010000000101001000000000010000000101000011011101000000000100101110000000010000000100111101000000010000000101010101000000010000000101110111000000010000000101101001011111110000000100111101000000010000000101100110000000010000000101100110000000010000000101001110000000010000000101100001000000010000000101101101000000010000000101101110011011000000000100111000000000010000000100000001000000010000000100000001000000010000000100000001000000010000000100000001000000010000000100000001000000010000000100000001000000010000000100000001000000010000000100000001000000010000000100000001000000010000000100000001000000010000000100000001000000010000000100000001000000010000000100000001000000010000000100000001000000010000000100000001000000010000000100000001000000010000000100000001000000010000000100000001000000010000000100000001000000010000000100000001000000010000000100000001000000010000000100000001000000010000000100000001000000010000000100000001000000010000000100000001000000010000000100000001000000010000000100000001000000010000000100000001000000010000000100000001000000010000000100000001000000010000000100000001000000010000000100000001000000010000000100000001000000010000000100000001000000010000000100000001000000010000000100000001000000010000000100000001000000010000000100000001000000010000000100000001000000010000000100000001000000010000000100000001000000010000000100000001000000010000000100000001000000010000000100000001000000010000000100000001000000010000000100000001000000010000000100000001000000010000000100000001000000010000000100000001000000010000000100000001000000010000000100000001000000010000000100000001000000010000000100000001000000010000000100000001000000010000000100000001000000000000000100000001000000010000000100000001000000010000000100000001000000010000000100000001000000010000000100000001000000010000000100000001000000010000000100000001000000010000000100000001000000010000000100000001000000010000000100000001000000010000000100000001011010000000000100000001011111100000000100000001000000010000000100000001000000010000000100000001010101000000000100000001010101100000000100000001011100100000000100000001000000010000000100000001011010000000000100000001010110110000000100000001010111000000000100000001011110000000000100000001000000010000000100000001000000010000000100000001011100000000000100000001011110100000000100000001000000010000000100000001000000010000000100000001000000010000000100000001000000010000000100000001000000010000000100000001000000010000000100000001000000010000000100000001000000010000000100000001000000010000000100000001000000010000000100000001000000010000000100000001000000010000000100000001000000010000000100000001000000010000000100000001000000010000000100000001000000010000000100000001000000010000000100000001000000010000000100000001000000010000000100000001000000010000000100000001000000010000000100000001000000010000000100000001000000010000000100000001000000010000000100000001000000010000000100000001000000010000000100000001000000010000000100000001000000010000000100000001000000010000000100000001000000010000000100000001000000010000000100000001000000010000000100000001000000010000000100000001000000010000000100000001000000010000000100000001000000010000000100000001000000010000000100000001000000010000000100000001000000010000000100000001000000010000000100000001000000010000000100000001000000010000000100000001000000010000000100000001000000010000000100000001000000010000000100000001000000010000000100000001000000010000000100000001000000010000000100000001000000010000000100000001000000010000000100000001000000010000000100000001000000010000000100000001000000010000000100000001000000010000000100000001000000010000000100000001000000010000000100000001000000010000000100000001000000010000000100000001000000010000000100000001000000010000000100000001000000010000000100000001000000010000000100000001000000010000000100000001000000010000000100000001000000010000000100000001000000010000000100000001000000010000000100000001000000010000000100000001000000010000000100000001000000010000000100000001000000010000000100000001000000010000000100000001000000010000000100000001000000010000000100000001000000010000000100000001000000010000000100000001000000010000000100000001000000010000000100000001000000010000000100000001000000010000000100000001000000010000000100000001000000010000000100000001000000010000000100000001000000010000000100000001000000010000000100000001000000010000000100000001000000010000000100000001000000010000000100000001000000010000000100000001000000010000000100000001000000010000000100000001000000010000000100000001000000010000000100000001000000010000000100000001000000010000000100000001000000010000000100000001000000010000000100000001000000010000000100000001000000010000000100000001000000010000000100000001000000010000000100000001000000010000000100000001000000010000000100000001000000010000000100000001000000010000000100000001000000010000000100000001000000010000000100000001000000010000000100000001000000010000000100000001000000010000000100000001000000010000000100000001000000010111101000000001000000010111000100000001000000010111110000000001000000010000000100000001000000010000000100000001000000010000000100000001000000010000000100000001000000010000000100000001000000010000000100000001000000010000000100000001000000010000000100000001000000010000000100000001000000010000000100000001000000010000000100000001000000010000000100000001000000010000000100000001000000010000000100000001000000010000000100000001000000010000000100000001000000010000000100000001000000010000000100000001000000010000000100000001000000010000000100000001000000010000000100000001000000010111111000000001000000010000000100000001000000010000000100000001000000010000000100000001000000010000000100000001000000010111101000000001000000010000000100000001000000010000000100000001000000010111011100000001000000010110110000000001000000010110111100000001000000010000000100000001000000010000000100000001000000010000000100000001000000010000000100000001000000010000000100000001000000010000000100000001000000010000000100000001000000010000000100000001000000010000000100000001000000010000000100000001000000010000000100000001000000010000000100000001000000010000000100000001000000010000000100000001000000010000000100000001000000010000000100000001000000010000000100000001000000010000000100000001000000010000000100000001000000010110000100000001000000010110111100000001000000010111011100000001000000010000000100000001000000010000000100000001000000010000000100000001000000010000000100000001000000010000000100000001000000010000000100000001000000010000000100000001000000010000000100000001000000010000000100000001000000010111000100000001000000010000000100000001000000010000000100000001000000010000000100000001000000010000000100000001000000010000000100000001000000010000000100000001000000010000000100000001000000010000000100000001000000010000000100000001000000010000000100000001000000010000000100000001000000010000000100000001000000010000000100000001000000010000000100000001000000010000000100000001000000010000000100000001000000010111000100000001000000010000000100000001000000010000000100000001000000010111011100000001000000010110111000000001000000010110110100000001000000010111000000000001000000010111010000000001000000010111000000000001000000010110110000000001000000010110101000000001000000010111000100000001000000010111100100000001000000010111100000000001000000010110100000000001000000010110010000000001000000010111011100000001000000010000000100000001000000010000000100000001000000010000000100000001000000010000000100000001000000010000000100000001000000010000000100000001000000010000000100000001000000010000000100000001000000010000000100000001000000010000000100000001000000010000000100000001000000010000000100000001000000010000000100000001000000010000000100000001000000010000000100000001000000010000000100000001000000010000000100000001000000010000000100000001000000010111011100000001000000010111000100000001000000010110101100000001000000010000000100000001000000010111111000000001000000010000000100000001000000010000000100000001000000010000000100000001000000010000000100000001000000010000000100000001011101110000000100000001011011100000000100000001011100110000000100000001010101100111000000000001001100100000000100000001010101110000000100000001010100000000000100000001011110000000000100000001010100110111010000000001001101110111101000000001001111010000000100000001010101110000000100000001011011100000000100000001010011110000000100000001010010110000000100000001011000010000000100000001011000110000000100000001010111000000000100000001010111100000000100000001011101110000000100000001011011000000000100000001010101010111010100000001001100110000000100000001011001110000000100000001010101110000000100000001010110000111000100000001001011110000000100000001010110100000000100000001010101000000000100000001010101110000000100000001010011010000000100000001011100100000000100000001011110100000000100000001011000000111011100000001001110010000000100000001010110000000000100000001010100000000000100000001011111110000000100000001011010000000000100000001011000110000000100000001010110110000000100000001011001100000000100000001011001000000000100000001010110000000000100000001000000010000000100000001010100100000000100000001011011010000000100000001001111110000000100000001011111100000000100000001010011010000000100000001011001000110100101111111001001100000000100000001011011100000000100000001010101010000000100000001010111000000000100000001010010110000000100000001010100110000000100000001010001110000000100000001010011000000000100000001011001110000000100000001011101000000000100000001000000010000000100000001000000010000000100000001000000010000000100000001000000010000000100000001000000010000000100000001000000010000000100000001000000010000000100000001000000010000000100000001000000010000000100000001000000010000000100000001000000010000000100000001000000010000000100000001000000010000000100000001000000010000000100000001000000010000000100000001000000010000000100000001000000010000000100000001000000010000000100000001000000010000000100000001000000010000000100000001000000010000000100000001000000010000000100000001000000010000000100000001000000010000000100000001000000010000000100000001000000010000000100000001000000010000000100000001000000010000000100000001000000010000000100000001000000010000000100000001000000010000000100000001000000010000000100000001000000010000000100000001000000010000000100000001000000010000000100000001000000010000000100000001000000010000000100000001000000010000000100000001000000010000000100000001000000010000000100000001000000010000000100000001000000010000000100000001000000010000000100000001000000010000000100000001000000010000000100000001000000010000000100000001000000010000000100000001000000010000000100000001000000010000000100000001000000010000000100000001000000010000000100000001000000010000000100000001000000010000000100000001000000010000000100000001000000010000000000000001000000010000000100000001000000010000000100000001000000010000000100000001000000010000000100000001000000010000000100000001000000010000000100000001000000010000000100000001000000010000000100000001000000010000000100000001000000010000000100000001000000010110001000000001000000010110100100000001000000010000000100000001000000010000000100000001000000010101101100000001000000010101000100000001000000010110110100000001000000010000000100000001000000010101110000000001000000010101110100000001000000010101110000000001000000010110011100000001000000010000000100000001000000010111101000000001000000010110011000000001000000010111100100000001000000010000000100000001000000010000000100000001000000010000000100000001000000010000000100000001000000010000000100000001000000010000000100000001000000010000000100000001000000010000000100000001000000010000000100000001000000010000000100000001000000010000000100000001000000010000000100000001000000010000000100000001000000010000000100000001000000010000000100000001000000010000000100000001000000010000000100000001000000010000000100000001000000010000000100000001000000010000000100000001000000010000000100000001000000010000000100000001000000010000000100000001000000010000000100000001000000010000000100000001000000010000000100000001000000010000000100000001000000010000000100000001000000010000000100000001000000010000000100000001000000010000000100000001000000010000000100000001000000010000000100000001000000010000000100000001000000010000000100000001000000010000000100000001000000010000000100000001000000010000000100000001000000010000000100000001000000010000000100000001000000010000000100000001000000010000000100000001000000010000000100000001000000010000000100000001000000010000000100000001000000010000000100000001000000010000000100000001000000010000000100000001000000010000000100000001000000010000000100000001000000010000000100000001000000010000000100000001000000010000000100000001000000010000000100000001000000010000000100000001000000010000000100000001000000010000000100000001000000010000000100000001000000010000000100000001000000010000000100000001000000010000000100000001000000010000000100000001000000010000000100000001000000010000000100000001000000010000000100000001000000010000000100000001000000010000000100000001000000010000000100000001000000010000000100000001000000010000000100000001000000010000000100000001000000010000000100000001000000010000000100000001000000010000000100000001000000010000000100000001000000010000000100000001000000010000000100000001000000010000000100000001000000010000000100000001000000010000000100000001000000010000000100000001000000010000000100000001000000010000000100000001000000010000000100000001000000010000000100000001000000010000000100000001000000010000000100000001000000010000000100000001000000010000000100000001000000010000000100000001000000010000000100000001000000010000000100000001000000010000000100000001000000010000000100000001000000010000000100000001000000010000000100000001000000010000000100000001000000010000000100000001000000010000000100000001000000010000000100000001000000010000000100000001000000010000000100000001000000010000000100000001000000010000000100000001000000010000000100000001000000010000000100000001000000010000000100000001000000010000000100000001000000010000000100000001000000010000000100000001000000010000000100000001000000010000000100000001000000010000000101111100000000010000000100000001000000010000000100000001000000010000000101111101000000010000000100000001000000010000000100000001000000010000000100000001000000010000000100000001000000010000000100000001000000010000000100000001000000010000000100000001000000010000000100000001000000010000000100000001000000010000000100000001000000010000000100000001000000010000000100000001000000010000000100000001000000010000000100000001000000010000000100000001000000010000000100000001000000010000000100000001000000010000000100000001000000010000000100000001000000010000000100000001000000010000000100000001000000010000000100000001000000010000000100000001000000010000000100000001000000010000000100000001000000010000000100000001000000010000000100000001000000010000000100000001000000010000000100000001000000010000000100000001000000010000000100000001000000010000000100000001000000010000000100000001000000010000000100000001000000010000000100000001000000010000000100000001000000010000000100000001000000010000000100000001000000010000000100000001000000010000000100000001000000010000000100000001000000010000000100000001000000010000000100000001000000010000000100000001000000010000000100000001000000010000000100000001000000010000000100000001000000010000000100000001000000010000000100000001000000010000000101111111000000010000000101101001000000010000000101110011000000010000000100000001000000010000000100000001000000010000000100000001000000010000000100000001000000010000000100000001000000010000000100000001000000010000000100000001000000010000000100000001000000010000000100000001000000010000000100000001000000010000000101110100000000010000000101110101000000010000000100000001000000010000000100000001000000010000000100000001000000010000000100000001000000010000000100000001000000010000000100000001000000010000000100000001000000010000000100000001000000010000000100000001000000010000000100000001000000010000000100000001000000010000000100000001000000010000000100000001000000010000000100000001000000010000000100000001000000010000000100000001000000010000000100000001000000010000000101110110000000010000000101101001000000010000000101100100000000010000000101101110000000010000000101111000000000010000000101111000000000010000000101111010000000010000000100000001000000010000000100000001000000010000000101111101000000010000000101111101000000010000000100000001000000010000000100000001000000010000000100000001000000010000000100000001000000010000000100000001000000010000000100000001000000010000000100000001000000010000000100000001000000010000000100000001000000010000000100000001000000010000000100000001000000010000000100000001000000010000000100000001000000010000000100000001000000010000000100000001000000010000000100000001000000010000000100000001000000010000000100000001000000010000000100000001000000010000000100000001000000010000000100000001000000010000000100000001000000010000000101011110000000010000000101111010000000010000000101111011000000010000000100000001000000010000000100000001000000010000000100000001000000010000000100000001000000010000000100000001000000010000000100000001000000010000000101110000011110110100100100000001000000010101001001100110011110110011000000000001000000010111110000000001000000010111101101110101000000010011100001110010000000010011010101110010000000010011010001101110000000010010111100000001000000010000000100000001000000010111100101110110000000010011011101111101000000010011110100000001000000010100000001110110000000010011010000000001000000010000000100000001000000010111111001101100000000010010101000000001000000010101011000000001000000010100011101110000000000010010111000000001000000010000000100000001000000010111000000000001000000010101010101101111000000010011000100000001000000010100001101110110000000010011100100000001000000010111011100000001000000010000000101011101011100110010000101100101011110110010100101110010000000010011011001111001000000010011110100000001000000010000000100000001000000010000000101100010011110010010010101101100000000010010111100000001000000010100101100000001000000010101101100000001000000010111001000000001000000010000000100000001000000010101100001110001000000010011000100000001000000010100110100000001000000010100010000000001000000010111100100000001000000010111011001110010000000010010110101100100011111010010000101111101000000010011110000000001000000010101011100000001000000010111110100000001000000010111110101110100000000010011100001100101011111000010100000000001000000010100111000000001000000010100110100000001000000010000000100000001000000010000000100000001000000010000000100000001000000010000000100000001000000010000000100000001000000010000000100000001000000010000000100000001000000010000000100000001000000010000000100000001000000010000000100000001000000010000000100000001000000010000000100000001000000010000000100000001000000010000000100000001000000010000000100000001000000010000000100000001000000010000000100000001000000010000000100000001000000010000000100000001000000010000000100000001000000010000000100000001000000010000000100000001000000010000000100000001000000010000000100000001000000010000000100000001000000010000000100000001000000010000000100000001000000010000000100000001000000010000000100000001000000010000000100000001000000010000000100000001000000010000000100000001000000010000000100000001000000010000000100000001000000010000000100000001000000010000000100000001000000010000000100000001000000010000000100000001000000010000000100000001000000010000000100000001000000010000000100000001000000010000000100000001000000010000000100000001000000010000000100000001000000010000000100000001000000010000000100000001000000010000000100000001000000010000000100000001000000010000000100000001000000010000000100000001000000010000000100000001000000010000000100000001000000010000000100000001000000010000000100000001000000010000000100000001000000010000000100000001000000010000000100000001000000010000000100000000000000010000000100000001000000010000000100000001000000010000000100000001000000010000000100000001000000010000000100000001000000010000000100000001000000010000000100000001000000010000000100000001000000010000000100000001000000010000000100000001000000010000000100000001000000010000000100000001000000010000000100000001000000010000000100000001000000010000000101110011000000010000000101110010000000010000000100000001000000010000000100000001000000010000000101111011000000010000000101100100000000010000000101101011000000010000000100000001000000010000000100000001000000010000000100000001000000010000000101111000000000010000000100000001000000010000000100000001000000010000000100000001000000010000000100000001000000010000000100000001000000010000000100000001000000010000000100000001000000010000000100000001000000010000000100000001000000010000000100000001000000010000000100000001000000010000000100000001000000010000000100000001000000010000000100000001000000010000000100000001000000010000000100000001000000010000000100000001000000010000000100000001000000010000000100000001000000010000000100000001000000010000000100000001000000010000000100000001000000010000000100000001000000010000000100000001000000010000000100000001000000010000000100000001000000010000000100000001000000010000000100000001000000010000000100000001000000010000000100000001000000010000000100000001000000010000000100000001000000010000000100000001000000010000000100000001000000010000000100000001000000010000000100000001000000010000000100000001000000010000000100000001000000010000000100000001000000010000000100000001000000010000000100000001000000010000000100000001000000010000000100000001000000010000000100000001000000010000000100000001000000010000000100000001000000010000000100000001000000010000000100000001000000010000000100000001000000010000000100000001000000010000000100000001000000010000000100000001000000010000000100000001000000010000000100000001000000010000000100000001000000010000000100000001000000010000000100000001000000010000000100000001000000010000000100000001000000010000000100000001000000010000000100000001000000010000000100000001000000010000000100000001000000010000000100000001000000010000000100000001000000010000000100000001000000010000000100000001000000010000000100000001000000010000000100000001000000010000000100000001000000010000000100000001000000010000000100000001000000010000000100000001000000010000000100000001000000010000000100000001000000010000000100000001000000010000000100000001000000010000000100000001000000010000000100000001000000010000000100000001000000010000000100000001000000010000000100000001000000010000000100000001000000010000000100000001000000010000000100000001000000010000000100000001000000010000000100000001000000010000000100000001000000010000000100000001000000010000000100000001000000010000000100000001000000010000000100000001000000010000000100000001000000010000000100000001000000010000000100000001000000010000000100000001000000010000000100000001000000010000000100000001000000010000000100000001000000010000000100000001000000010000000100000001000000010000000100000001000000010000000100000001000000010000000100000001000000010000000100000001000000010000000100000001000000010000000100000001000000010000000100000001000000010000000100000001000000010000000100000001000000010000000100000001000000010000000100000001011011000000000100000001011010100000000100000001011101010000000100000001011011010000000100000001011101000000000100000001011110100000000100000001000000010000000100000001000000010000000100000001000000010000000100000001000000010000000100000001000000010000000100000001000000010000000100000001000000010000000100000001000000010000000100000001000000010000000100000001000000010000000100000001000000010000000100000001000000010000000100000001000000010000000100000001000000010000000100000001000000010000000100000001000000010000000100000001000000010000000100000001000000010000000100000001000000010000000100000001000000010000000100000001000000010000000100000001000000010000000100000001000000010000000100000001000000010000000100000001000000010000000100000001000000010000000100000001000000010000000100000001000000010000000100000001000000010000000100000001000000010000000100000001000000010000000100000001000000010000000100000001000000010000000100000001000000010000000100000001000000010000000100000001000000010000000100000001000000010000000100000001000000010000000100000001000000010000000100000001000000010000000100000001000000010000000100000001000000010000000100000001000000010000000100000001000000010000000100000001000000010000000100000001000000010000000100000001011110010000000100000001011001010000000100000001011010010000000100000001000000010000000100000001010111110000000101111100000000010000000100000001000000010000000100000001000000010000000100000001000000010000000100000001000000010000000100000001000000010000000100000001000000010000000100000001000000010000000100000001000000010000000100000001000000010000000100000001011100000000000100000001011111110000000100000001011110100000000100000001011110100000000100000001011101100000000100000001000000010000000100000001000000010000000100000001000000010000000100000001000000010000000100000001000000010000000100000001000000010000000100000001000000010000000100000001000000010000000100000001000000010000000100000001000000010000000100000001000000010000000100000001000000010000000100000001000000010000000100000001000000010000000100000001000000010000000100000001000000010000000100000001000000010000000100000001000000010000000100000001000000010000000100000001000000010000000100000001000000010000000100000001000000010000000100000001000000010000000100000001000000010000000100000001000000010000000100000001000000010000000100000001000000010000000100000001000000010000000100000001000000010000000100000001000000010000000100000001000000010000000100000001000000010000000100000001000000010000000100000001000000010000000100000001000000010000000100000001000000010000000100000001000000010000000100000001000000010000000100000001000000010000000100000001000000010000000100000001000000010000000100000001000000010000000100000001000000010000000100000001000000010000000100000001000000010000000100000001011100010000000100000001011110000000000100000001011100100000000100000001010110110000000101111010011010010000000100000001011101010000000100000001000000010000000100000001000000010000000100000001000000010000000100000001000000010000000100000001000000010000000100000001000000010000000100000001000000010000000100000001000000010000000101100101011001100111011100110111000000010000000100000001000000010000000101111011000000010000000101010011011011100000000100110100011010110111111000101101000000010000000101010011000000010000000101111100000000010000000101110111000000010000000101010101000000010000000101001001000000010000000101011000011011010000000100101101000000010000000101111011000000010000000101111011011111100000000100111100011101100000000100110100011011110000000100101101011110100000000100111010000000010000000101101001000000010000000101111111011111000000000100111110011010100000000100101100000000010000000101001000011010010000000100101100000000010000000100000001000000010000000101111100000000010000000101010101011110110000000100111111011111110000000101000011011100010000000100110101000000010000000101111101000000010000000101111001011100100000000100110101000000010000000101010011011100010000000100110011011110010000000100110111000000010000000101111010000000010000000101111001011110100000000100111010011010110000000100101011000000010000000101100101010111110111010100011101000000010000000101111100000000010000000101111011011111000000000100111001011101110000000100110111000000010000000101011010011011010000000100110001000000010000000100000001000000010000000101111110011010100111111000110011011110000000000101000010011110110000000101000111011010110111101001000000000000010000000100000001000000010000000100000001000000010000000100000001000000010000000100000001000000010000000100000001000000010000000100000001000000010000000100000001000000010000000100000001000000010000000100000001000000010000000100000001000000010000000100000001000000010000000100000001000000010000000100000001000000010000000100000001000000010000000100000001000000010000000100000001000000010000000100000001000000010000000100000001000000010000000100000001000000010000000100000001000000010000000100000001000000010000000100000001000000010000000100000001000000010000000100000001000000010000000100000001000000010000000100000001000000010000000100000001000000010000000100000001000000010000000100000001000000010000000100000001000000010000000100000001000000010000000100000001000000010000000100000001000000010000000100000001000000010000000100000001000000010000000100000001000000010000000100000001000000010000000100000001000000010000000100000001000000010000000100000001000000010000000100000001000000010000000100000001000000010000000100000001000000010000000100000001000000010000000100000001000000010000000100000001000000010000000100000001000000010000000100000001000000010000000100000001000000010000000100000001000000010000000100000001000000010000000100000001000000010000000100000001000000010000000100000001000000010000000100000001000000010000000100000001000000010000000100000001000000010000000100000001000000000000000100000001000000010000000100000001000000010000000100000001000000010000000100000001000000010000000100000001000000010000000100000001000000010000000100000001000000010000000100000001000000010000000100000001000000010000000100000001000000010000000100000001000000010000000100000001000000010000000100000001000000010000000100000001000000010000000100000001000000010000000100000001000000010000000100000001000000010000000100000001000000010000000100000001000000010000000100000001011110010000000100000001000000010000000100000001000000010000000100000001000000010000000100000001000000010000000100000001000000010000000100000001000000010000000100000001000000010000000100000001000000010000000100000001000000010000000100000001000000010000000100000001000000010000000100000001000000010000000100000001000000010000000100000001000000010000000100000001000000010000000100000001000000010000000100000001000000010000000100000001000000010000000100000001000000010000000100000001000000010000000100000001000000010000000100000001000000010000000100000001000000010000000100000001000000010000000100000001000000010000000100000001000000010000000100000001000000010000000100000001000000010000000100000001000000010000000100000001000000010000000100000001000000010000000100000001000000010000000100000001000000010000000100000001000000010000000100000001000000010000000100000001000000010000000100000001000000010000000100000001000000010000000100000001000000010000000100000001000000010000000100000001000000010000000100000001000000010000000100000001000000010000000100000001000000010000000100000001000000010000000100000001000000010000000100000001000000010000000100000001000000010000000100000001000000010000000100000001000000010000000100000001000000010000000100000001000000010000000100000001000000010000000100000001000000010000000100000001000000010000000100000001000000010000000100000001000000010000000100000001000000010000000100000001000000010000000100000001000000010000000100000001000000010000000100000001000000010000000100000001000000010000000100000001000000010000000100000001000000010000000100000001000000010000000100000001000000010000000100000001000000010000000100000001000000010000000100000001000000010000000100000001000000010000000100000001000000010000000100000001000000010000000100000001000000010000000100000001000000010000000100000001000000010000000100000001000000010000000100000001000000010000000100000001000000010000000100000001000000010000000100000001000000010000000100000001000000010000000100000001000000010000000100000001000000010000000100000001000000010000000100000001000000010000000100000001000000010000000100000001000000010000000100000001000000010000000100000001000000010000000100000001000000010000000100000001000000010000000100000001000000010000000100000001000000010000000100000001000000010000000100000001000000010000000100000001000000010000000100000001000000010000000100000001000000010000000100000001000000010000000100000001000000010000000100000001000000010000000100000001000000010000000100000001000000010000000100000001000000010000000100000001000000010000000100000001000000010000000100000001000000010000000100000001000000010000000100000001000000010000000100000001000000010000000100000001000000010000000100000001000000010000000100000001000000010000000100000001000000010000000100000001000000010000000100000001000000010000000100000001000000010000000100000001000000010111111000000001000000010111100100000001000000010111110000000001000000010111101100000001000000010000000100000001000000010111110100000001000000010000000100000001000000010000000100000001000000010000000100000001000000010000000100000001000000010000000100000001000000010000000100000001000000010000000100000001000000010000000100000001000000010000000100000001000000010000000100000001000000010000000100000001000000010000000100000001000000010000000100000001000000010000000100000001000000010000000100000001000000010000000100000001000000010000000100000001000000010000000100000001000000010000000100000001000000010000000100000001000000010000000100000001000000010000000100000001000000010000000100000001000000010000000100000001000000010000000100000001000000010000000100000001000000010000000100000001000000010000000100000001000000010000000100000001000000010000000100000001000000010000000100000001000000010000000100000001000000010000000100000001000000010000000100000001000000010000000100000001000000010000000100000001000000010000000100000001000000010000000100000001000000010000000100000001000000010000000100000001000000010000000100000001000000010111101100000001000000010000000100000001000000010000000100000001000000010000000100000001000000010110011100000001000000010101110000000001000000010111110000000001000000010000000100000001000000010000000100000001000000010000000100000001000000010000000100000001000000010000000100000001000000010000000100000001000000010000000100000001000000010000000100000001000000010000000100000001000000010000000100000001000000010000000100000001000000010000000100000001000000010111111100000001000000010000000100000001000000010111101000000001000000010000000100000001000000010000000100000001000000010000000100000001000000010000000100000001000000010000000100000001000000010000000100000001000000010000000100000001000000010000000100000001000000010000000100000001000000010000000100000001000000010000000100000001000000010000000100000001000000010000000100000001000000010000000100000001000000010000000100000001000000010000000100000001000000010000000100000001000000010000000100000001000000010000000100000001000000010000000100000001000000010000000100000001000000010000000100000001000000010000000100000001000000010000000100000001000000010000000100000001000000010000000100000001000000010000000100000001000000010000000100000001000000010000000100000001000000010000000100000001000000010000000100000001000000010000000100000001000000010000000100000001000000010000000100000001000000010000000100000001000000010000000100000001000000010000000100000001000000010000000100000001000000010000000100000001000000010000000100000001000000010000000100000001000000010000000100000001000000010000000100000001000000010000000100000001000000010000000100000001000000010111110100000001000000010101110100000001000000010101001000000001011110010110110000000001000000010111001100000001000000010110110000000001000000010000000100000001000000010000000100000001000000010000000100000001000000010000000100000001000000010000000100000001000000010000000100000001000000010000000100000001000000010000000100000001000000010000000100000001000000010101011101100011001100010000000100000001000000010000000100000001011011010110000101111000001011100000000100000001010101110111001000000001001101100111000100000001001101010000000100000001000000010000000100000001000000010000000100000001000000010000000100000001010011010000000100000001010010100110000101110110001000010000000100000001000000010000000100000001000000010000000100000001000000010000000100000001000000010000000100000001010110110000000100000001010000100000000100000001000000010000000100000001000000010000000100000001000000010000000100000001010101110000000100000001010101000000000100000001011010000101111101110101001000110000000100000001010110000000000100000001011111000000000100000001011110000111011000000001001110100111010000000001001101110110101100000001001011100000000100000001000000010000000100000001011111010000000100000001011111100000000100000001010010110000000100000001010110100000000100000001000000010110000001110101001000000000000100000001000000010000000100000001011000000111110000000001001111000000000100000001010101100101110001110010000110100110000001111000001000000000000100000001000000010000000100000001000000010111000100000001001101010111011000000001001111010000000100000001000000010101110001101110001010010000000100000001000000010000000100000001011100110111101000000001010100000000000100000001000000010000000100000001000000010000000100000001000000010000000100000001000000010000000100000001000000010000000100000001000000010000000100000001000000010000000100000001000000010000000100000001000000010000000100000001000000010000000100000001000000010000000100000001000000010000000100000001000000010000000100000001000000010000000100000001000000010000000100000001000000010000000100000001000000010000000100000001000000010000000100000001000000010000000100000001000000010000000100000001000000010000000100000001000000010000000100000001000000010000000100000001000000010000000100000001000000010000000100000001000000010000000100000001000000010000000100000001000000010000000100000001000000010000000100000001000000010000000100000001000000010000000100000001000000010000000100000001000000010000000100000001000000010000000100000001000000010000000100000001000000010000000100000001000000010000000100000001000000010000000100000001000000010000000100000001000000010000000100000001000000010000000100000001000000010000000100000001000000010000000100000001000000010000000100000001000000010000000100000001000000010000000100000001000000010000000100000001000000010000000100000001000000010000000100000001000000010000000100000001000000010000000100000001000000010000000100000001000000010000000100000001000000010000000100000001000000010000000100000001000000010000000100000001000000010000000100000001000000010000000100000001000000010000000000000001000000010000000100000001000000010000000100000001000000010000000100000001000000010000000100000001000000010000000100000001000000010000000100000001000000010000000100000001000000010000000100000001000000010000000100000001000000010000000100000001000000010000000100000001000000010000000100000001000000010000000100000001000000010000000100000001000000010111110000000001000000010110110100000001000000010000000100000001000000010000000100000001000000010000000100000001000000010110010000000001000000010110101100000001000000010000000100000001000000010000000100000001000000010000000100000001000000010000000100000001000000010000000100000001000000010000000100000001000000010000000100000001000000010000000100000001000000010000000100000001000000010000000100000001000000010000000100000001000000010000000100000001000000010000000100000001000000010000000100000001000000010000000100000001000000010000000100000001000000010000000100000001000000010000000100000001000000010000000100000001000000010000000100000001000000010000000100000001000000010000000100000001000000010000000100000001000000010000000100000001000000010000000100000001000000010000000100000001000000010000000100000001000000010000000100000001000000010000000100000001000000010000000100000001000000010000000100000001000000010000000100000001000000010000000100000001000000010000000100000001000000010000000100000001000000010000000100000001000000010000000100000001000000010000000100000001000000010000000100000001000000010000000100000001000000010000000100000001000000010000000100000001000000010000000100000001000000010000000100000001000000010000000100000001000000010000000100000001000000010000000100000001000000010000000100000001000000010000000100000001000000010000000100000001000000010000000100000001000000010000000100000001000000010000000100000001000000010000000100000001000000010000000100000001000000010000000100000001000000010000000100000001000000010000000100000001000000010000000100000001000000010000000100000001000000010000000100000001000000010000000100000001000000010000000100000001000000010000000100000001000000010000000100000001000000010000000100000001000000010000000100000001000000010000000100000001000000010000000100000001000000010000000100000001000000010000000100000001000000010000000100000001000000010000000100000001000000010000000100000001000000010000000100000001000000010000000100000001000000010000000100000001000000010000000100000001000000010000000100000001000000010000000100000001000000010000000100000001000000010000000100000001000000010000000100000001000000010000000100000001000000010000000100000001000000010000000100000001000000010000000100000001000000010000000100000001000000010000000100000001000000010000000100000001000000010000000100000001000000010000000100000001000000010000000100000001000000010000000100000001000000010000000100000001000000010000000100000001000000010000000100000001000000010000000100000001000000010000000100000001000000010000000100000001000000010000000100000001000000010000000100000001000000010000000100000001000000010000000100000001000000010000000100000001000000010000000100000001000000010000000100000001000000010000000100000001000000010000000100000001000000010000000100000001000000010000000100000001000000010000000100000001000000010000000100000001000000010000000100000001000000010000000100000001000000010000000100000001000000010000000100000001000000010000000101110110000000010000000101101101000000010000000101101110000000010000000101011011000000010000000101011111000000010000000101001111000000010111010101110100000000010000000101111011000000010000000100000001000000010000000100000001000000010000000100000001000000010000000100000001000000010000000100000001000000010000000100000001000000010000000100000001000000010000000100000001000000010000000100000001000000010000000100000001000000010000000100000001000000010000000100000001000000010000000100000001000000010000000100000001000000010000000100000001000000010000000100000001000000010000000100000001000000010000000100000001000000010000000100000001000000010000000100000001000000010000000100000001000000010000000100000001000000010000000100000001000000010000000100000001000000010000000100000001000000010000000100000001000000010000000100000001000000010000000100000001000000010000000100000001000000010000000100000001000000010000000100000001000000010000000100000001000000010000000100000001000000010000000100000001000000010000000100000001000000010000000100000001000000010000000100000001000000010000000100000001000000010000000100000001000000010000000100000001000000010000000101111011000000010000000101110010000000010000000101110111000000010000000101101011000000010000000101111001000000010000000100000001000000010000000100000001000000010000000100000001000000010000000100000001000000010000000100000001000000010000000100000001000000010000000100000001000000010000000100000001000000010000000100000001000000010000000100000001000000010000000100000001000000010000000100000001000000010000000100000001000000010000000100000001000000010000000101100000000000010000000101100011000000010000000101001110000000010111001000000001000000010000000101110011000000010000000101110101000000010000000100000001000000010000000100000001000000010000000100000001000000010000000100000001000000010000000100000001000000010000000100000001000000010000000100000001000000010000000100000001000000010000000100000001000000010000000100000001000000010000000100000001000000010000000100000001000000010000000100000001000000010000000100000001000000010000000100000001000000010000000100000001000000010000000100000001000000010000000100000001000000010000000100000001000000010000000100000001000000010000000100000001000000010000000100000001000000010000000100000001000000010000000100000001000000010000000100000001000000010000000100000001000000010000000100000001000000010000000100000001000000010000000100000001000000010000000100000001000000010000000100000001000000010000000100000001000000010000000100000001000000010000000100000001000000010000000100000001000000010000000100000001000000010000000100000001000000010000000100000001000000010000000100000001000000010000000100000001000000010000000101111001000000010000000101110011000000010000000101100001000000010000000101100001000000010000000101101010000000010000000101111100000000010000000100000001000000010000000100000001000000010000000100000001000000010000000100000001000000010000000100000001000000010000000100000001000000010000000100000001000000010000000100000001000000010000000100000001000000010000000100000001000000010000000100000001000000010000000100000001000000010000000101100111011110100100000100000001000000010000000100000001000000010000000100000001000000010100110101100110011110000010101100000001000000010000000100000001000000010000000100000001000000010000000101101011011111100010110100000001000000010101010100000001000000010101000100000001000000010111100001111001000000010011101001100010011101100010001100000001000000010110001101101101000000010010111001101011011111110010110000000001000000010101100101011011011100100001111000000001000000010111100100000001000000010000000101111010000000010011110101100011011110010010011100000001000000010000000100000001000000010101001000000001000000010000000100000001000000010000000101110100000000010011011100000001000000010100110001000110010111010000100000000001000000010111111000000001000000010101101000000001000000010000000101110000000000010011000000000001000000010101000100000001000000010101110100000001000000010111110000000001000000010000000100000001000000010110010001101100000000010010110001111011000000010011101100000001000000010101010100000001000000010110111100000001000000010000000100000001000000010000000101010111011010110001111000000001000000010101000100000001000000010111110001101101011111000011111000000001000000010110000001111010000000010101011000000001000000010000000100000001000000010000000100000001000000010000000100000001000000010000000100000001000000010000000100000001000000010000000100000001000000010000000100000001000000010000000100000001000000010000000100000001000000010000000100000001000000010000000100000001000000010000000100000001000000010000000100000001000000010000000100000001000000010000000100000001000000010000000100000001000000010000000100000001000000010000000100000001000000010000000100000001000000010000000100000001000000010000000100000001000000010000000100000001000000010000000100000001000000010000000100000001000000010000000100000001000000010000000100000001000000010000000100000001000000010000000100000001000000010000000100000001000000010000000100000001000000010000000100000001000000010000000100000001000000010000000100000001000000010000000100000001000000010000000100000001000000010000000100000001000000010000000100000001000000010000000100000001000000010000000100000001000000010000000100000001000000010000000100000001000000010000000100000001000000010000000100000001000000010000000100000001000000010000000100000001000000010000000100000001000000010000000100000001000000010000000100000001000000010000000100000001000000010000000100000001000000010000000100000001000000010000000100000001000000010000000100000001000000010000000100000001000000010000000100000001000000010000000100000001000000010000000100000001000000010000000100000001000000010000000100000001000000010000000100000000000000010000000100000001000000010000000100000001000000010000000100000001000000010000000100000001000000010000000100000001000000010000000100000001000000010000000100000001000000010000000100000001000000010000000100000001000000010000000100000001000000010000000101101110000000010000000101111011000000010000000100000001000000010000000100000001000000010000000101011010000000010000000101010110000000010000000101101100000000010000000100000001000000010000000101011011000000010000000101011011000000010000000101011100000000010000000101101011000000010000000100000001000000010000000100000001000000010000000101110010000000010000000101111011000000010000000100000001000000010000000100000001000000010000000100000001000000010000000100000001000000010000000100000001000000010000000100000001000000010000000100000001000000010000000100000001000000010000000100000001000000010000000100000001000000010000000100000001000000010000000100000001000000010000000100000001000000010000000100000001000000010000000100000001000000010000000100000001000000010000000100000001000000010000000100000001000000010000000100000001000000010000000100000001000000010000000100000001000000010000000100000001000000010000000100000001000000010000000100000001000000010000000100000001000000010000000100000001000000010000000100000001000000010000000100000001000000010000000100000001000000010000000100000001000000010000000100000001000000010000000100000001000000010000000100000001000000010000000100000001000000010000000100000001000000010000000100000001000000010000000100000001000000010000000100000001000000010000000100000001000000010000000100000001000000010000000100000001000000010000000100000001000000010000000100000001000000010000000100000001000000010000000100000001000000010000000100000001000000010000000100000001000000010000000100000001000000010000000100000001000000010000000100000001000000010000000100000001000000010000000100000001000000010000000100000001000000010000000100000001000000010000000100000001000000010000000100000001000000010000000100000001000000010000000100000001000000010000000100000001000000010000000100000001000000010000000100000001000000010000000100000001000000010000000100000001000000010000000100000001000000010000000100000001000000010000000100000001000000010000000100000001000000010000000100000001000000010000000100000001000000010000000100000001000000010000000100000001000000010000000100000001000000010000000100000001000000010000000100000001000000010000000100000001000000010000000100000001000000010000000100000001000000010000000100000001000000010000000100000001000000010000000100000001000000010000000100000001000000010000000100000001000000010000000100000001000000010000000100000001000000010000000100000001000000010000000100000001000000010000000100000001000000010000000100000001000000010000000100000001000000010000000100000001000000010000000100000001000000010000000100000001000000010000000100000001000000010000000100000001000000010000000100000001000000010000000100000001000000010000000100000001000000010000000100000001000000010000000100000001000000010000000100000001000000010000000100000001000000010000000100000001000000010000000100000001000000010000000100000001000000010000000100000001000000010000000100000001000000010000000100000001000000010000000100000001000000010000000100000001000000010000000100000001000000010000000100000001000000010000000100000001000000010000000100000001000000010000000100000001000000010000000100000001011110100000000100000001000000010000000100000001011100010000000100000001011100010000000100000001000000010000000100000001011100100000000100000001011001110000000100000001000000010000000100000001000000010000000100000001000000010000000100000001000000010000000100000001000000010000000100000001000000010000000100000001000000010000000100000001000000010000000100000001000000010000000100000001000000010000000100000001000000010000000100000001000000010000000100000001000000010000000100000001000000010000000100000001000000010000000100000001000000010000000100000001000000010000000100000001000000010000000100000001000000010000000100000001000000010000000100000001000000010000000100000001000000010000000100000001000000010000000100000001000000010000000100000001000000010000000100000001000000010000000100000001000000010000000100000001000000010000000100000001000000010000000100000001000000010000000100000001000000010000000100000001000000010000000100000001000000010000000100000001000000010000000100000001000000010000000100000001011010100000000100000001011001000000000100000001011000010000000100000001011101100000000100000001010111100000000100000001010111110000000101111101011010010000000101111101000000010000000100000001000000010000000100000001000000010000000100000001000000010000000100000001000000010000000100000001000000010000000100000001000000010000000100000001000000010000000100000001000000010000000100000001000000010000000100000001000000010000000100000001000000010000000100000001000000010000000100000001000000010000000100000001000000010000000100000001000000010000000100000001000000010000000100000001000000010000000100000001011110110000000100000001000000010000000100000001011101110000000100000001011011010000000100000001000000010000000100000001000000010000000100000001000000010000000100000001000000010000000100000001000000010000000100000001000000010000000100000001000000010000000100000001000000010000000100000001000000010000000100000001000000010000000100000001000000010000000100000001000000010000000100000001000000010000000100000001000000010000000100000001000000010000000100000001000000010000000100000001000000010000000100000001000000010000000100000001000000010000000100000001000000010000000100000001000000010000000100000001000000010000000100000001000000010000000100000001000000010000000100000001000000010000000100000001000000010000000100000001000000010000000100000001000000010000000100000001000000010000000100000001000000010000000100000001000000010000000100000001000000010000000100000001000000010000000100000001000000010000000100000001000000010000000100000001000000010000000100000001000000010000000100000001011011000000000100000001011110110000000100000001010110110000000100000001010001100000000101110101010100100000000101111111010111110000000100000001000000010000000100000001011110000000000100000001000000010000000100000001000000010000000100000001000000010000000100000001000000010000000100000001000000010000000100000001000000010000000100000001000000010000000100000001000000010000000100000001000000010000000100000001000000010000000100000001000000010000000100000001000000010000000100000001000000010000000100000001000000010000000100000001000000010000000100000001000000010000000101101001000000010000000101110001000000010000000101101100000000010000000101111001000000010000000101010111000000010000000101000111000000010000000101101010000000010000000101110011000000010000000101011110000000010000000101100000000000010000000101111110000000010000000101000100000000010000000101010111000000010000000101110000000000010000000101111110000000010000000101101111000000010000000101010101000000010000000101010100011101100000000100111010000000010000000101001010000000010000000101101111000000010000000101011010000000010000000101100100000000010000000101110000000000010000000101100110000000010000000101001100000000010000000101101001000000010000000101011111000000010000000101000101000000010000000101000100011110000000000100111000000000010000000101101110011101010000000100110101000000010000000101100100000000010000000101010111000000010000000101101000011101100000000100110111000000010000000101001001011110110000000100111100000000010000000101100011000000010000000101101011000000010000000101100000000000010000000101100100000000010000000101110111000000010000000101011000000000010000000101110100011110110000000101010000000000010000000100000001000000010000000100000001000000010000000100000001000000010000000100000001000000010000000100000001000000010000000100000001000000010000000100000001000000010000000100000001000000010000000100000001000000010000000100000001000000010000000100000001000000010000000100000001000000010000000100000001000000010000000100000001000000010000000100000001000000010000000100000001000000010000000100000001000000010000000100000001000000010000000100000001000000010000000100000001000000010000000100000001000000010000000100000001000000010000000100000001000000010000000100000001000000010000000100000001000000010000000100000001000000010000000100000001000000010000000100000001000000010000000100000001000000010000000100000001000000010000000100000001000000010000000100000001000000010000000100000001000000010000000100000001000000010000000100000001000000010000000100000001000000010000000100000001000000010000000100000001000000010000000100000001000000010000000100000001000000010000000100000001000000010000000100000001000000010000000100000001000000010000000100000001000000010000000100000001000000010000000100000001000000010000000100000001000000010000000100000001000000010000000100000001000000010000000100000001000000010000000100000001000000010000000100000001000000010000000100000001000000010000000100000001000000010000000100000001000000010000000100000001000000010000000100000001000000010000000100000001000000010000000100000001000000010000000100000001000000010000000100000001000000010000000100000001000000000000000100000001000000010000000100000001000000010000000100000001000000010000000100000001000000010000000100000001000000010000000100000001000000010000000100000001000000010000000100000001000000010000000100000001000000010000000100000001000000010000000100000001011010000000000100000001011011110000000100000001000000010000000100000001000000010000000100000001010101100000000100000001010110000000000100000001011011110000000100000001000000010000000100000001010111010000000100000001010111000000000100000001010111000000000100000001011010010000000100000001000000010000000100000001000000010000000100000001011011100000000100000001011100010000000100000001000000010000000100000001000000010000000100000001000000010000000100000001000000010000000100000001000000010000000100000001000000010000000100000001000000010000000100000001000000010000000100000001000000010000000100000001000000010000000100000001000000010000000100000001000000010000000100000001000000010000000100000001000000010000000100000001000000010000000100000001000000010000000100000001000000010000000100000001000000010000000100000001000000010000000100000001000000010000000100000001000000010000000100000001000000010000000100000001000000010000000100000001000000010000000100000001000000010000000100000001000000010000000100000001000000010000000100000001000000010000000100000001000000010000000100000001000000010000000100000001000000010000000100000001000000010000000100000001000000010000000100000001000000010000000100000001000000010000000100000001000000010000000100000001000000010000000100000001000000010000000100000001000000010000000100000001000000010000000100000001000000010000000100000001000000010000000100000001000000010000000100000001000000010000000100000001000000010000000100000001000000010000000100000001000000010000000100000001000000010000000100000001000000010000000100000001000000010000000100000001000000010000000100000001000000010000000100000001000000010000000100000001000000010000000100000001000000010000000100000001000000010000000100000001000000010000000100000001000000010000000100000001000000010000000100000001000000010000000100000001000000010000000100000001000000010000000100000001000000010000000100000001000000010000000100000001000000010000000100000001000000010000000100000001000000010000000100000001000000010000000100000001000000010000000100000001000000010000000100000001000000010000000100000001000000010000000100000001000000010000000100000001000000010000000100000001000000010000000100000001000000010000000100000001000000010000000100000001000000010000000100000001000000010000000100000001000000010000000100000001000000010000000100000001000000010000000100000001000000010000000100000001000000010000000100000001000000010000000100000001000000010000000100000001000000010000000100000001000000010000000100000001000000010000000100000001000000010000000100000001000000010000000100000001000000010000000100000001000000010000000100000001000000010000000100000001000000010000000100000001000000010000000100000001000000010000000100000001000000010000000100000001000000010000000100000001000000010000000100000001000000010000000100000001000000010000000100000001000000010000000100000001000000010000000100000001000000010000000100000001000000010000000100000001000000010000000100000001000000010000000100000001000000010000000100000001000000010000000100000001000000010000000100000001000000010000000100000001000000010000000100000001000000010000000100000001000000010000000100000001000000010111110000000001000000010111000100000001000000010111001100000001000000010111110100000001000000010110010000000001000000010110100000000001000000010000000100000001000000010111111000000001000000010000000100000001000000010000000100000001000000010000000100000001000000010000000100000001000000010000000100000001000000010000000100000001000000010000000100000001000000010000000100000001000000010000000100000001000000010000000100000001000000010000000100000001000000010000000100000001000000010000000100000001000000010000000100000001000000010000000100000001000000010000000100000001000000010000000100000001000000010000000100000001000000010000000100000001000000010000000100000001000000010000000100000001000000010000000100000001000000010000000100000001000000010000000100000001000000010000000100000001000000010000000100000001000000010000000100000001000000010000000100000001000000010000000100000001000000010000000100000001000000010000000100000001000000010000000100000001000000010000000100000001000000010000000100000001000000010110111000000001000000010100111100000001011111010111100000000001000000010111001000000001000000010000000100000001000000010000000100000001000000010000000100000001000000010000000100000001000000010000000100000001000000010000000100000001000000010000000100000001000000010000000100000001000000010000000100000001000000010000000100000001000000010000000100000001000000010000000100000001000000010000000100000001000000010000000100000001000000010000000100000001000000010000000100000001000000010000000100000001000000010000000100000001000000010000000100000001000000010000000100000001000000010000000100000001000000010111101100000001000000010110111000000001000000010101011100000001011111110111110100000001000000010111110000000001000000010111100100000001000000010000000100000001000000010000000100000001000000010000000100000001000000010000000100000001000000010000000100000001000000010000000100000001000000010000000100000001000000010000000100000001000000010000000100000001000000010000000100000001000000010000000100000001000000010000000100000001000000010000000100000001000000010000000100000001000000010000000100000001000000010000000100000001000000010000000100000001000000010000000100000001000000010000000100000001000000010000000100000001000000010000000100000001000000010000000100000001000000010000000100000001000000010000000100000001000000010000000100000001000000010000000100000001000000010000000100000001000000010000000100000001000000010000000100000001000000010000000100000001000000010000000100000001000000010000000100000001000000010000000100000001000000010111101100000001000000010101000000000001000000010110011000000001000000010110010000000001000000010000000100000001000000010000000100000001000000010111100000000001000000010110011100000001000000010000000100000001000000010000000100000001000000010000000100000001000000010000000100000001000000010000000100000001000000010000000100000001000000010000000100000001000000010000000100000001000000010000000100000001000000010000000100000001000000010000000100000001000000010000000100000001000000010000000100000001000000010000000100000001000000010000000100000001000000010000000100000001011011110000000100000001000000010000000100000001011011010000000100000001011011100000000100000001011101110000000100000001010011000000000100000001010100100000000100000001010110010000000100000001011010000111011000000001001110000000000100000001010000100000000100000001010111100000000100000001011000010000000100000001011111110000000100000001010011000111110000000001001111010000000100000001010011010000000100000001011100010000000100000001011000000000000100000001011010110000000100000001011011100000000100000001010110010000000100000001011011000000000100000001011110000000000100000001011000010000000100000001010110000110111100000001001100100000000100000001010000000000000100000001011001000000000100000001011000100000000100000001011010010000000100000001010000100000000100000001010010000000000100000001011101010000000100000001010011010000000100000001011001010000000100000001011100010000000100000001011000000111110000000001001111100000000100000001011011000000000100000001011000010000000100000001011111100000000100000001011111100000000100000001010111010000000100000001011011100111110100000001010101000000000100000001011001110000000100000001000000010000000100000001000000010000000100000001000000010000000100000001000000010000000100000001000000010000000100000001000000010000000100000001000000010000000100000001000000010000000100000001000000010000000100000001000000010000000100000001000000010000000100000001000000010000000100000001000000010000000100000001000000010000000100000001000000010000000100000001000000010000000100000001000000010000000100000001000000010000000100000001000000010000000100000001000000010000000100000001000000010000000100000001000000010000000100000001000000010000000100000001000000010000000100000001000000010000000100000001000000010000000100000001000000010000000100000001000000010000000100000001000000010000000100000001000000010000000100000001000000010000000100000001000000010000000100000001000000010000000100000001000000010000000100000001000000010000000100000001000000010000000100000001000000010000000100000001000000010000000100000001000000010000000100000001000000010000000100000001000000010000000100000001000000010000000100000001000000010000000100000001000000010000000100000001000000010000000100000001000000010000000100000001000000010000000100000001000000010000000100000001000000010000000100000001000000010000000100000001000000010000000100000001000000010000000100000001000000010000000100000001000000010000000100000001000000010000000100000001000000010000000100000001000000010000000100000001000000010000000100000001000000010000000100000001000000010000000100000001000000010000000100000001000000010000000100000001000000010000000000000001000000010000000100000001000000010000000100000001000000010000000100000001000000010000000100000001000000010000000100000001000000010000000100000001000000010000000100000001000000010000000100000001000000010000000100000001000000010000000100000001000000010000000100000001000000010000000100000001000000010000000100000001000000010000000100000001000000010111110000000001000000010111100100000001000000010000000100000001000000010000000100000001000000010000000100000001000000010110101100000001000000010110110100000001000000010000000100000001000000010000000100000001000000010000000100000001000000010000000100000001000000010000000100000001000000010000000100000001000000010000000100000001000000010000000100000001000000010000000100000001000000010000000100000001000000010000000100000001000000010000000100000001000000010000000100000001000000010000000100000001000000010000000100000001000000010000000100000001000000010000000100000001000000010000000100000001000000010000000100000001000000010000000100000001000000010000000100000001000000010000000100000001000000010000000100000001000000010000000100000001000000010000000100000001000000010000000100000001000000010000000100000001000000010000000100000001000000010000000100000001000000010000000100000001000000010000000100000001000000010000000100000001000000010000000100000001000000010000000100000001000000010000000100000001000000010000000100000001000000010000000100000001000000010000000100000001000000010000000100000001000000010000000100000001000000010000000100000001000000010000000100000001000000010000000100000001000000010000000100000001000000010000000100000001000000010000000100000001000000010000000100000001000000010000000100000001000000010000000100000001000000010000000100000001000000010000000100000001000000010000000100000001000000010000000100000001000000010000000100000001000000010000000100000001000000010000000100000001000000010000000100000001000000010000000100000001000000010000000100000001000000010000000100000001000000010000000100000001000000010000000100000001000000010000000100000001000000010000000100000001000000010000000100000001000000010000000100000001000000010000000100000001000000010000000100000001000000010000000100000001000000010000000100000001000000010000000100000001000000010000000100000001000000010000000100000001000000010000000100000001000000010000000100000001000000010000000100000001000000010000000100000001000000010000000100000001000000010000000100000001000000010000000100000001000000010000000100000001000000010000000100000001000000010000000100000001000000010000000100000001000000010000000100000001000000010000000100000001000000010000000100000001000000010000000100000001000000010000000100000001000000010000000100000001000000010000000100000001000000010000000100000001000000010000000100000001000000010000000100000001000000010000000100000001000000010000000100000001000000010000000100000001000000010000000100000001000000010000000100000001000000010000000100000001000000010000000100000001000000010000000100000001000000010000000100000001000000010000000100000001000000010000000100000001000000010000000100000001000000010000000100000001000000010000000100000001000000010000000100000001000000010000000100000001000000010000000100000001000000010000000100000001000000010000000100000001000000010000000100000001000000010000000100000001000000010000000100000001000000010000000100000001000000010000000100000001000000010000000100000001000000010000000100000001000000010000000100000001000000010000000100000001000000010000000101111011000000010000000101101111000000010000000101101001000000010000000101101101000000010000000101110010000000010000000101101110000000010000000101110100000000010000000100000001000000010000000100000001000000010000000100000001000000010000000100000001000000010000000100000001000000010000000100000001000000010000000100000001000000010000000100000001000000010000000100000001000000010000000100000001000000010000000100000001000000010000000100000001000000010000000100000001000000010000000100000001000000010000000100000001000000010000000100000001000000010000000100000001000000010000000100000001000000010000000100000001000000010000000100000001000000010000000100000001000000010000000100000001000000010000000100000001000000010000000100000001000000010000000100000001000000010000000100000001000000010000000100000001000000010000000101111111000000010000000101110100000000010000000101110100000000010000000101101010000000010000000101011101000000010000000101100110000000010000000101110111000000010000000101101101000000010000000101110001000000010000000100000001000000010000000100000001000000010000000100000001000000010000000100000001000000010000000100000001000000010000000100000001000000010000000100000001000000010000000100000001000000010000000100000001000000010000000100000001000000010000000100000001000000010000000100000001000000010000000100000001000000010000000100000001000000010000000100000001000000010000000100000001000000010000000100000001000000010000000100000001000000010000000100000001000000010000000100000001000000010000000100000001000000010000000100000001000000010000000100000001000000010000000100000001000000010000000101111001000000010000000101111001000000010000000100000001000000010000000101111010000000010000000100000001000000010000000100000001000000010000000100000001000000010000000100000001000000010000000100000001000000010000000100000001000000010000000100000001000000010000000100000001000000010000000100000001000000010000000100000001000000010000000100000001000000010000000100000001000000010000000100000001000000010000000100000001000000010000000100000001000000010000000100000001000000010000000100000001000000010000000100000001000000010000000100000001000000010000000100000001000000010000000100000001000000010000000100000001000000010000000100000001000000010000000100000001000000010000000100000001000000010000000100000001000000010000000100000001000000010000000100000001000000010000000100000001000000010000000100000001000000010000000100000001000000010000000101110101000000010000000101101111000000010000000101111111000000010000000101101010000000010000000101101110000000010000000101011101000000010000000100000001000000010000000100000001000000010000000100000001000000010000000100000001000000010000000100000001000000010000000100000001000000010000000100000001000000010000000100000001000000010000000100000001000000010000000100000001000000010000000100000001000000010000000100000001000000010000000100000001000000010000000100000001000000010000000100000001000000010000000100000001000000010000000100000001000000010000000100000001000000010000000100000001000000010000000100000001000000010000000100000001000000010000000101110000011111000100100000000001000000010101110000000001000000010000000100000001000000010000000101111001000000010100010001101001011110100011000001100010011101010010011001111011000000010011110000000001000000010111111100000001000000010000000100000001000000010100011000000001000000010100101101101111000000010010101000000001000000010011111100000001000000010000000100000001000000010111111001101011000000010010101101110001000000010010111100000001000000010101010100000001000000010100110000000001000000010111100000000001000000010000000101100110011110100010011101110010000000010011000101110100000000010011010100000001000000010100001000000001000000010111110100000001000000010000000100000001000000010100000101110101000000010011010001110111000000010011001100000001000000010100001100000001000000010111100100000001000000010110111101110110000000010011010000000001000000010100011001101111000000010011001100000001000000010101110100000001000000010000000100000001000000010000000101101111011111000100010000000001000000010110110000000001000000010110111100000001000000010000000100000001000000010000000100000001000000010000000100000001000000010000000100000001000000010000000100000001000000010000000100000001000000010000000100000001000000010000000100000001000000010000000100000001000000010000000100000001000000010000000100000001000000010000000100000001000000010000000100000001000000010000000100000001000000010000000100000001000000010000000100000001000000010000000100000001000000010000000100000001000000010000000100000001000000010000000100000001000000010000000100000001000000010000000100000001000000010000000100000001000000010000000100000001000000010000000100000001000000010000000100000001000000010000000100000001000000010000000100000001000000010000000100000001000000010000000100000001000000010000000100000001000000010000000100000001000000010000000100000001000000010000000100000001000000010000000100000001000000010000000100000001000000010000000100000001000000010000000100000001000000010000000100000001000000010000000100000001000000010000000100000001000000010000000100000001000000010000000100000001000000010000000100000001000000010000000100000001000000010000000100000001000000010000000100000001000000010000000100000001000000010000000100000001000000010000000100000001000000010000000100000001000000010000000100000001000000010000000100000001000000010000000100000001000000010000000100000001000000010000000100000001000000010000000100000001000000010000000100000001000000010000000100000001000000010000000100000001000000010000000100000001000000010000000100000001000000010000000100000001000000010000000100000001000000010000000100000000000000010000000100000001000000010000000100000001000000010000000100000001000000010000000100000001000000010000000100000001000000010000000100000001000000010000000100000001000000010000000100000001000000010000000100000001000000010000000100000001000000010000000100000001000000010000000100000001000000010000000100000001000000010000000100000001000000010000000100000001000000010000000100000001000000010000000100000001000000010000000100000001000000010000000100000001000000010000000100000001000000010000000100000001000000010000000100000001000000010000000100000001000000010000000100000001000000010000000100000001000000010000000100000001000000010000000100000001000000010000000100000001000000010000000100000001000000010000000100000001000000010000000100000001000000010000000100000001000000010000000100000001000000010000000100000001000000010000000100000001000000010000000100000001000000010000000100000001000000010000000100000001000000010000000100000001000000010000000100000001000000010000000100000001000000010000000100000001000000010000000100000001000000010000000100000001000000010000000100000001000000010000000100000001000000010000000100000001000000010000000100000001000000010000000100000001000000010000000100000001000000010000000100000001000000010000000100000001000000010000000100000001000000010000000100000001000000010000000100000001000000010000000100000001000000010000000100000001000000010000000100000001000000010000000100000001000000010000000100000001000000010000000100000001000000010000000100000001000000010000000100000001000000010000000100000001000000010000000100000001000000010000000100000001000000010000000100000001000000010000000100000001000000010000000100000001000000010000000100000001000000010000000100000001000000010000000100000001000000010000000100000001000000010000000100000001000000010000000100000001000000010000000100000001000000010000000100000001000000010000000100000001000000010000000100000001000000010000000100000001000000010000000100000001000000010000000100000001000000010000000100000001000000010000000100000001000000010000000100000001000000010000000100000001000000010000000100000001000000010000000100000001000000010000000100000001000000010000000100000001000000010000000100000001000000010000000100000001000000010000000100000001000000010000000100000001000000010000000100000001000000010000000100000001000000010000000100000001000000010000000100000001000000010000000100000001000000010000000100000001000000010000000100000001000000010000000100000001000000010000000100000001000000010000000100000001000000010000000100000001000000010000000100000001000000010000000100000001000000010000000100000001000000010000000100000001000000010000000100000001000000010000000100000001000000010000000100000001000000010000000100000001000000010000000100000001000000010000000100000001000000010000000100000001000000010000000100000001000000010000000100000001000000010000000100000001000000010000000100000001000000010000000100000001000000010000000100000001000000010000000100000001000000010000000100000001000000010000000100000001000000010000000100000001000000010000000100000001000000010000000100000001000000010000000100000001000000010000000100000001000000010000000100000001000000010000000100000001000000010000000100000001000000010000000100000001000000010000000100000001000000010000000100000001000000010000000100000001000000010000000100000001000000010000000100000001000000010000000100000001000000010000000100000001000000010000000100000001000000010000000100000001000000010000000100000001000000010000000100000001000000010000000100000001000000010000000100000001011111010000000100000001010111000000000100000001011010110000000100000001000000010000000100000001011100110000000100000001011101100000000100000001011000010000000100000001011101010000000100000001000000010000000100000001000000010000000100000001000000010000000100000001000000010000000100000001000000010000000100000001000000010000000100000001000000010000000100000001000000010000000100000001000000010000000100000001000000010000000100000001000000010000000100000001000000010000000100000001000000010000000100000001000000010000000100000001000000010000000100000001000000010000000100000001000000010000000100000001000000010000000100000001000000010000000100000001000000010000000100000001000000010000000100000001011111110000000100000001011110100000000100000001011110000000000100000001011010110000000100000001011000110000000100000001011001000000000100000001011001110000000100000001011100110000000100000001011101100000000100000001000000010000000100000001000000010000000100000001000000010000000100000001000000010000000100000001000000010000000100000001000000010000000100000001000000010000000100000001000000010000000100000001000000010000000100000001000000010000000100000001000000010000000100000001000000010000000100000001000000010000000100000001000000010000000100000001000000010000000100000001000000010000000100000001000000010000000100000001000000010000000100000001000000010000000100000001000000010000000100000001000000010000000100000001000000010000000100000001000000010000000100000001000000010000000100000001000000010000000100000001000000010000000100000001000000010000000100000001011100010000000100000001011010100000000100000001011110100000000100000001000000010000000100000001011100000000000100000001010111110000000100000001011110010000000100000001000000010000000100000001000000010000000100000001000000010000000100000001000000010000000100000001000000010000000100000001000000010000000100000001000000010000000100000001000000010000000100000001000000010000000100000001000000010000000100000001000000010000000100000001000000010000000100000001000000010000000100000001000000010000000100000001000000010000000100000001000000010000000100000001000000010000000100000001000000010000000100000001000000010000000100000001000000010000000100000001000000010000000100000001000000010000000100000001000000010000000100000001000000010000000100000001000000010000000100000001000000010000000100000001011010010000000100000001011000000000000100000001011010110000000100000001011101110000000100000001011001100000000100000001000000010000000100000001000000010000000100000001011100100000000100000001000000010000000100000001000000010000000100000001000000010000000100000001000000010000000100000001000000010000000100000001000000010000000100000001000000010000000100000001000000010000000100000001000000010000000100000001000000010000000100000001000000010000000100000001000000010000000100000001000000010000000100000001000000010000000100000001000000010000000100000001000000010000000100000001000000010000000100000001000000010000000100000001000000010000000100000001000000010000000100000001000000010000000100000001011111010000000101011011000000010000000100000001000000010000000100000001011110000000000101001001000000010000000101011011000000010000000101100110011001000111011100101000000000010000000101111000000000010000000101111111011101100000000100110010000000010000000101001111011100100000000100101101011011110000000100101001000000010000000101110111000000010000000101111011000000010000000101000101000000010000000100111100011111100000000100111010000000010000000101000001000000010000000100000001000000010000000101111010011111010000000100111011000000010000000101010100000000010000000101001001000000010000000101010010000000010000000100000001000000010000000101110101000000010000000101011010011100100000000100110010000000010000000101011000011101100000000100110010000000010000000100000001000000010000000101111101011110010000000100111011000000010000000101011100000000010000000101011011000000010000000101100011000000010000000100000001000000010000000100000001000000010000000101101001000000010000000100000001000000010000000100000001000000010000000100000001000000010000000100000001000000010000000100000001000000010000000100000001000000010000000100000001000000010000000100000001000000010000000100000001000000010000000100000001000000010000000100000001000000010000000100000001000000010000000100000001000000010000000100000001000000010000000100000001000000010000000100000001000000010000000100000001000000010000000100000001000000010000000100000001000000010000000100000001000000010000000100000001000000010000000100000001000000010000000100000001000000010000000100000001000000010000000100000001000000010000000100000001000000010000000100000001000000010000000100000001000000010000000100000001000000010000000100000001000000010000000100000001000000010000000100000001000000010000000100000001000000010000000100000001000000010000000100000001000000010000000100000001000000010000000100000001000000010000000100000001000000010000000100000001000000010000000100000001000000010000000100000001000000010000000100000001000000010000000100000001000000010000000100000001000000010000000100000001000000010000000100000001000000010000000100000001000000010000000100000001000000010000000100000001000000010000000100000001000000010000000100000001000000010000000100000001000000010000000100000001000000010000000100000001000000010000000100000001000000010000000100000001000000010000000100000001000000010000000100000001000000010000000100000001000000010000000100000001000000010000000100000001000000010000000100000001000000010000000100000001000000010000000100000001000000010000000100000001000000010000000100000001000000010000000100000001000000000000000100000001000000010000000100000001000000010000000100000001000000010000000100000001000000010000000100000001000000010000000100000001000000010000000100000001000000010000000100000001000000010000000100000001000000010000000100000001000000010000000100000001000000010000000100000001000000010000000100000001000000010000000100000001000000010000000100000001011011110000000100000001011001010000000100000001000000010000000100000001000000010000000100000001000000010000000100000001010110110000000100000001011001010000000100000001000000010000000100000001000000010000000100000001000000010000000100000001011101100000000100000001000000010000000100000001000000010000000100000001000000010000000100000001000000010000000100000001000000010000000100000001000000010000000100000001000000010000000100000001000000010000000100000001000000010000000100000001000000010000000100000001000000010000000100000001000000010000000100000001000000010000000100000001000000010000000100000001000000010000000100000001000000010000000100000001000000010000000100000001000000010000000100000001000000010000000100000001000000010000000100000001000000010000000100000001000000010000000100000001000000010000000100000001000000010000000100000001000000010000000100000001000000010000000100000001000000010000000100000001000000010000000100000001000000010000000100000001000000010000000100000001000000010000000100000001000000010000000100000001000000010000000100000001000000010000000100000001000000010000000100000001000000010000000100000001000000010000000100000001000000010000000100000001000000010000000100000001000000010000000100000001000000010000000100000001000000010000000100000001000000010000000100000001000000010000000100000001000000010000000100000001000000010000000100000001000000010000000100000001000000010000000100000001000000010000000100000001000000010000000100000001000000010000000100000001000000010000000100000001000000010000000100000001000000010000000100000001000000010000000100000001000000010000000100000001000000010000000100000001000000010000000100000001000000010000000100000001000000010000000100000001000000010000000100000001000000010000000100000001000000010000000100000001000000010000000100000001000000010000000100000001000000010000000100000001000000010000000100000001000000010000000100000001000000010000000100000001000000010000000100000001000000010000000100000001000000010000000100000001000000010000000100000001000000010000000100000001000000010000000100000001000000010000000100000001000000010000000100000001000000010000000100000001000000010000000100000001000000010000000100000001000000010000000100000001000000010000000100000001000000010000000100000001000000010000000100000001000000010000000100000001000000010000000100000001000000010000000100000001000000010000000100000001000000010000000100000001000000010000000100000001000000010000000100000001000000010000000100000001000000010000000100000001000000010000000100000001000000010000000100000001000000010000000100000001000000010000000100000001000000010000000100000001000000010000000100000001000000010000000100000001000000010000000100000001000000010000000100000001000000010000000100000001000000010000000100000001000000010000000100000001000000010000000100000001000000010000000100000001000000010000000100000001000000010000000100000001000000010000000100000001000000010000000100000001000000010000000100000001000000010000000100000001000000010000000100000001000000010000000100000001000000010000000100000001000000010000000100000001000000010000000100000001000000010000000100000001000000010000000100000001000000010000000100000001000000010000000100000001000000010110001100000001000000010101001000000001011111000110100000000001000000010111011100000001000000010101111000000001000000010100110100000001011111010110110100000001000000010111111000000001000000010000000100000001000000010111111000000001000000010000000100000001000000010000000100000001000000010000000100000001000000010000000100000001000000010000000100000001000000010000000100000001000000010000000100000001000000010000000100000001000000010000000100000001000000010000000100000001000000010000000100000001000000010000000100000001000000010000000100000001000000010000000100000001000000010000000100000001000000010000000100000001000000010111110100000001000000010111011000000001000000010111011100000001000000010110101000000001000000010111100100000001000000010000000100000001000000010000000100000001000000010000000100000001000000010111101000000001000000010000000100000001000000010000000100000001000000010000000100000001000000010000000100000001000000010000000100000001000000010000000100000001000000010000000100000001000000010000000100000001000000010000000100000001000000010000000100000001000000010000000100000001000000010000000100000001000000010000000100000001000000010000000100000001000000010000000100000001000000010000000100000001000000010000000100000001000000010000000100000001000000010000000100000001000000010000000100000001000000010000000100000001000000010000000100000001000000010000000100000001000000010000000100000001000000010000000100000001000000010000000100000001000000010000000100000001000000010000000100000001000000010000000100000001000000010000000100000001000000010101101100000001011111000110011000000001000000010000000100000001000000010110010000000001000000010100111100000001011111010110110000000001000000010111110000000001000000010000000100000001000000010000000100000001000000010000000100000001000000010000000100000001000000010000000100000001000000010000000100000001000000010000000100000001000000010000000100000001000000010000000100000001000000010000000100000001000000010000000100000001000000010000000100000001000000010000000100000001000000010000000100000001000000010000000100000001000000010000000100000001000000010000000100000001000000010000000100000001000000010000000100000001000000010000000100000001000000010000000100000001000000010000000100000001000000010000000100000001000000010000000100000001000000010000000100000001000000010000000100000001000000010110110000000001000000010110111100000001000000010111101000000001000000010000000100000001000000010000000100000001000000010000000100000001000000010000000100000001000000010000000100000001000000010000000100000001000000010000000100000001000000010000000100000001000000010000000100000001000000010000000100000001000000010000000100000001000000010000000100000001000000010000000100000001000000010000000100000001000000010000000100000001000000010000000100000001000000010000000100000001000000010000000100000001000000010000000100000001000000010000000100000001000000010000000100000001000000010000000100000001000000010000000100000001000000010000000100000001000000010000000100000001000000010000000100000001000000010000000100000001000000010110110001110110010010110000000100000001011000100110010101110010001111000110110101111100001111110000000100000001010101000000000100000001000000010000000100000001000000010000000100000001011101000000000100000001000000010000000100000001010110100110010101110110001001010110100001111001001010000110001101110110001000010000000100000001000000010000000100000001000000010111000100000001001011110111010000000001001100100000000100000001000000010110100101111100001001110110000101110100000111110000000100000001011111110000000100000001010001010000000100000001010011000000000100000001000000010000000100000001010001100000000100000001010010010000000100000001000000010000000100000001010110010000000100000001010010010111100000000001001111110000000100000001011000110000000100000001000000010000000100000001000000010111001100000001010001010101111001101011001100110110001101101110001111000000000100000001000000010000000100000001000000010000000100000001000000010000000100000001000000010000000100000001000000010000000100000001000000010000000100000001000000010000000100000001000000010000000100000001000000010000000100000001000000010000000100000001000000010000000100000001000000010000000100000001000000010000000100000001000000010000000100000001000000010000000100000001000000010000000100000001000000010000000100000001000000010000000100000001000000010000000100000001000000010000000100000001000000010000000100000001000000010000000100000001000000010000000100000001000000010000000100000001000000010000000100000001000000010000000100000001000000010000000100000001000000010000000100000001000000010000000100000001000000010000000100000001000000010000000100000001000000010000000100000001000000010000000100000001000000010000000100000001000000010000000100000001000000010000000100000001000000010000000100000001000000010000000100000001000000010000000100000001000000010000000100000001000000010000000100000001000000010000000100000001000000010000000100000001000000010000000100000001000000010000000100000001000000010000000100000001000000010000000100000001000000010000000100000001000000010000000100000001000000010000000100000001000000010000000100000001000000010000000100000001000000010000000100000001000000010000000100000001000000010000000100000001000000010000000100000001000000010000000100000001000000010000000100000001000000010000000100000001000000010000000100000001000000010000000100000001000000010000000100000001000000010000000100000001000000010000000100000001000000010000000100000001000000010000000100000001000000010000000100000001000000010000000100000001000000010000000000000001000000010000000100000001000000010000000100000001000000010000000100000001000000010000000100000001000000010000000100000001000000010000000100000001000000010000000100000001000000010000000100000001000000010000000100000001000000010000000100000001000000010111010100000001000000010111100000000001000000010000000100000001000000010000000100000001000000010101101100000001000000010101100100000001000000010111001000000001000000010000000100000001000000010110001000000001000000010101101000000001000000010110000100000001000000010110111100000001000000010000000100000001000000010000000100000001000000010111010100000001000000010111011000000001000000010000000100000001000000010000000100000001000000010000000100000001000000010000000100000001000000010000000100000001000000010000000100000001000000010000000100000001000000010000000100000001000000010000000100000001000000010000000100000001000000010000000100000001000000010000000100000001000000010000000100000001000000010000000100000001000000010000000100000001000000010000000100000001000000010000000100000001000000010000000100000001000000010000000100000001000000010000000100000001000000010000000100000001000000010000000100000001000000010000000100000001000000010000000100000001000000010000000100000001000000010000000100000001000000010000000100000001000000010000000100000001000000010000000100000001000000010000000100000001000000010000000100000001000000010000000100000001000000010000000100000001000000010000000100000001000000010000000100000001000000010000000100000001000000010000000100000001000000010000000100000001000000010000000100000001000000010000000100000001000000010000000100000001000000010000000100000001000000010000000100000001000000010000000100000001000000010000000100000001000000010000000100000001000000010000000100000001000000010000000100000001000000010000000100000001000000010000000100000001000000010000000100000001000000010000000100000001000000010000000100000001000000010000000100000001000000010000000100000001000000010000000100000001000000010000000100000001000000010000000100000001000000010000000100000001000000010000000100000001000000010000000100000001000000010000000100000001000000010000000100000001000000010000000100000001000000010000000100000001000000010000000100000001000000010000000100000001000000010000000100000001000000010000000100000001000000010000000100000001000000010000000100000001000000010000000100000001000000010000000100000001000000010000000100000001000000010000000100000001000000010000000100000001000000010000000100000001000000010000000100000001000000010000000100000001000000010000000100000001000000010000000100000001000000010000000100000001000000010000000100000001000000010000000100000001000000010000000100000001000000010000000100000001000000010000000100000001000000010000000100000001000000010000000100000001000000010000000100000001000000010000000100000001000000010000000100000001000000010000000100000001000000010000000100000001000000010000000100000001000000010000000100000001000000010000000100000001000000010000000100000001000000010000000100000001000000010000000100000001000000010000000100000001000000010000000100000001000000010000000100000001000000010000000100000001000000010000000100000001000000010000000100000001000000010000000100000001000000010000000100000001000000010000000100000001000000010000000100000001000000010000000100000001000000010000000100000001000000010000000100000001000000010000000100000001000000010000000100000001000000010000000100000001000000010000000100000001000000010000000100000001000000010000000100000001000000010000000100000001000000010000000100000001000000010000000101110001000000010000000101110010000000010000000101110100000000010000000101101001000000010000000101110101000000010000000101011111000000010000000101101011000000010000000101110100000000010000000101101101000000010000000101011101000000010000000101100100000000010000000101101101000000010000000101110010000000010000000100000001000000010000000100000001000000010000000101110101000000010000000101111101000000010000000100000001000000010000000100000001000000010000000101111110000000010000000101101111000000010000000101101010000000010000000101110011000000010000000100000001000000010000000100000001000000010000000100000001000000010000000100000001000000010000000100000001000000010000000100000001000000010000000101100010000000010000000101100111000000010000000100000001000000010000000100000001000000010000000100000001000000010000000100000001000000010000000100000001000000010000000100000001000000010000000100000001000000010000000100000001000000010000000100000001000000010000000100000001000000010000000100000001000000010000000100000001000000010000000100000001000000010000000100000001000000010000000100000001000000010000000100000001000000010000000100000001000000010000000100000001000000010000000100000001000000010000000100000001000000010000000100000001000000010000000100000001000000010000000100000001000000010000000100000001000000010000000100000001000000010000000100000001000000010000000100000001000000010000000100000001000000010000000100000001000000010000000100000001000000010000000100000001000000010000000100000001000000010000000100000001000000010000000100000001000000010000000100000001000000010000000100000001000000010000000101110000000000010000000101110011000000010000000101100011000000010000000101110001000000010000000101111001000000010000000101111000000000010000000101101110000000010000000101110011000000010000000101110100000000010000000100000001000000010000000100000001000000010000000100000001000000010000000100000001000000010000000100000001000000010000000100000001000000010000000100000001000000010000000100000001000000010000000100000001000000010000000100000001000000010000000100000001000000010000000100000001000000010000000100000001000000010000000100000001000000010000000100000001000000010000000100000001000000010000000100000001000000010000000101100111000000010000000101100111000000010000000101111101000000010000000101111101000000010000000101110101000000010000000101101110000000010000000101111110000000010000000100000001000000010000000100000001000000010000000100000001000000010000000100000001000000010000000100000001000000010000000100000001000000010000000100000001000000010000000100000001000000010000000100000001000000010000000100000001000000010000000100000001000000010000000100000001000000010000000100000001000000010000000100000001000000010000000100000001000000010000000100000001000000010000000100000001000000010000000100000001000000010000000100000001000000010000000100000001000000010000000100000001000000010000000100000001000000010000000100000001000000010000000100000001000000010000000100000001000000010000000100000001000000010000000100000001000000010000000100000001000000010000000100000001000000010000000100000001000000010000000101111110000000010101110101111101000000010101100000000001000000010110010100000001000000010110111100000001000000010000000100000001000000010101111000000001000000010111010100000001000000010101010100000001000000010101010000000001000000010000000100000001000000010101011000000001000000010100011100000001000000010000000100000001000000010100011101111000000000010011100000000001000000010101001100000001000000010000000100000001000000010000000100000001000000010000000101110000000000010011010001111010000000010011110100000001000000010000000100000001000000010000000100000001000000010000000101101010011110000011000000000001000000010110100100000001000000010110011000000001000000010111110100000001000000010000000100000001000000010000000100000001000000010000000100000001000000010110010000000001000000010000000100000001000000010000000100000001000000010000000100000001000000010000000100000001000000010000000100000001000000010000000100000001000000010000000100000001000000010000000100000001000000010000000100000001000000010000000100000001000000010000000100000001000000010000000100000001000000010000000100000001000000010000000100000001000000010000000100000001000000010000000100000001000000010000000100000001000000010000000100000001000000010000000100000001000000010000000100000001000000010000000100000001000000010000000100000001000000010000000100000001000000010000000100000001000000010000000100000001000000010000000100000001000000010000000100000001000000010000000100000001000000010000000100000001000000010000000100000001000000010000000100000001000000010000000100000001000000010000000100000001000000010000000100000001000000010000000100000001000000010000000100000001000000010000000100000001000000010000000100000001000000010000000100000001000000010000000100000001000000010000000100000001000000010000000100000001000000010000000100000001000000010000000100000001000000010000000100000001000000010000000100000001000000010000000100000001000000010000000100000001000000010000000100000001000000010111111100000001000000010111110100000001000000010111101100000001000000010000000100000001000000010000000100000001000000010111100000000001000000010000000100000001000000010000000100000001000000010000000100000001000000010000000100000001000000010000000100000001000000010000000100000001000000010000000100000001000000010000000100000001000000010000000100000001000000010000000100000001000000010000000100000001000000010000000100000001000000010000000100000001000000010000000100000001000000010000000100000001000000010000000100000000000000010000000100000001000000010000000100000001000000010000000100000001000000010000000100000001000000010000000100000001000000010000000100000001000000010000000100000001000000010000000100000001000000010000000100000001000000010000000100000001000000010000000101110101000000010000000101111000000000010000000100000001000000010000000100000001000000010000000101100101000000010000000101100010000000010000000101110110000000010000000100000001000000010000000101100101000000010000000101011101000000010000000101100101000000010000000101110011000000010000000100000001000000010000000100000001000000010000000101111010000000010000000101111011000000010000000100000001000000010000000100000001000000010000000100000001000000010000000100000001000000010000000100000001000000010000000100000001000000010000000100000001000000010000000100000001000000010000000100000001000000010000000100000001000000010000000100000001000000010000000100000001000000010000000100000001000000010000000100000001000000010000000100000001000000010000000100000001000000010000000100000001000000010000000100000001000000010000000100000001000000010000000100000001000000010000000100000001000000010000000100000001000000010000000100000001000000010000000100000001000000010000000100000001000000010000000100000001000000010000000100000001000000010000000100000001000000010000000100000001000000010000000100000001000000010000000100000001000000010000000100000001000000010000000100000001000000010000000100000001000000010000000100000001000000010000000100000001000000010000000100000001000000010000000100000001000000010000000100000001000000010000000100000001000000010000000100000001000000010000000100000001000000010000000100000001000000010000000100000001000000010000000100000001000000010000000100000001000000010000000100000001000000010000000100000001000000010000000100000001000000010000000100000001000000010000000100000001000000010000000100000001000000010000000100000001000000010000000100000001000000010000000100000001000000010000000100000001000000010000000100000001000000010000000100000001000000010000000100000001000000010000000100000001000000010000000100000001000000010000000100000001000000010000000100000001000000010000000100000001000000010000000100000001000000010000000100000001000000010000000100000001000000010000000100000001000000010000000100000001000000010000000100000001000000010000000100000001000000010000000100000001000000010000000100000001000000010000000100000001000000010000000100000001000000010000000100000001000000010000000100000001000000010000000100000001000000010000000100000001000000010000000100000001000000010000000100000001000000010000000100000001000000010000000100000001000000010000000100000001000000010000000100000001000000010000000100000001000000010000000100000001000000010000000100000001000000010000000100000001000000010000000100000001000000010000000100000001000000010000000100000001000000010000000100000001000000010000000100000001000000010000000100000001000000010000000100000001000000010000000100000001000000010000000100000001000000010000000100000001000000010000000100000001000000010000000100000001000000010000000100000001000000010000000100000001000000010000000100000001000000010000000100000001000000010000000100000001000000010000000100000001000000010000000100000001000000010000000100000001000000010000000100000001000000010000000100000001000000010000000100000001000000010000000100000001000000010000000100000001000000010000000100000001000000010000000100000001000000010000000100000001000000010000000100000001000000010000000100000001000000010000000100000001000000010000000100000001000000010000000100000001000000010000000100000001000000010000000100000001011111000000000100000001011111000000000100000001011111000000000100000001011111010000000100000001011011100000000100000001010100000000000100000001010010000000000101111110010001110000000101111111010010100000000100000001010000110000000101111011010100000000000100000001000000010000000100000001000000010000000100000001011111000000000100000001000000010000000100000001000000010000000100000001011101100000000100000001011010000000000100000001011110000000000100000001011011110000000100000001011010010000000100000001011100100000000100000001000000010000000100000001000000010000000100000001000000010000000100000001000000010000000100000001000000010000000100000001011110110000000100000001011110110000000100000001000000010000000100000001000000010000000100000001000000010000000100000001000000010000000100000001000000010000000100000001000000010000000100000001000000010000000100000001000000010000000100000001000000010000000100000001000000010000000100000001000000010000000100000001000000010000000100000001000000010000000100000001000000010000000100000001000000010000000100000001000000010000000100000001000000010000000100000001000000010000000100000001000000010000000100000001000000010000000100000001000000010000000100000001000000010000000100000001000000010000000100000001000000010000000100000001000000010000000100000001000000010000000100000001000000010000000100000001000000010000000100000001000000010000000100000001000000010000000100000001000000010000000100000001000000010000000100000001000000010000000100000001000000010000000100000001000000010000000100000001000000010000000100000001000000010000000100000001000000010000000100000001011111110000000100000001011100100000000100000001010111110000000100000001010100110000000100000001010000110000000101110111010010010000000101111101010100110000000100000001010111010000000100000001000000010000000100000001000000010000000100000001000000010000000100000001000000010000000100000001000000010000000100000001000000010000000100000001000000010000000100000001000000010000000100000001000000010000000100000001011111000000000100000001000000010000000100000001000000010000000100000001000000010000000100000001000000010000000100000001000000010000000100000001000000010000000100000001011110100000000100000001011110100000000100000001011110000000000100000001011101100000000100000001011011100000000100000001011100010000000100000001011110110000000100000001000000010000000100000001000000010000000100000001000000010000000100000001000000010000000100000001000000010000000100000001000000010000000100000001000000010000000100000001000000010000000100000001000000010000000100000001000000010000000100000001000000010000000100000001000000010000000100000001000000010000000100000001000000010000000100000001000000010000000100000001000000010000000100000001000000010000000100000001000000010000000100000001000000010000000100000001000000010000000100000001000000010000000100000001000000010000000100000001000000010000000100000001000000010000000100000001000000010000000100000001000000010000000100000001000000010000000100000001000000010000000100000001000000010000000100000001000000010000000100000001000000010000000100000001000000010000000100000001000000010000000100000001000000010000000100000001000000010000000101101110000000010000000101011111000000010000000100000001000000010000000101011111000000010000000101010101000000010000000101110010000000010000000100000001000000010000000100000001000000010000000101101001000000010000000101100110011100110000000100111100000000010000000101011110000000010000000101010101000000010000000101011111000000010000000101011001000000010000000101100101000000010000000101110101000000010000000101010010000000010000000101100101011111010000000101001111011111100000000101001110000000010000000101101111011101010111111101010001000000010000000100000001000000010000000101111011000000010000000100000001000000010000000100000001000000010000000100000001000000010000000100000001000000010000000100000001000000010000000100000001000000010000000100000001000000010000000100000001000000010000000100000001000000010000000100000001000000010000000100000001000000010000000100000001000000010000000100000001000000010000000100000001000000010000000100000001000000010000000100000001000000010000000100000001000000010000000100000001000000010000000100000001000000010000000100000001000000010000000100000001000000010000000100000001000000010000000100000001000000010000000100000001000000010000000100000001000000010000000100000001000000010000000100000001000000010000000100000001000000010000000100000001000000010000000100000001000000010000000100000001000000010000000100000001000000010000000100000001000000010000000100000001000000010000000100000001000000010000000100000001000000010000000100000001000000010000000100000001000000010000000100000001000000010000000100000001000000010000000100000001000000010000000100000001000000010000000100000001000000010000000100000001000000010000000100000001000000010000000100000001000000010000000100000001000000010000000100000001000000010000000100000001000000010000000100000001000000010000000100000001000000010000000100000001000000010000000100000001000000010000000101111110000000010000000101111010000000010000000100000001000000010000000100000001000000010000000101111001000000010000000100000001000000010000000100000001000000010000000100000001000000010000000100000001000000010000000100000001000000010000000100000001000000010000000100000001000000010000000100000001000000010000000100000001000000010000000100000001000000010000000100000001000000010000000100000001000000010000000100000001000000010000000100000001000000010000000100000001000000010000000100000001000000000000000100000001000000010000000100000001000000010000000100000001000000010000000100000001000000010000000100000001000000010000000100000001000000010000000100000001000000010000000100000001000000010000000100000001000000010000000100000001000000010000000100000001000000010000000100000001000000010000000100000001000000010000000100000001000000010000000100000001011110100000000100000001011100010000000100000001000000010000000100000001000000010000000100000001000000010000000100000001011000000000000100000001011010100000000100000001000000010000000100000001000000010000000100000001000000010000000100000001011111100000000100000001000000010000000100000001000000010000000100000001000000010000000100000001000000010000000100000001000000010000000100000001000000010000000100000001000000010000000100000001000000010000000100000001000000010000000100000001000000010000000100000001000000010000000100000001000000010000000100000001000000010000000100000001000000010000000100000001000000010000000100000001000000010000000100000001000000010000000100000001000000010000000100000001000000010000000100000001000000010000000100000001000000010000000100000001000000010000000100000001000000010000000100000001000000010000000100000001000000010000000100000001000000010000000100000001000000010000000100000001000000010000000100000001000000010000000100000001000000010000000100000001000000010000000100000001000000010000000100000001000000010000000100000001000000010000000100000001000000010000000100000001000000010000000100000001000000010000000100000001000000010000000100000001000000010000000100000001000000010000000100000001000000010000000100000001000000010000000100000001000000010000000100000001000000010000000100000001000000010000000100000001000000010000000100000001000000010000000100000001000000010000000100000001000000010000000100000001000000010000000100000001000000010000000100000001000000010000000100000001000000010000000100000001000000010000000100000001000000010000000100000001000000010000000100000001000000010000000100000001000000010000000100000001000000010000000100000001000000010000000100000001000000010000000100000001000000010000000100000001000000010000000100000001000000010000000100000001000000010000000100000001000000010000000100000001000000010000000100000001000000010000000100000001000000010000000100000001000000010000000100000001000000010000000100000001000000010000000100000001000000010000000100000001000000010000000100000001000000010000000100000001000000010000000100000001000000010000000100000001000000010000000100000001000000010000000100000001000000010000000100000001000000010000000100000001000000010000000100000001000000010000000100000001000000010000000100000001000000010000000100000001000000010000000100000001000000010000000100000001000000010000000100000001000000010000000100000001000000010000000100000001000000010000000100000001000000010000000100000001000000010000000100000001000000010000000100000001000000010000000100000001000000010000000100000001000000010000000100000001000000010000000100000001000000010000000100000001000000010000000100000001000000010000000100000001000000010000000100000001000000010000000100000001000000010000000100000001000000010000000100000001000000010000000100000001000000010000000100000001000000010000000100000001000000010000000100000001000000010000000100000001000000010000000100000001000000010000000100000001000000010000000100000001000000010000000100000001000000010000000100000001000000010000000100000001000000010000000100000001000000010000000100000001000000010000000100000001000000010000000100000001000000010000000100000001000000010000000100000001000000010000000100000001000000010000000100000001000000010000000100000001000000010000000100000001000000010000000100000001000000010000000100000001000000010000000100000001000000010111100100000001000000010111001100000001000000010101100100000001000000010101100100000001000000010110100000000001000000010110100000000001000000010111101000000001000000010111000000000001000000010111100100000001000000010000000100000001000000010111000100000001000000010110001000000001000000010110111000000001000000010111001100000001000000010111000100000001000000010111001100000001000000010111100100000001000000010000000100000001000000010000000100000001000000010000000100000001000000010000000100000001000000010000000100000001000000010000000100000001000000010000000100000001000000010000000100000001000000010000000100000001000000010000000100000001000000010000000100000001000000010000000100000001000000010000000100000001000000010000000100000001000000010000000100000001000000010000000100000001000000010000000100000001000000010000000100000001000000010000000100000001000000010000000100000001000000010000000100000001000000010000000100000001000000010000000100000001000000010000000100000001000000010000000100000001000000010000000100000001000000010000000100000001000000010000000100000001000000010000000100000001000000010000000100000001000000010000000100000001000000010000000100000001000000010000000100000001000000010000000100000001000000010000000100000001000000010000000100000001000000010000000100000001000000010000000100000001000000010000000100000001000000010000000100000001000000010000000100000001000000010000000100000001000000010000000100000001000000010000000100000001000000010000000100000001000000010000000100000001000000010000000100000001000000010000000100000001000000010111010100000001000000010110010100000001000000010110001100000001000000010110100100000001000000010110101000000001000000010000000100000001000000010111110000000001000000010000000100000001000000010000000100000001000000010000000100000001000000010111000100000001000000010111100000000001000000010000000100000001000000010111100100000001000000010111001100000001000000010111101100000001000000010000000100000001000000010000000100000001000000010111110100000001000000010111100100000001000000010000000100000001000000010000000100000001000000010000000100000001000000010111111000000001000000010000000100000001000000010000000100000001000000010000000100000001000000010000000100000001000000010000000100000001000000010000000100000001000000010000000100000001000000010000000100000001000000010000000100000001000000010000000100000001000000010000000100000001000000010000000100000001000000010000000100000001000000010000000100000001000000010000000100000001000000010000000100000001000000010000000100000001000000010000000100000001000000010000000100000001000000010000000100000001000000010000000100000001000000010000000100000001000000010000000100000001000000010000000100000001000000010000000100000001000000010000000100000001000000010000000100000001000000010000000100000001000000010000000100000001000000010000000100000001000000010000000100000001000000010000000100000001000000010000000100000001000000010000000100000001000000010000000100000001000000010000000100000001000000010000000100000001000000010000000100000001000000010000000100000001000000010000000100000001000000010000000100000001000000010000000100000001000000010000000100000001011010110000000100000001010110010000000100000001011111000000000100000001011010100000000100000001000000010000000100000001011100000000000100000001011011100000000100000001000000010000000100000001011010110000000100000001000000010000000100000001011010110000000100000001010111010000000100000001000000010000000100000001011101010111111100000001010110100111011000000001010100100000000100000001011111110000000100000001000000010000000100000001000000010000000100000001000000010000000100000001000000010000000100000001000000010000000100000001000000010000000100000001000000010000000100000001000000010000000100000001000000010000000100000001000000010000000100000001000000010000000100000001000000010000000100000001000000010000000100000001000000010000000100000001000000010000000100000001000000010000000100000001000000010000000100000001000000010000000100000001000000010000000100000001000000010000000100000001000000010000000100000001000000010000000100000001000000010000000100000001000000010000000100000001000000010000000100000001000000010000000100000001000000010000000100000001000000010000000100000001000000010000000100000001000000010000000100000001000000010000000100000001000000010000000100000001000000010000000100000001000000010000000100000001000000010000000100000001000000010000000100000001000000010000000100000001000000010000000100000001000000010000000100000001000000010000000100000001000000010000000100000001000000010000000100000001000000010000000100000001000000010000000100000001000000010000000100000001000000010000000100000001000000010000000100000001000000010000000100000001000000010000000100000001000000010000000100000001000000010000000100000001000000010000000100000001000000010000000100000001000000010000000100000001000000010000000100000001000000010000000100000001000000010000000100000001000000010000000100000001000000010000000100000001000000010000000100000001000000010000000100000001000000010000000100000001000000010000000100000001000000010000000100000001000000010000000100000001000000010000000100000001000000010000000100000001000000010000000100000001000000010000000100000001000000010000000100000001000000010000000100000001000000010000000100000001000000010000000100000001000000010000000100000001000000010000000100000001000000010000000100000001000000010000000100000001000000010000000000000001000000010000000100000001000000010000000100000001000000010000000100000001000000010000000100000001000000010000000100000001000000010000000100000001000000010000000100000001000000010000000100000001000000010000000100000001000000010000000100000001000000010000000100000001000000010000000100000001000000010000000100000001000000010000000100000001000000010000000100000001000000010000000100000001000000010000000100000001000000010000000100000001000000010000000100000001000000010000000100000001000000010000000100000001000000010000000100000001000000010000000100000001000000010000000100000001000000010000000100000001000000010000000100000001000000010000000100000001000000010000000100000001000000010000000100000001000000010000000100000001000000010000000100000001000000010000000100000001000000010000000100000001000000010000000100000001000000010000000100000001000000010000000100000001000000010000000100000001000000010000000100000001000000010000000100000001000000010000000100000001000000010000000100000001000000010000000100000001000000010000000100000001000000010000000100000001000000010000000100000001000000010000000100000001000000010000000100000001000000010000000100000001000000010000000100000001000000010000000100000001000000010000000100000001000000010000000100000001000000010000000100000001000000010000000100000001000000010000000100000001000000010000000100000001000000010000000100000001000000010000000100000001000000010000000100000001000000010000000100000001000000010000000100000001000000010000000100000001000000010000000100000001000000010000000100000001000000010000000100000001000000010000000100000001000000010000000100000001000000010000000100000001000000010000000100000001000000010000000100000001000000010000000100000001000000010000000100000001000000010000000100000001000000010000000100000001000000010000000100000001000000010000000100000001000000010000000100000001000000010000000100000001000000010000000100000001000000010000000100000001000000010000000100000001000000010000000100000001000000010000000100000001000000010000000100000001000000010000000100000001000000010000000100000001000000010000000100000001000000010000000100000001000000010000000100000001000000010000000100000001000000010000000100000001000000010000000100000001000000010000000100000001000000010000000100000001000000010000000100000001000000010000000100000001000000010000000100000001000000010000000100000001000000010000000100000001000000010000000100000001000000010000000100000001000000010000000100000001000000010000000100000001000000010000000100000001000000010000000100000001000000010000000100000001000000010000000100000001000000010000000100000001000000010000000100000001000000010000000100000001000000010000000100000001000000010000000100000001000000010000000100000001000000010000000100000001000000010000000100000001000000010000000100000001000000010000000100000001000000010000000100000001000000010000000100000001000000010000000100000001000000010000000100000001000000010000000100000001000000010000000100000001000000010000000100000001000000010000000100000001000000010000000100000001000000010000000100000001000000010000000100000001000000010000000100000001000000010000000100000001000000010000000100000001000000010000000100000001000000010000000100000001000000010000000100000001000000010000000100000001000000010000000100000001000000010000000100000001000000010000000100000001000000010000000100000001000000010000000100000001000000010000000100000001000000010000000100000001000000010000000100000001000000010000000100000001000000010000000100000001000000010000000100000001000000010000000100000001000000010000000100000001000000010000000100000001000000010000000100000001000000010000000100000001000000010000000100000001000000010000000100000001000000010000000100000001000000010000000100000001000000010000000100000001000000010000000100000001000000010000000100000001000000010000000101110101000000010000000101111101000000010000000101111001000000010000000101111001000000010000000101111011000000010000000100000001000000010000000100000001000000010000000100000001000000010000000101111110000000010000000100000001000000010000000100000001000000010000000100000001000000010000000100000001000000010000000100000001000000010000000100000001000000010000000100000001000000010000000100000001000000010000000100000001000000010000000100000001000000010000000100000001000000010000000100000001000000010000000100000001000000010000000100000001000000010000000100000001000000010000000100000001000000010000000100000001000000010000000100000001000000010000000100000001000000010000000100000001000000010000000100000001000000010000000100000001000000010000000100000001000000010000000100000001000000010000000100000001000000010000000100000001000000010000000100000001000000010000000100000001000000010000000100000001000000010000000100000001000000010000000100000001000000010000000100000001000000010000000100000001000000010000000100000001000000010000000100000001000000010000000100000001000000010000000100000001000000010000000100000001000000010000000100000001000000010000000100000001000000010000000100000001000000010000000100000001000000010000000100000001000000010000000100000001000000010000000100000001000000010000000100000001000000010000000100000001000000010000000100000001000000010000000100000001000000010000000100000001000000010000000100000001000000010000000100000001000000010000000100000001000000010000000100000001000000010000000100000001000000010000000100000001000000010000000100000001000000010000000100000001000000010000000101111100000000010000000100000001000000010000000100000001000000010000000100000001000000010000000101111010000000010000000101111010000000010000000100000001000000010000000101111010000000010000000101111101000000010000000100000001000000010000000100000001000000010000000100000001000000010000000100000001000000010000000100000001000000010000000100000001000000010000000101111000000000010000000101111111000000010000000100000001000000010000000100000001000000010000000100000001000000010000000100000001000000010000000100000001000000010000000100000001000000010000000100000001000000010000000100000001000000010000000100000001000000010000000100000001000000010000000100000001000000010000000100000001000000010000000100000001000000010000000100000001000000010000000100000001000000010000000100000001000000010000000100000001000000010000000100000001000000010000000100000001000000010000000100000001000000010000000100000001000000010000000100000001000000010000000100000001000000010000000100000001000000010000000100000001000000010000000100000001000000010000000100000001000000010000000100000001000000010000000100000001000000010000000100000001000000010000000100000001000000010000000100000001000000010000000100000001000000010000000100000001000000010000000100000001000000010000000100000001000000010000000100000001000000010000000100000001000000010000000100000001000000010000000100000001000000010000000100000001000000010000000100000001000000010000000100000001000000010000000100000001000000010000000100000001000000010000000100000001000000010000000100000001000000010000000100000001000000010000000100000001000000010000000100000001000000010000000100000001000000010000000100000001000000010000000100000001000000010000000100000001000000010000000100000001000000010000000100000001000000010000000100000001000000010000000100000001000000010000000100000001000000010000000100000001000000010000000100000001000000010000000100000001000000010000000100000001000000010000000100000001000000010000000100000001000000010000000100000001000000010000000100000001000000010000000100000001000000010000000100000001000000010000000100000001000000010000000100000001000000010000000100000001000000010000000100000001000000010000000100000001000000010000000100000001000000010000000100000001000000010000000100000001000000010000000100000001000000010000000100000001000000010000000100000001000000010000000100000001000000010000000100000001000000010000000100000001000000010000000100000001000000010000000100000001000000010000000100000001000000010000000100000001000000010000000100000001000000010000000100000001000000010000000100000001000000010000000100000001000000010000000100000001000000010000000100000001000000010000000100000001000000010000000100000001000000010000000100000001000000010000000100000001000000010000000100000001000000010000000100000001000000010000000100000001000000010000000100000001000000010000000100000001000000010000000100000001000000010000000100000001000000010000000100000001000000010000000100000001000000010000000100000001000000010000000100000001000000010000000100000001000000010000000100000001000000010000000100000001000000010000000100000001000000010000000100000001000000010000000100000001000000010000000100000001000000010000000100000001000000010000000100000001000000010000000100000001000000010000000100000001000000010000000100000001000000010000000100000001000000010000000100000001000000010000000100000001000000010000000100000001000000010000000100000001000000010000000100000001000000010000000100000001000000010000000100000001000000010000000100000001000000010000000100000001000000010000000100000001000000010000000100000001000000010000000100000001000000010000000100000001000000010000000100000001000000010000000100000001000000010000000100000001000000010000000100000001000000010000000100000000000000010000000100000001000000010000000100000001000000010000000100000001000000010000000100000001000000010000000100000001000000010000000100000001000000010000000100000001000000010000000100000001000000010000000100000001000000010000000100000001000000010000000100000001000000010000000100000001000000010000000100000001000000010000000100000001000000010000000101110011000000010000000101110010000000010000000100000001000000010000000100000001000000010000000100000001000000010000000101101101000000010000000101101110000000010000000100000001000000010000000100000001000000010000000100000001000000010000000101111101000000010000000100000001000000010000000100000001000000010000000100000001000000010000000100000001000000010000000100000001000000010000000100000001000000010000000100000001000000010000000100000001000000010000000100000001000000010000000100000001000000010000000100000001000000010000000100000001000000010000000100000001000000010000000100000001000000010000000100000001000000010000000100000001000000010000000100000001000000010000000100000001000000010000000100000001000000010000000100000001000000010000000100000001000000010000000100000001000000010000000100000001000000010000000100000001000000010000000100000001000000010000000100000001000000010000000100000001000000010000000100000001000000010000000100000001000000010000000100000001000000010000000100000001000000010000000100000001000000010000000100000001000000010000000100000001000000010000000100000001000000010000000100000001000000010000000100000001000000010000000100000001000000010000000100000001000000010000000100000001000000010000000100000001000000010000000100000001000000010000000100000001000000010000000100000001000000010000000100000001000000010000000100000001000000010000000100000001000000010000000100000001000000010000000100000001000000010000000100000001000000010000000100000001000000010000000100000001000000010000000100000001000000010000000100000001000000010000000100000001000000010000000100000001000000010000000100000001000000010000000100000001000000010000000100000001000000010000000100000001000000010000000100000001000000010000000100000001000000010000000100000001000000010000000100000001000000010000000100000001000000010000000100000001000000010000000100000001000000010000000100000001000000010000000100000001000000010000000100000001000000010000000100000001000000010000000100000001000000010000000100000001000000010000000100000001000000010000000100000001000000010000000100000001000000010000000100000001000000010000000100000001000000010000000100000001000000010000000100000001000000010000000100000001000000010000000100000001000000010000000100000001000000010000000100000001000000010000000100000001000000010000000100000001000000010000000100000001000000010000000100000001000000010000000100000001000000010000000100000001000000010000000100000001000000010000000100000001000000010000000100000001000000010000000100000001000000010000000100000001000000010000000100000001000000010000000100000001000000010000000100000001000000010000000100000001000000010000000100000001000000010000000100000001000000010000000100000001000000010000000100000001000000010000000100000001000000010000000100000001000000010000000100000001000000010000000100000001000000010000000100000001000000010000000100000001000000010000000100000001000000010000000100000001000000010000000100000001000000010000000100000001000000010000000100000001000000010000000100000001000000010000000100000001000000010000000100000001000000010000000100000001000000010000000100000001000000010000000100000001000000010000000100000001000000010000000100000001000000010000000100000001000000010000000100000001000000010000000100000001000000010000000100000001000000010000000100000001000000010000000100000001000000010000000100000001000000010000000100000001000000010000000100000001000000010000000100000001000000010000000100000001000000010000000100000001000000010000000100000001000000010000000100000001000000010000000100000001000000010000000100000001000000010000000100000001000000010000000100000001011110110000000100000001000000010000000100000001000000010000000100000001000000010000000100000001000000010000000100000001000000010000000100000001000000010000000100000001000000010000000100000001000000010000000100000001000000010000000100000001000000010000000100000001000000010000000100000001000000010000000100000001000000010000000100000001000000010000000100000001000000010000000100000001000000010000000100000001000000010000000100000001000000010000000100000001000000010000000100000001000000010000000100000001000000010000000100000001000000010000000100000001000000010000000100000001000000010000000100000001000000010000000100000001000000010000000100000001000000010000000100000001000000010000000100000001000000010000000100000001000000010000000100000001000000010000000100000001000000010000000100000001000000010000000100000001000000010000000100000001000000010000000100000001000000010000000100000001000000010000000100000001000000010000000100000001000000010000000100000001000000010000000100000001000000010000000100000001000000010000000100000001000000010000000100000001000000010000000100000001000000010000000100000001000000010000000100000001000000010000000100000001000000010000000100000001000000010000000100000001000000010000000100000001000000010000000100000001000000010000000100000001000000010000000100000001000000010000000100000001000000010000000100000001000000010000000100000001000000010000000100000001000000010000000100000001000000010000000100000001000000010000000100000001000000010000000100000001000000010000000100000001011101010000000100000001011100010000000100000001011111010000000100000001011111010000000100000001011101010000000100000001011100010000000100000001011111100000000100000001000000010000000100000001000000010000000100000001000000010000000100000001000000010000000100000001000000010000000100000001000000010000000100000001000000010000000100000001000000010000000100000001000000010000000100000001000000010000000100000001000000010000000100000001000000010000000100000001000000010000000100000001000000010000000100000001000000010000000100000001000000010000000100000001000000010000000100000001000000010000000100000001000000010000000100000001000000010000000100000001000000010000000100000001000000010000000100000001000000010000000100000001000000010000000100000001000000010000000100000001000000010000000100000001000000010000000100000001000000010000000100000001000000010000000100000001000000010000000100000001000000010000000100000001000000010000000100000001000000010000000100000001000000010000000100000001000000010000000100000001000000010000000100000001000000010000000100000001000000010000000100000001000000010000000100000001000000010000000100000001000000010000000100000001000000010000000100000001000000010000000100000001000000010000000100000001000000010000000100000001000000010000000100000001000000010000000100000001000000010000000100000001000000010000000100000001000000010000000100000001000000010000000100000001000000010000000100000001000000010000000100000001000000010000000100000001000000010000000100000001000000010000000100000001000000010000000100000001000000010000000100000001000000010000000100000001000000010000000100000001000000010000000100000001000000010000000100000001000000010000000100000001000000010000000100000001000000010000000100000001000000010000000100000001000000010000000100000001000000010000000100000001000000010000000100000001000000010000000100000001000000010000000100000001000000010000000100000001000000010000000100000001000000010000000100000001000000010000000100000001000000010000000100000001000000010000000100000001000000010000000100000001000000010000000100000001000000010000000100000001000000010000000100000001000000010000000100000001000000010000000100000001000000010000000100000001000000010000000100000001000000010000000100000001000000010000000100000001000000010000000100000001000000010000000100000001000000010000000100000001000000010000000100000001000000010000000100000001000000010000000100000001000000010000000100000001000000010000000100000001000000010000000100000001000000010000000100000001000000010000000100000001000000010000000100000001000000010000000100000001000000010000000100000001000000010000000100000001000000010000000100000001000000010000000100000001000000010000000100000001000000010000000100000001000000010000000100000001000000010000000100000001000000010000000100000001000000010000000100000001000000010000000100000001000000010000000100000001000000010000000100000001000000010000000100000001000000010000000100000001000000010000000100000001000000010000000100000001000000010000000100000001000000010000000100000001000000010000000100000001000000010000000100000001000000010000000100000001000000010000000100000001000000010000000100000001000000010000000100000001000000010000000101111110000000010000000100000001000000010000000100000001000000010000000100000001000000010000000101111011000000010000000100000001000000010000000100000001000000010000000100000001000000010000000100000001000000010000000100000001000000010000000100000001000000010000000100000001000000010000000100000001000000010000000100000001000000010000000100000001000000010000000100000001000000010000000100000001000000010000000100000001000000010000000100000001000000010000000100000001000000010000000100000001000000000000000100000001000000010000000100000001000000010000000100000001000000010000000100000001000000010000000100000001000000010000000100000001000000010000000100000001000000010000000100000001000000010000000100000001000000010000000100000001000000010000000100000001011011110000000100000001011100110000000100000001000000010000000100000001000000010000000100000001010110000000000100000001010101100000000100000001011011100000000100000001000000010000000100000001010111100000000100000001010101010000000100000001010111000000000100000001011010100000000100000001000000010000000100000001000000010000000100000001011100110000000100000001011110000000000100000001000000010000000100000001000000010000000100000001000000010000000100000001000000010000000100000001000000010000000100000001000000010000000100000001000000010000000100000001000000010000000100000001000000010000000100000001000000010000000100000001000000010000000100000001000000010000000100000001000000010000000100000001000000010000000100000001000000010000000100000001000000010000000100000001000000010000000100000001000000010000000100000001000000010000000100000001000000010000000100000001000000010000000100000001000000010000000100000001000000010000000100000001000000010000000100000001000000010000000100000001000000010000000100000001000000010000000100000001000000010000000100000001000000010000000100000001000000010000000100000001000000010000000100000001000000010000000100000001000000010000000100000001000000010000000100000001000000010000000100000001000000010000000100000001000000010000000100000001000000010000000100000001000000010000000100000001000000010000000100000001000000010000000100000001000000010000000100000001000000010000000100000001000000010000000100000001000000010000000100000001000000010000000100000001000000010000000100000001000000010000000100000001000000010000000100000001000000010000000100000001000000010000000100000001000000010000000100000001000000010000000100000001000000010000000100000001000000010000000100000001000000010000000100000001000000010000000100000001000000010000000100000001000000010000000100000001000000010000000100000001000000010000000100000001000000010000000100000001000000010000000100000001000000010000000100000001000000010000000100000001000000010000000100000001000000010000000100000001000000010000000100000001000000010000000100000001000000010000000100000001000000010000000100000001000000010000000100000001000000010000000100000001000000010000000100000001000000010000000100000001000000010000000100000001000000010000000100000001000000010000000100000001000000010000000100000001000000010000000100000001000000010000000100000001000000010000000100000001000000010000000100000001000000010000000100000001000000010000000100000001000000010000000100000001000000010000000100000001000000010000000100000001000000010000000100000001000000010000000100000001000000010000000100000001000000010000000100000001000000010000000100000001000000010000000100000001000000010000000100000001000000010000000100000001000000010000000100000001000000010000000100000001000000010000000100000001000000010000000100000001000000010000000100000001000000010000000100000001000000010000000100000001000000010000000100000001000000010000000100000001000000010000000100000001000000010000000100000001000000010000000100000001000000010000000100000001000000010000000100000001000000010000000100000001000000010000000100000001000000010000000100000001000000010000000100000001000000010000000100000001000000010000000100000001000000010000000100000001000000010000000100000001000000010000000100000001000000010000000100000001000000010000000100000001000000010000000100000001000000010000000100000001000000010000000100000001000000010000000100000001000000010000000100000001000000010000000100000001000000010000000100000001000000010000000100000001000000010000000100000001000000010000000100000001000000010000000100000001000000010000000100000001000000010000000100000001000000010000000100000001000000010000000100000001000000010000000100000001000000010000000100000001000000010000000100000001000000010000000100000001000000010000000100000001000000010000000100000001000000010000000100000001000000010000000100000001000000010000000100000001000000010000000100000001000000010000000100000001000000010000000100000001000000010000000100000001000000010000000100000001000000010000000100000001000000010000000100000001000000010000000100000001000000010000000100000001000000010000000100000001000000010000000100000001000000010000000100000001000000010000000100000001000000010000000100000001000000010000000100000001000000010000000100000001000000010000000100000001000000010000000100000001000000010000000100000001000000010000000100000001000000010000000100000001000000010000000100000001000000010000000100000001000000010000000100000001000000010000000100000001000000010000000100000001000000010000000100000001000000010000000100000001000000010000000100000001000000010000000100000001000000010000000100000001000000010000000100000001000000010000000100000001000000010000000100000001000000010000000100000001000000010000000100000001000000010000000100000001000000010000000100000001000000010000000100000001000000010000000100000001000000010000000100000001000000010000000100000001000000010000000100000001000000010000000100000001000000010000000100000001000000010000000100000001000000010000000100000001000000010000000100000001000000010000000100000001000000010000000100000001000000010000000100000001000000010000000100000001000000010000000100000001000000010000000100000001000000010000000100000001000000010000000100000001000000010000000100000001000000010000000100000001000000010000000100000001000000010000000100000001000000010000000100000001000000010000000100000001000000010000000100000001000000010000000100000001000000010000000100000001000000010000000100000001000000010000000100000001000000010000000100000001000000010000000100000001000000010000000100000001000000010000000100000001000000010000000100000001000000010000000100000001000000010000000100000001000000010000000100000001000000010000000100000001000000010000000100000001000000010000000100000001000000010000000100000001000000010000000100000001000000010000000100000001000000010000000100000001000000010000000100000001000000010000000100000001000000010000000100000001000000010000000100000001000000010000000100000001000000010000000100000001000000010000000100000001000000010000000100000001000000010000000100000001000000010000000100000001000000010000000100000001000000010000000100000001000000010000000100000001000000010000000100000001000000010000000100000001000000010000000100000001000000010000000100000001000000010000000100000001000000010000000100000001000000010000000100000001000000010000000100000001000000010000000100000001000000010000000100000001000000010000000100000001000000010000000100000001000000010000000100000001000000010000000100000001000000010000000100000001000000010000000100000001000000010000000100000001000000010000000100000001000000010000000100000001000000010000000100000001000000010000000100000001000000010000000100000001000000010000000100000001000000010000000100000001000000010000000100000001000000010000000100000001000000010000000100000001000000010000000100000001000000010000000100000001000000010000000100000001000000010000000100000001000000010000000100000001000000010000000100000001000000010000000100000001000000010000000100000001000000010000000100000001000000010000000100000001000000010000000100000001000000010000000100000001000000010000000100000001000000010000000100000001000000010000000100000001000000010000000100000001000000010000000100000001000000010000000100000001000000010000000100000001000000010000000100000001000000010000000100000001000000010000000100000001000000010000000100000001000000010000000100000001000000010000000100000001000000010000000100000001000000010000000100000001000000010000000100000001000000010000000100000001000000010000000100000001000000010000000100000001000000010000000100000001000000010000000100000001000000010000000100000001000000010000000100000001000000010000000100000001000000010000000100000001000000010000000100000001000000010000000100000001000000010000000100000001000000010000000100000001000000010000000100000001000000010000000100000001000000010000000100000001000000010000000100000001000000010000000100000001000000010000000100000001000000010000000100000001000000010000000100000001000000010000000100000001000000010000000100000001000000010000000100000001000000010000000100000001000000010000000100000001000000010000000100000001000000010000000100000001000000010000000100000001000000010000000100000001000000010000000100000001000000010000000100000001000000010000000100000001000000010000000100000001000000010000000100000001000000010000000100000001000000010000000100000001000000010000000100000001011101010000000100000001011100100000000100000001011011110000000100000001000000010000000100000001011111000000000100000001011010110000000100000001011101100000000100000001000000010000000100000001000000010000000100000001000000010000000100000001011111110000000100000001000000010000000100000001000000010000000100000001000000010000000100000001000000010000000100000001000000010000000100000001000000010000000100000001000000010000000100000001000000010000000100000001000000010000000100000001000000010000000100000001000000010000000000000001000000010000000100000001000000010000000100000001000000010000000100000001000000010000000100000001000000010000000100000001000000010000000100000001000000010000000100000001000000010000000100000001000000010000000100000001000000010000000100000001000000010110101100000001000000010111100000000001000000010000000100000001000000010000000100000001000000010101111100000001000000010101100000000001000000010110011100000001000000010000000100000001000000010101011100000001000000010101011100000001000000010101100100000001000000010110110000000001000000010000000100000001000000010000000100000001000000010111001000000001000000010111101100000001000000010000000100000001000000010000000100000001000000010000000100000001000000010000000100000001000000010000000100000001000000010000000100000001000000010000000100000001000000010000000100000001000000010000000100000001000000010000000100000001000000010000000100000001000000010000000100000001000000010000000100000001000000010000000100000001000000010000000100000001000000010000000100000001000000010000000100000001000000010000000100000001000000010000000100000001000000010000000100000001000000010000000100000001000000010000000100000001000000010000000100000001000000010000000100000001000000010000000100000001000000010000000100000001000000010000000100000001000000010000000100000001000000010000000100000001000000010000000100000001000000010000000100000001000000010000000100000001000000010000000100000001000000010000000100000001000000010000000100000001000000010000000100000001000000010000000100000001000000010000000100000001000000010000000100000001000000010000000100000001000000010000000100000001000000010000000100000001000000010000000100000001000000010000000100000001000000010000000100000001000000010000000100000001000000010000000100000001000000010000000100000001000000010000000100000001000000010000000100000001000000010000000100000001000000010000000100000001000000010000000100000001000000010000000100000001000000010000000100000001000000010000000100000001000000010000000100000001000000010000000100000001000000010000000100000001000000010000000100000001000000010000000100000001000000010000000100000001000000010000000100000001000000010000000100000001000000010000000100000001000000010000000100000001000000010000000100000001000000010000000100000001000000010000000100000001000000010000000100000001000000010000000100000001000000010000000100000001000000010000000100000001000000010000000100000001000000010000000100000001000000010000000100000001000000010000000100000001000000010000000100000001000000010000000100000001000000010000000100000001000000010000000100000001000000010000000100000001000000010000000100000001000000010000000100000001000000010000000100000001000000010000000100000001000000010000000100000001000000010000000100000001000000010000000100000001000000010000000100000001000000010000000100000001000000010000000100000001000000010000000100000001000000010000000100000001000000010000000100000001000000010000000100000001000000010000000100000001000000010000000100000001000000010000000100000001000000010000000100000001000000010000000100000001000000010000000100000001000000010000000100000001000000010000000100000001000000010000000100000001000000010000000100000001000000010000000100000001000000010000000100000001000000010000000100000001000000010000000100000001000000010000000100000001000000010000000100000001000000010000000100000001000000010000000100000001000000010000000100000001000000010000000100000001000000010000000100000001000000010000000100000001000000010000000100000001000000010000000100000001000000010000000100000001000000010000000100000001000000010000000100000001000000010000000100000001000000010000000100000001000000010000000100000001000000010000000100000001000000010000000100000001000000010000000100000001000000010000000100000001000000010000000100000001000000010000000100000001000000010000000100000001000000010000000100000001000000010000000100000001000000010000000100000001000000010000000100000001000000010000000100000001000000010000000100000001000000010000000100000001000000010000000100000001000000010000000100000001000000010000000100000001000000010000000100000001000000010000000100000001000000010000000100000001000000010000000100000001000000010000000100000001000000010000000100000001000000010000000100000001000000010000000100000001000000010000000100000001000000010000000100000001000000010000000100000001000000010000000100000001000000010000000100000001000000010000000100000001000000010000000100000001000000010000000100000001000000010000000100000001000000010000000100000001000000010000000100000001000000010000000100000001000000010000000100000001000000010000000100000001000000010000000100000001000000010000000100000001000000010000000100000001000000010000000100000001000000010000000100000001000000010000000100000001000000010000000100000001000000010000000100000001000000010000000100000001000000010000000100000001000000010000000100000001000000010000000100000001000000010000000100000001000000010000000100000001000000010000000100000001000000010000000100000001000000010000000100000001000000010000000100000001000000010000000100000001000000010000000100000001000000010000000100000001000000010000000100000001000000010000000100000001000000010000000100000001000000010000000100000001000000010000000100000001000000010000000100000001000000010000000100000001000000010000000100000001000000010000000100000001000000010000000100000001000000010000000100000001000000010000000100000001000000010000000100000001000000010000000100000001000000010000000100000001000000010000000100000001000000010000000100000001000000010000000100000001000000010000000100000001000000010000000100000001000000010000000100000001000000010000000100000001000000010000000100000001000000010000000100000001000000010000000100000001000000010000000100000001000000010000000100000001000000010000000100000001000000010000000100000001000000010000000100000001000000010000000100000001000000010000000100000001000000010000000100000001000000010000000100000001000000010000000100000001000000010000000100000001000000010000000100000001000000010000000100000001000000010000000100000001000000010000000100000001000000010000000100000001000000010000000100000001000000010000000100000001000000010000000100000001000000010000000100000001000000010000000100000001000000010000000100000001000000010000000100000001000000010000000100000001000000010000000100000001000000010000000100000001000000010000000100000001000000010000000100000001000000010000000100000001000000010000000100000001000000010000000100000001000000010000000100000001000000010000000100000001000000010000000100000001000000010000000100000001000000010000000100000001000000010000000100000001000000010000000100000001000000010000000100000001000000010000000100000001000000010000000100000001000000010000000100000001000000010000000100000001000000010000000100000001000000010000000100000001000000010000000100000001000000010000000100000001000000010000000100000001000000010000000100000001000000010000000100000001000000010000000100000001000000010000000100000001000000010000000100000001000000010000000100000001000000010000000100000001000000010000000100000001000000010000000100000001000000010000000100000001000000010000000100000001000000010000000100000001000000010000000100000001000000010000000100000001000000010000000100000001000000010000000100000001000000010000000100000001000000010000000100000001000000010000000100000001000000010000000100000001000000010000000100000001000000010000000100000001000000010000000100000001000000010000000100000001000000010000000100000001000000010000000100000001000000010000000100000001000000010000000100000001000000010000000100000001000000010000000100000001000000010000000100000001000000010000000100000001000000010000000100000001000000010000000100000001000000010000000100000001000000010000000100000001000000010000000100000001000000010000000100000001000000010000000100000001000000010000000100000001000000010000000100000001000000010000000100000001000000010000000100000001000000010000000100000001000000010000000100000001000000010000000100000001000000010000000100000001000000010000000100000001000000010000000100000001000000010000000100000001000000010000000100000001000000010000000100000001000000010000000100000001000000010000000100000001000000010000000100000001000000010000000100000001000000010000000100000001000000010000000100000001000000010000000100000001000000010000000100000001000000010000000100000001000000010000000100000001000000010000000100000001000000010000000100000001000000010000000100000001000000010000000100000001000000010000000100000001000000010000000100000001000000010000000100000001000000010000000100000001000000010000000100000001000000010000000100000001000000010000000100000001000000010000000100000001000000010111001000000001000000010111000100000001000000010111001000000001000000010000000100000001000000010111011000000001000000010111001000000001000000010111100100000001000000010000000100000001000000010000000100000001000000010000000100000001000000010111011000000001000000010000000100000001000000010000000100000001000000010000000100000001000000010000000100000001000000010000000100000001000000010000000100000001000000010000000100000001000000010000000100000001000000010000000100000001000000010000000100000001000000010000000100000000000000010000000100000001000000010000000100000001000000010000000100000001000000010000000100000001000000010000000100000001000000010000000100000001000000010000000100000001000000010000000100000001000000010000000100000001000000010000000100000001000000010000000100000001000000010000000100000001000000010000000100000001000000010000000100000001000000010000000101111101000000010000000101111011000000010000000100000001000000010000000100000001000000010000000100000001000000010000000101101101000000010000000101101110000000010000000100000001000000010000000100000001000000010000000100000001000000010000000100000001000000010000000100000001000000010000000100000001000000010000000100000001000000010000000100000001000000010000000100000001000000010000000100000001000000010000000100000001000000010000000100000001000000010000000100000001000000010000000100000001000000010000000100000001000000010000000100000001000000010000000100000001000000010000000100000001000000010000000100000001000000010000000100000001000000010000000100000001000000010000000100000001000000010000000100000001000000010000000100000001000000010000000100000001000000010000000100000001000000010000000100000001000000010000000100000001000000010000000100000001000000010000000100000001000000010000000100000001000000010000000100000001000000010000000100000001000000010000000100000001000000010000000100000001000000010000000100000001000000010000000100000001000000010000000100000001000000010000000100000001000000010000000100000001000000010000000100000001000000010000000100000001000000010000000100000001000000010000000100000001000000010000000100000001000000010000000100000001000000010000000100000001000000010000000100000001000000010000000100000001000000010000000100000001000000010000000100000001000000010000000100000001000000010000000100000001000000010000000100000001000000010000000100000001000000010000000100000001000000010000000100000001000000010000000100000001000000010000000100000001000000010000000100000001000000010000000100000001000000010000000100000001000000010000000100000001000000010000000100000001000000010000000100000001000000010000000100000001000000010000000100000001000000010000000100000001000000010000000100000001000000010000000100000001000000010000000100000001000000010000000100000001000000010000000100000001000000010000000100000001000000010000000100000001000000010000000100000001000000010000000100000001000000010000000100000001000000010000000100000001000000010000000100000001000000010000000100000001000000010000000100000001000000010000000100000001000000010000000100000001000000010000000100000001000000010000000100000001000000010000000100000001000000010000000100000001000000010000000100000001000000010000000100000001000000010000000100000001000000010000000100000001000000010000000100000001000000010000000100000001000000010000000100000001000000010000000100000001000000010000000100000001000000010000000100000001000000010000000100000001000000010000000100000001000000010000000100000001000000010000000100000001000000010000000100000001000000010000000100000001000000010000000100000001000000010000000100000001000000010000000100000001000000010000000100000001000000010000000100000001000000010000000100000001000000010000000100000001000000010000000100000001000000010000000100000001000000010000000100000001000000010000000100000001000000010000000100000001000000010000000100000001000000010000000100000001000000010000000100000001000000010000000100000001000000010000000100000001000000010000000100000001000000010000000100000001000000010000000100000001000000010000000100000001000000010000000100000001000000010000000100000001000000010000000100000001000000010000000100000001000000010000000100000001000000010000000100000001000000010000000100000001000000010000000100000001000000010000000100000001000000010000000100000001000000010000000100000001000000010000000100000001000000010000000100000001000000010000000100000001000000010000000100000001000000010000000100000001000000010000000100000001000000010000000100000001000000010000000100000001000000010000000100000001000000010000000100000001000000010000000100000001000000010000000100000001000000010000000100000001000000010000000100000001000000010000000100000001000000010000000100000001000000010000000100000001000000010000000100000001000000010000000100000001000000010000000100000001000000010000000100000001000000010000000100000001000000010000000100000001000000010000000100000001000000010000000100000001000000010000000100000001000000010000000100000001000000010000000100000001000000010000000100000001000000010000000100000001000000010000000100000001000000010000000100000001000000010000000100000001000000010000000100000001000000010000000100000001000000010000000100000001000000010000000100000001000000010000000100000001000000010000000100000001000000010000000100000001000000010000000100000001000000010000000100000001000000010000000100000001000000010000000100000001000000010000000100000001000000010000000100000001000000010000000100000001000000010000000100000001000000010000000100000001000000010000000100000001000000010000000100000001000000010000000100000001000000010000000100000001000000010000000100000001000000010000000100000001000000010000000100000001000000010000000100000001000000010000000100000001000000010000000100000001000000010000000100000001000000010000000100000001000000010000000100000001000000010000000100000001000000010000000100000001000000010000000100000001000000010000000100000001000000010000000100000001000000010000000100000001000000010000000100000001000000010000000100000001000000010000000100000001000000010000000100000001000000010000000100000001000000010000000100000001000000010000000100000001000000010000000100000001000000010000000100000001000000010000000100000001000000010000000100000001000000010000000100000001000000010000000100000001000000010000000100000001000000010000000100000001000000010000000100000001000000010000000100000001000000010000000100000001000000010000000100000001000000010000000100000001000000010000000100000001000000010000000100000001000000010000000100000001000000010000000100000001000000010000000100000001000000010000000100000001000000010000000100000001000000010000000100000001000000010000000100000001000000010000000100000001000000010000000100000001000000010000000100000001000000010000000100000001000000010000000100000001000000010000000100000001000000010000000100000001000000010000000100000001000000010000000100000001000000010000000100000001000000010000000100000001000000010000000100000001000000010000000100000001000000010000000100000001000000010000000100000001000000010000000100000001000000010000000100000001000000010000000100000001000000010000000100000001000000010000000100000001000000010000000100000001000000010000000100000001000000010000000100000001000000010000000100000001000000010000000100000001000000010000000100000001000000010000000100000001000000010000000100000001000000010000000100000001000000010000000100000001000000010000000100000001000000010000000100000001000000010000000100000001000000010000000100000001000000010000000100000001000000010000000100000001000000010000000100000001000000010000000100000001000000010000000100000001000000010000000100000001000000010000000100000001000000010000000100000001000000010000000100000001000000010000000100000001000000010000000100000001000000010000000100000001000000010000000100000001000000010000000100000001000000010000000100000001000000010000000100000001000000010000000100000001000000010000000100000001000000010000000100000001000000010000000100000001000000010000000100000001000000010000000100000001000000010000000100000001000000010000000100000001000000010000000100000001000000010000000100000001000000010000000100000001000000010000000100000001000000010000000100000001000000010000000100000001000000010000000100000001000000010000000100000001000000010000000100000001000000010000000100000001000000010000000100000001000000010000000100000001000000010000000100000001000000010000000100000001000000010000000100000001000000010000000100000001000000010000000100000001000000010000000100000001000000010000000100000001000000010000000100000001000000010000000100000001000000010000000100000001000000010000000100000001000000010000000100000001000000010000000100000001000000010000000100000001000000010000000100000001000000010000000100000001000000010000000100000001000000010000000100000001000000010000000100000001000000010000000100000001000000010000000100000001000000010000000100000001000000010000000100000001000000010000000100000001000000010000000100000001000000010000000100000001000000010000000100000001000000010000000100000001000000010000000100000001000000010000000100000001000000010000000100000001000000010000000100000001000000010000000100000001000000010000000100000001000000010000000100000001000000010000000100000001000000010000000101111111000000010000000100000001000000010000000100000001000000010000000100000001000000010000000100000001000000010000000101111110000000010000000100000001000000010000000100000001000000010000000100000001000000010000000100000001000000010000000100000001000000010000000100000001000000010000000100000001000000010000000100000001000000010000000100000001000000010000000100000001000000010000000100000001000000010000000100000001000000010000000100000001000000010000000100000001000000010000000100000001000000000000000100000001000000010000000100000001000000010000000100000001000000010000000100000001000000010000000100000001000000010000000100000001000000010000000100000001000000010000000100000001000000010000000100000001000000010000000100000001000000010000000100000001000000010000000100000001000000010000000100000001000000010000000100000001000000010000000100000001000000010000000100000001000000010000000100000001000000010000000100000001000000010000000100000001000000010000000100000001000000010000000100000001000000010000000100000001000000010000000100000001000000010000000100000001000000010000000100000001000000010000000100000001000000010000000100000001000000010000000100000001000000010000000100000001000000010000000100000001000000010000000100000001000000010000000100000001000000010000000100000001000000010000000100000001000000010000000100000001000000010000000100000001000000010000000100000001000000010000000100000001000000010000000100000001000000010000000100000001000000010000000100000001000000010000000100000001000000010000000100000001000000010000000100000001000000010000000100000001000000010000000100000001000000010000000100000001000000010000000100000001000000010000000100000001000000010000000100000001000000010000000100000001000000010000000100000001000000010000000100000001000000010000000100000001000000010000000100000001000000010000000100000001000000010000000100000001000000010000000100000001000000010000000100000001000000010000000100000001000000010000000100000001000000010000000100000001000000010000000100000001000000010000000100000001000000010000000100000001000000010000000100000001000000010000000100000001000000010000000100000001000000010000000100000001000000010000000100000001000000010000000100000001000000010000000100000001000000010000000100000001000000010000000100000001000000010000000100000001000000010000000100000001000000010000000100000001000000010000000100000001000000010000000100000001000000010000000100000001000000010000000100000001000000010000000100000001000000010000000100000001000000010000000100000001000000010000000100000001000000010000000100000001000000010000000100000001000000010000000100000001000000010000000100000001000000010000000100000001000000010000000100000001000000010000000100000001000000010000000100000001000000010000000100000001000000010000000100000001000000010000000100000001000000010000000100000001000000010000000100000001000000010000000100000001000000010000000100000001000000010000000100000001000000010000000100000001000000010000000100000001000000010000000100000001000000010000000100000001000000010000000100000001000000010000000100000001000000010000000100000001000000010000000100000001000000010000000100000001000000010000000100000001000000010000000100000001000000010000000100000001000000010000000100000001000000010000000100000001000000010000000100000001000000010000000100000001000000010000000100000001000000010000000100000001000000010000000100000001000000010000000100000001000000010000000100000001000000010000000100000001000000010000000100000001000000010000000100000001000000010000000100000001000000010000000100000001000000010000000100000001000000010000000100000001000000010000000100000001000000010000000100000001000000010000000100000001000000010000000100000001000000010000000100000001000000010000000100000001000000010000000100000001000000010000000100000001000000010000000100000001000000010000000100000001000000010000000100000001000000010000000100000001000000010000000100000001000000010000000100000001000000010000000100000001000000010000000100000001000000010000000100000001000000010000000100000001000000010000000100000001000000010000000100000001000000010000000100000001000000010000000100000001000000010000000100000001000000010000000100000001000000010000000100000001000000010000000100000001000000010000000100000001000000010000000100000001000000010000000100000001000000010000000100000001000000010000000100000001000000010000000100000001000000010000000100000001000000010000000100000001000000010000000100000001000000010000000100000001000000010000000100000001000000010000000100000001000000010000000100000001000000010000000100000001000000010000000100000001000000010000000100000001000000010000000100000001000000010000000100000001000000010000000100000001000000010000000100000001000000010000000100000001000000010000000100000001000000010000000100000001000000010000000100000001000000010000000100000001000000010000000100000001000000010000000100000001000000010000000100000001000000010000000100000001000000010000000100000001000000010000000100000001000000010000000100000001000000010000000100000001000000010000000100000001000000010000000100000001000000010000000100000001000000010000000100000001000000010000000100000001000000010000000100000001000000010000000100000001000000010000000100000001000000010000000100000001000000010000000100000001000000010000000100000001000000010000000100000001000000010000000100000001000000010000000100000001000000010000000100000001000000010000000100000001000000010000000100000001000000010000000100000001000000010000000100000001000000010000000100000001000000010000000100000001000000010000000100000001000000010000000100000001000000010000000100000001000000010000000100000001000000010000000100000001000000010000000100000001000000010000000100000001000000010000000100000001000000010000000100000001000000010000000100000001000000010000000100000001000000010000000100000001000000010000000100000001000000010000000100000001000000010000000100000001000000010000000100000001000000010000000100000001000000010000000100000001000000010000000100000001000000010000000100000001000000010000000100000001000000010000000100000001000000010000000100000001000000010000000100000001000000010000000100000001000000010000000100000001000000010000000100000001000000010000000100000001000000010000000100000001000000010000000100000001000000010000000100000001000000010000000100000001000000010000000100000001000000010000000100000001000000010000000100000001000000010000000100000001000000010000000100000001000000010000000100000001000000010000000100000001000000010000000100000001000000010000000100000001000000010000000100000001000000010000000100000001000000010000000100000001000000010000000100000001000000010000000100000001000000010000000100000001000000010000000100000001000000010000000100000001000000010000000100000001000000010000000100000001000000010000000100000001000000010000000100000001000000010000000100000001000000010000000100000001000000010000000100000001000000010000000100000001000000010000000100000001000000010000000100000001000000010000000100000001000000010000000100000001000000010000000100000001000000010000000100000001000000010000000100000001000000010000000100000001000000010000000100000001000000010000000100000001000000010000000100000001000000010000000100000001000000010000000100000001000000010000000100000001000000010000000100000001000000010000000100000001000000010000000100000001000000010000000100000001000000010000000100000001000000010000000100000001000000010000000100000001000000010000000100000001000000010000000100000001000000010000000100000001000000010000000100000001000000010000000100000001000000010000000100000001000000010000000100000001000000010000000100000001000000010000000100000001000000010000000100000001000000010000000100000001000000010000000100000001000000010000000100000001000000010000000100000001000000010000000100000001000000010000000100000001000000010000000100000001000000010000000100000001000000010000000100000001000000010000000100000001000000010000000100000001000000010000000100000001000000010000000100000001000000010000000100000001000000010000000100000001000000010000000100000001000000010000000100000001000000010000000100000001000000010000000100000001000000010000000100000001000000010000000100000001000000010000000100000001000000010000000100000001000000010000000100000001000000010000000100000001000000010000000100000001000000010000000100000001000000010000000100000001000000010000000100000001000000010000000100000001000000010000000100000001000000010000000100000001000000010000000100000001000000010000000100000001000000010000000100000001000000010000000100000001000000010000000100000001000000010000000100000001000000010000000100000001000000010000000100000001000000010000000100000001000000010000000100000001000000010000000100000001000000010000000100000001000000010000000100000001000000010000000100000001000000010000000100000001000000010000000100000001000000010000000100000001000000010000000100000001000000010000000100000001000000010000000100000001000000010000000100000001000000010000000100000001000000010000000100000001000000010000000100000001000000010000000100000001000000010000000100000001000000010000000100000001000000010000000100000001000000010000000100000001000000010000000100000001000000010000000100000001000000010000000100000001000000010000000100000001000000010000000100000001000000010000000100000001000000010000000100000001000000010000000100000001000000010000000100000001000000010000000100000001000000010000000100000001000000010000000100000001000000010000000100000001000000010000000100000001000000010000000100000001000000010000000100000001000000010000000100000001000000010000000100000001000000010000000100000001000000010000000100000001000000010000000100000001000000010000000100000001000000010000000100000001000000010000000000000001000000010000000100000001000000010000000100000001000000010000000100000001000000010000000100000001000000010000000100000001000000010000000100000001000000010000000100000001000000010000000100000001000000010000000100000001000000010000000100000001000000010000000100000001000000010000000100000001000000010000000100000001000000010000000100000001000000010110111000000001000000010110111000000001000000010000000100000001000000010000000100000001000000010111110000000001000000010110011000000001000000010111000100000001000000010000000100000001000000010000000100000001000000010000000100000001000000010111110000000001000000010000000100000001000000010000000100000001000000010000000100000001000000010000000100000001000000010000000100000001000000010000000100000001000000010000000100000001000000010000000100000001000000010000000100000001000000010000000100000001000000010000000100000001000000010000000100000001000000010000000100000001000000010000000100000001000000010000000100000001000000010000000100000001000000010000000100000001000000010000000100000001000000010000000100000001000000010000000100000001000000010000000100000001000000010000000100000001000000010000000100000001000000010000000100000001000000010000000100000001000000010000000100000001000000010000000100000001000000010000000100000001000000010000000100000001000000010000000100000001000000010000000100000001000000010000000100000001000000010000000100000001000000010000000100000001000000010000000100000001000000010000000100000001000000010000000100000001000000010000000100000001000000010000000100000001000000010000000100000001000000010000000100000001000000010000000100000001000000010000000100000001000000010000000100000001000000010000000100000001000000010000000100000001000000010000000100000001000000010000000100000001000000010000000100000001000000010000000100000001000000010000000100000001000000010000000100000001000000010000000100000001000000010000000100000001000000010000000100000001000000010000000100000001000000010000000100000001000000010000000100000001000000010000000100000001000000010000000100000001000000010000000100000001000000010000000100000001000000010000000100000001000000010000000100000001000000010000000100000001000000010000000100000001000000010000000100000001000000010000000100000001000000010000000100000001000000010000000100000001000000010000000100000001000000010000000100000001000000010000000100000001000000010000000100000001000000010000000100000001000000010000000100000001000000010000000100000001000000010000000100000001000000010000000100000001000000010000000100000001000000010000000100000001000000010000000100000001000000010000000100000001000000010000000100000001000000010000000100000001000000010000000100000001000000010000000100000001000000010000000100000001000000010000000100000001000000010000000100000001000000010000000100000001000000010000000100000001000000010000000100000001000000010000000100000001000000010000000100000001000000010000000100000001000000010000000100000001000000010000000100000001000000010000000100000001000000010000000100000001000000010000000100000001000000010000000100000001000000010000000100000001000000010000000100000001000000010000000100000001000000010000000100000001000000010000000100000001000000010000000100000001000000010000000100000001000000010000000100000001000000010000000100000001000000010000000100000001000000010000000100000001000000010000000100000001000000010000000100000001000000010000000100000001000000010000000100000001000000010000000100000001000000010000000100000001000000010000000100000001000000010000000100000001000000010000000100000001000000010000000100000001000000010000000100000001000000010000000100000001000000010000000100000001000000010000000100000001000000010000000100000001000000010000000100000001000000010000000100000001000000010000000100000001000000010000000100000001000000010000000100000001000000010000000100000001000000010000000100000001000000010000000100000001000000010000000100000001000000010000000100000001000000010000000100000001000000010000000100000001000000010000000100000001000000010000000100000001000000010000000100000001000000010000000100000001000000010000000100000001000000010000000100000001000000010000000100000001000000010000000100000001000000010000000100000001000000010000000100000001000000010000000100000001000000010000000100000001000000010000000100000001000000010000000100000001000000010000000100000001000000010000000100000001000000010000000100000001000000010000000100000001000000010000000100000001000000010000000100000001000000010000000100000001000000010000000100000001000000010000000100000001000000010000000100000001000000010000000100000001000000010000000100000001000000010000000100000001000000010000000100000001000000010000000100000001000000010000000100000001000000010000000100000001000000010000000100000001000000010000000100000001000000010000000100000001000000010000000100000001000000010000000100000001000000010000000100000001000000010000000100000001000000010000000100000001000000010000000100000001000000010000000100000001000000010000000100000001000000010000000100000001000000010000000100000001000000010000000100000001000000010000000100000001000000010000000100000001000000010000000100000001000000010000000100000001000000010000000100000001000000010000000100000001000000010000000100000001000000010000000100000001000000010000000100000001000000010000000100000001000000010000000100000001000000010000000100000001000000010000000100000001000000010000000100000001000000010000000100000001000000010000000100000001000000010000000100000001000000010000000100000001000000010000000100000001000000010000000100000001000000010000000100000001000000010000000100000001000000010000000100000001000000010000000100000001000000010000000100000001000000010000000100000001000000010000000100000001000000010000000100000001000000010000000100000001000000010000000100000001000000010000000100000001000000010000000100000001000000010000000100000001000000010000000100000001000000010000000100000001000000010000000100000001000000010000000100000001000000010000000100000001000000010000000100000001000000010000000100000001000000010000000100000001000000010000000100000001000000010000000100000001000000010000000100000001000000010000000100000001000000010000000100000001000000010000000100000001000000010000000100000001000000010000000100000001000000010000000100000001000000010000000100000001000000010000000100000001000000010000000100000001000000010000000100000001000000010000000100000001000000010000000100000001000000010000000100000001000000010000000100000001000000010000000100000001000000010000000100000001000000010000000100000001000000010000000100000001000000010000000100000001000000010000000100000001000000010000000100000001000000010000000100000001000000010000000100000001000000010000000100000001000000010000000100000001000000010000000100000001000000010000000100000001000000010000000100000001000000010000000100000001000000010000000100000001000000010000000100000001000000010000000100000001000000010000000100000001000000010000000100000001000000010000000100000001000000010000000100000001000000010000000100000001000000010000000100000001000000010000000100000001000000010000000100000001000000010000000100000001000000010000000100000001000000010000000100000001000000010000000100000001000000010000000100000001000000010000000100000001000000010000000100000001000000010000000100000001000000010000000100000001000000010000000100000001000000010000000100000001000000010000000100000001000000010000000100000001000000010000000100000001000000010000000100000001000000010000000100000001000000010000000100000001000000010000000100000001000000010000000100000001000000010000000100000001000000010000000100000001000000010000000100000001000000010000000100000001000000010000000100000001000000010000000100000001000000010000000100000001000000010000000100000001000000010000000100000001000000010000000100000001000000010000000100000001000000010000000100000001000000010000000100000001000000010000000100000001000000010000000100000001000000010000000100000001000000010000000100000001000000010000000100000001000000010000000100000001000000010000000100000001000000010000000100000001000000010000000100000001000000010000000100000001000000010000000100000001000000010000000100000001000000010000000100000001000000010000000100000001000000010000000100000001000000010000000100000001000000010000000100000001000000010000000100000001000000010000000100000001000000010000000100000001000000010000000100000001000000010000000100000001000000010000000100000001000000010000000100000001000000010000000100000001000000010000000100000001000000010000000100000001000000010000000100000001000000010000000100000001000000010000000100000001000000010000000100000001000000010000000100000001000000010000000100000001000000010111010100000001000000010111011000000001000000010000000100000001000000010000000100000001000000010000000100000001000000010111100000000001000000010111110000000001000000010000000100000001000000010000000100000001000000010000000100000001000000010000000100000001000000010000000100000001000000010000000100000001000000010000000100000001000000010000000100000001000000010000000100000001000000010000000100000001000000010000000100000001000000010000000100000001000000010000000100000001000000010000000100000001000000010000000100000000000000010000000100000001000000010000000100000001000000010000000100000001000000010000000100000001000000010000000100000001000000010000000100000001000000010000000100000001000000010000000100000001000000010000000100000001000000010000000100000001000000010000000101110011000000010000000101110111000000010000000100000001000000010000000100000001000000010000000101100001000000010000000101011111000000010000000101110100000000010000000100000001000000010000000101100010000000010000000101011110000000010000000101100101000000010000000101101100000000010000000100000001000000010000000100000001000000010000000101110100000000010000000100000001000000010000000100000001000000010000000100000001000000010000000100000001000000010000000100000001000000010000000100000001000000010000000100000001000000010000000100000001000000010000000100000001000000010000000100000001000000010000000100000001000000010000000100000001000000010000000100000001000000010000000100000001000000010000000100000001000000010000000100000001000000010000000100000001000000010000000100000001000000010000000100000001000000010000000100000001000000010000000100000001000000010000000100000001000000010000000100000001000000010000000100000001000000010000000100000001000000010000000100000001000000010000000100000001000000010000000100000001000000010000000100000001000000010000000100000001000000010000000100000001000000010000000100000001000000010000000100000001000000010000000100000001000000010000000100000001000000010000000100000001000000010000000100000001000000010000000100000001000000010000000100000001000000010000000100000001000000010000000100000001000000010000000100000001000000010000000100000001000000010000000100000001000000010000000100000001000000010000000100000001000000010000000100000001000000010000000100000001000000010000000100000001000000010000000100000001000000010000000100000001000000010000000100000001000000010000000100000001000000010000000100000001000000010000000100000001000000010000000100000001000000010000000100000001000000010000000100000001000000010000000100000001000000010000000100000001000000010000000100000001000000010000000100000001000000010000000100000001000000010000000100000001000000010000000100000001000000010000000100000001000000010000000100000001000000010000000100000001000000010000000100000001000000010000000100000001000000010000000100000001000000010000000100000001000000010000000100000001000000010000000100000001000000010000000100000001000000010000000100000001000000010000000100000001000000010000000100000001000000010000000100000001000000010000000100000001000000010000000100000001000000010000000100000001000000010000000100000001000000010000000100000001000000010000000100000001000000010000000100000001000000010000000100000001000000010000000100000001000000010000000100000001000000010000000100000001000000010000000100000001000000010000000100000001000000010000000100000001000000010000000100000001000000010000000100000001000000010000000100000001000000010000000100000001000000010000000100000001000000010000000100000001000000010000000100000001000000010000000100000001000000010000000100000001000000010000000100000001000000010000000100000001000000010000000100000001000000010000000100000001000000010000000100000001000000010000000100000001000000010000000100000001000000010000000100000001000000010000000100000001000000010000000100000001000000010000000100000001000000010000000100000001000000010000000100000001000000010000000100000001000000010000000100000001000000010000000100000001000000010000000100000001000000010000000100000001000000010000000100000001000000010000000100000001000000010000000100000001000000010000000100000001000000010000000100000001000000010000000100000001000000010000000100000001000000010000000100000001000000010000000100000001000000010000000100000001000000010000000100000001000000010000000100000001000000010000000100000001000000010000000100000001000000010000000100000001000000010000000100000001000000010000000100000001000000010000000100000001000000010000000100000001000000010000000100000001000000010000000100000001000000010000000100000001000000010000000100000001000000010000000100000001000000010000000100000001000000010000000100000001000000010000000100000001000000010000000100000001000000010000000100000001000000010000000100000001000000010000000100000001000000010000000100000001000000010000000100000001000000010000000100000001000000010000000100000001000000010000000100000001000000010000000100000001000000010000000100000001000000010000000100000001000000010000000100000001000000010000000100000001000000010000000100000001000000010000000100000001000000010000000100000001000000010000000100000001000000010000000100000001000000010000000100000001000000010000000100000001000000010000000100000001000000010000000100000001000000010000000100000001000000010000000100000001000000010000000100000001000000010000000100000001000000010000000100000001000000010000000100000001000000010000000100000001000000010000000100000001000000010000000100000001000000010000000100000001000000010000000100000001000000010000000100000001000000010000000100000001000000010000000100000001000000010000000100000001000000010000000100000001000000010000000100000001000000010000000100000001000000010000000100000001000000010000000100000001000000010000000100000001000000010000000100000001000000010000000100000001000000010000000100000001000000010000000100000001000000010000000100000001000000010000000100000001000000010000000100000001000000010000000100000001000000010000000100000001000000010000000100000001000000010000000100000001000000010000000100000001000000010000000100000001000000010000000100000001000000010000000100000001000000010000000100000001000000010000000100000001000000010000000100000001000000010000000100000001000000010000000100000001000000010000000100000001000000010000000100000001000000010000000100000001000000010000000100000001000000010000000100000001000000010000000100000001000000010000000100000001000000010000000100000001000000010000000100000001000000010000000100000001000000010000000100000001000000010000000100000001000000010000000100000001000000010000000100000001000000010000000100000001000000010000000100000001000000010000000100000001000000010000000100000001000000010000000100000001000000010000000100000001000000010000000100000001000000010000000100000001000000010000000100000001000000010000000100000001000000010000000100000001000000010000000100000001000000010000000100000001000000010000000100000001000000010000000100000001000000010000000100000001000000010000000100000001000000010000000100000001000000010000000100000001000000010000000100000001000000010000000100000001000000010000000100000001000000010000000100000001000000010000000100000001000000010000000100000001000000010000000100000001000000010000000100000001000000010000000100000001000000010000000100000001000000010000000100000001000000010000000100000001000000010000000100000001000000010000000100000001000000010000000100000001000000010000000100000001000000010000000100000001000000010000000100000001000000010000000100000001000000010000000100000001000000010000000100000001000000010000000100000001000000010000000100000001000000010000000100000001000000010000000100000001000000010000000100000001000000010000000100000001000000010000000100000001000000010000000100000001000000010000000100000001000000010000000100000001000000010000000100000001000000010000000100000001000000010000000100000001000000010000000100000001000000010000000100000001000000010000000100000001000000010000000100000001000000010000000100000001000000010000000100000001000000010000000100000001000000010000000100000001000000010000000100000001000000010000000100000001000000010000000100000001000000010000000100000001000000010000000100000001000000010000000100000001000000010000000100000001000000010000000100000001000000010000000100000001000000010000000100000001000000010000000100000001000000010000000100000001000000010000000100000001000000010000000100000001000000010000000100000001000000010000000100000001000000010000000100000001000000010000000100000001000000010000000100000001000000010000000100000001000000010000000100000001000000010000000100000001000000010000000100000001000000010000000100000001000000010000000100000001000000010000000100000001000000010000000100000001000000010000000100000001000000010000000100000001000000010000000100000001000000010000000100000001000000010000000100000001000000010000000100000001000000010000000100000001000000010000000100000001000000010000000100000001000000010000000100000001000000010000000100000001000000010000000100000001000000010000000100000001000000010000000100000001000000010000000100000001000000010000000100000001000000010000000100000001000000010000000100000001000000010000000100000001000000010000000100000001000000010000000101111110000000010000000101101110000000010000000101011111000000010000000101110001000000010000000101111110000000010000000101101101000000010000000101101001000000010000000101101011000000010000000100000001000000010000000100000001000000010000000100000001000000010000000101111000000000010000000101111101000000010000000100000001000000010000000100000001000000010000000100000001000000010000000100000001000000010000000100000001000000010000000100000001000000010000000100000001000000010000000100000001000000010000000100000001000000010000000100000001000000000000000100000001000000010000000100000001000000010000000100000001000000010000000100000001000000010000000100000001000000010000000100000001000000010000000100000001000000010000000100000001000000010000000100000001000000010000000100000001000000010000000100000001011100110000000100000001000000010000000100000001000000010000000100000001000000010000000100000001010110100000000100000001010110100000000100000001011101000000000100000001000000010000000100000001011010000000000100000001010110010000000100000001010111010000000100000001011110010000000100000001000000010000000100000001000000010000000100000001011011110000000100000001011110010000000100000001000000010000000100000001000000010000000100000001000000010000000100000001000000010000000100000001000000010000000100000001000000010000000100000001000000010000000100000001000000010000000100000001000000010000000100000001000000010000000100000001000000010000000100000001000000010000000100000001000000010000000100000001000000010000000100000001000000010000000100000001000000010000000100000001000000010000000100000001000000010000000100000001000000010000000100000001000000010000000100000001000000010000000100000001000000010000000100000001000000010000000100000001000000010000000100000001000000010000000100000001000000010000000100000001000000010000000100000001000000010000000100000001000000010000000100000001000000010000000100000001000000010000000100000001000000010000000100000001000000010000000100000001000000010000000100000001000000010000000100000001000000010000000100000001000000010000000100000001000000010000000100000001000000010000000100000001000000010000000100000001000000010000000100000001000000010000000100000001000000010000000100000001000000010000000100000001000000010000000100000001000000010000000100000001000000010000000100000001000000010000000100000001000000010000000100000001000000010000000100000001000000010000000100000001000000010000000100000001000000010000000100000001000000010000000100000001000000010000000100000001000000010000000100000001000000010000000100000001000000010000000100000001000000010000000100000001000000010000000100000001000000010000000100000001000000010000000100000001000000010000000100000001000000010000000100000001000000010000000100000001000000010000000100000001000000010000000100000001000000010000000100000001000000010000000100000001000000010000000100000001000000010000000100000001000000010000000100000001000000010000000100000001000000010000000100000001000000010000000100000001000000010000000100000001000000010000000100000001000000010000000100000001000000010000000100000001000000010000000100000001000000010000000100000001000000010000000100000001000000010000000100000001000000010000000100000001000000010000000100000001000000010000000100000001000000010000000100000001000000010000000100000001000000010000000100000001000000010000000100000001000000010000000100000001000000010000000100000001000000010000000100000001000000010000000100000001000000010000000100000001000000010000000100000001000000010000000100000001000000010000000100000001000000010000000100000001000000010000000100000001000000010000000100000001000000010000000100000001000000010000000100000001000000010000000100000001000000010000000100000001000000010000000100000001000000010000000100000001000000010000000100000001000000010000000100000001000000010000000100000001000000010000000100000001000000010000000100000001000000010000000100000001000000010000000100000001000000010000000100000001000000010000000100000001000000010000000100000001000000010000000100000001000000010000000100000001000000010000000100000001000000010000000100000001000000010000000100000001000000010000000100000001000000010000000100000001000000010000000100000001000000010000000100000001000000010000000100000001000000010000000100000001000000010000000100000001000000010000000100000001000000010000000100000001000000010000000100000001000000010000000100000001000000010000000100000001000000010000000100000001000000010000000100000001000000010000000100000001000000010000000100000001000000010000000100000001000000010000000100000001000000010000000100000001000000010000000100000001000000010000000100000001000000010000000100000001000000010000000100000001000000010000000100000001000000010000000100000001000000010000000100000001000000010000000100000001000000010000000100000001000000010000000100000001000000010000000100000001000000010000000100000001000000010000000100000001000000010000000100000001000000010000000100000001000000010000000100000001000000010000000100000001000000010000000100000001000000010000000100000001000000010000000100000001000000010000000100000001000000010000000100000001000000010000000100000001000000010000000100000001000000010000000100000001000000010000000100000001000000010000000100000001000000010000000100000001000000010000000100000001000000010000000100000001000000010000000100000001000000010000000100000001000000010000000100000001000000010000000100000001000000010000000100000001000000010000000100000001000000010000000100000001000000010000000100000001000000010000000100000001000000010000000100000001000000010000000100000001000000010000000100000001000000010000000100000001000000010000000100000001000000010000000100000001000000010000000100000001000000010000000100000001000000010000000100000001000000010000000100000001000000010000000100000001000000010000000100000001000000010000000100000001000000010000000100000001000000010000000100000001000000010000000100000001000000010000000100000001000000010000000100000001000000010000000100000001000000010000000100000001000000010000000100000001000000010000000100000001000000010000000100000001000000010000000100000001000000010000000100000001000000010000000100000001000000010000000100000001000000010000000100000001000000010000000100000001000000010000000100000001000000010000000100000001000000010000000100000001000000010000000100000001000000010000000100000001000000010000000100000001000000010000000100000001000000010000000100000001000000010000000100000001000000010000000100000001000000010000000100000001000000010000000100000001000000010000000100000001000000010000000100000001000000010000000100000001000000010000000100000001000000010000000100000001000000010000000100000001000000010000000100000001000000010000000100000001000000010000000100000001000000010000000100000001000000010000000100000001000000010000000100000001000000010000000100000001000000010000000100000001000000010000000100000001000000010000000100000001000000010000000100000001000000010000000100000001000000010000000100000001000000010000000100000001000000010000000100000001000000010000000100000001000000010000000100000001000000010000000100000001000000010000000100000001000000010000000100000001000000010000000100000001000000010000000100000001000000010000000100000001000000010000000100000001000000010000000100000001000000010000000100000001000000010000000100000001000000010000000100000001000000010000000100000001000000010000000100000001000000010000000100000001000000010000000100000001000000010000000100000001000000010000000100000001000000010000000100000001000000010000000100000001000000010000000100000001000000010000000100000001000000010000000100000001000000010000000100000001000000010000000100000001000000010000000100000001000000010000000100000001000000010000000100000001000000010000000100000001000000010000000100000001000000010000000100000001000000010000000100000001000000010000000100000001000000010000000100000001000000010000000100000001000000010000000100000001000000010000000100000001000000010000000100000001000000010000000100000001000000010000000100000001000000010000000100000001000000010000000100000001000000010000000100000001000000010000000100000001000000010000000100000001000000010000000100000001000000010000000100000001000000010000000100000001000000010000000100000001000000010000000100000001000000010000000100000001000000010000000100000001000000010000000100000001000000010000000100000001000000010000000100000001000000010000000100000001000000010000000100000001000000010000000100000001000000010000000100000001000000010000000100000001000000010000000100000001000000010000000100000001000000010000000100000001000000010000000100000001000000010000000100000001000000010000000100000001000000010000000100000001000000010000000100000001000000010000000100000001000000010000000100000001000000010000000100000001000000010000000100000001000000010000000100000001000000010000000100000001000000010000000100000001000000010000000100000001000000010000000100000001000000010000000100000001000000010000000100000001000000010000000100000001000000010000000100000001000000010000000100000001000000010000000100000001000000010000000100000001000000010000000100000001000000010000000100000001000000010000000100000001000000010000000100000001000000010000000100000001011101110000000100000001011001110000000100000001011001010000000100000001011000000000000100000001000000010000000100000001011011000000000100000001010111110000000100000001011100010000000100000001000000010000000100000001000000010000000100000001000000010000000100000001011100110000000100000001011111000000000100000001000000010000000100000001000000010000000100000001000000010000000100000001000000010000000100000001000000010000000100000001000000010000000100000001000000010000000100000001000000010000000100000001000000010000000100000001000000010000000000000001000000010000000100000001000000010000000100000001000000010000000100000001000000010000000100000001000000010000000100000001000000010000000100000001000000010000000100000001000000010000000100000001000000010000000100000001000000010000000100000001000000010000000100000001000000010000000100000001000000010000000100000001000000010000000100000001000000010111100000000001000000010110111000000001000000010000000100000001000000010000000100000001000000010111101100000001000000010110010000000001000000010110100000000001000000010000000100000001000000010000000100000001000000010000000100000001000000010000000100000001000000010000000100000001000000010000000100000001000000010000000100000001000000010000000100000001000000010000000100000001000000010000000100000001000000010000000100000001000000010000000100000001000000010000000100000001000000010000000100000001000000010000000100000001000000010000000100000001000000010000000100000001000000010000000100000001000000010000000100000001000000010000000100000001000000010000000100000001000000010000000100000001000000010000000100000001000000010000000100000001000000010000000100000001000000010000000100000001000000010000000100000001000000010000000100000001000000010000000100000001000000010000000100000001000000010000000100000001000000010000000100000001000000010000000100000001000000010000000100000001000000010000000100000001000000010000000100000001000000010000000100000001000000010000000100000001000000010000000100000001000000010000000100000001000000010000000100000001000000010000000100000001000000010000000100000001000000010000000100000001000000010000000100000001000000010000000100000001000000010000000100000001000000010000000100000001000000010000000100000001000000010000000100000001000000010000000100000001000000010000000100000001000000010000000100000001000000010000000100000001000000010000000100000001000000010000000100000001000000010000000100000001000000010000000100000001000000010000000100000001000000010000000100000001000000010000000100000001000000010000000100000001000000010000000100000001000000010000000100000001000000010000000100000001000000010000000100000001000000010000000100000001000000010000000100000001000000010000000100000001000000010000000100000001000000010000000100000001000000010000000100000001000000010000000100000001000000010000000100000001000000010000000100000001000000010000000100000001000000010000000100000001000000010000000100000001000000010000000100000001000000010000000100000001000000010000000100000001000000010000000100000001000000010000000100000001000000010000000100000001000000010000000100000001000000010000000100000001000000010000000100000001000000010000000100000001000000010000000100000001000000010000000100000001000000010000000100000001000000010000000100000001000000010000000100000001000000010000000100000001000000010000000100000001000000010000000100000001000000010000000100000001000000010000000100000001000000010000000100000001000000010000000100000001000000010000000100000001000000010000000100000001000000010000000100000001000000010000000100000001000000010000000100000001000000010000000100000001000000010000000100000001000000010000000100000001000000010000000100000001000000010000000100000001000000010000000100000001000000010000000100000001000000010000000100000001000000010000000100000001000000010000000100000001000000010000000100000001000000010000000100000001000000010000000100000001000000010000000100000001000000010000000100000001000000010000000100000001000000010000000100000001000000010000000100000001000000010000000100000001000000010000000100000001000000010000000100000001000000010000000100000001000000010000000100000001000000010000000100000001000000010000000100000001000000010000000100000001000000010000000100000001000000010000000100000001000000010000000100000001000000010000000100000001000000010000000100000001000000010000000100000001000000010000000100000001000000010000000100000001000000010000000100000001000000010000000100000001000000010000000100000001000000010000000100000001000000010000000100000001000000010000000100000001000000010000000100000001000000010000000100000001000000010000000100000001000000010000000100000001000000010000000100000001000000010000000100000001000000010000000100000001000000010000000100000001000000010000000100000001000000010000000100000001000000010000000100000001000000010000000100000001000000010000000100000001000000010000000100000001000000010000000100000001000000010000000100000001000000010000000100000001000000010000000100000001000000010000000100000001000000010000000100000001000000010000000100000001000000010000000100000001000000010000000100000001000000010000000100000001000000010000000100000001000000010000000100000001000000010000000100000001000000010000000100000001000000010000000100000001000000010000000100000001000000010000000100000001000000010000000100000001000000010000000100000001000000010000000100000001000000010000000100000001000000010000000100000001000000010000000100000001000000010000000100000001000000010000000100000001000000010000000100000001000000010000000100000001000000010000000100000001000000010000000100000001000000010000000100000001000000010000000100000001000000010000000100000001000000010000000100000001000000010000000100000001000000010000000100000001000000010000000100000001000000010000000100000001000000010000000100000001000000010000000100000001000000010000000100000001000000010000000100000001000000010000000100000001000000010000000100000001000000010000000100000001000000010000000100000001000000010000000100000001000000010000000100000001000000010000000100000001000000010000000100000001000000010000000100000001000000010000000100000001000000010000000100000001000000010000000100000001000000010000000100000001000000010000000100000001000000010000000100000001000000010000000100000001000000010000000100000001000000010000000100000001000000010000000100000001000000010000000100000001000000010000000100000001000000010000000100000001000000010000000100000001000000010000000100000001000000010000000100000001000000010000000100000001000000010000000100000001000000010000000100000001000000010000000100000001000000010000000100000001000000010000000100000001000000010000000100000001000000010000000100000001000000010000000100000001000000010000000100000001000000010000000100000001000000010000000100000001000000010000000100000001000000010000000100000001000000010000000100000001000000010000000100000001000000010000000100000001000000010000000100000001000000010000000100000001000000010000000100000001000000010000000100000001000000010000000100000001000000010000000100000001000000010000000100000001000000010000000100000001000000010000000100000001000000010000000100000001000000010000000100000001000000010000000100000001000000010000000100000001000000010000000100000001000000010000000100000001000000010000000100000001000000010000000100000001000000010000000100000001000000010000000100000001000000010000000100000001000000010000000100000001000000010000000100000001000000010000000100000001000000010000000100000001000000010000000100000001000000010000000100000001000000010000000100000001000000010000000100000001000000010000000100000001000000010000000100000001000000010000000100000001000000010000000100000001000000010000000100000001000000010000000100000001000000010000000100000001000000010000000100000001000000010000000100000001000000010000000100000001000000010000000100000001000000010000000100000001000000010000000100000001000000010000000100000001000000010000000100000001000000010000000100000001000000010000000100000001000000010000000100000001000000010000000100000001000000010000000100000001000000010000000100000001000000010000000100000001000000010000000100000001000000010000000100000001000000010000000100000001000000010000000100000001000000010000000100000001000000010000000100000001000000010000000100000001000000010000000100000001000000010000000100000001000000010000000100000001000000010000000100000001000000010000000100000001000000010000000100000001000000010000000100000001000000010000000100000001000000010000000100000001000000010000000100000001000000010000000100000001000000010000000100000001000000010000000100000001000000010000000100000001000000010000000100000001000000010000000100000001000000010000000100000001000000010000000100000001000000010000000100000001000000010000000100000001000000010000000100000001000000010000000100000001000000010000000100000001000000010000000100000001000000010000000100000001000000010000000100000001000000010000000100000001000000010000000100000001000000010000000100000001000000010000000100000001000000010000000100000001000000010000000100000001000000010000000100000001000000010000000100000001000000010000000100000001000000010000000100000001000000010000000100000001000000010000000100000001000000010000000100000001000000010111010100000001000000010110110000000001000000010000000100000001000000010000000100000001000000010000000100000001000000010111010000000001000000010111000000000001000000010000000100000001000000010000000100000001000000010000000100000001000000010000000100000001000000010000000100000001000000010000000100000001000000010000000100000001000000010000000100000001000000010000000100000001000000010000000100000001000000010000000100000001000000010000000100000001000000010000000100000001000000010000000100000001000000010000000100000000000000010000000100000001000000010000000100000001000000010000000100000001000000010000000100000001000000010000000100000001000000010000000100000001000000010000000100000001000000010000000100000001000000010000000100000001000000010000000100000001000000010000000100000001000000010000000100000001000000010000000100000001000000010000000100000001000000010000000100000001000000010000000100000001000000010000000100000001000000010000000100000001000000010000000101111110000000010000000100000001000000010000000100000001000000010000000100000001000000010000000100000001000000010000000100000001000000010000000100000001000000010000000100000001000000010000000100000001000000010000000100000001000000010000000100000001000000010000000100000001000000010000000100000001000000010000000100000001000000010000000100000001000000010000000100000001000000010000000100000001000000010000000100000001000000010000000100000001000000010000000100000001000000010000000100000001000000010000000100000001000000010000000100000001000000010000000100000001000000010000000100000001000000010000000100000001000000010000000100000001000000010000000100000001000000010000000100000001000000010000000100000001000000010000000100000001000000010000000100000001000000010000000100000001000000010000000100000001000000010000000100000001000000010000000100000001000000010000000100000001000000010000000100000001000000010000000100000001000000010000000100000001000000010000000100000001000000010000000100000001000000010000000100000001000000010000000100000001000000010000000100000001000000010000000100000001000000010000000100000001000000010000000100000001000000010000000100000001000000010000000100000001000000010000000100000001000000010000000100000001000000010000000100000001000000010000000100000001000000010000000100000001000000010000000100000001000000010000000100000001000000010000000100000001000000010000000100000001000000010000000100000001000000010000000100000001000000010000000100000001000000010000000100000001000000010000000100000001000000010000000100000001000000010000000100000001000000010000000100000001000000010000000100000001000000010000000100000001000000010000000100000001000000010000000100000001000000010000000100000001000000010000000100000001000000010000000100000001000000010000000100000001000000010000000100000001000000010000000100000001000000010000000100000001000000010000000100000001000000010000000100000001000000010000000100000001000000010000000100000001000000010000000100000001000000010000000100000001000000010000000100000001000000010000000100000001000000010000000100000001000000010000000100000001000000010000000100000001000000010000000100000001000000010000000100000001000000010000000100000001000000010000000100000001000000010000000100000001000000010000000100000001000000010000000100000001000000010000000100000001000000010000000100000001000000010000000100000001000000010000000100000001000000010000000100000001000000010000000100000001000000010000000100000001000000010000000100000001000000010000000100000001000000010000000100000001000000010000000100000001000000010000000100000001000000010000000100000001000000010000000100000001000000010000000100000001000000010000000100000001000000010000000100000001000000010000000100000001000000010000000100000001000000010000000100000001000000010000000100000001000000010000000100000001000000010000000100000001000000010000000100000001000000010000000100000001000000010000000100000001000000010000000100000001000000010000000100000001000000010000000100000001000000010000000100000001000000010000000100000001000000010000000100000001000000010000000100000001000000010000000100000001000000010000000100000001000000010000000100000001000000010000000100000001000000010000000100000001000000010000000100000001000000010000000100000001000000010000000100000001000000010000000100000001000000010000000100000001000000010000000100000001000000010000000100000001000000010000000100000001000000010000000100000001000000010000000100000001000000010000000100000001000000010000000100000001000000010000000100000001000000010000000100000001000000010000000100000001000000010000000100000001000000010000000100000001000000010000000100000001000000010000000100000001000000010000000100000001000000010000000100000001000000010000000100000001000000010000000100000001000000010000000100000001000000010000000100000001000000010000000100000001000000010000000100000001000000010000000100000001000000010000000100000001000000010000000100000001000000010000000100000001000000010000000100000001000000010000000100000001000000010000000100000001000000010000000100000001000000010000000100000001000000010000000100000001000000010000000100000001000000010000000100000001000000010000000100000001000000010000000100000001000000010000000100000001000000010000000100000001000000010000000100000001000000010000000100000001000000010000000100000001000000010000000100000001000000010000000100000001000000010000000100000001000000010000000100000001000000010000000100000001000000010000000100000001000000010000000100000001000000010000000100000001000000010000000100000001000000010000000100000001000000010000000100000001000000010000000100000001000000010000000100000001000000010000000100000001000000010000000100000001000000010000000100000001000000010000000100000001000000010000000100000001000000010000000100000001000000010000000100000001000000010000000100000001000000010000000100000001000000010000000100000001000000010000000100000001000000010000000100000001000000010000000100000001000000010000000100000001000000010000000100000001000000010000000100000001000000010000000100000001000000010000000100000001000000010000000100000001000000010000000100000001000000010000000100000001000000010000000100000001000000010000000100000001000000010000000100000001000000010000000100000001000000010000000100000001000000010000000100000001000000010000000100000001000000010000000100000001000000010000000100000001000000010000000100000001000000010000000100000001000000010000000100000001000000010000000100000001000000010000000100000001000000010000000100000001000000010000000100000001000000010000000100000001000000010000000100000001000000010000000100000001000000010000000100000001000000010000000100000001000000010000000100000001000000010000000100000001000000010000000100000001000000010000000100000001000000010000000100000001000000010000000100000001000000010000000100000001000000010000000100000001000000010000000100000001000000010000000100000001000000010000000100000001000000010000000100000001000000010000000100000001000000010000000100000001000000010000000100000001000000010000000100000001000000010000000100000001000000010000000100000001000000010000000100000001000000010000000100000001000000010000000100000001000000010000000100000001000000010000000100000001000000010000000100000001000000010000000100000001000000010000000100000001000000010000000100000001000000010000000100000001000000010000000100000001000000010000000100000001000000010000000100000001000000010000000100000001000000010000000100000001000000010000000100000001000000010000000100000001000000010000000100000001000000010000000100000001000000010000000100000001000000010000000100000001000000010000000100000001000000010000000100000001000000010000000100000001000000010000000100000001000000010000000100000001000000010000000100000001000000010000000100000001000000010000000100000001000000010000000100000001000000010000000100000001000000010000000100000001000000010000000100000001000000010000000100000001000000010000000100000001000000010000000100000001000000010000000100000001000000010000000100000001000000010000000100000001000000010000000100000001000000010000000100000001000000010000000100000001000000010000000100000001000000010000000100000001000000010000000100000001000000010000000100000001000000010000000100000001000000010000000100000001000000010000000100000001000000010000000100000001000000010000000100000001000000010000000100000001000000010000000100000001000000010000000100000001000000010000000100000001000000010000000100000001000000010000000100000001000000010000000100000001000000010000000100000001000000010000000100000001000000010000000100000001000000010000000100000001000000010000000100000001000000010000000100000001000000010000000100000001000000010000000100000001000000010000000100000001000000010000000100000001000000010000000100000001000000010000000100000001000000010000000100000001000000010000000100000001000000010000000100000001000000010000000100000001000000010000000100000001000000010000000100000001000000010000000100000001000000010000000100000001000000010000000100000001000000010000000100000001000000010000000100000001000000010000000100000001000000010000000100000001000000010000000100000001000000010000000100000001000000010000000100000001000000010000000100000001000000010000000100000001000000010000000100000001000000010000000100000001000000010000000100000001000000010000000100000001000000010000000100000001000000010000000100000001000000010000000100000001000000010000000100000001000000010000000100000001000000010000000100000001000000010000000100000001000000010000000100000001000000010000000100000001000000010000000100000001000000010000000100000001000000010000000100000001000000010000000100000001000000010000000100000001000000010000000100000001000000010000000100000001000000010000000100000001000000010000000100000001000000000000000100000001000000010000000100000001000000010000000100000001000000010000000100000001000000010000000100000001000000010000000100000001000000010000000100000001000000010000000100000001000000010000000100000001000000010000000100000001000000010000000100000001000000010000000100000001000000010000000100000001000000010000000100000001000000010000000100000001011110100000000100000001011101010000000100000001000000010000000100000001000000010000000100000001000000010000000100000001011011000000000100000001011100010000000100000001000000010000000100000001000000010000000100000001000000010000000100000001000000010000000100000001000000010000000100000001000000010000000100000001000000010000000100000001000000010000000100000001000000010000000100000001000000010000000100000001000000010000000100000001000000010000000100000001000000010000000100000001000000010000000100000001000000010000000100000001000000010000000100000001000000010000000100000001000000010000000100000001000000010000000100000001000000010000000100000001000000010000000100000001000000010000000100000001000000010000000100000001000000010000000100000001000000010000000100000001000000010000000100000001000000010000000100000001000000010000000100000001000000010000000100000001000000010000000100000001000000010000000100000001000000010000000100000001000000010000000100000001000000010000000100000001000000010000000100000001000000010000000100000001000000010000000100000001000000010000000100000001000000010000000100000001000000010000000100000001000000010000000100000001000000010000000100000001000000010000000100000001000000010000000100000001000000010000000100000001000000010000000100000001000000010000000100000001000000010000000100000001000000010000000100000001000000010000000100000001000000010000000100000001000000010000000100000001000000010000000100000001000000010000000100000001000000010000000100000001000000010000000100000001000000010000000100000001000000010000000100000001000000010000000100000001000000010000000100000001000000010000000100000001000000010000000100000001000000010000000100000001000000010000000100000001000000010000000100000001000000010000000100000001000000010000000100000001000000010000000100000001000000010000000100000001000000010000000100000001000000010000000100000001000000010000000100000001000000010000000100000001000000010000000100000001000000010000000100000001000000010000000100000001000000010000000100000001000000010000000100000001000000010000000100000001000000010000000100000001000000010000000100000001000000010000000100000001000000010000000100000001000000010000000100000001000000010000000100000001000000010000000100000001000000010000000100000001000000010000000100000001000000010000000100000001000000010000000100000001000000010000000100000001000000010000000100000001000000010000000100000001000000010000000100000001000000010000000100000001000000010000000100000001000000010000000100000001000000010000000100000001000000010000000100000001000000010000000100000001000000010000000100000001000000010000000100000001000000010000000100000001000000010000000100000001000000010000000100000001000000010000000100000001000000010000000100000001000000010000000100000001000000010000000100000001000000010000000100000001000000010000000100000001000000010000000100000001000000010000000100000001000000010000000100000001000000010000000100000001000000010000000100000001000000010000000100000001000000010000000100000001000000010000000100000001000000010000000100000001000000010000000100000001000000010000000100000001000000010000000100000001000000010000000100000001000000010000000100000001000000010000000100000001000000010000000100000001000000010000000100000001000000010000000100000001000000010000000100000001000000010000000100000001000000010000000100000001000000010000000100000001000000010000000100000001000000010000000100000001000000010000000100000001000000010000000100000001000000010000000100000001000000010000000100000001000000010000000100000001000000010000000100000001000000010000000100000001000000010000000100000001000000010000000100000001000000010000000100000001000000010000000100000001000000010000000100000001000000010000000100000001000000010000000100000001000000010000000100000001000000010000000100000001000000010000000100000001000000010000000100000001000000010000000100000001000000010000000100000001000000010000000100000001000000010000000100000001000000010000000100000001000000010000000100000001000000010000000100000001000000010000000100000001000000010000000100000001000000010000000100000001000000010000000100000001000000010000000100000001000000010000000100000001000000010000000100000001000000010000000100000001000000010000000100000001000000010000000100000001000000010000000100000001000000010000000100000001000000010000000100000001000000010000000100000001000000010000000100000001000000010000000100000001000000010000000100000001000000010000000100000001000000010000000100000001000000010000000100000001000000010000000100000001000000010000000100000001000000010000000100000001000000010000000100000001000000010000000100000001000000010000000100000001000000010000000100000001000000010000000100000001000000010000000100000001000000010000000100000001000000010000000100000001000000010000000100000001000000010000000100000001000000010000000100000001000000010000000100000001000000010000000100000001000000010000000100000001000000010000000100000001000000010000000100000001000000010000000100000001000000010000000100000001000000010000000100000001000000010000000100000001000000010000000100000001000000010000000100000001000000010000000100000001000000010000000100000001000000010000000100000001000000010000000100000001000000010000000100000001000000010000000100000001000000010000000100000001000000010000000100000001000000010000000100000001000000010000000100000001000000010000000100000001000000010000000100000001000000010000000100000001000000010000000100000001000000010000000100000001000000010000000100000001000000010000000100000001000000010000000100000001000000010000000100000001000000010000000100000001000000010000000100000001000000010000000100000001000000010000000100000001000000010000000100000001000000010000000100000001000000010000000100000001000000010000000100000001000000010000000100000001000000010000000100000001000000010000000100000001000000010000000100000001000000010000000100000001000000010000000100000001000000010000000100000001000000010000000100000001000000010000000100000001000000010000000100000001000000010000000100000001000000010000000100000001000000010000000100000001000000010000000100000001000000010000000100000001000000010000000100000001000000010000000100000001000000010000000100000001000000010000000100000001000000010000000100000001000000010000000100000001000000010000000100000001000000010000000100000001000000010000000100000001000000010000000100000001000000010000000100000001000000010000000100000001000000010000000100000001000000010000000100000001000000010000000100000001000000010000000100000001000000010000000100000001000000010000000100000001000000010000000100000001000000010000000100000001000000010000000100000001000000010000000100000001000000010000000100000001000000010000000100000001000000010000000100000001000000010000000100000001000000010000000100000001000000010000000100000001000000010000000100000001000000010000000100000001000000010000000100000001000000010000000100000001000000010000000100000001000000010000000100000001000000010000000100000001000000010000000100000001000000010000000100000001000000010000000100000001000000010000000100000001000000010000000100000001000000010000000100000001000000010000000100000001000000010000000100000001000000010000000100000001000000010000000100000001000000010000000100000001000000010000000100000001000000010000000100000001000000010000000100000001000000010000000100000001000000010000000100000001000000010000000100000001000000010000000100000001000000010000000100000001000000010000000100000001000000010000000100000001000000010000000100000001000000010000000100000001000000010000000100000001000000010000000100000001000000010000000100000001000000010000000100000001000000010000000100000001000000010000000100000001000000010000000100000001000000010000000100000001000000010000000100000001000000010000000100000001000000010000000100000001000000010000000100000001000000010000000100000001000000010000000100000001000000010000000100000001000000010000000100000001000000010000000100000001000000010000000100000001000000010000000100000001000000010000000100000001000000010000000100000001000000010000000100000001000000010000000100000001000000010000000100000001000000010000000100000001000000010000000100000001000000010000000100000001000000010000000100000001000000010000000100000001000000010000000100000001000000010000000100000001000000010000000100000001000000010000000100000001011100010000000100000001011101000000000100000001000000010000000100000001000000010000000100000001000000010000000100000001011001010000000100000001011100110000000100000001000000010000000100000001000000010000000100000001000000010000000100000001000000010000000100000001000000010000000100000001000000010000000100000001000000010000000100000001000000010000000100000001000000010000000100000001000000010000000100000001000000010000000100000001000000010000000100000001000000010000000100000001000000010000000100000001000000010000000000000001000000010000000100000001000000010000000100000001000000010000000100000001000000010000000100000001000000010000000100000001000000010000000100000001000000010000000100000001000000010000000100000001000000010000000100000001000000010000000100000001000000010110111000000001000000010111011100000001000000010000000100000001000000010000000100000001000000010110001000000001000000010101110100000001000000010111001000000001000000010000000100000001000000010110111000000001000000010110000100000001000000010110001000000001000000010110110100000001000000010000000100000001000000010000000100000001000000010110110100000001000000010111010000000001000000010000000100000001000000010000000100000001000000010000000100000001000000010000000100000001000000010000000100000001000000010000000100000001000000010000000100000001000000010000000100000001000000010000000100000001000000010000000100000001000000010000000100000001000000010000000100000001000000010000000100000001000000010000000100000001000000010000000100000001000000010000000100000001000000010000000100000001000000010000000100000001000000010000000100000001000000010000000100000001000000010000000100000001000000010000000100000001000000010000000100000001000000010000000100000001000000010000000100000001000000010000000100000001000000010000000100000001000000010000000100000001000000010000000100000001000000010000000100000001000000010000000100000001000000010000000100000001000000010000000100000001000000010000000100000001000000010000000100000001000000010000000100000001000000010000000100000001000000010000000100000001000000010000000100000001000000010000000100000001000000010000000100000001000000010000000100000001000000010000000100000001000000010000000100000001000000010000000100000001000000010000000100000001000000010000000100000001000000010000000100000001000000010000000100000001000000010000000100000001000000010000000100000001000000010000000100000001000000010000000100000001000000010000000100000001000000010000000100000001000000010000000100000001000000010000000100000001000000010000000100000001000000010000000100000001000000010000000100000001000000010000000100000001000000010000000100000001000000010000000100000001000000010000000100000001000000010000000100000001000000010000000100000001000000010000000100000001000000010000000100000001000000010000000100000001000000010000000100000001000000010000000100000001000000010000000100000001000000010000000100000001000000010000000100000001000000010000000100000001000000010000000100000001000000010000000100000001000000010000000100000001000000010000000100000001000000010000000100000001000000010000000100000001000000010000000100000001000000010000000100000001000000010000000100000001000000010000000100000001000000010000000100000001000000010000000100000001000000010000000100000001000000010000000100000001000000010000000100000001000000010000000100000001000000010000000100000001000000010000000100000001000000010000000100000001000000010000000100000001000000010000000100000001000000010000000100000001000000010000000100000001000000010000000100000001000000010000000100000001000000010000000100000001000000010000000100000001000000010000000100000001000000010000000100000001000000010000000100000001000000010000000100000001000000010000000100000001000000010000000100000001000000010000000100000001000000010000000100000001000000010000000100000001000000010000000100000001000000010000000100000001000000010000000100000001000000010000000100000001000000010000000100000001000000010000000100000001000000010000000100000001000000010000000100000001000000010000000100000001000000010000000100000001000000010000000100000001000000010000000100000001000000010000000100000001000000010000000100000001000000010000000100000001000000010000000100000001000000010000000100000001000000010000000100000001000000010000000100000001000000010000000100000001000000010000000100000001000000010000000100000001000000010000000100000001000000010000000100000001000000010000000100000001000000010000000100000001000000010000000100000001000000010000000100000001000000010000000100000001000000010000000100000001000000010000000100000001000000010000000100000001000000010000000100000001000000010000000100000001000000010000000100000001000000010000000100000001000000010000000100000001000000010000000100000001000000010000000100000001000000010000000100000001000000010000000100000001000000010000000100000001000000010000000100000001000000010000000100000001000000010000000100000001000000010000000100000001000000010000000100000001000000010000000100000001000000010000000100000001000000010000000100000001000000010000000100000001000000010000000100000001000000010000000100000001000000010000000100000001000000010000000100000001000000010000000100000001000000010000000100000001000000010000000100000001000000010000000100000001000000010000000100000001000000010000000100000001000000010000000100000001000000010000000100000001000000010000000100000001000000010000000100000001000000010000000100000001000000010000000100000001000000010000000100000001000000010000000100000001000000010000000100000001000000010000000100000001000000010000000100000001000000010000000100000001000000010000000100000001000000010000000100000001000000010000000100000001000000010000000100000001000000010000000100000001000000010000000100000001000000010000000100000001000000010000000100000001000000010000000100000001000000010000000100000001000000010000000100000001000000010000000100000001000000010000000100000001000000010000000100000001000000010000000100000001000000010000000100000001000000010000000100000001000000010000000100000001000000010000000100000001000000010000000100000001000000010000000100000001000000010000000100000001000000010000000100000001000000010000000100000001000000010000000100000001000000010000000100000001000000010000000100000001000000010000000100000001000000010000000100000001000000010000000100000001000000010000000100000001000000010000000100000001000000010000000100000001000000010000000100000001000000010000000100000001000000010000000100000001000000010000000100000001000000010000000100000001000000010000000100000001000000010000000100000001000000010000000100000001000000010000000100000001000000010000000100000001000000010000000100000001000000010000000100000001000000010000000100000001000000010000000100000001000000010000000100000001000000010000000100000001000000010000000100000001000000010000000100000001000000010000000100000001000000010000000100000001000000010000000100000001000000010000000100000001000000010000000100000001000000010000000100000001000000010000000100000001000000010000000100000001000000010000000100000001000000010000000100000001000000010000000100000001000000010000000100000001000000010000000100000001000000010000000100000001000000010000000100000001000000010000000100000001000000010000000100000001000000010000000100000001000000010000000100000001000000010000000100000001000000010000000100000001000000010000000100000001000000010000000100000001000000010000000100000001000000010000000100000001000000010000000100000001000000010000000100000001000000010000000100000001000000010000000100000001000000010000000100000001000000010000000100000001000000010000000100000001000000010000000100000001000000010000000100000001000000010000000100000001000000010000000100000001000000010000000100000001000000010000000100000001000000010000000100000001000000010000000100000001000000010000000100000001000000010000000100000001000000010000000100000001000000010000000100000001000000010000000100000001000000010000000100000001000000010000000100000001000000010000000100000001000000010000000100000001000000010000000100000001000000010000000100000001000000010000000100000001000000010000000100000001000000010000000100000001000000010000000100000001000000010000000100000001000000010000000100000001000000010000000100000001000000010000000100000001000000010000000100000001000000010000000100000001000000010000000100000001000000010000000100000001000000010000000100000001000000010000000100000001000000010000000100000001000000010000000100000001000000010000000100000001000000010000000100000001000000010000000100000001000000010000000100000001000000010000000100000001000000010000000100000001000000010000000100000001000000010000000100000001000000010000000100000001000000010000000100000001000000010000000100000001000000010000000100000001000000010000000100000001000000010000000100000001000000010000000100000001000000010000000100000001000000010000000100000001000000010000000100000001000000010000000100000001000000010000000100000001000000010000000100000001000000010000000100000001000000010000000100000001000000010000000100000001000000010000000100000001000000010000000100000001000000010000000100000001000000010111010100000001000000010111111100000001000000010000000100000001000000010110010000000001000000010101010000000001000000010100110000000001000000010101110100000001000000010110101100000001000000010110000000000001000000010101010000000001000000010100110000000001000000010111011000000001000000010000000100000001000000010111100000000001000000010110110100000001000000010111000000000001000000010000000100000001000000010000000100000001000000010000000100000001000000010000000100000001000000010000000100000001000000010000000100000001000000010000000100000001000000010000000100000001000000010000000100000001000000010000000100000000000000010000000100000001000000010000000100000001000000010000000100000001000000010000000100000001000000010000000100000001000000010000000100000001000000010000000100000001000000010000000100000001000000010000000100000001000000010000000100000001000000010000000101110001000000010000000101111100000000010000000100000001000000010000000100000001000000010000000101011111000000010000000101011111000000010000000101110100000000010000000100000001000000010000000101110010000000010000000101100100000000010000000101100100000000010000000101110100000000010000000100000001000000010000000100000001000000010000000101110001000000010000000101111110000000010000000100000001000000010000000100000001000000010000000100000001000000010000000100000001000000010000000100000001000000010000000100000001000000010000000100000001000000010000000100000001000000010000000100000001000000010000000100000001000000010000000100000001000000010000000100000001000000010000000100000001000000010000000100000001000000010000000100000001000000010000000100000001000000010000000100000001000000010000000100000001000000010000000100000001000000010000000100000001000000010000000100000001000000010000000100000001000000010000000100000001000000010000000100000001000000010000000100000001000000010000000100000001000000010000000100000001000000010000000100000001000000010000000100000001000000010000000100000001000000010000000100000001000000010000000100000001000000010000000100000001000000010000000100000001000000010000000100000001000000010000000100000001000000010000000100000001000000010000000100000001000000010000000100000001000000010000000100000001000000010000000100000001000000010000000100000001000000010000000100000001000000010000000100000001000000010000000100000001000000010000000100000001000000010000000100000001000000010000000100000001000000010000000100000001000000010000000100000001000000010000000100000001000000010000000100000001000000010000000100000001000000010000000100000001000000010000000100000001000000010000000100000001000000010000000100000001000000010000000100000001000000010000000100000001000000010000000100000001000000010000000100000001000000010000000100000001000000010000000100000001000000010000000100000001000000010000000100000001000000010000000100000001000000010000000100000001000000010000000100000001000000010000000100000001000000010000000100000001000000010000000100000001000000010000000100000001000000010000000100000001000000010000000100000001000000010000000100000001000000010000000100000001000000010000000100000001000000010000000100000001000000010000000100000001000000010000000100000001000000010000000100000001000000010000000100000001000000010000000100000001000000010000000100000001000000010000000100000001000000010000000100000001000000010000000100000001000000010000000100000001000000010000000100000001000000010000000100000001000000010000000100000001000000010000000100000001000000010000000100000001000000010000000100000001000000010000000100000001000000010000000100000001000000010000000100000001000000010000000100000001000000010000000100000001000000010000000100000001000000010000000100000001000000010000000100000001000000010000000100000001000000010000000100000001000000010000000100000001000000010000000100000001000000010000000100000001000000010000000100000001000000010000000100000001000000010000000100000001000000010000000100000001000000010000000100000001000000010000000100000001000000010000000100000001000000010000000100000001000000010000000100000001000000010000000100000001000000010000000100000001000000010000000100000001000000010000000100000001000000010000000100000001000000010000000100000001000000010000000100000001000000010000000100000001000000010000000100000001000000010000000100000001000000010000000100000001000000010000000100000001000000010000000100000001000000010000000100000001000000010000000100000001000000010000000100000001000000010000000100000001000000010000000100000001000000010000000100000001000000010000000100000001000000010000000100000001000000010000000100000001000000010000000100000001000000010000000100000001000000010000000100000001000000010000000100000001000000010000000100000001000000010000000100000001000000010000000100000001000000010000000100000001000000010000000100000001000000010000000100000001000000010000000100000001000000010000000100000001000000010000000100000001000000010000000100000001000000010000000100000001000000010000000100000001000000010000000100000001000000010000000100000001000000010000000100000001000000010000000100000001000000010000000100000001000000010000000100000001000000010000000100000001000000010000000100000001000000010000000100000001000000010000000100000001000000010000000100000001000000010000000100000001000000010000000100000001000000010000000100000001000000010000000100000001000000010000000100000001000000010000000100000001000000010000000100000001000000010000000100000001000000010000000100000001000000010000000100000001000000010000000100000001000000010000000100000001000000010000000100000001000000010000000100000001000000010000000100000001000000010000000100000001000000010000000100000001000000010000000100000001000000010000000100000001000000010000000100000001000000010000000100000001000000010000000100000001000000010000000100000001000000010000000100000001000000010000000100000001000000010000000100000001000000010000000100000001000000010000000100000001000000010000000100000001000000010000000100000001000000010000000100000001000000010000000100000001000000010000000100000001000000010000000100000001000000010000000100000001000000010000000100000001000000010000000100000001000000010000000100000001000000010000000100000001000000010000000100000001000000010000000100000001000000010000000100000001000000010000000100000001000000010000000100000001000000010000000100000001000000010000000100000001000000010000000100000001000000010000000100000001000000010000000100000001000000010000000100000001000000010000000100000001000000010000000100000001000000010000000100000001000000010000000100000001000000010000000100000001000000010000000100000001000000010000000100000001000000010000000100000001000000010000000100000001000000010000000100000001000000010000000100000001000000010000000100000001000000010000000100000001000000010000000100000001000000010000000100000001000000010000000100000001000000010000000100000001000000010000000100000001000000010000000100000001000000010000000100000001000000010000000100000001000000010000000100000001000000010000000100000001000000010000000100000001000000010000000100000001000000010000000100000001000000010000000100000001000000010000000100000001000000010000000100000001000000010000000100000001000000010000000100000001000000010000000100000001000000010000000100000001000000010000000100000001000000010000000100000001000000010000000100000001000000010000000100000001000000010000000100000001000000010000000100000001000000010000000100000001000000010000000100000001000000010000000100000001000000010000000100000001000000010000000100000001000000010000000100000001000000010000000100000001000000010000000100000001000000010000000100000001000000010000000100000001000000010000000100000001000000010000000100000001000000010000000100000001000000010000000100000001000000010000000100000001000000010000000100000001000000010000000100000001000000010000000100000001000000010000000100000001000000010000000100000001000000010000000100000001000000010000000100000001000000010000000100000001000000010000000100000001000000010000000100000001000000010000000100000001000000010000000100000001000000010000000100000001000000010000000100000001000000010000000100000001000000010000000100000001000000010000000100000001000000010000000100000001000000010000000100000001000000010000000100000001000000010000000100000001000000010000000100000001000000010000000100000001000000010000000100000001000000010000000100000001000000010000000100000001000000010000000100000001000000010000000100000001000000010000000100000001000000010000000100000001000000010000000100000001000000010000000100000001000000010000000100000001000000010000000100000001000000010000000100000001000000010000000100000001000000010000000100000001000000010000000100000001000000010000000100000001000000010000000100000001000000010000000100000001000000010000000100000001000000010000000100000001000000010000000100000001000000010000000100000001000000010000000100000001000000010000000100000001000000010000000100000001000000010000000100000001000000010000000100000001000000010000000100000001000000010000000100000001000000010000000100000001000000010000000100000001000000010000000100000001000000010000000100000001000000010000000100000001000000010000000100000001000000010000000100000001000000010000000100000001000000010000000101111000000000010000000101111000000000010000000100000001000000010000000101101000000000010000000101001110000000010000000101010010000000010000000101010011000000010000000101110001000000010000000101011001000000010000000100111101000000010000000101010100000000010000000101111110000000010000000100000001000000010000000101111000000000010000000101100010000000010000000101111000000000010000000100000001000000010000000100000001000000010000000100000001000000010000000100000001000000010000000100000001000000010000000100000001000000010000000100000001000000010000000100000001000000010000000100000001000000010000000100000001000000000000000100000001000000010000000100000001000000010000000100000001000000010000000100000001000000010000000100000001000000010000000100000001000000010000000100000001000000010000000100000001000000010000000100000001000000010000000100000001000000010000000100000001000000010000000100000001000000010000000100000001000000010000000100000001000000010000000100000001000000010000000100000001011110110000000100000001000000010000000100000001000000010000000100000001000000010000000100000001011100000000000100000001011100110000000100000001000000010000000100000001000000010000000100000001000000010000000100000001000000010000000100000001000000010000000100000001000000010000000100000001000000010000000100000001000000010000000100000001000000010000000100000001000000010000000100000001000000010000000100000001000000010000000100000001000000010000000100000001000000010000000100000001000000010000000100000001000000010000000100000001000000010000000100000001000000010000000100000001000000010000000100000001000000010000000100000001000000010000000100000001000000010000000100000001000000010000000100000001000000010000000100000001000000010000000100000001000000010000000100000001000000010000000100000001000000010000000100000001000000010000000100000001000000010000000100000001000000010000000100000001000000010000000100000001000000010000000100000001000000010000000100000001000000010000000100000001000000010000000100000001000000010000000100000001000000010000000100000001000000010000000100000001000000010000000100000001000000010000000100000001000000010000000100000001000000010000000100000001000000010000000100000001000000010000000100000001000000010000000100000001000000010000000100000001000000010000000100000001000000010000000100000001000000010000000100000001000000010000000100000001000000010000000100000001000000010000000100000001000000010000000100000001000000010000000100000001000000010000000100000001000000010000000100000001000000010000000100000001000000010000000100000001000000010000000100000001000000010000000100000001000000010000000100000001000000010000000100000001000000010000000100000001000000010000000100000001000000010000000100000001000000010000000100000001000000010000000100000001000000010000000100000001000000010000000100000001000000010000000100000001000000010000000100000001000000010000000100000001000000010000000100000001000000010000000100000001000000010000000100000001000000010000000100000001000000010000000100000001000000010000000100000001000000010000000100000001000000010000000100000001000000010000000100000001000000010000000100000001000000010000000100000001000000010000000100000001000000010000000100000001000000010000000100000001000000010000000100000001000000010000000100000001000000010000000100000001000000010000000100000001000000010000000100000001000000010000000100000001000000010000000100000001000000010000000100000001000000010000000100000001000000010000000100000001000000010000000100000001000000010000000100000001000000010000000100000001000000010000000100000001000000010000000100000001000000010000000100000001000000010000000100000001000000010000000100000001000000010000000100000001000000010000000100000001000000010000000100000001000000010000000100000001000000010000000100000001000000010000000100000001000000010000000100000001000000010000000100000001000000010000000100000001000000010000000100000001000000010000000100000001000000010000000100000001000000010000000100000001000000010000000100000001000000010000000100000001000000010000000100000001000000010000000100000001000000010000000100000001000000010000000100000001000000010000000100000001000000010000000100000001000000010000000100000001000000010000000100000001000000010000000100000001000000010000000100000001000000010000000100000001000000010000000100000001000000010000000100000001000000010000000100000001000000010000000100000001000000010000000100000001000000010000000100000001000000010000000100000001000000010000000100000001000000010000000100000001000000010000000100000001000000010000000100000001000000010000000100000001000000010000000100000001000000010000000100000001000000010000000100000001000000010000000100000001000000010000000100000001000000010000000100000001000000010000000100000001000000010000000100000001000000010000000100000001000000010000000100000001000000010000000100000001000000010000000100000001000000010000000100000001000000010000000100000001000000010000000100000001000000010000000100000001000000010000000100000001000000010000000100000001000000010000000100000001000000010000000100000001000000010000000100000001000000010000000100000001000000010000000100000001000000010000000100000001000000010000000100000001000000010000000100000001000000010000000100000001000000010000000100000001000000010000000100000001000000010000000100000001000000010000000100000001000000010000000100000001000000010000000100000001000000010000000100000001000000010000000100000001000000010000000100000001000000010000000100000001000000010000000100000001000000010000000100000001000000010000000100000001000000010000000100000001000000010000000100000001000000010000000100000001000000010000000100000001000000010000000100000001000000010000000100000001000000010000000100000001000000010000000100000001000000010000000100000001000000010000000100000001000000010000000100000001000000010000000100000001000000010000000100000001000000010000000100000001000000010000000100000001000000010000000100000001000000010000000100000001000000010000000100000001000000010000000100000001000000010000000100000001000000010000000100000001000000010000000100000001000000010000000100000001000000010000000100000001000000010000000100000001000000010000000100000001000000010000000100000001000000010000000100000001000000010000000100000001000000010000000100000001000000010000000100000001000000010000000100000001000000010000000100000001000000010000000100000001000000010000000100000001000000010000000100000001000000010000000100000001000000010000000100000001000000010000000100000001000000010000000100000001000000010000000100000001000000010000000100000001000000010000000100000001000000010000000100000001000000010000000100000001000000010000000100000001000000010000000100000001000000010000000100000001000000010000000100000001000000010000000100000001000000010000000100000001000000010000000100000001000000010000000100000001000000010000000100000001000000010000000100000001000000010000000100000001000000010000000100000001000000010000000100000001000000010000000100000001000000010000000100000001000000010000000100000001000000010000000100000001000000010000000100000001000000010000000100000001000000010000000100000001000000010000000100000001000000010000000100000001000000010000000100000001000000010000000100000001000000010000000100000001000000010000000100000001000000010000000100000001000000010000000100000001000000010000000100000001000000010000000100000001000000010000000100000001000000010000000100000001000000010000000100000001000000010000000100000001000000010000000100000001000000010000000100000001000000010000000100000001000000010000000100000001000000010000000100000001000000010000000100000001000000010000000100000001000000010000000100000001000000010000000100000001000000010000000100000001000000010000000100000001000000010000000100000001000000010000000100000001000000010000000100000001000000010000000100000001000000010000000100000001000000010000000100000001000000010000000100000001000000010000000100000001000000010000000100000001000000010000000100000001000000010000000100000001000000010000000100000001000000010000000100000001000000010000000100000001000000010000000100000001000000010000000100000001000000010000000100000001000000010000000100000001000000010000000100000001000000010000000100000001000000010000000100000001000000010000000100000001000000010000000100000001000000010000000100000001000000010000000100000001000000010000000100000001000000010000000100000001000000010000000100000001000000010000000100000001000000010000000100000001000000010000000100000001000000010000000100000001000000010000000100000001000000010000000100000001000000010000000100000001000000010000000100000001000000010000000100000001000000010000000100000001000000010000000100000001000000010000000100000001000000010000000100000001000000010000000100000001000000010000000100000001000000010000000100000001000000010000000100000001000000010000000100000001000000010000000100000001000000010000000100000001000000010000000100000001000000010000000100000001000000010000000100000001000000010000000100000001000000010000000100000001000000010000000100000001000000010000000100000001000000010000000100000001000000010000000100000001000000010000000100000001000000010000000100000001000000010000000100000001000000010000000100000001000000010000000100000001000000010000000100000001000000010000000100000001000000010000000100000001011011110000000100000001011011010000000100000001000000010000000100000001000000010000000100000001000000010000000100000001011000100000000100000001011011100000000100000001000000010000000100000001000000010000000100000001000000010000000100000001000000010000000100000001000000010000000100000001000000010000000100000001000000010000000100000001000000010000000100000001000000010000000100000001000000010000000100000001000000010000000100000001000000010000000100000001000000010000000100000001000000010000000100000001000000010000000000000001000000010000000100000001000000010000000100000001000000010000000100000001000000010000000100000001000000010000000100000001000000010000000100000001000000010000000100000001000000010000000100000001000000010000000100000001000000010000000100000001000000010000000100000001000000010000000100000001000000010000000100000001000000010000000100000001000000010000000100000001000000010000000100000001000000010000000100000001000000010000000100000001000000010000000100000001000000010000000100000001000000010000000100000001000000010000000100000001000000010000000100000001000000010000000100000001000000010000000100000001000000010000000100000001000000010000000100000001000000010000000100000001000000010000000100000001000000010000000100000001000000010000000100000001000000010000000100000001000000010000000100000001000000010000000100000001000000010000000100000001000000010000000100000001000000010000000100000001000000010000000100000001000000010000000100000001000000010000000100000001000000010000000100000001000000010000000100000001000000010000000100000001000000010000000100000001000000010000000100000001000000010000000100000001000000010000000100000001000000010000000100000001000000010000000100000001000000010000000100000001000000010000000100000001000000010000000100000001000000010000000100000001000000010000000100000001000000010000000100000001000000010000000100000001000000010000000100000001000000010000000100000001000000010000000100000001000000010000000100000001000000010000000100000001000000010000000100000001000000010000000100000001000000010000000100000001000000010000000100000001000000010000000100000001000000010000000100000001000000010000000100000001000000010000000100000001000000010000000100000001000000010000000100000001000000010000000100000001000000010000000100000001000000010000000100000001000000010000000100000001000000010000000100000001000000010000000100000001000000010000000100000001000000010000000100000001000000010000000100000001000000010000000100000001000000010000000100000001000000010000000100000001000000010000000100000001000000010000000100000001000000010000000100000001000000010000000100000001000000010000000100000001000000010000000100000001000000010000000100000001000000010000000100000001000000010000000100000001000000010000000100000001000000010000000100000001000000010000000100000001000000010000000100000001000000010000000100000001000000010000000100000001000000010000000100000001000000010000000100000001000000010000000100000001000000010000000100000001000000010000000100000001000000010000000100000001000000010000000100000001000000010000000100000001000000010000000100000001000000010000000100000001000000010000000100000001000000010000000100000001000000010000000100000001000000010000000100000001000000010000000100000001000000010000000100000001000000010000000100000001000000010000000100000001000000010000000100000001000000010000000100000001000000010000000100000001000000010000000100000001000000010000000100000001000000010000000100000001000000010000000100000001000000010000000100000001000000010000000100000001000000010000000100000001000000010000000100000001000000010000000100000001000000010000000100000001000000010000000100000001000000010000000100000001000000010000000100000001000000010000000100000001000000010000000100000001000000010000000100000001000000010000000100000001000000010000000100000001000000010000000100000001000000010000000100000001000000010000000100000001000000010000000100000001000000010000000100000001000000010000000100000001000000010000000100000001000000010000000100000001000000010000000100000001000000010000000100000001000000010000000100000001000000010000000100000001000000010000000100000001000000010000000100000001000000010000000100000001000000010000000100000001000000010000000100000001000000010000000100000001000000010000000100000001000000010000000100000001000000010000000100000001000000010000000100000001000000010000000100000001000000010000000100000001000000010000000100000001000000010000000100000001000000010000000100000001000000010000000100000001000000010000000100000001000000010000000100000001000000010000000100000001000000010000000100000001000000010000000100000001000000010000000100000001000000010000000100000001000000010000000100000001000000010000000100000001000000010000000100000001000000010000000100000001000000010000000100000001000000010000000100000001000000010000000100000001000000010000000100000001000000010000000100000001000000010000000100000001000000010000000100000001000000010000000100000001000000010000000100000001000000010000000100000001000000010000000100000001000000010000000100000001000000010000000100000001000000010000000100000001000000010000000100000001000000010000000100000001000000010000000100000001000000010000000100000001000000010000000100000001000000010000000100000001000000010000000100000001000000010000000100000001000000010000000100000001000000010000000100000001000000010000000100000001000000010000000100000001000000010000000100000001000000010000000100000001000000010000000100000001000000010000000100000001000000010000000100000001000000010000000100000001000000010000000100000001000000010000000100000001000000010000000100000001000000010000000100000001000000010000000100000001000000010000000100000001000000010000000100000001000000010000000100000001000000010000000100000001000000010000000100000001000000010000000100000001000000010000000100000001000000010000000100000001000000010000000100000001000000010000000100000001000000010000000100000001000000010000000100000001000000010000000100000001000000010000000100000001000000010000000100000001000000010000000100000001000000010000000100000001000000010000000100000001000000010000000100000001000000010000000100000001000000010000000100000001000000010000000100000001000000010000000100000001000000010000000100000001000000010000000100000001000000010000000100000001000000010000000100000001000000010000000100000001000000010000000100000001000000010000000100000001000000010000000100000001000000010000000100000001000000010000000100000001000000010000000100000001000000010000000100000001000000010000000100000001000000010000000100000001000000010000000100000001000000010000000100000001000000010000000100000001000000010000000100000001000000010000000100000001000000010000000100000001000000010000000100000001000000010000000100000001000000010000000100000001000000010000000100000001000000010000000100000001000000010000000100000001000000010000000100000001000000010000000100000001000000010000000100000001000000010000000100000001000000010000000100000001000000010000000100000001000000010000000100000001000000010000000100000001000000010000000100000001000000010000000100000001000000010000000100000001000000010000000100000001000000010000000100000001000000010000000100000001000000010000000100000001000000010000000100000001000000010000000100000001000000010000000100000001000000010000000100000001000000010000000100000001000000010000000100000001000000010000000100000001000000010000000100000001000000010000000100000001000000010000000100000001000000010000000100000001000000010000000100000001000000010000000100000001000000010000000100000001000000010000000100000001000000010000000100000001000000010000000100000001000000010000000100000001000000010000000100000001000000010000000100000001000000010000000100000001000000010000000100000001000000010000000100000001000000010000000100000001000000010000000100000001000000010000000100000001000000010000000100000001000000010000000100000001000000010000000100000001000000010000000100000001000000010000000100000001000000010000000100000001000000010000000100000001000000010000000100000001000000010000000100000001000000010000000100000001000000010000000100000001000000010000000100000001000000010000000100000001000000010000000100000001000000010000000100000001000000010000000100000001000000010000000100000001000000010000000100000001000000010000000100000001000000010000000100000001000000010000000100000001000000010000000100000001000000010000000100000001000000010000000100000001000000010000000100000001000000010000000100000001000000010000000100000001000000010000000100000001000000010000000100000001000000010000000100000001000000010000000100000001000000010000000100000001000000010000000100000001000000010000000100000001000000010000000100000001000000010000000100000001000000010000000100000001000000010000000100000001000000010000000100000001000000010000000100000001000000010000000100000001000000010000000100000001000000010000000100000001000000010000000100000001000000010000000100000001000000010000000100000001000000010000000100000001000000010000000100000001000000010000000100000001000000010000000100000001000000010000000100000001000000010000000100000001000000010000000100000001000000010000000100000001000000010000000100000001000000010000000100000001000000010000000100000001000000010000000100000001000000010000000100000001000000010000000100000001000000010000000100000001000000010000000100000001000000010000000100000001000000010000000100000001000000010000000100000001000000010000000100000001000000010000000100000001000000010000000100000001000000010000000100000001000000010000000100000001000000010000000100000001000000010000000100000001000000010000000100000001000000010000000100000001000000010000000100000001000000010000000100000001000000010000000100000001000000010000000100000000000000010000000100000001000000010000000100000001000000010000000100000001000000010000000100000001000000010000000100000001000000010000000100000001000000010000000100000001000000010000000100000001000000010000000100000001000000010000000100000001000000010000000100000001000000010000000100000001000000010000000100000001000000010000000100000001000000010000000101110100000000010000000101101011000000010000000100000001000000010000000100000001000000010000000100000001000000010000000101100101000000010000000101101001000000010000000100000001000000010000000100000001000000010000000100000001000000010000000101111111000000010000000100000001000000010000000100000001000000010000000100000001000000010000000100000001000000010000000100000001000000010000000100000001000000010000000100000001000000010000000100000001000000010000000100000001000000010000000100000001000000010000000100000001000000010000000100000001000000010000000100000001000000010000000100000001000000010000000100000001000000010000000100000001000000010000000100000001000000010000000100000001000000010000000100000001000000010000000100000001000000010000000100000001000000010000000100000001000000010000000100000001000000010000000100000001000000010000000100000001000000010000000100000001000000010000000100000001000000010000000100000001000000010000000100000001000000010000000100000001000000010000000100000001000000010000000100000001000000010000000100000001000000010000000100000001000000010000000100000001000000010000000100000001000000010000000100000001000000010000000100000001000000010000000100000001000000010000000100000001000000010000000100000001000000010000000100000001000000010000000100000001000000010000000100000001000000010000000100000001000000010000000100000001000000010000000100000001000000010000000100000001000000010000000100000001000000010000000100000001000000010000000100000001000000010000000100000001000000010000000100000001000000010000000100000001000000010000000100000001000000010000000100000001000000010000000100000001000000010000000100000001000000010000000100000001000000010000000100000001000000010000000100000001000000010000000100000001000000010000000100000001000000010000000100000001000000010000000100000001000000010000000100000001000000010000000100000001000000010000000100000001000000010000000100000001000000010000000100000001000000010000000100000001000000010000000100000001000000010000000100000001000000010000000100000001000000010000000100000001000000010000000100000001000000010000000100000001000000010000000100000001000000010000000100000001000000010000000100000001000000010000000100000001000000010000000100000001000000010000000100000001000000010000000100000001000000010000000100000001000000010000000100000001000000010000000100000001000000010000000100000001000000010000000100000001000000010000000100000001000000010000000100000001000000010000000100000001000000010000000100000001000000010000000100000001000000010000000100000001000000010000000100000001000000010000000100000001000000010000000100000001000000010000000100000001000000010000000100000001000000010000000100000001000000010000000100000001000000010000000100000001000000010000000100000001000000010000000100000001000000010000000100000001000000010000000100000001000000010000000100000001000000010000000100000001000000010000000100000001000000010000000100000001000000010000000100000001000000010000000100000001000000010000000100000001000000010000000100000001000000010000000100000001000000010000000100000001000000010000000100000001000000010000000100000001000000010000000100000001000000010000000100000001000000010000000100000001000000010000000100000001000000010000000100000001000000010000000100000001000000010000000100000001000000010000000100000001000000010000000100000001000000010000000100000001000000010000000100000001000000010000000100000001000000010000000100000001000000010000000100000001000000010000000100000001000000010000000100000001000000010000000100000001000000010000000100000001000000010000000100000001000000010000000100000001000000010000000100000001000000010000000100000001000000010000000100000001000000010000000100000001000000010000000100000001000000010000000100000001000000010000000100000001000000010000000100000001000000010000000100000001000000010000000100000001000000010000000100000001000000010000000100000001000000010000000100000001000000010000000100000001000000010000000100000001000000010000000100000001000000010000000100000001000000010000000100000001000000010000000100000001000000010000000100000001000000010000000100000001000000010000000100000001000000010000000100000001000000010000000100000001000000010000000100000001000000010000000100000001000000010000000100000001000000010000000100000001000000010000000100000001000000010000000100000001000000010000000100000001000000010000000100000001000000010000000100000001000000010000000100000001000000010000000100000001000000010000000100000001000000010000000100000001000000010000000100000001000000010000000100000001000000010000000100000001000000010000000100000001000000010000000100000001000000010000000100000001000000010000000100000001000000010000000100000001000000010000000100000001000000010000000100000001000000010000000100000001000000010000000100000001000000010000000100000001000000010000000100000001000000010000000100000001000000010000000100000001000000010000000100000001000000010000000100000001000000010000000100000001000000010000000100000001000000010000000100000001000000010000000100000001000000010000000100000001000000010000000100000001000000010000000100000001000000010000000100000001000000010000000100000001000000010000000100000001000000010000000100000001000000010000000100000001000000010000000100000001000000010000000100000001000000010000000100000001000000010000000100000001000000010000000100000001000000010000000100000001000000010000000100000001000000010000000100000001000000010000000100000001000000010000000100000001000000010000000100000001000000010000000100000001000000010000000100000001000000010000000100000001000000010000000100000001000000010000000100000001000000010000000100000001000000010000000100000001000000010000000100000001000000010000000100000001000000010000000100000001000000010000000100000001000000010000000100000001000000010000000100000001000000010000000100000001000000010000000100000001000000010000000100000001000000010000000100000001000000010000000100000001000000010000000100000001000000010000000100000001000000010000000100000001000000010000000100000001000000010000000100000001000000010000000100000001000000010000000100000001000000010000000100000001000000010000000100000001000000010000000100000001000000010000000100000001000000010000000100000001000000010000000100000001000000010000000100000001000000010000000100000001000000010000000100000001000000010000000100000001000000010000000100000001000000010000000100000001000000010000000100000001000000010000000100000001000000010000000100000001000000010000000100000001000000010000000100000001000000010000000100000001000000010000000100000001000000010000000100000001000000010000000100000001000000010000000100000001000000010000000100000001000000010000000100000001000000010000000100000001000000010000000100000001000000010000000100000001000000010000000100000001000000010000000100000001000000010000000100000001000000010000000100000001000000010000000100000001000000010000000100000001000000010000000100000001000000010000000100000001000000010000000100000001000000010000000100000001000000010000000100000001000000010000000100000001000000010000000100000001000000010000000100000001000000010000000100000001000000010000000100000001000000010000000100000001000000010000000100000001000000010000000100000001000000010000000100000001000000010000000100000001000000010000000100000001000000010000000100000001000000010000000100000001000000010000000100000001000000010000000100000001000000010000000100000001000000010000000100000001000000010000000100000001000000010000000100000001000000010000000100000001000000010000000100000001000000010000000100000001000000010000000100000001000000010000000100000001000000010000000100000001000000010000000100000001000000010000000100000001000000010000000100000001000000010000000100000001000000010000000100000001000000010000000100000001000000010000000100000001000000010000000100000001000000010000000100000001000000010000000100000001000000010000000100000001000000010000000100000001000000010000000100000001000000010000000100000001000000010000000100000001000000010000000100000001000000010000000100000001000000010000000100000001000000010000000100000001000000010000000100000001000000010000000100000001000000010000000100000001000000010000000100000001000000010000000100000001000000010000000100000001000000010000000100000001000000010000000100000001000000010000000100000001000000010000000100000001000000010000000101011100000000010000000101011011000000010000000100000001000000010000000101110110000000010000000100000001000000010000000101010011000000010000000101011010000000010000000100000001000000010000000100000001000000010000000100000001000000010000000101110110000000010000000101111111000000010000000100000001000000010000000100000001000000010000000100000001000000010000000100000001000000010000000100000001000000010000000100000001000000010000000100000001000000010000000100000001000000010000000100000001000000010000000100000001000000000000000100000001000000010000000100000001000000010000000100000001000000010000000100000001000000010000000100000001000000010000000100000001000000010000000100000001000000010000000100000001000000010000000100000001000000010000000100000001000000010000000100000001011011110000000100000001011101100000000100000001000000010000000100000001000000010000000100000001010110100000000100000001010110010000000100000001011100000000000100000001000000010000000100000001011001100000000100000001011000010000000100000001011001010000000100000001011011000000000100000001000000010000000100000001011111110000000100000001011100110000000100000001011110100000000100000001000000010000000100000001000000010000000100000001000000010000000100000001000000010000000100000001000000010000000100000001000000010000000100000001000000010000000100000001000000010000000100000001000000010000000100000001000000010000000100000001000000010000000100000001000000010000000100000001000000010000000100000001000000010000000100000001000000010000000100000001000000010000000100000001000000010000000100000001000000010000000100000001000000010000000100000001000000010000000100000001000000010000000100000001000000010000000100000001000000010000000100000001000000010000000100000001000000010000000100000001000000010000000100000001000000010000000100000001000000010000000100000001000000010000000100000001000000010000000100000001000000010000000100000001000000010000000100000001000000010000000100000001000000010000000100000001000000010000000100000001000000010000000100000001000000010000000100000001000000010000000100000001000000010000000100000001000000010000000100000001000000010000000100000001000000010000000100000001000000010000000100000001000000010000000100000001000000010000000100000001000000010000000100000001000000010000000100000001000000010000000100000001000000010000000100000001000000010000000100000001000000010000000100000001000000010000000100000001000000010000000100000001000000010000000100000001000000010000000100000001000000010000000100000001000000010000000100000001000000010000000100000001000000010000000100000001000000010000000100000001000000010000000100000001000000010000000100000001000000010000000100000001000000010000000100000001000000010000000100000001000000010000000100000001000000010000000100000001000000010000000100000001000000010000000100000001000000010000000100000001000000010000000100000001000000010000000100000001000000010000000100000001000000010000000100000001000000010000000100000001000000010000000100000001000000010000000100000001000000010000000100000001000000010000000100000001000000010000000100000001000000010000000100000001000000010000000100000001000000010000000100000001000000010000000100000001000000010000000100000001000000010000000100000001000000010000000100000001000000010000000100000001000000010000000100000001000000010000000100000001000000010000000100000001000000010000000100000001000000010000000100000001000000010000000100000001000000010000000100000001000000010000000100000001000000010000000100000001000000010000000100000001000000010000000100000001000000010000000100000001000000010000000100000001000000010000000100000001000000010000000100000001000000010000000100000001000000010000000100000001000000010000000100000001000000010000000100000001000000010000000100000001000000010000000100000001000000010000000100000001000000010000000100000001000000010000000100000001000000010000000100000001000000010000000100000001000000010000000100000001000000010000000100000001000000010000000100000001000000010000000100000001000000010000000100000001000000010000000100000001000000010000000100000001000000010000000100000001000000010000000100000001000000010000000100000001000000010000000100000001000000010000000100000001000000010000000100000001000000010000000100000001000000010000000100000001000000010000000100000001000000010000000100000001000000010000000100000001000000010000000100000001000000010000000100000001000000010000000100000001000000010000000100000001000000010000000100000001000000010000000100000001000000010000000100000001000000010000000100000001000000010000000100000001000000010000000100000001000000010000000100000001000000010000000100000001000000010000000100000001000000010000000100000001000000010000000100000001000000010000000100000001000000010000000100000001000000010000000100000001000000010000000100000001000000010000000100000001000000010000000100000001000000010000000100000001000000010000000100000001000000010000000100000001000000010000000100000001000000010000000100000001000000010000000100000001000000010000000100000001000000010000000100000001000000010000000100000001000000010000000100000001000000010000000100000001000000010000000100000001000000010000000100000001000000010000000100000001000000010000000100000001000000010000000100000001000000010000000100000001000000010000000100000001000000010000000100000001000000010000000100000001000000010000000100000001000000010000000100000001000000010000000100000001000000010000000100000001000000010000000100000001000000010000000100000001000000010000000100000001000000010000000100000001000000010000000100000001000000010000000100000001000000010000000100000001000000010000000100000001000000010000000100000001000000010000000100000001000000010000000100000001000000010000000100000001000000010000000100000001000000010000000100000001000000010000000100000001000000010000000100000001000000010000000100000001000000010000000100000001000000010000000100000001000000010000000100000001000000010000000100000001000000010000000100000001000000010000000100000001000000010000000100000001000000010000000100000001000000010000000100000001000000010000000100000001000000010000000100000001000000010000000100000001000000010000000100000001000000010000000100000001000000010000000100000001000000010000000100000001000000010000000100000001000000010000000100000001000000010000000100000001000000010000000100000001000000010000000100000001000000010000000100000001000000010000000100000001000000010000000100000001000000010000000100000001000000010000000100000001000000010000000100000001000000010000000100000001000000010000000100000001000000010000000100000001000000010000000100000001000000010000000100000001000000010000000100000001000000010000000100000001000000010000000100000001000000010000000100000001000000010000000100000001000000010000000100000001000000010000000100000001000000010000000100000001000000010000000100000001000000010000000100000001000000010000000100000001000000010000000100000001000000010000000100000001000000010000000100000001000000010000000100000001000000010000000100000001000000010000000100000001000000010000000100000001000000010000000100000001000000010000000100000001000000010000000100000001000000010000000100000001000000010000000100000001000000010000000100000001000000010000000100000001000000010000000100000001000000010000000100000001000000010000000100000001000000010000000100000001000000010000000100000001000000010000000100000001000000010000000100000001000000010000000100000001000000010000000100000001000000010000000100000001000000010000000100000001000000010000000100000001000000010000000100000001000000010000000100000001000000010000000100000001000000010000000100000001000000010000000100000001000000010000000100000001000000010000000100000001000000010000000100000001000000010000000100000001000000010000000100000001000000010000000100000001000000010000000100000001000000010000000100000001000000010000000100000001000000010000000100000001000000010000000100000001000000010000000100000001000000010000000100000001000000010000000100000001000000010000000100000001000000010000000100000001000000010000000100000001000000010000000100000001000000010000000100000001000000010000000100000001000000010000000100000001000000010000000100000001000000010000000100000001000000010000000100000001000000010000000100000001000000010000000100000001000000010000000100000001000000010000000100000001000000010000000100000001000000010000000100000001000000010000000100000001000000010000000100000001000000010000000100000001000000010000000100000001000000010000000100000001000000010000000100000001000000010000000100000001000000010000000100000001000000010000000100000001000000010000000100000001000000010000000100000001000000010000000100000001000000010000000100000001000000010000000100000001000000010000000100000001000000010000000100000001000000010000000100000001000000010000000100000001000000010000000100000001000000010000000100000001000000010000000100000001000000010000000100000001000000010000000100000001000000010000000100000001000000010000000100000001000000010000000100000001000000010000000100000001000000010000000100000001000000010000000100000001000000010000000100000001000000010000000100000001011100100000000100000001011110010000000100000001000000010000000100000001010111110000000100000001010011110000000100000001010010100000000100000001010011110000000100000001011011110000000100000001010101100000000100000001010001000000000100000001010011110000000100000001011011110000000100000001000000010000000100000001011011110000000100000001010110100000000100000001011001110000000100000001000000010000000100000001000000010000000100000001000000010000000100000001000000010000000100000001000000010000000100000001000000010000000100000001000000010000000100000001000000010000000100000001000000010000000100000001000000010000000000000001000000010000000100000001000000010000000100000001000000010000000100000001000000010000000100000001000000010000000100000001000000010000000100000001000000010000000100000001000000010000000100000001000000010000000100000001000000010000000100000001000000010111000000000001000000010111001000000001000000010000000100000001000000010000000100000001000000010101101000000001000000010101110000000001000000010110111100000001000000010000000100000001000000010110011100000001000000010110000100000001000000010110010000000001000000010110101000000001000000010000000100000001000000010111111100000001000000010111010000000001000000010111101100000001000000010000000100000001000000010000000100000001000000010000000100000001000000010000000100000001000000010000000100000001000000010000000100000001000000010000000100000001000000010000000100000001000000010000000100000001000000010000000100000001000000010000000100000001000000010000000100000001000000010000000100000001000000010000000100000001000000010000000100000001000000010000000100000001000000010000000100000001000000010000000100000001000000010000000100000001000000010000000100000001000000010000000100000001000000010000000100000001000000010000000100000001000000010000000100000001000000010000000100000001000000010000000100000001000000010000000100000001000000010000000100000001000000010000000100000001000000010000000100000001000000010000000100000001000000010000000100000001000000010000000100000001000000010000000100000001000000010000000100000001000000010000000100000001000000010000000100000001000000010000000100000001000000010000000100000001000000010000000100000001000000010000000100000001000000010000000100000001000000010000000100000001000000010000000100000001000000010000000100000001000000010000000100000001000000010000000100000001000000010000000100000001000000010000000100000001000000010000000100000001000000010000000100000001000000010000000100000001000000010000000100000001000000010000000100000001000000010000000100000001000000010000000100000001000000010000000100000001000000010000000100000001000000010000000100000001000000010000000100000001000000010000000100000001000000010000000100000001000000010000000100000001000000010000000100000001000000010000000100000001000000010000000100000001000000010000000100000001000000010000000100000001000000010000000100000001000000010000000100000001000000010000000100000001000000010000000100000001000000010000000100000001000000010000000100000001000000010000000100000001000000010000000100000001000000010000000100000001000000010000000100000001000000010000000100000001000000010000000100000001000000010000000100000001000000010000000100000001000000010000000100000001000000010000000100000001000000010000000100000001000000010000000100000001000000010000000100000001000000010000000100000001000000010000000100000001000000010000000100000001000000010000000100000001000000010000000100000001000000010000000100000001000000010000000100000001000000010000000100000001000000010000000100000001000000010000000100000001000000010000000100000001000000010000000100000001000000010000000100000001000000010000000100000001000000010000000100000001000000010000000100000001000000010000000100000001000000010000000100000001000000010000000100000001000000010000000100000001000000010000000100000001000000010000000100000001000000010000000100000001000000010000000100000001000000010000000100000001000000010000000100000001000000010000000100000001000000010000000100000001000000010000000100000001000000010000000100000001000000010000000100000001000000010000000100000001000000010000000100000001000000010000000100000001000000010000000100000001000000010000000100000001000000010000000100000001000000010000000100000001000000010000000100000001000000010000000100000001000000010000000100000001000000010000000100000001000000010000000100000001000000010000000100000001000000010000000100000001000000010000000100000001000000010000000100000001000000010000000100000001000000010000000100000001000000010000000100000001000000010000000100000001000000010000000100000001000000010000000100000001000000010000000100000001000000010000000100000001000000010000000100000001000000010000000100000001000000010000000100000001000000010000000100000001000000010000000100000001000000010000000100000001000000010000000100000001000000010000000100000001000000010000000100000001000000010000000100000001000000010000000100000001000000010000000100000001000000010000000100000001000000010000000100000001000000010000000100000001000000010000000100000001000000010000000100000001000000010000000100000001000000010000000100000001000000010000000100000001000000010000000100000001000000010000000100000001000000010000000100000001000000010000000100000001000000010000000100000001000000010000000100000001000000010000000100000001000000010000000100000001000000010000000100000001000000010000000100000001000000010000000100000001000000010000000100000001000000010000000100000001000000010000000100000001000000010000000100000001000000010000000100000001000000010000000100000001000000010000000100000001000000010000000100000001000000010000000100000001000000010000000100000001000000010000000100000001000000010000000100000001000000010000000100000001000000010000000100000001000000010000000100000001000000010000000100000001000000010000000100000001000000010000000100000001000000010000000100000001000000010000000100000001000000010000000100000001000000010000000100000001000000010000000100000001000000010000000100000001000000010000000100000001000000010000000100000001000000010000000100000001000000010000000100000001000000010000000100000001000000010000000100000001000000010000000100000001000000010000000100000001000000010000000100000001000000010000000100000001000000010000000100000001000000010000000100000001000000010000000100000001000000010000000100000001000000010000000100000001000000010000000100000001000000010000000100000001000000010000000100000001000000010000000100000001000000010000000100000001000000010000000100000001000000010000000100000001000000010000000100000001000000010000000100000001000000010000000100000001000000010000000100000001000000010000000100000001000000010000000100000001000000010000000100000001000000010000000100000001000000010000000100000001000000010000000100000001000000010000000100000001000000010000000100000001000000010000000100000001000000010000000100000001000000010000000100000001000000010000000100000001000000010000000100000001000000010000000100000001000000010000000100000001000000010000000100000001000000010000000100000001000000010000000100000001000000010000000100000001000000010000000100000001000000010000000100000001000000010000000100000001000000010000000100000001000000010000000100000001000000010000000100000001000000010000000100000001000000010000000100000001000000010000000100000001000000010000000100000001000000010000000100000001000000010000000100000001000000010000000100000001000000010000000100000001000000010000000100000001000000010000000100000001000000010000000100000001000000010000000100000001000000010000000100000001000000010000000100000001000000010000000100000001000000010000000100000001000000010000000100000001000000010000000100000001000000010000000100000001000000010000000100000001000000010000000100000001000000010000000100000001000000010000000100000001000000010000000100000001000000010000000100000001000000010000000100000001000000010000000100000001000000010000000100000001000000010000000100000001000000010000000100000001000000010000000100000001000000010000000100000001000000010000000100000001000000010000000100000001000000010000000100000001000000010000000100000001000000010000000100000001000000010000000100000001000000010000000100000001000000010000000100000001000000010000000100000001000000010000000100000001000000010000000100000001000000010000000100000001000000010000000100000001000000010000000100000001000000010000000100000001000000010000000100000001000000010000000100000001000000010000000100000001000000010000000100000001000000010000000100000001000000010000000100000001000000010000000100000001000000010000000100000001000000010000000100000001000000010000000100000001000000010000000100000001000000010000000100000001000000010000000100000001000000010000000100000001000000010000000100000001000000010000000100000001000000010000000100000001000000010000000100000001000000010000000100000001000000010000000100000001000000010000000100000001000000010000000100000001000000010000000100000001000000010000000100000001000000010000000100000001000000010000000100000001000000010000000100000001000000010000000100000001000000010000000100000001000000010000000100000001000000010000000100000001000000010000000100000001000000010000000100000001000000010000000100000001000000010111000100000001000000010111110000000001000000010000000100000001000000010101101100000001000000010101001000000001000000010100100100000001000000010100110000000001000000010110011000000001000000010101010100000001000000010100001100000001000000010100101000000001000000010111000000000001000000010000000100000001000000010110110100000001000000010101011000000001000000010110100100000001000000010000000100000001000000010000000100000001000000010000000100000001000000010000000100000001000000010000000100000001000000010000000100000001000000010000000100000001000000010000000100000001000000010000000100000001000000010000000100000000000000010000000100000001000000010000000100000001000000010000000100000001000000010000000100000001000000010000000100000001000000010000000100000001000000010000000100000001000000010000000100000001000000010000000100000001000000010000000100000001000000010000000100000001000000010000000100000001000000010000000100000001000000010000000100000001000000010000000101111000000000010000000101101010000000010000000100000001000000010000000100000001000000010000000100000001000000010000000101101000000000010000000101101010000000010000000100000001000000010000000100000001000000010000000100000001000000010000000100000001000000010000000100000001000000010000000100000001000000010000000100000001000000010000000100000001000000010000000100000001000000010000000100000001000000010000000100000001000000010000000100000001000000010000000100000001000000010000000100000001000000010000000100000001000000010000000100000001000000010000000100000001000000010000000100000001000000010000000100000001000000010000000100000001000000010000000100000001000000010000000100000001000000010000000100000001000000010000000100000001000000010000000100000001000000010000000100000001000000010000000100000001000000010000000100000001000000010000000100000001000000010000000100000001000000010000000100000001000000010000000100000001000000010000000100000001000000010000000100000001000000010000000100000001000000010000000100000001000000010000000100000001000000010000000100000001000000010000000100000001000000010000000100000001000000010000000100000001000000010000000100000001000000010000000100000001000000010000000100000001000000010000000100000001000000010000000100000001000000010000000100000001000000010000000100000001000000010000000100000001000000010000000100000001000000010000000100000001000000010000000100000001000000010000000100000001000000010000000100000001000000010000000100000001000000010000000100000001000000010000000100000001000000010000000100000001000000010000000100000001000000010000000100000001000000010000000100000001000000010000000100000001000000010000000100000001000000010000000100000001000000010000000100000001000000010000000100000001000000010000000100000001000000010000000100000001000000010000000100000001000000010000000100000001000000010000000100000001000000010000000100000001000000010000000100000001000000010000000100000001000000010000000100000001000000010000000100000001000000010000000100000001000000010000000100000001000000010000000100000001000000010000000100000001000000010000000100000001000000010000000100000001000000010000000100000001000000010000000100000001000000010000000100000001000000010000000100000001000000010000000100000001000000010000000100000001000000010000000100000001000000010000000100000001000000010000000100000001000000010000000100000001000000010000000100000001000000010000000100000001000000010000000100000001000000010000000100000001000000010000000100000001000000010000000100000001000000010000000100000001000000010000000100000001000000010000000100000001000000010000000100000001000000010000000100000001000000010000000100000001000000010000000100000001000000010000000100000001000000010000000100000001000000010000000100000001000000010000000100000001000000010000000100000001000000010000000100000001000000010000000100000001000000010000000100000001000000010000000100000001000000010000000100000001000000010000000100000001000000010000000100000001000000010000000100000001000000010000000100000001000000010000000100000001000000010000000100000001000000010000000100000001000000010000000100000001000000010000000100000001000000010000000100000001000000010000000100000001000000010000000100000001000000010000000100000001000000010000000100000001000000010000000100000001000000010000000100000001000000010000000100000001000000010000000100000001000000010000000100000001000000010000000100000001000000010000000100000001000000010000000100000001000000010000000100000001000000010000000100000001000000010000000100000001000000010000000100000001000000010000000100000001000000010000000100000001000000010000000100000001000000010000000100000001000000010000000100000001000000010000000100000001000000010000000100000001000000010000000100000001000000010000000100000001000000010000000100000001000000010000000100000001000000010000000100000001000000010000000100000001000000010000000100000001000000010000000100000001000000010000000100000001000000010000000100000001000000010000000100000001000000010000000100000001000000010000000100000001000000010000000100000001000000010000000100000001000000010000000100000001000000010000000100000001000000010000000100000001000000010000000100000001000000010000000100000001000000010000000100000001000000010000000100000001000000010000000100000001000000010000000100000001000000010000000100000001000000010000000100000001000000010000000100000001000000010000000100000001000000010000000100000001000000010000000100000001000000010000000100000001000000010000000100000001000000010000000100000001000000010000000100000001000000010000000100000001000000010000000100000001000000010000000100000001000000010000000100000001000000010000000100000001000000010000000100000001000000010000000100000001000000010000000100000001000000010000000100000001000000010000000100000001000000010000000100000001000000010000000100000001000000010000000100000001000000010000000100000001000000010000000100000001000000010000000100000001000000010000000100000001000000010000000100000001000000010000000100000001000000010000000100000001000000010000000100000001000000010000000100000001000000010000000100000001000000010000000100000001000000010000000100000001000000010000000100000001000000010000000100000001000000010000000100000001000000010000000100000001000000010000000100000001000000010000000100000001000000010000000100000001000000010000000100000001000000010000000100000001000000010000000100000001000000010000000100000001000000010000000100000001000000010000000100000001000000010000000100000001000000010000000100000001000000010000000100000001000000010000000100000001000000010000000100000001000000010000000100000001000000010000000100000001000000010000000100000001000000010000000100000001000000010000000100000001000000010000000100000001000000010000000100000001000000010000000100000001000000010000000100000001000000010000000100000001000000010000000100000001000000010000000100000001000000010000000100000001000000010000000100000001000000010000000100000001000000010000000100000001000000010000000100000001000000010000000100000001000000010000000100000001000000010000000100000001000000010000000100000001000000010000000100000001000000010000000100000001000000010000000100000001000000010000000100000001000000010000000100000001000000010000000100000001000000010000000100000001000000010000000100000001000000010000000100000001000000010000000100000001000000010000000100000001000000010000000100000001000000010000000100000001000000010000000100000001000000010000000100000001000000010000000100000001000000010000000100000001000000010000000100000001000000010000000100000001000000010000000100000001000000010000000100000001000000010000000100000001000000010000000100000001000000010000000100000001000000010000000100000001000000010000000100000001000000010000000100000001000000010000000100000001000000010000000100000001000000010000000100000001000000010000000100000001000000010000000100000001000000010000000100000001000000010000000100000001000000010000000100000001000000010000000100000001000000010000000100000001000000010000000100000001000000010000000100000001000000010000000100000001000000010000000100000001000000010000000100000001000000010000000100000001000000010000000100000001000000010000000100000001000000010000000100000001000000010000000100000001000000010000000100000001000000010000000100000001000000010000000100000001000000010000000100000001000000010000000100000001000000010000000100000001000000010000000100000001000000010000000100000001000000010000000100000001000000010000000100000001000000010000000100000001000000010000000100000001000000010000000100000001000000010000000100000001000000010000000100000001000000010000000100000001000000010000000100000001000000010000000100000001000000010000000100000001000000010000000100000001000000010000000100000001000000010000000100000001000000010000000100000001000000010000000100000001000000010000000100000001000000010000000100000001000000010000000100000001000000010000000100000001000000010000000100000001000000010000000100000001000000010000000100000001000000010000000100000001000000010000000100000001000000010000000100000001000000010000000100000001000000010000000100000001000000010000000100000001000000010000000100000001000000010000000100000001000000010000000100000001000000010000000100000001000000010000000100000001000000010000000100000001000000010000000100000001000000010000000100000001000000010000000101010110000000010000000101011000000000010000000101110110000000010000000101111001000000010000000101111010000000010000000101001101000000010000000101011110000000010000000100000001000000010000000100000001000000010000000100000001000000010000000101110011000000010000000100000001000000010000000100000001000000010000000100000001000000010000000100000001000000010000000100000001000000010000000100000001000000010000000100000001000000010000000100000001000000010000000100000001000000010000000100000001000000010000000100000001000000000000000100000001000000010000000100000001000000010000000100000001000000010000000100000001000000010000000100000001000000010000000100000001000000010000000100000001000000010000000100000001000000010000000100000001000000010000000100000001000000010000000100000001000000010000000100000001000000010000000100000001000000010000000100000001000000010000000100000001000000010000000100000001000000010000000100000001000000010000000100000001000000010000000100000001000000010000000100000001000000010000000100000001000000010000000100000001000000010000000100000001000000010000000100000001000000010000000100000001000000010000000100000001000000010000000100000001000000010000000100000001000000010000000100000001000000010000000100000001000000010000000100000001000000010000000100000001000000010000000100000001000000010000000100000001000000010000000100000001000000010000000100000001000000010000000100000001000000010000000100000001000000010000000100000001000000010000000100000001000000010000000100000001000000010000000100000001000000010000000100000001000000010000000100000001000000010000000100000001000000010000000100000001000000010000000100000001000000010000000100000001000000010000000100000001000000010000000100000001000000010000000100000001000000010000000100000001000000010000000100000001000000010000000100000001000000010000000100000001000000010000000100000001000000010000000100000001000000010000000100000001000000010000000100000001000000010000000100000001000000010000000100000001000000010000000100000001000000010000000100000001000000010000000100000001000000010000000100000001000000010000000100000001000000010000000100000001000000010000000100000001000000010000000100000001000000010000000100000001000000010000000100000001000000010000000100000001000000010000000100000001000000010000000100000001000000010000000100000001000000010000000100000001000000010000000100000001000000010000000100000001000000010000000100000001000000010000000100000001000000010000000100000001000000010000000100000001000000010000000100000001000000010000000100000001000000010000000100000001000000010000000100000001000000010000000100000001000000010000000100000001000000010000000100000001000000010000000100000001000000010000000100000001000000010000000100000001000000010000000100000001000000010000000100000001000000010000000100000001000000010000000100000001000000010000000100000001000000010000000100000001000000010000000100000001000000010000000100000001000000010000000100000001000000010000000100000001000000010000000100000001000000010000000100000001000000010000000100000001000000010000000100000001000000010000000100000001000000010000000100000001000000010000000100000001000000010000000100000001000000010000000100000001000000010000000100000001000000010000000100000001000000010000000100000001000000010000000100000001000000010000000100000001000000010000000100000001000000010000000100000001000000010000000100000001000000010000000100000001000000010000000100000001000000010000000100000001000000010000000100000001000000010000000100000001000000010000000100000001000000010000000100000001000000010000000100000001000000010000000100000001000000010000000100000001000000010000000100000001000000010000000100000001000000010000000100000001000000010000000100000001000000010000000100000001000000010000000100000001000000010000000100000001000000010000000100000001000000010000000100000001000000010000000100000001000000010000000100000001000000010000000100000001000000010000000100000001000000010000000100000001000000010000000100000001000000010000000100000001000000010000000100000001000000010000000100000001000000010000000100000001000000010000000100000001000000010000000100000001000000010000000100000001000000010000000100000001000000010000000100000001000000010000000100000001000000010000000100000001000000010000000100000001000000010000000100000001000000010000000100000001000000010000000100000001000000010000000100000001000000010000000100000001000000010000000100000001000000010000000100000001000000010000000100000001000000010000000100000001000000010000000100000001000000010000000100000001000000010000000100000001000000010000000100000001000000010000000100000001000000010000000100000001000000010000000100000001000000010000000100000001000000010000000100000001000000010000000100000001000000010000000100000001000000010000000100000001000000010000000100000001000000010000000100000001000000010000000100000001000000010000000100000001000000010000000100000001000000010000000100000001000000010000000100000001000000010000000100000001000000010000000100000001000000010000000100000001000000010000000100000001000000010000000100000001000000010000000100000001000000010000000100000001000000010000000100000001000000010000000100000001000000010000000100000001000000010000000100000001000000010000000100000001000000010000000100000001000000010000000100000001000000010000000100000001000000010000000100000001000000010000000100000001000000010000000100000001000000010000000100000001000000010000000100000001000000010000000100000001000000010000000100000001000000010000000100000001000000010000000100000001000000010000000100000001000000010000000100000001000000010000000100000001000000010000000100000001000000010000000100000001000000010000000100000001000000010000000100000001000000010000000100000001000000010000000100000001000000010000000100000001000000010000000100000001000000010000000100000001000000010000000100000001000000010000000100000001000000010000000100000001000000010000000100000001000000010000000100000001000000010000000100000001000000010000000100000001000000010000000100000001000000010000000100000001000000010000000100000001000000010000000100000001000000010000000100000001000000010000000100000001000000010000000100000001000000010000000100000001000000010000000100000001000000010000000100000001000000010000000100000001000000010000000100000001000000010000000100000001000000010000000100000001000000010000000100000001000000010000000100000001000000010000000100000001000000010000000100000001000000010000000100000001000000010000000100000001000000010000000100000001000000010000000100000001000000010000000100000001000000010000000100000001000000010000000100000001000000010000000100000001000000010000000100000001000000010000000100000001000000010000000100000001000000010000000100000001000000010000000100000001000000010000000100000001000000010000000100000001000000010000000100000001000000010000000100000001000000010000000100000001000000010000000100000001000000010000000100000001000000010000000100000001000000010000000100000001000000010000000100000001000000010000000100000001000000010000000100000001000000010000000100000001000000010000000100000001000000010000000100000001000000010000000100000001000000010000000100000001000000010000000100000001000000010000000100000001000000010000000100000001000000010000000100000001000000010000000100000001000000010000000100000001000000010000000100000001000000010000000100000001000000010000000100000001000000010000000100000001000000010000000100000001000000010000000100000001000000010000000100000001000000010000000100000001000000010000000100000001000000010000000100000001000000010000000100000001000000010000000100000001000000010000000100000001000000010000000100000001000000010000000100000001000000010000000100000001000000010000000100000001000000010000000100000001000000010000000100000001000000010000000100000001000000010000000100000001000000010000000100000001000000010000000100000001000000010000000100000001000000010000000100000001000000010000000100000001000000010000000100000001000000010000000100000001000000010000000100000001000000010000000100000001000000010000000100000001000000010000000100000001000000010000000100000001000000010000000100000001000000010000000100000001000000010000000100000001000000010000000100000001000000010000000100000001000000010000000100000001000000010000000100000001000000010000000100000001000000010000000100000001000000010000000100000001000000010000000100000001000000010000000100000001000000010000000100000001000000010000000100000001000000010000000100000001000000010000000100000001000000010000000100000001000000010000000100000001000000010000000100000001000000010000000100000001000000010000000100000001000000010000000100000001000000010000000100000001000000010000000100000001000000010000000100000001000000010000000100000001000000010000000100000001000000010000000100000001000000010000000100000001000000010000000100000001000000010000000100000001000000010000000100000001000000010000000100000001000000010000000100000001000000010000000100000001000000010000000100000001000000010000000100000001000000010000000100000001000000010000000100000001000000010000000100000001000000010000000100000001000000010000000100000001000000010000000100000001000000010000000100000001000000010000000100000001000000010000000100000001000000010000000100000001011111100000000100000001000000010000000100000001011101110000000100000001000000010000000100000001000000010000000100000001000000010000000100000001000000010000000100000001000000010000000100000001000000010000000100000001000000010000000100000001000000010000000100000001000000010000000100000001000000010000000100000001000000010000000100000001000000010000000100000001000000010000000100000001000000010000000100000001000000010000000100000001000000010000000100000001000000010000000100000001000000010000000000000001000000010000000100000001000000010000000100000001000000010000000100000001000000010000000100000001000000010000000100000001000000010000000100000001000000010000000100000001000000010000000100000001000000010000000100000001000000010000000100000001000000010000000100000001000000010000000100000001000000010000000100000001000000010000000100000001000000010000000100000001000000010111100000000001000000010000000100000001000000010000000100000001000000010000000100000001000000010111000000000001000000010111001100000001000000010000000100000001000000010000000100000001000000010000000100000001000000010000000100000001000000010000000100000001000000010000000100000001000000010000000100000001000000010000000100000001000000010000000100000001000000010000000100000001000000010000000100000001000000010000000100000001000000010000000100000001000000010000000100000001000000010000000100000001000000010000000100000001000000010000000100000001000000010000000100000001000000010000000100000001000000010000000100000001000000010000000100000001000000010000000100000001000000010000000100000001000000010000000100000001000000010000000100000001000000010000000100000001000000010000000100000001000000010000000100000001000000010000000100000001000000010000000100000001000000010000000100000001000000010000000100000001000000010000000100000001000000010000000100000001000000010000000100000001000000010000000100000001000000010000000100000001000000010000000100000001000000010000000100000001000000010000000100000001000000010000000100000001000000010000000100000001000000010000000100000001000000010000000100000001000000010000000100000001000000010000000100000001000000010000000100000001000000010000000100000001000000010000000100000001000000010000000100000001000000010000000100000001000000010000000100000001000000010000000100000001000000010000000100000001000000010000000100000001000000010000000100000001000000010000000100000001000000010000000100000001000000010000000100000001000000010000000100000001000000010000000100000001000000010000000100000001000000010000000100000001000000010000000100000001000000010000000100000001000000010000000100000001000000010000000100000001000000010000000100000001000000010000000100000001000000010000000100000001000000010000000100000001000000010000000100000001000000010000000100000001000000010000000100000001000000010000000100000001000000010000000100000001000000010000000100000001000000010000000100000001000000010000000100000001000000010000000100000001000000010000000100000001000000010000000100000001000000010000000100000001000000010000000100000001000000010000000100000001000000010000000100000001000000010000000100000001000000010000000100000001000000010000000100000001000000010000000100000001000000010000000100000001000000010000000100000001000000010000000100000001000000010000000100000001000000010000000100000001000000010000000100000001000000010000000100000001000000010000000100000001000000010000000100000001000000010000000100000001000000010000000100000001000000010000000100000001000000010000000100000001000000010000000100000001000000010000000100000001000000010000000100000001000000010000000100000001000000010000000100000001000000010000000100000001000000010000000100000001000000010000000100000001000000010000000100000001000000010000000100000001000000010000000100000001000000010000000100000001000000010000000100000001000000010000000100000001000000010000000100000001000000010000000100000001000000010000000100000001000000010000000100000001000000010000000100000001000000010000000100000001000000010000000100000001000000010000000100000001000000010000000100000001000000010000000100000001000000010000000100000001000000010000000100000001000000010000000100000001000000010000000100000001000000010000000100000001000000010000000100000001000000010000000100000001000000010000000100000001000000010000000100000001000000010000000100000001000000010000000100000001000000010000000100000001000000010000000100000001000000010000000100000001000000010000000100000001000000010000000100000001000000010000000100000001000000010000000100000001000000010000000100000001000000010000000100000001000000010000000100000001000000010000000100000001000000010000000100000001000000010000000100000001000000010000000100000001000000010000000100000001000000010000000100000001000000010000000100000001000000010000000100000001000000010000000100000001000000010000000100000001000000010000000100000001000000010000000100000001000000010000000100000001000000010000000100000001000000010000000100000001000000010000000100000001000000010000000100000001000000010000000100000001000000010000000100000001000000010000000100000001000000010000000100000001000000010000000100000001000000010000000100000001000000010000000100000001000000010000000100000001000000010000000100000001000000010000000100000001000000010000000100000001000000010000000100000001000000010000000100000001000000010000000100000001000000010000000100000001000000010000000100000001000000010000000100000001000000010000000100000001000000010000000100000001000000010000000100000001000000010000000100000001000000010000000100000001000000010000000100000001000000010000000100000001000000010000000100000001000000010000000100000001000000010000000100000001000000010000000100000001000000010000000100000001000000010000000100000001000000010000000100000001000000010000000100000001000000010000000100000001000000010000000100000001000000010000000100000001000000010000000100000001000000010000000100000001000000010000000100000001000000010000000100000001000000010000000100000001000000010000000100000001000000010000000100000001000000010000000100000001000000010000000100000001000000010000000100000001000000010000000100000001000000010000000100000001000000010000000100000001000000010000000100000001000000010000000100000001000000010000000100000001000000010000000100000001000000010000000100000001000000010000000100000001000000010000000100000001000000010000000100000001000000010000000100000001000000010000000100000001000000010000000100000001000000010000000100000001000000010000000100000001000000010000000100000001000000010000000100000001000000010000000100000001000000010000000100000001000000010000000100000001000000010000000100000001000000010000000100000001000000010000000100000001000000010000000100000001000000010000000100000001000000010000000100000001000000010000000100000001000000010000000100000001000000010000000100000001000000010000000100000001000000010000000100000001000000010000000100000001000000010000000100000001000000010000000100000001000000010000000100000001000000010000000100000001000000010000000100000001000000010000000100000001000000010000000100000001000000010000000100000001000000010000000100000001000000010000000100000001000000010000000100000001000000010000000100000001000000010000000100000001000000010000000100000001000000010000000100000001000000010000000100000001000000010000000100000001000000010000000100000001000000010000000100000001000000010000000100000001000000010000000100000001000000010000000100000001000000010000000100000001000000010000000100000001000000010000000100000001000000010000000100000001000000010000000100000001000000010000000100000001000000010000000100000001000000010000000100000001000000010000000100000001000000010000000100000001000000010000000100000001000000010000000100000001000000010000000100000001000000010000000100000001000000010000000100000001000000010000000100000001000000010000000100000001000000010000000100000001000000010000000100000001000000010000000100000001000000010000000100000001000000010000000100000001000000010000000100000001000000010000000100000001000000010000000100000001000000010000000100000001000000010000000100000001000000010000000100000001000000010000000100000001000000010000000100000001000000010000000100000001000000010000000100000001000000010000000100000001000000010000000100000001000000010000000100000001000000010000000100000001000000010000000100000001000000010000000100000001000000010000000100000001000000010000000100000001000000010000000100000001000000010000000100000001000000010000000100000001000000010000000100000001000000010000000100000001000000010000000100000001000000010000000100000001000000010000000100000001000000010000000100000001000000010000000100000001000000010000000100000001000000010000000100000001000000010000000100000001000000010000000100000001000000010000000100000001000000010000000100000001000000010000000100000001000000010000000100000001000000010000000100000001000000010000000100000001000000010000000100000001000000010000000100000001000000010000000100000001000000010000000100000001000000010000000100000001000000010000000100000001000000010000000100000001000000010000000100000001000000010000000100000001000000010111111000000001000000010000000100000001000000010000000100000001000000010000000100000001000000010101111100000001000000010101100000000001000000010000000100000001000000010111100000000001000000010000000100000001000000010101001100000001000000010101101100000001000000010000000100000001000000010000000100000001000000010000000100000001000000010111100000000001000000010000000100000001000000010000000100000001000000010000000100000001000000010000000100000001000000010000000100000001000000010000000100000001000000010000000100000001000000010000000100000001000000010000000100000001000000010000000100000001000000010000000100000000000000010000000100000001000000010000000100000001000000010000000100000001000000010000000100000001000000010000000100000001000000010000000100000001000000010000000100000001000000010000000100000001000000010000000100000001000000010000000100000001000000010000000101110011000000010000000101111001000000010000000100000001000000010000000100000001000000010000000101011101000000010000000101100001000000010000000101110011000000010000000100000001000000010000000101110001000000010000000101100100000000010000000101100100000000010000000101110110000000010000000100000001000000010000000100000001000000010000000101101111000000010000000101111100000000010000000100000001000000010000000100000001000000010000000100000001000000010000000100000001000000010000000100000001000000010000000100000001000000010000000100000001000000010000000100000001000000010000000100000001000000010000000100000001000000010000000100000001000000010000000100000001000000010000000100000001000000010000000100000001000000010000000100000001000000010000000100000001000000010000000100000001000000010000000100000001000000010000000100000001000000010000000100000001000000010000000100000001000000010000000100000001000000010000000100000001000000010000000100000001000000010000000100000001000000010000000100000001000000010000000100000001000000010000000100000001000000010000000100000001000000010000000100000001000000010000000100000001000000010000000100000001000000010000000100000001000000010000000100000001000000010000000100000001000000010000000100000001000000010000000100000001000000010000000100000001000000010000000100000001000000010000000100000001000000010000000100000001000000010000000100000001000000010000000100000001000000010000000100000001000000010000000100000001000000010000000100000001000000010000000100000001000000010000000100000001000000010000000100000001000000010000000100000001000000010000000100000001000000010000000100000001000000010000000100000001000000010000000100000001000000010000000100000001000000010000000100000001000000010000000100000001000000010000000100000001000000010000000100000001000000010000000100000001000000010000000100000001000000010000000100000001000000010000000100000001000000010000000100000001000000010000000100000001000000010000000100000001000000010000000100000001000000010000000100000001000000010000000100000001000000010000000100000001000000010000000100000001000000010000000100000001000000010000000100000001000000010000000100000001000000010000000100000001000000010000000100000001000000010000000100000001000000010000000100000001000000010000000100000001000000010000000100000001000000010000000100000001000000010000000100000001000000010000000100000001000000010000000100000001000000010000000100000001000000010000000100000001000000010000000100000001000000010000000100000001000000010000000100000001000000010000000100000001000000010000000100000001000000010000000100000001000000010000000100000001000000010000000100000001000000010000000100000001000000010000000100000001000000010000000100000001000000010000000100000001000000010000000100000001000000010000000100000001000000010000000100000001000000010000000100000001000000010000000100000001000000010000000100000001000000010000000100000001000000010000000100000001000000010000000100000001000000010000000100000001000000010000000100000001000000010000000100000001000000010000000100000001000000010000000100000001000000010000000100000001000000010000000100000001000000010000000100000001000000010000000100000001000000010000000100000001000000010000000100000001000000010000000100000001000000010000000100000001000000010000000100000001000000010000000100000001000000010000000100000001000000010000000100000001000000010000000100000001000000010000000100000001000000010000000100000001000000010000000100000001000000010000000100000001000000010000000100000001000000010000000100000001000000010000000100000001000000010000000100000001000000010000000100000001000000010000000100000001000000010000000100000001000000010000000100000001000000010000000100000001000000010000000100000001000000010000000100000001000000010000000100000001000000010000000100000001000000010000000100000001000000010000000100000001000000010000000100000001000000010000000100000001000000010000000100000001000000010000000100000001000000010000000100000001000000010000000100000001000000010000000100000001000000010000000100000001000000010000000100000001000000010000000100000001000000010000000100000001000000010000000100000001000000010000000100000001000000010000000100000001000000010000000100000001000000010000000100000001000000010000000100000001000000010000000100000001000000010000000100000001000000010000000100000001000000010000000100000001000000010000000100000001000000010000000100000001000000010000000100000001000000010000000100000001000000010000000100000001000000010000000100000001000000010000000100000001000000010000000100000001000000010000000100000001000000010000000100000001000000010000000100000001000000010000000100000001000000010000000100000001000000010000000100000001000000010000000100000001000000010000000100000001000000010000000100000001000000010000000100000001000000010000000100000001000000010000000100000001000000010000000100000001000000010000000100000001000000010000000100000001000000010000000100000001000000010000000100000001000000010000000100000001000000010000000100000001000000010000000100000001000000010000000100000001000000010000000100000001000000010000000100000001000000010000000100000001000000010000000100000001000000010000000100000001000000010000000100000001000000010000000100000001000000010000000100000001000000010000000100000001000000010000000100000001000000010000000100000001000000010000000100000001000000010000000100000001000000010000000100000001000000010000000100000001000000010000000100000001000000010000000100000001000000010000000100000001000000010000000100000001000000010000000100000001000000010000000100000001000000010000000100000001000000010000000100000001000000010000000100000001000000010000000100000001000000010000000100000001000000010000000100000001000000010000000100000001000000010000000100000001000000010000000100000001000000010000000100000001000000010000000100000001000000010000000100000001000000010000000100000001000000010000000100000001000000010000000100000001000000010000000100000001000000010000000100000001000000010000000100000001000000010000000100000001000000010000000100000001000000010000000100000001000000010000000100000001000000010000000100000001000000010000000100000001000000010000000100000001000000010000000100000001000000010000000100000001000000010000000100000001000000010000000100000001000000010000000100000001000000010000000100000001000000010000000100000001000000010000000100000001000000010000000100000001000000010000000100000001000000010000000100000001000000010000000100000001000000010000000100000001000000010000000100000001000000010000000100000001000000010000000100000001000000010000000100000001000000010000000100000001000000010000000100000001000000010000000100000001000000010000000100000001000000010000000100000001000000010000000100000001000000010000000100000001000000010000000100000001000000010000000100000001000000010000000100000001000000010000000100000001000000010000000100000001000000010000000100000001000000010000000100000001000000010000000100000001000000010000000100000001000000010000000100000001000000010000000100000001000000010000000100000001000000010000000100000001000000010000000100000001000000010000000100000001000000010000000100000001000000010000000100000001000000010000000100000001000000010000000100000001000000010000000100000001000000010000000100000001000000010000000100000001000000010000000100000001000000010000000100000001000000010000000100000001000000010000000100000001000000010000000100000001000000010000000100000001000000010000000100000001000000010000000100000001000000010000000100000001000000010000000100000001000000010000000100000001000000010000000100000001000000010000000100000001000000010000000100000001000000010000000100000001000000010000000100000001000000010000000100000001000000010000000100000001000000010000000100000001000000010000000100000001000000010000000100000001000000010000000100000001000000010000000100000001000000010000000100000001000000010000000100000001000000010000000100000001000000010000000100000001000000010000000100000001000000010000000100000001000000010000000100000001000000010000000100000001000000010000000100000001000000010000000100000001000000010000000100000001000000010000000100000001000000010000000100000001000000010000000100000001000000010000000100000001000000010000000100000001000000010000000100000001000000010000000100000001000000010000000100000001000000010000000100000001000000010000000101101000000000010000000101101100000000010000000100000001000000010000000101001110000000010000000101000010000000010000000100111110000000010000000100111001000000010000000101100001000000010000000101000100000000010000000100101001000000010000000101000110000000010000000101101010000000010000000100000001000000010000000101110011000000010000000101010101000000010000000101101001000000010000000100000001000000010000000100000001000000010000000100000001000000010000000100000001000000010000000100000001000000010000000100000001000000010000000100000001000000010000000100000001000000010000000100000001000000010000000100000001000000000000000100000001000000010000000100000001000000010000000100000001000000010000000100000001000000010000000100000001000000010000000100000001000000010000000100000001000000010000000100000001000000010000000100000001000000010000000100000001000000010000000100000001011100000000000100000001011110000000000100000001000000010000000100000001000000010000000100000001011010000000000100000001010110110000000100000001011100010000000100000001000000010000000100000001011010110000000100000001010111110000000100000001011000000000000100000001011011000000000100000001000000010000000100000001011111100000000100000001011011100000000100000001011101010000000100000001000000010000000100000001000000010000000100000001000000010000000100000001000000010000000100000001000000010000000100000001000000010000000100000001000000010000000100000001000000010000000100000001000000010000000100000001000000010000000100000001000000010000000100000001000000010000000100000001000000010000000100000001000000010000000100000001000000010000000100000001000000010000000100000001000000010000000100000001000000010000000100000001000000010000000100000001000000010000000100000001000000010000000100000001000000010000000100000001000000010000000100000001000000010000000100000001000000010000000100000001000000010000000100000001000000010000000100000001000000010000000100000001000000010000000100000001000000010000000100000001000000010000000100000001000000010000000100000001000000010000000100000001000000010000000100000001000000010000000100000001000000010000000100000001000000010000000100000001000000010000000100000001000000010000000100000001000000010000000100000001000000010000000100000001000000010000000100000001000000010000000100000001000000010000000100000001000000010000000100000001000000010000000100000001000000010000000100000001000000010000000100000001000000010000000100000001000000010000000100000001000000010000000100000001000000010000000100000001000000010000000100000001000000010000000100000001000000010000000100000001000000010000000100000001000000010000000100000001000000010000000100000001000000010000000100000001000000010000000100000001000000010000000100000001000000010000000100000001000000010000000100000001000000010000000100000001000000010000000100000001000000010000000100000001000000010000000100000001000000010000000100000001000000010000000100000001000000010000000100000001000000010000000100000001000000010000000100000001000000010000000100000001000000010000000100000001000000010000000100000001000000010000000100000001000000010000000100000001000000010000000100000001000000010000000100000001000000010000000100000001000000010000000100000001000000010000000100000001000000010000000100000001000000010000000100000001000000010000000100000001000000010000000100000001000000010000000100000001000000010000000100000001000000010000000100000001000000010000000100000001000000010000000100000001000000010000000100000001000000010000000100000001000000010000000100000001000000010000000100000001000000010000000100000001000000010000000100000001000000010000000100000001000000010000000100000001000000010000000100000001000000010000000100000001000000010000000100000001000000010000000100000001000000010000000100000001000000010000000100000001000000010000000100000001000000010000000100000001000000010000000100000001000000010000000100000001000000010000000100000001000000010000000100000001000000010000000100000001000000010000000100000001000000010000000100000001000000010000000100000001000000010000000100000001000000010000000100000001000000010000000100000001000000010000000100000001000000010000000100000001000000010000000100000001000000010000000100000001000000010000000100000001000000010000000100000001000000010000000100000001000000010000000100000001000000010000000100000001000000010000000100000001000000010000000100000001000000010000000100000001000000010000000100000001000000010000000100000001000000010000000100000001000000010000000100000001000000010000000100000001000000010000000100000001000000010000000100000001000000010000000100000001000000010000000100000001000000010000000100000001000000010000000100000001000000010000000100000001000000010000000100000001000000010000000100000001000000010000000100000001000000010000000100000001000000010000000100000001000000010000000100000001000000010000000100000001000000010000000100000001000000010000000100000001000000010000000100000001000000010000000100000001000000010000000100000001000000010000000100000001000000010000000100000001000000010000000100000001000000010000000100000001000000010000000100000001000000010000000100000001000000010000000100000001000000010000000100000001000000010000000100000001000000010000000100000001000000010000000100000001000000010000000100000001000000010000000100000001000000010000000100000001000000010000000100000001000000010000000100000001000000010000000100000001000000010000000100000001000000010000000100000001000000010000000100000001000000010000000100000001000000010000000100000001000000010000000100000001000000010000000100000001000000010000000100000001000000010000000100000001000000010000000100000001000000010000000100000001000000010000000100000001000000010000000100000001000000010000000100000001000000010000000100000001000000010000000100000001000000010000000100000001000000010000000100000001000000010000000100000001000000010000000100000001000000010000000100000001000000010000000100000001000000010000000100000001000000010000000100000001000000010000000100000001000000010000000100000001000000010000000100000001000000010000000100000001000000010000000100000001000000010000000100000001000000010000000100000001000000010000000100000001000000010000000100000001000000010000000100000001000000010000000100000001000000010000000100000001000000010000000100000001000000010000000100000001000000010000000100000001000000010000000100000001000000010000000100000001000000010000000100000001000000010000000100000001000000010000000100000001000000010000000100000001000000010000000100000001000000010000000100000001000000010000000100000001000000010000000100000001000000010000000100000001000000010000000100000001000000010000000100000001000000010000000100000001000000010000000100000001000000010000000100000001000000010000000100000001000000010000000100000001000000010000000100000001000000010000000100000001000000010000000100000001000000010000000100000001000000010000000100000001000000010000000100000001000000010000000100000001000000010000000100000001000000010000000100000001000000010000000100000001000000010000000100000001000000010000000100000001000000010000000100000001000000010000000100000001000000010000000100000001000000010000000100000001000000010000000100000001000000010000000100000001000000010000000100000001000000010000000100000001000000010000000100000001000000010000000100000001000000010000000100000001000000010000000100000001000000010000000100000001000000010000000100000001000000010000000100000001000000010000000100000001000000010000000100000001000000010000000100000001000000010000000100000001000000010000000100000001000000010000000100000001000000010000000100000001000000010000000100000001000000010000000100000001000000010000000100000001000000010000000100000001000000010000000100000001000000010000000100000001000000010000000100000001000000010000000100000001000000010000000100000001000000010000000100000001000000010000000100000001000000010000000100000001000000010000000100000001000000010000000100000001000000010000000100000001000000010000000100000001000000010000000100000001000000010000000100000001000000010000000100000001000000010000000100000001000000010000000100000001000000010000000100000001000000010000000100000001000000010000000100000001000000010000000100000001000000010000000100000001000000010000000100000001000000010000000100000001000000010000000100000001000000010000000100000001000000010000000100000001000000010000000100000001000000010000000100000001000000010000000100000001000000010000000100000001000000010000000100000001000000010000000100000001000000010000000100000001000000010000000100000001000000010000000100000001000000010000000100000001000000010000000100000001000000010000000100000001000000010000000100000001000000010000000100000001000000010000000100000001000000010000000100000001000000010000000100000001000000010000000100000001000000010000000100000001000000010000000100000001000000010000000100000001000000010000000100000001000000010000000100000001000000010000000100000001000000010000000100000001000000010000000100000001000000010000000100000001000000010000000100000001000000010000000100000001000000010000000100000001000000010000000100000001000000010000000100000001000000010000000100000001000000010000000100000001000000010000000100000001000000010000000100000001011000110000000100000001011100000000000100000001000000010000000100000001010011110000000100000001001101000000000100000001001101100000000100000001010000100000000100000001010100110000000100000001010010100000000100000001010000010000000100000001001110000000000100000001011000110000000100000001000000010000000100000001011010010000000100000001010011110000000100000001011000100000000100000001000000010000000100000001000000010000000100000001000000010000000100000001000000010000000100000001000000010000000100000001000000010000000100000001000000010000000100000001000000010000000100000001000000010000000100000001000000010000000000000001000000010000000100000001000000010000000100000001000000010000000100000001000000010000000100000001000000010000000100000001000000010000000100000001000000010000000100000001000000010000000100000001000000010000000100000001000000010000000100000001000000010000000100000001000000010000000100000001000000010000000100000001000000010000000100000001000000010000000100000001000000010111100100000001000000010000000100000001000000010000000100000001000000010000000100000001000000010110111000000001000000010111010000000001000000010000000100000001000000010000000100000001000000010000000100000001000000010000000100000001000000010000000100000001000000010000000100000001000000010000000100000001000000010000000100000001000000010000000100000001000000010000000100000001000000010000000100000001000000010000000100000001000000010000000100000001000000010000000100000001000000010000000100000001000000010000000100000001000000010000000100000001000000010000000100000001000000010000000100000001000000010000000100000001000000010000000100000001000000010000000100000001000000010000000100000001000000010000000100000001000000010000000100000001000000010000000100000001000000010000000100000001000000010000000100000001000000010000000100000001000000010000000100000001000000010000000100000001000000010000000100000001000000010000000100000001000000010000000100000001000000010000000100000001000000010000000100000001000000010000000100000001000000010000000100000001000000010000000100000001000000010000000100000001000000010000000100000001000000010000000100000001000000010000000100000001000000010000000100000001000000010000000100000001000000010000000100000001000000010000000100000001000000010000000100000001000000010000000100000001000000010000000100000001000000010000000100000001000000010000000100000001000000010000000100000001000000010000000100000001000000010000000100000001000000010000000100000001000000010000000100000001000000010000000100000001000000010000000100000001000000010000000100000001000000010000000100000001000000010000000100000001000000010000000100000001000000010000000100000001000000010000000100000001000000010000000100000001000000010000000100000001000000010000000100000001000000010000000100000001000000010000000100000001000000010000000100000001000000010000000100000001000000010000000100000001000000010000000100000001000000010000000100000001000000010000000100000001000000010000000100000001000000010000000100000001000000010000000100000001000000010000000100000001000000010000000100000001000000010000000100000001000000010000000100000001000000010000000100000001000000010000000100000001000000010000000100000001000000010000000100000001000000010000000100000001000000010000000100000001000000010000000100000001000000010000000100000001000000010000000100000001000000010000000100000001000000010000000100000001000000010000000100000001000000010000000100000001000000010000000100000001000000010000000100000001000000010000000100000001000000010000000100000001000000010000000100000001000000010000000100000001000000010000000100000001000000010000000100000001000000010000000100000001000000010000000100000001000000010000000100000001000000010000000100000001000000010000000100000001000000010000000100000001000000010000000100000001000000010000000100000001000000010000000100000001000000010000000100000001000000010000000100000001000000010000000100000001000000010000000100000001000000010000000100000001000000010000000100000001000000010000000100000001000000010000000100000001000000010000000100000001000000010000000100000001000000010000000100000001000000010000000100000001000000010000000100000001000000010000000100000001000000010000000100000001000000010000000100000001000000010000000100000001000000010000000100000001000000010000000100000001000000010000000100000001000000010000000100000001000000010000000100000001000000010000000100000001000000010000000100000001000000010000000100000001000000010000000100000001000000010000000100000001000000010000000100000001000000010000000100000001000000010000000100000001000000010000000100000001000000010000000100000001000000010000000100000001000000010000000100000001000000010000000100000001000000010000000100000001000000010000000100000001000000010000000100000001000000010000000100000001000000010000000100000001000000010000000100000001000000010000000100000001000000010000000100000001000000010000000100000001000000010000000100000001000000010000000100000001000000010000000100000001000000010000000100000001000000010000000100000001000000010000000100000001000000010000000100000001000000010000000100000001000000010000000100000001000000010000000100000001000000010000000100000001000000010000000100000001000000010000000100000001000000010000000100000001000000010000000100000001000000010000000100000001000000010000000100000001000000010000000100000001000000010000000100000001000000010000000100000001000000010000000100000001000000010000000100000001000000010000000100000001000000010000000100000001000000010000000100000001000000010000000100000001000000010000000100000001000000010000000100000001000000010000000100000001000000010000000100000001000000010000000100000001000000010000000100000001000000010000000100000001000000010000000100000001000000010000000100000001000000010000000100000001000000010000000100000001000000010000000100000001000000010000000100000001000000010000000100000001000000010000000100000001000000010000000100000001000000010000000100000001000000010000000100000001000000010000000100000001000000010000000100000001000000010000000100000001000000010000000100000001000000010000000100000001000000010000000100000001000000010000000100000001000000010000000100000001000000010000000100000001000000010000000100000001000000010000000100000001000000010000000100000001000000010000000100000001000000010000000100000001000000010000000100000001000000010000000100000001000000010000000100000001000000010000000100000001000000010000000100000001000000010000000100000001000000010000000100000001000000010000000100000001000000010000000100000001000000010000000100000001000000010000000100000001000000010000000100000001000000010000000100000001000000010000000100000001000000010000000100000001000000010000000100000001000000010000000100000001000000010000000100000001000000010000000100000001000000010000000100000001000000010000000100000001000000010000000100000001000000010000000100000001000000010000000100000001000000010000000100000001000000010000000100000001000000010000000100000001000000010000000100000001000000010000000100000001000000010000000100000001000000010000000100000001000000010000000100000001000000010000000100000001000000010000000100000001000000010000000100000001000000010000000100000001000000010000000100000001000000010000000100000001000000010000000100000001000000010000000100000001000000010000000100000001000000010000000100000001000000010000000100000001000000010000000100000001000000010000000100000001000000010000000100000001000000010000000100000001000000010000000100000001000000010000000100000001000000010000000100000001000000010000000100000001000000010000000100000001000000010000000100000001000000010000000100000001000000010000000100000001000000010000000100000001000000010000000100000001000000010000000100000001000000010000000100000001000000010000000100000001000000010000000100000001000000010000000100000001000000010000000100000001000000010000000100000001000000010000000100000001000000010000000100000001000000010000000100000001000000010000000100000001000000010000000100000001000000010000000100000001000000010000000100000001000000010000000100000001000000010000000100000001000000010000000100000001000000010000000100000001000000010000000100000001000000010000000100000001000000010000000100000001000000010000000100000001000000010000000100000001000000010000000100000001000000010000000100000001000000010000000100000001000000010000000100000001000000010000000100000001000000010000000100000001000000010000000100000001000000010000000100000001000000010000000100000001000000010000000100000001000000010000000100000001000000010000000100000001000000010000000100000001000000010000000100000001000000010000000100000001000000010000000100000001000000010000000100000001000000010000000100000001000000010000000100000001000000010000000100000001000000010000000100000001000000010000000100000001000000010000000100000001000000010000000100000001000000010000000100000001000000010000000100000001000000010000000100000001000000010000000100000001000000010000000100000001000000010000000100000001000000010000000100000001000000010000000100000001000000010000000100000001000000010000000100000001000000010000000100000001000000010000000100000001000000010000000100000001000000010000000100000001000000010000000100000001000000010111111100000001000000010000000100000001000000010000000100000001000000010000000100000001000000010101110100000001000000010101011000000001000000010111011000000001000000010111010000000001000000010111101000000001000000010101001000000001000000010101101000000001000000010000000100000001000000010000000100000001000000010000000100000001000000010000000100000001000000010000000100000001000000010000000100000001000000010000000100000001000000010000000100000001000000010000000100000001000000010000000100000001000000010000000100000001000000010000000100000001000000010000000100000001000000010000000100000001000000010000000100000000000000010000000100000001000000010000000100000001000000010000000100000001000000010000000100000001000000010000000100000001000000010000000100000001000000010000000100000001000000010000000100000001000000010000000100000001000000010000000100000001000000010000000100000001000000010000000100000001000000010000000100000001000000010000000100000001000000010000000100000001000000010000000100000001000000010000000100000001000000010000000100000001000000010000000101111101000000010000000100000001000000010000000100000001000000010000000100000001000000010000000100000001000000010000000100000001000000010000000100000001000000010000000100000001000000010000000100000001000000010000000100000001000000010000000100000001000000010000000100000001000000010000000100000001000000010000000100000001000000010000000100000001000000010000000100000001000000010000000100000001000000010000000100000001000000010000000100000001000000010000000100000001000000010000000100000001000000010000000100000001000000010000000100000001000000010000000100000001000000010000000100000001000000010000000100000001000000010000000100000001000000010000000100000001000000010000000100000001000000010000000100000001000000010000000100000001000000010000000100000001000000010000000100000001000000010000000100000001000000010000000100000001000000010000000100000001000000010000000100000001000000010000000100000001000000010000000100000001000000010000000100000001000000010000000100000001000000010000000100000001000000010000000100000001000000010000000100000001000000010000000100000001000000010000000100000001000000010000000100000001000000010000000100000001000000010000000100000001000000010000000100000001000000010000000100000001000000010000000100000001000000010000000100000001000000010000000100000001000000010000000100000001000000010000000100000001000000010000000100000001000000010000000100000001000000010000000100000001000000010000000100000001000000010000000100000001000000010000000100000001000000010000000100000001000000010000000100000001000000010000000100000001000000010000000100000001000000010000000100000001000000010000000100000001000000010000000100000001000000010000000100000001000000010000000100000001000000010000000100000001000000010000000100000001000000010000000100000001000000010000000100000001000000010000000100000001000000010000000100000001000000010000000100000001000000010000000100000001000000010000000100000001000000010000000100000001000000010000000100000001000000010000000100000001000000010000000100000001000000010000000100000001000000010000000100000001000000010000000100000001000000010000000100000001000000010000000100000001000000010000000100000001000000010000000100000001000000010000000100000001000000010000000100000001000000010000000100000001000000010000000100000001000000010000000100000001000000010000000100000001000000010000000100000001000000010000000100000001000000010000000100000001000000010000000100000001000000010000000100000001000000010000000100000001000000010000000100000001000000010000000100000001000000010000000100000001000000010000000100000001000000010000000100000001000000010000000100000001000000010000000100000001000000010000000100000001000000010000000100000001000000010000000100000001000000010000000100000001000000010000000100000001000000010000000100000001000000010000000100000001000000010000000100000001000000010000000100000001000000010000000100000001000000010000000100000001000000010000000100000001000000010000000100000001000000010000000100000001000000010000000100000001000000010000000100000001000000010000000100000001000000010000000100000001000000010000000100000001000000010000000100000001000000010000000100000001000000010000000100000001000000010000000100000001000000010000000100000001000000010000000100000001000000010000000100000001000000010000000100000001000000010000000100000001000000010000000100000001000000010000000100000001000000010000000100000001000000010000000100000001000000010000000100000001000000010000000100000001000000010000000100000001000000010000000100000001000000010000000100000001000000010000000100000001000000010000000100000001000000010000000100000001000000010000000100000001000000010000000100000001000000010000000100000001000000010000000100000001000000010000000100000001000000010000000100000001000000010000000100000001000000010000000100000001000000010000000100000001000000010000000100000001000000010000000100000001000000010000000100000001000000010000000100000001000000010000000100000001000000010000000100000001000000010000000100000001000000010000000100000001000000010000000100000001000000010000000100000001000000010000000100000001000000010000000100000001000000010000000100000001000000010000000100000001000000010000000100000001000000010000000100000001000000010000000100000001000000010000000100000001000000010000000100000001000000010000000100000001000000010000000100000001000000010000000100000001000000010000000100000001000000010000000100000001000000010000000100000001000000010000000100000001000000010000000100000001000000010000000100000001000000010000000100000001000000010000000100000001000000010000000100000001000000010000000100000001000000010000000100000001000000010000000100000001000000010000000100000001000000010000000100000001000000010000000100000001000000010000000100000001000000010000000100000001000000010000000100000001000000010000000100000001000000010000000100000001000000010000000100000001000000010000000100000001000000010000000100000001000000010000000100000001000000010000000100000001000000010000000100000001000000010000000100000001000000010000000100000001000000010000000100000001000000010000000100000001000000010000000100000001000000010000000100000001000000010000000100000001000000010000000100000001000000010000000100000001000000010000000100000001000000010000000100000001000000010000000100000001000000010000000100000001000000010000000100000001000000010000000100000001000000010000000100000001000000010000000100000001000000010000000100000001000000010000000100000001000000010000000100000001000000010000000100000001000000010000000100000001000000010000000100000001000000010000000100000001000000010000000100000001000000010000000100000001000000010000000100000001000000010000000100000001000000010000000100000001000000010000000100000001000000010000000100000001000000010000000100000001000000010000000100000001000000010000000100000001000000010000000100000001000000010000000100000001000000010000000100000001000000010000000100000001000000010000000100000001000000010000000100000001000000010000000100000001000000010000000100000001000000010000000100000001000000010000000100000001000000010000000100000001000000010000000100000001000000010000000100000001000000010000000100000001000000010000000100000001000000010000000100000001000000010000000100000001000000010000000100000001000000010000000100000001000000010000000100000001000000010000000100000001000000010000000100000001000000010000000100000001000000010000000100000001000000010000000100000001000000010000000100000001000000010000000100000001000000010000000100000001000000010000000100000001000000010000000100000001000000010000000100000001000000010000000100000001000000010000000100000001000000010000000100000001000000010000000100000001000000010000000100000001000000010000000100000001000000010000000100000001000000010000000100000001000000010000000100000001000000010000000100000001000000010000000100000001000000010000000100000001000000010000000100000001000000010000000100000001000000010000000100000001000000010000000100000001000000010000000100000001000000010000000100000001000000010000000100000001000000010000000100000001000000010000000100000001000000010000000100000001000000010000000100000001000000010000000100000001000000010000000100000001000000010000000100000001000000010000000100000001000000010000000100000001000000010000000100000001000000010000000100000001000000010000000100000001000000010000000100000001000000010000000100000001000000010000000100000001000000010000000100000001000000010000000100000001000000010000000100000001000000010000000100000001000000010000000100000001000000010000000100000001000000010000000100000001000000010000000100000001000000010000000100000001000000010000000100000001000000010000000100000001000000010000000100000001000000010000000100000001000000010000000100000001000000010000000100000001000000010000000100000001000000010000000100000001000000010000000100000001000000010000000100000001000000010000000100000001000000010000000100000001000000010000000100000001000000010000000100000001000000010000000100000001000000010000000100000001000000010000000100000001000000010000000100000001000000010000000100000001000000010000000100000001000000010000000100000001000000010000000100000001000000010000000100000001000000010000000100000001000000010000000100000001000000010000000100000001000000010000000100000001000000010000000101111001000000010000000101111011000000010000000101111100000000010000000100000001000000010000000101111010000000010000000100000001000000010000000100000001000000010000000100000001000000010000000100000001000000010000000100000001000000010000000100000001000000010000000100000001000000010000000100000001000000010000000100000001000000010000000100000001000000010000000100000001000000010000000100000001000000010000000100000001000000010000000100000001000000010000000100000001000000010000000100000001000000000000000100000001000000010000000100000001000000010000000100000001000000010000000100000001000000010000000100000001000000010000000100000001000000010000000100000001000000010000000100000001000000010000000100000001000000010000000100000001000000010000000100000001000000010000000100000001000000010000000100000001000000010000000100000001000000010000000100000001011100110000000100000001011010100000000100000001000000010000000100000001000000010000000100000001011110110000000100000001011000000000000100000001011001010000000100000001000000010000000100000001000000010000000100000001000000010000000100000001000000010000000100000001000000010000000100000001000000010000000100000001000000010000000100000001000000010000000100000001000000010000000100000001000000010000000100000001000000010000000100000001000000010000000100000001000000010000000100000001000000010000000100000001000000010000000100000001000000010000000100000001000000010000000100000001000000010000000100000001000000010000000100000001000000010000000100000001000000010000000100000001000000010000000100000001000000010000000100000001000000010000000100000001000000010000000100000001000000010000000100000001000000010000000100000001000000010000000100000001000000010000000100000001000000010000000100000001000000010000000100000001000000010000000100000001000000010000000100000001000000010000000100000001000000010000000100000001000000010000000100000001000000010000000100000001000000010000000100000001000000010000000100000001000000010000000100000001000000010000000100000001000000010000000100000001000000010000000100000001000000010000000100000001000000010000000100000001000000010000000100000001000000010000000100000001000000010000000100000001000000010000000100000001000000010000000100000001000000010000000100000001000000010000000100000001000000010000000100000001000000010000000100000001000000010000000100000001000000010000000100000001000000010000000100000001000000010000000100000001000000010000000100000001000000010000000100000001000000010000000100000001000000010000000100000001000000010000000100000001000000010000000100000001000000010000000100000001000000010000000100000001000000010000000100000001000000010000000100000001000000010000000100000001000000010000000100000001000000010000000100000001000000010000000100000001000000010000000100000001000000010000000100000001000000010000000100000001000000010000000100000001000000010000000100000001000000010000000100000001000000010000000100000001000000010000000100000001000000010000000100000001000000010000000100000001000000010000000100000001000000010000000100000001000000010000000100000001000000010000000100000001000000010000000100000001000000010000000100000001000000010000000100000001000000010000000100000001000000010000000100000001000000010000000100000001000000010000000100000001000000010000000100000001000000010000000100000001000000010000000100000001000000010000000100000001000000010000000100000001000000010000000100000001000000010000000100000001000000010000000100000001000000010000000100000001000000010000000100000001000000010000000100000001000000010000000100000001000000010000000100000001000000010000000100000001000000010000000100000001000000010000000100000001000000010000000100000001000000010000000100000001000000010000000100000001000000010000000100000001000000010000000100000001000000010000000100000001000000010000000100000001000000010000000100000001000000010000000100000001000000010000000100000001000000010000000100000001000000010000000100000001000000010000000100000001000000010000000100000001000000010000000100000001000000010000000100000001000000010000000100000001000000010000000100000001000000010000000100000001000000010000000100000001000000010000000100000001000000010000000100000001000000010000000100000001000000010000000100000001000000010000000100000001000000010000000100000001000000010000000100000001000000010000000100000001000000010000000100000001000000010000000100000001000000010000000100000001000000010000000100000001000000010000000100000001000000010000000100000001000000010000000100000001000000010000000100000001000000010000000100000001000000010000000100000001000000010000000100000001000000010000000100000001000000010000000100000001000000010000000100000001000000010000000100000001000000010000000100000001000000010000000100000001000000010000000100000001000000010000000100000001000000010000000100000001000000010000000100000001000000010000000100000001000000010000000100000001000000010000000100000001000000010000000100000001000000010000000100000001000000010000000100000001000000010000000100000001000000010000000100000001000000010000000100000001000000010000000100000001000000010000000100000001000000010000000100000001000000010000000100000001000000010000000100000001000000010000000100000001000000010000000100000001000000010000000100000001000000010000000100000001000000010000000100000001000000010000000100000001000000010000000100000001000000010000000100000001000000010000000100000001000000010000000100000001000000010000000100000001000000010000000100000001000000010000000100000001000000010000000100000001000000010000000100000001000000010000000100000001000000010000000100000001000000010000000100000001000000010000000100000001000000010000000100000001000000010000000100000001000000010000000100000001000000010000000100000001000000010000000100000001000000010000000100000001000000010000000100000001000000010000000100000001000000010000000100000001000000010000000100000001000000010000000100000001000000010000000100000001000000010000000100000001000000010000000100000001000000010000000100000001000000010000000100000001000000010000000100000001000000010000000100000001000000010000000100000001000000010000000100000001000000010000000100000001000000010000000100000001000000010000000100000001000000010000000100000001000000010000000100000001000000010000000100000001000000010000000100000001000000010000000100000001000000010000000100000001000000010000000100000001000000010000000100000001000000010000000100000001000000010000000100000001000000010000000100000001000000010000000100000001000000010000000100000001000000010000000100000001000000010000000100000001000000010000000100000001000000010000000100000001000000010000000100000001000000010000000100000001000000010000000100000001000000010000000100000001000000010000000100000001000000010000000100000001000000010000000100000001000000010000000100000001000000010000000100000001000000010000000100000001000000010000000100000001000000010000000100000001000000010000000100000001000000010000000100000001000000010000000100000001000000010000000100000001000000010000000100000001000000010000000100000001000000010000000100000001000000010000000100000001000000010000000100000001000000010000000100000001000000010000000100000001000000010000000100000001000000010000000100000001000000010000000100000001000000010000000100000001000000010000000100000001000000010000000100000001000000010000000100000001000000010000000100000001000000010000000100000001000000010000000100000001000000010000000100000001000000010000000100000001000000010000000100000001000000010000000100000001000000010000000100000001000000010000000100000001000000010000000100000001000000010000000100000001000000010000000100000001000000010000000100000001000000010000000100000001000000010000000100000001000000010000000100000001000000010000000100000001000000010000000100000001000000010000000100000001000000010000000100000001000000010000000100000001000000010000000100000001000000010000000100000001000000010000000100000001000000010000000100000001000000010000000100000001000000010000000100000001000000010000000100000001000000010000000100000001000000010000000100000001000000010000000100000001000000010000000100000001000000010000000100000001000000010000000100000001000000010000000100000001000000010000000100000001000000010000000100000001000000010000000100000001000000010000000100000001000000010000000100000001000000010000000100000001000000010000000100000001000000010000000100000001000000010000000100000001000000010000000100000001000000010000000100000001000000010000000100000001000000010000000100000001000000010000000100000001000000010000000100000001000000010000000100000001000000010000000100000001000000010000000100000001000000010000000100000001000000010000000100000001000000010000000100000001000000010000000100000001000000010000000100000001000000010000000100000001000000010000000100000001000000010000000100000001000000010000000100000001000000010000000100000001000000010000000100000001000000010000000100000001000000010000000100000001000000010000000100000001000000010000000100000001000000010000000100000001000000010000000100000001000000010000000100000001000000010000000100000001000000010000000100000001011101100000000100000001000000010000000100000001000000010000000100000001000000010000000100000001010011000000000100000001010001010000000100000001011011010000000100000001011101000000000100000001011111010000000100000001010001010000000100000001010101000000000100000001000000010000000100000001000000010000000100000001000000010000000100000001011101100000000100000001011110100000000100000001000000010000000100000001000000010000000100000001000000010000000100000001000000010000000100000001000000010000000100000001000000010000000100000001000000010000000100000001000000010000000100000001000000010000000100000001000000010000000000000001000000010000000100000001000000010000000100000001000000010000000100000001000000010000000100000001000000010000000100000001000000010000000100000001000000010000000100000001000000010000000100000001000000010000000100000001000000010000000100000001000000010110111000000001000000010000000100000001000000010000000100000001000000010000000100000001000000010101110000000001000000010101111100000001000000010111011100000001000000010000000100000001000000010110101100000001000000010101110000000001000000010101101100000001000000010111011100000001000000010000000100000001000000010000000100000001000000010111101100000001000000010000000100000001000000010000000100000001000000010000000100000001000000010000000100000001000000010000000100000001000000010000000100000001000000010000000100000001000000010000000100000001000000010000000100000001000000010000000100000001000000010000000100000001000000010000000100000001000000010000000100000001000000010000000100000001000000010000000100000001000000010000000100000001000000010000000100000001000000010000000100000001000000010000000100000001000000010000000100000001000000010000000100000001000000010000000100000001000000010000000100000001000000010000000100000001000000010000000100000001000000010000000100000001000000010000000100000001000000010000000100000001000000010000000100000001000000010000000100000001000000010000000100000001000000010000000100000001000000010000000100000001000000010000000100000001000000010000000100000001000000010000000100000001000000010000000100000001000000010000000100000001000000010000000100000001000000010000000100000001000000010000000100000001000000010000000100000001000000010000000100000001000000010000000100000001000000010000000100000001000000010000000100000001000000010000000100000001000000010000000100000001000000010000000100000001000000010000000100000001000000010000000100000001000000010000000100000001000000010000000100000001000000010000000100000001000000010000000100000001000000010000000100000001000000010000000100000001000000010000000100000001000000010000000100000001000000010000000100000001000000010000000100000001000000010000000100000001000000010000000100000001000000010000000100000001000000010000000100000001000000010000000100000001000000010000000100000001000000010000000100000001000000010000000100000001000000010000000100000001000000010000000100000001000000010000000100000001000000010000000100000001000000010000000100000001000000010000000100000001000000010000000100000001000000010000000100000001000000010000000100000001000000010000000100000001000000010000000100000001000000010000000100000001000000010000000100000001000000010000000100000001000000010000000100000001000000010000000100000001000000010000000100000001000000010000000100000001000000010000000100000001000000010000000100000001000000010000000100000001000000010000000100000001000000010000000100000001000000010000000100000001000000010000000100000001000000010000000100000001000000010000000100000001000000010000000100000001000000010000000100000001000000010000000100000001000000010000000100000001000000010000000100000001000000010000000100000001000000010000000100000001000000010000000100000001000000010000000100000001000000010000000100000001000000010000000100000001000000010000000100000001000000010000000100000001000000010000000100000001000000010000000100000001000000010000000100000001000000010000000100000001000000010000000100000001000000010000000100000001000000010000000100000001000000010000000100000001000000010000000100000001000000010000000100000001000000010000000100000001000000010000000100000001000000010000000100000001000000010000000100000001000000010000000100000001000000010000000100000001000000010000000100000001000000010000000100000001000000010000000100000001000000010000000100000001000000010000000100000001000000010000000100000001000000010000000100000001000000010000000100000001000000010000000100000001000000010000000100000001000000010000000100000001000000010000000100000001000000010000000100000001000000010000000100000001000000010000000100000001000000010000000100000001000000010000000100000001000000010000000100000001000000010000000100000001000000010000000100000001000000010000000100000001000000010000000100000001000000010000000100000001000000010000000100000001000000010000000100000001000000010000000100000001000000010000000100000001000000010000000100000001000000010000000100000001000000010000000100000001000000010000000100000001000000010000000100000001000000010000000100000001000000010000000100000001000000010000000100000001000000010000000100000001000000010000000100000001000000010000000100000001000000010000000100000001000000010000000100000001000000010000000100000001000000010000000100000001000000010000000100000001000000010000000100000001000000010000000100000001000000010000000100000001000000010000000100000001000000010000000100000001000000010000000100000001000000010000000100000001000000010000000100000001000000010000000100000001000000010000000100000001000000010000000100000001000000010000000100000001000000010000000100000001000000010000000100000001000000010000000100000001000000010000000100000001000000010000000100000001000000010000000100000001000000010000000100000001000000010000000100000001000000010000000100000001000000010000000100000001000000010000000100000001000000010000000100000001000000010000000100000001000000010000000100000001000000010000000100000001000000010000000100000001000000010000000100000001000000010000000100000001000000010000000100000001000000010000000100000001000000010000000100000001000000010000000100000001000000010000000100000001000000010000000100000001000000010000000100000001000000010000000100000001000000010000000100000001000000010000000100000001000000010000000100000001000000010000000100000001000000010000000100000001000000010000000100000001000000010000000100000001000000010000000100000001000000010000000100000001000000010000000100000001000000010000000100000001000000010000000100000001000000010000000100000001000000010000000100000001000000010000000100000001000000010000000100000001000000010000000100000001000000010000000100000001000000010000000100000001000000010000000100000001000000010000000100000001000000010000000100000001000000010000000100000001000000010000000100000001000000010000000100000001000000010000000100000001000000010000000100000001000000010000000100000001000000010000000100000001000000010000000100000001000000010000000100000001000000010000000100000001000000010000000100000001000000010000000100000001000000010000000100000001000000010000000100000001000000010000000100000001000000010000000100000001000000010000000100000001000000010000000100000001000000010000000100000001000000010000000100000001000000010000000100000001000000010000000100000001000000010000000100000001000000010000000100000001000000010000000100000001000000010000000100000001000000010000000100000001000000010000000100000001000000010000000100000001000000010000000100000001000000010000000100000001000000010000000100000001000000010000000100000001000000010000000100000001000000010000000100000001000000010000000100000001000000010000000100000001000000010000000100000001000000010000000100000001000000010000000100000001000000010000000100000001000000010000000100000001000000010000000100000001000000010000000100000001000000010000000100000001000000010000000100000001000000010000000100000001000000010000000100000001000000010000000100000001000000010000000100000001000000010000000100000001000000010000000100000001000000010000000100000001000000010000000100000001000000010000000100000001000000010000000100000001000000010000000100000001000000010000000100000001000000010000000100000001000000010000000100000001000000010000000100000001000000010000000100000001000000010000000100000001000000010000000100000001000000010000000100000001000000010000000100000001000000010000000100000001000000010000000100000001000000010000000100000001000000010000000100000001000000010000000100000001000000010000000100000001000000010000000100000001000000010000000100000001000000010000000100000001000000010000000100000001000000010000000100000001000000010000000100000001000000010000000100000001000000010000000100000001000000010000000100000001000000010000000100000001000000010000000100000001000000010000000100000001000000010000000100000001000000010000000100000001000000010000000100000001000000010000000100000001000000010000000100000001000000010000000100000001000000010000000100000001000000010000000100000001000000010000000100000001000000010000000100000001000000010000000100000001000000010000000100000001000000010000000100000001000000010000000100000001000000010000000100000001000000010000000100000001000000010000000100000001000000010000000100000001000000010110010100000001000000010111111000000001000000010000000100000001000000010101101100000001000000010100001000000001000000010011111000000001000000010011100100000001000000010110100000000001000000010101100000000001000000010011100100000001000000010100111100000001000000010110110100000001000000010000000100000001000000010110110000000001000000010101111000000001000000010110010000000001000000010000000100000001000000010000000100000001000000010000000100000001000000010000000100000001000000010000000100000001000000010000000100000001000000010000000100000001000000010000000100000001000000010000000100000001000000010000000100000000000000010000000100000001000000010000000100000001000000010000000100000001000000010000000100000001000000010000000100000001000000010000000100000001000000010000000100000001000000010000000100000001000000010000000100000001000000010000000100000001000000010000000101110011000000010000000101110110000000010000000100000001000000010000000100000001000000010000000101100010000000010000000101011010000000010000000101110100000000010000000100000001000000010000000101100010000000010000000101100010000000010000000101100000000000010000000101101100000000010000000100000001000000010000000100000001000000010000000101111001000000010000000100000001000000010000000100000001000000010000000100000001000000010000000100000001000000010000000100000001000000010000000100000001000000010000000100000001000000010000000100000001000000010000000100000001000000010000000100000001000000010000000100000001000000010000000100000001000000010000000100000001000000010000000100000001000000010000000100000001000000010000000100000001000000010000000100000001000000010000000100000001000000010000000100000001000000010000000100000001000000010000000100000001000000010000000100000001000000010000000100000001000000010000000100000001000000010000000100000001000000010000000100000001000000010000000100000001000000010000000100000001000000010000000100000001000000010000000100000001000000010000000100000001000000010000000100000001000000010000000100000001000000010000000100000001000000010000000100000001000000010000000100000001000000010000000100000001000000010000000100000001000000010000000100000001000000010000000100000001000000010000000100000001000000010000000100000001000000010000000100000001000000010000000100000001000000010000000100000001000000010000000100000001000000010000000100000001000000010000000100000001000000010000000100000001000000010000000100000001000000010000000100000001000000010000000100000001000000010000000100000001000000010000000100000001000000010000000100000001000000010000000100000001000000010000000100000001000000010000000100000001000000010000000100000001000000010000000100000001000000010000000100000001000000010000000100000001000000010000000100000001000000010000000100000001000000010000000100000001000000010000000100000001000000010000000100000001000000010000000100000001000000010000000100000001000000010000000100000001000000010000000100000001000000010000000100000001000000010000000100000001000000010000000100000001000000010000000100000001000000010000000100000001000000010000000100000001000000010000000100000001000000010000000100000001000000010000000100000001000000010000000100000001000000010000000100000001000000010000000100000001000000010000000100000001000000010000000100000001000000010000000100000001000000010000000100000001000000010000000100000001000000010000000100000001000000010000000100000001000000010000000100000001000000010000000100000001000000010000000100000001000000010000000100000001000000010000000100000001000000010000000100000001000000010000000100000001000000010000000100000001000000010000000100000001000000010000000100000001000000010000000100000001000000010000000100000001000000010000000100000001000000010000000100000001000000010000000100000001000000010000000100000001000000010000000100000001000000010000000100000001000000010000000100000001000000010000000100000001000000010000000100000001000000010000000100000001000000010000000100000001000000010000000100000001000000010000000100000001000000010000000100000001000000010000000100000001000000010000000100000001000000010000000100000001000000010000000100000001000000010000000100000001000000010000000100000001000000010000000100000001000000010000000100000001000000010000000100000001000000010000000100000001000000010000000100000001000000010000000100000001000000010000000100000001000000010000000100000001000000010000000100000001000000010000000100000001000000010000000100000001000000010000000100000001000000010000000100000001000000010000000100000001000000010000000100000001000000010000000100000001000000010000000100000001000000010000000100000001000000010000000100000001000000010000000100000001000000010000000100000001000000010000000100000001000000010000000100000001000000010000000100000001000000010000000100000001000000010000000100000001000000010000000100000001000000010000000100000001000000010000000100000001000000010000000100000001000000010000000100000001000000010000000100000001000000010000000100000001000000010000000100000001000000010000000100000001000000010000000100000001000000010000000100000001000000010000000100000001000000010000000100000001000000010000000100000001000000010000000100000001000000010000000100000001000000010000000100000001000000010000000100000001000000010000000100000001000000010000000100000001000000010000000100000001000000010000000100000001000000010000000100000001000000010000000100000001000000010000000100000001000000010000000100000001000000010000000100000001000000010000000100000001000000010000000100000001000000010000000100000001000000010000000100000001000000010000000100000001000000010000000100000001000000010000000100000001000000010000000100000001000000010000000100000001000000010000000100000001000000010000000100000001000000010000000100000001000000010000000100000001000000010000000100000001000000010000000100000001000000010000000100000001000000010000000100000001000000010000000100000001000000010000000100000001000000010000000100000001000000010000000100000001000000010000000100000001000000010000000100000001000000010000000100000001000000010000000100000001000000010000000100000001000000010000000100000001000000010000000100000001000000010000000100000001000000010000000100000001000000010000000100000001000000010000000100000001000000010000000100000001000000010000000100000001000000010000000100000001000000010000000100000001000000010000000100000001000000010000000100000001000000010000000100000001000000010000000100000001000000010000000100000001000000010000000100000001000000010000000100000001000000010000000100000001000000010000000100000001000000010000000100000001000000010000000100000001000000010000000100000001000000010000000100000001000000010000000100000001000000010000000100000001000000010000000100000001000000010000000100000001000000010000000100000001000000010000000100000001000000010000000100000001000000010000000100000001000000010000000100000001000000010000000100000001000000010000000100000001000000010000000100000001000000010000000100000001000000010000000100000001000000010000000100000001000000010000000100000001000000010000000100000001000000010000000100000001000000010000000100000001000000010000000100000001000000010000000100000001000000010000000100000001000000010000000100000001000000010000000100000001000000010000000100000001000000010000000100000001000000010000000100000001000000010000000100000001000000010000000100000001000000010000000100000001000000010000000100000001000000010000000100000001000000010000000100000001000000010000000100000001000000010000000100000001000000010000000100000001000000010000000100000001000000010000000100000001000000010000000100000001000000010000000100000001000000010000000100000001000000010000000100000001000000010000000100000001000000010000000100000001000000010000000100000001000000010000000100000001000000010000000100000001000000010000000100000001000000010000000100000001000000010000000100000001000000010000000100000001000000010000000100000001000000010000000100000001000000010000000100000001000000010000000100000001000000010000000100000001000000010000000100000001000000010000000100000001000000010000000100000001000000010000000100000001000000010000000100000001000000010000000100000001000000010000000100000001000000010000000100000001000000010000000100000001000000010000000100000001000000010000000100000001000000010000000100000001000000010000000100000001000000010000000100000001000000010000000100000001000000010000000100000001000000010000000100000001000000010000000100000001000000010000000100000001000000010000000100000001000000010000000100000001000000010000000100000001000000010000000100000001000000010000000100000001000000010000000100000001000000010000000100000001000000010000000100000001000000010000000100000001000000010000000100000001000000010000000100000001000000010000000100000001000000010000000100000001000000010000000100000001000000010000000100000001000000010000000100000001000000010000000100000001000000010000000100000001000000010000000100000001000000010000000100000001000000010000000100000001000000010000000100000001000000010000000100000001000000010000000100000001000000010000000100000001000000010000000100000001000000010000000100000001000000010000000100000001000000010000000100000001000000010000000100000001000000010000000100000001000000010000000101110010000000010000000101110100000000010000000100000001000000010000000101100010000000010000000101001011000000010000000100111011000000010000000101001110000000010000000101101000000000010000000101011001000000010000000101001001000000010000000101000010000000010000000101110000000000010000000100000001000000010000000101110011000000010000000101011100000000010000000101011101000000010000000100000001000000010000000100000001000000010000000100000001000000010000000100000001000000010000000100000001000000010000000100000001000000010000000100000001000000010000000100000001000000010000000100000001000000010000000100000001000000000000000100000001000000010000000100000001000000010000000100000001000000010000000100000001000000010000000100000001000000010000000100000001000000010000000100000001000000010000000100000001000000010000000100000001000000010000000100000001000000010000000100000001000000010000000100000001000000010000000100000001000000010000000100000001000000010000000100000001011101100000000100000001011111000000000100000001000000010000000100000001000000010000000100000001000000010000000100000001011011000000000100000001011100100000000100000001000000010000000100000001000000010000000100000001000000010000000100000001000000010000000100000001000000010000000100000001000000010000000100000001000000010000000100000001000000010000000100000001000000010000000100000001000000010000000100000001000000010000000100000001000000010000000100000001000000010000000100000001000000010000000100000001000000010000000100000001000000010000000100000001000000010000000100000001000000010000000100000001000000010000000100000001000000010000000100000001000000010000000100000001000000010000000100000001000000010000000100000001000000010000000100000001000000010000000100000001000000010000000100000001000000010000000100000001000000010000000100000001000000010000000100000001000000010000000100000001000000010000000100000001000000010000000100000001000000010000000100000001000000010000000100000001000000010000000100000001000000010000000100000001000000010000000100000001000000010000000100000001000000010000000100000001000000010000000100000001000000010000000100000001000000010000000100000001000000010000000100000001000000010000000100000001000000010000000100000001000000010000000100000001000000010000000100000001000000010000000100000001000000010000000100000001000000010000000100000001000000010000000100000001000000010000000100000001000000010000000100000001000000010000000100000001000000010000000100000001000000010000000100000001000000010000000100000001000000010000000100000001000000010000000100000001000000010000000100000001000000010000000100000001000000010000000100000001000000010000000100000001000000010000000100000001000000010000000100000001000000010000000100000001000000010000000100000001000000010000000100000001000000010000000100000001000000010000000100000001000000010000000100000001000000010000000100000001000000010000000100000001000000010000000100000001000000010000000100000001000000010000000100000001000000010000000100000001000000010000000100000001000000010000000100000001000000010000000100000001000000010000000100000001000000010000000100000001000000010000000100000001000000010000000100000001000000010000000100000001000000010000000100000001000000010000000100000001000000010000000100000001000000010000000100000001000000010000000100000001000000010000000100000001000000010000000100000001000000010000000100000001000000010000000100000001000000010000000100000001000000010000000100000001000000010000000100000001000000010000000100000001000000010000000100000001000000010000000100000001000000010000000100000001000000010000000100000001000000010000000100000001000000010000000100000001000000010000000100000001000000010000000100000001000000010000000100000001000000010000000100000001000000010000000100000001000000010000000100000001000000010000000100000001000000010000000100000001000000010000000100000001000000010000000100000001000000010000000100000001000000010000000100000001000000010000000100000001000000010000000100000001000000010000000100000001000000010000000100000001000000010000000100000001000000010000000100000001000000010000000100000001000000010000000100000001000000010000000100000001000000010000000100000001000000010000000100000001000000010000000100000001000000010000000100000001000000010000000100000001000000010000000100000001000000010000000100000001000000010000000100000001000000010000000100000001000000010000000100000001000000010000000100000001000000010000000100000001000000010000000100000001000000010000000100000001000000010000000100000001000000010000000100000001000000010000000100000001000000010000000100000001000000010000000100000001000000010000000100000001000000010000000100000001000000010000000100000001000000010000000100000001000000010000000100000001000000010000000100000001000000010000000100000001000000010000000100000001000000010000000100000001000000010000000100000001000000010000000100000001000000010000000100000001000000010000000100000001000000010000000100000001000000010000000100000001000000010000000100000001000000010000000100000001000000010000000100000001000000010000000100000001000000010000000100000001000000010000000100000001000000010000000100000001000000010000000100000001000000010000000100000001000000010000000100000001000000010000000100000001000000010000000100000001000000010000000100000001000000010000000100000001000000010000000100000001000000010000000100000001000000010000000100000001000000010000000100000001000000010000000100000001000000010000000100000001000000010000000100000001000000010000000100000001000000010000000100000001000000010000000100000001000000010000000100000001000000010000000100000001000000010000000100000001000000010000000100000001000000010000000100000001000000010000000100000001000000010000000100000001000000010000000100000001000000010000000100000001000000010000000100000001000000010000000100000001000000010000000100000001000000010000000100000001000000010000000100000001000000010000000100000001000000010000000100000001000000010000000100000001000000010000000100000001000000010000000100000001000000010000000100000001000000010000000100000001000000010000000100000001000000010000000100000001000000010000000100000001000000010000000100000001000000010000000100000001000000010000000100000001000000010000000100000001000000010000000100000001000000010000000100000001000000010000000100000001000000010000000100000001000000010000000100000001000000010000000100000001000000010000000100000001000000010000000100000001000000010000000100000001000000010000000100000001000000010000000100000001000000010000000100000001000000010000000100000001000000010000000100000001000000010000000100000001000000010000000100000001000000010000000100000001000000010000000100000001000000010000000100000001000000010000000100000001000000010000000100000001000000010000000100000001000000010000000100000001000000010000000100000001000000010000000100000001000000010000000100000001000000010000000100000001000000010000000100000001000000010000000100000001000000010000000100000001000000010000000100000001000000010000000100000001000000010000000100000001000000010000000100000001000000010000000100000001000000010000000100000001000000010000000100000001000000010000000100000001000000010000000100000001000000010000000100000001000000010000000100000001000000010000000100000001000000010000000100000001000000010000000100000001000000010000000100000001000000010000000100000001000000010000000100000001000000010000000100000001000000010000000100000001000000010000000100000001000000010000000100000001000000010000000100000001000000010000000100000001000000010000000100000001000000010000000100000001000000010000000100000001000000010000000100000001000000010000000100000001000000010000000100000001000000010000000100000001000000010000000100000001000000010000000100000001000000010000000100000001000000010000000100000001000000010000000100000001000000010000000100000001000000010000000100000001000000010000000100000001000000010000000100000001000000010000000100000001000000010000000100000001000000010000000100000001000000010000000100000001000000010000000100000001000000010000000100000001000000010000000100000001000000010000000100000001000000010000000100000001000000010000000100000001000000010000000100000001000000010000000100000001000000010000000100000001000000010000000100000001000000010000000100000001000000010000000100000001000000010000000100000001000000010000000100000001000000010000000100000001000000010000000100000001000000010000000100000001000000010000000100000001000000010000000100000001000000010000000100000001000000010000000100000001000000010000000100000001000000010000000100000001000000010000000100000001000000010000000100000001000000010000000100000001000000010000000100000001000000010000000100000001000000010000000100000001000000010000000100000001000000010000000100000001000000010000000100000001000000010000000100000001000000010000000100000001000000010000000100000001000000010000000100000001000000010000000100000001000000010000000100000001000000010000000100000001000000010000000100000001000000010000000100000001000000010000000100000001000000010000000100000001000000010000000100000001000000010000000100000001000000010000000100000001000000010000000100000001000000010000000100000001000000010000000100000001000000010000000100000001011101110000000100000001000000010000000100000001000000010000000100000001000000010000000100000001010111000000000100000001010110010000000100000001011100110000000100000001011111010000000100000001000000010000000100000001010110110000000100000001010110010000000100000001000000010000000100000001000000010000000100000001000000010000000100000001011100110000000100000001000000010000000100000001000000010000000100000001000000010000000100000001000000010000000100000001000000010000000100000001000000010000000100000001000000010000000100000001000000010000000100000001000000010000000100000001000000010000000100000001000000010000000000000001000000010000000100000001000000010000000100000001000000010000000100000001000000010000000100000001000000010000000100000001000000010000000100000001000000010000000100000001000000010000000100000001000000010000000100000001000000010000000100000001000000010000000100000001000000010000000100000001000000010000000100000001000000010000000100000001000000010000000100000001000000010000000100000001000000010000000100000001000000010000000100000001000000010000000100000001000000010000000100000001000000010000000100000001000000010000000100000001000000010000000100000001000000010000000100000001000000010000000100000001000000010000000100000001000000010000000100000001000000010000000100000001000000010000000100000001000000010000000100000001000000010000000100000001000000010000000100000001000000010000000100000001000000010000000100000001000000010000000100000001000000010000000100000001000000010000000100000001000000010000000100000001000000010000000100000001000000010000000100000001000000010000000100000001000000010000000100000001000000010000000100000001000000010000000100000001000000010000000100000001000000010000000100000001000000010000000100000001000000010000000100000001000000010000000100000001000000010000000100000001000000010000000100000001000000010000000100000001000000010000000100000001000000010000000100000001000000010000000100000001000000010000000100000001000000010000000100000001000000010000000100000001000000010000000100000001000000010000000100000001000000010000000100000001000000010000000100000001000000010000000100000001000000010000000100000001000000010000000100000001000000010000000100000001000000010000000100000001000000010000000100000001000000010000000100000001000000010000000100000001000000010000000100000001000000010000000100000001000000010000000100000001000000010000000100000001000000010000000100000001000000010000000100000001000000010000000100000001000000010000000100000001000000010000000100000001000000010000000100000001000000010000000100000001000000010000000100000001000000010000000100000001000000010000000100000001000000010000000100000001000000010000000100000001000000010000000100000001000000010000000100000001000000010000000100000001000000010000000100000001000000010000000100000001000000010000000100000001000000010000000100000001000000010000000100000001000000010000000100000001000000010000000100000001000000010000000100000001000000010000000100000001000000010000000100000001000000010000000100000001000000010000000100000001000000010000000100000001000000010000000100000001000000010000000100000001000000010000000100000001000000010000000100000001000000010000000100000001000000010000000100000001000000010000000100000001000000010000000100000001000000010000000100000001000000010000000100000001000000010000000100000001000000010000000100000001000000010000000100000001000000010000000100000001000000010000000100000001000000010000000100000001000000010000000100000001000000010000000100000001000000010000000100000001000000010000000100000001000000010000000100000001000000010000000100000001000000010000000100000001000000010000000100000001000000010000000100000001000000010000000100000001000000010000000100000001000000010000000100000001000000010000000100000001000000010000000100000001000000010000000100000001000000010000000100000001000000010000000100000001000000010000000100000001000000010000000100000001000000010000000100000001000000010000000100000001000000010000000100000001000000010000000100000001000000010000000100000001000000010000000100000001000000010000000100000001000000010000000100000001000000010000000100000001000000010000000100000001000000010000000100000001000000010000000100000001000000010000000100000001000000010000000100000001000000010000000100000001000000010000000100000001000000010000000100000001000000010000000100000001000000010000000100000001000000010000000100000001000000010000000100000001000000010000000100000001000000010000000100000001000000010000000100000001000000010000000100000001000000010000000100000001000000010000000100000001000000010000000100000001000000010000000100000001000000010000000100000001000000010000000100000001000000010000000100000001000000010000000100000001000000010000000100000001000000010000000100000001000000010000000100000001000000010000000100000001000000010000000100000001000000010000000100000001000000010000000100000001000000010000000100000001000000010000000100000001000000010000000100000001000000010000000100000001000000010000000100000001000000010000000100000001000000010000000100000001000000010000000100000001000000010000000100000001000000010000000100000001000000010000000100000001000000010000000100000001000000010000000100000001000000010000000100000001000000010000000100000001000000010000000100000001000000010000000100000001000000010000000100000001000000010000000100000001000000010000000100000001000000010000000100000001000000010000000100000001000000010000000100000001000000010000000100000001000000010000000100000001000000010000000100000001000000010000000100000001000000010000000100000001000000010000000100000001000000010000000100000001000000010000000100000001000000010000000100000001000000010000000100000001000000010000000100000001000000010000000100000001000000010000000100000001000000010000000100000001000000010000000100000001000000010000000100000001000000010000000100000001000000010000000100000001000000010000000100000001000000010000000100000001000000010000000100000001000000010000000100000001000000010000000100000001000000010000000100000001000000010000000100000001000000010000000100000001000000010000000100000001000000010000000100000001000000010000000100000001000000010000000100000001000000010000000100000001000000010000000100000001000000010000000100000001000000010000000100000001000000010000000100000001000000010000000100000001000000010000000100000001000000010000000100000001000000010000000100000001000000010000000100000001000000010000000100000001000000010000000100000001000000010000000100000001000000010000000100000001000000010000000100000001000000010000000100000001000000010000000100000001000000010000000100000001000000010000000100000001000000010000000100000001000000010000000100000001000000010000000100000001000000010000000100000001000000010000000100000001000000010000000100000001000000010000000100000001000000010000000100000001000000010000000100000001000000010000000100000001000000010000000100000001000000010000000100000001000000010000000100000001000000010000000100000001000000010000000100000001000000010000000100000001000000010000000100000001000000010000000100000001000000010000000100000001000000010000000100000001000000010000000100000001000000010000000100000001000000010000000100000001000000010000000100000001000000010000000100000001000000010000000100000001000000010000000100000001000000010000000100000001000000010000000100000001000000010000000100000001000000010000000100000001000000010000000100000001000000010000000100000001000000010000000100000001000000010000000100000001000000010000000100000001000000010000000100000001000000010000000100000001000000010000000100000001000000010000000100000001000000010000000100000001000000010000000100000001000000010000000100000001000000010000000100000001000000010000000100000001000000010000000100000001000000010000000100000001000000010000000100000001000000010000000100000001000000010000000100000001000000010000000100000001000000010000000100000001000000010000000100000001000000010000000100000001000000010000000100000001000000010000000100000001000000010000000100000001000000010000000100000001000000010000000100000001000000010000000100000001000000010000000100000001000000010000000100000001000000010000000100000001000000010000000100000001000000010000000100000001000000010000000100000001000000010000000100000001000000010000000100000001000000010000000100000001000000010000000100000001000000010000000100000001000000010000000100000001000000010000000100000001000000010000000100000001000000010000000100000001000000010000000100000001000000010000000100000001000000010000000100000001000000010000000100000001000000010000000100000001000000010000000100000001000000010000000100000001000000010000000100000001000000010000000100000001000000010000000100000001000000010000000100000001000000010000000100000001000000010000000100000001000000010000000100000001000000010000000100000001000000010000000100000001000000010000000100000001000000010000000100000001000000010000000100000001000000010000000100000001000000010000000100000001000000010000000100000001000000010000000100000001000000010000000100000001000000010000000100000001000000010000000100000001000000010000000100000001000000010000000100000001000000010000000100000001000000010000000100000001000000010000000100000001000000010000000100000001000000010000000100000001000000010000000100000001000000010000000100000001000000010000000100000001000000010111110000000001000000010000000100000001000000010000000100000001000000010000000100000001000000010000000100000001000000010000000100000001000000010000000100000001000000010000000100000001000000010000000100000001000000010000000100000001000000010000000100000001000000010000000100000001000000010000000100000001000000010000000100000001000000010000000100000001000000010000000100000001000000010000000100000001000000010000000100000001000000010000000100000001000000010000000100000001000000010000000100000000000000010000000100000001000000010000000100000001000000010000000100000001000000010000000100000001000000010000000100000001000000010000000100000001000000010000000100000001000000010000000100000001000000010000000100000001000000010000000100000001000000010000000100000001000000010000000100000001000000010000000100000001000000010000000100000001000000010000000100000001000000010000000101110110000000010000000100000001000000010000000100000001000000010000000100000001000000010000000101101100000000010000000101110000000000010000000100000001000000010000000100000001000000010000000100000001000000010000000100000001000000010000000100000001000000010000000100000001000000010000000100000001000000010000000100000001000000010000000100000001000000010000000100000001000000010000000100000001000000010000000100000001000000010000000100000001000000010000000100000001000000010000000100000001000000010000000100000001000000010000000100000001000000010000000100000001000000010000000100000001000000010000000100000001000000010000000100000001000000010000000100000001000000010000000100000001000000010000000100000001000000010000000100000001000000010000000100000001000000010000000100000001000000010000000100000001000000010000000100000001000000010000000100000001000000010000000100000001000000010000000100000001000000010000000100000001000000010000000100000001000000010000000100000001000000010000000100000001000000010000000100000001000000010000000100000001000000010000000100000001000000010000000100000001000000010000000100000001000000010000000100000001000000010000000100000001000000010000000100000001000000010000000100000001000000010000000100000001000000010000000100000001000000010000000100000001000000010000000100000001000000010000000100000001000000010000000100000001000000010000000100000001000000010000000100000001000000010000000100000001000000010000000100000001000000010000000100000001000000010000000100000001000000010000000100000001000000010000000100000001000000010000000100000001000000010000000100000001000000010000000100000001000000010000000100000001000000010000000100000001000000010000000100000001000000010000000100000001000000010000000100000001000000010000000100000001000000010000000100000001000000010000000100000001000000010000000100000001000000010000000100000001000000010000000100000001000000010000000100000001000000010000000100000001000000010000000100000001000000010000000100000001000000010000000100000001000000010000000100000001000000010000000100000001000000010000000100000001000000010000000100000001000000010000000100000001000000010000000100000001000000010000000100000001000000010000000100000001000000010000000100000001000000010000000100000001000000010000000100000001000000010000000100000001000000010000000100000001000000010000000100000001000000010000000100000001000000010000000100000001000000010000000100000001000000010000000100000001000000010000000100000001000000010000000100000001000000010000000100000001000000010000000100000001000000010000000100000001000000010000000100000001000000010000000100000001000000010000000100000001000000010000000100000001000000010000000100000001000000010000000100000001000000010000000100000001000000010000000100000001000000010000000100000001000000010000000100000001000000010000000100000001000000010000000100000001000000010000000100000001000000010000000100000001000000010000000100000001000000010000000100000001000000010000000100000001000000010000000100000001000000010000000100000001000000010000000100000001000000010000000100000001000000010000000100000001000000010000000100000001000000010000000100000001000000010000000100000001000000010000000100000001000000010000000100000001000000010000000100000001000000010000000100000001000000010000000100000001000000010000000100000001000000010000000100000001000000010000000100000001000000010000000100000001000000010000000100000001000000010000000100000001000000010000000100000001000000010000000100000001000000010000000100000001000000010000000100000001000000010000000100000001000000010000000100000001000000010000000100000001000000010000000100000001000000010000000100000001000000010000000100000001000000010000000100000001000000010000000100000001000000010000000100000001000000010000000100000001000000010000000100000001000000010000000100000001000000010000000100000001000000010000000100000001000000010000000100000001000000010000000100000001000000010000000100000001000000010000000100000001000000010000000100000001000000010000000100000001000000010000000100000001000000010000000100000001000000010000000100000001000000010000000100000001000000010000000100000001000000010000000100000001000000010000000100000001000000010000000100000001000000010000000100000001000000010000000100000001000000010000000100000001000000010000000100000001000000010000000100000001000000010000000100000001000000010000000100000001000000010000000100000001000000010000000100000001000000010000000100000001000000010000000100000001000000010000000100000001000000010000000100000001000000010000000100000001000000010000000100000001000000010000000100000001000000010000000100000001000000010000000100000001000000010000000100000001000000010000000100000001000000010000000100000001000000010000000100000001000000010000000100000001000000010000000100000001000000010000000100000001000000010000000100000001000000010000000100000001000000010000000100000001000000010000000100000001000000010000000100000001000000010000000100000001000000010000000100000001000000010000000100000001000000010000000100000001000000010000000100000001000000010000000100000001000000010000000100000001000000010000000100000001000000010000000100000001000000010000000100000001000000010000000100000001000000010000000100000001000000010000000100000001000000010000000100000001000000010000000100000001000000010000000100000001000000010000000100000001000000010000000100000001000000010000000100000001000000010000000100000001000000010000000100000001000000010000000100000001000000010000000100000001000000010000000100000001000000010000000100000001000000010000000100000001000000010000000100000001000000010000000100000001000000010000000100000001000000010000000100000001000000010000000100000001000000010000000100000001000000010000000100000001000000010000000100000001000000010000000100000001000000010000000100000001000000010000000100000001000000010000000100000001000000010000000100000001000000010000000100000001000000010000000100000001000000010000000100000001000000010000000100000001000000010000000100000001000000010000000100000001000000010000000100000001000000010000000100000001000000010000000100000001000000010000000100000001000000010000000100000001000000010000000100000001000000010000000100000001000000010000000100000001000000010000000100000001000000010000000100000001000000010000000100000001000000010000000100000001000000010000000100000001000000010000000100000001000000010000000100000001000000010000000100000001000000010000000100000001000000010000000100000001000000010000000100000001000000010000000100000001000000010000000100000001000000010000000100000001000000010000000100000001000000010000000100000001000000010000000100000001000000010000000100000001000000010000000100000001000000010000000100000001000000010000000100000001000000010000000100000001000000010000000100000001000000010000000100000001000000010000000100000001000000010000000100000001000000010000000100000001000000010000000100000001000000010000000100000001000000010000000100000001000000010000000100000001000000010000000100000001000000010000000100000001000000010000000100000001000000010000000100000001000000010000000100000001000000010000000100000001000000010000000100000001000000010000000100000001000000010000000100000001000000010000000100000001000000010000000100000001000000010000000100000001000000010000000100000001000000010000000100000001000000010000000100000001000000010000000100000001000000010000000100000001000000010000000100000001000000010000000100000001000000010000000100000001000000010000000100000001000000010000000100000001000000010000000100000001000000010000000100000001000000010000000100000001000000010000000100000001000000010000000100000001000000010000000100000001000000010000000100000001000000010000000100000001000000010000000100000001000000010000000100000001000000010000000100000001000000010000000100000001000000010000000100000001000000010000000100000001000000010000000100000001000000010000000100000001000000010000000100000001000000010000000100000001000000010000000100000001000000010000000100000001000000010000000100000001000000010000000100000001000000010000000100000001000000010000000100000001000000010000000100000001000000010000000100000001000000010000000100000001000000010000000100000001000000010000000100000001000000010000000101110110000000010000000100000001000000010000000100000001000000010000000100000001000000010000000101011111000000010000000101011000000000010000000100000001000000010000000100000001000000010000000100000001000000010000000101100011000000010000000101100101000000010000000100000001000000010000000100000001000000010000000100000001000000010000000100000001000000010000000100000001000000010000000100000001000000010000000100000001000000010000000100000001000000010000000100000001000000010000000100000001000000010000000100000001000000010000000100000001000000010000000100000001000000010000000100000001000000010000000100000001000000000000000100000001000000010000000100000001000000010000000100000001000000010000000100000001000000010000000100000001000000010000000100000001000000010000000100000001000000010000000100000001000000010000000100000001000000010000000100000001000000010000000100000001011100000000000100000001011111000000000100000001000000010000000100000001000000010000000100000001011000010000000100000001010111000000000100000001011011100000000100000001000000010000000100000001010111100000000100000001010111000000000100000001010110010000000100000001011010100000000100000001000000010000000100000001011111110000000100000001011010100000000100000001011101010000000100000001000000010000000100000001000000010000000100000001000000010000000100000001000000010000000100000001000000010000000100000001000000010000000100000001000000010000000100000001000000010000000100000001000000010000000100000001000000010000000100000001000000010000000100000001000000010000000100000001000000010000000100000001000000010000000100000001000000010000000100000001000000010000000100000001000000010000000100000001000000010000000100000001000000010000000100000001000000010000000100000001000000010000000100000001000000010000000100000001000000010000000100000001000000010000000100000001000000010000000100000001000000010000000100000001000000010000000100000001000000010111111100000001000000010111101100000001000000010000000100000001000000010000000100000001000000010000000100000001000000010111111000000001000000010111101000000001000000010111111100000001000000010000000100000001000000010000000100000001000000010111000100000001000000010111000000000001000000010000000100000001000000010000000100000001000000010111011000000001000000010111000000000001000000010111001100000001000000010000000100000001000000010000000100000001000000010000000100000001000000010110010000000001000000010110100100000001000000010000000100000001000000010000000100000001000000010000000100000001000000010111001000000001000000010111001000000001000000010111111000000001000000010000000100000001000000010000000100000001000000010110111000000001000000010110011100000001000000010000000100000001000000010000000100000001000000010000000100000001000000010111110000000001000000010111100000000001000000010111101000000001000000010000000100000001000000010000000100000001000000010111101100000001000000010111110000000001000000010000000100000001000000010000000100000001000000010000000100000001000000010000000100000001000000010111111100000001000000010000000100000001000000010000000100000001000000010000000100000001000000010000000100000001000000010111111000000001000000010000000100000001000000010000000100000001000000010000000100000001000000010000000100000001000000010000000100000001000000010000000100000001000000010000000100000001000000010000000100000001000000010000000100000001000000010000000100000001000000010000000100000001000000010000000100000001000000010000000100000001000000010000000100000001000000010000000100000001000000010000000100000001000000010000000100000001000000010000000100000001000000010000000100000001000000010000000100000001000000010000000100000001000000010000000100000001000000010000000100000001000000010000000100000001000000010000000100000001000000010000000100000001000000010000000100000001000000010000000100000001000000010000000100000001000000010000000100000001000000010000000100000001000000010000000100000001000000010000000100000001000000010000000100000001000000010000000100000001000000010000000100000001000000010000000100000001000000010000000100000001000000010000000100000001000000010000000100000001000000010000000100000001000000010000000100000001000000010000000100000001000000010000000100000001000000010000000100000001000000010000000100000001000000010000000100000001000000010000000100000001000000010000000100000001000000010000000100000001000000010000000100000001000000010000000100000001000000010000000100000001000000010000000100000001000000010000000100000001000000010000000100000001000000010000000100000001000000010000000100000001000000010000000100000001000000010000000100000001000000010000000100000001000000010000000100000001000000010000000100000001000000010000000100000001000000010000000100000001000000010000000100000001000000010000000100000001000000010000000100000001000000010000000100000001000000010000000100000001000000010000000100000001000000010000000100000001000000010000000100000001000000010111111100000001000000010111111000000001000000010000000100000001000000010000000100000001000000010000000100000001000000010111010000000001000000010111000000000001000000010000000100000001000000010000000100000001000000010111101000000001000000010111010100000001000000010111001000000001000000010111110000000001000000010000000100000001000000010000000100000001000000010101011100000001000000010101111000000001000000010000000100000001000000010000000100000001000000010110111000000001000000010101110100000001000000010101110000000001000000010110111000000001000000010000000100000001000000010000000100000001000000010101010000000001000000010101001000000001000000010111011000000001000000010000000100000001000000010110000000000001000000010101000000000001000000010101100000000001000000010110001100000001000000010000000100000001000000010111000100000001000000010100010000000001000000010100010100000001000000010110101100000001000000010000000100000001000000010101100100000001000000010100110000000001000000010100110100000001000000010101100000000001000000010000000100000001000000010110011100000001000000010100100000000001000000010100010000000001000000010110010000000001000000010111101100000001000000010100110000000001000000010100001100000001000000010100001000000001000000010101000100000001000000010111110000000001000000010110011000000001000000010100001100000001000000010100010100000001000000010110101100000001000000010000000100000001000000010101101100000001000000010101000000000001000000010101000000000001000000010110011000000001000000010000000100000001000000010000000100000001000000010101001100000001000000010101000000000001000000010111011100000001000000010000000100000001000000010110111000000001000000010101111000000001000000010101101100000001000000010110100100000001000000010000000100000001000000010000000100000001000000010110010000000001000000010110010000000001000000010111110000000001000000010000000100000001000000010111111000000001000000010111011000000001000000010111011100000001000000010000000100000001000000010000000100000001000000010000000100000001000000010111010000000001000000010111010100000001000000010000000100000001000000010000000100000001000000010000000100000001000000010000000100000001000000010111110100000001000000010000000100000001000000010000000100000001000000010000000100000001000000010000000100000001000000010000000100000001000000010000000100000001000000010000000100000001000000010000000100000001000000010000000100000001000000010000000100000001000000010000000100000001000000010000000100000001000000010000000100000001000000010000000100000001000000010000000100000001000000010000000100000001000000010000000100000001000000010000000100000001000000010000000100000001000000010000000100000001000000010000000100000001000000010000000100000001000000010000000100000001000000010000000100000001011110110000000100000001011110010000000100000001000000010000000100000001000000010000000100000001000000010000000100000001011100110000000100000001011011100000000100000001011111100000000100000001000000010000000100000001011111100000000100000001011000000000000100000001011001000000000100000001011110110000000100000001000000010000000100000001011100000000000100000001010110100000000100000001010111000000000100000001011000110000000100000001000000010000000100000001011011010000000100000001010010110000000100000001010100000000000100000001011011000000000100000001000000010000000100000001011010100000000100000001010011100000000100000001010100010000000100000001011010000000000100000001000000010000000100000001011101100000000100000001010100100000000100000001010011010000000100000001011001100000000100000001000000010000000100000001011100000000000100000001010110100000000100000001010110010000000100000001011000010000000100000001000000010000000100000001011110110000000100000001010111000000000100000001010100100000000100000001011001110000000100000001000000010000000100000001011010010000000100000001010111100000000100000001010101100000000100000001011000000000000100000001000000010000000100000001011100000000000100000001010100110000000100000001010101000000000100000001011010100000000100000001000000010000000100000001011011100000000100000001010111100000000100000001010110010000000100000001011000010000000100000001000000010000000100000001011110000000000100000001010101010000000100000001010101010000000100000001011001110000000100000001000000010000000100000001010111110000000100000001010010000000000100000001010000010000000100000001010100010000000100000001011010010000000100000001010101100000000100000001010000100000000100000001010011100000000100000001011010100000000100000001000000010000000100000001011101100000000100000001010111100000000100000001011100000000000100000001000000010000000100000001000000010000000100000001000000010000000100000001000000010000000100000001000000010000000100000001000000010000000100000001000000010000000100000001000000010000000100000001000000010000000100000001000000010000000000000001000000010000000100000001000000010000000100000001000000010000000100000001000000010000000100000001000000010000000100000001000000010000000100000001000000010000000100000001000000010000000100000001000000010000000100000001000000010000000100000001000000010110101000000001000000010111001100000001000000010000000100000001000000010000000100000001000000010101111000000001000000010101101100000001000000010111000000000001000000010000000100000001000000010101111100000001000000010101100000000001000000010101011100000001000000010110100000000001000000010000000100000001000000010000000100000001000000010110111100000001000000010110011100000001000000010000000100000001000000010000000100000001000000010000000100000001000000010000000100000001000000010000000100000001000000010000000100000001000000010000000100000001000000010000000100000001000000010000000100000001000000010000000100000001000000010000000100000001000000010000000100000001000000010000000100000001000000010000000100000001000000010000000100000001000000010000000100000001000000010000000100000001000000010000000100000001000000010000000100000001000000010000000100000001000000010000000100000001000000010000000100000001000000010000000101110011000000010000000101110110000000010000000101111111000000010000000100000001000000010000000100000001000000010000000101101100000000010000000101101100000000010000000101110101000000010000000100000001000000010000000101111000000000010000000101101111000000010000000101101000000000010000000101101111000000010000000100000001000000010000000101110100000000010000000101011100000000010000000101011101000000010000000101111110000000010000000100000001000000010000000101100100000000010000000101011011000000010000000101100001000000010000000101110010000000010000000100000001000000010000000101111111000000010000000101010110000000010000000101011001000000010000000101111000000000010000000100000001000000010000000101110010000000010000000101100110000000010000000101100110000000010000000101101100000000010000000100000001000000010000000100000001000000010000000101100000000000010000000101011011000000010000000101111100000000010000000100000001000000010000000101111111000000010000000101101010000000010000000101100001000000010000000101101011000000010000000100000001000000010000000100000001000000010000000101101000000000010000000101101010000000010000000101111100000000010000000100000001000000010000000100000001000000010000000101111000000000010000000101101111000000010000000101111000000000010000000100000001000000010000000100000001000000010000000101110010000000010000000101101011000000010000000100000001000000010000000100000001000000010000000100000001000000010000000101111001000000010000000101110011000000010000000100000001000000010000000100000001000000010000000100000001000000010000000101111001000000010000000101111000000000010000000100000001000000010000000100000001000000010000000100000001000000010000000101111110000000010000000101111110000000010000000100000001000000010000000100000001000000010000000100000001000000010000000101111110000000010000000101111101000000010000000100000001000000010000000100000001000000010000000100000001000000010000000100000001000000010000000100000001000000010000000100000001000000010000000100000001000000010000000100000001000000010000000100000001000000010000000100000001000000010000000100000001000000010000000100000001000000010000000100000001000000010000000100000001000000010000000100000001000000010000000100000001000000010000000100000001000000010000000100000001000000010000000100000001000000010000000100000001000000010000000100000001000000010000000100000001000000010000000100000001000000010000000100000001000000010000000100000001000000010000000100000001000000010000000100000001000000010000000100000001000000010000000100000001000000010000000100000001000000010000000100000001000000010000000100000001000000010000000100000001000000010000000100000001000000010000000100000001000000010000000100000001000000010000000100000001000000010000000100000001000000010000000100000001000000010000000100000001000000010000000100000001000000010000000100000001000000010000000100000001000000010000000101111011000000010000000101111100000000010000000100000001000000010000000100000001000000010000000100000001000000010000000101110101000000010000000101110100000000010000000101111111000000010000000100000001000000010000000101111010000000010000000101101101000000010000000101101010000000010000000101110101000000010000000100000001000000010000000101111100000000010000000101100000000000010000000101011100000000010000000101111010000000010000000100000001000000010000000101101011000000010000000101011111000000010000000101011101000000010000000101101110000000010000000100000001000000010000000101110100000000010000000101001001000000010000000101001101000000010000000101101011000000010000000100000001000000010000000101011001000000010000000101001111000000010000000101001011000000010000000101010110000000010000000100000001000000010000000101101010000000010000000101000000000000010000000101000010000000010000000101100110000000010000000100000001000000010000000101001011000000010000000100110110000000010000000100111111000000010000000101001100000000010000000100000001000000010000000101100001000000010000000100100101000000010000000100100110000000010000000101010110000000010000000101111100000000010000000101000001000000010000000100101101000000010000000100101011000000010000000100111110000000010000000101110011000000010000000101001110000000010000000100101100000000010000000100101000000000010000000101010100000000010000000101110001000000010000000100110011000000010000000100100111000000010000000100100111000000010000000100111010000000010000000101101110000000010000000101010010000000010000000100100111000000010000000100101000000000010000000101010000000000010000000101110011000000010000000101000000000000010000000100111001000000010000000100111100000000010000000101001100000000010000000100000001000000010000000101101001000000010000000100111010000000010000000100111011000000010000000101100011000000010000000100000001000000010000000101011101000000010000000101001000000000010000000101000111000000010000000101010100000000010000000100000001000000010000000101110111000000010000000101010000000000010000000101001110000000010000000101101010000000010000000100000001000000010000000101101110000000010000000101100100000000010000000101100100000000010000000101101111000000010000000100000001000000010000000101111010000000010000000101100110000000010000000101100011000000010000000100000001000000010000000100000001000000010000000101111010000000010000000101101111000000010000000101101100000000010000000100000001000000010000000100000001000000010000000100000001000000010000000100000001000000010000000100000001000000010000000100000001000000010000000100000001000000010000000100000001000000010000000100000001000000010000000100000001000000010000000100000001000000010000000100000001000000010000000100000001000000010000000100000001000000010000000100000001000000010000000100000001000000010000000100000001000000010000000100000001000000010000000100000001000000010111100000000001000000010111111000000001000000010000000100000001000000010000000100000001000000010000000100000001000000010111001000000001000000010111001000000001000000010111110000000001000000010000000100000001000000010111101000000001000000010111001000000001000000010110101100000001000000010111000100000001000000010000000100000001000000010111010000000001000000010101100000000001000000010101011100000001000000010110101100000001000000010000000100000001000000010101100100000001000000010100001100000001000000010100100000000001000000010101111100000001000000010000000100000001000000010101101000000001000000010100000000000001000000010011110000000001000000010101010000000001000000010000000100000001000000010101011000000001000000010100000100000001000000010100011100000001000000010101000000000001000000010000000100000001000000010110010000000001000000010011111100000001000000010100011000000001000000010101011000000001000000010000000100000001000000010110100000000001000000010100101000000001000000010100110000000001000000010100110000000001000000010000000100000001000000010110010000000001000000010100110100000001000000010100110100000001000000010101110000000001000000010000000100000001000000010110011000000001000000010101010000000001000000010100101100000001000000010101100100000001000000010000000100000001000000010110011100000001000000010100110100000001000000010100100000000001000000010101101000000001000000010000000100000001000000010101110000000001000000010100110100000001000000010100100000000001000000010110000100000001000000010000000100000001000000010110111100000001000000010100111000000001000000010101000000000001000000010110011000000001000000010000000100000001000000010101101100000001000000010100101000000001000000010100100100000001000000010100101100000001000000010111010000000001000000010101111100000001000000010100100000000001000000010101000100000001000000010110111000000001000000010000000100000001000000010111101100000001000000010110001000000001000000010110110100000001000000010000000100000001000000010000000100000001000000010000000100000001000000010000000100000001000000010000000100000001000000010000000100000001000000010000000100000001000000010000000100000001000000010000000100000001000000010000000100000000000000010000000100000001000000010000000100000001000000010000000100000001000000010000000100000001000000010000000100000001000000010000000100000001000000010000000100000001000000010000000100000001000000010000000100000001000000010000000100000001000000010000000100000001000000010000000100000001000000010000000100000001000000010000000100000001000000010000000101111100000000010000000101111011000000010000000100000001000000010000000100000001000000010000000100000001000000010000000101101001000000010000000101110000000000010000000100000001000000010000000100000001000000010000000100000001000000010000000100000001000000010000000100000001000000010000000100000001000000010000000100000001000000010000000100000001000000010000000100000001000000010000000100000001000000010000000100000001000000010000000100000001000000010000000100000001000000010000000100000001000000010000000100000001000000010000000100000001000000010000000100000001000000010000000100000001000000010000000100000001000000010000000100000001000000010000000100000001000000010000000100000001000000010000000100000001000000010000000100000001000000010000000100000001000000010000000100000001000000010000000100000001000000010000000100000001000000010000000100000001000000010000000100000001000000010000000100000001000000010000000100000001000000010000000100000001000000010000000100000001000000010000000100000001000000010000000100000001000000010000000100000001000000010000000100000001000000010000000100000001000000010000000100000001000000010000000100000001000000010000000100000001000000010000000100000001011110000000000100000001011101110000000100000001000000010000000100000001000000010000000100000001000000010000000100000001011101000000000100000001011111010000000100000001000000010000000100000001000000010000000100000001000000010000000100000001011100110000000100000001011101010000000100000001000000010000000100000001000000010000000100000001000000010000000100000001011111110000000100000001011111010000000100000001000000010000000100000001000000010000000100000001000000010000000100000001011111000000000100000001011100100000000100000001000000010000000100000001000000010000000100000001000000010000000100000001000000010000000100000001011111000000000100000001000000010000000100000001000000010000000100000001000000010000000100000001000000010000000100000001000000010000000100000001000000010000000100000001000000010000000100000001000000010000000100000001000000010000000100000001000000010000000100000001000000010000000100000001000000010000000100000001000000010000000100000001000000010000000100000001000000010000000100000001000000010000000100000001000000010000000100000001000000010000000100000001000000010000000100000001000000010000000100000001000000010000000100000001000000010000000100000001000000010000000100000001000000010000000100000001000000010000000100000001000000010000000100000001000000010000000100000001000000010000000100000001000000010000000100000001000000010000000100000001000000010000000100000001000000010000000100000001000000010000000100000001000000010000000100000001000000010000000100000001000000010000000100000001000000010000000100000001000000010000000100000001000000010000000100000001000000010000000100000001000000010000000100000001000000010000000100000001000000010000000100000001000000010000000100000001000000010000000100000001000000010000000100000001000000010000000100000001000000010000000100000001000000010000000100000001000000010000000100000001000000010000000100000001000000010000000100000001000000010000000100000001000000010000000100000001000000010000000100000001000000010000000100000001000000010000000100000001000000010000000100000001000000010000000100000001000000010000000100000001000000010000000100000001000000010000000100000001000000010000000100000001000000010000000100000001000000010000000100000001000000010000000100000001000000010000000100000001000000010000000100000001000000010000000100000001000000010000000100000001000000010000000100000001000000010000000100000001000000010000000100000001000000010000000100000001000000010000000100000001000000010000000100000001000000010000000100000001000000010000000100000001000000010000000100000001000000010000000100000001000000010000000100000001000000010000000100000001000000010000000100000001000000010000000100000001000000010000000100000001000000010000000100000001000000010000000100000001000000010000000100000001000000010000000100000001000000010000000100000001000000010000000100000001000000010000000100000001000000010000000100000001011111100000000100000001011110110000000100000001000000010000000100000001000000010000000100000001000000010000000100000001011110010000000100000001011110110000000100000001000000010000000100000001000000010000000100000001000000010000000100000001011100110000000100000001011100100000000100000001000000010000000100000001000000010000000100000001000000010000000100000001011100110000000100000001011100100000000100000001000000010000000100000001000000010000000100000001000000010000000100000001011010100000000100000001011010100000000100000001000000010000000100000001000000010000000100000001000000010000000100000001010110110000000100000001011010110000000100000001000000010000000100000001000000010000000100000001000000010000000100000001010101000000000100000001010100010000000100000001000000010000000100000001000000010000000100000001000000010000000100000001010110100000000100000001010100000000000100000001011101110000000100000001000000010000000100000001000000010000000100000001010101100000000100000001010101000000000100000001000000010000000100000001000000010000000100000001011110110000000100000001010101000000000100000001010011010000000100000001011110010000000100000001000000010000000100000001000000010000000100000001010101100000000100000001010101000000000100000001000000010000000100000001000000010000000100000001000000010000000100000001011000100000000100000001011000100000000100000001000000010000000100000001000000010000000100000001000000010000000100000001010111110000000100000001011000010000000100000001000000010000000100000001000000010000000100000001000000010000000100000001011001010000000100000001011011010000000100000001000000010000000100000001000000010000000100000001000000010000000100000001011100110000000100000001011100100000000100000001000000010000000100000001000000010000000100000001000000010000000100000001000000010000000100000001000000010000000100000001000000010000000100000001000000010000000100000001000000010000000100000001011111110000000100000001000000010000000100000001000000010000000100000001000000010000000100000001000000010000000100000001000000010000000100000001000000010000000100000001000000010000000100000001000000010000000100000001000000010000000100000001000000010000000100000001000000010000000100000001000000010000000100000001000000010000000100000001000000010000000100000001000000010000000100000001000000010000000100000001000000010000000100000001000000010000000100000001000000010000000100000001000000010000000100000001000000010000000100000001000000010000000100000001000000010000000100000001000000010000000100000001000000010000000100000001000000010000000100000001000000010000000100000001000000010000000100000001000000010000000100000001000000010000000100000001000000010000000100000001000000010000000100000001000000010000000100000001000000010000000100000001000000010000000100000001000000010000000100000001000000010000000100000001000000010000000100000001000000010000000100000001000000010000000101110010000000010000000101110001000000010000000100000001000000010000000100000001000000010000000100000001000000010000000101100001000000010000000101101111000000010000000100000001000000010000000100000001000000010000000100000001000000010000000101010110000000010000000101011100000000010000000100000001000000010000000100000001000000010000000100000001000000010000000101011111000000010000000101100000000000010000000100000001000000010000000100000001000000010000000100000001000000010000000101100010000000010000000101011011000000010000000100000001000000010000000100000001000000010000000100000001000000010000000101101010000000010000000101100101000000010000000100000001000000010000000100000001000000010000000100000001000000010000000101101100000000010000000101100101000000010000000100000001000000010000000100000001000000010000000100000001000000010000000101110001000000010000000101101100000000010000000100000001000000010000000100000001000000010000000100000001000000010000000101101001000000010000000101101100000000010000000100000001000000010000000100000001000000010000000100000001000000010000000101110001000000010000000101101101000000010000000100000001000000010000000100000001000000010000000100000001000000010000000101100101000000010000000101110000000000010000000100000001000000010000000100000001000000010000000100000001000000010000000101100011000000010000000101100001000000010000000100000001000000010000000100000001000000010000000100000001000000010000000101101010000000010000000101110001000000010000000100000001000000010000000100000001000000010000000100000001000000010000000100000001000000010000000100000001000000010000000100000001000000010000000100000001000000010000000100000001000000010000000100000001000000010000000100000001000000010000000100000001000000010000000100000001000000010000000100000001000000010000000100000001000000010000000100000001000000000000000100000001000000010000000100000001000000010000000100000001000000010000000100000001000000010000000100000001000000010000000100000001000000010000000100000001000000010000000100000001000000010000000100000001000000010000000100000001000000010000000100000001000000010000000100000001000000010000000100000001000000010000000100000001000000010000000100000001000000010000000100000001000000010000000100000001000000010000000100000001000000010000000100000001000000010000000100000001000000010000000100000001000000010000000100000001000000010000000100000001000000010000000100000001000000010000000100000001000000010000000100000001000000010000000100000001000000010000000100000001000000010000000100000001000000010000000100000001000000010000000100000001000000010000000100000001000000010000000100000001000000010000000100000001000000010000000100000001000000010000000100000001000000010000000100000001000000010000000100000001000000010000000100000001000000010000000100000001000000010000000100000001000000010000000100000001000000010000000100000001000000010000000100000001000000010000000100000001000000010000000100000001000000010000000100000001000000010000000100000001000000010000000100000001000000010000000100000001000000010000000100000001000000010000000100000001000000010000000100000001000000010000000100000001000000010000000100000001000000010000000100000001000000010000000100000001000000010000000100000001000000010000000100000001000000010000000100000001000000010000000100000001000000010000000100000001000000010000000100000001000000010000000100000001000000010000000100000001000000010000000100000001000000010000000100000001000000010000000100000001000000010000000100000001000000010000000100000001000000010000000100000001000000010000000100000001000000010000000100000001000000010000000100000001000000010000000100000001000000010000000100000001000000010000000100000001000000010000000100000001000000010000000100000001000000010000000100000001000000010000000100000001000000010000000100000001000000010000000100000001000000010000000100000001000000010000000100000001000000010000000100000001000000010000000100000001000000010000000100000001000000010000000100000001000000010000000100000001000000010000000100000001000000010000000100000001000000010000000100000001000000010000000100000001000000010000000100000001000000010000000100000001000000010000000100000001000000010000000100000001000000010000000100000001000000010000000100000001000000010000000100000001000000010000000100000001000000010000000100000001000000010000000100000001000000010000000100000001000000010000000100000001000000010000000100000001000000010000000100000001000000010000000100000001000000010000000100000001000000010000000100000001000000010000000100000001000000010000000100000001000000010000000100000001000000010000000100000001000000010000000100000001000000010000000100000001000000010000000100000001000000010000000100000001000000010000000100000001000000010000000100000001000000010000000100000001000000010000000100000001000000010000000100000001000000010000000100000001000000010000000100000001000000010000000100000001000000010000000100000001000000010000000100000001000000010000000100000001000000010000000100000001000000010000000100000001000000010000000100000001000000010000000100000001000000010000000100000001000000010000000100000001000000010000000100000001000000010000000100000001000000010000000100000001000000010000000100000001000000010000000100000001000000010000000100000001000000010000000100000001000000010000000100000001000000010000000100000001000000010000000100000001000000010000000100000001000000010000000100000001000000010000000100000001000000010000000100000001000000010000000100000001000000010000000100000001000000010000000100000001000000010000000100000001000000010000000100000001000000010000000100000001000000010000000100000001000000010000000100000001000000010000000100000001000000010000000100000001000000010000000100000001000000010000000100000001000000010000000100000001000000010000000100000001000000010000000100000001000000010000000100000001000000010000000100000001000000010000000100000001000000010000000100000001000000010000000100000001000000010000000100000001000000010000000100000001000000010000000100000001000000010000000100000001000000010000000100000001000000010000000100000001000000010000000100000001000000010000000100000001000000010000000100000001000000010000000100000001000000010000000100000001000000010000000100000001000000010000000100000001000000010000000100000001000000010000000100000001000000010000000100000001000000010000000100000001000000010000000100000001000000010000000100000001000000010000000100000001000000010000000100000001000000010000000100000001000000010000000100000001000000010000000100000001000000010000000100000001000000010000000100000001000000010000000100000001000000010000000100000001000000010000000100000001000000010000000100000001000000010000000100000001000000010000000100000001000000010000000100000001000000010000000100000001000000010111101000000001000000010111110100000001000000010000000100000001000000010000000100000001000000010000000100000001000000010111100100000001000000010000000100000001000000010000000100000001000000010000000100000001000000010000000100000001000000010110111000000001000000010110110100000001000000010000000100000001000000010000000100000001000000010000000100000001000000010111001000000001000000010110100000000001000000010111100100000001000000010000000100000001000000010000000100000001000000010110100000000001000000010110010100000001000000010000000100000001000000010000000100000001000000010111111000000001000000010110110100000001000000010110010000000001000000010111101000000001000000010000000100000001000000010000000100000001000000010110100100000001000000010110010000000001000000010000000100000001000000010000000100000001000000010000000100000001000000010111011000000001000000010111000100000001000000010000000100000001000000010000000100000001000000010000000100000001000000010111000100000001000000010111001100000001000000010000000100000001000000010000000100000001000000010000000100000001000000010000000100000001000000010000000100000001000000010000000100000001000000010000000100000001000000010000000100000001000000010000000100000001000000010000000100000001000000010000000100000001000000010000000100000001000000010000000100000001000000010000000100000001000000010000000100000001000000010000000100000001000000010000000100000001000000010000000100000001000000010000000100000001000000010000000100000001000000010000000100000001000000010000000100000001000000010000000100000001000000010000000100000001000000010000000100000001000000010000000100000001000000010000000100000001000000010000000100000001000000010000000100000001000000010000000100000001000000010000000100000001000000010000000100000001000000010000000100000001000000010000000100000001000000010000000100000001000000010000000100000001000000010000000100000001000000010000000100000001000000010000000100000001000000010000000100000001000000010000000100000001000000010000000100000001000000010000000100000001000000010000000100000001000000010000000100000001000000010000000100000001000000010000000100000001000000010000000100000001000000010000000100000001000000010000000100000001000000010000000100000001000000010000000100000001000000010000000100000001000000010000000100000001000000010000000100000001000000010000000100000001000000010000000100000001000000010000000100000001000000010000000100000001000000010000000100000001000000010000000100000001000000010000000100000001000000010000000100000001000000010000000100000001000000010000000100000001000000010000000100000001000000010000000100000001000000010000000100000001000000010000000100000001000000010000000100000001011111100000000100000001000000010000000100000001000000010000000100000001000000010000000100000001000000010000000100000001000000010000000100000001000000010000000100000001000000010000000100000001000000010000000100000001000000010000000100000001000000010000000100000001000000010000000100000001000000010000000100000001000000010000000100000001000000010000000100000001000000010000000100000001000000010000000100000001000000010000000100000001000000010000000100000001000000010000000100000001000000010000000100000001000000010000000100000001000000010000000100000001000000010000000100000001000000010000000100000001000000010000000100000001000000010000000100000001000000010000000100000001000000010000000100000001000000010000000100000001000000010000000100000001000000010000000100000001000000010000000100000001000000010000000100000001000000010000000100000001000000010000000100000001000000010000000100000001000000010000000100000001000000010000000100000001000000010000000100000001000000010000000100000001000000010000000100000001000000010000000100000001000000010000000100000001000000010000000100000001000000010000000100000001000000010000000100000001000000010000000100000001000000010000000100000001000000010000000100000001000000010000000100000001000000010000000100000001000000010000000100000001000000010000000100000001000000010000000100000001000000010000000100000001000000010000000100000001000000010000000100000001000000010000000100000001000000010000000100000001000000010000000100000001000000010000000100000001000000010000000100000001000000010000000100000001000000010000000100000001000000010000000000000001000000010000000100000001000000010000000100000001000000010000000100000001000000010000000100000001000000010000000100000001000000010000000100000001000000010000000100000001000000010000000100000001000000010000000100000001000000010000000100000001000000010000000100000001000000010000000100000001000000010000000100000001000000010000000100000001000000010000000100000001000000010111001000000001000000010000000100000001000000010000000100000001000000010111010100000001000000010110100000000001000000010110110100000001000000010000000100000001000000010000000100000001000000010000000100000001000000010111001100000001000000010111011000000001000000010000000100000001000000010000000100000001000000010000000100000001000000010111111100000001000000010000000100000001000000010000000100000001000000010000000100000001000000010000000100000001000000010000000100000001000000010000000100000001000000010000000100000001000000010000000100000001000000010000000100000001000000010000000100000001000000010000000100000001000000010000000100000001000000010000000100000001000000010000000100000001000000010000000100000001000000010000000100000001000000010000000100000001000000010000000100000001000000010000000100000001000000010000000101111110000000010000000100000001000000010000000100000001000000010000000100000001000000010000000101101110000000010000000101101111000000010000000100000001000000010000000100000001000000010000000100000001000000010000000101110110000000010000000101110011000000010000000100000001000000010000000100000001000000010000000100000001000000010000000101110000000000010000000101110000000000010000000100000001000000010000000100000001000000010000000100000001000000010000000101110000000000010000000101111000000000010000000100000001000000010000000100000001000000010000000100000001000000010000000101101010000000010000000101110110000000010000000100000001000000010000000100000001000000010000000100000001000000010000000101110110000000010000000101110111000000010000000100000001000000010000000100000001000000010000000100000001000000010000000101111011000000010000000101101111000000010000000100000001000000010000000100000001000000010000000100000001000000010000000100000001000000010000000101110111000000010000000100000001000000010000000100000001000000010000000100000001000000010000000101111110000000010000000101111111000000010000000100000001000000010000000100000001000000010000000100000001000000010000000100000001000000010000000100000001000000010000000100000001000000010000000100000001000000010000000100000001000000010000000100000001000000010000000100000001000000010000000100000001000000010000000100000001000000010000000100000001000000010000000100000001000000010000000100000001000000010000000100000001000000010000000100000001000000010000000100000001000000010000000100000001000000010000000100000001000000010000000100000001000000010000000100000001000000010000000100000001000000010000000100000001000000010000000100000001000000010000000100000001000000010000000100000001000000010000000100000001000000010000000100000001000000010000000100000001000000010000000100000001000000010000000100000001000000010000000100000001000000010000000100000001000000010000000100000001000000010000000100000001000000010000000100000001000000010000000100000001000000010000000100000001000000010000000100000001000000010000000100000001000000010000000100000001000000010000000100000001000000010000000100000001000000010000000100000001000000010000000100000001000000010000000100000001000000010000000100000001000000010000000100000001000000010000000100000001000000010000000100000001000000010000000100000001000000010000000100000001000000010000000100000001000000010000000100000001000000010000000100000001000000010000000100000001000000010000000100000001000000010000000100000001000000010000000100000001000000010000000100000001000000010000000100000001000000010000000100000001000000010000000100000001000000010000000100000001000000010000000100000001000000010000000100000001000000010000000100000001000000010000000100000001000000010000000100000001000000010000000100000001000000010000000100000001000000010000000100000001000000010000000100000001000000010000000100000001000000010000000100000001000000010000000100000001000000010000000100000001000000010000000100000001000000010000000100000001000000010000000100000001000000010000000100000001000000010000000100000001000000010000000100000001000000010000000100000001000000010000000100000001000000010000000100000001000000010000000100000001000000010000000101110001000000010000000101110001000000010000000100000001000000010000000100000001000000010000000100000001000000010000000101101111000000010000000101110100000000010000000100000001000000010000000100000001000000010000000100000001000000010000000101100011000000010000000101100110000000010000000100000001000000010000000100000001000000010000000101111000000000010000000101100000000000010000000101011110000000010000000101110101000000010000000100000001000000010000000100000001000000010000000101010111000000010000000101010011000000010000000101111011000000010000000100000001000000010000000101100111000000010000000101001001000000010000000101001011000000010000000101101100000000010000000100000001000000010000000101110101000000010000000101000000000000010000000100111101000000010000000101101011000000010000000101111110000000010000000101100001000000010000000101000011000000010000000101000000000000010000000101011110000000010000000100000001000000010000000101101011000000010000000100110101000000010000000100110010000000010000000101100011000000010000000101111001000000010000000101010101000000010000000100110101000000010000000100110100000000010000000101010011000000010000000101110011000000010000000101100011000000010000000100110011000000010000000100110111000000010000000101100011000000010000000101111000000000010000000101011110000000010000000101001000000000010000000101000110000000010000000101100011000000010000000100000001000000010000000101111011000000010000000101001101000000010000000101001010000000010000000101111001000000010000000100000001000000010000000101101111000000010000000101010100000000010000000101010110000000010000000101110100000000010000000100000001000000010000000100000001000000010000000101011111000000010000000101011111000000010000000100000001000000010000000100000001000000010000000100000001000000010000000101110111000000010000000101110100000000010000000100000001000000010000000100000001000000010000000100000001000000010000000101110111000000010000000101110111000000010000000100000001000000010000000100000001000000010000000100000001000000010000000100000001000000010000000100000001000000010000000100000001000000010000000100000001000000010000000100000001000000010000000100000001000000010000000100000001000000010000000100000001000000010000000100000001000000010000000100000001000000010000000100000001000000010000000100000001000000010000000100000001000000010000000100000001000000010000000100000001000000010000000100000001000000010000000100000001000000010000000100000001000000010000000100000001000000010000000100000001000000010000000100000001000000010000000100000001000000010111111000000001000000010000000100000001000000010000000100000001000000010000000100000001000000010111010000000001000000010110111000000001000000010000000100000001000000010000000100000001000000010000000100000001000000010110110100000001000000010110100100000001000000010000000100000001000000010000000100000001000000010000000100000001000000010110000100000001000000010110000100000001000000010000000100000001000000010000000100000001000000010000000100000001000000010101011000000001000000010110000100000001000000010000000100000001000000010000000100000001000000010000000100000001000000010100100000000001000000010100101000000001000000010111101100000001000000010000000100000001000000010000000100000001000000010101000000000001000000010101000100000001000000010000000100000001000000010000000100000001000000010000000100000001000000010101110000000001000000010101000100000001000000010000000100000001000000010000000100000001000000010000000100000001000000010110100000000001000000010101111100000001000000010000000100000001000000010000000100000001000000010000000100000001000000010101011100000001000000010110000100000001000000010000000100000001000000010000000100000001000000010000000100000001000000010110100100000001000000010110010000000001000000010000000100000001000000010000000100000001000000010000000100000001000000010101110100000001000000010101110000000001000000010000000100000001000000010000000100000001000000010000000100000001000000010110000000000001000000010110110000000001000000010000000100000001000000010000000100000001000000010000000100000001000000010101111100000001000000010110001000000001000000010000000100000001000000010000000100000001000000010000000100000001000000010101111000000001000000010101110100000001000000010000000100000001000000010111101000000001000000010000000100000001000000010110010000000001000000010110100100000001000000010000000100000001000000010000000100000001000000010000000100000001000000010111010100000001000000010111110100000001000000010000000100000001000000010000000100000001000000010000000100000001000000010000000100000001000000010000000100000001000000010000000100000001000000010000000100000001000000010000000100000001000000010000000100000001000000010000000100000000000000010000000100000001000000010000000100000001000000010000000100000001000000010000000100000001000000010000000100000001000000010000000100000001000000010000000100000001000000010000000100000001000000010000000100000001000000010000000100000001000000010000000101110110000000010000000101111011000000010000000100000001000000010000000100000001000000010000000101101010000000010000000101100110000000010000000101111100000000010000000100000001000000010000000101101100000000010000000101011111000000010000000101011011000000010000000101110010000000010000000100000001000000010000000101111110000000010000000101100111000000010000000101101000000000010000000101111100000000010000000100000001000000010000000100000001000000010000000101110110000000010000000101110100000000010000000100000001000000010000000100000001000000010000000100000001000000010000000100000001000000010000000100000001000000010000000100000001000000010000000100000001000000010000000100000001000000010000000100000001000000010000000100000001000000010000000100000001000000010000000100000001000000010000000100000001011111100000000100000001000000010000000100000001000000010000000100000001000000010000000100000001000000010000000100000001011100110000000100000001011011010000000100000001011111100000000100000001000000010000000100000001011110100000000100000001010111000000000100000001010111000000000100000001011100110000000100000001000000010000000100000001011011010000000100000001010111110000000100000001010111010000000100000001011001110000000100000001000000010000000100000001011100100000000100000001010111010000000100000001010111010000000100000001011100110000000100000001000000010000000100000001011011100000000100000001011000000000000100000001011001110000000100000001011100010000000100000001000000010000000100000001011110110000000100000001011000110000000100000001011000010000000100000001011101000000000100000001000000010000000100000001011101010000000100000001011010100000000100000001011010010000000100000001011100000000000100000001000000010000000100000001011110010000000100000001011001100000000100000001011010010000000100000001011110110000000100000001000000010000000100000001000000010000000100000001011100100000000100000001011010010000000100000001011110010000000100000001000000010000000100000001011111100000000100000001011011010000000100000001011011110000000100000001000000010000000100000001000000010000000100000001000000010000000100000001011110010000000100000001011101100000000100000001011111010000000100000001000000010000000100000001000000010000000100000001011101110000000100000001011101010000000100000001000000010000000100000001000000010000000100000001000000010000000100000001011110110000000100000001011111000000000100000001000000010000000100000001000000010000000100000001000000010000000100000001011111010000000100000001011110110000000100000001000000010000000100000001000000010000000100000001000000010000000100000001000000010000000100000001000000010000000100000001000000010000000100000001000000010000000100000001000000010000000100000001000000010000000100000001000000010000000100000001000000010000000100000001000000010000000100000001000000010000000100000001000000010000000100000001000000010000000100000001000000010000000100000001000000010000000100000001000000010000000100000001000000010000000100000001000000010000000100000001000000010000000100000001000000010000000100000001000000010000000100000001000000010000000100000001000000010000000100000001000000010000000100000001000000010000000100000001000000010000000100000001000000010000000101111110000000010000000101111101000000010000000100000001000000010000000100000001000000010000000100000001000000010000000101111011000000010000000101111010000000010000000100000001000000010000000100000001000000010000000100000001000000010000000101110111000000010000000101110111000000010000000100000001000000010000000100000001000000010000000100000001000000010000000100000001000000010000000100000001000000010000000100000001000000010000000100000001000000010000000100000001000000010000000100000001000000010000000100000001000000010000000100000001000000010000000100000001000000010000000100000001000000010000000100000001011111110000000100000001000000010000000100000001000000010000000100000001000000010000000100000001011110100000000100000001011101000000000100000001000000010000000100000001000000010000000100000001011111000000000100000001011100110000000100000001011100000000000100000001011110000000000100000001000000010000000100000001011111000000000100000001011000110000000100000001011000010000000100000001011110100000000100000001000000010000000100000001011011010000000100000001010110010000000100000001010111110000000100000001011001110000000100000001000000010000000100000001011011000000000100000001010010010000000100000001010010110000000100000001011001010000000100000001011101010000000100000001010110100000000100000001010010100000000100000001010010010000000100000001010101010000000100000001011011100000000100000001010111000000000100000001010000110000000100000001001111010000000100000001010111000000000100000001011010000000000100000001010010100000000100000001001110110000000100000001001110000000000100000001010001100000000100000001011010100000000100000001010101110000000100000001001100110000000100000001001010110000000100000001010000110000000100000001010101000000000100000001001111100000000100000001001011100000000100000001001011000000000100000001001110110000000100000001010110000000000100000001010001010000000100000001000110100000000100000001000111000000000100000001010000010000000100000001010100010000000100000001001011110000000100000001001000010000000100000001001001000000000100000001001100000000000100000001010100100000000100000001010000110000000100000001000111010000000100000001001000000000000100000001010000010000000100000001010101010000000100000001001111000000000100000001001100000000000100000001001100000000000100000001010001000000000100000001011001010000000100000001010101010000000100000001001101110000000100000001001100110000000100000001010110100000000100000001011011010000000100000001010100110000000100000001010001110000000100000001010001100000000100000001010101110000000100000001011101110000000100000001011001100000000100000001010011010000000100000001010011010000000100000001011010100000000100000001000000010000000100000001011011010000000100000001011000100000000100000001011000100000000100000001011011010000000100000001000000010000000100000001011110010000000100000001011000010000000100000001011000110000000100000001000000010000000100000001000000010000000100000001000000010000000100000001011011100000000100000001011101110000000100000001000000010000000100000001000000010000000100000001000000010000000100000001000000010000000100000001000000010000000100000001000000010000000100000001000000010000000100000001000000010000000100000001000000010000000100000001000000010000000100000001000000010000000100000001000000010000000100000001000000010000000100000001000000010000000100000001000000010000000100000001000000010000000100000001000000010000000100000001000000010000000100000001000000010000000101110000000000010000000101110001000000010000000101111101000000010000000100000001000000010000000101111000000000010000000101100001000000010000000101011100000000010000000101110010000000010000000100000001000000010000000101101001000000010000000101100000000000010000000101011100000000010000000101100000000000010000000100000001000000010000000101101001000000010000000101010000000000010000000101001111000000010000000101011101000000010000000101111000000000010000000101011100000000010000000101001011000000010000000101000000000000010000000101001110000000010000000101110100000000010000000101010100000000010000000100110100000000010000000100110011000000010000000101001110000000010000000101101010000000010000000101001111000000010000000101000011000000010000000101001000000000010000000101001101000000010000000101111100000000010000000101011111000000010000000101000100000000010000000101001001000000010000000101011001000000010000000100000001000000010000000101100001000000010000000101001111000000010000000101001100000000010000000101011000000000010000000100000001000000010000000101011111000000010000000101010010000000010000000101001110000000010000000101100001000000010000000100000001000000010000000101100000000000010000000101010100000000010000000101010001000000010000000101011100000000010000000100000001000000010000000101100100000000010000000101010000000000010000000101001110000000010000000101100000000000010000000100000001000000010000000101100001000000010000000101010111000000010000000101001100000000010000000101011101000000010000000100000001000000010000000101100110000000010000000101010011000000010000000101010000000000010000000101101010000000010000000100000001000000010000000101100011000000010000000101011001000000010000000101010010000000010000000101011011000000010000000101110011000000010000000101101001000000010000000101010010000000010000000101011011000000010000000101111011000000010000000100000001000000010000000100000001000000010000000101100000000000010000000101101001000000010000000100000001000000010000000100000001000000010000000100000001000000010000000100000001000000010000000100000001000000010000000100000001000000010000000100000001000000010000000100000001000000010000000100000001000000010000000100000001000000000000000100000001000000010000000100000001000000010000000100000001000000010000000100000001000000010000000100000001000000010000000100000001000000010000000100000001000000010000000100000001000000010000000100000001000000010000000100000001000000010000000100000001011101110000000100000001011111100000000100000001000000010000000100000001000000010000000100000001011001000000000100000001011000110000000100000001000000010000000100000001000000010000000100000001011011010000000100000001011000000000000100000001010111000000000100000001011010010000000100000001000000010000000100000001011110100000000100000001011010110000000100000001011011000000000100000001011111000000000100000001000000010000000100000001011111110000000100000001011110100000000100000001011110000000000100000001000000010000000100000001000000010000000100000001000000010000000100000001000000010000000100000001000000010000000100000001000000010000000100000001000000010000000100000001000000010000000100000001000000010000000100000001000000010000000100000001000000010000000100000001000000010000000100000001000000010111110100000001000000010000000100000001000000010000000100000001000000010000000100000001000000010111100000000001000000010110111000000001000000010110100100000001000000010111010100000001000000010000000100000001000000010111000100000001000000010101011000000001000000010101010000000001000000010111000000000001000000010000000100000001000000010110100100000001000000010110000100000001000000010101111000000001000000010110000100000001000000010111111000000001000000010111000100000001000000010101111100000001000000010101111100000001000000010111000000000001000000010111100100000001000000010110101100000001000000010110001100000001000000010110100100000001000000010110111100000001000000010000000100000001000000010111101000000001000000010110011000000001000000010110001000000001000000010110111100000001000000010000000100000001000000010111001000000001000000010110110000000001000000010110011100000001000000010110101100000001000000010000000100000001000000010111010100000001000000010110100000000001000000010110101100000001000000010111100100000001000000010000000100000001000000010111101000000001000000010111010000000001000000010110111000000001000000010111010100000001000000010000000100000001000000010111101100000001000000010111000000000001000000010111001100000001000000010000000100000001000000010000000100000001000000010111110100000001000000010111111000000001000000010111110100000001000000010111111000000001000000010000000100000001000000010000000100000001000000010111111000000001000000010111110100000001000000010000000100000001000000010000000100000001000000010000000100000001000000010000000100000001000000010000000100000001000000010000000100000001000000010000000100000001000000010000000100000001000000010000000100000001000000010000000100000001000000010000000100000001000000010000000100000001000000010000000100000001000000010000000100000001000000010000000100000001000000010000000100000001000000010000000100000001000000010000000100000001000000010000000100000001000000010000000100000001000000010000000100000001000000010000000100000001000000010000000100000001000000010000000100000001000000010000000100000001000000010000000100000001000000010000000100000001000000010000000100000001000000010000000100000001000000010000000100000001000000010000000100000001000000010000000100000001000000010000000100000001000000010000000100000001000000010000000100000001000000010000000100000001000000010000000100000001000000010000000100000001000000010000000100000001011111100000000100000001011110100000000100000001011111100000000100000001000000010000000100000001011111100000000100000001011110010000000100000001011101110000000100000001011111010000000100000001000000010000000100000001011111100000000100000001011100110000000100000001011101000000000100000001000000010000000100000001000000010000000100000001000000010000000100000001000000010000000100000001000000010000000100000001000000010000000100000001000000010000000100000001000000010000000100000001000000010000000100000001000000010000000100000001000000010000000100000001000000010000000100000001000000010000000100000001000000010000000100000001000000010000000100000001000000010000000100000001000000010000000100000001000000010111111100000001000000010111100000000001000000010000000100000001000000010000000100000001000000010111010100000001000000010111010000000001000000010111010000000001000000010111001000000001000000010000000100000001000000010111011100000001000000010110010100000001000000010110001100000001000000010111011000000001000000010111111100000001000000010110101000000001000000010101110100000001000000010110001000000001000000010110001100000001000000010111101100000001000000010110100100000001000000010101000000000001000000010101000000000001000000010101111000000001000000010110111000000001000000010101110100000001000000010101001100000001000000010101000000000001000000010101011100000001000000010110011000000001000000010101011000000001000000010100100100000001000000010100011000000001000000010101101100000001000000010110000100000001000000010100001100000001000000010011100100000001000000010011011000000001000000010011111100000001000000010101100100000001000000010100100100000001000000010011000100000001000000010010101100000001000000010011111100000001000000010100101000000001000000010011110100000001000000010011010100000001000000010010111000000001000000010011010100000001000000010101001000000001000000010100000000000001000000010001011100000001000000010001001100000001000000010011000100000001000000010100001000000001000000010010011100000001000000010001111100000001000000010001110100000001000000010010001100000001000000010100000100000001000000010011010100000001000000010001100000000001000000010001101000000001000000010011010000000001000000010100011000000001000000010011001000000001000000010010110000000001000000010011010100000001000000010100001000000001000000010101100100000001000000010100110100000001000000010011110100000001000000010011111000000001000000010101101000000001000000010110010100000001000000010100100100000001000000010100011100000001000000010100101100000001000000010101001100000001000000010110101000000001000000010101110100000001000000010100110000000001000000010100101100000001000000010110100100000001000000010111110000000001000000010110011100000001000000010110010000000001000000010110001100000001000000010110100000000001000000010000000100000001000000010111001100000001000000010110000000000001000000010110001100000001000000010111111100000001000000010000000100000001000000010111110000000001000000010111000100000001000000010111100100000001000000010111111100000001000000010000000100000001000000010000000100000001000000010000000100000001000000010000000100000001000000010000000100000001000000010000000100000001000000010000000100000001000000010000000100000001000000010000000100000001000000010000000100000001000000010000000100000001000000010000000100000001000000010000000100000001000000010000000100000001000000010000000100000001000000010000000100000001000000010000000100000001011110100000000100000001011100000000000100000001011101010000000100000001011110000000000100000001000000010000000100000001011100110000000100000001011000000000000100000001010111010000000100000001011011000000000100000001000000010000000100000001011000110000000100000001011000000000000100000001010111000000000100000001010110100000000100000001011111010000000100000001011000110000000100000001010011110000000100000001010011000000000100000001010100110000000100000001011010100000000100000001010101010000000100000001010010110000000100000001001111100000000100000001010000110000000100000001011010010000000100000001010011000000000100000001001100100000000100000001001100100000000100000001010001100000000100000001010111000000000100000001010001010000000100000001010001000000000100000001010001110000000100000001010001100000000100000001011100010000000100000001010101110000000100000001010000110000000100000001010011000000000100000001010101010000000100000001011110100000000100000001010110110000000100000001010100010000000100000001010011110000000100000001010100110000000100000001011101110000000100000001010110100000000100000001010101000000000100000001010101000000000100000001010110110000000100000001000000010000000100000001010110100000000100000001010110000000000100000001010101010000000100000001010110010000000100000001000000010000000100000001010111110000000100000001010110000000000100000001010101010000000100000001010111110000000100000001011111000000000100000001011000000000000100000001011000000000000100000001010100110000000100000001010110110000000100000001000000010000000100000001011000110000000100000001010101010000000100000001010100100000000100000001011001010000000100000001011110010000000100000001010110100000000100000001010110100000000100000001010110110000000100000001010110100000000100000001011011110000000100000001011011110000000100000001010110110000000100000001010111000000000100000001011110010000000100000001000000010000000100000001000000010000000100000001011100000000000100000001011110010000000100000001000000010000000100000001000000010000000100000001000000010000000100000001000000010000000100000001000000010000000100000001000000010000000100000001000000010000000100000001000000010000000100000001000000010000000100000001000000010000000000000001000000010000000100000001000000010000000100000001000000010000000100000001000000010000000100000001000000010000000100000001000000010000000100000001000000010000000100000001000000010000000100000001000000010000000100000001000000010000000100000001000000010000000100000001000000010000000100000001000000010000000100000001000000010000000100000001000000010111101000000001000000010111011100000001000000010000000100000001000000010000000100000001000000010111111100000001000000010111000000000001000000010111001100000001000000010111101100000001000000010000000100000001000000010000000100000001000000010110111100000001000000010110111100000001000000010000000100000001000000010000000100000001000000010000000100000001000000010111101100000001000000010000000100000001000000010000000100000001000000010000000100000001000000010000000100000001000000010000000100000001000000010000000100000001000000010000000100000001000000010000000100000001000000010000000100000001000000010000000100000001000000010000000100000001000000010000000100000001000000010000000100000001000000010000000100000001000000010000000101111011000000010000000100000001000000010000000100000001000000010000000100000001000000010000000101111001000000010000000101111000000000010000000100000001000000010000000100000001000000010000000100000001000000010000000101100000000000010000000101011111000000010000000100000001000000010000000100000001000000010000000101111001000000010000000101101001000000010000000101100111000000010000000101110101000000010000000100000001000000010000000100000001000000010000000101101000000000010000000101101000000000010000000100000001000000010000000100000001000000010000000101111100000000010000000101101101000000010000000101110010000000010000000100000001000000010000000100000001000000010000000100000001000000010000000101100101000000010000000101101110000000010000000100000001000000010000000100000001000000010000000100000001000000010000000101101101000000010000000101101010000000010000000100000001000000010000000100000001000000010000000100000001000000010000000101110011000000010000000101101010000000010000000100000001000000010000000100000001000000010000000100000001000000010000000101111010000000010000000101110101000000010000000100000001000000010000000100000001000000010000000100000001000000010000000101111000000000010000000101111001000000010000000100000001000000010000000100000001000000010000000100000001000000010000000100000001000000010000000100000001000000010000000100000001000000010000000100000001000000010000000100000001000000010000000100000001000000010000000100000001000000010000000100000001000000010000000100000001000000010000000100000001000000010000000100000001000000010000000100000001000000010000000100000001000000010000000100000001000000010000000100000001000000010000000100000001000000010000000100000001000000010000000100000001000000010000000100000001000000010000000100000001000000010000000100000001000000010000000100000001000000010000000100000001000000010000000100000001000000010000000100000001000000010000000100000001000000010000000100000001000000010000000100000001000000010000000100000001000000010000000100000001000000010000000100000001000000010000000100000001000000010000000100000001000000010000000100000001000000010000000100000001000000010000000100000001000000010000000100000001000000010000000100000001000000010000000100000001000000010000000100000001000000010000000100000001000000010000000100000001000000010000000100000001000000010000000100000001000000010000000100000001000000010000000100000001000000010000000100000001000000010111111000000001000000010000000100000001000000010000000100000001000000010000000100000001000000010111010000000001000000010000000100000001000000010000000100000001000000010000000100000001000000010000000100000001000000010111010000000001000000010111100000000001000000010000000100000001000000010000000100000001000000010000000100000001000000010111110100000001000000010000000100000001000000010000000100000001000000010000000100000001000000010000000100000001000000010000000100000001000000010000000100000001000000010000000100000001000000010000000100000001000000010000000100000001000000010000000100000001000000010000000100000001000000010000000100000001000000010000000100000001000000010000000100000001000000010000000100000001000000010000000100000001000000010000000100000001000000010000000100000001000000010000000101111011000000010000000101111011000000010000000100000001000000010000000100000001000000010000000100000001000000010000000101101010000000010000000101101001000000010000000100000001000000010000000100000001000000010000000101111101000000010000000101101011000000010000000101101110000000010000000101111010000000010000000100000001000000010000000101111001000000010000000101100000000000010000000101100000000000010000000101110010000000010000000101111100000000010000000101101111000000010000000101100010000000010000000101100000000000010000000101101010000000010000000101110111000000010000000101101010000000010000000101010100000000010000000101010000000000010000000101101010000000010000000101101110000000010000000101011101000000010000000101000110000000010000000101001000000000010000000101011110000000010000000101110000000000010000000101011011000000010000000100111100000000010000000100111111000000010000000101010111000000010000000101011111000000010000000101010010000000010000000101000100000000010000000100111101000000010000000101001001000000010000000101100011000000010000000101010110000000010000000100101101000000010000000100100011000000010000000101001000000000010000000101011110000000010000000101000101000000010000000100101110000000010000000100101101000000010000000101000010000000010000000101010010000000010000000101001010000000010000000100101001000000010000000100101101000000010000000101001111000000010000000101011110000000010000000101001100000000010000000100111111000000010000000101000010000000010000000101010011000000010000000101101001000000010000000101100001000000010000000101001100000000010000000101001010000000010000000101101001000000010000000101101111000000010000000101100001000000010000000101010100000000010000000101011010000000010000000101101001000000010000000100000001000000010000000101110101000000010000000101011001000000010000000101011000000000010000000101110110000000010000000100000001000000010000000101110111000000010000000101101010000000010000000101101101000000010000000101111011000000010000000100000001000000010000000100000001000000010000000101101010000000010000000101101101000000010000000100000001000000010000000100000001000000010000000100000001000000010000000101111001000000010000000101111111000000010000000100000001000000010000000100000001000000010000000100000001000000010000000100000001000000010000000100000001000000010000000100000001000000010000000100000001000000010000000100000001000000010000000100000001000000010000000100000001000000010000000100000001000000010000000100000001000000010000000100000001000000010000000100000001000000010000000100000001000000010111111000000001000000010000000100000001000000010000000100000001000000010000000100000001000000010000000100000001000000010111010000000001000000010000000100000001000000010000000100000001000000010000000100000001000000010110001100000001000000010101111100000001000000010000000100000001000000010000000100000001000000010000000100000001000000010110000000000001000000010101110000000001000000010111101100000001000000010000000100000001000000010111111000000001000000010101010000000001000000010100111100000001000000010110111100000001000000010111011000000001000000010110111000000001000000010100110000000001000000010100111100000001000000010110000100000001000000010110110100000001000000010110011000000001000000010011011000000001000000010011110100000001000000010101111100000001000000010110111100000001000000010110011100000001000000010100011000000001000000010100001000000001000000010110111000000001000000010111101000000001000000010111000000000001000000010101000100000001000000010100101000000001000000010111110100000001000000010111110100000001000000010111100000000001000000010101111000000001000000010101101000000001000000010111011000000001000000010111110100000001000000010000000100000001000000010101000000000001000000010101111000000001000000010000000100000001000000010000000100000001000000010111111100000001000000010110001000000001000000010110001100000001000000010000000100000001000000010000000100000001000000010000000100000001000000010110000100000001000000010101110000000001000000010000000100000001000000010000000100000001000000010000000100000001000000010110001000000001000000010110100100000001000000010111101000000001000000010000000100000001000000010000000100000001000000010101101100000001000000010101111100000001000000010111111000000001000000010000000100000001000000010000000100000001000000010110001000000001000000010101111000000001000000010111011000000001000000010111010000000001000000010000000100000001000000010111100100000001000000010111100000000001000000010000000100000001000000010000000100000001000000010000000100000001000000010000000100000001000000010000000100000001000000010000000100000001000000010000000100000001000000010000000100000001000000010000000100000001000000010000000100000001000000010000000100000001000000010000000100000001000000010000000100000001000000010000000100000001000000010000000100000000000000010000000100000001000000010000000100000001000000010000000100000001000000010000000100000001000000010000000100000001000000010000000100000001000000010000000100000001000000010000000100000001000000010000000100000001000000010000000100000001000000010000000100000001000000010000000100000001000000010000000100000001000000010000000100000001000000010000000100000001000000010000000100000001000000010000000100000001000000010000000100000001000000010000000100000001000000010000000100000001000000010000000100000001000000010000000100000001000000010000000100000001000000010000000100000001000000010000000100000001000000010000000100000001000000010000000100000001000000010000000100000001000000010000000100000001000000010000000100000001000000010000000100000001000000010000000100000001000000010000000100000001000000010000000100000001000000010000000100000001000000010000000100000001000000010000000100000001000000010000000100000001000000010000000100000001000000010000000100000001000000010000000100000001000000010000000100000001000000010000000100000001000000010000000100000001000000010000000100000001000000010000000100000001000000010000000100000001000000010000000100000001000000010000000100000001000000010000000100000001000000010000000100000001000000010000000100000001000000010000000100000001000000010000000100000001000000010000000100000001000000010000000100000001000000010000000100000001000000010000000100000001000000010000000100000001000000010000000100000001000000010000000100000001000000010000000100000001000000010000000100000001000000010000000100000001000000010000000100000001000000010000000100000001000000010000000100000001000000010000000100000001000000010000000100000001000000010000000100000001000000010000000100000001000000010000000100000001000000010000000100000001000000010000000100000001000000010000000100000001000000010000000100000001000000010000000100000001000000010000000100000001000000010000000100000001000000010000000100000001000000010000000100000001000000010000000100000001000000010000000100000001000000010000000100000001000000010000000100000001000000010000000100000001000000010000000100000001000000010000000100000001000000010000000100000001000000010000000100000001000000010000000100000001000000010000000100000001000000010000000100000001000000010000000100000001000000010000000100000001000000010000000100000001000000010000000100000001000000010000000100000001000000010000000100000001000000010000000100000001000000010000000100000001000000010000000100000001000000010000000100000001000000010000000100000001000000010000000100000001000000010000000100000001000000010000000100000001000000010000000100000001000000010000000100000001000000010000000100000001000000010000000100000001000000010000000100000001000000010000000100000001000000010000000100000001000000010000000100000001000000010000000100000001000000010000000100000001000000010000000100000001000000010000000100000001000000010000000100000001000000010000000100000001000000010000000100000001000000010000000100000001000000010000000100000001000000010000000100000001000000010000000100000001000000010000000100000001000000010000000100000001000000010000000100000001000000010000000100000001000000010000000100000001000000010000000100000001000000010000000100000001000000010000000100000001000000010000000100000001000000010000000100000001000000010000000100000001000000010000000100000001000000010000000100000001000000010000000100000001000000010000000100000001000000010000000100000001000000010000000100000001000000010000000100000001000000010000000100000001000000010000000100000001000000010000000100000001000000010000000100000001000000010000000100000001000000010000000100000001000000010000000100000001000000010000000100000001000000010000000100000001000000010000000100000001000000010000000100000001000000010000000100000001000000010000000100000001000000010000000100000001000000010000000100000001000000010000000100000001000000010000000100000001000000010000000100000001000000010000000100000001000000010000000100000001000000010000000100000001000000010000000100000001000000010000000100000001000000010000000100000001000000010000000100000001000000010000000100000001000000010000000100000001000000010000000100000001000000010000000100000001000000010000000100000001000000010000000100000001000000010000000100000001000000010000000100000001000000010000000100000001000000010000000100000001000000010000000100000001000000010000000100000001000000010000000100000001000000010000000100000001000000010000000100000001000000010000000100000001000000010000000100000001000000010000000100000001000000010000000100000001000000010000000100000001000000010000000100000001000000010000000100000001000000010000000100000001000000010000000100000001000000010000000100000001000000010000000100000001000000010000000100000001000000010000000100000001000000010000000100000001000000010000000100000001000000010000000100000001000000010000000100000001000000010000000100000001000000010000000100000001000000010000000100000001011110110000000100000001011111000000000100000001000000010000000100000001000000010000000100000001000000010000000100000001011111110000000100000001000000010000000100000001000000010000000100000001000000010000000100000001000000010000000100000001011010100000000100000001011011000000000100000001000000010000000100000001000000010000000100000001000000010000000100000001011110000000000100000001011101010000000100000001011110100000000100000001000000010000000100000001000000010000000100000001010111010000000100000001010110110000000100000001000000010000000100000001000000010000000100000001011100000000000100000001011010000000000100000001011010110000000100000001011110100000000100000001000000010000000100000001000000010000000100000001010111000000000100000001010111000000000100000001000000010000000100000001000000010000000100000001000000010000000100000001011011110000000100000001011011100000000100000001000000010000000100000001000000010000000100000001000000010000000100000001011100100000000100000001011101100000000100000001000000010000000100000001000000010000000100000001000000010000000100000001000000010000000100000001000000010000000100000001000000010000000100000001000000010000000100000001000000010000000100000001000000010000000100000001000000010000000100000001000000010000000100000001000000010000000100000001000000010000000100000001000000010000000100000001000000010000000100000001000000010000000100000001000000010000000100000001000000010000000100000001000000010000000100000001000000010000000100000001000000010000000100000001000000010000000100000001000000010000000100000001000000010000000100000001000000010000000100000001000000010000000100000001000000010000000100000001000000010000000100000001000000010000000100000001000000010000000100000001000000010000000100000001000000010000000100000001000000010000000100000001000000010000000100000001000000010000000100000001000000010000000100000001000000010000000100000001000000010000000100000001000000010000000100000001000000010000000100000001000000010000000100000001000000010000000100000001000000010000000100000001000000010000000100000001000000010000000100000001000000010000000100000001000000010000000100000001000000010000000100000001000000010000000100000001000000010000000100000001000000010000000100000001000000010000000100000001000000010000000100000001000000010000000100000001000000010000000100000001000000010000000100000001000000010000000100000001000000010000000100000001000000010000000100000001000000010000000100000001000000010000000100000001000000010000000100000001000000010000000100000001000000010000000100000001000000010000000100000001000000010000000100000001000000010000000100000001000000010000000100000001000000010000000101111100000000010000000101110111000000010000000100000001000000010000000100000001000000010000000100000001000000010000000100000001000000010000000100000001000000010000000100000001000000010000000100000001000000010000000100000001000000010000000100000001000000010000000100000001000000010000000100000001000000010000000100000001000000010000000100000001000000010000000100000001000000010000000100000001000000010000000100000001000000010000000100000001000000010000000100000001000000010000000100000001000000010000000100000001000000010000000100000001000000010000000100000001000000010000000100000001000000010000000100000001000000010000000100000001000000010000000100000001000000010000000100000001000000010000000100000001000000010000000100000001000000010000000100000001000000010000000100000001000000010000000100000001000000010000000100000001000000010000000100000001000000010000000100000001000000010000000100000001000000010000000100000001000000010000000100000001000000010000000100000001000000010000000100000001000000010000000100000001000000010000000100000001000000010000000100000001000000010000000100000001000000010000000100000001000000010000000100000001000000010000000100000001000000010000000100000001000000010000000100000001000000010000000100000001000000010000000100000001000000010000000100000001000000010000000100000001000000010000000100000001000000010000000100000001000000010000000100000001000000010000000100000001000000010000000100000001000000010000000100000001000000010000000100000001000000010000000100000001000000010000000100000001000000010000000100000001000000010000000100000001000000010000000100000001000000000000000100000001000000010000000100000001000000010000000100000001000000010000000100000001000000010000000100000001000000010000000100000001000000010000000100000001000000010000000100000001000000010000000100000001000000010000000100000001000000010000000100000001000000010000000100000001000000010000000100000001000000010000000100000001000000010000000100000001000000010000000100000001000000010000000100000001000000010000000100000001000000010000000100000001000000010000000100000001011111110000000100000001000000010000000100000001000000010000000100000001000000010000000100000001000000010000000100000001000000010000000100000001011111010000000100000001000000010000000100000001000000010000000100000001000000010000000100000001000000010000000100000001000000010000000100000001000000010000000100000001000000010000000100000001000000010000000100000001000000010000000100000001000000010000000100000001000000010000000100000001000000010000000100000001000000010000000100000001000000010000000100000001000000010000000100000001000000010000000100000001000000010000000100000001000000010000000100000001000000010000000100000001000000010000000100000001000000010000000100000001000000010000000100000001000000010000000100000001000000010000000100000001000000010000000100000001000000010000000100000001000000010000000100000001000000010111101100000001000000010111111000000001000000010000000100000001000000010000000100000001000000010000000100000001000000010000000100000001000000010000000100000001000000010000000100000001000000010000000100000001000000010000000100000001000000010000000100000001000000010000000100000001000000010000000100000001000000010000000100000001000000010000000100000001000000010000000100000001000000010000000100000001000000010000000100000001000000010000000100000001000000010000000100000001000000010000000100000001000000010000000100000001000000010000000100000001000000010000000100000001000000010000000100000001000000010000000100000001000000010000000100000001000000010000000100000001000000010000000100000001000000010000000100000001000000010000000100000001000000010000000100000001000000010000000100000001000000010000000100000001000000010000000100000001000000010000000100000001000000010000000100000001000000010000000100000001000000010000000100000001000000010000000100000001000000010000000100000001000000010000000100000001000000010000000100000001000000010000000100000001000000010000000100000001000000010000000100000001000000010000000100000001000000010000000100000001000000010000000100000001000000010000000100000001000000010000000100000001000000010000000100000001000000010000000100000001000000010000000100000001000000010000000100000001000000010000000100000001000000010000000100000001000000010000000100000001000000010000000100000001000000010000000100000001000000010000000100000001000000010000000100000001000000010000000100000001000000010000000100000001000000010000000100000001000000010000000100000001000000010000000100000001000000010000000100000001000000010000000100000001000000010000000100000001000000010000000100000001000000010000000100000001000000010000000100000001000000010000000100000001000000010000000100000001000000010000000100000001000000010000000100000001000000010000000100000001000000010000000100000001000000010000000100000001000000010000000100000001000000010000000100000001000000010000000100000001000000010000000100000001000000010000000100000001000000010000000100000001000000010000000100000001000000010000000100000001000000010000000100000001000000010000000100000001000000010000000100000001000000010000000100000001000000010000000100000001000000010000000100000001000000010000000100000001000000010000000100000001000000010000000100000001000000010000000100000001000000010000000100000001000000010000000100000001000000010000000100000001000000010000000100000001000000010000000100000001000000010000000100000001000000010000000100000001000000010000000100000001000000010000000100000001000000010000000100000001000000010000000100000001000000010000000100000001000000010000000100000001000000010000000100000001000000010000000100000001000000010000000100000001000000010000000100000001000000010000000100000001000000010000000100000001000000010000000100000001000000010000000100000001000000010000000100000001000000010000000100000001000000010000000100000001000000010000000100000001000000010000000100000001000000010000000100000001000000010000000100000001000000010000000100000001000000010000000100000001000000010000000100000001000000010000000100000001000000010000000100000001000000010000000100000001000000010000000100000001000000010000000100000001000000010000000100000001000000010000000100000001000000010111111100000001000000010000000100000001000000010000000100000001000000010000000100000001000000010111001100000001000000010111001100000001000000010000000100000001000000010000000100000001000000010000000100000001000000010111011000000001000000010111010100000001000000010000000100000001000000010000000100000001000000010000000100000001000000010110110100000001000000010110101000000001000000010000000100000001000000010000000100000001000000010000000100000001000000010110110100000001000000010111000100000001000000010000000100000001000000010000000100000001000000010000000100000001000000010101101000000001000000010101001100000001000000010000000100000001000000010000000100000001000000010000000100000001000000010110001000000001000000010110001000000001000000010000000100000001000000010000000100000001000000010000000100000001000000010100110100000001000000010101001000000001000000010000000100000001000000010000000100000001000000010111101000000001000000010101101000000001000000010101111000000001000000010000000100000001000000010000000100000001000000010000000100000001000000010101000000000001000000010101000100000001000000010000000100000001000000010000000100000001000000010000000100000001000000010110000000000001000000010101111000000001000000010000000100000001000000010000000100000001000000010000000100000001000000010101111100000001000000010110000100000001000000010000000100000001000000010000000100000001000000010000000100000001000000010110101000000001000000010110101100000001000000010000000100000001000000010000000100000001000000010000000100000001000000010111001100000001000000010111010000000001000000010000000100000001000000010000000100000001000000010000000100000001000000010111111100000001000000010000000100000001000000010000000100000001000000010000000100000001000000010000000100000001000000010000000100000001000000010000000100000001000000010000000100000001000000010000000100000001000000010000000100000001000000010000000100000001000000010000000100000001000000010000000100000001000000010000000100000001000000010000000100000001000000010000000100000001000000010000000100000001000000010000000100000001000000010000000100000001000000010000000100000001000000010000000100000001000000010000000100000001000000010000000100000001000000010000000100000001000000010000000100000001000000010000000100000001000000010000000100000001000000010000000100000001000000010000000100000001000000010000000100000001000000010000000100000001000000010000000100000001000000010000000100000001000000010000000100000001000000010000000100000001000000010000000100000001011101010000000100000001011100110000000100000001000000010000000100000001000000010000000100000001000000010000000100000001011101100000000100000001011100100000000100000001000000010000000100000001000000010000000100000001000000010000000100000001011010100000000100000001011001000000000100000001000000010000000100000001000000010000000100000001000000010000000100000001010111110000000100000001011001000000000100000001000000010000000100000001000000010000000100000001000000010000000100000001010011100000000100000001010100100000000100000001000000010000000100000001000000010000000100000001000000010000000100000001010111010000000100000001010111000000000100000001000000010000000100000001000000010000000100000001000000010000000100000001011001010000000100000001011000100000000100000001000000010000000100000001000000010000000100000001000000010000000100000001011011110000000100000001011100010000000100000001000000010000000100000001000000010000000100000001000000010000000100000001011101000000000100000001011011100000000100000001000000010000000100000001000000010000000100000001000000010000000100000001011101010000000100000001011101100000000100000001000000010000000100000001000000010000000100000001000000010000000100000001011100110000000100000001011110000000000100000001000000010000000100000001000000010000000100000001000000010000000100000001011111000000000100000001011100110000000100000001000000010000000100000001000000010000000100000001000000010000000100000001011100000000000100000001011101010000000100000001000000010000000100000001000000010000000100000001000000010000000100000001011101110000000100000001011110000000000100000001000000010000000100000001000000010000000100000001000000010000000100000001011110100000000100000001000000010000000100000001000000010000000100000001000000010000000100000001000000010000000100000001000000010000000100000001000000010000000100000001000000010000000100000001000000010000000100000001000000010000000100000001000000010000000100000001000000010000000100000001000000010000000100000001000000010000000100000001000000010000000100000001000000010000000100000001000000010000000000000001000000010000000100000001000000010000000100000001000000010000000100000001000000010000000100000001000000010000000100000001000000010000000100000001000000010000000100000001000000010000000100000001000000010000000100000001000000010000000100000001000000010111010100000001000000010111011000000001000000010000000100000001000000010000000100000001000000010101110000000001000000010101111000000001000000010000000100000001000000010000000100000001000000010000000100000001000000010111000100000001000000010110110000000001000000010111010000000001000000010000000100000001000000010000000100000001000000010111000000000001000000010110110100000001000000010000000100000001000000010000000100000001000000010000000100000001000000010000000100000001000000010111111000000001000000010000000100000001000000010000000100000001000000010000000100000001000000010000000100000001000000010000000100000001000000010000000100000001000000010000000100000001000000010000000100000001000000010000000100000001000000010000000100000001000000010000000100000001000000010000000100000001000000010000000100000001000000010000000100000001000000010000000100000001000000010000000100000001000000010000000100000001000000010000000101110111000000010000000101111001000000010000000100000001000000010000000100000001000000010000000100000001000000010000000101100111000000010000000101101101000000010000000100000001000000010000000100000001000000010000000100000001000000010000000101111001000000010000000101110001000000010000000101111101000000010000000100000001000000010000000100000001000000010000000101110010000000010000000101110110000000010000000100000001000000010000000100000001000000010000000100000001000000010000000101110101000000010000000101111010000000010000000100000001000000010000000100000001000000010000000100000001000000010000000101110110000000010000000101111010000000010000000100000001000000010000000100000001000000010000000100000001000000010000000100000001000000010000000101111111000000010000000100000001000000010000000100000001000000010000000100000001000000010000000101111100000000010000000101111111000000010000000100000001000000010000000100000001000000010000000100000001000000010000000100000001000000010000000100000001000000010000000100000001000000010000000100000001000000010000000100000001000000010000000100000001000000010000000100000001000000010000000100000001000000010000000100000001000000010000000100000001000000010000000100000001000000010000000100000001000000010000000100000001000000010000000100000001000000010000000100000001000000010000000100000001000000010000000100000001000000010000000100000001000000010000000100000001000000010000000100000001000000010000000100000001000000010000000100000001000000010000000100000001000000010000000100000001000000010000000100000001000000010000000100000001000000010000000100000001000000010000000100000001000000010000000100000001000000010000000100000001000000010000000100000001000000010000000100000001000000010000000100000001000000010000000100000001000000010000000100000001000000010000000100000001000000010000000100000001000000010000000100000001000000010000000100000001000000010000000100000001000000010000000100000001000000010000000100000001000000010000000100000001000000010000000100000001000000010000000100000001000000010000000100000001000000010111101000000001000000010111111000000001000000010000000100000001000000010000000100000001000000010000000100000001000000010111100100000001000000010111100100000001000000010000000100000001000000010000000100000001000000010000000100000001000000010111011100000001000000010111011000000001000000010000000100000001000000010000000100000001000000010000000100000001000000010111001100000001000000010111001000000001000000010111110000000001000000010000000100000001000000010000000100000001000000010111000100000001000000010111001000000001000000010000000100000001000000010000000100000001000000010000000100000001000000010000000100000001000000010111111100000001000000010000000100000001000000010000000100000001000000010000000100000001000000010000000100000001000000010000000100000001000000010000000100000001000000010000000100000001000000010000000100000001000000010000000100000001000000010000000100000001000000010000000100000001000000010000000100000001000000010000000100000001000000010000000100000001000000010000000100000001000000010000000100000001000000010000000100000001000000010000000100000001000000010000000101111001000000010000000100000001000000010000000100000001000000010000000100000001000000010000000101110110000000010000000101110010000000010000000100000001000000010000000100000001000000010000000100000001000000010000000101110111000000010000000101110011000000010000000101110100000000010000000100000001000000010000000100000001000000010000000101100000000000010000000101100010000000010000000101111111000000010000000100000001000000010000000101110001000000010000000101011110000000010000000101010111000000010000000101101011000000010000000100000001000000010000000101111011000000010000000101011000000000010000000101011000000000010000000101110011000000010000000100000001000000010000000101100011000000010000000101001101000000010000000101001000000000010000000101100000000000010000000100000001000000010000000101101100000000010000000100110110000000010000000100111100000000010000000101100001000000010000000100000001000000010000000101010101000000010000000101000101000000010000000101000110000000010000000101010110000000010000000100000001000000010000000101011110000000010000000100101101000000010000000100101110000000010000000101100001000000010000000100000001000000010000000101001110000000010000000100111000000000010000000100111111000000010000000101001010000000010000000101111110000000010000000101100000000000010000000100101111000000010000000100110011000000010000000101100010000000010000000100000001000000010000000101010111000000010000000101000010000000010000000101000100000000010000000101010101000000010000000100000001000000010000000101110000000000010000000101000101000000010000000101001010000000010000000101101101000000010000000100000001000000010000000101101101000000010000000101011100000000010000000101010101000000010000000101100010000000010000000100000001000000010000000101110111000000010000000101011001000000010000000101101000000000010000000101111101000000010000000100000001000000010000000100000001000000010000000101110001000000010000000101101101000000010000000101111100000000010000000100000001000000010000000100000001000000010000000101110010000000010000000101110100000000010000000100000001000000010000000100000001000000010000000100000001000000010000000100000001000000010000000100000001000000010000000100000001000000010000000100000001000000010000000100000001000000010000000100000001000000010000000100000001000000010000000100000001000000010000000100000001000000010000000100000001000000010000000100000001000000010000000100000001000000010000000100000001000000010000000100000001000000010000000100000001000000010000000100000001000000010000000100000001000000010000000100000001000000010000000100000001000000010000000100000001000000010000000100000001000000010111011100000001000000010111011100000001000000010000000100000001000000010000000100000001000000010000000100000001000000010110010000000001000000010110001100000001000000010111101100000001000000010000000100000001000000010111100000000001000000010110011000000001000000010101110000000001000000010110101000000001000000010000000100000001000000010111110000000001000000010101001100000001000000010100110000000001000000010110100100000001000000010000000100000001000000010101101100000001000000010100010100000001000000010100110000000001000000010101011000000001000000010000000100000001000000010110100000000001000000010011101100000001000000010011100000000001000000010101011100000001000000010000000100000001000000010101101000000001000000010100100000000001000000010100101100000001000000010101111100000001000000010000000100000001000000010110111000000001000000010101000100000001000000010100110000000001000000010110100100000001000000010000000100000001000000010111000100000001000000010110000000000001000000010101110100000001000000010110111000000001000000010000000100000001000000010111110000000001000000010110001000000001000000010110001100000001000000010111011000000001000000010000000100000001000000010111110100000001000000010110011100000001000000010110001100000001000000010111011100000001000000010000000100000001000000010111110100000001011111010110001000000001000000010110101100000001000000010110111000000001000000010000000100000001000000010111110000000001000000010110010000000001000000010110010100000001000000010111000100000001000000010000000100000001000000010000000100000001000000010110001100000001000000010110011000000001000000010111011100000001000000010000000100000001000000010111111100000001011111000101111100000001000000010110010000000001000000010111010000000001000000010000000100000001000000010000000100000001000000010110101100000001011110110110010100000001000000010000000100000001000000010000000100000001000000010000000100000001011110100111001100000001011110110111011000000001000000010000000100000001000000010000000100000001000000010000000100000001000000010000000100000001000000010000000100000001000000010000000100000001000000010000000100000001000000010000000100000001000000010000000100000001000000010000000100000000000000010000000100000001000000010000000100000001000000010000000100000001000000010000000100000001000000010000000100000001000000010000000100000001000000010000000100000001000000010000000100000001000000010000000100000001000000010000000100000001000000010000000101101010000000010000000100000001000000010000000100000001000000010000000100000001000000010000000101100010000000010000000101011010000000010000000100000001000000010000000100000001000000010000000100000001000000010000000101110000000000010000000101101100000000010000000100000001000000010000000100000001000000010000000100000001000000010000000101110000000000010000000101110101000000010000000100000001000000010000000100000001000000010000000100000001000000010000000100000001000000010000000100000001000000010000000100000001000000010000000100000001000000010000000100000001000000010000000100000001000000010000000100000001000000010000000100000001000000010000000100000001000000010000000100000001000000010000000100000001000000010000000100000001000000010000000100000001000000010000000100000001000000010000000100000001000000010000000100000001000000010000000100000001000000010000000100000001000000010000000100000001000000010000000100000001011111000000000100000001011111100000000100000001000000010000000100000001000000010000000100000001000000010000000100000001011111010000000100000001011011000000000100000001000000010000000100000001000000010000000100000001000000010000000100000001011111010000000100000001011101010000000100000001000000010000000100000001000000010000000100000001000000010000000100000001011110110000000100000001000000010000000100000001000000010000000100000001000000010000000100000001000000010000000100000001011111000000000100000001011110010000000100000001000000010000000100000001000000010000000100000001000000010000000100000001000000010000000100000001011110010000000100000001000000010000000100000001000000010000000100000001000000010000000100000001000000010000000100000001000000010000000100000001000000010000000100000001000000010000000100000001000000010000000100000001000000010000000100000001000000010000000100000001000000010000000100000001000000010000000100000001000000010000000100000001000000010000000100000001000000010000000100000001000000010000000100000001000000010000000100000001000000010000000100000001000000010000000100000001000000010000000100000001000000010000000100000001000000010000000100000001000000010000000100000001000000010000000100000001000000010000000100000001000000010000000100000001000000010000000100000001000000010000000100000001000000010000000100000001000000010000000100000001000000010000000100000001000000010000000100000001000000010000000100000001000000010000000100000001000000010000000100000001000000010000000100000001000000010000000100000001000000010000000100000001000000010000000100000001000000010000000100000001000000010000000100000001000000010000000100000001000000010000000100000001000000010000000100000001000000010000000100000001000000010000000100000001000000010000000100000001000000010000000100000001000000010000000100000001000000010000000100000001000000010000000100000001000000010000000100000001000000010000000100000001000000010000000100000001000000010000000100000001000000010000000100000001000000010000000100000001000000010000000100000001000000010000000100000001000000010000000101111010000000010000000100000001000000010000000100000001000000010000000100000001000000010000000101110100000000010000000101110110000000010000000100000001000000010000000100000001000000010000000100000001000000010000000101111101000000010000000101111010000000010000000100000001000000010000000100000001000000010000000100000001000000010000000101110110000000010000000101101100000000010000000100000001000000010000000100000001000000010000000100000001000000010000000101111001000000010000000101111000000000010000000100000001000000010000000100000001000000010000000100000001000000010000000101111111000000010000000100000001000000010000000100000001000000010000000100000001000000010000000100000001000000010000000101111110000000010000000100000001000000010000000100000001000000010000000100000001000000010000000100000001000000010000000100000001000000010000000100000001000000010000000100000001000000010000000100000001000000010000000100000001000000010000000100000001000000010000000100000001000000010000000100000001000000010000000100000001000000010000000100000001000000010000000100000001011111000000000100000001000000010000000100000001000000010000000100000001000000010000000100000001011110010000000100000001011110110000000100000001000000010000000100000001000000010000000100000001000000010000000100000001000000010000000100000001011101010000000100000001000000010000000100000001000000010000000100000001000000010000000100000001011011110000000100000001011010100000000100000001000000010000000100000001000000010000000100000001011110100000000100000001011000110000000100000001011001110000000100000001011101000000000100000001000000010000000100000001000000010000000100000001011001000000000100000001011010000000000100000001011111010000000100000001000000010000000100000001011100010000000100000001010110110000000100000001010101100000000100000001011000110000000100000001000000010000000100000001000000010000000100000001010101000000000100000001010000110000000100000001011100010000000100000001000000010000000100000001011000100000000100000001010101000000000100000001010110000000000100000001011010000000000100000001000000010000000100000001011011010000000100000001010000010000000100000001001110110000000100000001011010000000000100000001000000010000000100000001011001000000000100000001010001010000000100000001010010100000000100000001010111000000000100000001000000010000000100000001011101010000000100000001001111000000000100000001001110110000000100000001011010010000000100000001000000010000000100000001011001010000000100000001010100000000000100000001010101010000000100000001011001110000000100000001000000010000000100000001011110100000000100000001010011110000000100000001010100000000000100000001011110100000000100000001000000010000000100000001011111000000000100000001011011010000000100000001011001110000000100000001011010000000000100000001000000010000000100000001000000010000000100000001011011000000000100000001011001010000000100000001000000010000000100000001000000010000000100000001000000010000000100000001011101100000000100000001011101010000000100000001000000010000000100000001000000010000000100000001000000010000000100000001011110010000000100000001011111100000000100000001000000010000000100000001000000010000000100000001000000010000000100000001000000010000000100000001011111110000000100000001000000010000000100000001000000010000000100000001000000010000000100000001000000010000000100000001000000010000000100000001000000010000000100000001000000010000000100000001000000010000000100000001000000010000000100000001000000010000000100000001000000010000000100000001000000010000000100000001000000010000000100000001000000010000000100000001000000010000000100000001000000010000000100000001000000010000000100000001000000010000000100000001000000010000000101111001000000010000000101111010000000010000000100000001000000010000000100000001000000010000000100000001000000010000000101101111000000010000000101100001000000010000000100000001000000010000000100000001000000010000000100000001000000010000000101100110000000010000000101011111000000010000000101110110000000010000000100000001000000010000000100000001000000010000000101010101000000010000000101010011000000010000000101110001000000010000000100000001000000010000000101100110000000010000000101001100000000010000000101000101000000010000000101100001000000010000000100000001000000010000000101110101000000010000000101000101000000010000000100111110000000010000000101100101000000010000000100000001000000010000000101100110000000010000000101001101000000010000000101001101000000010000000101100100000000010000000100000001000000010000000101110110000000010000000101010010000000010000000101011000000000010000000101111010000000010000000100000001000000010000000101111101000000010000000101100000000000010000000101100101000000010000000101110110000000010000000100000001000000010000000101111100000000010111111001100011000000010000000101101011000000010000000101111010000000010000000100000001000000010000000101111101000000010000000101101110000000010000000101101011000000010000000101111000000000010000000100000001000000010000000101111110000000010000000101101011000000010111101001100011000000010000000101110110000000010000000100000001000000010000000101111010000000010000000101100110000000010000000101101001000000010000000101111011000000010000000100000001000000010000000100000001000000010111111101100101000000010000000101101000000000010000000100000001000000010000000100000001000000010000000101111011000000010000000101101011000000010111111001100110000000010000000101111100000000010000000100000001000000010000000100000001000000010111110101101000000000010000000101101100000000010000000100000001000000010000000100000001000000010000000100000001000000010111110001111001000000010111011101110001000000010000000100000001000000010000000100000001000000010000000100000001000000010000000100000001000000010000000100000001000000010000000100000001000000010000000100000001000000010000000100000001000000010000000100000001000000010000000100000001000000000000000100000001000000010000000100000001000000010000000100000001000000010000000100000001000000010000000100000001000000010000000100000001000000010000000100000001000000010000000100000001000000010000000100000001000000010000000100000001000000010000000100000001000000010000000100000001000000010000000100000001000000010000000100000001000000010000000100000001000000010000000100000001000000010000000100000001000000010000000100000001000000010000000100000001000000010000000100000001000000010000000100000001000000010000000100000001000000010000000100000001000000010000000100000001000000010000000100000001000000010000000100000001000000010000000100000001000000010000000100000001000000010000000100000001000000010000000100000001000000010000000100000001000000010000000100000001000000010000000100000001000000010000000100000001000000010000000100000001000000010000000100000001000000010000000100000001000000010000000100000001000000010000000100000001000000010000000100000001000000010000000100000001000000010000000100000001000000010000000100000001000000010000000100000001000000010000000100000001000000010000000100000001000000010000000100000001000000010000000100000001000000010000000100000001000000010000000100000001000000010000000100000001000000010000000100000001000000010000000100000001000000010000000100000001000000010000000100000001000000010000000100000001000000010000000100000001000000010000000100000001000000010000000100000001000000010000000100000001000000010000000100000001000000010000000100000001000000010000000100000001000000010000000100000001000000010000000100000001000000010000000100000001000000010000000100000001000000010000000100000001000000010000000100000001000000010000000100000001000000010000000100000001000000010000000100000001000000010000000100000001000000010000000100000001000000010000000100000001000000010000000100000001000000010000000100000001000000010000000100000001000000010000000100000001000000010000000100000001000000010000000100000001000000010000000100000001000000010000000100000001000000010000000100000001000000010000000100000001000000010000000100000001000000010000000100000001000000010000000100000001000000010000000100000001000000010000000100000001000000010000000100000001000000010000000100000001000000010000000100000001000000010000000100000001000000010000000100000001000000010000000100000001000000010000000100000001000000010000000100000001000000010000000100000001000000010000000100000001000000010000000100000001000000010000000100000001000000010000000100000001000000010000000100000001000000010000000100000001000000010000000100000001000000010000000100000001000000010000000100000001000000010000000100000001000000010000000100000001000000010000000100000001000000010000000100000001000000010000000100000001000000010000000100000001000000010000000100000001000000010000000100000001000000010000000100000001000000010000000100000001000000010000000100000001000000010000000100000001000000010000000100000001000000010000000100000001000000010000000100000001000000010000000100000001000000010000000100000001000000010000000100000001000000010000000100000001000000010000000100000001000000010000000100000001000000010000000100000001000000010000000100000001000000010000000100000001000000010000000100000001000000010000000100000001000000010000000100000001000000010000000100000001000000010000000100000001000000010000000100000001000000010000000100000001000000010000000100000001000000010000000100000001000000010000000100000001000000010000000100000001000000010000000100000001000000010000000100000001000000010000000100000001000000010000000100000001000000010000000100000001000000010000000100000001000000010000000100000001000000010000000100000001000000010000000100000001000000010000000100000001000000010000000100000001000000010000000100000001000000010000000100000001000000010000000100000001000000010000000100000001000000010000000100000001000000010000000100000001000000010000000100000001000000010000000100000001000000010000000100000001000000010000000100000001000000010000000100000001000000010000000100000001000000010000000100000001000000010000000100000001000000010000000100000001000000010000000100000001000000010000000100000001000000010000000100000001000000010000000100000001000000010000000100000001000000010000000100000001000000010000000100000001000000010000000100000001000000010000000100000001000000010000000100000001000000010000000100000001000000010000000100000001000000010000000100000001000000010000000100000001000000010000000100000001000000010000000100000001000000010000000100000001000000010000000100000001000000010000000100000001000000010000000100000001000000010000000100000001000000010000000100000001000000010000000100000001000000010000000100000001000000010000000100000001000000010000000100000001000000010000000100000001000000010000000100000001000000010000000100000001000000010000000100000001000000010000000100000001000000010000000100000001000000010000000100000001000000010000000100000001000000010000000100000001000000010000000100000001000000010000000100000001000000010000000100000001000000010000000100000001000000010000000100000001000000010000000100000001000000010000000100000001000000010000000100000001000000010000000100000001000000010000000100000001000000010000000100000001000000010000000100000001000000010000000100000001000000010000000100000001000000010000000100000001000000010000000100000001000000010000000100000001000000010000000100000001000000010000000100000001000000010000000100000001000000010111001000000001000000010111111100000001000000010000000100000001000000010000000100000001000000010000000100000001000000010111111100000001000000010000000100000001000000010000000100000001000000010000000100000001000000010000000100000001000000010111111000000001000000010111110100000001000000010000000100000001000000010000000100000001000000010000000100000001000000010000000100000001000000010000000100000001000000010000000100000001000000010000000100000001000000010000000100000001000000010000000100000001000000010000000100000001000000010000000100000001000000010000000100000001000000010000000100000001000000010000000100000001000000010000000100000001000000010000000100000001000000010000000100000001000000010000000100000001000000010000000100000001000000010000000100000001000000010000000100000001000000010000000100000001000000010000000100000001000000010000000100000001000000010000000100000001000000010000000100000001000000010000000100000001000000010000000100000001000000010000000100000001000000010000000100000001000000010000000100000001000000010000000100000001000000010000000100000001000000010000000100000001000000010000000100000001000000010000000100000001000000010000000100000001000000010000000100000001000000010000000100000001000000010000000100000001000000010000000100000001000000010000000100000001000000010000000100000001000000010000000100000001000000010000000100000001000000010000000100000001000000010000000100000001000000010000000100000001000000010000000100000001000000010000000100000001000000010000000100000001000000010000000100000001000000010000000100000001000000010000000100000001000000010000000100000001000000010000000100000001000000010000000100000001000000010000000100000001000000010000000100000001000000010000000100000001000000010000000100000001000000010000000100000001000000010000000100000001000000010000000100000001000000010000000100000001000000010000000100000001000000010000000100000001000000010000000100000001000000010000000100000001000000010000000100000001000000010000000100000001000000010000000100000001000000010000000100000001000000010000000100000001000000010000000100000001011111110000000100000001000000010000000100000001000000010000000100000001000000010000000100000001000000010000000100000001011101110000000100000001000000010000000100000001000000010000000100000001000000010000000100000001000000010000000100000001000000010000000100000001000000010000000100000001000000010000000100000001000000010000000100000001011111110000000100000001011110110000000100000001000000010000000100000001000000010000000100000001000000010000000100000001000000010000000100000001000000010000000100000001000000010000000100000001000000010000000100000001000000010000000100000001000000010000000100000001000000010000000100000001000000010000000100000001000000010000000100000001000000010000000100000001000000010000000100000001000000010000000100000001000000010000000100000001000000010000000100000001000000010000000100000001000000010000000100000001000000010000000100000001000000010000000100000001000000010000000100000001000000010000000100000001000000010000000100000001000000010000000100000001000000010000000100000001000000010000000100000001000000010000000100000001000000010000000100000001000000010000000100000001000000010000000100000001000000010000000100000001000000010000000100000001000000010000000100000001000000010000000100000001000000010000000100000001000000010000000100000001000000010000000100000001000000010000000100000001000000010000000100000001000000010000000100000001000000010000000100000001000000010000000100000001000000010000000100000001000000010000000100000001000000010000000100000001000000010000000100000001000000010000000100000001000000010000000100000001000000010000000100000001000000010000000100000001000000010000000100000001000000010000000100000001000000010000000100000001000000010000000000000001000000010000000100000001000000010000000100000001000000010000000100000001000000010000000100000001000000010000000100000001000000010000000100000001000000010000000100000001000000010000000100000001000000010000000100000001000000010000000100000001000000010000000100000001000000010000000100000001000000010000000100000001000000010000000100000001000000010000000100000001000000010000000100000001000000010000000100000001000000010000000100000001000000010000000100000001000000010000000100000001000000010000000100000001000000010000000100000001000000010000000100000001000000010000000100000001000000010000000100000001000000010000000100000001000000010000000100000001000000010000000100000001000000010000000100000001000000010000000100000001000000010000000100000001000000010000000100000001000000010000000100000001000000010000000100000001000000010000000100000001000000010000000100000001000000010000000100000001000000010000000100000001000000010000000100000001000000010000000100000001000000010000000100000001000000010000000100000001000000010000000100000001000000010000000100000001000000010000000100000001000000010000000100000001000000010000000100000001000000010000000100000001000000010000000100000001000000010000000100000001000000010000000100000001000000010000000100000001000000010000000100000001000000010000000100000001000000010000000100000001000000010000000100000001000000010000000100000001000000010000000100000001000000010000000100000001000000010000000100000001000000010000000100000001000000010000000100000001000000010000000100000001000000010000000100000001000000010000000100000001000000010000000100000001000000010000000100000001000000010000000100000001000000010000000100000001000000010000000100000001000000010000000100000001000000010000000100000001000000010000000100000001000000010000000100000001000000010000000100000001000000010000000100000001000000010000000100000001000000010000000100000001000000010000000100000001000000010000000100000001000000010000000100000001000000010000000100000001000000010000000100000001000000010000000100000001000000010000000100000001000000010000000100000001000000010000000100000001000000010000000100000001000000010000000100000001000000010000000100000001000000010000000100000001000000010000000100000001000000010000000100000001000000010000000100000001000000010000000100000001000000010000000100000001000000010000000100000001000000010000000100000001000000010000000100000001000000010000000100000001000000010000000100000001000000010000000100000001000000010000000100000001000000010000000100000001000000010000000100000001000000010000000100000001000000010000000100000001000000010000000100000001000000010000000100000001000000010000000100000001000000010000000100000001000000010000000100000001000000010000000100000001000000010000000100000001000000010000000100000001000000010000000100000001000000010000000100000001000000010000000100000001000000010000000100000001000000010000000100000001000000010000000100000001000000010000000100000001000000010000000100000001000000010000000100000001000000010000000100000001000000010000000100000001000000010000000100000001000000010000000100000001000000010000000100000001000000010000000100000001000000010000000100000001000000010000000100000001000000010000000100000001000000010000000100000001000000010000000100000001000000010000000100000001000000010000000100000001000000010000000100000001000000010000000100000001000000010000000100000001000000010000000100000001000000010000000100000001000000010000000100000001000000010000000100000001000000010000000100000001000000010000000100000001000000010000000100000001000000010000000100000001000000010000000100000001000000010000000100000001000000010000000100000001000000010000000100000001000000010000000100000001000000010000000100000001000000010000000100000001000000010000000100000001000000010000000100000001000000010000000100000001000000010000000100000001000000010000000100000001000000010000000100000001000000010000000100000001000000010000000100000001000000010000000100000001000000010000000100000001000000010000000100000001000000010000000100000001000000010000000100000001000000010000000100000001000000010000000100000001000000010000000100000001000000010000000100000001000000010000000100000001000000010000000100000001000000010000000100000001000000010000000100000001000000010000000100000001000000010000000100000001000000010000000100000001000000010000000100000001000000010000000100000001000000010000000100000001000000010000000100000001000000010000000100000001000000010000000100000001000000010000000100000001000000010000000100000001000000010000000100000001000000010000000100000001000000010000000100000001000000010000000100000001000000010000000100000001000000010000000100000001000000010000000100000001000000010000000100000001000000010000000100000001000000010000000100000001000000010000000100000001000000010000000100000001000000010000000100000001000000010000000100000001000000010000000100000001000000010000000100000001000000010000000100000001000000010000000100000001000000010000000100000001000000010000000100000001000000010000000100000001000000010000000100000001000000010000000100000001000000010000000100000001000000010000000100000001000000010000000100000001000000010000000100000001000000010000000100000001000000010000000100000001000000010000000100000001000000010000000100000001000000010000000100000001000000010000000100000001000000010000000100000001000000010000000100000001000000010000000100000001000000010000000100000001000000010000000100000001000000010000000100000001000000010000000100000001000000010000000100000001000000010000000100000001000000010000000100000001000000010000000100000001000000010000000100000001000000010000000100000001000000010000000100000001000000010000000100000001000000010000000100000001000000010000000100000001000000010000000100000001000000010000000100000001000000010000000100000001000000010000000100000001000000010000000100000001000000010000000100000001000000010000000100000001000000010000000100000001000000010000000100000001000000010000000100000001000000010000000100000001000000010000000100000001000000010000000100000001000000010000000100000001000000010000000100000001000000010000000100000001000000010000000100000001000000010000000100000001000000010000000100000001000000010000000100000001000000010000000100000001000000010000000100000001000000010000000100000001000000010000000100000001000000010000000100000001000000010000000100000001000000010000000100000001000000010000000100000001000000010000000100000001000000010000000100000001000000010000000100000001000000010000000100000001000000010000000100000001000000010000000100000001000000010000000100000001000000010000000100000001000000010000000100000001000000010000000100000001000000010000000100000001000000010000000100000001000000010000000100000001000000010000000100000001000000010000000100000001000000010000000100000001000000010000000100000001000000010000000100000001000000010000000100000001000000010000000100000001000000010000000100000001000000010000000100000001000000010000000100000001000000010000000100000001000000010000000100000001000000010000000100000001000000010000000100000001000000010000000100000001000000010000000100000001000000010000000100000001000000010000000100000001000000010000000100000001000000010000000100000001000000010000000100000001000000010000000100000001000000010000000100000001000000010000000100000001000000010000000100000001000000010000000100000001000000010000000100000001000000010000000100000001000000010000000100000001000000010000000100000001000000010000000100000001000000010000000100000001000000010000000100000001000000010000000100000001000000010000000100000001000000010000000100000001000000010000000100000001000000010000000100000001000000010000000100000001000000010000000100000001000000010000000100000001000000010000000100000001000000010000000100000001000000010000000100000001000000010000000100000001000000010000000100000001000000010000000100000001000000010000000100000001000000010000000100000001000000010000000100000001000000010000000100000001000000010000000100000001000000010000000100000001000000010000000100000001000000010000000100000001000000010000000100000001000000010000000100000001000000010000000100000001000000010000000100000001000000010000000100000001000000010000000100000001000000010000000100000001000000010000000100000001000000010000000100000001000000010000000100000001000000010000000100000001000000010000000100000001000000010000000100000001000000010000000100000001000000010000000100000001000000010000000100000001000000010000000100000001000000010000000100000001000000010000000100000001000000010000000100000001000000010000000100000001000000010000000100000001000000010000000100000001000000010000000100000001000000010000000100000001000000010000000100000001000000010000000100000001000000010000000100000001000000010000000100000001000000010000000100000001000000010000000100000001000000010000000100000001000000010000000100000001000000010000000100000001000000010000000100000001000000010000000100000001000000010000000100000001000000010000000100000001000000010000000100000001000000010000000100000001000000010000000100000001000000010000000100000001000000010000000100000001000000010000000100000001000000010000000100000001000000010000000100000001000000010000000100000001000000010000000100000000000000010000000100000001000000010000000100000001000000010000000100000001000000010000000100000001000000010000000100000001000000010000000100000001000000010000000100000001000000010000000100000001000000010000000100000001000000010000000100000001000000010000000100000001000000010000000100000001000000010000000100000001000000010000000100000001000000010000000100000001000000010000000101110011000000010000000100000001000000010000000100000001000000010000000100000001000000010000000100000001000000010000000100000001000000010000000100000001000000010000000100000001000000010000000100000001000000010000000100000001000000010000000100000001000000010000000100000001000000010000000100000001000000010000000100000001000000010000000100000001000000010000000100000001000000010000000100000001000000010000000100000001000000010000000100000001000000010000000100000001000000010000000100000001000000010000000100000001000000010000000100000001000000010000000100000001000000010000000100000001000000010000000100000001000000010000000100000001000000010000000100000001000000010000000100000001000000010000000100000001000000010000000100000001000000010000000100000001000000010000000100000001000000010000000100000001000000010000000100000001000000010000000100000001000000010000000100000001000000010000000100000001000000010000000100000001000000010000000100000001000000010000000100000001000000010000000100000001000000010000000100000001000000010000000100000001000000010000000100000001000000010000000100000001000000010000000100000001000000010000000100000001000000010000000100000001000000010000000100000001000000010000000100000001000000010000000100000001000000010000000100000001000000010000000100000001000000010000000100000001000000010000000100000001000000010000000100000001000000010000000100000001000000010000000100000001000000010000000100000001000000010000000100000001000000010000000100000001000000010000000100000001000000010000000100000001000000010000000100000001000000010000000100000001000000010000000100000001000000010000000100000001000000010000000100000001000000010000000100000001000000010000000100000001000000010000000100000001000000010000000100000001000000010000000100000001000000010000000100000001000000010000000100000001000000010000000100000001000000010000000100000001000000010000000100000001000000010000000100000001000000010000000100000001000000010000000100000001000000010000000100000001000000010000000100000001000000010000000100000001000000010000000100000001000000010000000100000001000000010000000100000001000000010000000100000001000000010000000100000001000000010000000100000001000000010000000100000001000000010000000100000001000000010000000100000001000000010000000100000001000000010000000100000001000000010000000100000001000000010000000100000001000000010000000100000001000000010000000100000001000000010000000100000001000000010000000100000001000000010000000100000001000000010000000100000001000000010000000100000001000000010000000100000001000000010000000100000001000000010000000100000001000000010000000100000001000000010000000100000001000000010000000100000001000000010000000100000001000000010000000100000001000000010000000100000001000000010000000100000001000000010000000100000001000000010000000100000001000000010000000100000001000000010000000100000001000000010000000100000001000000010000000100000001000000010000000100000001000000010000000100000001000000010000000100000001000000010000000100000001000000010000000100000001000000010000000100000001000000010000000100000001000000010000000100000001000000010000000100000001000000010000000100000001000000010000000100000001000000010000000100000001000000010000000100000001000000010000000100000001000000010000000100000001000000010000000100000001000000010000000100000001000000010000000100000001000000010000000100000001000000010000000100000001000000010000000100000001000000010000000100000001000000010000000100000001000000010000000100000001000000010000000100000001000000010000000100000001000000010000000100000001000000010000000100000001000000010000000100000001000000010000000100000001000000010000000100000001000000010000000100000001000000010000000100000001000000010000000100000001000000010000000100000001000000010000000100000001000000010000000100000001000000010000000100000001000000010000000100000001000000010000000100000001000000010000000100000001000000010000000100000001000000010000000100000001000000010000000100000001000000010000000100000001000000010000000100000001000000010000000100000001000000010000000100000001000000010000000100000001000000010000000100000001000000010000000100000001000000010000000100000001000000010000000100000001000000010000000100000001000000010000000100000001000000010000000100000001000000010000000100000001000000010000000100000001011111110000000100000001000000010000000100000001000000010000000100000001000000010000000100000001000000010000000100000001000000010000000100000001000000010000000100000001000000010000000100000001000000010000000100000001000000010000000100000001000000010000000100000001000000010000000100000001000000010000000100000001000000010000000100000001000000010000000100000001011111100000000100000001000000010000000100000001000000010000000100000001000000010000000100000001000000010000000100000001011001110000000100000001011100100000000100000001000000010000000100000001000000010000000100000001000000010000000100000001011110110000000100000001011111100000000100000001000000010000000100000001000000010000000100000001000000010000000100000001011101100000000100000001011100000000000100000001000000010000000100000001000000010000000100000001000000010000000100000001011011110000000100000001011100010000000100000001000000010000000100000001000000010000000100000001000000010000000100000001011000000000000100000001011000000000000100000001000000010000000100000001000000010000000100000001000000010000000100000001011100100000000100000001011101100000000100000001000000010000000100000001000000010000000100000001000000010000000100000001011010010000000100000001011101000000000100000001000000010000000100000001000000010000000100000001000000010000000100000001000000010000000100000001011110100000000100000001000000010000000100000001000000010000000100000001000000010000000100000001000000010000000100000001000000010000000100000001000000010000000100000001000000010000000100000001000000010000000100000001000000010000000100000001000000010000000100000001000000010000000100000001000000010000000100000001000000010000000100000001000000010000000100000001000000010000000100000001000000010000000100000001000000010000000100000001000000010000000100000001000000010000000100000001000000010000000100000001000000010000000100000001000000010000000100000001000000010000000100000001000000010000000100000001000000010000000100000001000000010000000100000001000000010000000100000001000000010000000100000001000000010000000100000001000000010000000100000001000000010000000100000001000000010000000100000001000000010000000100000001000000010000000100000001000000010000000100000001000000010000000100000001000000010000000100000001000000010000000100000001000000010000000100000001000000010000000100000001000000010000000100000001000000010000000100000001000000010000000100000001000000010000000100000001000000010000000100000001000000010000000100000001000000010000000100000001000000010000000100000001000000010000000100000001000000010000000100000001000000010000000100000001000000010000000100000001000000010000000100000001000000010000000101110100000000010000000101110101000000010000000100000001000000010000000100000001000000010000000100000001000000010000000101100010000000010000000101110101000000010000000100000001000000010000000100000001000000010000000100000001000000010000000101100011000000010000000101100001000000010000000100000001000000010000000100000001000000010000000100000001000000010000000101101101000000010000000101101101000000010000000100000001000000010000000100000001000000010000000100000001000000010000000101111000000000010000000101111001000000010000000100000001000000010000000100000001000000010000000100000001000000010000000100000001000000010000000100000001000000010000000100000001000000010000000100000001000000010000000100000001000000010000000100000001000000010000000100000001000000010000000100000001000000010000000100000001000000010000000100000001000000010000000100000001000000010000000100000001000000010000000100000001000000010000000100000001000000010000000100000001000000010000000100000001000000010000000100000001000000010000000100000001000000010000000100000001000000010000000100000001000000010000000100000001000000010000000100000001000000010000000100000001000000010000000100000001000000010000000100000001000000010000000100000001000000010000000100000001000000010000000100000001000000010000000100000001000000010000000100000001000000010000000100000001000000010000000100000001000000010000000100000001000000010000000100000001000000010000000100000001000000010000000100000001000000010000000100000001000000010000000100000001000000010000000100000001000000010000000100000001000000010000000100000001000000010000000100000001000000010000000100000001000000010000000100000001000000010000000100000001000000010000000100000001000000010000000100000001000000010000000100000001000000010000000100000001000000010000000100000001000000010000000100000001000000010000000100000001000000000000000100000001000000010000000100000001000000010000000100000001000000010000000100000001000000010000000100000001000000010000000100000001000000010000000100000001000000010000000100000001000000010000000100000001000000010000000100000001000000010000000100000001011100110000000100000001000000010000000100000001000000010000000100000001000000010000000100000001011011010000000100000001011110110000000100000001000000010000000100000001000000010000000100000001000000010000000100000001000000010000000100000001000000010000000100000001000000010000000100000001000000010000000100000001000000010000000100000001000000010000000100000001000000010000000100000001000000010000000100000001000000010000000100000001000000010000000100000001000000010000000100000001000000010000000100000001000000010000000100000001000000010000000100000001000000010000000100000001000000010000000100000001000000010000000100000001000000010000000100000001000000010000000100000001000000010000000100000001000000010000000100000001000000010000000100000001000000010000000100000001000000010000000100000001000000010000000100000001000000010000000100000001000000010000000100000001000000010000000100000001000000010000000100000001000000010000000100000001000000010000000100000001000000010000000100000001000000010000000100000001000000010000000100000001000000010000000100000001000000010000000100000001000000010000000100000001000000010000000100000001000000010000000100000001000000010000000100000001000000010000000100000001000000010000000100000001000000010000000100000001000000010000000100000001000000010000000100000001000000010000000100000001000000010000000100000001000000010000000100000001000000010000000100000001000000010000000100000001000000010000000100000001000000010000000100000001000000010000000100000001000000010000000100000001000000010000000100000001000000010000000100000001000000010000000100000001000000010000000100000001000000010000000100000001000000010000000100000001000000010000000100000001000000010000000100000001000000010000000100000001000000010000000100000001000000010000000100000001000000010000000100000001000000010000000100000001000000010000000100000001000000010000000100000001000000010000000100000001000000010000000100000001000000010000000100000001000000010000000100000001000000010000000100000001000000010000000100000001000000010000000100000001000000010000000100000001000000010000000100000001000000010000000100000001000000010000000100000001000000010000000100000001000000010000000100000001000000010000000100000001000000010000000100000001000000010000000100000001000000010000000100000001000000010000000100000001000000010000000100000001000000010000000100000001000000010000000100000001000000010000000100000001000000010000000100000001000000010000000100000001000000010000000100000001000000010000000100000001000000010000000100000001000000010000000100000001000000010000000100000001000000010000000100000001000000010000000100000001000000010000000100000001000000010000000100000001000000010000000100000001000000010000000100000001000000010000000100000001000000010000000100000001000000010000000100000001000000010000000100000001000000010000000100000001000000010000000100000001000000010000000100000001000000010000000100000001000000010000000100000001000000010000000100000001000000010000000100000001000000010000000100000001000000010000000100000001000000010000000100000001000000010000000100000001000000010000000100000001000000010000000100000001000000010000000100000001000000010000000100000001000000010000000100000001000000010000000100000001000000010000000100000001000000010000000100000001000000010000000100000001000000010000000100000001000000010000000100000001011110100000000100000001011111110000000100000001000000010000000100000001000000010000000100000001000000010000000100000001011111010000000100000001000000010000000100000001000000010000000100000001000000010000000100000001000000010000000100000001000000010000000100000001000000010000000100000001000000010000000100000001000000010000000100000001000000010000000100000001000000010000000100000001000000010000000100000001000000010000000100000001000000010000000100000001000000010000000100000001000000010000000100000001000000010000000100000001000000010000000100000001000000010000000100000001000000010000000100000001000000010000000100000001000000010000000100000001000000010000000100000001000000010000000100000001000000010000000100000001000000010000000100000001000000010000000100000001000000010000000100000001000000010000000100000001000000010000000100000001000000010000000100000001000000010000000100000001000000010000000100000001000000010000000100000001000000010000000100000001000000010000000100000001000000010000000100000001000000010000000100000001000000010000000100000001000000010111100000000001000000010000000100000001000000010000000100000001000000010000000100000001000000010000000100000001000000010111110000000001000000010000000100000001000000010000000100000001000000010000000100000001000000010000000100000001000000010000000100000001000000010111111000000001000000010000000100000001000000010000000100000001000000010000000100000001000000010000000100000001000000010000000100000001000000010000000100000001000000010000000100000001000000010000000100000001000000010110110100000001000000010110101100000001000000010000000100000001000000010000000100000001000000010000000100000001000000010111100000000001000000010111101100000001000000010000000100000001000000010000000100000001000000010000000100000001000000010111010100000001000000010111001100000001000000010000000100000001000000010000000100000001000000010000000100000001000000010111100100000001000000010111111000000001000000010000000100000001000000010000000100000001000000010000000100000001000000010110101000000001000000010110101100000001000000010000000100000001000000010000000100000001000000010000000100000001000000010111111000000001000000010111110100000001000000010000000100000001000000010000000100000001000000010000000100000001000000010111101100000001000000010110111100000001000000010000000100000001000000010000000100000001000000010000000100000001000000010000000100000001000000010111101100000001000000010000000100000001000000010000000100000001000000010000000100000001000000010000000100000001000000010000000100000001000000010000000100000001000000010000000100000001000000010000000100000001000000010000000100000001000000010000000100000001000000010000000100000001000000010000000100000001000000010000000100000001000000010000000100000001000000010000000100000001000000010000000100000001000000010000000100000001000000010000000100000001000000010000000100000001000000010000000100000001000000010000000100000001000000010000000100000001000000010000000100000001000000010000000100000001000000010000000100000001000000010000000100000001000000010000000100000001000000010000000100000001000000010000000100000001000000010000000100000001000000010000000100000001000000010000000100000001000000010000000100000001000000010000000100000001000000010000000100000001000000010000000100000001000000010000000100000001000000010000000100000001000000010000000100000001000000010000000100000001000000010000000100000001000000010000000100000001000000010000000100000001000000010000000100000001000000010000000100000001011110100000000100000001000000010000000100000001000000010000000100000001000000010000000100000001000000010000000100000001011110110000000100000001000000010000000100000001000000010000000100000001000000010000000100000001011011010000000100000001011100110000000100000001000000010000000100000001000000010000000100000001000000010000000100000001010111010000000100000001011000010000000100000001000000010000000100000001000000010000000100000001000000010000000100000001010101000000000100000001010111100000000100000001000000010000000100000001000000010000000100000001000000010000000100000001011001110000000100000001011001110000000100000001000000010000000100000001000000010000000100000001000000010000000100000001011001010000000100000001011000100000000100000001000000010000000100000001000000010000000100000001000000010000000100000001011100110000000101111010011011000000000100000001000000010000000100000001000000010000000100000001000000010000000101111111011100110000000101111010011100000000000100000001000000010000000100000001000000010000000100000001000000010000000101111000011101000000000101110101011100010000000100000001000000010000000100000001000000010000000100000001000000010000000101110101011100110000000101110111011100110000000100000001000000010000000100000001000000010000000100000001000000010000000101110111011011110000000101111001011100110000000100000001000000010000000100000001000000010000000100000001000000010000000101111101011101000000000101110011011010110000000100000001000000010000000100000001000000010000000100000001000000010000000101110111011011100000000101111010011100110000000100000001000000010000000100000001000000010000000100000001000000010000000101111010011101010000000101110110011100010000000100000001000000010000000100000001000000010000000100000001000000010000000101101110011100000000000101111101011111110000000100000001000000010000000100000001000000010000000100000001000000010000000100000001000000010000000100000001000000010000000100000001000000010000000100000001000000010000000100000001000000010000000100000001000000010000000100000001000000010000000000000001000000010000000100000001000000010000000100000001000000010000000100000001000000010000000100000001000000010000000100000001000000010000000100000001000000010000000100000001000000010000000100000001000000010000000100000001000000010000000100000001000000010000000100000001000000010000000100000001000000010000000100000001000000010000000100000001000000010000000100000001000000010000000100000001000000010000000100000001000000010000000100000001000000010000000100000001000000010000000100000001000000010000000100000001000000010000000100000001000000010000000100000001000000010000000100000001000000010000000100000001000000010000000100000001000000010000000100000001000000010000000100000001000000010000000100000001000000010000000100000001000000010000000100000001000000010000000100000001000000010000000100000001000000010000000100000001000000010000000100000001000000010000000100000001000000010000000100000001000000010000000100000001000000010000000100000001000000010000000100000001000000010000000100000001000000010000000100000001000000010000000100000001000000010000000100000001000000010000000100000001000000010000000100000001000000010000000100000001000000010000000100000001000000010000000100000001000000010000000100000001000000010000000100000001000000010000000100000001000000010000000100000001000000010000000100000001000000010000000100000001000000010000000100000001000000010000000100000001000000010000000100000001000000010000000100000001000000010000000100000001000000010000000100000001000000010000000100000001000000010000000100000001000000010000000100000001000000010000000100000001000000010000000100000001000000010000000100000001000000010000000100000001000000010000000100000001000000010000000100000001000000010000000100000001000000010000000100000001000000010000000100000001000000010000000100000001000000010000000100000001000000010000000100000001000000010000000100000001000000010000000100000001000000010000000100000001000000010000000100000001000000010000000100000001000000010000000100000001000000010000000100000001000000010000000100000001000000010000000100000001000000010000000100000001000000010000000100000001000000010000000100000001000000010000000100000001000000010000000100000001000000010000000100000001000000010000000100000001000000010000000100000001000000010000000100000001000000010000000100000001000000010000000100000001000000010000000100000001000000010000000100000001000000010000000100000001000000010000000100000001000000010000000100000001000000010000000100000001000000010000000100000001000000010000000100000001000000010000000100000001000000010000000100000001000000010000000100000001000000010000000100000001000000010000000100000001000000010000000100000001000000010000000100000001000000010000000100000001000000010000000100000001000000010000000100000001000000010000000100000001000000010000000100000001000000010000000100000001000000010000000100000001000000010000000100000001000000010000000100000001000000010000000100000001000000010000000100000001000000010000000100000001000000010000000100000001000000010000000100000001000000010000000100000001000000010000000100000001000000010000000100000001000000010000000100000001000000010000000100000001000000010000000100000001000000010000000100000001000000010000000100000001000000010000000100000001000000010000000100000001000000010000000100000001000000010000000100000001000000010000000100000001000000010000000100000001000000010000000100000001000000010000000100000001000000010000000100000001000000010000000100000001000000010000000100000001000000010000000100000001000000010000000100000001000000010000000100000001000000010000000100000001000000010000000100000001000000010000000100000001000000010000000100000001000000010000000100000001000000010000000100000001000000010000000100000001000000010000000100000001000000010000000100000001000000010000000100000001000000010000000100000001000000010000000100000001000000010000000100000001000000010000000100000001000000010000000100000001000000010000000100000001000000010000000100000001000000010000000100000001000000010000000100000001000000010000000100000001000000010000000100000001000000010000000100000001000000010000000100000001000000010000000100000001000000010000000100000001000000010000000100000001000000010000000100000001000000010000000100000001000000010000000100000001000000010000000100000001000000010000000100000001000000010000000100000001000000010000000100000001000000010000000100000001000000010000000100000001000000010000000100000001000000010000000100000001000000010000000100000001000000010000000100000001000000010000000100000001000000010000000100000001000000010000000100000001000000010000000100000001000000010000000100000001000000010000000100000001000000010000000100000001000000010000000100000001000000010000000100000001000000010000000100000001000000010000000100000001000000010000000100000001000000010000000100000001000000010000000100000001000000010000000100000001000000010000000100000001000000010000000100000001000000010000000100000001000000010000000100000001000000010000000100000001000000010000000100000001000000010000000100000001000000010000000100000001000000010000000100000001000000010000000100000001000000010000000100000001000000010000000100000001000000010000000100000001000000010000000100000001000000010000000100000001000000010000000100000001000000010000000100000001000000010000000100000001000000010000000100000001000000010000000100000001000000010000000100000001000000010000000100000001000000010000000100000001000000010000000100000001000000010000000100000001000000010000000100000001000000010000000100000001000000010000000100000001000000010000000100000001000000010000000100000001000000010000000100000001000000010000000100000001000000010000000100000001000000010000000100000001000000010000000100000001000000010000000100000001000000010000000100000001000000010000000100000001000000010000000100000001000000010000000100000001000000010000000100000001000000010000000100000001000000010000000100000001000000010000000100000001000000010000000100000001000000010000000100000001000000010000000100000001000000010000000100000001000000010000000100000001000000010000000100000001000000010000000100000001000000010000000100000001000000010000000100000001000000010000000100000001000000010000000100000001000000010000000100000001000000010000000100000001000000010000000100000001000000010000000100000001000000010000000100000001000000010000000100000001000000010000000100000001000000010000000100000001000000010000000100000001000000010000000100000001000000010000000100000001000000010000000100000001000000010000000100000001000000010000000100000001000000010000000100000001000000010000000100000001000000010000000100000001000000010000000100000001000000010000000100000001000000010000000100000001000000010000000100000001000000010000000100000001000000010000000100000001000000010000000100000001000000010000000100000001000000010000000100000001000000010000000100000001000000010000000100000001000000010000000100000001000000010000000100000001000000010000000100000001000000010000000100000001000000010000000100000001000000010000000100000001000000010000000100000001000000010000000100000001000000010000000100000001000000010000000100000001000000010000000100000001000000010000000100000001000000010000000100000001000000010000000100000001000000010000000100000001000000010000000100000001000000010000000100000001000000010000000100000001000000010000000100000001000000010000000100000001000000010000000100000001000000010000000100000001000000010000000100000001000000010000000100000001000000010000000100000001000000010000000100000001000000010000000100000001000000010000000100000001000000010000000100000001000000010000000100000001000000010000000100000001000000010000000100000001000000010000000100000001000000010000000100000001000000010000000100000001000000010000000100000001000000010000000100000001000000010000000100000001000000010000000100000001000000010000000100000001000000010000000100000001000000010000000100000001000000010000000100000001000000010000000100000001000000010000000100000001000000010000000100000001000000010000000100000001000000010000000100000001000000010000000100000001000000010000000100000001000000010000000100000001000000010000000100000001000000010000000100000001000000010000000100000001000000010000000100000001000000010000000100000001000000010000000100000001000000010000000100000001000000010000000100000001000000010000000100000001000000010000000100000001000000010000000100000001000000010000000100000001000000010000000100000001000000010000000100000001000000010000000100000001000000010000000100000001000000010000000100000001000000010000000100000001000000010000000100000001000000010000000100000001000000010000000100000001000000010000000100000001000000010000000100000001000000010000000100000001000000010000000100000001000000010000000100000001000000010000000100000001000000010000000100000001000000010000000100000001000000010000000100000001000000010000000100000001000000010000000100000001000000010000000100000001000000010000000100000001000000010000000100000001000000010000000100000001000000010000000100000001000000010000000100000001000000010000000100000001000000010000000100000001000000010000000100000001000000010000000100000001000000010000000100000001000000010000000100000001000000010000000100000001000000010000000100000000000000010000000100000001000000010000000100000001000000010000000100000001000000010000000100000001000000010000000100000001000000010000000100000001000000010000000100000001000000010000000100000001000000010000000100000001000000010000000100000001000000010000000100000001000000010000000100000001000000010000000100000001000000010000000100000001000000010000000100000001000000010000000100000001000000010000000100000001000000010000000100000001000000010000000100000001000000010000000100000001000000010000000100000001000000010000000100000001000000010000000100000001000000010000000100000001000000010000000100000001000000010000000100000001000000010000000100000001000000010000000100000001000000010000000100000001000000010000000100000001000000010000000100000001000000010000000100000001000000010000000100000001000000010000000100000001000000010000000100000001000000010000000100000001000000010000000100000001000000010000000100000001000000010000000100000001000000010000000100000001000000010000000100000001000000010000000100000001000000010000000100000001000000010000000100000001000000010000000100000001000000010000000100000001000000010000000100000001000000010000000100000001000000010000000100000001000000010000000100000001000000010000000100000001000000010000000100000001000000010000000100000001000000010000000100000001000000010000000100000001000000010000000100000001000000010000000100000001000000010000000100000001000000010000000100000001000000010000000100000001000000010000000100000001000000010000000100000001000000010000000100000001000000010000000100000001000000010000000100000001000000010000000100000001000000010000000100000001000000010000000100000001000000010000000100000001000000010000000100000001000000010000000100000001000000010000000100000001000000010000000100000001000000010000000100000001000000010000000100000001000000010000000100000001000000010000000100000001000000010000000100000001000000010000000100000001000000010000000100000001000000010000000100000001000000010000000100000001000000010000000100000001000000010000000100000001000000010000000100000001000000010000000100000001000000010000000100000001000000010000000100000001000000010000000100000001000000010000000100000001000000010000000100000001000000010000000100000001000000010000000100000001000000010000000100000001000000010000000100000001000000010000000100000001000000010000000100000001000000010000000100000001000000010000000100000001000000010000000100000001000000010000000100000001000000010000000100000001000000010000000100000001000000010000000100000001000000010000000100000001000000010000000100000001000000010000000100000001000000010000000100000001000000010000000100000001000000010000000100000001000000010000000100000001000000010000000100000001000000010000000100000001000000010000000100000001000000010000000100000001000000010000000100000001000000010000000100000001000000010000000100000001000000010000000100000001000000010000000100000001000000010000000100000001000000010000000100000001000000010000000100000001000000010000000100000001000000010000000100000001000000010000000100000001000000010000000100000001000000010000000100000001000000010000000100000001000000010000000100000001000000010000000100000001000000010000000100000001000000010000000100000001000000010000000100000001000000010000000100000001000000010000000100000001000000010000000100000001000000010000000100000001000000010000000100000001000000010000000100000001000000010000000100000001000000010000000100000001000000010000000100000001000000010000000100000001000000010000000100000001000000010000000100000001000000010000000100000001000000010000000100000001000000010000000100000001000000010000000100000001000000010000000100000001000000010000000100000001000000010000000100000001000000010000000100000001000000010000000100000001000000010000000100000001000000010000000100000001000000010000000100000001000000010000000100000001000000010000000100000001000000010000000100000001000000010000000100000001000000010000000100000001000000010000000100000001000000010000000100000001000000010000000100000001000000010000000100000001000000010000000100000001000000010000000100000001000000010000000100000001000000010000000100000001000000010000000100000001000000010000000100000001000000010000000100000001000000010000000100000001000000010000000100000001000000010000000100000001000000010000000100000001000000010000000100000001000000010000000100000001000000010000000100000001000000010000000100000001000000010000000100000001000000010000000100000001000000010000000100000001000000010000000100000001000000010000000100000001000000010000000100000001000000010000000100000001000000010000000100000001000000010000000100000001000000010000000100000001000000010000000100000001000000010000000100000001000000010000000100000001000000010000000100000001000000010000000100000001000000010000000100000001000000010000000100000001000000010000000100000001000000010000000100000001000000010000000100000001000000010000000100000001000000010000000100000001000000010000000100000001000000010000000100000001000000010000000100000001000000010000000100000001000000010000000100000001000000010000000100000001000000010000000100000001000000010000000100000001000000010000000100000001000000010000000100000001000000010000000100000001000000010000000100000001000000010000000100000001000000010000000100000001000000010000000100000001000000010000000100000001000000010000000100000001000000010000000100000001000000010000000100000001000000010000000100000001000000010000000100000001000000010000000100000001000000010000000100000001000000010000000100000001000000010000000100000001000000010000000100000001000000010000000100000001000000010000000100000001000000010000000100000001000000010000000100000001000000010000000100000001000000010000000100000001000000010000000100000001000000010000000100000001000000010000000100000001000000010000000100000001000000010000000100000001000000010000000100000001000000010000000100000001000000010000000100000001000000010000000100000001000000010000000100000001000000010000000100000001000000010000000100000001000000010000000100000001000000010000000100000001000000010000000100000001000000010000000100000001000000010000000100000001000000010000000100000001000000010000000100000001000000010000000100000001000000010000000100000001000000010000000100000001000000010000000100000001000000010000000100000001000000010000000100000001000000010000000100000001000000010000000100000001000000010000000100000001000000010000000100000001000000010000000100000001000000010000000100000001000000010000000100000001000000010000000100000001000000010000000100000001000000010000000100000001000000010000000100000001000000010000000100000001000000010000000100000001000000010000000100000001000000010000000100000001000000010000000100000001000000010000000100000001000000010000000100000001000000010000000100000001000000010000000100000001000000010000000100000001000000010000000100000001000000010000000100000001000000010000000100000001000000010000000100000001000000010000000100000001000000010000000100000001000000010000000100000001000000010000000100000001000000010000000100000001000000010000000100000001000000010000000100000001000000010000000100000001000000010000000100000001000000010000000100000001000000010000000100000001000000010000000100000001000000010000000100000001000000010000000100000001000000010000000100000001000000010000000100000001000000010000000100000001000000010000000100000001000000010000000100000001000000010000000100000001000000010000000100000001000000010000000100000001000000010000000100000001000000010000000100000001000000010000000100000001000000010000000100000001000000010000000100000001000000010000000100000001000000010000000100000001000000010000000100000001000000010000000100000001000000010000000100000001000000010000000100000001000000010000000100000001000000010000000100000001000000010000000100000001000000010000000100000001000000010000000100000001000000010000000100000001000000010000000100000001000000010000000100000001000000010000000100000001000000010000000100000001000000010000000100000001000000010000000100000001000000010000000100000001000000010000000100000001000000010000000100000001000000010000000100000001000000010000000100000001000000010000000100000001000000010000000100000001000000010000000100000001000000010000000100000001000000010000000100000001000000010000000100000001000000010000000100000001000000010000000100000001000000010000000100000001000000010000000100000001000000010000000100000001000000010000000100000001000000010000000100000001000000010000000100000001000000010000000100000001000000010000000100000001000000010000000100000001000000010000000100000001000000010000000100000001000000010000000100000001000000010000000100000001000000010000000100000001000000010000000100000001000000010000000100000001000000010000000100000001000000010000000100000001000000010000000100000001000000010000000100000001000000010000000100000001000000010000000100000001000000010000000100000001000000010000000100000001000000010000000100000001000000010000000100000001000000010000000100000001000000010000000100000001000000010000000100000001000000010000000100000001000000010000000100000001000000010000000100000001000000010000000100000001000000010000000100000001000000010000000100000001000000010000000100000001000000010000000100000001000000000000000100000001000000010000000100000001000000010000000100000001000000010000000100000001000000010000000100000001000000010000000100000001000000010000000100000001000000010000000100000001000000010000000100000001000000010000000100000001000000010000000100000001000000010000000100000001000000010000000100000001000000010000000100000001000000010000000100000001000000010000000100000001000000010000000100000001000000010000000100000001000000010000000100000001000000010000000100000001000000010000000100000001000000010000000100000001000000010000000100000001000000010000000100000001000000010000000100000001000000010000000100000001000000010000000100000001000000010000000100000001000000010000000100000001000000010000000100000001000000010000000100000001000000010000000100000001000000010000000100000001000000010000000100000001000000010000000100000001000000010000000100000001000000010000000100000001000000010000000100000001000000010000000100000001000000010000000100000001000000010000000100000001000000010000000100000001000000010000000100000001000000010000000100000001000000010000000100000001000000010000000100000001000000010000000100000001000000010000000100000001000000010000000100000001000000010000000100000001000000010000000100000001000000010000000100000001000000010000000100000001000000010000000100000001000000010000000100000001000000010000000100000001000000010000000100000001000000010000000100000001000000010000000100000001000000010000000100000001000000010000000100000001000000010000000100000001000000010000000100000001000000010000000100000001000000010000000100000001000000010000000100000001000000010000000100000001000000010000000100000001000000010000000100000001000000010000000100000001000000010000000100000001000000010000000100000001000000010000000100000001000000010000000100000001000000010000000100000001000000010000000100000001000000010000000100000001000000010000000100000001000000010000000100000001000000010000000100000001000000010000000100000001000000010000000100000001000000010000000100000001000000010000000100000001000000010000000100000001000000010000000100000001000000010000000100000001000000010000000100000001000000010000000100000001000000010000000100000001000000010000000100000001000000010000000100000001000000010000000100000001000000010000000100000001000000010000000100000001000000010000000100000001000000010000000100000001000000010000000100000001000000010000000100000001000000010000000100000001000000010000000100000001000000010000000100000001000000010000000100000001000000010000000100000001000000010000000100000001000000010000000100000001000000010000000100000001000000010000000100000001000000010000000100000001000000010000000100000001000000010000000100000001000000010000000100000001000000010000000100000001000000010000000100000001000000010000000100000001000000010000000100000001000000010000000100000001000000010000000100000001000000010000000100000001000000010000000100000001000000010000000100000001000000010000000100000001000000010000000100000001000000010000000100000001000000010000000100000001000000010000000100000001000000010000000100000001000000010000000100000001000000010000000100000001000000010000000100000001000000010000000100000001000000010000000100000001000000010000000100000001000000010000000100000001000000010000000100000001000000010000000100000001000000010000000100000001000000010000000100000001000000010000000100000001000000010000000100000001000000010000000100000001000000010000000100000001000000010000000100000001000000010000000100000001000000010000000100000001000000010000000100000001000000010000000100000001000000010000000100000001000000010000000100000001000000010000000100000001000000010000000100000001000000010000000100000001000000010000000100000001000000010000000100000001000000010000000100000001000000010000000100000001000000010000000100000001000000010000000100000001000000010000000100000001000000010000000100000001000000010000000100000001000000010000000100000001000000010000000100000001000000010000000100000001000000010000000100000001000000010000000100000001000000010000000100000001000000010000000100000001000000010000000100000001000000010000000100000001000000010000000100000001000000010000000100000001000000010000000100000001000000010000000100000001000000010000000100000001000000010000000100000001000000010000000100000001000000010000000100000001000000010000000100000001000000010000000100000001000000010000000100000001000000010000000100000001000000010000000100000001000000010000000100000001000000010000000100000001000000010000000100000001000000010000000100000001000000010000000100000001000000010000000100000001000000010000000100000001000000010000000100000001000000010000000100000001000000010000000100000001000000010000000100000001000000010000000100000001000000010000000100000001000000010000000100000001000000010000000100000001000000010000000100000001000000010000000100000001000000010000000100000001000000010000000100000001000000010000000100000001000000010000000100000001000000010000000100000001000000010000000100000001000000010000000100000001000000010000000100000001000000010000000100000001000000010000000100000001000000010000000100000001000000010000000100000001000000010000000100000001000000010000000100000001000000010000000100000001000000010000000100000001000000010000000100000001000000010000000100000001000000010000000100000001000000010000000100000001000000010000000100000001000000010000000100000001000000010000000100000001000000010000000100000001000000010000000100000001000000010000000100000001000000010000000100000001000000010000000100000001000000010000000100000001000000010000000100000001000000010000000100000001000000010000000100000001000000010000000100000001000000010000000100000001000000010000000100000001000000010000000100000001000000010000000100000001000000010000000100000001000000010000000100000001000000010000000100000001000000010000000100000001000000010000000100000001000000010000000100000001000000010000000100000001000000010000000100000001000000010000000100000001000000010000000100000001000000010000000100000001000000010000000100000001000000010000000100000001000000010000000100000001000000010000000100000001000000010000000100000001000000010000000100000001000000010000000100000001000000010000000100000001000000010000000100000001000000010000000100000001000000010000000100000001000000010000000100000001000000010000000100000001000000010000000100000001000000010000000100000001000000010000000100000001000000010000000100000001000000010000000100000001000000010000000100000001000000010000000100000001000000010000000100000001000000010000000100000001000000010000000100000001000000010000000100000001000000010000000100000001000000010000000100000001000000010000000100000001000000010000000100000001000000010000000100000001000000010000000100000001000000010000000100000001000000010000000100000001000000010000000100000001000000010000000100000001000000010000000100000001000000010000000100000001000000010000000100000001000000010000000100000001000000010000000100000001000000010000000100000001000000010000000100000001000000010000000100000001000000010000000100000001000000010000000100000001000000010000000100000001000000010000000100000001000000010000000100000001000000010000000100000001000000010000000100000001000000010000000100000001000000010000000100000001000000010000000100000001000000010000000100000001000000010000000100000001000000010000000100000001000000010000000100000001000000010000000100000001000000010000000100000001000000010000000100000001000000010000000100000001000000010000000100000001000000010000000100000001000000010000000100000001000000010000000100000001000000010000000100000001000000010000000100000001000000010000000100000001000000010000000100000001000000010000000100000001000000010000000100000001000000010000000100000001000000010000000100000001000000010000000100000001000000010000000100000001000000010000000100000001000000010000000100000001000000010000000100000001000000010000000100000001000000010000000100000001000000010000000100000001000000010000000100000001000000010000000100000001000000010000000100000001000000010000000100000001000000010000000100000001000000010000000100000001000000010000000100000001000000010000000100000001000000010000000100000001000000010000000100000001000000010000000100000001000000010000000100000001000000010000000100000001000000010000000100000001000000010000000100000001000000010000000100000001000000010000000100000001000000010000000100000001000000010000000100000001000000010000000100000001000000010000000100000001000000010000000100000001000000010000000100000001000000010000000100000001000000010000000100000001000000010000000100000001000000010000000100000001000000010000000100000001000000010000000100000001000000010000000100000001000000010000000100000001000000010000000100000001000000010000000100000001000000010000000100000001000000010000000100000001000000010000000100000001000000010000000100000001000000010000000100000001000000010000000100000001000000010000000100000001000000010000000100000001000000010000000100000001000000010000000100000001000000010000000100000001000000010000000100000001000000010000000100000001000000010000000100000001000000010000000100000001000000010000000100000001000000010000000100000001000000010000000100000001000000010000000100000001000000010000000100000001000000010000000000000001000000010000000100000001000000010000000100000001000000010000000100000001000000010000000100000001000000010000000100000001000000010000000100000001000000010000000100000001000000010000000100000001000000010000000100000001000000010000000100000001000000010000000100000001000000010000000100000001000000010000000100000001000000010000000100000001000000010000000100000001000000010000000100000001000000010000000100000001000000010000000100000001000000010000000100000001000000010000000100000001000000010000000100000001000000010000000100000001000000010000000100000001000000010000000100000001000000010000000100000001000000010000000100000001000000010000000100000001000000010000000100000001000000010000000100000001000000010000000100000001000000010000000100000001000000010000000100000001000000010000000100000001000000010000000100000001000000010000000100000001000000010000000100000001000000010000000100000001000000010000000100000001000000010000000100000001000000010000000100000001000000010000000100000001000000010000000100000001000000010000000100000001000000010000000100000001000000010000000100000001000000010000000100000001000000010000000100000001000000010000000100000001000000010000000100000001000000010000000100000001000000010000000100000001000000010000000100000001000000010000000100000001000000010000000100000001000000010000000100000001000000010000000100000001000000010000000100000001000000010000000100000001000000010000000100000001000000010000000100000001000000010000000100000001000000010000000100000001000000010000000100000001000000010000000100000001000000010000000100000001000000010000000100000001000000010000000100000001000000010000000100000001000000010000000100000001000000010000000100000001000000010000000100000001000000010000000100000001000000010000000100000001000000010000000100000001000000010000000100000001000000010000000100000001000000010000000100000001000000010000000100000001000000010000000100000001000000010000000100000001000000010000000100000001000000010000000100000001000000010000000100000001000000010000000100000001000000010000000100000001000000010000000100000001000000010000000100000001000000010000000100000001000000010000000100000001000000010000000100000001000000010000000100000001000000010000000100000001000000010000000100000001000000010000000100000001000000010000000100000001000000010000000100000001000000010000000100000001000000010000000100000001000000010000000100000001000000010000000100000001000000010000000100000001000000010000000100000001000000010000000100000001000000010000000100000001000000010000000100000001000000010000000100000001000000010000000100000001000000010000000100000001000000010000000100000001000000010000000100000001000000010000000100000001000000010000000100000001000000010000000100000001000000010000000100000001000000010000000100000001000000010000000100000001000000010000000100000001000000010000000100000001000000010000000100000001000000010000000100000001000000010000000100000001000000010000000100000001000000010000000100000001000000010000000100000001000000010000000100000001000000010000000100000001000000010000000100000001000000010000000100000001000000010000000100000001000000010000000100000001000000010000000100000001000000010000000100000001000000010000000100000001000000010000000100000001000000010000000100000001000000010000000100000001000000010000000100000001000000010000000100000001000000010000000100000001000000010000000100000001000000010000000100000001000000010000000100000001000000010000000100000001000000010000000100000001000000010000000100000001000000010000000100000001000000010000000100000001000000010000000100000001000000010000000100000001000000010000000100000001000000010000000100000001000000010000000100000001000000010000000100000001000000010000000100000001000000010000000100000001000000010000000100000001000000010000000100000001000000010000000100000001000000010000000100000001000000010000000100000001000000010000000100000001000000010000000100000001000000010000000100000001000000010000000100000001000000010000000100000001000000010000000100000001000000010000000100000001000000010000000100000001000000010000000100000001000000010000000100000001000000010000000100000001000000010000000100000001000000010000000100000001000000010000000100000001000000010000000100000001000000010000000100000001000000010000000100000001000000010000000100000001000000010000000100000001000000010000000100000001000000010000000100000001000000010000000100000001000000010000000100000001000000010000000100000001000000010000000100000001000000010000000100000001000000010000000100000001000000010000000100000001000000010000000100000001000000010000000100000001000000010000000100000001000000010000000100000001000000010000000100000001000000010000000100000001000000010000000100000001000000010000000100000001000000010000000100000001000000010000000100000001000000010000000100000001000000010000000100000001000000010000000100000001000000010000000100000001000000010000000100000001000000010000000100000001000000010000000100000001000000010000000100000001000000010000000100000001000000010000000100000001000000010000000100000001000000010000000100000001000000010000000100000001000000010000000100000001000000010000000100000001000000010000000100000001000000010000000100000001000000010000000100000001000000010000000100000001000000010000000100000001000000010000000100000001000000010000000100000001000000010000000100000001000000010000000100000001000000010000000100000001000000010000000100000001000000010000000100000001000000010000000100000001000000010000000100000001000000010000000100000001000000010000000100000001000000010000000100000001000000010000000100000001000000010000000100000001000000010000000100000001000000010000000100000001000000010000000100000001000000010000000100000001000000010000000100000001000000010000000100000001000000010000000100000001000000010000000100000001000000010000000100000001000000010000000100000001000000010000000100000001000000010000000100000001000000010000000100000001000000010000000100000001000000010000000100000001000000010000000100000001000000010000000100000001000000010000000100000001000000010000000100000001000000010000000100000001000000010000000100000001000000010000000100000001000000010000000100000001000000010000000100000001000000010000000100000001000000010000000100000001000000010000000100000001000000010000000100000001000000010000000100000001000000010000000100000001000000010000000100000001000000010000000100000001000000010000000100000001000000010000000100000001000000010000000100000001000000010000000100000001000000010000000100000001000000010000000100000001000000010000000100000001000000010000000100000001000000010000000100000001000000010000000100000001000000010000000100000001000000010000000100000001000000010000000100000001000000010000000100000001000000010000000100000001000000010000000100000001000000010000000100000001000000010000000100000001000000010000000100000001000000010000000100000001000000010000000100000001000000010000000100000001000000010000000100000001000000010000000100000001000000010000000100000001000000010000000100000001000000010000000100000001000000010000000100000001000000010000000100000001000000010000000100000001000000010000000100000001000000010000000100000001000000010000000100000001000000010000000100000001000000010000000100000001000000010000000100000001000000010000000100000001000000010000000100000001000000010000000100000001000000010000000100000001000000010000000100000001000000010000000100000001000000010000000100000001000000010000000100000001000000010000000100000001000000010000000100000001000000010000000100000001000000010000000100000001000000010000000100000001000000010000000100000001000000010000000100000001000000010000000100000001000000010000000100000001000000010000000100000001000000010000000100000001000000010000000100000001000000010000000100000001000000010000000100000001000000010000000100000001000000010000000100000001000000010000000100000001000000010000000100000001000000010000000100000001000000010000000100000001000000010000000100000001000000010000000100000001000000010000000100000001000000010000000100000001000000010000000100000001000000010000000100000001000000010000000100000001000000010000000100000001000000010000000100000001000000010000000100000001000000010000000100000001000000010000000100000001000000010000000100000001000000010000000100000001000000010000000100000001000000010000000100000001000000010000000100000001000000010000000100000001000000010000000100000001000000010000000100000001000000010000000100000001000000010000000100000001000000010000000100000001000000010000000100000001000000010000000100000001000000010000000100000001000000010000000100000001000000010000000100000001000000010000000100000001000000010000000100000001000000010000000100000001000000010000000100000001000000010000000100000001000000010000000100000001000000010000000100000001000000010000000100000001000000010000000100000001000000010000000100000001000000010000000100000001000000010000000100000001000000010000000100000001000000010000000100000001000000010000000100000001000000010000000100000001000000010000000100000001000000010000000100000001000000010000000100000001000000010000000100000001000000010000000100000001000000010000000100000001000000010000000100000001000000010000000100000001000000010000000100000000000000010000000100000001000000010000000100000001000000010000000100000001000000010000000100000001000000010000000100000001000000010000000100000001000000010000000100000001000000010000000100000001000000010000000100000001000000010000000100000001000000010000000100000001000000010000000100000001000000010000000100000001000000010000000100000001000000010000000100000001000000010000000100000001000000010000000100000001000000010000000100000001000000010000000100000001000000010000000100000001000000010000000100000001000000010000000100000001000000010000000100000001000000010000000100000001000000010000000100000001000000010000000100000001000000010000000100000001000000010000000100000001000000010000000100000001000000010000000100000001000000010000000100000001000000010000000100000001000000010000000100000001000000010000000100000001000000010000000100000001000000010000000100000001000000010000000100000001000000010000000100000001000000010000000100000001000000010000000100000001000000010000000100000001000000010000000100000001000000010000000100000001000000010000000100000001000000010000000100000001000000010000000100000001000000010000000100000001000000010000000100000001000000010000000100000001000000010000000100000001000000010000000100000001000000010000000100000001000000010000000100000001000000010000000100000001000000010000000100000001000000010000000100000001000000010000000100000001000000010000000100000001000000010000000100000001000000010000000100000001000000010000000100000001000000010000000100000001000000010000000100000001000000010000000100000001000000010000000100000001000000010000000100000001000000010000000100000001000000010000000100000001000000010000000100000001000000010000000100000001000000010000000100000001000000010000000100000001000000010000000100000001000000010000000100000001000000010000000100000001000000010000000100000001000000010000000100000001000000010000000100000001000000010000000100000001000000010000000100000001000000010000000100000001000000010000000100000001000000010000000100000001000000010000000100000001000000010000000100000001000000010000000100000001000000010000000100000001000000010000000100000001000000010000000100000001000000010000000100000001000000010000000100000001000000010000000100000001000000010000000100000001000000010000000100000001000000010000000100000001000000010000000100000001000000010000000100000001000000010000000100000001000000010000000100000001000000010000000100000001000000010000000100000001000000010000000100000001000000010000000100000001000000010000000100000001000000010000000100000001000000010000000100000001000000010000000100000001000000010000000100000001000000010000000100000001000000010000000100000001000000010000000100000001000000010000000100000001000000010000000100000001000000010000000100000001000000010000000100000001000000010000000100000001000000010000000100000001000000010000000100000001000000010000000100000001000000010000000100000001000000010000000100000001000000010000000100000001000000010000000100000001000000010000000100000001000000010000000100000001000000010000000100000001000000010000000100000001000000010000000100000001000000010000000100000001000000010000000100000001000000010000000100000001000000010000000100000001000000010000000100000001000000010000000100000001000000010000000100000001000000010000000100000001000000010000000100000001000000010000000100000001000000010000000100000001000000010000000100000001000000010000000100000001000000010000000100000001000000010000000100000001000000010000000100000001000000010000000100000001000000010000000100000001000000010000000100000001000000010000000100000001000000010000000100000001000000010000000100000001000000010000000100000001000000010000000100000001000000010000000100000001000000010000000100000001000000010000000100000001000000010000000100000001000000010000000100000001000000010000000100000001000000010000000100000001000000010000000100000001000000010000000100000001000000010000000100000001000000010000000100000001000000010000000100000001000000010000000100000001000000010000000100000001000000010000000100000001000000010000000100000001000000010000000100000001000000010000000100000001000000010000000100000001000000010000000100000001000000010000000100000001000000010000000100000001000000010000000100000001000000010000000100000001000000010000000100000001000000010000000100000001000000010000000100000001000000010000000100000001000000010000000100000001000000010000000100000001000000010000000100000001000000010000000100000001000000010000000100000001000000010000000100000001000000010000000100000001000000010000000100000001000000010000000100000001000000010000000100000001000000010000000100000001000000010000000100000001000000010000000100000001000000010000000100000001000000010000000100000001000000010000000100000001000000010000000100000001000000010000000100000001000000010000000100000001000000010000000100000001000000010000000100000001000000010000000100000001000000010000000100000001000000010000000100000001000000010000000100000001000000010000000100000001000000010000000100000001000000010000000100000001000000010000000100000001000000010000000100000001000000010000000100000001000000010000000100000001000000010000000100000001000000010000000100000001000000010000000100000001000000010000000100000001000000010000000100000001000000010000000100000001000000010000000100000001000000010000000100000001000000010000000100000001000000010000000100000001000000010000000100000001000000010000000100000001000000010000000100000001000000010000000100000001000000010000000100000001000000010000000100000001000000010000000100000001000000010000000100000001000000010000000100000001000000010000000100000001000000010000000100000001000000010000000100000001000000010000000100000001000000010000000100000001000000010000000100000001000000010000000100000001000000010000000100000001000000010000000100000001000000010000000100000001000000010000000100000001000000010000000100000001000000010000000100000001000000010000000100000001000000010000000100000001000000010000000100000001000000010000000100000001000000010000000100000001000000010000000100000001000000010000000100000001000000010000000100000001000000010000000100000001000000010000000100000001000000010000000100000001000000010000000100000001000000010000000100000001000000010000000100000001000000010000000100000001000000010000000100000001000000010000000100000001000000010000000100000001000000010000000100000001000000010000000100000001000000010000000100000001000000010000000100000001000000010000000100000001000000010000000100000001000000010000000100000001000000010000000100000001000000010000000100000001000000010000000100000001000000010000000100000001000000010000000100000001000000010000000100000001000000010000000100000001000000010000000100000001000000010000000100000001000000010000000100000001000000010000000100000001000000010000000100000001000000010000000100000001000000010000000100000001000000010000000100000001000000010000000100000001000000010000000100000001000000010000000100000001000000010000000100000001000000010000000100000001000000010000000100000001000000010000000100000001000000010000000100000001000000010000000100000001000000010000000100000001000000010000000100000001000000010000000100000001000000010000000100000001000000010000000100000001000000010000000100000001000000010000000100000001000000010000000100000001000000010000000100000001000000010000000100000001000000010000000100000001000000010000000100000001000000010000000100000001000000010000000100000001000000010000000100000001000000010000000100000001000000010000000100000001000000010000000100000001000000010000000100000001000000010000000100000001000000010000000100000001000000010000000100000001000000010000000100000001000000010000000100000001000000010000000100000001000000010000000100000001000000010000000100000001000000010000000100000001000000010000000100000001000000010000000100000001000000010000000100000001000000010000000100000001000000010000000100000001000000010000000100000001000000010000000100000001000000010000000100000001000000010000000100000001000000010000000100000001000000010000000100000001000000010000000100000001000000010000000100000001000000010000000100000001000000010000000100000001000000010000000100000001000000010000000100000001000000010000000100000001000000010000000100000001000000010000000100000001000000010000000100000001000000010000000100000001000000010000000100000001000000010000000100000001000000010000000100000001000000010000000100000001000000010000000100000001000000010000000100000001000000010000000100000001000000010000000100000001000000010000000100000001000000010000000100000001000000010000000100000001000000010000000100000001000000010000000100000001000000010000000100000001000000010000000100000001000000010000000100000001000000010000000100000001000000010000000100000001000000010000000100000001000000010000000100000001000000010000000100000001000000010000000100000001000000010000000100000001000000010000000100000001000000010000000100000001000000010000000100000001000000010000000100000001000000010000000100000001000000010000000100000001000000010000000100000001000000010000000100000001000000010000000100000001000000010000000100000001000000010000000100000001000000010000000100000001000000010000000100000001000000010000000100000001000000010000000100000001000000000000000100000001000000010000000100000001000000010000000100000001000000010000000100000001000000010000000100000001000000010000000100000001000000010000000100000001000000010000000100000001000000010000000100000001000000010000000100000001000000010000000100000001000000010000000100000001000000010000000100000001000000010000000100000001000000010000000100000001000000010000000100000001000000010000000100000001000000010000000100000001000000010000000100000001000000010000000100000001000000010000000100000001000000010000000100000001000000010000000100000001000000010000000100000001000000010000000100000001000000010000000100000001000000010000000100000001000000010000000100000001000000010000000100000001000000010000000100000001000000010000000100000001000000010000000100000001000000010000000100000001000000010000000100000001000000010000000100000001000000010000000100000001000000010000000100000001000000010000000100000001000000010000000100000001000000010000000100000001000000010000000100000001000000010000000100000001000000010000000100000001000000010000000100000001000000010000000100000001000000010000000100000001000000010000000100000001000000010000000100000001000000010000000100000001000000010000000100000001000000010000000100000001000000010000000100000001000000010000000100000001000000010000000100000001000000010000000100000001000000010000000100000001000000010000000100000001000000010000000100000001000000010000000100000001000000010000000100000001000000010000000100000001000000010000000100000001000000010000000100000001000000010000000100000001000000010000000100000001000000010000000100000001000000010000000100000001000000010000000100000001000000010000000100000001000000010000000100000001000000010000000100000001000000010000000100000001000000010000000100000001000000010000000100000001000000010000000100000001000000010000000100000001000000010000000100000001000000010000000100000001000000010000000100000001000000010000000100000001000000010000000100000001000000010000000100000001000000010000000100000001000000010000000100000001000000010000000100000001000000010000000100000001000000010000000100000001000000010000000100000001000000010000000100000001000000010000000100000001000000010000000100000001000000010000000100000001000000010000000100000001000000010000000100000001000000010000000100000001000000010000000100000001000000010000000100000001000000010000000100000001000000010000000100000001000000010000000100000001000000010000000100000001000000010000000100000001000000010000000100000001000000010000000100000001000000010000000100000001000000010000000100000001000000010000000100000001000000010000000100000001000000010000000100000001000000010000000100000001000000010000000100000001000000010000000100000001000000010000000100000001000000010000000100000001000000010000000100000001000000010000000100000001000000010000000100000001000000010000000100000001000000010000000100000001000000010000000100000001000000010000000100000001000000010000000100000001000000010000000100000001000000010000000100000001000000010000000100000001000000010000000100000001000000010000000100000001000000010000000100000001000000010000000100000001000000010000000100000001000000010000000100000001000000010000000100000001000000010000000100000001000000010000000100000001000000010000000100000001000000010000000100000001000000010000000100000001000000010000000100000001000000010000000100000001000000010000000100000001000000010000000100000001000000010000000100000001000000010000000100000001000000010000000100000001000000010000000100000001000000010000000100000001000000010000000100000001000000010000000100000001000000010000000100000001000000010000000100000001000000010000000100000001000000010000000100000001000000010000000100000001000000010000000100000001000000010000000100000001000000010000000100000001000000010000000100000001000000010000000100000001000000010000000100000001000000010000000100000001000000010000000100000001000000010000000100000001000000010000000100000001000000010000000100000001000000010000000100000001000000010000000100000001000000010000000100000001000000010000000100000001000000010000000100000001000000010000000100000001000000010000000100000001000000010000000100000001000000010000000100000001000000010000000100000001000000010000000100000001000000010000000100000001000000010000000100000001000000010000000100000001000000010000000100000001000000010000000100000001000000010000000100000001000000010000000100000001000000010000000100000001000000010000000100000001000000010000000100000001000000010000000100000001000000010000000100000001000000010000000100000001000000010000000100000001000000010000000100000001000000010000000100000001000000010000000100000001000000010000000100000001000000010000000100000001000000010000000100000001000000010000000100000001000000010000000100000001000000010000000100000001000000010000000100000001000000010000000100000001000000010000000100000001000000010000000100000001000000010000000100000001000000010000000100000001000000010000000100000001000000010000000100000001000000010000000100000001000000010000000100000001000000010000000100000001000000010000000100000001000000010000000100000001000000010000000100000001000000010000000100000001000000010000000100000001000000010000000100000001000000010000000100000001000000010000000100000001000000010000000100000001000000010000000100000001000000010000000100000001000000010000000100000001000000010000000100000001000000010000000100000001000000010000000100000001000000010000000100000001000000010000000100000001000000010000000100000001000000010000000100000001000000010000000100000001000000010000000100000001000000010000000100000001000000010000000100000001000000010000000100000001000000010000000100000001000000010000000100000001000000010000000100000001000000010000000100000001000000010000000100000001000000010000000100000001000000010000000100000001000000010000000100000001000000010000000100000001000000010000000100000001000000010000000100000001000000010000000100000001000000010000000100000001000000010000000100000001000000010000000100000001000000010000000100000001000000010000000100000001000000010000000100000001000000010000000100000001000000010000000100000001000000010000000100000001000000010000000100000001000000010000000100000001000000010000000100000001000000010000000100000001000000010000000100000001000000010000000100000001000000010000000100000001000000010000000100000001000000010000000100000001000000010000000100000001000000010000000100000001000000010000000100000001000000010000000100000001000000010000000100000001000000010000000100000001000000010000000100000001000000010000000100000001000000010000000100000001000000010000000100000001000000010000000100000001000000010000000100000001000000010000000100000001000000010000000100000001000000010000000100000001000000010000000100000001000000010000000100000001000000010000000100000001000000010000000100000001000000010000000100000001000000010000000100000001000000010000000100000001000000010000000100000001000000010000000100000001000000010000000100000001000000010000000100000001000000010000000100000001000000010000000100000001000000010000000100000001000000010000000100000001000000010000000100000001000000010000000100000001000000010000000100000001000000010000000100000001000000010000000100000001000000010000000100000001000000010000000100000001000000010000000100000001000000010000000100000001000000010000000100000001000000010000000100000001000000010000000100000001000000010000000100000001000000010000000100000001000000010000000100000001000000010000000100000001000000010000000100000001000000010000000100000001000000010000000100000001000000010000000100000001000000010000000100000001000000010000000100000001000000010000000100000001000000010000000100000001000000010000000100000001000000010000000100000001000000010000000100000001000000010000000100000001000000010000000100000001000000010000000100000001000000010000000100000001000000010000000100000001000000010000000100000001000000010000000100000001000000010000000100000001000000010000000100000001000000010000000100000001000000010000000100000001000000010000000100000001000000010000000100000001000000010000000100000001000000010000000100000001000000010000000100000001000000010000000100000001000000010000000100000001000000010000000100000001000000010000000100000001000000010000000100000001000000010000000100000001000000010000000100000001000000010000000100000001000000010000000100000001000000010000000100000001000000010000000100000001000000010000000100000001000000010000000100000001000000010000000100000001000000010000000100000001000000010000000100000001000000010000000100000001000000010000000100000001000000010000000100000001000000010000000100000001000000010000000100000001000000010000000100000001000000010000000100000001000000010000000100000001000000010000000100000001000000010000000100000001000000010000000100000001000000010000000100000001000000010000000100000001000000010000000100000001000000010000000100000001000000010000000100000001000000010000000100000001000000010000000100000001000000010000000100000001000000010000000100000001000000010000000100000001000000010000000100000001000000010000000100000001000000010000000100000001000000010000000100000001000000010000000100000001000000010000000100000001000000010000000100000001000000010000000100000001000000010000000000000001000000010000000100000001000000010000000100000001000000010000000100000001000000010000000100000001000000010000000100000001000000010000000100000001000000010000000100000001000000010000000100000001000000010000000100000001000000010000000100000001000000010000000100000001000000010000000100000001000000010000000100000001000000010000000100000001000000010000000100000001000000010000000100000001000000010000000100000001000000010000000100000001000000010000000100000001000000010000000100000001000000010000000100000001000000010000000100000001000000010000000100000001000000010000000100000001000000010000000100000001000000010000000100000001000000010000000100000001000000010000000100000001000000010000000100000001000000010000000100000001000000010000000100000001000000010000000100000001000000010000000100000001000000010000000100000001000000010000000100000001000000010000000100000001000000010000000100000001000000010000000100000001000000010000000100000001000000010000000100000001000000010000000100000001000000010000000100000001000000010000000100000001000000010000000100000001000000010000000100000001000000010000000100000001000000010000000100000001000000010000000100000001000000010000000100000001000000010000000100000001000000010000000100000001000000010000000100000001000000010000000100000001000000010000000100000001000000010000000100000001000000010000000100000001000000010000000100000001000000010000000100000001000000010000000100000001000000010000000100000001000000010000000100000001000000010000000100000001000000010000000100000001000000010000000100000001000000010000000100000001000000010000000100000001000000010000000100000001000000010000000100000001000000010000000100000001000000010000000100000001000000010000000100000001000000010000000100000001000000010000000100000001000000010000000100000001000000010000000100000001000000010000000100000001000000010000000100000001000000010000000100000001000000010000000100000001000000010000000100000001000000010000000100000001000000010000000100000001000000010000000100000001000000010000000100000001000000010000000100000001000000010000000100000001000000010000000100000001000000010000000100000001000000010000000100000001000000010000000100000001000000010000000100000001000000010000000100000001000000010000000100000001000000010000000100000001000000010000000100000001000000010000000100000001000000010000000100000001000000010000000100000001000000010000000100000001000000010000000100000001000000010000000100000001000000010000000100000001000000010000000100000001000000010000000100000001000000010000000100000001000000010000000100000001000000010000000100000001000000010000000100000001000000010000000100000001000000010000000100000001000000010000000100000001000000010000000100000001000000010000000100000001000000010000000100000001000000010000000100000001000000010000000100000001000000010000000100000001000000010000000100000001000000010000000100000001000000010000000100000001000000010000000100000001000000010000000100000001000000010000000100000001000000010000000100000001000000010000000100000001000000010000000100000001000000010000000100000001000000010000000100000001000000010000000100000001000000010000000100000001000000010000000100000001000000010000000100000001000000010000000100000001000000010000000100000001000000010000000100000001000000010000000100000001000000010000000100000001000000010000000100000001000000010000000100000001000000010000000100000001000000010000000100000001000000010000000100000001000000010000000100000001000000010000000100000001000000010000000100000001000000010000000100000001000000010000000100000001000000010000000100000001000000010000000100000001000000010000000100000001000000010000000100000001000000010000000100000001000000010000000100000001000000010000000100000001000000010000000100000001000000010000000100000001000000010000000100000001000000010000000100000001000000010000000100000001000000010000000100000001000000010000000100000001000000010000000100000001000000010000000100000001000000010000000100000001000000010000000100000001000000010000000100000001000000010000000100000001000000010000000100000001000000010000000100000001000000010000000100000001000000010000000100000001000000010000000100000001000000010000000100000001000000010000000100000001000000010000000100000001000000010000000100000001000000010000000100000001000000010000000100000001000000010000000100000001000000010000000100000001000000010000000100000001000000010000000100000001000000010000000100000001000000010000000100000001000000010000000100000001000000010000000100000001000000010000000100000001000000010000000100000001000000010000000100000001000000010000000100000001000000010000000100000001000000010000000100000001000000010000000100000001000000010000000100000001000000010000000100000001000000010000000100000001000000010000000100000001000000010000000100000001000000010000000100000001000000010000000100000001000000010000000100000001000000010000000100000001000000010000000100000001000000010000000100000001000000010000000100000001000000010000000100000001000000010000000100000001000000010000000100000001000000010000000100000001000000010000000100000001000000010000000100000001000000010000000100000001000000010000000100000001000000010000000100000001000000010000000100000001000000010000000100000001000000010000000100000001000000010000000100000001000000010000000100000001000000010000000100000001000000010000000100000001000000010000000100000001000000010000000100000001000000010000000100000001000000010000000100000001000000010000000100000001000000010000000100000001000000010000000100000001000000010000000100000001000000010000000100000001000000010000000100000001000000010000000100000001000000010000000100000001000000010000000100000001000000010000000100000001000000010000000100000001000000010000000100000001000000010000000100000001000000010000000100000001000000010000000100000001000000010000000100000001000000010000000100000001000000010000000100000001000000010000000100000001000000010000000100000001000000010000000100000001000000010000000100000001000000010000000100000001000000010000000100000001000000010000000100000001000000010000000100000001000000010000000100000001000000010000000100000001000000010000000100000001000000010000000100000001000000010000000100000001000000010000000100000001000000010000000100000001000000010000000100000001000000010000000100000001000000010000000100000001000000010000000100000001000000010000000100000001000000010000000100000001000000010000000100000001000000010000000100000001000000010000000100000001000000010000000100000001000000010000000100000001000000010000000100000001000000010000000100000001000000010000000100000001000000010000000100000001000000010000000100000001000000010000000100000001000000010000000100000001000000010000000100000001000000010000000100000001000000010000000100000001000000010000000100000001000000010000000100000001000000010000000100000001000000010000000100000001000000010000000100000001000000010000000100000001000000010000000100000001000000010000000100000001000000010000000100000001000000010000000100000001000000010000000100000001000000010000000100000001000000010000000100000001000000010000000100000001000000010000000100000001000000010000000100000001000000010000000100000001000000010000000100000001000000010000000100000001000000010000000100000001000000010000000100000001000000010000000100000001000000010000000100000001000000010000000100000001000000010000000100000001000000010000000100000001000000010000000100000001000000010000000100000001000000010000000100000001000000010000000100000001000000010000000100000001000000010000000100000001000000010000000100000001000000010000000100000001000000010000000100000001000000010000000100000001000000010000000100000001000000010000000100000001000000010000000100000001000000010000000100000001000000010000000100000001000000010000000100000001000000010000000100000001000000010000000100000001000000010000000100000001000000010000000100000001000000010000000100000001000000010000000100000001000000010000000100000001000000010000000100000001000000010000000100000001000000010000000100000001000000010000000100000001000000010000000100000001000000010000000100000001000000010000000100000001000000010000000100000001000000010000000100000001000000010000000100000001000000010000000100000001000000010000000100000001000000010000000100000001000000010000000100000001000000010000000100000001000000010000000100000001000000010000000100000001000000010000000100000001000000010000000100000001000000010000000100000001000000010000000100000001000000010000000100000001000000010000000100000001000000010000000100000001000000010000000100000001000000010000000100000001000000010000000100000001000000010000000100000001000000010000000100000001000000010000000100000001000000010000000100000001000000010000000100000001000000010000000100000001000000010000000100000001000000010000000100000001000000010000000100000001000000010000000100000001000000010000000100000001000000010000000100000001000000010000000100000001000000010000000100000001000000010000000100000001000000010000000100000001000000010000000100000001000000010000000100000001000000010000000100000001000000010000000100000001000000010000000100000001000000010000000100000001000000010000000100000001000000010000000100000001000000010000000100000001000000010000000100000000000000010000000100000001000000010000000100000001000000010000000100000001000000010000000100000001000000010000000100000001000000010000000100000001000000010000000100000001000000010000000100000001000000010000000100000001000000010000000100000001000000010000000100000001000000010000000100000001000000010000000100000001000000010000000100000001000000010000000100000001000000010000000100000001000000010000000100000001000000010000000100000001000000010000000100000001000000010000000100000001000000010000000100000001000000010000000100000001000000010000000100000001000000010000000100000001000000010000000100000001000000010000000100000001000000010000000100000001000000010000000100000001000000010000000100000001000000010000000100000001000000010000000100000001000000010000000100000001000000010000000100000001000000010000000100000001000000010000000100000001000000010000000100000001000000010000000100000001000000010000000100000001000000010000000100000001000000010000000100000001000000010000000100000001000000010000000100000001000000010000000100000001000000010000000100000001000000010000000100000001000000010000000100000001000000010000000100000001000000010000000100000001000000010000000100000001000000010000000100000001000000010000000100000001000000010000000100000001000000010000000100000001000000010000000100000001000000010000000100000001000000010000000100000001000000010000000100000001000000010000000100000001000000010000000100000001000000010000000100000001000000010000000100000001000000010000000100000001000000010000000100000001000000010000000100000001000000010000000100000001000000010000000100000001000000010000000100000001000000010000000100000001000000010000000100000001000000010000000100000001000000010000000100000001000000010000000100000001000000010000000100000001000000010000000100000001000000010000000100000001000000010000000100000001000000010000000100000001000000010000000100000001000000010000000100000001000000010000000100000001000000010000000100000001000000010000000100000001000000010000000100000001000000010000000100000001000000010000000100000001000000010000000100000001000000010000000100000001000000010000000100000001000000010000000100000001000000010000000100000001000000010000000100000001000000010000000100000001000000010000000100000001000000010000000100000001000000010000000100000001000000010000000100000001000000010000000100000001000000010000000100000001000000010000000100000001000000010000000100000001000000010000000100000001000000010000000100000001000000010000000100000001000000010000000100000001000000010000000100000001000000010000000100000001000000010000000100000001000000010000000100000001000000010000000100000001000000010000000100000001000000010000000100000001000000010000000100000001000000010000000100000001000000010000000100000001000000010000000100000001000000010000000100000001000000010000000100000001000000010000000100000001000000010000000100000001000000010000000100000001000000010000000100000001000000010000000100000001000000010000000100000001000000010000000100000001000000010000000100000001000000010000000100000001000000010000000100000001000000010000000100000001000000010000000100000001000000010000000100000001000000010000000100000001000000010000000100000001000000010000000100000001000000010000000100000001000000010000000100000001000000010000000100000001000000010000000100000001000000010000000100000001000000010000000100000001000000010000000100000001000000010000000100000001000000010000000100000001000000010000000100000001000000010000000100000001000000010000000100000001000000010000000100000001000000010000000100000001000000010000000100000001000000010000000100000001000000010000000100000001000000010000000100000001000000010000000100000001000000010000000100000001000000010000000100000001000000010000000100000001000000010000000100000001000000010000000100000001000000010000000100000001000000010000000100000001000000010000000100000001000000010000000100000001000000010000000100000001000000010000000100000001000000010000000100000001000000010000000100000001000000010000000100000001000000010000000100000001000000010000000100000001000000010000000100000001000000010000000100000001000000010000000100000001000000010000000100000001000000010000000100000001000000010000000100000001000000010000000100000001000000010000000100000001000000010000000100000001000000010000000100000001000000010000000100000001000000010000000100000001000000010000000100000001000000010000000100000001000000010000000100000001000000010000000100000001000000010000000100000001000000010000000100000001000000010000000100000001000000010000000100000001000000010000000100000001000000010000000100000001000000010000000100000001000000010000000100000001000000010000000100000001000000010000000100000001000000010000000100000001000000010000000100000001000000010000000100000001000000010000000100000001000000010000000100000001000000010000000100000001000000010000000100000001000000010000000100000001000000010000000100000001000000010000000100000001000000010000000100000001000000010000000100000001000000010000000100000001000000010000000100000001000000010000000100000001000000010000000100000001000000010000000100000001000000010000000100000001000000010000000100000001000000010000000100000001000000010000000100000001000000010000000100000001000000010000000100000001000000010000000100000001000000010000000100000001000000010000000100000001000000010000000100000001000000010000000100000001000000010000000100000001000000010000000100000001000000010000000100000001000000010000000100000001000000010000000100000001000000010000000100000001000000010000000100000001000000010000000100000001000000010000000100000001000000010000000100000001000000010000000100000001000000010000000100000001000000010000000100000001000000010000000100000001000000010000000100000001000000010000000100000001000000010000000100000001000000010000000100000001000000010000000100000001000000010000000100000001000000010000000100000001000000010000000100000001000000010000000100000001000000010000000100000001000000010000000100000001000000010000000100000001000000010000000100000001000000010000000100000001000000010000000100000001000000010000000100000001000000010000000100000001000000010000000100000001000000010000000100000001000000010000000100000001000000010000000100000001000000010000000100000001000000010000000100000001000000010000000100000001000000010000000100000001000000010000000100000001000000010000000100000001000000010000000100000001000000010000000100000001000000010000000100000001000000010000000100000001000000010000000100000001000000010000000100000001000000010000000100000001000000010000000100000001000000010000000100000001000000010000000100000001000000010000000100000001000000010000000100000001000000010000000100000001000000010000000100000001000000010000000100000001000000010000000100000001000000010000000100000001000000010000000100000001000000010000000100000001000000010000000100000001000000010000000100000001000000010000000100000001000000010000000100000001000000010000000100000001000000010000000100000001000000010000000100000001000000010000000100000001000000010000000100000001000000010000000100000001000000010000000100000001000000010000000100000001000000010000000100000001000000010000000100000001000000010000000100000001000000010000000100000001000000010000000100000001000000010000000100000001000000010000000100000001000000010000000100000001000000010000000100000001000000010000000100000001000000010000000100000001000000010000000100000001000000010000000100000001000000010000000100000001000000010000000100000001000000010000000100000001000000010000000100000001000000010000000100000001000000010000000100000001000000010000000100000001000000010000000100000001000000010000000100000001000000010000000100000001000000010000000100000001000000010000000100000001000000010000000100000001000000010000000100000001000000010000000100000001000000010000000100000001000000010000000100000001000000010000000100000001000000010000000100000001000000010000000100000001000000010000000100000001000000010000000100000001000000010000000100000001000000010000000100000001000000010000000100000001000000010000000100000001000000010000000100000001000000010000000100000001000000010000000100000001000000010000000100000001000000010000000100000001000000010000000100000001000000010000000100000001000000010000000100000001000000010000000100000001000000010000000100000001000000010000000100000001000000010000000100000001000000010000000100000001000000010000000100000001000000010000000100000001000000010000000100000001000000010000000100000001000000010000000100000001000000010000000100000001000000010000000100000001000000010000000100000001000000010000000100000001000000010000000100000001000000010000000100000001000000010000000100000001000000010000000100000001000000010000000100000001000000010000000100000001000000010000000100000001000000010000000100000001000000010000000100000001000000010000000100000001000000010000000100000001000000010000000100000001000000010000000100000001000000010000000100000001000000010000000100000001000000010000000100000001000000010000000100000001000000010000000100000001000000010000000100000001000000010000000100000001000000010000000100000001000000010000000100000001000000010000000100000001000000010000000100000001000000010000000100000001000000010000000100000001000000000000000100000001000000010000000100000001000000010000000100000001000000010000000100000001000000010000000100000001000000010000000100000001000000010000000100000001000000010000000100000001000000010000000100000001000000010000000100000001000000010000000100000001000000010000000100000001000000010000000100000001000000010000000100000001000000010000000100000001000000010000000100000001000000010000000100000001000000010000000100000001000000010000000100000001000000010000000100000001000000010000000100000001000000010000000100000001000000010000000100000001000000010000000100000001000000010000000100000001000000010000000100000001000000010000000100000001000000010000000100000001000000010000000100000001000000010000000100000001000000010000000100000001000000010000000100000001000000010000000100000001000000010000000100000001000000010000000100000001000000010000000100000001000000010000000100000001000000010000000100000001000000010000000100000001000000010000000100000001000000010000000100000001000000010000000100000001000000010000000100000001000000010000000100000001000000010000000100000001000000010000000100000001000000010000000100000001000000010000000100000001000000010000000100000001000000010000000100000001000000010000000100000001000000010000000100000001000000010000000100000001000000010000000100000001000000010000000100000001000000010000000100000001000000010000000100000001000000010000000100000001000000010000000100000001000000010000000100000001000000010000000100000001000000010000000100000001000000010000000100000001000000010000000100000001000000010000000100000001000000010000000100000001000000010000000100000001000000010000000100000001000000010000000100000001000000010000000100000001000000010000000100000001000000010000000100000001000000010000000100000001000000010000000100000001000000010000000100000001000000010000000100000001000000010000000100000001000000010000000100000001000000010000000100000001000000010000000100000001000000010000000100000001000000010000000100000001000000010000000100000001000000010000000100000001000000010000000100000001000000010000000100000001000000010000000100000001000000010000000100000001000000010000000100000001000000010000000100000001000000010000000100000001000000010000000100000001000000010000000100000001000000010000000100000001000000010000000100000001000000010000000100000001000000010000000100000001000000010000000100000001000000010000000100000001000000010000000100000001000000010000000100000001000000010000000100000001000000010000000100000001000000010000000100000001000000010000000100000001000000010000000100000001000000010000000100000001000000010000000100000001000000010000000100000001000000010000000100000001000000010000000100000001000000010000000100000001000000010000000100000001000000010000000100000001000000010000000100000001000000010000000100000001000000010000000100000001000000010000000100000001000000010000000100000001000000010000000100000001000000010000000100000001000000010000000100000001000000010000000100000001000000010000000100000001000000010000000100000001000000010000000100000001000000010000000100000001000000010000000100000001000000010000000100000001000000010000000100000001000000010000000100000001000000010000000100000001000000010000000100000001000000010000000100000001000000010000000100000001000000010000000100000001000000010000000100000001000000010000000100000001000000010000000100000001000000010000000100000001000000010000000100000001000000010000000100000001000000010000000100000001000000010000000100000001000000010000000100000001000000010000000100000001000000010000000100000001000000010000000100000001000000010000000100000001000000010000000100000001000000010000000100000001000000010000000100000001000000010000000100000001000000010000000100000001000000010000000100000001000000010000000100000001000000010000000100000001000000010000000100000001000000010000000100000001000000010000000100000001000000010000000100000001000000010000000100000001000000010000000100000001000000010000000100000001000000010000000100000001000000010000000100000001000000010000000100000001000000010000000100000001000000010000000100000001000000010000000100000001000000010000000100000001000000010000000100000001000000010000000100000001000000010000000100000001000000010000000100000001000000010000000100000001000000010000000100000001000000010000000100000001000000010000000100000001000000010000000100000001000000010000000100000001000000010000000100000001000000010000000100000001000000010000000100000001000000010000000100000001000000010000000100000001000000010000000100000001000000010000000100000001000000010000000100000001000000010000000100000001000000010000000100000001000000010000000100000001000000010000000100000001000000010000000100000001000000010000000100000001000000010000000100000001000000010000000100000001000000010000000100000001000000010000000100000001000000010000000100000001000000010000000100000001000000010000000100000001000000010000000100000001000000010000000100000001000000010000000100000001000000010000000100000001000000010000000100000001000000010000000100000001000000010000000100000001000000010000000100000001000000010000000100000001000000010000000100000001000000010000000100000001000000010000000100000001000000010000000100000001000000010000000100000001000000010000000100000001000000010000000100000001000000010000000100000001000000010000000100000001000000010000000100000001000000010000000100000001000000010000000100000001000000010000000100000001000000010000000100000001000000010000000100000001000000010000000100000001000000010000000100000001000000010000000100000001000000010000000100000001000000010000000100000001000000010000000100000001000000010000000100000001000000010000000100000001000000010000000100000001000000010000000100000001000000010000000100000001000000010000000100000001000000010000000100000001000000010000000100000001000000010000000100000001000000010000000100000001000000010000000100000001000000010000000100000001000000010000000100000001000000010000000100000001000000010000000100000001000000010000000100000001000000010000000100000001000000010000000100000001000000010000000100000001000000010000000100000001000000010000000100000001000000010000000100000001000000010000000100000001000000010000000100000001000000010000000100000001000000010000000100000001000000010000000100000001000000010000000100000001000000010000000100000001000000010000000100000001000000010000000100000001000000010000000100000001000000010000000100000001000000010000000100000001000000010000000100000001000000010000000100000001000000010000000100000001000000010000000100000001000000010000000100000001000000010000000100000001000000010000000100000001000000010000000100000001000000010000000100000001000000010000000100000001000000010000000100000001000000010000000100000001000000010000000100000001000000010000000100000001000000010000000100000001000000010000000100000001000000010000000100000001000000010000000100000001000000010000000100000001000000010000000100000001000000010000000100000001000000010000000100000001000000010000000100000001000000010000000100000001000000010000000100000001000000010000000100000001000000010000000100000001000000010000000100000001000000010000000100000001000000010000000100000001000000010000000100000001000000010000000100000001000000010000000100000001000000010000000100000001000000010000000100000001000000010000000100000001000000010000000100000001000000010000000100000001000000010000000100000001000000010000000100000001000000010000000100000001000000010000000100000001000000010000000100000001000000010000000100000001000000010000000100000001000000010000000100000001000000010000000100000001000000010000000100000001000000010000000100000001000000010000000100000001000000010000000100000001000000010000000100000001000000010000000100000001000000010000000100000001000000010000000100000001000000010000000100000001000000010000000100000001000000010000000100000001000000010000000100000001000000010000000100000001000000010000000100000001000000010000000100000001000000010000000100000001000000010000000100000001000000010000000100000001000000010000000100000001000000010000000100000001000000010000000100000001000000010000000100000001000000010000000100000001000000010000000100000001000000010000000100000001000000010000000100000001000000010000000100000001000000010000000100000001000000010000000100000001000000010000000100000001000000010000000100000001000000010000000100000001000000010000000100000001000000010000000100000001000000010000000100000001000000010000000100000001000000010000000100000001000000010000000100000001000000010000000100000001000000010000000100000001000000010000000100000001000000010000000100000001000000010000000100000001000000010000000100000001000000010000000100000001000000010000000100000001000000010000000100000001000000010000000100000001000000010000000100000001000000010000000100000001000000010000000100000001000000010000000100000001000000010000000100000001000000010000000100000001000000010000000100000001000000010000000100000001000000010000000100000001000000010000000100000001000000010000000100000001000000010000000100000001000000010000000100000001000000010000000100000001000000010000000100000001000000010000000100000001000000010000000100000001000000010000000100000001000000010000000100000001000000010000000100000001000000010000000000000001000000010000000100000001000000010000000100000001000000010000000100000001000000010000000100000001000000010000000100000001000000010000000100000001000000010000000100000001000000010000000100000001000000010000000100000001000000010000000100000001000000010000000100000001000000010000000100000001000000010000000100000001000000010000000100000001000000010000000100000001000000010000000100000001000000010000000100000001000000010000000100000001000000010000000100000001000000010000000100000001000000010000000100000001000000010000000100000001000000010000000100000001000000010000000100000001000000010000000100000001000000010000000100000001000000010000000100000001000000010000000100000001000000010000000100000001000000010000000100000001000000010000000100000001000000010000000100000001000000010000000100000001000000010000000100000001000000010000000100000001000000010000000100000001000000010000000100000001000000010000000100000001000000010000000100000001000000010000000100000001000000010000000100000001000000010000000100000001000000010000000100000001000000010000000100000001000000010000000100000001000000010000000100000001000000010000000100000001000000010000000100000001000000010000000100000001000000010000000100000001000000010000000100000001000000010000000100000001000000010000000100000001000000010000000100000001000000010000000100000001000000010000000100000001000000010000000100000001000000010000000100000001000000010000000100000001000000010000000100000001000000010000000100000001000000010000000100000001000000010000000100000001000000010000000100000001000000010000000100000001000000010000000100000001000000010000000100000001000000010000000100000001000000010000000100000001000000010000000100000001000000010000000100000001000000010000000100000001000000010000000100000001000000010000000100000001000000010000000100000001000000010000000100000001000000010000000100000001000000010000000100000001000000010000000100000001000000010000000100000001000000010000000100000001000000010000000100000001000000010000000100000001000000010000000100000001000000010000000100000001000000010000000100000001000000010000000100000001000000010000000100000001000000010000000100000001000000010000000100000001000000010000000100000001000000010000000100000001000000010000000100000001000000010000000100000001000000010000000100000001000000010000000100000001000000010000000100000001000000010000000100000001000000010000000100000001000000010000000100000001000000010000000100000001000000010000000100000001000000010000000100000001000000010000000100000001000000010000000100000001000000010000000100000001000000010000000100000001000000010000000100000001000000010000000100000001000000010000000100000001000000010000000100000001000000010000000100000001000000010000000100000001000000010000000100000001000000010000000100000001000000010000000100000001000000010000000100000001000000010000000100000001000000010000000100000001000000010000000100000001000000010000000100000001000000010000000100000001000000010000000100000001000000010000000100000001000000010000000100000001000000010000000100000001000000010000000100000001000000010000000100000001000000010000000100000001000000010000000100000001000000010000000100000001000000010000000100000001000000010000000100000001000000010000000100000001000000010000000100000001000000010000000100000001000000010000000100000001000000010000000100000001000000010000000100000001000000010000000100000001000000010000000100000001000000010000000100000001000000010000000100000001000000010000000100000001000000010000000100000001000000010000000100000001000000010000000100000001000000010000000100000001000000010000000100000001000000010000000100000001000000010000000100000001000000010000000100000001000000010000000100000001000000010000000100000001000000010000000100000001000000010000000100000001000000010000000100000001000000010000000100000001000000010000000100000001000000010000000100000001000000010000000100000001000000010000000100000001000000010000000100000001000000010000000100000001000000010000000100000001000000010000000100000001000000010000000100000001000000010000000100000001000000010000000100000001000000010000000100000001000000010000000100000001000000010000000100000001000000010000000100000001000000010000000100000001000000010000000100000001000000010000000100000001000000010000000100000001000000010000000100000001000000010000000100000001000000010000000100000001000000010000000100000001000000010000000100000001000000010000000100000001000000010000000100000001000000010000000100000001000000010000000100000001000000010000000100000001000000010000000100000001000000010000000100000001000000010000000100000001000000010000000100000001000000010000000100000001000000010000000100000001000000010000000100000001000000010000000100000001000000010000000100000001000000010000000100000001000000010000000100000001000000010000000100000001000000010000000100000001000000010000000100000001000000010000000100000001000000010000000100000001000000010000000100000001000000010000000100000001000000010000000100000001000000010000000100000001000000010000000100000001000000010000000100000001000000010000000100000001000000010000000100000001000000010000000100000001000000010000000100000001000000010000000100000001000000010000000100000001000000010000000100000001000000010000000100000001000000010000000100000001000000010000000100000001000000010000000100000001000000010000000100000001000000010000000100000001000000010000000100000001000000010000000100000001000000010000000100000001000000010000000100000001000000010000000100000001000000010000000100000001000000010000000100000001000000010000000100000001000000010000000100000001000000010000000100000001000000010000000100000001000000010000000100000001000000010000000100000001000000010000000100000001000000010000000100000001000000010000000100000001000000010000000100000001000000010000000100000001000000010000000100000001000000010000000100000001000000010000000100000001000000010000000100000001000000010000000100000001000000010000000100000001000000010000000100000001000000010000000100000001000000010000000100000001000000010000000100000001000000010000000100000001000000010000000100000001000000010000000100000001000000010000000100000001000000010000000100000001000000010000000100000001000000010000000100000001000000010000000100000001000000010000000100000001000000010000000100000001000000010000000100000001000000010000000100000001000000010000000100000001000000010000000100000001000000010000000100000001000000010000000100000001000000010000000100000001000000010000000100000001000000010000000100000001000000010000000100000001000000010000000100000001000000010000000100000001000000010000000100000001000000010000000100000001000000010000000100000001000000010000000100000001000000010000000100000001000000010000000100000001000000010000000100000001000000010000000100000001000000010000000100000001000000010000000100000001000000010000000100000001000000010000000100000001000000010000000100000001000000010000000100000001000000010000000100000001000000010000000100000001000000010000000100000001000000010000000100000001000000010000000100000001000000010000000100000001000000010000000100000001000000010000000100000001000000010000000100000001000000010000000100000001000000010000000100000001000000010000000100000001000000010000000100000001000000010000000100000001000000010000000100000001000000010000000100000001000000010000000100000001000000010000000100000001000000010000000100000001000000010000000100000001000000010000000100000001000000010000000100000001000000010000000100000001000000010000000100000001000000010000000100000001000000010000000100000001000000010000000100000001000000010000000100000001000000010000000100000001000000010000000100000001000000010000000100000001000000010000000100000001000000010000000100000001000000010000000100000001000000010000000100000001000000010000000100000001000000010000000100000001000000010000000100000001000000010000000100000001000000010000000100000001000000010000000100000001000000010000000100000001000000010000000100000001000000010000000100000001000000010000000100000001000000010000000100000001000000010000000100000001000000010000000100000001000000010000000100000001000000010000000100000001000000010000000100000001000000010000000100000001000000010000000100000001000000010000000100000001000000010000000100000001000000010000000100000001000000010000000100000001000000010000000100000001000000010000000100000001000000010000000100000001000000010000000100000001000000010000000100000001000000010000000100000001000000010000000100000001000000010000000100000001000000010000000100000001000000010000000100000001000000010000000100000001000000010000000100000001000000010000000100000001000000010000000100000001000000010000000100000001000000010000000100000001000000010000000100000001000000010000000100000001000000010000000100000001000000010000000100000001000000010000000100000001000000010000000100000001000000010000000100000001000000010000000100000001000000010000000100000001000000010000000100000001000000010000000100000001000000010000000100000001000000010000000100000001000000010000000100000001000000010000000100000001000000010000000100000001000000010000000100000001000000010000000100000001000000010000000100000001000000010000000100000001000000010000000100000001000000010000000100000000
Please input the Div(to separate lower-level and higher-level):
